2025-02-25 13:46:43,194	[DEBUG]	==== CONFIG ====
[magpie]
import = 
seed = 6359614893858527
log_dir = _magpie_logs
work_dir = _magpie_work
local_original_copy = True
local_original_name = __original__
output_encoding = ascii
edit_retries = 10
default_timeout = 30
default_lengthout = 10000.0
diff_method = unified
trust_local_filesystem = True

[magpie.log]
color_output = True
format_info = {counter:<7} {status:<20} {best}{fitness} ({ratio}) [{size}] {cached} {log}
format_debug = patch({counter})="{patch}"{diffifbest}
format_fitness = {:.2f}
format_ratio = {:.2%%}
format_patchif = 
	 --> {patch}
format_diffif = 
	{diff}

[software]
path = dataset/magpie_dataset/train/0001
target_files = 
	source.cpp
software = BasicSoftware
model_rules = 
	*.params : ParamFileConfigModel
	*.xml : SrcmlModel
	* : LineModel
model_config = 
	*.params : [paramconfig]
	*.xml : [srcml]
init_cmd = 
init_timeout = 60
init_lengthout = -1
setup_cmd = bash setup.sh
setup_timeout = 
setup_lengthout = 
compile_cmd = bash compile.sh
compile_timeout = 
compile_lengthout = 
test_cmd = bash test.sh
test_timeout = 
test_lengthout = 
run_cmd = bash run.sh
run_timeout = 3
run_lengthout = 
batch_timeout = 
batch_lengthout = 
batch_bin_fitness_strategy = aggregate
batch_fitness_strategy = sum
fitness = time

[srcml]
rename = 
	stmt: break continue decl_stmt do expr_stmt for goto if return switch while
	number: literal_number
focus = block stmt operator_comp operator_arith number
internodes = block
process_pseudo_blocks = True
process_literals = True
process_operators = True

[paramconfig]
timing = test run
cli_prefix = --
cli_glue = =
cli_boolean = show
cli_boolean_prefix_true = 
cli_boolean_prefix_false = no-
cli_none = hide
silent_prefix = @
silent_suffix = $

[search]
protocol = BasicProtocol
algorithm = GeneticProgrammingLLM
possible_edits = 
	LineLLMMutation
	LineLLMCrossover
	LineDeletion
	LineInsertion
	LineReplacement
llm_prob = 1.0
warmup = 5
warmup_strategy = last
max_steps = 50
max_time = 20000
target_fitness = 
cache_maxsize = 100
cache_keep = 0.2
batch_instances = 
batch_shuffle = True
batch_bin_shuffle = False
batch_sample_size = 1

[search.ls]
delete_prob = 0.5
max_neighbours = 
when_trapped = continue
accept_fail = False
tabu_length = 10

[search.gp]
pop_size = 10
delete_prob = 0.0
offspring_elitism = 0.2
offspring_crossover = 0.4
offspring_mutation = 0.4
uniform_rate = 0.5
batch_reset = True
llm_type = baseline

[search.minify]
do_cleanup = True
do_rebuild = True
do_simplify = True
round_robin_limit = 3


2025-02-25 13:46:43,194	[DEBUG]	
2025-02-25 13:46:43,194	[INFO]	==== SEARCH: GeneticProgrammingLLM ====
2025-02-25 13:46:43,194	[INFO]	~~~~ WARMUP ~~~~
2025-02-25 13:46:44,158	[DEBUG]	EXEC>  SUCCESS 3099335.5
2025-02-25 13:46:44,158	[INFO]	WARM    SUCCESS               3099335.50 (--) [0 edit(s)]  
2025-02-25 13:46:44,670	[DEBUG]	EXEC>  SUCCESS 3099336.0
2025-02-25 13:46:44,670	[INFO]	WARM    SUCCESS               3099336.00 (--) [0 edit(s)]  
2025-02-25 13:46:45,201	[DEBUG]	EXEC>  SUCCESS 3099247.0
2025-02-25 13:46:45,201	[INFO]	WARM    SUCCESS               3099247.00 (--) [0 edit(s)]  
2025-02-25 13:46:45,715	[DEBUG]	EXEC>  SUCCESS 3099245.5
2025-02-25 13:46:45,715	[INFO]	WARM    SUCCESS               3099245.50 (--) [0 edit(s)]  
2025-02-25 13:46:46,239	[DEBUG]	EXEC>  SUCCESS 3099155.5
2025-02-25 13:46:46,239	[INFO]	WARM    SUCCESS               3099155.50 (--) [0 edit(s)]  
2025-02-25 13:46:46,239	[INFO]	REF     SUCCESS               3099155.50 (--) [0 edit(s)]  
2025-02-25 13:46:46,239	[INFO]	
2025-02-25 13:46:46,239	[INFO]	~~~~ START ~~~~
2025-02-25 13:47:15,320	[DEBUG]	EXEC>  SUCCESS 3099246.5
2025-02-25 13:47:15,320	[INFO]	0-1     SUCCESS              +3099246.50 (100.00%) [1 edit(s)]  
2025-02-25 13:47:15,321	[DEBUG]	patch(0-1)="LineLLMMutation(('source.cpp', 0), '#include <cstdio>\n\nvoid problemOne() {\n    int a, b;\n    while (scanf("%d %d", &a, &b) != EOF) {\n        int sum = a + b;\n        int intLength = 0;\n        while (sum != 0) {\n            sum /= 10;\n            intLength += 1;\n        }\n        printf("%d\\n", intLength);\n    }\n}\n\nint main() {\n    problemOne();\n}')"
2025-02-25 13:47:16,847	[DEBUG]	EXEC>  SUCCESS 3099335.5
2025-02-25 13:47:16,847	[INFO]	0-2     SUCCESS               3099335.50 (100.01%) [1 edit(s)]  
2025-02-25 13:47:16,847	[DEBUG]	patch(0-2)="LineLLMMutation(('source.cpp', 1), '#include <cstdio>\n#include <cmath>\n\nvoid problemOne() {\n    int a, b;\n    while (scanf("%d %d", &a, &b) != EOF) {\n        int sum = a + b;\n        int intLength = (sum == 0) ? 1 : static_cast<int>(log10(abs(sum)) + 1);\n        printf("%d\\n", intLength);\n    }\n}\n\nint main() {\n    problemOne();\n}')"
2025-02-25 13:47:18,369	[DEBUG]	EXEC>  SUCCESS 3099155.5
2025-02-25 13:47:18,369	[INFO]	0-3     SUCCESS              +3099155.50 (100.00%) [1 edit(s)]  
2025-02-25 13:47:18,370	[DEBUG]	patch(0-3)="LineLLMMutation(('source.cpp', 2), '#include <cstdio>\n\nvoid problemOne() {\n    int a, b;\n    while (scanf("%d %d", &a, &b) != EOF) {\n        int sum = a + b;\n        int intLength = 0;\n        int tempSum = sum;\n        while (tempSum != 0) {\n            tempSum /= 10;\n            intLength += 1;\n        }\n        printf("%d\\n", intLength);\n    }\n}\n\nint main() {\n    problemOne();\n}')"
2025-02-25 13:47:19,886	[DEBUG]	EXEC>  SUCCESS 3099156.5
2025-02-25 13:47:19,886	[INFO]	0-4     SUCCESS               3099156.50 (100.00%) [1 edit(s)]  
2025-02-25 13:47:19,886	[DEBUG]	patch(0-4)="LineLLMMutation(('source.cpp', 3), '#include <cstdio>\n\nvoid problemOne() {\n    int a, b;\n    while (scanf("%d %d", &a, &b) != EOF) {\n        int sum = a + b;\n        if (sum == 0) {\n            printf("1\\n");\n            continue;\n        }\n        int intLength = 0;\n        while (sum != 0) {\n            sum /= 10;\n            intLength += 1;\n        }\n        printf("%d\\n", intLength);\n    }\n}\n\nint main() {\n    problemOne();\n}')"
2025-02-25 13:47:21,425	[DEBUG]	EXEC>  SUCCESS 3099245.0
2025-02-25 13:47:21,425	[INFO]	0-5     SUCCESS               3099245.00 (100.00%) [1 edit(s)]  
2025-02-25 13:47:21,425	[DEBUG]	patch(0-5)="LineLLMMutation(('source.cpp', 4), '#include <cstdio>\n\nvoid problemOne() {\n    int a, b;\n    while (scanf("%d %d", &a, &b) != EOF) {\n        int sum = a + b;\n        int intLength = (sum == 0) ? 1 : 0;\n        while (sum != 0) {\n            sum /= 10;\n            intLength += 1;\n        }\n        printf("%d\\n", intLength);\n    }\n}\n\nint main() {\n    problemOne();\n}')"
2025-02-25 13:47:22,971	[DEBUG]	EXEC>  SUCCESS 3099246.0
2025-02-25 13:47:22,972	[INFO]	0-6     SUCCESS               3099246.00 (100.00%) [1 edit(s)]  
2025-02-25 13:47:22,972	[DEBUG]	patch(0-6)="LineLLMMutation(('source.cpp', 5), '#include <cstdio>\n#include <cmath>\n\nvoid problemOne() {\n    int a, b;\n    while (scanf("%d %d", &a, &b) != EOF) {\n        int sum = a + b;\n        int intLength = sum == 0 ? 1 : static_cast<int>(floor(log10(abs(sum))) + 1);\n        printf("%d\\n", intLength);\n    }\n}\n\nint main() {\n    problemOne();\n}')"
2025-02-25 13:47:24,505	[DEBUG]	EXEC>  SUCCESS 3099155.5
2025-02-25 13:47:24,505	[INFO]	0-7     SUCCESS               3099155.50 (100.00%) [1 edit(s)]  
2025-02-25 13:47:24,505	[DEBUG]	patch(0-7)="LineLLMMutation(('source.cpp', 6), '#include <cstdio>\n#include <cmath>\n\nvoid problemOne() {\n    int a, b;\n    while (scanf("%d %d", &a, &b) != EOF) {\n        int sum = a + b;\n        int intLength = (sum == 0) ? 1 : static_cast<int>(log10(abs(sum)) + 1);\n        printf("%d\\n", intLength);\n    }\n}\n\nint main() {\n    problemOne();\n}')"
2025-02-25 13:47:26,033	[DEBUG]	EXEC>  SUCCESS 3099155.5
2025-02-25 13:47:26,034	[INFO]	0-8     SUCCESS               3099155.50 (100.00%) [1 edit(s)]  
2025-02-25 13:47:26,034	[DEBUG]	patch(0-8)="LineLLMMutation(('source.cpp', 7), '#include <cstdio>\n#include <cmath>\n\nvoid problemOne() {\n    int a, b;\n    while (scanf("%d %d", &a, &b) != EOF) {\n        int sum = a + b;\n        int intLength = (sum == 0) ? 1 : static_cast<int>(log10(sum < 0 ? -sum : sum) + 1);\n        printf("%d\\n", intLength);\n    }\n}\n\nint main() {\n    problemOne();\n}')"
2025-02-25 13:47:27,562	[DEBUG]	EXEC>  SUCCESS 3099336.5
2025-02-25 13:47:27,562	[INFO]	0-9     SUCCESS               3099336.50 (100.01%) [1 edit(s)]  
2025-02-25 13:47:27,562	[DEBUG]	patch(0-9)="LineLLMMutation(('source.cpp', 8), '#include <cstdio>\n#include <cmath>\n\nvoid problemOne() {\n    int a, b;\n    while (scanf("%d %d", &a, &b) != EOF) {\n        int sum = a + b;\n        int intLength = (sum == 0) ? 1 : static_cast<int>(log10(sum < 0 ? -sum : sum) + 1);\n        printf("%d\\n", intLength);\n    }\n}\n\nint main() {\n    problemOne();\n}')"
2025-02-25 13:47:29,087	[DEBUG]	EXEC>  SUCCESS 3099245.5
2025-02-25 13:47:29,087	[INFO]	0-10    SUCCESS               3099245.50 (100.00%) [1 edit(s)]  
2025-02-25 13:47:29,087	[DEBUG]	patch(0-10)="LineLLMMutation(('source.cpp', 9), '#include <cstdio>\n#include <string>\n\nvoid problemOne() {\n    int a, b;\n    while (scanf("%d %d", &a, &b) != EOF) {\n        int sum = a + b;\n        std::string sumStr = std::to_string(sum);\n        int intLength = sumStr.length();\n        printf("%d\\n", intLength);\n    }\n}\n\nint main() {\n    problemOne();\n}')"
2025-02-25 13:47:30,088	[INFO]	Step: 10
2025-02-25 13:47:30,088	[INFO]	Stop Steps: 50
2025-02-25 13:47:31,625	[DEBUG]	EXEC>  SUCCESS 3099336.5
2025-02-25 13:47:31,626	[INFO]	REF     SUCCESS               3099336.50 (--) [0 edit(s)]  
2025-02-25 13:47:31,626	[INFO]	Best patch step: None
2025-02-25 13:48:16,541	[INFO]	~~~~ END ~~~~
2025-02-25 13:48:16,542	[INFO]	Best patch step: None
