2025-02-25 13:33:45,084	[DEBUG]	==== CONFIG ====
[magpie]
import = 
seed = 828833836028457
log_dir = _magpie_logs
work_dir = _magpie_work
local_original_copy = True
local_original_name = __original__
output_encoding = ascii
edit_retries = 10
default_timeout = 30
default_lengthout = 10000.0
diff_method = unified
trust_local_filesystem = True

[magpie.log]
color_output = True
format_info = {counter:<7} {status:<20} {best}{fitness} ({ratio}) [{size}] {cached} {log}
format_debug = patch({counter})="{patch}"{diffifbest}
format_fitness = {:.2f}
format_ratio = {:.2%%}
format_patchif = 
	 --> {patch}
format_diffif = 
	{diff}

[software]
path = dataset/magpie_dataset/train/0001
target_files = 
	source.cpp
software = BasicSoftware
model_rules = 
	*.params : ParamFileConfigModel
	*.xml : SrcmlModel
	* : LineModel
model_config = 
	*.params : [paramconfig]
	*.xml : [srcml]
init_cmd = 
init_timeout = 60
init_lengthout = -1
setup_cmd = bash setup.sh
setup_timeout = 
setup_lengthout = 
compile_cmd = bash compile.sh
compile_timeout = 
compile_lengthout = 
test_cmd = bash test.sh
test_timeout = 
test_lengthout = 
run_cmd = bash run.sh
run_timeout = 3
run_lengthout = 
batch_timeout = 
batch_lengthout = 
batch_bin_fitness_strategy = aggregate
batch_fitness_strategy = sum
fitness = time

[srcml]
rename = 
	stmt: break continue decl_stmt do expr_stmt for goto if return switch while
	number: literal_number
focus = block stmt operator_comp operator_arith number
internodes = block
process_pseudo_blocks = True
process_literals = True
process_operators = True

[paramconfig]
timing = test run
cli_prefix = --
cli_glue = =
cli_boolean = show
cli_boolean_prefix_true = 
cli_boolean_prefix_false = no-
cli_none = hide
silent_prefix = @
silent_suffix = $

[search]
protocol = BasicProtocol
algorithm = GeneticProgrammingLLM
possible_edits = 
	LineLLMMutation
	LineLLMCrossover
	LineDeletion
	LineInsertion
	LineReplacement
llm_prob = 1.0
warmup = 5
warmup_strategy = last
max_steps = 50
max_time = 20000
target_fitness = 
cache_maxsize = 100
cache_keep = 0.2
batch_instances = 
batch_shuffle = True
batch_bin_shuffle = False
batch_sample_size = 1

[search.ls]
delete_prob = 0.5
max_neighbours = 
when_trapped = continue
accept_fail = False
tabu_length = 10

[search.gp]
pop_size = 10
delete_prob = 0.0
offspring_elitism = 0.2
offspring_crossover = 0.4
offspring_mutation = 0.4
uniform_rate = 0.5
batch_reset = True
llm_type = baseline

[search.minify]
do_cleanup = True
do_rebuild = True
do_simplify = True
round_robin_limit = 3


2025-02-25 13:33:45,084	[DEBUG]	
2025-02-25 13:33:45,084	[INFO]	==== SEARCH: GeneticProgrammingLLM ====
2025-02-25 13:33:45,084	[INFO]	~~~~ WARMUP ~~~~
2025-02-25 13:33:46,375	[DEBUG]	EXEC>  SUCCESS 3099156.5
2025-02-25 13:33:46,375	[INFO]	WARM    SUCCESS               3099156.50 (--) [0 edit(s)]  
2025-02-25 13:33:46,905	[DEBUG]	EXEC>  SUCCESS 3099157.0
2025-02-25 13:33:46,905	[INFO]	WARM    SUCCESS               3099157.00 (--) [0 edit(s)]  
2025-02-25 13:33:47,440	[DEBUG]	EXEC>  SUCCESS 3099245.5
2025-02-25 13:33:47,440	[INFO]	WARM    SUCCESS               3099245.50 (--) [0 edit(s)]  
2025-02-25 13:33:47,964	[DEBUG]	EXEC>  SUCCESS 3099157.0
2025-02-25 13:33:47,964	[INFO]	WARM    SUCCESS               3099157.00 (--) [0 edit(s)]  
2025-02-25 13:33:48,498	[DEBUG]	EXEC>  SUCCESS 3099156.0
2025-02-25 13:33:48,498	[INFO]	WARM    SUCCESS               3099156.00 (--) [0 edit(s)]  
2025-02-25 13:33:48,498	[INFO]	REF     SUCCESS               3099156.00 (--) [0 edit(s)]  
2025-02-25 13:33:48,498	[INFO]	
2025-02-25 13:33:48,498	[INFO]	~~~~ START ~~~~
2025-02-25 13:34:26,266	[DEBUG]	EXEC>  SUCCESS 3099154.5
2025-02-25 13:34:26,266	[INFO]	0-1     SUCCESS              *3099154.50 (100.00%) [1 edit(s)]  
2025-02-25 13:34:26,266	[DEBUG]	patch(0-1)="LineLLMMutation(('source.cpp', 0), '#include <cstdio>\n#include <sstream>\n\nusing namespace std;\n\nvoid problemOne() {\n    int a, b;\n    while (scanf("%d %d", &a, &b) == 2) {\n        int sum = a + b;\n        int intLength = 0;\n        while (sum != 0) {\n            sum /= 10;\n            intLength += 1;\n        }\n        printf("%d\\n", intLength);\n    }\n}\n\nint main() {\n    problemOne();\n}')"

2025-02-25 13:34:27,795	[DEBUG]	EXEC>  SUCCESS 3099246.0
2025-02-25 13:34:27,795	[INFO]	0-2     SUCCESS               3099246.00 (100.00%) [1 edit(s)]  
2025-02-25 13:34:27,795	[DEBUG]	patch(0-2)="LineLLMMutation(('source.cpp', 1), '#include <cstdio>\n#include <cmath>\n\nusing namespace std;\n\nvoid problemOne() {\n    int a, b;\n    while (scanf("%d %d", &a, &b) == 2) {\n        int sum = a + b;\n        int intLength = (sum == 0) ? 1 : (int)log10(abs(sum)) + 1;\n        printf("%d\\n", intLength);\n    }\n}\n\nint main() {\n    problemOne();\n}')"
2025-02-25 13:34:29,320	[DEBUG]	EXEC>  SUCCESS 3099246.5
2025-02-25 13:34:29,321	[INFO]	0-3     SUCCESS               3099246.50 (100.00%) [1 edit(s)]  
2025-02-25 13:34:29,321	[DEBUG]	patch(0-3)="LineLLMMutation(('source.cpp', 2), '#include <cstdio>\n#include <cmath>\n\nusing namespace std;\n\nvoid problemOne() {\n    char buffer[100];\n    int a, b;\n    while (fgets(buffer, sizeof(buffer), stdin)) {\n        if (sscanf(buffer, "%d %d", &a, &b) != 2) break;\n        int sum = a + b;\n        int intLength = (sum == 0) ? 1 : (int)log10(abs(sum)) + 1;\n        printf("%d\\n", intLength);\n    }\n}\n\nint main() {\n    problemOne();\n}')"
2025-02-25 13:34:30,861	[DEBUG]	EXEC>  SUCCESS 3099246.5
2025-02-25 13:34:30,861	[INFO]	0-4     SUCCESS               3099246.50 (100.00%) [1 edit(s)]  
2025-02-25 13:34:30,862	[DEBUG]	patch(0-4)="LineLLMMutation(('source.cpp', 3), '#include <cstdio>\n#include <cmath>\n\nusing namespace std;\n\nint main() {\n    char buffer[100];\n    int a, b;\n    while (fgets(buffer, sizeof(buffer), stdin)) {\n        if (sscanf(buffer, "%d %d", &a, &b) != 2) break;\n        int sum = a + b;\n        int intLength = (sum == 0) ? 1 : (int)log10(abs(sum)) + 1;\n        printf("%d\\n", intLength);\n    }\n    return 0;\n}')"
2025-02-25 13:34:32,396	[DEBUG]	EXEC>  SUCCESS 3099156.0
2025-02-25 13:34:32,396	[INFO]	0-5     SUCCESS               3099156.00 (100.00%) [1 edit(s)]  
2025-02-25 13:34:32,396	[DEBUG]	patch(0-5)="LineLLMMutation(('source.cpp', 4), '#include <cstdio>\n\nusing namespace std;\n\nint main() {\n    char buffer[100];\n    int a, b;\n    while (fgets(buffer, sizeof(buffer), stdin)) {\n        if (sscanf(buffer, "%d %d", &a, &b) != 2) break;\n        int sum = a + b;\n        int intLength = 1;\n        if (sum != 0) {\n            sum = sum < 0 ? -sum : sum;\n            intLength = 0;\n            while (sum != 0) {\n                sum /= 10;\n                intLength++;\n            }\n        }\n        printf("%d\\n", intLength);\n    }\n    return 0;\n}')"
2025-02-25 13:34:33,932	[DEBUG]	EXEC>  SUCCESS 3099247.0
2025-02-25 13:34:33,933	[INFO]	0-6     SUCCESS               3099247.00 (100.00%) [1 edit(s)]  
2025-02-25 13:34:33,933	[DEBUG]	patch(0-6)="LineLLMMutation(('source.cpp', 5), '#include <cstdio>\n\nusing namespace std;\n\nint main() {\n    int a, b;\n    while (scanf("%d %d", &a, &b) == 2) {\n        int sum = a + b;\n        int intLength = 1;\n        if (sum != 0) {\n            sum = (sum < 0) ? -sum : sum;\n            intLength = 0;\n            do {\n                sum /= 10;\n                intLength++;\n            } while (sum != 0);\n        }\n        printf("%d\\n", intLength);\n    }\n    return 0;\n}')"
2025-02-25 13:34:35,469	[DEBUG]	EXEC>  SUCCESS 3099246.0
2025-02-25 13:34:35,469	[INFO]	0-7     SUCCESS               3099246.00 (100.00%) [1 edit(s)]  
2025-02-25 13:34:35,469	[DEBUG]	patch(0-7)="LineLLMMutation(('source.cpp', 6), '#include <cstdio>\n\nusing namespace std;\n\nint digitLength[] = {1, 1, 1, 1, 1, 1, 1, 1, 1, 1};\n\nint calculateLength(int sum) {\n    if (sum < 10 && sum >= 0) return digitLength[sum];\n    int length = 0;\n    sum = (sum < 0) ? -sum : sum;\n    while (sum != 0) {\n        sum /= 10;\n        length++;\n    }\n    return length;\n}\n\nint main() {\n    int a, b;\n    while (scanf("%d %d", &a, &b) == 2) {\n        int sum = a + b;\n        printf("%d\\n", calculateLength(sum));\n    }\n    return 0;\n}')"
2025-02-25 13:34:37,002	[DEBUG]	EXEC>  SUCCESS 3099156.5
2025-02-25 13:34:37,002	[INFO]	0-8     SUCCESS               3099156.50 (100.00%) [1 edit(s)]  
2025-02-25 13:34:37,003	[DEBUG]	patch(0-8)="LineLLMMutation(('source.cpp', 7), '#include <cstdio>\n\nusing namespace std;\n\nint main() {\n    int a, b;\n    while (scanf("%d %d", &a, &b) == 2) {\n        int sum = a + b;\n        int intLength = 1;\n        if (sum != 0) {\n            sum = sum < 0 ? -sum : sum;\n            intLength = 0;\n            do {\n                sum /= 10;\n                intLength++;\n            } while (sum != 0);\n        }\n        printf("%d\\n", intLength);\n    }\n    return 0;\n}')"
2025-02-25 13:34:38,537	[DEBUG]	EXEC>  SUCCESS 3099284.5
2025-02-25 13:34:38,537	[INFO]	0-9     SUCCESS               3099284.50 (100.00%) [1 edit(s)]  
2025-02-25 13:34:38,537	[DEBUG]	patch(0-9)="LineLLMMutation(('source.cpp', 8), '#include <cstdio>\n\nusing namespace std;\n\nint main() {\n    int a, b;\n    while (scanf("%d %d", &a, &b) == 2) {\n        int sum = a + b;\n        int intLength = 1;\n        if (sum != 0) {\n            sum = (sum ^ (sum >> 31)) - (sum >> 31); // Alternative to abs\n            intLength = 0;\n            do {\n                sum /= 10;\n                intLength++;\n            } while (sum != 0);\n        }\n        printf("%d\\n", intLength);\n    }\n    return 0;\n}')"
2025-02-25 13:34:40,158	[DEBUG]	EXEC>  SUCCESS 3099156.5
2025-02-25 13:34:40,158	[INFO]	0-10    SUCCESS               3099156.50 (100.00%) [1 edit(s)]  
2025-02-25 13:34:40,158	[DEBUG]	patch(0-10)="LineLLMMutation(('source.cpp', 9), '#include <cstdio>\n\nusing namespace std;\n\nint main() {\n    int a, b;\n    while (scanf("%d %d", &a, &b) == 2) {\n        int sum = a + b;\n        int intLength = 1;\n        if (sum != 0) {\n            sum = (sum < 0) ? -sum : sum;\n            intLength = 0;\n            do {\n                sum /= 10;\n                intLength++;\n            } while (sum != 0);\n        }\n        printf("%d\\n", intLength);\n    }\n    return 0;\n}')"
2025-02-25 13:34:41,158	[INFO]	Step: 10
2025-02-25 13:34:41,159	[INFO]	Stop Steps: 50
2025-02-25 13:34:42,691	[DEBUG]	EXEC>  SUCCESS 3099245.5
2025-02-25 13:34:42,691	[INFO]	REF     SUCCESS               3099245.50 (--) [0 edit(s)]  
2025-02-25 13:34:42,691	[INFO]	Best patch: 0
2025-02-25 13:34:43,216	[DEBUG]	EXEC>  SUCCESS 3099157.5
2025-02-25 13:34:43,216	[INFO]	BEST    SUCCESS              *3099157.50 (100.00%) [0 edit(s)]  
2025-02-25 13:34:43,216	[INFO]	Best patch step: 0
2025-02-25 13:35:18,148	[INFO]	~~~~ END ~~~~
2025-02-25 13:35:18,148	[INFO]	Best patch step: 0
