2025-02-25 14:02:37,260	[DEBUG]	==== CONFIG ====
[magpie]
import = 
seed = 5857562050735353
log_dir = _magpie_logs
work_dir = _magpie_work
local_original_copy = True
local_original_name = __original__
output_encoding = ascii
edit_retries = 10
default_timeout = 30
default_lengthout = 10000.0
diff_method = unified
trust_local_filesystem = True

[magpie.log]
color_output = True
format_info = {counter:<7} {status:<20} {best}{fitness} ({ratio}) [{size}] {cached} {log}
format_debug = patch({counter})="{patch}"{diffifbest}
format_fitness = {:.2f}
format_ratio = {:.2%%}
format_patchif = 
	 --> {patch}
format_diffif = 
	{diff}

[software]
path = dataset/magpie_dataset/train/0001
target_files = 
	source.cpp
software = BasicSoftware
model_rules = 
	*.params : ParamFileConfigModel
	*.xml : SrcmlModel
	* : LineModel
model_config = 
	*.params : [paramconfig]
	*.xml : [srcml]
init_cmd = 
init_timeout = 60
init_lengthout = -1
setup_cmd = bash setup.sh
setup_timeout = 
setup_lengthout = 
compile_cmd = bash compile.sh
compile_timeout = 
compile_lengthout = 
test_cmd = bash test.sh
test_timeout = 
test_lengthout = 
run_cmd = bash run.sh
run_timeout = 3
run_lengthout = 
batch_timeout = 
batch_lengthout = 
batch_bin_fitness_strategy = aggregate
batch_fitness_strategy = sum
fitness = time

[srcml]
rename = 
	stmt: break continue decl_stmt do expr_stmt for goto if return switch while
	number: literal_number
focus = block stmt operator_comp operator_arith number
internodes = block
process_pseudo_blocks = True
process_literals = True
process_operators = True

[paramconfig]
timing = test run
cli_prefix = --
cli_glue = =
cli_boolean = show
cli_boolean_prefix_true = 
cli_boolean_prefix_false = no-
cli_none = hide
silent_prefix = @
silent_suffix = $

[search]
protocol = BasicProtocol
algorithm = GeneticProgrammingLLM
possible_edits = 
	LineLLMMutation
	LineLLMCrossover
	LineDeletion
	LineInsertion
	LineReplacement
llm_prob = 1.0
warmup = 5
warmup_strategy = last
max_steps = 50
max_time = 20000
target_fitness = 
cache_maxsize = 100
cache_keep = 0.2
batch_instances = 
batch_shuffle = True
batch_bin_shuffle = False
batch_sample_size = 1

[search.ls]
delete_prob = 0.5
max_neighbours = 
when_trapped = continue
accept_fail = False
tabu_length = 10

[search.gp]
pop_size = 10
delete_prob = 0.0
offspring_elitism = 0.2
offspring_crossover = 0.4
offspring_mutation = 0.4
uniform_rate = 0.5
batch_reset = True
llm_type = baseline

[search.minify]
do_cleanup = True
do_rebuild = True
do_simplify = True
round_robin_limit = 3


2025-02-25 14:02:37,261	[DEBUG]	
2025-02-25 14:02:37,261	[INFO]	==== SEARCH: GeneticProgrammingLLM ====
2025-02-25 14:02:37,261	[INFO]	~~~~ WARMUP ~~~~
2025-02-25 14:02:38,226	[DEBUG]	EXEC>  SUCCESS 3099183.5
2025-02-25 14:02:38,226	[INFO]	WARM    SUCCESS               3099183.50 (--) [0 edit(s)]  
2025-02-25 14:02:38,754	[DEBUG]	EXEC>  SUCCESS 3099183.0
2025-02-25 14:02:38,754	[INFO]	WARM    SUCCESS               3099183.00 (--) [0 edit(s)]  
2025-02-25 14:02:39,287	[DEBUG]	EXEC>  SUCCESS 3099184.5
2025-02-25 14:02:39,287	[INFO]	WARM    SUCCESS               3099184.50 (--) [0 edit(s)]  
2025-02-25 14:02:39,805	[DEBUG]	EXEC>  SUCCESS 3099183.5
2025-02-25 14:02:39,805	[INFO]	WARM    SUCCESS               3099183.50 (--) [0 edit(s)]  
2025-02-25 14:02:40,343	[DEBUG]	EXEC>  SUCCESS 3099183.5
2025-02-25 14:02:40,344	[INFO]	WARM    SUCCESS               3099183.50 (--) [0 edit(s)]  
2025-02-25 14:02:40,344	[INFO]	REF     SUCCESS               3099183.50 (--) [0 edit(s)]  
2025-02-25 14:02:40,344	[INFO]	
2025-02-25 14:02:40,344	[INFO]	~~~~ START ~~~~
2025-02-25 14:02:49,697	[DEBUG]	EXEC>  SUCCESS 3099363.5
2025-02-25 14:02:49,698	[INFO]	0-1     SUCCESS              +3099363.50 (100.01%) [1 edit(s)]  
2025-02-25 14:02:49,698	[DEBUG]	patch(0-1)="LineLLMMutation(('source.cpp', 0), '#include <cstdio>\n#include <sstream>\nusing namespace std;\n\nvoid problemOne() {\n    int a, b;\n    while (scanf("%d%d", &a, &b) != EOF) {\n        int sum = a + b;\n        int intLength = 0;\n        while (sum != 0) {\n            sum /= 10;\n            intLength += 1;\n        }\n        printf("%d\\n", intLength);\n    }\n}\n\nint main() {\n    problemOne();\n}')"
2025-02-25 14:02:51,267	[DEBUG]	EXEC>  SUCCESS 3099184.0
2025-02-25 14:02:51,268	[INFO]	0-2     SUCCESS              +3099184.00 (100.00%) [1 edit(s)]  
2025-02-25 14:02:51,268	[DEBUG]	patch(0-2)="LineLLMMutation(('source.cpp', 1), '#include <iostream>\n#include <cmath>\nusing namespace std;\n\nvoid problemOne() {\n    int a, b;\n    while (cin >> a >> b) {\n        int sum = a + b;\n        int intLength = (sum == 0) ? 1 : (int)log10(sum) + 1;\n        cout << intLength << endl;\n    }\n}\n\nint main() {\n    problemOne();\n}')"
2025-02-25 14:02:52,798	[DEBUG]	EXEC>  SUCCESS 3099273.5
2025-02-25 14:02:52,798	[INFO]	0-3     SUCCESS               3099273.50 (100.00%) [1 edit(s)]  
2025-02-25 14:02:52,798	[DEBUG]	patch(0-3)="LineLLMMutation(('source.cpp', 2), '#include <iostream>\nusing namespace std;\n\nvoid problemOne() {\n    int a, b;\n    while (cin >> a >> b) {\n        int sum = a + b;\n        int intLength = 0;\n        do {\n            sum /= 10;\n            intLength++;\n        } while (sum != 0);\n        cout << intLength << endl;\n    }\n}\n\nint main() {\n    problemOne();\n}')"
2025-02-25 14:02:54,333	[DEBUG]	EXEC>  SUCCESS 3099183.0
2025-02-25 14:02:54,334	[INFO]	0-4     SUCCESS              *3099183.00 (100.00%) [1 edit(s)]  
2025-02-25 14:02:54,334	[DEBUG]	patch(0-4)="LineLLMMutation(('source.cpp', 3), '#include <cstdio>\n#include <cmath>\nusing namespace std;\n\nvoid problemOne() {\n    int a, b;\n    while (scanf("%d%d", &a, &b) != EOF) {\n        int sum = a + b;\n        int intLength = (sum == 0) ? 1 : (int)log10(sum) + 1;\n        printf("%d\\n", intLength);\n    }\n}\n\nint main() {\n    problemOne();\n}')"

2025-02-25 14:02:55,873	[DEBUG]	EXEC>  SUCCESS 3099184.0
2025-02-25 14:02:55,874	[INFO]	0-5     SUCCESS               3099184.00 (100.00%) [1 edit(s)]  
2025-02-25 14:02:55,874	[DEBUG]	patch(0-5)="LineLLMMutation(('source.cpp', 4), '#include <iostream>\n#include <cmath>\nusing namespace std;\n\nvoid problemOne() {\n    int a, b;\n    while (cin >> a >> b) {\n        int sum = a + b;\n        int intLength = (sum == 0) ? 1 : (int)log10(sum) + 1;\n        cout << intLength << endl;\n    }\n}\n\nint main() {\n    problemOne();\n}')"
2025-02-25 14:02:57,410	[DEBUG]	EXEC>  SUCCESS 3099280.0
2025-02-25 14:02:57,411	[INFO]	0-6     SUCCESS               3099280.00 (100.00%) [1 edit(s)]  
2025-02-25 14:02:57,411	[DEBUG]	patch(0-6)="LineLLMMutation(('source.cpp', 5), '#include <iostream>\n#include <cmath>\nusing namespace std;\n\nvoid problemOne() {\n    int a, b;\n    while (cin >> a >> b) {\n        int sum = a + b;\n        int intLength = (sum == 0) ? 1 : (int)log10(sum) + 1;\n        cout << intLength << endl;\n    }\n}\n\nint main() {\n    problemOne();\n}')"
2025-02-25 14:02:58,944	[DEBUG]	EXEC>  SUCCESS 3099183.0
2025-02-25 14:02:58,944	[INFO]	0-7     SUCCESS               3099183.00 (100.00%) [1 edit(s)]  
2025-02-25 14:02:58,945	[DEBUG]	patch(0-7)="LineLLMMutation(('source.cpp', 6), '#include <cstdio>\n#include <cmath>\nusing namespace std;\n\nvoid problemOne() {\n    int a, b;\n    while (scanf("%d%d", &a, &b) != EOF) {\n        int sum = a + b;\n        int intLength = (sum == 0) ? 1 : (int)log10(sum) + 1;\n        printf("%d\\n", intLength);\n    }\n}\n\nint main() {\n    problemOne();\n}')"
2025-02-25 14:03:00,467	[DEBUG]	EXEC>  SUCCESS 3099272.5
2025-02-25 14:03:00,468	[INFO]	0-8     SUCCESS               3099272.50 (100.00%) [1 edit(s)]  
2025-02-25 14:03:00,468	[DEBUG]	patch(0-8)="LineLLMMutation(('source.cpp', 7), '#include <cstdio>\n#include <cmath>\nusing namespace std;\n\nvoid problemOne() {\n    int a, b;\n    while (scanf("%d%d", &a, &b) != EOF) {\n        int sum = a + b;\n        int intLength = (sum == 0) ? 1 : (int)log10(sum) + 1;\n        printf("%d\\n", intLength);\n    }\n}\n\nint main() {\n    problemOne();\n}')"
2025-02-25 14:03:02,008	[DEBUG]	EXEC>  SUCCESS 3099274.0
2025-02-25 14:03:02,008	[INFO]	0-9     SUCCESS               3099274.00 (100.00%) [1 edit(s)]  
2025-02-25 14:03:02,008	[DEBUG]	patch(0-9)="LineLLMMutation(('source.cpp', 8), '#include <cstdio>\n#include <cmath>\nusing namespace std;\n\nvoid problemOne() {\n    int a, b;\n    while (scanf("%d%d", &a, &b) != EOF) {\n        int sum = a + b;\n        int intLength = (sum == 0) ? 1 : (int)log10(sum) + 1;\n        printf("%d\\n", intLength);\n    }\n}\n\nint main() {\n    problemOne();\n}')"
2025-02-25 14:03:03,535	[DEBUG]	EXEC>  SUCCESS 3099363.0
2025-02-25 14:03:03,535	[INFO]	0-10    SUCCESS               3099363.00 (100.01%) [1 edit(s)]  
2025-02-25 14:03:03,535	[DEBUG]	patch(0-10)="LineLLMMutation(('source.cpp', 9), '#include <cstdio>\n#include <cmath>\nusing namespace std;\n\nvoid problemOne() {\n    int a, b;\n    while (scanf("%d%d", &a, &b) != EOF) {\n        int sum = a + b;\n        int intLength = (sum == 0) ? 1 : (int)log10(sum) + 1;\n        printf("%d\\n", intLength);\n    }\n}\n\nint main() {\n    problemOne();\n}')"
2025-02-25 14:03:04,536	[INFO]	Step: 10
2025-02-25 14:03:04,536	[INFO]	Stop Steps: 50
2025-02-25 14:03:06,095	[DEBUG]	EXEC>  SUCCESS 3099182.5
2025-02-25 14:03:06,096	[INFO]	REF     SUCCESS               3099182.50 (--) [0 edit(s)]  
2025-02-25 14:03:06,096	[INFO]	Best patch: 3
2025-02-25 14:03:06,664	[DEBUG]	EXEC>  SUCCESS 3099274.0
2025-02-25 14:03:06,665	[INFO]	BEST    SUCCESS               3099274.00 (100.00%) [0 edit(s)]  
2025-02-25 14:03:06,665	[INFO]	Best patch step: 3
2025-02-25 14:03:19,137	[INFO]	~~~~ END ~~~~
2025-02-25 14:03:19,137	[INFO]	Best patch step: 3
