2025-02-25 13:52:38,676	[DEBUG]	==== CONFIG ====
[magpie]
import = 
seed = 4999377962844697
log_dir = _magpie_logs
work_dir = _magpie_work
local_original_copy = True
local_original_name = __original__
output_encoding = ascii
edit_retries = 10
default_timeout = 30
default_lengthout = 10000.0
diff_method = unified
trust_local_filesystem = True

[magpie.log]
color_output = True
format_info = {counter:<7} {status:<20} {best}{fitness} ({ratio}) [{size}] {cached} {log}
format_debug = patch({counter})="{patch}"{diffifbest}
format_fitness = {:.2f}
format_ratio = {:.2%%}
format_patchif = 
	 --> {patch}
format_diffif = 
	{diff}

[software]
path = dataset/magpie_dataset/train/0002
target_files = 
	source.cpp
software = BasicSoftware
model_rules = 
	*.params : ParamFileConfigModel
	*.xml : SrcmlModel
	* : LineModel
model_config = 
	*.params : [paramconfig]
	*.xml : [srcml]
init_cmd = 
init_timeout = 60
init_lengthout = -1
setup_cmd = bash setup.sh
setup_timeout = 
setup_lengthout = 
compile_cmd = bash compile.sh
compile_timeout = 
compile_lengthout = 
test_cmd = bash test.sh
test_timeout = 
test_lengthout = 
run_cmd = bash run.sh
run_timeout = 3
run_lengthout = 
batch_timeout = 
batch_lengthout = 
batch_bin_fitness_strategy = aggregate
batch_fitness_strategy = sum
fitness = time

[srcml]
rename = 
	stmt: break continue decl_stmt do expr_stmt for goto if return switch while
	number: literal_number
focus = block stmt operator_comp operator_arith number
internodes = block
process_pseudo_blocks = True
process_literals = True
process_operators = True

[paramconfig]
timing = test run
cli_prefix = --
cli_glue = =
cli_boolean = show
cli_boolean_prefix_true = 
cli_boolean_prefix_false = no-
cli_none = hide
silent_prefix = @
silent_suffix = $

[search]
protocol = BasicProtocol
algorithm = GeneticProgrammingLLM
possible_edits = 
	LineLLMMutation
	LineLLMCrossover
	LineDeletion
	LineInsertion
	LineReplacement
llm_prob = 1.0
warmup = 5
warmup_strategy = last
max_steps = 50
max_time = 20000
target_fitness = 
cache_maxsize = 100
cache_keep = 0.2
batch_instances = 
batch_shuffle = True
batch_bin_shuffle = False
batch_sample_size = 1

[search.ls]
delete_prob = 0.5
max_neighbours = 
when_trapped = continue
accept_fail = False
tabu_length = 10

[search.gp]
pop_size = 10
delete_prob = 0.0
offspring_elitism = 0.2
offspring_crossover = 0.4
offspring_mutation = 0.4
uniform_rate = 0.5
batch_reset = True
llm_type = baseline

[search.minify]
do_cleanup = True
do_rebuild = True
do_simplify = True
round_robin_limit = 3


2025-02-25 13:52:38,677	[DEBUG]	
2025-02-25 13:52:38,677	[INFO]	==== SEARCH: GeneticProgrammingLLM ====
2025-02-25 13:52:38,677	[INFO]	~~~~ WARMUP ~~~~
2025-02-25 13:52:39,835	[DEBUG]	EXEC>  SUCCESS 3095409.5
2025-02-25 13:52:39,835	[INFO]	WARM    SUCCESS               3095409.50 (--) [0 edit(s)]  
2025-02-25 13:52:40,514	[DEBUG]	EXEC>  SUCCESS 3095319.0
2025-02-25 13:52:40,514	[INFO]	WARM    SUCCESS               3095319.00 (--) [0 edit(s)]  
2025-02-25 13:52:41,189	[DEBUG]	EXEC>  SUCCESS 3095409.5
2025-02-25 13:52:41,189	[INFO]	WARM    SUCCESS               3095409.50 (--) [0 edit(s)]  
2025-02-25 13:52:41,871	[DEBUG]	EXEC>  SUCCESS 3095409.5
2025-02-25 13:52:41,871	[INFO]	WARM    SUCCESS               3095409.50 (--) [0 edit(s)]  
2025-02-25 13:52:42,567	[DEBUG]	EXEC>  SUCCESS 3095409.0
2025-02-25 13:52:42,567	[INFO]	WARM    SUCCESS               3095409.00 (--) [0 edit(s)]  
2025-02-25 13:52:42,567	[INFO]	REF     SUCCESS               3095409.00 (--) [0 edit(s)]  
2025-02-25 13:52:42,568	[INFO]	
2025-02-25 13:52:42,568	[INFO]	~~~~ START ~~~~
2025-02-25 13:53:21,983	[DEBUG]	EXEC>  SUCCESS 3095394.0
2025-02-25 13:53:21,983	[INFO]	0-1     SUCCESS              *3095394.00 (100.00%) [1 edit(s)]  
2025-02-25 13:53:21,983	[DEBUG]	patch(0-1)="LineLLMMutation(('source.cpp', 0), '#include <iostream>\n#include <cstdio>\n#include <algorithm>\n\nusing namespace std;\n\nint main() {\n    long long int num1, num2, gcd, res, lcm;\n    while (scanf("%lld%lld", &num1, &num2) != EOF) {\n        res = num1 * num2;\n        while (num2 != 0) {\n            long long int temp = num2;\n            num2 = num1 % num2;\n            num1 = temp;\n        }\n        gcd = num1;\n        lcm = res / gcd;\n        printf("%lld %lld\\n", gcd, lcm);\n    }\n    return 0;\n}')"

2025-02-25 13:53:23,659	[DEBUG]	EXEC>  SUCCESS 3095319.5
2025-02-25 13:53:23,659	[INFO]	0-2     SUCCESS              *3095319.50 (100.00%) [1 edit(s)]  
2025-02-25 13:53:23,659	[DEBUG]	patch(0-2)="LineLLMMutation(('source.cpp', 1), '#include <iostream>\n#include <cstdio>\n#include <algorithm>\n\nusing namespace std;\n\ninline long long int gcd(long long int a, long long int b) {\n    while (b != 0) {\n        long long int temp = b;\n        b = a % b;\n        a = temp;\n    }\n    return a;\n}\n\nint main() {\n    long long int num1, num2, gcd_val, lcm;\n    while (scanf("%lld%lld", &num1, &num2) != EOF) {\n        long long int res = num1 * num2;\n        gcd_val = gcd(num1, num2);\n        lcm = res / gcd_val;\n        printf("%lld %lld\\n", gcd_val, lcm);\n    }\n    return 0;\n}')"

2025-02-25 13:53:25,345	[DEBUG]	EXEC>  SUCCESS 3095402.5
2025-02-25 13:53:25,346	[INFO]	0-3     SUCCESS               3095402.50 (100.00%) [1 edit(s)]  
2025-02-25 13:53:25,346	[DEBUG]	patch(0-3)="LineLLMMutation(('source.cpp', 2), '#include <iostream>\n#include <cstdio>\n#include <algorithm>\n\nusing namespace std;\n\nint main() {\n    long long int num1, num2, gcd, res, lcm;\n    while (scanf("%lld%lld", &num1, &num2) != EOF) {\n        res = num1 * num2;\n        gcd = __gcd(num1, num2);\n        lcm = res / gcd;\n        printf("%lld %lld\\n", gcd, lcm);\n    }\n    return 0;\n}')"
2025-02-25 13:53:27,025	[DEBUG]	EXEC>  SUCCESS 3095304.0
2025-02-25 13:53:27,025	[INFO]	0-4     SUCCESS              *3095304.00 (100.00%) [1 edit(s)]  
2025-02-25 13:53:27,025	[DEBUG]	patch(0-4)="LineLLMMutation(('source.cpp', 3), '#include <iostream>\n#include <cstdio>\n#include <algorithm>\n\nint main() {\n    long long int num1, num2, gcd, res, lcm;\n    while (scanf("%lld%lld", &num1, &num2) != EOF) {\n        res = num1 * num2;\n        while (num2 != 0) {\n            long long int temp = num2;\n            num2 = num1 % num2;\n            num1 = temp;\n        }\n        gcd = num1;\n        lcm = res / gcd;\n        printf("%lld %lld\\n", gcd, lcm);\n    }\n    return 0;\n}')"

2025-02-25 13:53:28,706	[DEBUG]	EXEC>  SUCCESS 3095394.5
2025-02-25 13:53:28,706	[INFO]	0-5     SUCCESS               3095394.50 (100.00%) [1 edit(s)]  
2025-02-25 13:53:28,706	[DEBUG]	patch(0-5)="LineLLMMutation(('source.cpp', 4), '#include <iostream>\n#include <cstdio>\n#include <algorithm>\n\nusing namespace std;\n\nint main() {\n    long long int num1, num2, gcd, res, lcm;\n    while (scanf("%lld%lld", &num1, &num2) != EOF) {\n        res = num1 * num2;\n        while (num2 != 0) {\n            long long int temp = num2;\n            num2 = num1 % num2;\n            num1 = temp;\n        }\n        gcd = num1;\n        lcm = (res >> 1) / (gcd >> 1);\n        printf("%lld %lld\\n", gcd, lcm);\n    }\n    return 0;\n}')"
2025-02-25 13:53:30,571	[DEBUG]	EXEC>  SUCCESS 3095397.5
2025-02-25 13:53:30,572	[INFO]	0-6     SUCCESS               3095397.50 (100.00%) [1 edit(s)]  
2025-02-25 13:53:30,572	[DEBUG]	patch(0-6)="LineLLMMutation(('source.cpp', 5), '#include <iostream>\n#include <cstdio>\n#include <algorithm>\n\nusing namespace std;\n\nint main() {\n    auto num1 = 0LL, num2 = 0LL, gcd = 0LL, res = 0LL, lcm = 0LL;\n    while (scanf("%lld%lld", &num1, &num2) != EOF) {\n        res = num1 * num2;\n        while (num2 != 0) {\n            auto temp = num2;\n            num2 = num1 % num2;\n            num1 = temp;\n        }\n        gcd = num1;\n        lcm = res / gcd;\n        printf("%lld %lld\\n", gcd, lcm);\n    }\n    return 0;\n}')"
2025-02-25 13:53:32,283	[DEBUG]	EXEC>  SUCCESS 3095304.0
2025-02-25 13:53:32,284	[INFO]	0-7     SUCCESS               3095304.00 (100.00%) [1 edit(s)]  
2025-02-25 13:53:32,284	[DEBUG]	patch(0-7)="LineLLMMutation(('source.cpp', 6), '#include <iostream>\n#include <cstdio>\n#include <algorithm>\n\nusing namespace std;\n\nint main() {\n    long long int num1, num2, gcd, res, lcm;\n    while (scanf("%lld%lld", &num1, &num2) != EOF) {\n        res = num1 * num2;\n        for (; num2 != 0; ) {\n            long long int temp = num2;\n            num2 = num1 % num2;\n            num1 = temp;\n        }\n        gcd = num1;\n        lcm = res / gcd;\n        printf("%lld %lld\\n", gcd, lcm);\n    }\n    return 0;\n}')"
2025-02-25 13:53:34,020	[DEBUG]	EXEC>  SUCCESS 3095305.0
2025-02-25 13:53:34,021	[INFO]	0-8     SUCCESS               3095305.00 (100.00%) [1 edit(s)]  
2025-02-25 13:53:34,021	[DEBUG]	patch(0-8)="LineLLMMutation(('source.cpp', 7), '#include <iostream>\n#include <cstdio>\n#include <algorithm>\n\nusing namespace std;\n\nint main() {\n    long long int num1, num2, gcd, res, lcm;\n    while (scanf("%lld%lld", &num1, &num2) != EOF) {\n        res = num1 * num2;\n        while (num2 != 0) {\n            num1 %= num2;\n            swap(num1, num2);\n        }\n        gcd = num1;\n        lcm = res / gcd;\n        printf("%lld %lld\\n", gcd, lcm);\n    }\n    return 0;\n}')"
2025-02-25 13:53:35,744	[DEBUG]	EXEC>  SUCCESS 3103795.0
2025-02-25 13:53:35,744	[INFO]	0-9     SUCCESS               3103795.00 (100.27%) [1 edit(s)]  
2025-02-25 13:53:35,744	[DEBUG]	patch(0-9)="LineLLMMutation(('source.cpp', 8), '#include <iostream>\n#include <cstdio>\n#include <algorithm>\n\nusing namespace std;\n\nint main() {\n    long long int num1, num2, gcd, res, lcm;\n    while (scanf("%lld%lld", &num1, &num2) != EOF) {\n        res = num1 * num2;\n        while (num2 != 0) {\n            long long int temp = num2;\n            num2 = num1 % num2;\n            num1 = temp;\n        }\n        gcd = num1;\n        lcm = res / gcd;\n        cout << gcd << " " << lcm << endl;\n    }\n    return 0;\n}')"
2025-02-25 13:53:37,571	[DEBUG]	EXEC>  SUCCESS 3095306.5
2025-02-25 13:53:37,572	[INFO]	0-10    SUCCESS               3095306.50 (100.00%) [1 edit(s)]  
2025-02-25 13:53:37,572	[DEBUG]	patch(0-10)="LineLLMMutation(('source.cpp', 9), '#include <iostream>\n#include <cstdio>\n#include <algorithm>\n\nusing namespace std;\n\nint main() {\n    long long int num1, num2, gcd, res, lcm;\n    while (scanf("%lld%lld", &num1, &num2) != EOF) {\n        long long int a = num1, b = num2;\n        res = a * b;\n        while (b != 0) {\n            a %= b;\n            swap(a, b);\n        }\n        gcd = a;\n        lcm = (num1 / gcd) * num2;\n        printf("%lld %lld\\n", gcd, lcm);\n    }\n    return 0;\n}')"
2025-02-25 13:53:38,572	[INFO]	Step: 10
2025-02-25 13:53:38,572	[INFO]	Stop Steps: 50
2025-02-25 13:53:40,357	[DEBUG]	EXEC>  SUCCESS 3095320.0
2025-02-25 13:53:40,358	[INFO]	REF     SUCCESS               3095320.00 (--) [0 edit(s)]  
2025-02-25 13:53:40,358	[INFO]	Best patch: 3
2025-02-25 13:53:41,196	[DEBUG]	EXEC>  SUCCESS 3095395.5
2025-02-25 13:53:41,196	[INFO]	BEST    SUCCESS               3095395.50 (100.00%) [0 edit(s)]  
2025-02-25 13:53:41,196	[INFO]	Best patch step: 3
2025-02-25 13:54:20,740	[INFO]	Step: 10
2025-02-25 13:54:20,741	[INFO]	Stop Steps: 50
2025-02-25 13:54:21,485	[DEBUG]	EXEC>  SUCCESS 3095396.0
2025-02-25 13:54:21,485	[INFO]	1-1     SUCCESS              +3095396.00 (100.00%) [1 edit(s)]  
2025-02-25 13:54:21,485	[DEBUG]	patch(1-1)="LineLLMMutation(('source.cpp', 3), '#include <iostream>\n#include <cstdio>\n#include <algorithm>\n\nint main() {\n    long long int num1, num2, gcd, res, lcm;\n    while (scanf("%lld%lld", &num1, &num2) != EOF) {\n        res = num1 * num2;\n        while (num2 != 0) {\n            long long int temp = num2;\n            num2 = num1 % num2;\n            num1 = temp;\n        }\n        gcd = num1;\n        lcm = res / gcd;\n        printf("%lld %lld\\n", gcd, lcm);\n    }\n    return 0;\n}')"
2025-02-25 13:54:21,486	[INFO]	Step: 11
2025-02-25 13:54:21,486	[INFO]	Stop Steps: 50
2025-02-25 13:54:22,220	[DEBUG]	EXEC>  SUCCESS 3095304.0
2025-02-25 13:54:22,221	[INFO]	1-2     SUCCESS              *3095304.00 (100.00%) [1 edit(s)]  
2025-02-25 13:54:22,221	[DEBUG]	patch(1-2)="LineLLMMutation(('source.cpp', 6), '#include <iostream>\n#include <cstdio>\n#include <algorithm>\n\nusing namespace std;\n\nint main() {\n    long long int num1, num2, gcd, res, lcm;\n    while (scanf("%lld%lld", &num1, &num2) != EOF) {\n        res = num1 * num2;\n        for (; num2 != 0; ) {\n            long long int temp = num2;\n            num2 = num1 % num2;\n            num1 = temp;\n        }\n        gcd = num1;\n        lcm = res / gcd;\n        printf("%lld %lld\\n", gcd, lcm);\n    }\n    return 0;\n}')"

2025-02-25 13:54:22,221	[INFO]	Step: 12
2025-02-25 13:54:22,221	[INFO]	Stop Steps: 50
2025-02-25 13:54:22,932	[DEBUG]	EXEC>  SUCCESS 3095395.0
2025-02-25 13:54:22,932	[INFO]	1-3     SUCCESS               3095395.00 (100.00%) [1 edit(s)]  
2025-02-25 13:54:22,932	[DEBUG]	patch(1-3)="LineLLMCrossover(('source.cpp', 0), '#include <iostream>\n#include <cstdio>\n#include <algorithm>\n\nusing namespace std;\n\nint main() {\n    long long int num1, num2, gcd, res, lcm;\n    while (scanf("%lld%lld", &num1, &num2) != EOF) {\n        res = num1 * num2;\n        while (num2 != 0) {\n            num1 %= num2;\n            swap(num1, num2);\n        }\n        gcd = num1;\n        lcm = (res / gcd);\n        printf("%lld %lld\\n", gcd, lcm);\n    }\n    return 0;\n}')"
2025-02-25 13:54:22,932	[INFO]	Step: 13
2025-02-25 13:54:22,932	[INFO]	Stop Steps: 50
2025-02-25 13:54:23,648	[DEBUG]	EXEC>  SUCCESS 3095303.5
2025-02-25 13:54:23,649	[INFO]	1-4     SUCCESS              *3095303.50 (100.00%) [1 edit(s)]  
2025-02-25 13:54:23,649	[DEBUG]	patch(1-4)="LineLLMCrossover(('source.cpp', 1), '#include <iostream>\n#include <cstdio>\n#include <algorithm>\n\nusing namespace std;\n\nint main() {\n    long long int num1, num2, gcd, res, lcm;\n    while (scanf("%lld%lld", &num1, &num2) != EOF) {\n        res = num1 * num2;\n        for (; num2 != 0; ) {\n            num1 %= num2;\n            swap(num1, num2);\n        }\n        gcd = num1;\n        lcm = res / gcd;\n        printf("%lld %lld\\n", gcd, lcm);\n    }\n    return 0;\n}')"

2025-02-25 13:54:23,649	[INFO]	Step: 14
2025-02-25 13:54:23,649	[INFO]	Stop Steps: 50
2025-02-25 13:54:54,300	[INFO]	1-5     TEST_TIMEOUT          None (--) [1 edit(s)]  
2025-02-25 13:54:54,300	[DEBUG]	patch(1-5)="LineLLMCrossover(('source.cpp', 2), '#include <iostream>\n#include <cstdio>\n#include <algorithm>\n\nusing namespace std;\n\nint main() {\n    long long int num1, num2, gcd, res, lcm;\n    while (scanf("%lld%lld", &num1, &num2) != EOF) {\n        res = num1 * num2;\n        while (num2 != 0) {\n            long long int temp = num2;\n            num2 = num1 % num2;\n            num1 = temp;\n            swap(num1, num2);\n        }\n        gcd = num1;\n        lcm = res / gcd;\n        printf("%lld %lld\\n", gcd, lcm);\n    }\n    return 0;\n}')"
2025-02-25 13:54:54,300	[INFO]	Step: 15
2025-02-25 13:54:54,300	[INFO]	Stop Steps: 50
2025-02-25 13:54:55,133	[DEBUG]	EXEC>  SUCCESS 3095304.0
2025-02-25 13:54:55,133	[INFO]	1-6     SUCCESS               3095304.00 (100.00%) [1 edit(s)]  
2025-02-25 13:54:55,133	[DEBUG]	patch(1-6)="LineLLMCrossover(('source.cpp', 3), '#include <iostream>\n#include <cstdio>\n#include <algorithm>\n\nusing namespace std;\n\nint main() {\n    long long int num1, num2, gcd, res, lcm;\n    while (scanf("%lld%lld", &num1, &num2) != EOF) {\n        res = num1 * num2;\n        while (num2 != 0) {\n            num1 %= num2;\n            swap(num1, num2);\n        }\n        gcd = num1;\n        lcm = res / gcd;\n        printf("%lld %lld\\n", gcd, lcm);\n    }\n    return 0;\n}')"
2025-02-25 13:54:55,134	[INFO]	Step: 16
2025-02-25 13:54:55,134	[INFO]	Stop Steps: 50
2025-02-25 13:54:55,256	[INFO]	1-7     COMPILE_CODE_ERROR    None (--) [2 edit(s)]  
2025-02-25 13:54:55,256	[DEBUG]	patch(1-7)="LineLLMMutation(('source.cpp', 3), '#include <iostream>\n#include <cstdio>\n#include <algorithm>\n\nint main() {\n    long long int num1, num2, gcd, res, lcm;\n    while (scanf("%lld%lld", &num1, &num2) != EOF) {\n        res = num1 * num2;\n        while (num2 != 0) {\n            long long int temp = num2;\n            num2 = num1 % num2;\n            num1 = temp;\n        }\n        gcd = num1;\n        lcm = res / gcd;\n        printf("%lld %lld\\n", gcd, lcm);\n    }\n    return 0;\n}') | LineLLMMutation(('source.cpp', 10), '#include <cstdio>\n\nint main() {\n    long long int num1, num2, gcd, res, lcm;\n    while (scanf("%lld%lld", &num1, &num2) != EOF) {\n        res = num1 * num2;\n        while (num2) { // Simplified the loop condition\n            num1 %= num2; // Directly update num1 to use the remainder\n            std::swap(num1, num2); // Use swap to avoid temporary variable\n        }\n        gcd = num1;\n        lcm = res / gcd;\n        printf("%lld %lld\\n", gcd, lcm);\n    }\n    return 0;\n}')"
2025-02-25 13:54:55,256	[INFO]	Step: 17
2025-02-25 13:54:55,256	[INFO]	Stop Steps: 50
2025-02-25 13:54:56,063	[DEBUG]	EXEC>  SUCCESS 3099374.5
2025-02-25 13:54:56,063	[INFO]	1-8     SUCCESS               3099374.50 (100.13%) [2 edit(s)]  
2025-02-25 13:54:56,064	[DEBUG]	patch(1-8)="LineLLMMutation(('source.cpp', 6), '#include <iostream>\n#include <cstdio>\n#include <algorithm>\n\nusing namespace std;\n\nint main() {\n    long long int num1, num2, gcd, res, lcm;\n    while (scanf("%lld%lld", &num1, &num2) != EOF) {\n        res = num1 * num2;\n        for (; num2 != 0; ) {\n            long long int temp = num2;\n            num2 = num1 % num2;\n            num1 = temp;\n        }\n        gcd = num1;\n        lcm = res / gcd;\n        printf("%lld %lld\\n", gcd, lcm);\n    }\n    return 0;\n}') | LineLLMMutation(('source.cpp', 11), '#include <iostream>\n#include <cstdio>\n#include <algorithm>\n\nusing namespace std;\n\nlong long gcd(long long a, long long b) {\n    while (b != 0) {\n        long long temp = b;\n        b = a % b;\n        a = temp;\n    }\n    return a;\n}\n\nint main() {\n    long long num1, num2, gcd_val, res, lcm;\n    while (scanf("%lld%lld", &num1, &num2) != EOF) {\n        res = num1 * num2;\n        gcd_val = gcd(num1, num2);\n        lcm = res / gcd_val;\n        printf("%lld %lld\\n", gcd_val, lcm);\n    }\n    return 0;\n}')"
2025-02-25 13:54:56,064	[INFO]	Step: 18
2025-02-25 13:54:56,064	[INFO]	Stop Steps: 50
2025-02-25 13:54:56,722	[DEBUG]	EXEC>  SUCCESS 3098931.0
2025-02-25 13:54:56,723	[INFO]	1-9     SUCCESS               3098931.00 (100.12%) [2 edit(s)]  
2025-02-25 13:54:56,723	[DEBUG]	patch(1-9)="LineLLMMutation(('source.cpp', 7), '#include <iostream>\n#include <cstdio>\n#include <algorithm>\n\nusing namespace std;\n\nint main() {\n    long long int num1, num2, gcd, res, lcm;\n    while (scanf("%lld%lld", &num1, &num2) != EOF) {\n        res = num1 * num2;\n        while (num2 != 0) {\n            num1 %= num2;\n            swap(num1, num2);\n        }\n        gcd = num1;\n        lcm = res / gcd;\n        printf("%lld %lld\\n", gcd, lcm);\n    }\n    return 0;\n}') | LineLLMMutation(('source.cpp', 12), '#include <iostream>\n#include <cstdio>\n\nusing namespace std;\n\nlong long binaryGCD(long long u, long long v) {\n    if (u == 0) return v;\n    if (v == 0) return u;\n\n    int shift;\n    for (shift = 0; ((u | v) & 1) == 0; ++shift) {\n        u >>= 1;\n        v >>= 1;\n    }\n    while ((u & 1) == 0) u >>= 1;\n    do {\n        while ((v & 1) == 0) v >>= 1;\n        if (u > v) swap(u, v);\n        v = v - u;\n    } while (v != 0);\n    return u << shift;\n}\n\nint main() {\n    long long int num1, num2, gcd, res, lcm;\n    while (scanf("%lld%lld", &num1, &num2) != EOF) {\n        res = num1 * num2;\n        gcd = binaryGCD(num1, num2);\n        lcm = res / gcd;\n        printf("%lld %lld\\n", gcd, lcm);\n    }\n    return 0;\n}')"
2025-02-25 13:54:56,723	[INFO]	Step: 19
2025-02-25 13:54:56,723	[INFO]	Stop Steps: 50
2025-02-25 13:54:57,492	[DEBUG]	EXEC>  SUCCESS 3095345.0
2025-02-25 13:54:57,492	[INFO]	1-10    SUCCESS               3095345.00 (100.00%) [2 edit(s)]  
2025-02-25 13:54:57,492	[DEBUG]	patch(1-10)="LineLLMMutation(('source.cpp', 9), '#include <iostream>\n#include <cstdio>\n#include <algorithm>\n\nusing namespace std;\n\nint main() {\n    long long int num1, num2, gcd, res, lcm;\n    while (scanf("%lld%lld", &num1, &num2) != EOF) {\n        long long int a = num1, b = num2;\n        res = a * b;\n        while (b != 0) {\n            a %= b;\n            swap(a, b);\n        }\n        gcd = a;\n        lcm = (num1 / gcd) * num2;\n        printf("%lld %lld\\n", gcd, lcm);\n    }\n    return 0;\n}') | LineLLMMutation(('source.cpp', 13), '#include <iostream>\n#include <cstdio>\n#include <algorithm>\n\nusing namespace std;\n\nint main() {\n    long long int num1, num2, gcd, lcm;\n    while (scanf("%lld%lld", &num1, &num2) != EOF) {\n        gcd = __gcd(num1, num2);\n        lcm = (num1 / gcd) * num2;\n        printf("%lld %lld\\n", gcd, lcm);\n    }\n    return 0;\n}')"
2025-02-25 13:54:57,492	[INFO]	Step: 20
2025-02-25 13:54:57,492	[INFO]	Stop Steps: 50
2025-02-25 13:54:58,240	[DEBUG]	EXEC>  SUCCESS 3095483.0
2025-02-25 13:54:58,240	[INFO]	1-1     SUCCESS               3095483.00 (100.01%) [1 edit(s)]  
2025-02-25 13:54:58,240	[DEBUG]	patch(1-1)="LineLLMMutation(('source.cpp', 14), '#include <iostream>\n#include <cstdio>\n#include <algorithm>\n\nusing namespace std;\n\nint main() {\n    long long int num1, num2, gcd, res, lcm;\n    while (scanf("%lld%lld", &num1, &num2) != EOF) {\n        res = num1 * num2;\n        // Use the modulo operation for GCD\n        while (num2 != 0) {\n            long long int temp = num2;\n            num2 = num1 % num2;\n            num1 = temp;\n        }\n        gcd = num1;\n        lcm = res / gcd;\n        printf("%lld %lld\\n", gcd, lcm);\n    }\n    return 0;\n}')"
2025-02-25 13:54:58,240	[INFO]	Step: 21
2025-02-25 13:54:58,240	[INFO]	Stop Steps: 50
2025-02-25 13:54:59,933	[DEBUG]	EXEC>  SUCCESS 3095409.5
2025-02-25 13:54:59,933	[INFO]	REF     SUCCESS               3095409.50 (--) [0 edit(s)]  
2025-02-25 13:54:59,933	[INFO]	Best patch: 1
2025-02-25 13:55:00,602	[DEBUG]	EXEC>  SUCCESS 3095304.5
2025-02-25 13:55:00,602	[INFO]	BEST    SUCCESS              *3095304.50 (100.00%) [0 edit(s)]  
2025-02-25 13:55:00,602	[INFO]	Best patch step: 13
2025-02-25 13:55:35,333	[INFO]	Step: 21
2025-02-25 13:55:35,333	[INFO]	Stop Steps: 50
2025-02-25 13:55:36,087	[DEBUG]	EXEC>  SUCCESS 3095304.5
2025-02-25 13:55:36,087	[INFO]	2-2     SUCCESS              +3095304.50 (100.00%) [1 edit(s)]  
2025-02-25 13:55:36,087	[DEBUG]	patch(2-2)="LineLLMCrossover(('source.cpp', 1), '#include <iostream>\n#include <cstdio>\n#include <algorithm>\n\nusing namespace std;\n\nint main() {\n    long long int num1, num2, gcd, res, lcm;\n    while (scanf("%lld%lld", &num1, &num2) != EOF) {\n        res = num1 * num2;\n        for (; num2 != 0; ) {\n            num1 %= num2;\n            swap(num1, num2);\n        }\n        gcd = num1;\n        lcm = res / gcd;\n        printf("%lld %lld\\n", gcd, lcm);\n    }\n    return 0;\n}')"
2025-02-25 13:55:36,088	[INFO]	Step: 22
2025-02-25 13:55:36,088	[INFO]	Stop Steps: 50
2025-02-25 13:55:36,778	[DEBUG]	EXEC>  SUCCESS 3095305.0
2025-02-25 13:55:36,778	[INFO]	2-3     SUCCESS               3095305.00 (100.00%) [1 edit(s)]  
2025-02-25 13:55:36,778	[DEBUG]	patch(2-3)="LineLLMCrossover(('source.cpp', 3), '#include <iostream>\n#include <cstdio>\n#include <algorithm>\n\nusing namespace std;\n\nint main() {\n    long long int num1, num2, gcd, res, lcm;\n    while (scanf("%lld%lld", &num1, &num2) != EOF) {\n        res = num1 * num2;\n        while (num2 != 0) {\n            num1 %= num2;\n            swap(num1, num2);\n        }\n        gcd = num1;\n        lcm = res / gcd;\n        printf("%lld %lld\\n", gcd, lcm);\n    }\n    return 0;\n}')"
2025-02-25 13:55:36,778	[INFO]	Step: 23
2025-02-25 13:55:36,778	[INFO]	Stop Steps: 50
2025-02-25 13:55:37,484	[DEBUG]	EXEC>  SUCCESS 3095305.0
2025-02-25 13:55:37,484	[INFO]	2-4     SUCCESS               3095305.00 (100.00%) [1 edit(s)]  
2025-02-25 13:55:37,484	[DEBUG]	patch(2-4)="LineLLMCrossover(('source.cpp', 4), '#include <iostream>\n#include <cstdio>\n#include <algorithm>\n\nusing namespace std;\n\nint main() {\n    long long int num1, num2, gcd, res, lcm;\n    while (scanf("%lld%lld", &num1, &num2) != EOF) {\n        gcd = __gcd(num1, num2);\n        res = num1 / gcd;\n        lcm = res * num2;\n        printf("%lld %lld\\n", gcd, lcm);\n    }\n    return 0;\n}')"
2025-02-25 13:55:37,484	[INFO]	Step: 24
2025-02-25 13:55:37,484	[INFO]	Stop Steps: 50
2025-02-25 13:55:38,199	[DEBUG]	EXEC>  SUCCESS 3095308.5
2025-02-25 13:55:38,199	[INFO]	2-5     SUCCESS               3095308.50 (100.00%) [1 edit(s)]  
2025-02-25 13:55:38,199	[DEBUG]	patch(2-5)="LineLLMCrossover(('source.cpp', 5), '#include <iostream>\n#include <cstdio>\n#include <algorithm>\n\nusing namespace std;\n\nint main() {\n    long long int num1, num2, gcd, res, lcm;\n    while (scanf("%lld%lld", &num1, &num2) != EOF) {\n        gcd = __gcd(num1, num2);\n        res = num1 / gcd;\n        lcm = res * num2;\n        printf("%lld %lld\\n", gcd, lcm);\n    }\n    return 0;\n}')"
2025-02-25 13:55:38,199	[INFO]	Step: 25
2025-02-25 13:55:38,199	[INFO]	Stop Steps: 50
2025-02-25 13:55:38,901	[DEBUG]	EXEC>  SUCCESS 3095396.5
2025-02-25 13:55:38,902	[INFO]	2-6     SUCCESS               3095396.50 (100.00%) [1 edit(s)]  
2025-02-25 13:55:38,902	[DEBUG]	patch(2-6)="LineLLMCrossover(('source.cpp', 6), '#include <iostream>\n#include <cstdio>\n#include <algorithm>\n\nusing namespace std;\n\nint main() {\n    long long int num1, num2, gcd, lcm;\n    while (scanf("%lld%lld", &num1, &num2) != EOF) {\n        gcd = __gcd(num1, num2);\n        lcm = (num1 / gcd) * num2;\n        printf("%lld %lld\\n", gcd, lcm);\n    }\n    return 0;\n}')"
2025-02-25 13:55:38,902	[INFO]	Step: 26
2025-02-25 13:55:38,902	[INFO]	Stop Steps: 50
2025-02-25 13:55:39,633	[DEBUG]	EXEC>  SUCCESS 3095395.0
2025-02-25 13:55:39,633	[INFO]	2-7     SUCCESS               3095395.00 (100.00%) [1 edit(s)]  
2025-02-25 13:55:39,633	[DEBUG]	patch(2-7)="LineLLMCrossover(('source.cpp', 7), '#include <iostream>\n#include <cstdio>\n#include <algorithm>\n\nusing namespace std;\n\nint main() {\n    long long int num1, num2, gcd, lcm;\n    while (scanf("%lld%lld", &num1, &num2) != EOF) {\n        gcd = __gcd(num1, num2);\n        lcm = (num1 / gcd) * num2;\n        printf("%lld %lld\\n", gcd, lcm);\n    }\n    return 0;\n}')"
2025-02-25 13:55:39,633	[INFO]	Step: 27
2025-02-25 13:55:39,634	[INFO]	Stop Steps: 50
2025-02-25 13:55:40,444	[DEBUG]	EXEC>  SUCCESS 3107734.0
2025-02-25 13:55:40,444	[INFO]	2-8     SUCCESS               3107734.00 (100.40%) [2 edit(s)]  
2025-02-25 13:55:40,444	[DEBUG]	patch(2-8)="LineLLMCrossover(('source.cpp', 1), '#include <iostream>\n#include <cstdio>\n#include <algorithm>\n\nusing namespace std;\n\nint main() {\n    long long int num1, num2, gcd, res, lcm;\n    while (scanf("%lld%lld", &num1, &num2) != EOF) {\n        res = num1 * num2;\n        for (; num2 != 0; ) {\n            num1 %= num2;\n            swap(num1, num2);\n        }\n        gcd = num1;\n        lcm = res / gcd;\n        printf("%lld %lld\\n", gcd, lcm);\n    }\n    return 0;\n}') | LineLLMMutation(('source.cpp', 15), '#include <iostream>\n#include <algorithm>\n\nusing namespace std;\n\nint main() {\n    ios_base::sync_with_stdio(false);\n    cin.tie(NULL);\n    long long int num1, num2, gcd, res, lcm;\n    while (cin >> num1 >> num2) {\n        res = num1 * num2;\n        while (num2 != 0) {\n            num1 %= num2;\n            swap(num1, num2);\n        }\n        gcd = num1;\n        lcm = res / gcd;\n        cout << gcd << " " << lcm << "\\n";\n    }\n    return 0;\n}')"
2025-02-25 13:55:40,444	[INFO]	Step: 28
2025-02-25 13:55:40,444	[INFO]	Stop Steps: 50
2025-02-25 13:55:41,336	[DEBUG]	EXEC>  SUCCESS 3098506.5
2025-02-25 13:55:41,336	[INFO]	2-9     SUCCESS               3098506.50 (100.10%) [2 edit(s)]  
2025-02-25 13:55:41,336	[DEBUG]	patch(2-9)="LineLLMCrossover(('source.cpp', 3), '#include <iostream>\n#include <cstdio>\n#include <algorithm>\n\nusing namespace std;\n\nint main() {\n    long long int num1, num2, gcd, res, lcm;\n    while (scanf("%lld%lld", &num1, &num2) != EOF) {\n        res = num1 * num2;\n        while (num2 != 0) {\n            num1 %= num2;\n            swap(num1, num2);\n        }\n        gcd = num1;\n        lcm = res / gcd;\n        printf("%lld %lld\\n", gcd, lcm);\n    }\n    return 0;\n}') | LineLLMMutation(('source.cpp', 16), '#include <iostream>\n#include <algorithm>\n\nusing namespace std;\n\n// Function to compute GCD using Euclidean algorithm\nlong long computeGCD(long long a, long long b) {\n    while (b != 0) {\n        a %= b;\n        swap(a, b);\n    }\n    return a;\n}\n\nint main() {\n    ios::sync_with_stdio(false);\n    cin.tie(nullptr);\n\n    long long num1, num2, gcd, lcm;\n    while (cin >> num1 >> num2) {\n        gcd = computeGCD(num1, num2);\n        lcm = (num1 / gcd) * num2; // Calculate LCM using the formula\n        cout << gcd << " " << lcm << "\\n";\n    }\n    return 0;\n}')"
2025-02-25 13:55:41,336	[INFO]	Step: 29
2025-02-25 13:55:41,336	[INFO]	Stop Steps: 50
2025-02-25 13:55:42,364	[DEBUG]	EXEC>  SUCCESS 3100194.0
2025-02-25 13:55:42,364	[INFO]	2-10    SUCCESS               3100194.00 (100.15%) [2 edit(s)]  
2025-02-25 13:55:42,364	[DEBUG]	patch(2-10)="LineLLMMutation(('source.cpp', 6), '#include <iostream>\n#include <cstdio>\n#include <algorithm>\n\nusing namespace std;\n\nint main() {\n    long long int num1, num2, gcd, res, lcm;\n    while (scanf("%lld%lld", &num1, &num2) != EOF) {\n        res = num1 * num2;\n        for (; num2 != 0; ) {\n            long long int temp = num2;\n            num2 = num1 % num2;\n            num1 = temp;\n        }\n        gcd = num1;\n        lcm = res / gcd;\n        printf("%lld %lld\\n", gcd, lcm);\n    }\n    return 0;\n}') | LineLLMMutation(('source.cpp', 17), '#include <iostream>\n#include <algorithm>\n\nusing namespace std;\n\nint main() {\n    long long int num1, num2, gcd, lcm;\n    while (cin >> num1 >> num2) {\n        gcd = __gcd(num1, num2);\n        lcm = (num1 / gcd) * num2;  // Prevent overflow by dividing first\n        cout << gcd << " " << lcm << endl;\n    }\n    return 0;\n}')"
2025-02-25 13:55:42,364	[INFO]	Step: 30
2025-02-25 13:55:42,364	[INFO]	Stop Steps: 50
2025-02-25 13:55:43,175	[DEBUG]	EXEC>  SUCCESS 3095307.0
2025-02-25 13:55:43,175	[INFO]	2-1     SUCCESS               3095307.00 (100.00%) [3 edit(s)]  
2025-02-25 13:55:43,175	[DEBUG]	patch(2-1)="LineLLMMutation(('source.cpp', 9), '#include <iostream>\n#include <cstdio>\n#include <algorithm>\n\nusing namespace std;\n\nint main() {\n    long long int num1, num2, gcd, res, lcm;\n    while (scanf("%lld%lld", &num1, &num2) != EOF) {\n        long long int a = num1, b = num2;\n        res = a * b;\n        while (b != 0) {\n            a %= b;\n            swap(a, b);\n        }\n        gcd = a;\n        lcm = (num1 / gcd) * num2;\n        printf("%lld %lld\\n", gcd, lcm);\n    }\n    return 0;\n}') | LineLLMMutation(('source.cpp', 13), '#include <iostream>\n#include <cstdio>\n#include <algorithm>\n\nusing namespace std;\n\nint main() {\n    long long int num1, num2, gcd, lcm;\n    while (scanf("%lld%lld", &num1, &num2) != EOF) {\n        gcd = __gcd(num1, num2);\n        lcm = (num1 / gcd) * num2;\n        printf("%lld %lld\\n", gcd, lcm);\n    }\n    return 0;\n}') | LineLLMMutation(('source.cpp', 18), '#include <iostream>\n#include <cstdio>\n#include <algorithm>\n\nusing namespace std;\n\nint main() {\n    long long int num1, num2, gcd, lcm;\n    while (scanf("%lld%lld", &num1, &num2) != EOF) {\n        gcd = __gcd(num1, num2);\n        lcm = (num1 / gcd) * num2;  // Original: lcm = (num1 / gcd) * num2;\n        printf("%lld %lld\\n", gcd, lcm);\n    }\n    return 0;\n}')"
2025-02-25 13:55:43,175	[INFO]	Step: 31
2025-02-25 13:55:43,175	[INFO]	Stop Steps: 50
2025-02-25 13:55:43,791	[DEBUG]	EXEC>  SUCCESS 3040664.5
2025-02-25 13:55:43,791	[INFO]	2-2     SUCCESS              *3040664.50 (98.23%) [1 edit(s)]  
2025-02-25 13:55:43,791	[DEBUG]	patch(2-2)="LineLLMMutation(('source.cpp', 19), '#include <cstdio>\n\nusing namespace std;\n\nint main() {\n    long long int num1, num2, gcd, res, lcm;\n    while(scanf("%lld%lld", &num1, &num2) != EOF) {\n        res = num1 * num2;\n        \n        // Use the Euclidean algorithm with modulo for GCD\n        while(num2 != 0) {\n            long long int temp = num2;\n            num2 = num1 % num2;\n            num1 = temp;\n        }\n        \n        gcd = num1;\n        lcm = res / gcd;\n        printf("%lld %lld\\n", gcd, lcm);\n    }\n    return 0;\n}')"

2025-02-25 13:55:43,791	[INFO]	Step: 32
2025-02-25 13:55:43,791	[INFO]	Stop Steps: 50
2025-02-25 13:55:45,544	[DEBUG]	EXEC>  SUCCESS 3095409.5
2025-02-25 13:55:45,544	[INFO]	REF     SUCCESS               3095409.50 (--) [0 edit(s)]  
2025-02-25 13:55:45,545	[INFO]	Best patch: 19
2025-02-25 13:55:45,803	[DEBUG]	EXEC>  SUCCESS 3040662.5
2025-02-25 13:55:45,803	[INFO]	BEST    SUCCESS              *3040662.50 (98.23%) [0 edit(s)]  
2025-02-25 13:55:45,803	[INFO]	Best patch step: 31
2025-02-25 13:56:18,218	[INFO]	Step: 32
2025-02-25 13:56:18,218	[INFO]	Stop Steps: 50
2025-02-25 13:56:18,475	[DEBUG]	EXEC>  SUCCESS 3040572.5
2025-02-25 13:56:18,475	[INFO]	3-3     SUCCESS              *3040572.50 (98.23%) [1 edit(s)]  
2025-02-25 13:56:18,476	[DEBUG]	patch(3-3)="LineLLMMutation(('source.cpp', 19), '#include <cstdio>\n\nusing namespace std;\n\nint main() {\n    long long int num1, num2, gcd, res, lcm;\n    while(scanf("%lld%lld", &num1, &num2) != EOF) {\n        res = num1 * num2;\n        \n        // Use the Euclidean algorithm with modulo for GCD\n        while(num2 != 0) {\n            long long int temp = num2;\n            num2 = num1 % num2;\n            num1 = temp;\n        }\n        \n        gcd = num1;\n        lcm = res / gcd;\n        printf("%lld %lld\\n", gcd, lcm);\n    }\n    return 0;\n}')"

2025-02-25 13:56:18,476	[INFO]	Step: 33
2025-02-25 13:56:18,476	[INFO]	Stop Steps: 50
2025-02-25 13:56:19,151	[DEBUG]	EXEC>  SUCCESS 3095393.5
2025-02-25 13:56:19,152	[INFO]	3-4     SUCCESS               3095393.50 (100.00%) [1 edit(s)]  
2025-02-25 13:56:19,152	[DEBUG]	patch(3-4)="LineLLMCrossover(('source.cpp', 1), '#include <iostream>\n#include <cstdio>\n#include <algorithm>\n\nusing namespace std;\n\nint main() {\n    long long int num1, num2, gcd, res, lcm;\n    while (scanf("%lld%lld", &num1, &num2) != EOF) {\n        res = num1 * num2;\n        for (; num2 != 0; ) {\n            num1 %= num2;\n            swap(num1, num2);\n        }\n        gcd = num1;\n        lcm = res / gcd;\n        printf("%lld %lld\\n", gcd, lcm);\n    }\n    return 0;\n}')"
2025-02-25 13:56:19,152	[INFO]	Step: 34
2025-02-25 13:56:19,152	[INFO]	Stop Steps: 50
2025-02-25 13:56:19,590	[INFO]	3-5     TEST_CODE_ERROR       None (--) [1 edit(s)]  
2025-02-25 13:56:19,590	[DEBUG]	patch(3-5)="LineLLMCrossover(('source.cpp', 8), '#include <cstdio>\n#include <algorithm>\n\nusing namespace std;\n\nint main() {\n    long long int num1, num2, gcd, res, lcm;\n    while (scanf("%lld%lld", &num1, &num2) != EOF) {\n        res = num1 * num2;\n        for (; num2 != 0; ) {\n            num1 %= num2;\n            swap(num1, num2);\n        }\n        gcd = num1;\n        res /= gcd;\n        lcm = res * num2;\n        printf("%lld %lld\\n", gcd, lcm);\n    }\n    return 0;\n}')"
2025-02-25 13:56:19,591	[INFO]	Step: 35
2025-02-25 13:56:19,591	[INFO]	Stop Steps: 50
2025-02-25 13:56:20,081	[DEBUG]	EXEC>  SUCCESS 3040659.5
2025-02-25 13:56:20,081	[INFO]	3-6     SUCCESS               3040659.50 (98.23%) [1 edit(s)]  
2025-02-25 13:56:20,081	[DEBUG]	patch(3-6)="LineLLMCrossover(('source.cpp', 9), '#include <cstdio>\n#include <algorithm>\n\nusing namespace std;\n\nint main() {\n    long long int num1, num2, gcd, res, lcm;\n    while (scanf("%lld%lld", &num1, &num2) != EOF) {\n        gcd = __gcd(num1, num2);\n        res = num1 * (num2 / gcd);\n        printf("%lld %lld\\n", gcd, res);\n    }\n    return 0;\n}')"
2025-02-25 13:56:20,081	[INFO]	Step: 36
2025-02-25 13:56:20,081	[INFO]	Stop Steps: 50
2025-02-25 13:56:20,567	[DEBUG]	EXEC>  SUCCESS 3040664.5
2025-02-25 13:56:20,567	[INFO]	3-7     SUCCESS               3040664.50 (98.23%) [1 edit(s)]  
2025-02-25 13:56:20,567	[DEBUG]	patch(3-7)="LineLLMCrossover(('source.cpp', 10), '#include <cstdio>\n#include <algorithm>\n\nusing namespace std;\n\nint main() {\n    long long int num1, num2, gcd, res, lcm;\n    while (scanf("%lld%lld", &num1, &num2) != EOF) {\n        gcd = __gcd(num1, num2);\n        lcm = (num1 / gcd) * num2;\n        printf("%lld %lld\\n", gcd, lcm);\n    }\n    return 0;\n}')"
2025-02-25 13:56:20,567	[INFO]	Step: 37
2025-02-25 13:56:20,567	[INFO]	Stop Steps: 50
2025-02-25 13:56:21,033	[DEBUG]	EXEC>  SUCCESS 3040755.0
2025-02-25 13:56:21,033	[INFO]	3-8     SUCCESS               3040755.00 (98.23%) [1 edit(s)]  
2025-02-25 13:56:21,033	[DEBUG]	patch(3-8)="LineLLMCrossover(('source.cpp', 11), '#include <cstdio>\n#include <algorithm>\n\nusing namespace std;\n\nint main() {\n    long long int num1, num2, gcd, res, lcm;\n    while (scanf("%lld%lld", &num1, &num2) != EOF) {\n        gcd = __gcd(num1, num2);\n        res = num1 / gcd;\n        lcm = res * num2;\n        printf("%lld %lld\\n", gcd, lcm);\n    }\n    return 0;\n}')"
2025-02-25 13:56:21,033	[INFO]	Step: 38
2025-02-25 13:56:21,033	[INFO]	Stop Steps: 50
2025-02-25 13:56:21,130	[INFO]	3-9     COMPILE_CODE_ERROR    None (--) [2 edit(s)]  
2025-02-25 13:56:21,130	[DEBUG]	patch(3-9)="LineLLMMutation(('source.cpp', 19), '#include <cstdio>\n\nusing namespace std;\n\nint main() {\n    long long int num1, num2, gcd, res, lcm;\n    while(scanf("%lld%lld", &num1, &num2) != EOF) {\n        res = num1 * num2;\n        \n        // Use the Euclidean algorithm with modulo for GCD\n        while(num2 != 0) {\n            long long int temp = num2;\n            num2 = num1 % num2;\n            num1 = temp;\n        }\n        \n        gcd = num1;\n        lcm = res / gcd;\n        printf("%lld %lld\\n", gcd, lcm);\n    }\n    return 0;\n}') | LineLLMMutation(('source.cpp', 20), '#include <cstdio>\n\nusing namespace std;\n\nint main() {\n    long long num1, num2;\n    while(scanf("%lld%lld", &num1, &num2) != EOF) {\n        long long a = num1, b = num2;\n        \n        // Use the Euclidean algorithm with modulo for GCD\n        while(b != 0) {\n            a %= b;\n            swap(a, b);\n        }\n        \n        long long gcd = a;\n        // Calculate LCM directly using the fact that lcm(a, b) * gcd(a, b) = a * b\n        long long lcm = (num1 / gcd) * num2;\n        printf("%lld %lld\\n", gcd, lcm);\n    }\n    return 0;\n}')"
2025-02-25 13:56:21,130	[INFO]	Step: 39
2025-02-25 13:56:21,130	[INFO]	Stop Steps: 50
2025-02-25 13:56:21,813	[DEBUG]	EXEC>  SUCCESS 3095312.5
2025-02-25 13:56:21,813	[INFO]	3-10    SUCCESS               3095312.50 (100.00%) [2 edit(s)]  
2025-02-25 13:56:21,813	[DEBUG]	patch(3-10)="LineLLMCrossover(('source.cpp', 1), '#include <iostream>\n#include <cstdio>\n#include <algorithm>\n\nusing namespace std;\n\nint main() {\n    long long int num1, num2, gcd, res, lcm;\n    while (scanf("%lld%lld", &num1, &num2) != EOF) {\n        res = num1 * num2;\n        for (; num2 != 0; ) {\n            num1 %= num2;\n            swap(num1, num2);\n        }\n        gcd = num1;\n        lcm = res / gcd;\n        printf("%lld %lld\\n", gcd, lcm);\n    }\n    return 0;\n}') | LineLLMMutation(('source.cpp', 21), '#include <iostream>\n#include <cstdio>\n#include <algorithm>\n\nusing namespace std;\n\nint main() {\n    long long int num1, num2, gcd, res, lcm;\n    while (scanf("%lld%lld", &num1, &num2) != EOF) {\n        res = num1 * num2;\n        gcd = __gcd(num1, num2);\n        lcm = res / gcd;\n        printf("%lld %lld\\n", gcd, lcm);\n    }\n    return 0;\n}')"
2025-02-25 13:56:21,813	[INFO]	Step: 40
2025-02-25 13:56:21,813	[INFO]	Stop Steps: 50
2025-02-25 13:56:22,486	[DEBUG]	EXEC>  SUCCESS 3100102.0
2025-02-25 13:56:22,486	[INFO]	3-1     SUCCESS               3100102.00 (100.15%) [2 edit(s)]  
2025-02-25 13:56:22,486	[DEBUG]	patch(3-1)="LineLLMCrossover(('source.cpp', 3), '#include <iostream>\n#include <cstdio>\n#include <algorithm>\n\nusing namespace std;\n\nint main() {\n    long long int num1, num2, gcd, res, lcm;\n    while (scanf("%lld%lld", &num1, &num2) != EOF) {\n        res = num1 * num2;\n        while (num2 != 0) {\n            num1 %= num2;\n            swap(num1, num2);\n        }\n        gcd = num1;\n        lcm = res / gcd;\n        printf("%lld %lld\\n", gcd, lcm);\n    }\n    return 0;\n}') | LineLLMMutation(('source.cpp', 22), '#include <iostream>\n#include <algorithm>\n\nusing namespace std;\n\nint main() {\n    long long int num1, num2, gcd, res, lcm;\n    while (cin >> num1 >> num2) {\n        res = num1 * num2;\n        while (num2 != 0) {\n            num1 %= num2;\n            swap(num1, num2);\n        }\n        gcd = num1;\n        lcm = res / gcd;\n        cout << gcd << " " << lcm << endl;\n    }\n    return 0;\n}')"
2025-02-25 13:56:22,486	[INFO]	Step: 41
2025-02-25 13:56:22,486	[INFO]	Stop Steps: 50
2025-02-25 13:56:23,166	[DEBUG]	EXEC>  SUCCESS 3095487.0
2025-02-25 13:56:23,166	[INFO]	3-2     SUCCESS               3095487.00 (100.00%) [2 edit(s)]  
2025-02-25 13:56:23,166	[DEBUG]	patch(3-2)="LineLLMCrossover(('source.cpp', 4), '#include <iostream>\n#include <cstdio>\n#include <algorithm>\n\nusing namespace std;\n\nint main() {\n    long long int num1, num2, gcd, res, lcm;\n    while (scanf("%lld%lld", &num1, &num2) != EOF) {\n        gcd = __gcd(num1, num2);\n        res = num1 / gcd;\n        lcm = res * num2;\n        printf("%lld %lld\\n", gcd, lcm);\n    }\n    return 0;\n}') | LineLLMMutation(('source.cpp', 23), '#include <iostream>\n#include <cstdio>\n#include <algorithm>\n\nusing namespace std;\n\nint main() {\n    long long int num1, num2, gcd, lcm;\n    while (scanf("%lld%lld", &num1, &num2) != EOF) {\n        gcd = __gcd(num1, num2);\n        // Calculate lcm directly using the rearranged formula to avoid overflow\n        lcm = (num1 / gcd) * num2;\n        printf("%lld %lld\\n", gcd, lcm);\n    }\n    return 0;\n}')"
2025-02-25 13:56:23,166	[INFO]	Step: 42
2025-02-25 13:56:23,166	[INFO]	Stop Steps: 50
2025-02-25 13:56:23,672	[DEBUG]	EXEC>  SUCCESS 3108741.5
2025-02-25 13:56:23,673	[INFO]	3-3     SUCCESS               3108741.50 (100.43%) [1 edit(s)]  
2025-02-25 13:56:23,673	[DEBUG]	patch(3-3)="LineLLMMutation(('source.cpp', 24), '#include <iostream>\nusing namespace std;\n\nint main() {\n    long long int num1, num2, gcd, res, lcm;\n    while (cin >> num1 >> num2) {\n        res = num1 * num2;\n\n        // Use the Euclidean algorithm for calculating GCD\n        long long int a = num1, b = num2;\n        while (b != 0) {\n            long long int temp = b;\n            b = a % b;\n            a = temp;\n        }\n        gcd = a;\n\n        lcm = res / gcd;\n\n        cout << gcd << " " << lcm << "\\n";\n    }\n    return 0;\n}')"
2025-02-25 13:56:23,673	[INFO]	Step: 43
2025-02-25 13:56:23,673	[INFO]	Stop Steps: 50
2025-02-25 13:56:25,365	[DEBUG]	EXEC>  SUCCESS 3095319.5
2025-02-25 13:56:25,365	[INFO]	REF     SUCCESS               3095319.50 (--) [0 edit(s)]  
2025-02-25 13:56:25,365	[INFO]	Best patch: 19
2025-02-25 13:56:25,617	[DEBUG]	EXEC>  SUCCESS 3040572.5
2025-02-25 13:56:25,617	[INFO]	BEST    SUCCESS              *3040572.50 (98.23%) [0 edit(s)]  
2025-02-25 13:56:25,617	[INFO]	Best patch step: 32
2025-02-25 13:57:04,204	[INFO]	Step: 43
2025-02-25 13:57:04,204	[INFO]	Stop Steps: 50
2025-02-25 13:57:04,478	[DEBUG]	EXEC>  SUCCESS 3040663.0
2025-02-25 13:57:04,478	[INFO]	4-4     SUCCESS              +3040663.00 (98.23%) [1 edit(s)]  
2025-02-25 13:57:04,478	[DEBUG]	patch(4-4)="LineLLMMutation(('source.cpp', 19), '#include <cstdio>\n\nusing namespace std;\n\nint main() {\n    long long int num1, num2, gcd, res, lcm;\n    while(scanf("%lld%lld", &num1, &num2) != EOF) {\n        res = num1 * num2;\n        \n        // Use the Euclidean algorithm with modulo for GCD\n        while(num2 != 0) {\n            long long int temp = num2;\n            num2 = num1 % num2;\n            num1 = temp;\n        }\n        \n        gcd = num1;\n        lcm = res / gcd;\n        printf("%lld %lld\\n", gcd, lcm);\n    }\n    return 0;\n}')"
2025-02-25 13:57:04,478	[INFO]	Step: 44
2025-02-25 13:57:04,478	[INFO]	Stop Steps: 50
2025-02-25 13:57:04,965	[DEBUG]	EXEC>  SUCCESS 3040659.5
2025-02-25 13:57:04,966	[INFO]	4-5     SUCCESS              +3040659.50 (98.23%) [1 edit(s)]  
2025-02-25 13:57:04,966	[DEBUG]	patch(4-5)="LineLLMCrossover(('source.cpp', 9), '#include <cstdio>\n#include <algorithm>\n\nusing namespace std;\n\nint main() {\n    long long int num1, num2, gcd, res, lcm;\n    while (scanf("%lld%lld", &num1, &num2) != EOF) {\n        gcd = __gcd(num1, num2);\n        res = num1 * (num2 / gcd);\n        printf("%lld %lld\\n", gcd, res);\n    }\n    return 0;\n}')"
2025-02-25 13:57:04,966	[INFO]	Step: 45
2025-02-25 13:57:04,966	[INFO]	Stop Steps: 50
2025-02-25 13:57:05,218	[DEBUG]	EXEC>  SUCCESS 3040664.0
2025-02-25 13:57:05,219	[INFO]	4-6     SUCCESS               3040664.00 (98.23%) [1 edit(s)]  
2025-02-25 13:57:05,219	[DEBUG]	patch(4-6)="LineLLMCrossover(('source.cpp', 12), '#include <cstdio>\n\nusing namespace std;\n\nint main() {\n    long long int num1, num2, gcd, lcm;\n    while (scanf("%lld%lld", &num1, &num2) != EOF) {\n        long long int a = num1, b = num2;\n        // Use the Euclidean algorithm for GCD\n        while (b != 0) {\n            long long int temp = b;\n            b = a % b;\n            a = temp;\n        }\n        gcd = a;\n        lcm = (num1 / gcd) * num2;\n        printf("%lld %lld\\n", gcd, lcm);\n    }\n    return 0;\n}')"
2025-02-25 13:57:05,219	[INFO]	Step: 46
2025-02-25 13:57:05,219	[INFO]	Stop Steps: 50
2025-02-25 13:57:05,730	[DEBUG]	EXEC>  SUCCESS 3040759.0
2025-02-25 13:57:05,730	[INFO]	4-7     SUCCESS               3040759.00 (98.24%) [1 edit(s)]  
2025-02-25 13:57:05,730	[DEBUG]	patch(4-7)="LineLLMCrossover(('source.cpp', 13), '#include <cstdio>\n#include <algorithm>\n\nusing namespace std;\n\nint main() {\n    long long int num1, num2, gcd, res, lcm;\n    while (scanf("%lld%lld", &num1, &num2) != EOF) {\n        gcd = __gcd(num1, num2);\n        res = num1 * num2;\n        lcm = res / gcd;\n        printf("%lld %lld\\n", gcd, lcm);\n    }\n    return 0;\n}')"
2025-02-25 13:57:05,730	[INFO]	Step: 47
2025-02-25 13:57:05,730	[INFO]	Stop Steps: 50
2025-02-25 13:57:05,983	[DEBUG]	EXEC>  SUCCESS 3040574.5
2025-02-25 13:57:05,983	[INFO]	4-8     SUCCESS              +3040574.50 (98.23%) [1 edit(s)]  
2025-02-25 13:57:05,983	[DEBUG]	patch(4-8)="LineLLMCrossover(('source.cpp', 14), '#include <cstdio>\n\nusing namespace std;\n\nint main() {\n    long long int num1, num2, gcd, res, lcm;\n    while (scanf("%lld%lld", &num1, &num2) != EOF) {\n        long long int a = num1, b = num2;\n        // Use the Euclidean algorithm for GCD\n        while (b != 0) {\n            long long int temp = b;\n            b = a % b;\n            a = temp;\n        }\n        gcd = a;\n        res = num1 / gcd;\n        lcm = res * num2;\n        printf("%lld %lld\\n", gcd, lcm);\n    }\n    return 0;\n}')"
2025-02-25 13:57:05,983	[INFO]	Step: 48
2025-02-25 13:57:05,983	[INFO]	Stop Steps: 50
2025-02-25 13:57:06,469	[DEBUG]	EXEC>  SUCCESS 3040658.5
2025-02-25 13:57:06,469	[INFO]	4-9     SUCCESS               3040658.50 (98.23%) [1 edit(s)]  
2025-02-25 13:57:06,469	[DEBUG]	patch(4-9)="LineLLMCrossover(('source.cpp', 15), '#include <cstdio>\n#include <algorithm>\n\nusing namespace std;\n\nint main() {\n    long long int num1, num2, gcd, res;\n    while (scanf("%lld%lld", &num1, &num2) != EOF) {\n        gcd = __gcd(num1, num2);\n        res = num1 * (num2 / gcd);\n        printf("%lld %lld\\n", gcd, res);\n    }\n    return 0;\n}')"
2025-02-25 13:57:06,469	[INFO]	Step: 49
2025-02-25 13:57:06,469	[INFO]	Stop Steps: 50
2025-02-25 13:57:06,565	[INFO]	4-10    COMPILE_CODE_ERROR    None (--) [2 edit(s)]  
2025-02-25 13:57:06,565	[DEBUG]	patch(4-10)="LineLLMMutation(('source.cpp', 19), '#include <cstdio>\n\nusing namespace std;\n\nint main() {\n    long long int num1, num2, gcd, res, lcm;\n    while(scanf("%lld%lld", &num1, &num2) != EOF) {\n        res = num1 * num2;\n        \n        // Use the Euclidean algorithm with modulo for GCD\n        while(num2 != 0) {\n            long long int temp = num2;\n            num2 = num1 % num2;\n            num1 = temp;\n        }\n        \n        gcd = num1;\n        lcm = res / gcd;\n        printf("%lld %lld\\n", gcd, lcm);\n    }\n    return 0;\n}') | LineLLMMutation(('source.cpp', 25), '#include <cstdio>\n\nusing namespace std;\n\nint main() {\n    long long int num1, num2, gcd, res, lcm;\n    while(scanf("%lld%lld", &num1, &num2) != EOF) {\n        res = num1 * num2;\n\n        // Simplified Euclidean algorithm using bitwise operations\n        while(num2 != 0) {\n            num1 %= num2;\n            swap(num1, num2);\n        }\n\n        gcd = num1;\n        lcm = res / gcd; // Division is still necessary here\n        printf("%lld %lld\\n", gcd, lcm);\n    }\n    return 0;\n}')"
2025-02-25 13:57:06,566	[INFO]	Step: 50
2025-02-25 13:57:06,566	[INFO]	Stop Steps: 50
2025-02-25 13:57:06,566	[INFO]	(Abstract Algorithm) Stopping Condition: step budget
2025-02-25 13:57:06,566	[INFO]	Step: 50
2025-02-25 13:57:06,566	[INFO]	Stop Steps: 50
2025-02-25 13:57:12,851	[INFO]	~~~~ END ~~~~
2025-02-25 13:57:12,851	[INFO]	Best patch step: 32
2025-02-25 13:57:12,851	[INFO]	
2025-02-25 13:57:12,851	[INFO]	==== REPORT ====
2025-02-25 13:57:12,851	[INFO]	Termination: step budget
2025-02-25 13:57:12,851	[INFO]	Log file: /home/luke/magpie/_magpie_logs/0002_1740491558.log
2025-02-25 13:57:12,851	[INFO]	Patch file: _magpie_logs/0002_1740491558.patch
2025-02-25 13:57:12,851	[INFO]	Diff file: _magpie_logs/0002_1740491558.diff
2025-02-25 13:57:12,851	[INFO]	Reference fitness: 3095319.50
2025-02-25 13:57:12,851	[INFO]	Best fitness: 3040572.50
2025-02-25 13:57:12,852	[INFO]	
2025-02-25 13:57:12,852	[INFO]	==== BEST PATCH ====
LineLLMMutation(('source.cpp', 19), '#include <cstdio>\n\nusing namespace std;\n\nint main() {\n    long long int num1, num2, gcd, res, lcm;\n    while(scanf("%lld%lld", &num1, &num2) != EOF) {\n        res = num1 * num2;\n        \n        // Use the Euclidean algorithm with modulo for GCD\n        while(num2 != 0) {\n            long long int temp = num2;\n            num2 = num1 % num2;\n            num1 = temp;\n        }\n        \n        gcd = num1;\n        lcm = res / gcd;\n        printf("%lld %lld\\n", gcd, lcm);\n    }\n    return 0;\n}')
2025-02-25 13:57:12,852	[INFO]	
2025-02-25 13:57:12,853	[INFO]	==== DIFF ====

