2025-02-24 15:08:23,670	[DEBUG]	==== CONFIG ====
[magpie]
import = 
seed = 6257289389601873
log_dir = _magpie_logs
work_dir = _magpie_work
local_original_copy = True
local_original_name = __original__
output_encoding = ascii
edit_retries = 10
default_timeout = 30
default_lengthout = 10000.0
diff_method = unified
trust_local_filesystem = True

[magpie.log]
color_output = True
format_info = {counter:<7} {status:<20} {best}{fitness} ({ratio}) [{size}] {cached} {log}
format_debug = patch({counter})="{patch}"{diffifbest}
format_fitness = {:.2f}
format_ratio = {:.2%%}
format_patchif = 
	 --> {patch}
format_diffif = 
	{diff}

[software]
path = dataset/magpie_dataset/train/0005
target_files = 
	source.cpp
software = BasicSoftware
model_rules = 
	*.params : ParamFileConfigModel
	*.xml : SrcmlModel
	* : LineModel
model_config = 
	*.params : [paramconfig]
	*.xml : [srcml]
init_cmd = 
init_timeout = 60
init_lengthout = -1
setup_cmd = bash setup.sh
setup_timeout = 
setup_lengthout = 
compile_cmd = bash compile.sh
compile_timeout = 
compile_lengthout = 
test_cmd = bash test.sh
test_timeout = 
test_lengthout = 
run_cmd = bash run.sh
run_timeout = 3
run_lengthout = 
batch_timeout = 
batch_lengthout = 
batch_bin_fitness_strategy = aggregate
batch_fitness_strategy = sum
fitness = time

[srcml]
rename = 
	stmt: break continue decl_stmt do expr_stmt for goto if return switch while
	number: literal_number
focus = block stmt operator_comp operator_arith number
internodes = block
process_pseudo_blocks = True
process_literals = True
process_operators = True

[paramconfig]
timing = test run
cli_prefix = --
cli_glue = =
cli_boolean = show
cli_boolean_prefix_true = 
cli_boolean_prefix_false = no-
cli_none = hide
silent_prefix = @
silent_suffix = $

[search]
protocol = BasicProtocol
algorithm = GeneticProgrammingLLM
possible_edits = 
	LineLLMMutation
	LineLLMCrossover
	LineDeletion
	LineInsertion
	LineReplacement
llm_prob = 1.0
warmup = 5
warmup_strategy = last
max_steps = 50
max_time = 20000
target_fitness = 
cache_maxsize = 100
cache_keep = 0.2
batch_instances = 
batch_shuffle = True
batch_bin_shuffle = False
batch_sample_size = 1

[search.ls]
delete_prob = 0.5
max_neighbours = 
when_trapped = continue
accept_fail = False
tabu_length = 10

[search.gp]
pop_size = 10
delete_prob = 0.0
offspring_elitism = 0.2
offspring_crossover = 0.4
offspring_mutation = 0.4
uniform_rate = 0.5
batch_reset = True
llm_type = baseline

[search.minify]
do_cleanup = True
do_rebuild = True
do_simplify = True
round_robin_limit = 3


2025-02-24 15:08:23,670	[DEBUG]	
2025-02-24 15:08:23,670	[INFO]	==== SEARCH: GeneticProgrammingLLM ====
2025-02-24 15:08:23,670	[INFO]	~~~~ WARMUP ~~~~
2025-02-24 15:08:24,765	[DEBUG]	EXEC>  SUCCESS 4094490.5
2025-02-24 15:08:24,765	[INFO]	WARM    SUCCESS               4094490.50 (--) [0 edit(s)]  
2025-02-24 15:08:25,300	[DEBUG]	EXEC>  SUCCESS 4094489.5
2025-02-24 15:08:25,300	[INFO]	WARM    SUCCESS               4094489.50 (--) [0 edit(s)]  
2025-02-24 15:08:25,848	[DEBUG]	EXEC>  SUCCESS 4094491.0
2025-02-24 15:08:25,848	[INFO]	WARM    SUCCESS               4094491.00 (--) [0 edit(s)]  
2025-02-24 15:08:26,387	[DEBUG]	EXEC>  SUCCESS 4094400.5
2025-02-24 15:08:26,387	[INFO]	WARM    SUCCESS               4094400.50 (--) [0 edit(s)]  
2025-02-24 15:08:26,943	[DEBUG]	EXEC>  SUCCESS 4094400.0
2025-02-24 15:08:26,943	[INFO]	WARM    SUCCESS               4094400.00 (--) [0 edit(s)]  
2025-02-24 15:08:26,944	[INFO]	REF     SUCCESS               4094400.00 (--) [0 edit(s)]  
2025-02-24 15:08:26,944	[INFO]	
2025-02-24 15:08:26,944	[INFO]	~~~~ START ~~~~
2025-02-24 15:09:08,801	[DEBUG]	EXEC>  SUCCESS 4098751.0
2025-02-24 15:09:08,801	[INFO]	0-1     SUCCESS              +4098751.00 (100.11%) [1 edit(s)]  
2025-02-24 15:09:08,801	[DEBUG]	patch(0-1)="LineLLMMutation(('source.cpp', 0), '#include <iostream>\n#include <vector>\n\nusing namespace std;\n\nint main() {\n    vector<int> judge(1000000, 1); // Using vector instead of array\n    int n, sum;\n\n    while(cin >> n) {\n        if(n == 0 || n == 1) {\n            sum = 0;\n        } else {\n            sum = 1;\n            for(int i = 3; i <= n; i += 2) {\n                if (judge[i] == 1) {\n                    sum++;\n                    for(int j = 2; j <= n / i; j++)\n                        judge[i * j] = 0;\n                }\n            }\n        }\n        cout << sum << endl;\n    }\n\n    return 0;\n}')"
2025-02-24 15:09:10,356	[DEBUG]	EXEC>  SUCCESS 4094568.5
2025-02-24 15:09:10,356	[INFO]	0-2     SUCCESS              +4094568.50 (100.00%) [1 edit(s)]  
2025-02-24 15:09:10,356	[DEBUG]	patch(0-2)="LineLLMMutation(('source.cpp', 1), '#include <iostream>\n#include <cstdio>\n\nusing namespace std;\n\nint main() {\n    int judge[1000000];\n    for(int k = 0; k < 1000000; k++) judge[k] = 1;\n\n    int n, sum;\n\n    while(scanf("%d", &n) != EOF) { // Using scanf for faster input\n        if(n == 0 || n == 1) {\n            sum = 0;\n        } else {\n            sum = 1;\n            for(int i = 3; i <= n; i += 2) {\n                if (judge[i] == 1) {\n                    sum++;\n                    for(int j = 2; j <= n / i; j++)\n                        judge[i * j] = 0;\n                }\n            }\n        }\n        printf("%d\\n", sum); // Using printf for faster output\n    }\n\n    return 0;\n}')"
2025-02-24 15:09:12,044	[DEBUG]	EXEC>  SUCCESS 12596448.0
2025-02-24 15:09:12,044	[INFO]	0-3     SUCCESS               12596448.00 (307.65%) [1 edit(s)]  
2025-02-24 15:09:12,044	[DEBUG]	patch(0-3)="LineLLMMutation(('source.cpp', 2), '#include <iostream>\n#include <vector>\n\nusing namespace std;\n\nint main() {\n    const int limit = 1000000;\n    vector<int> judge(limit, 1); // Using vector instead of array\n    judge[0] = judge[1] = 0; // 0 and 1 are not prime\n\n    // Precompute primes using Sieve of Eratosthenes\n    for(int i = 2; i * i < limit; i++) {\n        if (judge[i]) {\n            for(int j = i * i; j < limit; j += i)\n                judge[j] = 0;\n        }\n    }\n\n    int n, sum;\n\n    while(cin >> n) {\n        if(n == 0 || n == 1) {\n            sum = 0;\n        } else {\n            sum = 0; // Start sum at 0\n            for(int i = 2; i <= n; i++) {\n                if (judge[i]) sum++;\n            }\n        }\n        cout << sum << endl;\n    }\n\n    return 0;\n}')"
2025-02-24 15:09:13,865	[DEBUG]	EXEC>  SUCCESS 12596358.5
2025-02-24 15:09:13,865	[INFO]	0-4     SUCCESS               12596358.50 (307.65%) [1 edit(s)]  
2025-02-24 15:09:13,865	[DEBUG]	patch(0-4)="LineLLMMutation(('source.cpp', 3), '#include <iostream>\n#include <vector>\n\nusing namespace std;\n\nint main() {\n    const int limit = 1000000;\n    vector<int> judge(limit, 1);\n    judge[0] = judge[1] = 0;\n\n    // Sieve of Eratosthenes\n    for(int i = 2; i * i < limit; i++) {\n        if (judge[i]) {\n            for(int j = i * i; j < limit; j += i) // Start from i*i\n                judge[j] = 0;\n        }\n    }\n\n    int n, sum;\n\n    while(cin >> n) {\n        if(n == 0 || n == 1) {\n            sum = 0;\n        } else {\n            sum = 0;\n            for(int i = 2; i <= n; i++) {\n                if (judge[i]) sum++;\n            }\n        }\n        cout << sum << endl;\n    }\n\n    return 0;\n}')"
2025-02-24 15:09:15,484	[DEBUG]	EXEC>  SUCCESS 12596344.0
2025-02-24 15:09:15,484	[INFO]	0-5     SUCCESS               12596344.00 (307.65%) [1 edit(s)]  
2025-02-24 15:09:15,485	[DEBUG]	patch(0-5)="LineLLMMutation(('source.cpp', 4), '#include <iostream>\n#include <vector>\n\nusing namespace std;\n\nint main() {\n    const int limit = 1000000;\n    vector<int> judge(limit, 1);\n    judge[0] = judge[1] = 0;\n\n    // Sieve of Eratosthenes\n    for(int i = 2; i * i < limit; i++) {\n        if (judge[i]) {\n            for(int j = i * i; j < limit; j += i)\n                judge[j] = 0;\n        }\n    }\n\n    int n, sum;\n\n    while(cin >> n) {\n        sum = (n <= 1) ? 0 : 0; // Initialize sum\n        for(int i = 2; i <= n; i++) {\n            sum += judge[i]; // Directly sum up the prime numbers\n        }\n        cout << sum << endl;\n    }\n\n    return 0;\n}')"
2025-02-24 15:09:17,081	[DEBUG]	EXEC>  SUCCESS 12596363.0
2025-02-24 15:09:17,081	[INFO]	0-6     SUCCESS               12596363.00 (307.65%) [1 edit(s)]  
2025-02-24 15:09:17,081	[DEBUG]	patch(0-6)="LineLLMMutation(('source.cpp', 5), '#include <iostream>\n#include <vector>\n#include <numeric> // For std::accumulate\n\nusing namespace std;\n\nint main() {\n    const int limit = 1000000;\n    vector<int> judge(limit, 1);\n    judge[0] = judge[1] = 0;\n\n    // Sieve of Eratosthenes\n    for(int i = 2; i * i < limit; i++) {\n        if (judge[i]) {\n            for(int j = i * i; j < limit; j += i)\n                judge[j] = 0;\n        }\n    }\n\n    int n;\n\n    while(cin >> n) {\n        if(n <= 1) {\n            cout << 0 << endl; // Directly output for 0 and 1\n        } else {\n            int sum = accumulate(judge.begin(), judge.begin() + n + 1, 0); // Use accumulate to sum\n            cout << sum << endl;\n        }\n    }\n\n    return 0;\n}')"
2025-02-24 15:09:18,703	[DEBUG]	EXEC>  SUCCESS 12596364.5
2025-02-24 15:09:18,703	[INFO]	0-7     SUCCESS               12596364.50 (307.65%) [1 edit(s)]  
2025-02-24 15:09:18,703	[DEBUG]	patch(0-7)="LineLLMMutation(('source.cpp', 6), '#include <iostream>\n#include <vector>\n#include <numeric>\n\nusing namespace std;\n\nint main() {\n    const int limit = 1000000;\n    vector<int> judge(limit, 1);\n    judge[0] = judge[1] = 0;\n\n    // Sieve of Eratosthenes\n    for(int i = 2; i * i < limit; i++) {\n        if (judge[i]) {\n            for(int j = i * i; j < limit; j += i)\n                judge[j] = 0;\n        }\n    }\n\n    int n;\n\n    while(cin >> n) {\n        cout << (n <= 1 ? 0 : accumulate(judge.begin(), judge.begin() + n + 1, 0)) << endl; // Directly output the result\n    }\n\n    return 0;\n}')"
2025-02-24 15:09:20,301	[DEBUG]	EXEC>  SUCCESS 3098825.0
2025-02-24 15:09:20,301	[INFO]	0-8     SUCCESS              *3098825.00 (75.68%) [1 edit(s)]  
2025-02-24 15:09:20,301	[DEBUG]	patch(0-8)="LineLLMMutation(('source.cpp', 7), '#include <iostream>\n#include <vector>\n#include <numeric>\n\nusing namespace std;\n\nint main() {\n    int n;\n    while(cin >> n) {\n        if(n <= 1) {\n            cout << 0 << endl;\n            continue;\n        }\n\n        vector<int> judge(n + 1, 1);\n        judge[0] = judge[1] = 0;\n\n        // Sieve of Eratosthenes\n        for(int i = 2; i * i <= n; i++) {\n            if (judge[i]) {\n                for(int j = i * i; j <= n; j += i)\n                    judge[j] = 0;\n            }\n        }\n\n        cout << accumulate(judge.begin(), judge.end(), 0) << endl; // Output the sum of primes\n    }\n\n    return 0;\n}')"

2025-02-24 15:09:22,080	[INFO]	0-9     TEST_CODE_ERROR       None (--) [1 edit(s)]  
2025-02-24 15:09:22,080	[DEBUG]	patch(0-9)="LineLLMMutation(('source.cpp', 8), '#include <iostream>\n#include <vector>\n#include <numeric>\n#include <thread>\n#include <mutex>\n\nusing namespace std;\nmutex coutMutex;\n\nvoid processInput(int n) {\n    if(n <= 1) {\n        lock_guard<mutex> lock(coutMutex);\n        cout << 0 << endl;\n        return;\n    }\n\n    vector<int> judge(n + 1, 1);\n    judge[0] = judge[1] = 0;\n\n    // Sieve of Eratosthenes\n    for(int i = 2; i * i <= n; i++) {\n        if (judge[i]) {\n            for(int j = i * i; j <= n; j += i)\n                judge[j] = 0;\n        }\n    }\n\n    lock_guard<mutex> lock(coutMutex);\n    cout << accumulate(judge.begin(), judge.end(), 0) << endl; // Output the sum of primes\n}\n\nint main() {\n    vector<int> inputs;\n    int n;\n\n    while(cin >> n) {\n        inputs.push_back(n);\n    }\n\n    vector<thread> threads;\n    for(int input : inputs) {\n        threads.emplace_back(processInput, input);\n    }\n\n    for(auto& th : threads) {\n        th.join(); // Wait for all threads to finish\n    }\n\n    return 0;\n}')"
2025-02-24 15:09:23,869	[DEBUG]	EXEC>  SUCCESS 3109164.5
2025-02-24 15:09:23,869	[INFO]	0-10    SUCCESS               3109164.50 (75.94%) [1 edit(s)]  
2025-02-24 15:09:23,869	[DEBUG]	patch(0-10)="LineLLMMutation(('source.cpp', 9), '#include <iostream>\n#include <vector>\n#include <numeric>\n#include <cmath>\n\nusing namespace std;\n\nvoid segmentedSieve(int n) {\n    vector<bool> prime(n + 1, true);\n    prime[0] = prime[1] = false;\n\n    int limit = sqrt(n) + 1;\n    vector<int> primes;\n\n    for (int i = 2; i <= limit; i++) {\n        if (prime[i]) {\n            for (int j = i * i; j <= n; j += i) {\n                prime[j] = false;\n            }\n            primes.push_back(i);\n        }\n    }\n\n    int sum = 0;\n    for (int i = 2; i <= n; i++) {\n        if (prime[i]) sum++;\n    }\n    cout << sum << endl;\n}\n\nint main() {\n    int n;\n\n    while (cin >> n) {\n        segmentedSieve(n);\n    }\n\n    return 0;\n}')"
2025-02-24 15:09:24,870	[INFO]	Step: 10
2025-02-24 15:09:24,870	[INFO]	Stop Steps: 50
2025-02-24 15:09:26,434	[DEBUG]	EXEC>  SUCCESS 4094745.0
2025-02-24 15:09:26,434	[INFO]	REF     SUCCESS               4094745.00 (--) [0 edit(s)]  
2025-02-24 15:09:26,434	[INFO]	Best patch: 7
2025-02-24 15:09:27,038	[DEBUG]	EXEC>  SUCCESS 3098827.5
2025-02-24 15:09:27,038	[INFO]	BEST    SUCCESS              *3098827.50 (75.68%) [0 edit(s)]  
2025-02-24 15:09:27,038	[INFO]	Best patch step: 7
2025-02-24 15:10:10,752	[INFO]	Step: 10
2025-02-24 15:10:10,752	[INFO]	Stop Steps: 50
2025-02-24 15:10:11,399	[DEBUG]	EXEC>  SUCCESS 3098825.0
2025-02-24 15:10:11,399	[INFO]	1-1     SUCCESS              *3098825.00 (75.68%) [1 edit(s)]  
2025-02-24 15:10:11,399	[DEBUG]	patch(1-1)="LineLLMMutation(('source.cpp', 7), '#include <iostream>\n#include <vector>\n#include <numeric>\n\nusing namespace std;\n\nint main() {\n    int n;\n    while(cin >> n) {\n        if(n <= 1) {\n            cout << 0 << endl;\n            continue;\n        }\n\n        vector<int> judge(n + 1, 1);\n        judge[0] = judge[1] = 0;\n\n        // Sieve of Eratosthenes\n        for(int i = 2; i * i <= n; i++) {\n            if (judge[i]) {\n                for(int j = i * i; j <= n; j += i)\n                    judge[j] = 0;\n            }\n        }\n\n        cout << accumulate(judge.begin(), judge.end(), 0) << endl; // Output the sum of primes\n    }\n\n    return 0;\n}')"

2025-02-24 15:10:11,399	[INFO]	Step: 11
2025-02-24 15:10:11,400	[INFO]	Stop Steps: 50
2025-02-24 15:10:12,232	[DEBUG]	EXEC>  SUCCESS 3109165.0
2025-02-24 15:10:12,232	[INFO]	1-2     SUCCESS               3109165.00 (75.93%) [1 edit(s)]  
2025-02-24 15:10:12,232	[DEBUG]	patch(1-2)="LineLLMMutation(('source.cpp', 9), '#include <iostream>\n#include <vector>\n#include <numeric>\n#include <cmath>\n\nusing namespace std;\n\nvoid segmentedSieve(int n) {\n    vector<bool> prime(n + 1, true);\n    prime[0] = prime[1] = false;\n\n    int limit = sqrt(n) + 1;\n    vector<int> primes;\n\n    for (int i = 2; i <= limit; i++) {\n        if (prime[i]) {\n            for (int j = i * i; j <= n; j += i) {\n                prime[j] = false;\n            }\n            primes.push_back(i);\n        }\n    }\n\n    int sum = 0;\n    for (int i = 2; i <= n; i++) {\n        if (prime[i]) sum++;\n    }\n    cout << sum << endl;\n}\n\nint main() {\n    int n;\n\n    while (cin >> n) {\n        segmentedSieve(n);\n    }\n\n    return 0;\n}')"
2025-02-24 15:10:12,233	[INFO]	Step: 12
2025-02-24 15:10:12,233	[INFO]	Stop Steps: 50
2025-02-24 15:10:12,841	[DEBUG]	EXEC>  SUCCESS 4100061.0
2025-02-24 15:10:12,842	[INFO]	1-3     SUCCESS               4100061.00 (100.13%) [1 edit(s)]  
2025-02-24 15:10:12,842	[DEBUG]	patch(1-3)="LineLLMCrossover(('source.cpp', 0), '#include <iostream>\n#include <vector>\n#include <numeric>\n#include <cstdio>\n\nusing namespace std;\n\nint main() {\n    int n, sum;\n    vector<int> judge(1000000, 1);\n    judge[0] = judge[1] = 0;\n\n    while(scanf("%d", &n) != EOF) {\n        if(n <= 1) {\n            sum = 0;\n        } else {\n            // Sieve of Eratosthenes\n            for(int i = 2; i * i <= n; i++) {\n                if (judge[i]) {\n                    for(int j = i * i; j <= n; j += i)\n                        judge[j] = 0;\n                }\n            }\n            sum = accumulate(judge.begin(), judge.begin() + n + 1, 0);\n        }\n        printf("%d\\n", sum);\n    }\n\n    return 0;\n}')"
2025-02-24 15:10:12,842	[INFO]	Step: 13
2025-02-24 15:10:12,842	[INFO]	Stop Steps: 50
2025-02-24 15:10:13,754	[DEBUG]	EXEC>  SUCCESS 3108237.5
2025-02-24 15:10:13,755	[INFO]	1-4     SUCCESS               3108237.50 (75.91%) [1 edit(s)]  
2025-02-24 15:10:13,755	[DEBUG]	patch(1-4)="LineLLMCrossover(('source.cpp', 1), '#include <iostream>\n#include <vector>\n#include <cmath>\n#include <cstdio>\n\nusing namespace std;\n\nvoid segmentedSieve(int n, vector<bool>& prime) {\n    prime[0] = prime[1] = false;\n    int limit = sqrt(n) + 1;\n\n    for (int i = 2; i <= limit; i++) {\n        if (prime[i]) {\n            for (int j = i * i; j <= n; j += i) {\n                prime[j] = false;\n            }\n        }\n    }\n\n    int sum = 0;\n    for (int i = 2; i <= n; i++) {\n        if (prime[i]) sum++;\n    }\n    printf("%d\\n", sum);\n}\n\nint main() {\n    int n;\n    vector<bool> prime(1000000, true);\n\n    while (scanf("%d", &n) != EOF) {\n        segmentedSieve(n, prime);\n    }\n\n    return 0;\n}')"
2025-02-24 15:10:13,755	[INFO]	Step: 14
2025-02-24 15:10:13,755	[INFO]	Stop Steps: 50
2025-02-24 15:10:14,360	[DEBUG]	EXEC>  SUCCESS 4099629.0
2025-02-24 15:10:14,361	[INFO]	1-5     SUCCESS               4099629.00 (100.12%) [1 edit(s)]  
2025-02-24 15:10:14,361	[DEBUG]	patch(1-5)="LineLLMCrossover(('source.cpp', 2), '#include <iostream>\n#include <vector>\n#include <numeric>\n#include <cstdio>\n\nusing namespace std;\n\nint main() {\n    int n;\n    vector<int> judge(1000000, 1);\n    judge[0] = judge[1] = 0;\n\n    while(scanf("%d", &n) != EOF) {\n        if(n <= 1) {\n            printf("0\\n");\n            continue;\n        }\n\n        // Sieve of Eratosthenes\n        for(int i = 2; i * i <= n; i++) {\n            if (judge[i]) {\n                for(int j = i * i; j <= n; j += i)\n                    judge[j] = 0;\n            }\n        }\n        int sum = accumulate(judge.begin(), judge.begin() + n + 1, 0);\n        printf("%d\\n", sum);\n    }\n\n    return 0;\n}')"
2025-02-24 15:10:14,361	[INFO]	Step: 15
2025-02-24 15:10:14,361	[INFO]	Stop Steps: 50
2025-02-24 15:10:15,069	[DEBUG]	EXEC>  SUCCESS 3095118.0
2025-02-24 15:10:15,070	[INFO]	1-6     SUCCESS              *3095118.00 (75.59%) [1 edit(s)]  
2025-02-24 15:10:15,070	[DEBUG]	patch(1-6)="LineLLMCrossover(('source.cpp', 3), '#include <iostream>\n#include <vector>\n#include <cmath>\n#include <cstdio>\n\nusing namespace std;\n\nvoid segmentedSieve(int n) {\n    vector<bool> prime(n + 1, true);\n    prime[0] = prime[1] = false;\n\n    int limit = sqrt(n) + 1;\n\n    for (int i = 2; i <= limit; i++) {\n        if (prime[i]) {\n            for (int j = i * i; j <= n; j += i) {\n                prime[j] = false;\n            }\n        }\n    }\n\n    int sum = 0;\n    for (int i = 2; i <= n; i++) {\n        if (prime[i]) sum++;\n    }\n    printf("%d\\n", sum);\n}\n\nint main() {\n    int n;\n\n    while (scanf("%d", &n) != EOF) {\n        segmentedSieve(n);\n    }\n\n    return 0;\n}')"

2025-02-24 15:10:15,070	[INFO]	Step: 16
2025-02-24 15:10:15,070	[INFO]	Stop Steps: 50
2025-02-24 15:10:15,454	[DEBUG]	EXEC>  SUCCESS 3046322.0
2025-02-24 15:10:15,454	[INFO]	1-7     SUCCESS              *3046322.00 (74.40%) [2 edit(s)]  
2025-02-24 15:10:15,454	[DEBUG]	patch(1-7)="LineLLMMutation(('source.cpp', 7), '#include <iostream>\n#include <vector>\n#include <numeric>\n\nusing namespace std;\n\nint main() {\n    int n;\n    while(cin >> n) {\n        if(n <= 1) {\n            cout << 0 << endl;\n            continue;\n        }\n\n        vector<int> judge(n + 1, 1);\n        judge[0] = judge[1] = 0;\n\n        // Sieve of Eratosthenes\n        for(int i = 2; i * i <= n; i++) {\n            if (judge[i]) {\n                for(int j = i * i; j <= n; j += i)\n                    judge[j] = 0;\n            }\n        }\n\n        cout << accumulate(judge.begin(), judge.end(), 0) << endl; // Output the sum of primes\n    }\n\n    return 0;\n}') | LineLLMMutation(('source.cpp', 10), '#include <cstdio>\n#include <vector>\n\nusing namespace std;\n\nint main() {\n    int n;\n    while(scanf("%d", &n) == 1) {\n        if(n <= 1) {\n            printf("0\\n");\n            continue;\n        }\n\n        vector<int> judge(n + 1, 1);\n        judge[0] = judge[1] = 0;\n\n        // Sieve of Eratosthenes\n        for(int i = 2; i * i <= n; i++) {\n            if (judge[i]) {\n                for(int j = i * i; j <= n; j += i)\n                    judge[j] = 0;\n            }\n        }\n\n        int prime_count = 0;\n        for(int i = 0; i <= n; ++i) {\n            prime_count += judge[i];\n        }\n        printf("%d\\n", prime_count); // Output the sum of primes\n    }\n\n    return 0;\n}')"

2025-02-24 15:10:15,454	[INFO]	Step: 17
2025-02-24 15:10:15,454	[INFO]	Stop Steps: 50
2025-02-24 15:10:15,972	[INFO]	1-8     COMPILE_CODE_ERROR    None (--) [2 edit(s)]  
2025-02-24 15:10:15,972	[DEBUG]	patch(1-8)="LineLLMMutation(('source.cpp', 9), '#include <iostream>\n#include <vector>\n#include <numeric>\n#include <cmath>\n\nusing namespace std;\n\nvoid segmentedSieve(int n) {\n    vector<bool> prime(n + 1, true);\n    prime[0] = prime[1] = false;\n\n    int limit = sqrt(n) + 1;\n    vector<int> primes;\n\n    for (int i = 2; i <= limit; i++) {\n        if (prime[i]) {\n            for (int j = i * i; j <= n; j += i) {\n                prime[j] = false;\n            }\n            primes.push_back(i);\n        }\n    }\n\n    int sum = 0;\n    for (int i = 2; i <= n; i++) {\n        if (prime[i]) sum++;\n    }\n    cout << sum << endl;\n}\n\nint main() {\n    int n;\n\n    while (cin >> n) {\n        segmentedSieve(n);\n    }\n\n    return 0;\n}') | LineLLMMutation(('source.cpp', 11), '#include <iostream>\n#include <vector>\n#include <cmath>\n\nusing namespace std;\n\nvoid segmentedSieve(int n) {\n    vector<bool> prime(n + 1, true);\n    prime[0] = prime[1] = false;\n\n    int limit = sqrt(n);\n    for (int i = 2; i <= limit; i++) {\n        if (prime[i]) {\n            for (int j = i * i; j <= n; j += i) {\n                prime[j] = false;\n            }\n        }\n    }\n\n    int sum = accumulate(prime.begin(), prime.end(), 0);\n    cout << sum << endl;\n}\n\nint main() {\n    int n;\n\n    while (cin >> n) {\n        segmentedSieve(n);\n    }\n\n    return 0;\n}')"
2025-02-24 15:10:15,972	[INFO]	Step: 18
2025-02-24 15:10:15,972	[INFO]	Stop Steps: 50
2025-02-24 15:10:16,594	[DEBUG]	EXEC>  SUCCESS 26474881.0
2025-02-24 15:10:16,594	[INFO]	1-9     SUCCESS               26474881.00 (646.56%) [2 edit(s)]  
2025-02-24 15:10:16,594	[DEBUG]	patch(1-9)="LineLLMMutation(('source.cpp', 1), '#include <iostream>\n#include <cstdio>\n\nusing namespace std;\n\nint main() {\n    int judge[1000000];\n    for(int k = 0; k < 1000000; k++) judge[k] = 1;\n\n    int n, sum;\n\n    while(scanf("%d", &n) != EOF) { // Using scanf for faster input\n        if(n == 0 || n == 1) {\n            sum = 0;\n        } else {\n            sum = 1;\n            for(int i = 3; i <= n; i += 2) {\n                if (judge[i] == 1) {\n                    sum++;\n                    for(int j = 2; j <= n / i; j++)\n                        judge[i * j] = 0;\n                }\n            }\n        }\n        printf("%d\\n", sum); // Using printf for faster output\n    }\n\n    return 0;\n}') | LineLLMMutation(('source.cpp', 12), '#include <iostream>\n#include <cstdio>\n#include <vector>\n\nusing namespace std;\n\nint main() {\n    const int MAXN = 1000000;\n    vector<bool> judge(MAXN, true); // Using vector for automatic memory management\n\n    judge[0] = judge[1] = false; // 0 and 1 are not primes\n\n    for(int i = 2; i * i < MAXN; i++) {\n        if (judge[i]) {\n            for(int j = i * i; j < MAXN; j += i) {\n                judge[j] = false; // Mark multiples as non-prime\n            }\n        }\n    }\n\n    int n, sum;\n\n    while(scanf("%d", &n) != EOF) { // Using scanf for faster input\n        if(n < 2) {\n            sum = 0;\n        } else {\n            sum = 0;\n            for(int i = 2; i <= n; i++) {\n                if (judge[i]) {\n                    sum++;\n                }\n            }\n        }\n        printf("%d\\n", sum); // Using printf for faster output\n    }\n\n    return 0;\n}')"
2025-02-24 15:10:16,594	[INFO]	Step: 19
2025-02-24 15:10:16,594	[INFO]	Stop Steps: 50
2025-02-24 15:10:17,312	[DEBUG]	EXEC>  SUCCESS 3101315.0
2025-02-24 15:10:17,313	[INFO]	1-10    SUCCESS               3101315.00 (75.74%) [2 edit(s)]  
2025-02-24 15:10:17,313	[DEBUG]	patch(1-10)="LineLLMMutation(('source.cpp', 0), '#include <iostream>\n#include <vector>\n\nusing namespace std;\n\nint main() {\n    vector<int> judge(1000000, 1); // Using vector instead of array\n    int n, sum;\n\n    while(cin >> n) {\n        if(n == 0 || n == 1) {\n            sum = 0;\n        } else {\n            sum = 1;\n            for(int i = 3; i <= n; i += 2) {\n                if (judge[i] == 1) {\n                    sum++;\n                    for(int j = 2; j <= n / i; j++)\n                        judge[i * j] = 0;\n                }\n            }\n        }\n        cout << sum << endl;\n    }\n\n    return 0;\n}') | LineLLMMutation(('source.cpp', 13), '#include <iostream>\n#include <cmath>\n#include <vector>\n\nusing namespace std;\n\nint main() {\n    int n;\n    while(cin >> n) {\n        if(n < 2) {\n            cout << 0 << endl;\n            continue;\n        }\n\n        int sum = 0;\n        vector<bool> judge(n + 1, true); // Use vector of size n + 1\n        judge[0] = judge[1] = false; // 0 and 1 are not prime\n\n        for(int i = 2; i <= sqrt(n); ++i) {\n            if (judge[i]) {\n                for (int j = i * i; j <= n; j += i) {\n                    judge[j] = false; // Mark multiples as non-prime\n                }\n            }\n        }\n\n        for (int i = 2; i <= n; ++i) {\n            if (judge[i]) {\n                sum++;\n            }\n        }\n\n        cout << sum << endl;\n    }\n\n    return 0;\n}')"
2025-02-24 15:10:17,313	[INFO]	Step: 20
2025-02-24 15:10:17,313	[INFO]	Stop Steps: 50
2025-02-24 15:10:17,869	[DEBUG]	EXEC>  SUCCESS 4094490.5
2025-02-24 15:10:17,869	[INFO]	1-1     SUCCESS               4094490.50 (99.99%) [1 edit(s)]  
2025-02-24 15:10:17,869	[DEBUG]	patch(1-1)="LineLLMMutation(('source.cpp', 14), '#include <iostream>\n\nusing namespace std;\n\nint main() {\n    int judge[1000000];\n\n    for(int k=0; k<1000000; k++) judge[k] = 1;\n\n    int n, sum;\n\n    while(cin >> n) {\n        if(n == 0 || n == 1) {\n            sum = 0;\n        } else {\n            sum = 1;\n            for(int i = 3; i < n + 1; i += 2) {\n                if (judge[i] == 1) {\n                    sum++;\n                    for(int j = 2; j <= n / i; j++)\n                        judge[i * j] = 0;\n                }\n            }\n        }\n\n        cout << sum << endl;\n    }\n\n    return 0;\n}')"
2025-02-24 15:10:17,869	[INFO]	Step: 21
2025-02-24 15:10:17,869	[INFO]	Stop Steps: 50
2025-02-24 15:10:19,437	[DEBUG]	EXEC>  SUCCESS 4094491.0
2025-02-24 15:10:19,437	[INFO]	REF     SUCCESS               4094491.00 (--) [0 edit(s)]  
2025-02-24 15:10:19,437	[INFO]	Best patch: 7_10
2025-02-24 15:10:19,808	[DEBUG]	EXEC>  SUCCESS 3046321.0
2025-02-24 15:10:19,808	[INFO]	BEST    SUCCESS              *3046321.00 (74.40%) [0 edit(s)]  
2025-02-24 15:10:19,808	[INFO]	Best patch step: 16
2025-02-24 15:11:01,237	[INFO]	Step: 21
2025-02-24 15:11:01,237	[INFO]	Stop Steps: 50
2025-02-24 15:11:01,614	[DEBUG]	EXEC>  SUCCESS 3046501.5
2025-02-24 15:11:01,614	[INFO]	2-2     SUCCESS              +3046501.50 (74.40%) [2 edit(s)]  
2025-02-24 15:11:01,614	[DEBUG]	patch(2-2)="LineLLMMutation(('source.cpp', 7), '#include <iostream>\n#include <vector>\n#include <numeric>\n\nusing namespace std;\n\nint main() {\n    int n;\n    while(cin >> n) {\n        if(n <= 1) {\n            cout << 0 << endl;\n            continue;\n        }\n\n        vector<int> judge(n + 1, 1);\n        judge[0] = judge[1] = 0;\n\n        // Sieve of Eratosthenes\n        for(int i = 2; i * i <= n; i++) {\n            if (judge[i]) {\n                for(int j = i * i; j <= n; j += i)\n                    judge[j] = 0;\n            }\n        }\n\n        cout << accumulate(judge.begin(), judge.end(), 0) << endl; // Output the sum of primes\n    }\n\n    return 0;\n}') | LineLLMMutation(('source.cpp', 10), '#include <cstdio>\n#include <vector>\n\nusing namespace std;\n\nint main() {\n    int n;\n    while(scanf("%d", &n) == 1) {\n        if(n <= 1) {\n            printf("0\\n");\n            continue;\n        }\n\n        vector<int> judge(n + 1, 1);\n        judge[0] = judge[1] = 0;\n\n        // Sieve of Eratosthenes\n        for(int i = 2; i * i <= n; i++) {\n            if (judge[i]) {\n                for(int j = i * i; j <= n; j += i)\n                    judge[j] = 0;\n            }\n        }\n\n        int prime_count = 0;\n        for(int i = 0; i <= n; ++i) {\n            prime_count += judge[i];\n        }\n        printf("%d\\n", prime_count); // Output the sum of primes\n    }\n\n    return 0;\n}')"
2025-02-24 15:11:01,614	[INFO]	Step: 22
2025-02-24 15:11:01,615	[INFO]	Stop Steps: 50
2025-02-24 15:11:02,324	[DEBUG]	EXEC>  SUCCESS 3095117.5
2025-02-24 15:11:02,325	[INFO]	2-3     SUCCESS               3095117.50 (75.59%) [1 edit(s)]  
2025-02-24 15:11:02,325	[DEBUG]	patch(2-3)="LineLLMCrossover(('source.cpp', 3), '#include <iostream>\n#include <vector>\n#include <cmath>\n#include <cstdio>\n\nusing namespace std;\n\nvoid segmentedSieve(int n) {\n    vector<bool> prime(n + 1, true);\n    prime[0] = prime[1] = false;\n\n    int limit = sqrt(n) + 1;\n\n    for (int i = 2; i <= limit; i++) {\n        if (prime[i]) {\n            for (int j = i * i; j <= n; j += i) {\n                prime[j] = false;\n            }\n        }\n    }\n\n    int sum = 0;\n    for (int i = 2; i <= n; i++) {\n        if (prime[i]) sum++;\n    }\n    printf("%d\\n", sum);\n}\n\nint main() {\n    int n;\n\n    while (scanf("%d", &n) != EOF) {\n        segmentedSieve(n);\n    }\n\n    return 0;\n}')"
2025-02-24 15:11:02,325	[INFO]	Step: 23
2025-02-24 15:11:02,325	[INFO]	Stop Steps: 50
2025-02-24 15:11:03,038	[DEBUG]	EXEC>  SUCCESS 3095117.5
2025-02-24 15:11:03,038	[INFO]	2-4     SUCCESS               3095117.50 (75.59%) [1 edit(s)]  
2025-02-24 15:11:03,038	[DEBUG]	patch(2-4)="LineLLMCrossover(('source.cpp', 4), '#include <iostream>\n#include <vector>\n#include <cmath>\n#include <cstdio>\n\nusing namespace std;\n\nvoid segmentedSieve(int n) {\n    vector<bool> prime(n + 1, true);\n    prime[0] = prime[1] = false;\n\n    int limit = sqrt(n) + 1;\n\n    for (int i = 2; i <= limit; i++) {\n        if (prime[i]) {\n            for (int j = i * i; j <= n; j += i) {\n                prime[j] = false;\n            }\n        }\n    }\n\n    int sum = 0;\n    for (int i = 2; i <= n; i++) {\n        if (prime[i]) sum++;\n    }\n    printf("%d\\n", sum);\n}\n\nint main() {\n    int n;\n    while (scanf("%d", &n) != EOF) {\n        segmentedSieve(n);\n    }\n    return 0;\n}')"
2025-02-24 15:11:03,038	[INFO]	Step: 24
2025-02-24 15:11:03,038	[INFO]	Stop Steps: 50
2025-02-24 15:11:03,767	[DEBUG]	EXEC>  SUCCESS 3101497.5
2025-02-24 15:11:03,767	[INFO]	2-5     SUCCESS               3101497.50 (75.75%) [1 edit(s)]  
2025-02-24 15:11:03,767	[DEBUG]	patch(2-5)="LineLLMCrossover(('source.cpp', 5), '#include <iostream>\n#include <vector>\n#include <numeric>\n#include <cmath>\n\nusing namespace std;\n\nint main() {\n    int n;\n    while (cin >> n) {\n        if (n < 2) {\n            cout << 0 << endl;\n            continue;\n        }\n\n        vector<bool> judge(n + 1, true);\n        judge[0] = judge[1] = false;\n\n        for (int i = 2; i <= sqrt(n); ++i) {\n            if (judge[i]) {\n                for (int j = i * i; j <= n; j += i) {\n                    judge[j] = false;\n                }\n            }\n        }\n\n        cout << accumulate(judge.begin(), judge.end(), 0) << endl;\n    }\n    return 0;\n}')"
2025-02-24 15:11:03,767	[INFO]	Step: 25
2025-02-24 15:11:03,767	[INFO]	Stop Steps: 50
2025-02-24 15:11:04,610	[DEBUG]	EXEC>  SUCCESS 3095117.0
2025-02-24 15:11:04,610	[INFO]	2-6     SUCCESS               3095117.00 (75.59%) [1 edit(s)]  
2025-02-24 15:11:04,610	[DEBUG]	patch(2-6)="LineLLMCrossover(('source.cpp', 6), '#include <iostream>\n#include <vector>\n#include <cmath>\n#include <cstdio>\n\nusing namespace std;\n\nvoid segmentedSieve(int n) {\n    vector<bool> prime(n + 1, true);\n    prime[0] = prime[1] = false;\n\n    int limit = sqrt(n) + 1;\n\n    for (int i = 2; i <= limit; i++) {\n        if (prime[i]) {\n            for (int j = i * i; j <= n; j += i) {\n                prime[j] = false;\n            }\n        }\n    }\n\n    int prime_count = 0;\n    for (int i = 2; i <= n; i++) {\n        prime_count += prime[i];\n    }\n    printf("%d\\n", prime_count);\n}\n\nint main() {\n    int n;\n    while (scanf("%d", &n) != EOF) {\n        segmentedSieve(n);\n    }\n    return 0;\n}')"
2025-02-24 15:11:04,610	[INFO]	Step: 26
2025-02-24 15:11:04,610	[INFO]	Stop Steps: 50
2025-02-24 15:11:05,331	[DEBUG]	EXEC>  SUCCESS 3101409.5
2025-02-24 15:11:05,331	[INFO]	2-7     SUCCESS               3101409.50 (75.75%) [1 edit(s)]  
2025-02-24 15:11:05,331	[DEBUG]	patch(2-7)="LineLLMCrossover(('source.cpp', 7), '#include <iostream>\n#include <vector>\n#include <numeric>\n#include <cmath>\n\nusing namespace std;\n\nint main() {\n    int n;\n    while (cin >> n) {\n        if (n < 2) {\n            cout << 0 << endl;\n            continue;\n        }\n\n        vector<bool> judge(n + 1, true);\n        judge[0] = judge[1] = false;\n\n        for (int i = 2; i <= sqrt(n); ++i) {\n            if (judge[i]) {\n                for (int j = i * i; j <= n; j += i) {\n                    judge[j] = false;\n                }\n            }\n        }\n\n        cout << accumulate(judge.begin(), judge.end(), 0) << endl;\n    }\n    return 0;\n}')"
2025-02-24 15:11:05,331	[INFO]	Step: 27
2025-02-24 15:11:05,331	[INFO]	Stop Steps: 50
2025-02-24 15:11:05,722	[DEBUG]	EXEC>  SUCCESS 3050619.0
2025-02-24 15:11:05,722	[INFO]	2-8     SUCCESS               3050619.00 (74.51%) [3 edit(s)]  
2025-02-24 15:11:05,722	[DEBUG]	patch(2-8)="LineLLMMutation(('source.cpp', 7), '#include <iostream>\n#include <vector>\n#include <numeric>\n\nusing namespace std;\n\nint main() {\n    int n;\n    while(cin >> n) {\n        if(n <= 1) {\n            cout << 0 << endl;\n            continue;\n        }\n\n        vector<int> judge(n + 1, 1);\n        judge[0] = judge[1] = 0;\n\n        // Sieve of Eratosthenes\n        for(int i = 2; i * i <= n; i++) {\n            if (judge[i]) {\n                for(int j = i * i; j <= n; j += i)\n                    judge[j] = 0;\n            }\n        }\n\n        cout << accumulate(judge.begin(), judge.end(), 0) << endl; // Output the sum of primes\n    }\n\n    return 0;\n}') | LineLLMMutation(('source.cpp', 10), '#include <cstdio>\n#include <vector>\n\nusing namespace std;\n\nint main() {\n    int n;\n    while(scanf("%d", &n) == 1) {\n        if(n <= 1) {\n            printf("0\\n");\n            continue;\n        }\n\n        vector<int> judge(n + 1, 1);\n        judge[0] = judge[1] = 0;\n\n        // Sieve of Eratosthenes\n        for(int i = 2; i * i <= n; i++) {\n            if (judge[i]) {\n                for(int j = i * i; j <= n; j += i)\n                    judge[j] = 0;\n            }\n        }\n\n        int prime_count = 0;\n        for(int i = 0; i <= n; ++i) {\n            prime_count += judge[i];\n        }\n        printf("%d\\n", prime_count); // Output the sum of primes\n    }\n\n    return 0;\n}') | LineLLMMutation(('source.cpp', 15), '#include <cstdio>\n#include <vector>\n\nusing namespace std;\n\nint main() {\n    int n;\n    while(scanf("%d", &n) == 1) {\n        if(n < 2) {\n            printf("0\\n");\n            continue;\n        }\n\n        vector<bool> judge(n + 1, true);\n        judge[0] = judge[1] = false;\n\n        // Sieve of Eratosthenes\n        for(int i = 2; i * i <= n; i++) {\n            if (judge[i]) {\n                for(int j = i * i; j <= n; j += i)\n                    judge[j] = false;\n            }\n        }\n\n        // Counting primes more efficiently\n        int prime_count = 0;\n        for(int i = 2; i <= n; ++i) {\n            prime_count += judge[i];\n        }\n        printf("%d\\n", prime_count); // Output the sum of primes\n    }\n\n    return 0;\n}')"
2025-02-24 15:11:05,722	[INFO]	Step: 28
2025-02-24 15:11:05,722	[INFO]	Stop Steps: 50
2025-02-24 15:11:06,358	[DEBUG]	EXEC>  SUCCESS 3099912.5
2025-02-24 15:11:06,358	[INFO]	2-9     SUCCESS               3099912.50 (75.71%) [2 edit(s)]  
2025-02-24 15:11:06,358	[DEBUG]	patch(2-9)="LineLLMCrossover(('source.cpp', 3), '#include <iostream>\n#include <vector>\n#include <cmath>\n#include <cstdio>\n\nusing namespace std;\n\nvoid segmentedSieve(int n) {\n    vector<bool> prime(n + 1, true);\n    prime[0] = prime[1] = false;\n\n    int limit = sqrt(n) + 1;\n\n    for (int i = 2; i <= limit; i++) {\n        if (prime[i]) {\n            for (int j = i * i; j <= n; j += i) {\n                prime[j] = false;\n            }\n        }\n    }\n\n    int sum = 0;\n    for (int i = 2; i <= n; i++) {\n        if (prime[i]) sum++;\n    }\n    printf("%d\\n", sum);\n}\n\nint main() {\n    int n;\n\n    while (scanf("%d", &n) != EOF) {\n        segmentedSieve(n);\n    }\n\n    return 0;\n}') | LineLLMMutation(('source.cpp', 16), '#include <iostream>\n#include <cmath>\n#include <cstdio>\n\nusing namespace std;\n\nvoid segmentedSieve(int n) {\n    bool prime[n + 1]; // Use a static array instead of vector\n    fill(prime, prime + n + 1, true); // Initialize the array\n    prime[0] = prime[1] = false;\n\n    int limit = sqrt(n) + 1;\n\n    for (int i = 2; i <= limit; i++) {\n        if (prime[i]) {\n            for (int j = i * i; j <= n; j += i) {\n                prime[j] = false;\n            }\n        }\n    }\n\n    int sum = 0;\n    for (int i = 2; i <= n; i++) {\n        if (prime[i]) sum++;\n    }\n    printf("%d\\n", sum);\n}\n\nint main() {\n    int n;\n\n    while (scanf("%d", &n) != EOF) {\n        segmentedSieve(n);\n    }\n\n    return 0;\n}')"
2025-02-24 15:11:06,358	[INFO]	Step: 29
2025-02-24 15:11:06,359	[INFO]	Stop Steps: 50
2025-02-24 15:11:06,764	[INFO]	2-10    COMPILE_CODE_ERROR    None (--) [2 edit(s)]  
2025-02-24 15:11:06,764	[DEBUG]	patch(2-10)="LineLLMMutation(('source.cpp', 7), '#include <iostream>\n#include <vector>\n#include <numeric>\n\nusing namespace std;\n\nint main() {\n    int n;\n    while(cin >> n) {\n        if(n <= 1) {\n            cout << 0 << endl;\n            continue;\n        }\n\n        vector<int> judge(n + 1, 1);\n        judge[0] = judge[1] = 0;\n\n        // Sieve of Eratosthenes\n        for(int i = 2; i * i <= n; i++) {\n            if (judge[i]) {\n                for(int j = i * i; j <= n; j += i)\n                    judge[j] = 0;\n            }\n        }\n\n        cout << accumulate(judge.begin(), judge.end(), 0) << endl; // Output the sum of primes\n    }\n\n    return 0;\n}') | LineLLMMutation(('source.cpp', 17), '#include <iostream>\n#include <vector>\n#include <numeric>\n\nusing namespace std;\n\nint main() {\n    int n;\n    while(cin >> n) {\n        if(n <= 1) {\n            cout << 0 << endl;\n            continue;\n        }\n\n        vector<bool> judge(n + 1, true); // Use bool for better memory efficiency\n        judge[0] = judge[1] = false;\n\n        // Sieve of Eratosthenes\n        for(int i = 2; i * i <= n; i++) {\n            if (judge[i]) {\n                for(int j = i * i; j <= n; j += i)\n                    judge[j] = false; // Use false instead of 0 for clarity\n            }\n        }\n\n        cout << count(judge.begin(), judge.end(), true) << endl; // Output the count of primes\n    }\n\n    return 0;\n}')"
2025-02-24 15:11:06,764	[INFO]	Step: 30
2025-02-24 15:11:06,764	[INFO]	Stop Steps: 50
2025-02-24 15:11:07,281	[INFO]	2-1     COMPILE_CODE_ERROR    None (--) [3 edit(s)]  
2025-02-24 15:11:07,281	[DEBUG]	patch(2-1)="LineLLMMutation(('source.cpp', 0), '#include <iostream>\n#include <vector>\n\nusing namespace std;\n\nint main() {\n    vector<int> judge(1000000, 1); // Using vector instead of array\n    int n, sum;\n\n    while(cin >> n) {\n        if(n == 0 || n == 1) {\n            sum = 0;\n        } else {\n            sum = 1;\n            for(int i = 3; i <= n; i += 2) {\n                if (judge[i] == 1) {\n                    sum++;\n                    for(int j = 2; j <= n / i; j++)\n                        judge[i * j] = 0;\n                }\n            }\n        }\n        cout << sum << endl;\n    }\n\n    return 0;\n}') | LineLLMMutation(('source.cpp', 13), '#include <iostream>\n#include <cmath>\n#include <vector>\n\nusing namespace std;\n\nint main() {\n    int n;\n    while(cin >> n) {\n        if(n < 2) {\n            cout << 0 << endl;\n            continue;\n        }\n\n        int sum = 0;\n        vector<bool> judge(n + 1, true); // Use vector of size n + 1\n        judge[0] = judge[1] = false; // 0 and 1 are not prime\n\n        for(int i = 2; i <= sqrt(n); ++i) {\n            if (judge[i]) {\n                for (int j = i * i; j <= n; j += i) {\n                    judge[j] = false; // Mark multiples as non-prime\n                }\n            }\n        }\n\n        for (int i = 2; i <= n; ++i) {\n            if (judge[i]) {\n                sum++;\n            }\n        }\n\n        cout << sum << endl;\n    }\n\n    return 0;\n}') | LineLLMMutation(('source.cpp', 18), '#include <iostream>\n#include <cmath>\n#include <vector>\n\nusing namespace std;\n\nint main() {\n    int n;\n    while(cin >> n) {\n        if(n < 2) {\n            cout << 0 << endl;\n            continue;\n        }\n\n        int sum = 0;\n        vector<bool> judge(n + 1, true); // Use vector of size n + 1\n        judge[0] = judge[1] = false; // 0 and 1 are not prime\n\n        for(int i = 2; i * i <= n; ++i) { // Check up to sqrt(n)\n            if (judge[i]) {\n                for (int j = i * i; j <= n; j += i) {\n                    judge[j] = false; // Mark multiples as non-prime\n                }\n            }\n        }\n\n        // Count the number of primes\n        sum = count(judge.begin(), judge.end(), true);\n\n        cout << sum << endl;\n    }\n\n    return 0;\n}')"
2025-02-24 15:11:07,281	[INFO]	Step: 31
2025-02-24 15:11:07,281	[INFO]	Stop Steps: 50
2025-02-24 15:11:07,879	[DEBUG]	EXEC>  SUCCESS 4098716.0
2025-02-24 15:11:07,879	[INFO]	2-2     SUCCESS               4098716.00 (100.10%) [1 edit(s)]  
2025-02-24 15:11:07,879	[DEBUG]	patch(2-2)="LineLLMMutation(('source.cpp', 19), '#include <iostream>\n#include <vector>\n\nusing namespace std;\n\nint main() {\n    const int MAX_SIZE = 1000000;\n    vector<int> judge(MAX_SIZE, 1); // Use vector for automatic memory management\n\n    int n, sum;\n\n    while (cin >> n) {\n        if (n < 2) {\n            sum = 0; // Directly handle base cases\n        } else {\n            sum = 1; // Starting with count of 2 as prime\n            for (int i = 3; i <= n; i += 2) {\n                if (judge[i]) {\n                    sum++;\n                    for (int j = i * 2; j <= n; j += i) // Start marking from i*i\n                        judge[j] = 0;\n                }\n            }\n        }\n        cout << sum << endl;\n    }\n\n    return 0;\n}')"
2025-02-24 15:11:07,880	[INFO]	Step: 32
2025-02-24 15:11:07,880	[INFO]	Stop Steps: 50
2025-02-24 15:11:09,471	[DEBUG]	EXEC>  SUCCESS 4094399.0
2025-02-24 15:11:09,472	[INFO]	REF     SUCCESS               4094399.00 (--) [0 edit(s)]  
2025-02-24 15:11:09,472	[INFO]	Best patch: 7_10
2025-02-24 15:11:09,840	[DEBUG]	EXEC>  SUCCESS 3046321.0
2025-02-24 15:11:09,841	[INFO]	BEST    SUCCESS              *3046321.00 (74.40%) [0 edit(s)]  
2025-02-24 15:11:09,841	[INFO]	Best patch step: 16
2025-02-24 15:12:17,007	[INFO]	Step: 32
2025-02-24 15:12:17,007	[INFO]	Stop Steps: 50
2025-02-24 15:12:17,392	[DEBUG]	EXEC>  SUCCESS 3046322.0
2025-02-24 15:12:17,392	[INFO]	3-3     SUCCESS              +3046322.00 (74.40%) [2 edit(s)]  
2025-02-24 15:12:17,392	[DEBUG]	patch(3-3)="LineLLMMutation(('source.cpp', 7), '#include <iostream>\n#include <vector>\n#include <numeric>\n\nusing namespace std;\n\nint main() {\n    int n;\n    while(cin >> n) {\n        if(n <= 1) {\n            cout << 0 << endl;\n            continue;\n        }\n\n        vector<int> judge(n + 1, 1);\n        judge[0] = judge[1] = 0;\n\n        // Sieve of Eratosthenes\n        for(int i = 2; i * i <= n; i++) {\n            if (judge[i]) {\n                for(int j = i * i; j <= n; j += i)\n                    judge[j] = 0;\n            }\n        }\n\n        cout << accumulate(judge.begin(), judge.end(), 0) << endl; // Output the sum of primes\n    }\n\n    return 0;\n}') | LineLLMMutation(('source.cpp', 10), '#include <cstdio>\n#include <vector>\n\nusing namespace std;\n\nint main() {\n    int n;\n    while(scanf("%d", &n) == 1) {\n        if(n <= 1) {\n            printf("0\\n");\n            continue;\n        }\n\n        vector<int> judge(n + 1, 1);\n        judge[0] = judge[1] = 0;\n\n        // Sieve of Eratosthenes\n        for(int i = 2; i * i <= n; i++) {\n            if (judge[i]) {\n                for(int j = i * i; j <= n; j += i)\n                    judge[j] = 0;\n            }\n        }\n\n        int prime_count = 0;\n        for(int i = 0; i <= n; ++i) {\n            prime_count += judge[i];\n        }\n        printf("%d\\n", prime_count); // Output the sum of primes\n    }\n\n    return 0;\n}')"
2025-02-24 15:12:17,393	[INFO]	Step: 33
2025-02-24 15:12:17,393	[INFO]	Stop Steps: 50
2025-02-24 15:12:17,777	[DEBUG]	EXEC>  SUCCESS 3050710.5
2025-02-24 15:12:17,777	[INFO]	3-4     SUCCESS               3050710.50 (74.51%) [3 edit(s)]  
2025-02-24 15:12:17,777	[DEBUG]	patch(3-4)="LineLLMMutation(('source.cpp', 7), '#include <iostream>\n#include <vector>\n#include <numeric>\n\nusing namespace std;\n\nint main() {\n    int n;\n    while(cin >> n) {\n        if(n <= 1) {\n            cout << 0 << endl;\n            continue;\n        }\n\n        vector<int> judge(n + 1, 1);\n        judge[0] = judge[1] = 0;\n\n        // Sieve of Eratosthenes\n        for(int i = 2; i * i <= n; i++) {\n            if (judge[i]) {\n                for(int j = i * i; j <= n; j += i)\n                    judge[j] = 0;\n            }\n        }\n\n        cout << accumulate(judge.begin(), judge.end(), 0) << endl; // Output the sum of primes\n    }\n\n    return 0;\n}') | LineLLMMutation(('source.cpp', 10), '#include <cstdio>\n#include <vector>\n\nusing namespace std;\n\nint main() {\n    int n;\n    while(scanf("%d", &n) == 1) {\n        if(n <= 1) {\n            printf("0\\n");\n            continue;\n        }\n\n        vector<int> judge(n + 1, 1);\n        judge[0] = judge[1] = 0;\n\n        // Sieve of Eratosthenes\n        for(int i = 2; i * i <= n; i++) {\n            if (judge[i]) {\n                for(int j = i * i; j <= n; j += i)\n                    judge[j] = 0;\n            }\n        }\n\n        int prime_count = 0;\n        for(int i = 0; i <= n; ++i) {\n            prime_count += judge[i];\n        }\n        printf("%d\\n", prime_count); // Output the sum of primes\n    }\n\n    return 0;\n}') | LineLLMMutation(('source.cpp', 15), '#include <cstdio>\n#include <vector>\n\nusing namespace std;\n\nint main() {\n    int n;\n    while(scanf("%d", &n) == 1) {\n        if(n < 2) {\n            printf("0\\n");\n            continue;\n        }\n\n        vector<bool> judge(n + 1, true);\n        judge[0] = judge[1] = false;\n\n        // Sieve of Eratosthenes\n        for(int i = 2; i * i <= n; i++) {\n            if (judge[i]) {\n                for(int j = i * i; j <= n; j += i)\n                    judge[j] = false;\n            }\n        }\n\n        // Counting primes more efficiently\n        int prime_count = 0;\n        for(int i = 2; i <= n; ++i) {\n            prime_count += judge[i];\n        }\n        printf("%d\\n", prime_count); // Output the sum of primes\n    }\n\n    return 0;\n}')"
2025-02-24 15:12:17,777	[INFO]	Step: 34
2025-02-24 15:12:17,778	[INFO]	Stop Steps: 50
2025-02-24 15:12:18,151	[DEBUG]	EXEC>  SUCCESS 3050620.0
2025-02-24 15:12:18,151	[INFO]	3-5     SUCCESS               3050620.00 (74.51%) [1 edit(s)]  
2025-02-24 15:12:18,151	[DEBUG]	patch(3-5)="LineLLMCrossover(('source.cpp', 8), '#include <cstdio>\n#include <vector>\n\nusing namespace std;\n\nint main() {\n    int n;\n    while(scanf("%d", &n) == 1) {\n        if(n < 2) {\n            printf("0\\n");\n            continue;\n        }\n\n        vector<bool> judge(n + 1, true);\n        judge[0] = judge[1] = false;\n\n        // Sieve of Eratosthenes\n        for(int i = 2; i * i <= n; i++) {\n            if (judge[i]) {\n                for(int j = i * i; j <= n; j += i)\n                    judge[j] = false;\n            }\n        }\n\n        // Counting primes more efficiently\n        int prime_count = 0;\n        for(int i = 2; i <= n; ++i) {\n            prime_count += judge[i];\n        }\n        printf("%d\\n", prime_count); // Output the sum of primes\n    }\n\n    return 0;\n}')"
2025-02-24 15:12:18,151	[INFO]	Step: 35
2025-02-24 15:12:18,151	[INFO]	Stop Steps: 50
2025-02-24 15:12:18,870	[DEBUG]	EXEC>  SUCCESS 3095119.0
2025-02-24 15:12:18,870	[INFO]	3-6     SUCCESS               3095119.00 (75.59%) [1 edit(s)]  
2025-02-24 15:12:18,870	[DEBUG]	patch(3-6)="LineLLMCrossover(('source.cpp', 9), '#include <iostream>\n#include <vector>\n#include <cmath>\n#include <cstdio>\n\nusing namespace std;\n\nvoid segmentedSieve(int n) {\n    vector<bool> prime(n + 1, true);\n    prime[0] = prime[1] = false;\n\n    int limit = sqrt(n) + 1;\n\n    for (int i = 2; i <= limit; i++) {\n        if (prime[i]) {\n            for (int j = i * i; j <= n; j += i) {\n                prime[j] = false;\n            }\n        }\n    }\n\n    int prime_count = 0;\n    for (int i = 2; i <= n; i++) {\n        prime_count += prime[i];\n    }\n    printf("%d\\n", prime_count);\n}\n\nint main() {\n    int n;\n    while (scanf("%d", &n) != EOF) {\n        segmentedSieve(n);\n    }\n    return 0;\n}')"
2025-02-24 15:12:18,870	[INFO]	Step: 36
2025-02-24 15:12:18,870	[INFO]	Stop Steps: 50
2025-02-24 15:12:19,572	[DEBUG]	EXEC>  SUCCESS 3095207.0
2025-02-24 15:12:19,572	[INFO]	3-7     SUCCESS               3095207.00 (75.60%) [1 edit(s)]  
2025-02-24 15:12:19,572	[DEBUG]	patch(3-7)="LineLLMCrossover(('source.cpp', 10), '#include <iostream>\n#include <vector>\n#include <cmath>\n#include <cstdio>\n\nusing namespace std;\n\nvoid segmentedSieve(int n) {\n    vector<bool> prime(n + 1, true);\n    prime[0] = prime[1] = false;\n\n    int limit = sqrt(n) + 1;\n\n    for (int i = 2; i <= limit; i++) {\n        if (prime[i]) {\n            for (int j = i * i; j <= n; j += i) {\n                prime[j] = false;\n            }\n        }\n    }\n\n    int sum = 0;\n    for (int i = 2; i <= n; i++) {\n        if (prime[i]) sum++;\n    }\n    printf("%d\\n", sum);\n}\n\nint main() {\n    int n;\n    while (scanf("%d", &n) != EOF) {\n        segmentedSieve(n);\n    }\n    return 0;\n}')"
2025-02-24 15:12:19,572	[INFO]	Step: 37
2025-02-24 15:12:19,572	[INFO]	Stop Steps: 50
2025-02-24 15:12:19,971	[DEBUG]	EXEC>  SUCCESS 3050620.0
2025-02-24 15:12:19,972	[INFO]	3-8     SUCCESS               3050620.00 (74.51%) [1 edit(s)]  
2025-02-24 15:12:19,972	[DEBUG]	patch(3-8)="LineLLMCrossover(('source.cpp', 11), '#include <cstdio>\n#include <vector>\n\nusing namespace std;\n\nint main() {\n    int n;\n    while(scanf("%d", &n) == 1) {\n        if(n <= 1) {\n            printf("0\\n");\n            continue;\n        }\n\n        vector<bool> judge(n + 1, true);\n        judge[0] = judge[1] = false;\n\n        // Sieve of Eratosthenes\n        for(int i = 2; i * i <= n; i++) {\n            if (judge[i]) {\n                for(int j = i * i; j <= n; j += i)\n                    judge[j] = false;\n            }\n        }\n\n        int prime_count = 0;\n        for(int i = 2; i <= n; ++i) {\n            prime_count += judge[i];\n        }\n        printf("%d\\n", prime_count); // Output the sum of primes\n    }\n\n    return 0;\n}')"
2025-02-24 15:12:19,972	[INFO]	Step: 38
2025-02-24 15:12:19,972	[INFO]	Stop Steps: 50
2025-02-24 15:12:20,477	[DEBUG]	EXEC>  SUCCESS 3050930.5
2025-02-24 15:12:20,477	[INFO]	3-9     SUCCESS               3050930.50 (74.51%) [3 edit(s)]  
2025-02-24 15:12:20,477	[DEBUG]	patch(3-9)="LineLLMMutation(('source.cpp', 7), '#include <iostream>\n#include <vector>\n#include <numeric>\n\nusing namespace std;\n\nint main() {\n    int n;\n    while(cin >> n) {\n        if(n <= 1) {\n            cout << 0 << endl;\n            continue;\n        }\n\n        vector<int> judge(n + 1, 1);\n        judge[0] = judge[1] = 0;\n\n        // Sieve of Eratosthenes\n        for(int i = 2; i * i <= n; i++) {\n            if (judge[i]) {\n                for(int j = i * i; j <= n; j += i)\n                    judge[j] = 0;\n            }\n        }\n\n        cout << accumulate(judge.begin(), judge.end(), 0) << endl; // Output the sum of primes\n    }\n\n    return 0;\n}') | LineLLMMutation(('source.cpp', 10), '#include <cstdio>\n#include <vector>\n\nusing namespace std;\n\nint main() {\n    int n;\n    while(scanf("%d", &n) == 1) {\n        if(n <= 1) {\n            printf("0\\n");\n            continue;\n        }\n\n        vector<int> judge(n + 1, 1);\n        judge[0] = judge[1] = 0;\n\n        // Sieve of Eratosthenes\n        for(int i = 2; i * i <= n; i++) {\n            if (judge[i]) {\n                for(int j = i * i; j <= n; j += i)\n                    judge[j] = 0;\n            }\n        }\n\n        int prime_count = 0;\n        for(int i = 0; i <= n; ++i) {\n            prime_count += judge[i];\n        }\n        printf("%d\\n", prime_count); // Output the sum of primes\n    }\n\n    return 0;\n}') | LineLLMMutation(('source.cpp', 20), '#include <cstdio>\n#include <vector>\n#include <cmath>\n\nusing namespace std;\n\nint main() {\n    int n;\n    while(scanf("%d", &n) == 1) {\n        if(n <= 1) {\n            printf("0\\n");\n            continue;\n        }\n\n        vector<bool> judge(n + 1, true);\n        judge[0] = judge[1] = false;\n\n        // Sieve of Eratosthenes\n        for(int i = 2; i <= sqrt(n); i++) {\n            if (judge[i]) {\n                for(int j = i * i; j <= n; j += i)\n                    judge[j] = false;\n            }\n        }\n\n        int prime_count = 0;\n        for(int i = 2; i <= n; ++i) {\n            prime_count += judge[i];\n        }\n        printf("%d\\n", prime_count); // Output the sum of primes\n    }\n\n    return 0;\n}')"
2025-02-24 15:12:20,477	[INFO]	Step: 39
2025-02-24 15:12:20,477	[INFO]	Stop Steps: 50
2025-02-24 15:12:20,759	[DEBUG]	EXEC>  SUCCESS 3368636.5
2025-02-24 15:12:20,759	[INFO]	3-10    SUCCESS               3368636.50 (82.27%) [4 edit(s)]  
2025-02-24 15:12:20,759	[DEBUG]	patch(3-10)="LineLLMMutation(('source.cpp', 7), '#include <iostream>\n#include <vector>\n#include <numeric>\n\nusing namespace std;\n\nint main() {\n    int n;\n    while(cin >> n) {\n        if(n <= 1) {\n            cout << 0 << endl;\n            continue;\n        }\n\n        vector<int> judge(n + 1, 1);\n        judge[0] = judge[1] = 0;\n\n        // Sieve of Eratosthenes\n        for(int i = 2; i * i <= n; i++) {\n            if (judge[i]) {\n                for(int j = i * i; j <= n; j += i)\n                    judge[j] = 0;\n            }\n        }\n\n        cout << accumulate(judge.begin(), judge.end(), 0) << endl; // Output the sum of primes\n    }\n\n    return 0;\n}') | LineLLMMutation(('source.cpp', 10), '#include <cstdio>\n#include <vector>\n\nusing namespace std;\n\nint main() {\n    int n;\n    while(scanf("%d", &n) == 1) {\n        if(n <= 1) {\n            printf("0\\n");\n            continue;\n        }\n\n        vector<int> judge(n + 1, 1);\n        judge[0] = judge[1] = 0;\n\n        // Sieve of Eratosthenes\n        for(int i = 2; i * i <= n; i++) {\n            if (judge[i]) {\n                for(int j = i * i; j <= n; j += i)\n                    judge[j] = 0;\n            }\n        }\n\n        int prime_count = 0;\n        for(int i = 0; i <= n; ++i) {\n            prime_count += judge[i];\n        }\n        printf("%d\\n", prime_count); // Output the sum of primes\n    }\n\n    return 0;\n}') | LineLLMMutation(('source.cpp', 15), '#include <cstdio>\n#include <vector>\n\nusing namespace std;\n\nint main() {\n    int n;\n    while(scanf("%d", &n) == 1) {\n        if(n < 2) {\n            printf("0\\n");\n            continue;\n        }\n\n        vector<bool> judge(n + 1, true);\n        judge[0] = judge[1] = false;\n\n        // Sieve of Eratosthenes\n        for(int i = 2; i * i <= n; i++) {\n            if (judge[i]) {\n                for(int j = i * i; j <= n; j += i)\n                    judge[j] = false;\n            }\n        }\n\n        // Counting primes more efficiently\n        int prime_count = 0;\n        for(int i = 2; i <= n; ++i) {\n            prime_count += judge[i];\n        }\n        printf("%d\\n", prime_count); // Output the sum of primes\n    }\n\n    return 0;\n}') | LineLLMMutation(('source.cpp', 21), '#include <cstdio>\n#include <cstring>\n\nusing namespace std;\n\nint main() {\n    int n;\n    while(scanf("%d", &n) == 1) {\n        if(n < 2) {\n            printf("0\\n");\n            continue;\n        }\n\n        // Using a simple array instead of vector<bool>\n        bool judge[1000001]; // assuming n won\'t exceed 1,000,000\n        memset(judge, true, sizeof(judge));\n        judge[0] = judge[1] = false;\n\n        // Sieve of Eratosthenes\n        for(int i = 2; i * i <= n; i++) {\n            if (judge[i]) {\n                for(int j = i * i; j <= n; j += i)\n                    judge[j] = false;\n            }\n        }\n\n        // Counting primes more efficiently\n        int prime_count = 0;\n        for(int i = 2; i <= n; ++i) {\n            prime_count += judge[i];\n        }\n        printf("%d\\n", prime_count); // Output the sum of primes\n    }\n\n    return 0;\n}')"
2025-02-24 15:12:20,759	[INFO]	Step: 40
2025-02-24 15:12:20,759	[INFO]	Stop Steps: 50
2025-02-24 15:12:21,422	[INFO]	3-1     TEST_CODE_ERROR       None (--) [2 edit(s)]  
2025-02-24 15:12:21,423	[DEBUG]	patch(3-1)="LineLLMCrossover(('source.cpp', 6), '#include <iostream>\n#include <vector>\n#include <cmath>\n#include <cstdio>\n\nusing namespace std;\n\nvoid segmentedSieve(int n) {\n    vector<bool> prime(n + 1, true);\n    prime[0] = prime[1] = false;\n\n    int limit = sqrt(n) + 1;\n\n    for (int i = 2; i <= limit; i++) {\n        if (prime[i]) {\n            for (int j = i * i; j <= n; j += i) {\n                prime[j] = false;\n            }\n        }\n    }\n\n    int prime_count = 0;\n    for (int i = 2; i <= n; i++) {\n        prime_count += prime[i];\n    }\n    printf("%d\\n", prime_count);\n}\n\nint main() {\n    int n;\n    while (scanf("%d", &n) != EOF) {\n        segmentedSieve(n);\n    }\n    return 0;\n}') | LineLLMMutation(('source.cpp', 22), '#include <iostream>\n#include <vector>\n#include <cmath>\n#include <bitset>\n#include <cstdio>\n\nusing namespace std;\n\nvoid segmentedSieve(int n) {\n    bitset<1000001> prime; // Using bitset for better memory usage\n    prime.set(); // Set all bits to true\n    prime[0] = prime[1] = 0; // 0 and 1 are not prime\n\n    int limit = sqrt(n) + 1;\n\n    for (int i = 2; i <= limit; i++) {\n        if (prime[i]) {\n            for (int j = i * i; j <= n; j += i) {\n                prime[j] = 0; // Marking non-prime\n            }\n        }\n    }\n\n    int prime_count = prime.count(); // Counting the number of true bits\n    printf("%d\\n", prime_count);\n}\n\nint main() {\n    int n;\n    while (scanf("%d", &n) != EOF) {\n        segmentedSieve(n);\n    }\n    return 0;\n}')"
2025-02-24 15:12:21,423	[INFO]	Step: 41
2025-02-24 15:12:21,423	[INFO]	Stop Steps: 50
2025-02-24 15:12:22,088	[INFO]	3-2     TEST_CODE_ERROR       None (--) [2 edit(s)]  
2025-02-24 15:12:22,088	[DEBUG]	patch(3-2)="LineLLMCrossover(('source.cpp', 3), '#include <iostream>\n#include <vector>\n#include <cmath>\n#include <cstdio>\n\nusing namespace std;\n\nvoid segmentedSieve(int n) {\n    vector<bool> prime(n + 1, true);\n    prime[0] = prime[1] = false;\n\n    int limit = sqrt(n) + 1;\n\n    for (int i = 2; i <= limit; i++) {\n        if (prime[i]) {\n            for (int j = i * i; j <= n; j += i) {\n                prime[j] = false;\n            }\n        }\n    }\n\n    int sum = 0;\n    for (int i = 2; i <= n; i++) {\n        if (prime[i]) sum++;\n    }\n    printf("%d\\n", sum);\n}\n\nint main() {\n    int n;\n\n    while (scanf("%d", &n) != EOF) {\n        segmentedSieve(n);\n    }\n\n    return 0;\n}') | LineLLMMutation(('source.cpp', 23), '#include <iostream>\n#include <vector>\n#include <cmath>\n#include <cstdio>\n#include <bitset>\n\nusing namespace std;\n\nvoid segmentedSieve(int n) {\n    bitset<1000001> prime; // Using bitset to save memory\n    prime.set(); // Set all bits to true\n    prime[0] = prime[1] = false; // 0 and 1 are not prime\n\n    int limit = sqrt(n) + 1;\n\n    for (int i = 2; i <= limit; i++) {\n        if (prime[i]) {\n            for (int j = i * i; j <= n; j += i) {\n                prime[j] = false;\n            }\n        }\n    }\n\n    int sum = prime.count(); // Count the number of true bits\n    printf("%d\\n", sum);\n}\n\nint main() {\n    int n;\n\n    while (scanf("%d", &n) != EOF) {\n        segmentedSieve(n);\n    }\n\n    return 0;\n}')"
2025-02-24 15:12:22,088	[INFO]	Step: 42
2025-02-24 15:12:22,088	[INFO]	Stop Steps: 50
2025-02-24 15:12:22,598	[INFO]	3-3     TEST_CODE_ERROR       None (--) [1 edit(s)]  
2025-02-24 15:12:22,599	[DEBUG]	patch(3-3)="LineLLMMutation(('source.cpp', 24), '#include <iostream>\n\nusing namespace std;\n\nint main() {\n    int judge[1000000];\n\n    for(int k=0;k<1000000;k++) judge[k]=1;\n\n    int n, sum;\n\n    while(cin >> n) {\n        if(n == 0 || n == 1) {\n            sum = 0;\n        } else {\n            sum = 1;\n            for(int i = 3; i <= n + 1; i += 2) {\n                if(judge[i] == 1) {\n                    sum++;\n                    for(int j = 2; j <= n / i; j++)\n                        judge[i * j] = 0;\n                }\n            }\n        }\n\n        cout << sum << endl;\n    }\n\n    return 0;\n}')"
2025-02-24 15:12:22,599	[INFO]	Step: 43
2025-02-24 15:12:22,599	[INFO]	Stop Steps: 50
2025-02-24 15:12:24,165	[DEBUG]	EXEC>  SUCCESS 4094491.0
2025-02-24 15:12:24,165	[INFO]	REF     SUCCESS               4094491.00 (--) [0 edit(s)]  
2025-02-24 15:12:24,165	[INFO]	Best patch: 7_10
2025-02-24 15:12:24,533	[DEBUG]	EXEC>  SUCCESS 3046411.0
2025-02-24 15:12:24,533	[INFO]	BEST    SUCCESS              *3046411.00 (74.40%) [0 edit(s)]  
2025-02-24 15:12:24,534	[INFO]	Best patch step: 16
2025-02-24 15:13:14,250	[INFO]	Step: 43
2025-02-24 15:13:14,250	[INFO]	Stop Steps: 50
2025-02-24 15:13:14,647	[DEBUG]	EXEC>  SUCCESS 3046321.0
2025-02-24 15:13:14,647	[INFO]	4-4     SUCCESS              *3046321.00 (74.40%) [2 edit(s)]  
2025-02-24 15:13:14,647	[DEBUG]	patch(4-4)="LineLLMMutation(('source.cpp', 7), '#include <iostream>\n#include <vector>\n#include <numeric>\n\nusing namespace std;\n\nint main() {\n    int n;\n    while(cin >> n) {\n        if(n <= 1) {\n            cout << 0 << endl;\n            continue;\n        }\n\n        vector<int> judge(n + 1, 1);\n        judge[0] = judge[1] = 0;\n\n        // Sieve of Eratosthenes\n        for(int i = 2; i * i <= n; i++) {\n            if (judge[i]) {\n                for(int j = i * i; j <= n; j += i)\n                    judge[j] = 0;\n            }\n        }\n\n        cout << accumulate(judge.begin(), judge.end(), 0) << endl; // Output the sum of primes\n    }\n\n    return 0;\n}') | LineLLMMutation(('source.cpp', 10), '#include <cstdio>\n#include <vector>\n\nusing namespace std;\n\nint main() {\n    int n;\n    while(scanf("%d", &n) == 1) {\n        if(n <= 1) {\n            printf("0\\n");\n            continue;\n        }\n\n        vector<int> judge(n + 1, 1);\n        judge[0] = judge[1] = 0;\n\n        // Sieve of Eratosthenes\n        for(int i = 2; i * i <= n; i++) {\n            if (judge[i]) {\n                for(int j = i * i; j <= n; j += i)\n                    judge[j] = 0;\n            }\n        }\n\n        int prime_count = 0;\n        for(int i = 0; i <= n; ++i) {\n            prime_count += judge[i];\n        }\n        printf("%d\\n", prime_count); // Output the sum of primes\n    }\n\n    return 0;\n}')"

2025-02-24 15:13:14,647	[INFO]	Step: 44
2025-02-24 15:13:14,647	[INFO]	Stop Steps: 50
2025-02-24 15:13:15,022	[DEBUG]	EXEC>  SUCCESS 3050619.0
2025-02-24 15:13:15,022	[INFO]	4-5     SUCCESS               3050619.00 (74.51%) [1 edit(s)]  
2025-02-24 15:13:15,022	[DEBUG]	patch(4-5)="LineLLMCrossover(('source.cpp', 8), '#include <cstdio>\n#include <vector>\n\nusing namespace std;\n\nint main() {\n    int n;\n    while(scanf("%d", &n) == 1) {\n        if(n < 2) {\n            printf("0\\n");\n            continue;\n        }\n\n        vector<bool> judge(n + 1, true);\n        judge[0] = judge[1] = false;\n\n        // Sieve of Eratosthenes\n        for(int i = 2; i * i <= n; i++) {\n            if (judge[i]) {\n                for(int j = i * i; j <= n; j += i)\n                    judge[j] = false;\n            }\n        }\n\n        // Counting primes more efficiently\n        int prime_count = 0;\n        for(int i = 2; i <= n; ++i) {\n            prime_count += judge[i];\n        }\n        printf("%d\\n", prime_count); // Output the sum of primes\n    }\n\n    return 0;\n}')"
2025-02-24 15:13:15,022	[INFO]	Step: 45
2025-02-24 15:13:15,023	[INFO]	Stop Steps: 50
2025-02-24 15:13:15,393	[DEBUG]	EXEC>  SUCCESS 3050632.5
2025-02-24 15:13:15,393	[INFO]	4-6     SUCCESS               3050632.50 (74.51%) [1 edit(s)]  
2025-02-24 15:13:15,393	[DEBUG]	patch(4-6)="LineLLMCrossover(('source.cpp', 12), '#include <cstdio>\n#include <vector>\n\nusing namespace std;\n\nint main() {\n    int n;\n    while(scanf("%d", &n) == 1) {\n        if(n < 2) {\n            printf("0\\n");\n            continue;\n        }\n\n        vector<bool> judge(n + 1, true);\n        judge[0] = judge[1] = false;\n\n        // Sieve of Eratosthenes\n        for(int i = 2; i * i <= n; i++) {\n            if (judge[i]) {\n                for(int j = i * i; j <= n; j += i)\n                    judge[j] = false;\n            }\n        }\n\n        // Counting primes more efficiently\n        int prime_count = 0;\n        for(int i = 2; i <= n; ++i) {\n            prime_count += judge[i];\n        }\n        printf("%d\\n", prime_count); // Output the sum of primes\n    }\n\n    return 0;\n}')"
2025-02-24 15:13:15,393	[INFO]	Step: 46
2025-02-24 15:13:15,393	[INFO]	Stop Steps: 50
2025-02-24 15:13:15,798	[DEBUG]	EXEC>  SUCCESS 3050619.0
2025-02-24 15:13:15,798	[INFO]	4-7     SUCCESS               3050619.00 (74.51%) [1 edit(s)]  
2025-02-24 15:13:15,798	[DEBUG]	patch(4-7)="LineLLMCrossover(('source.cpp', 13), '#include <cstdio>\n#include <vector>\n\nusing namespace std;\n\nint main() {\n    int n;\n    while(scanf("%d", &n) == 1) {\n        if(n < 2) {\n            printf("0\\n");\n            continue;\n        }\n\n        vector<bool> judge(n + 1, true);\n        judge[0] = judge[1] = false;\n\n        // Sieve of Eratosthenes\n        for(int i = 2; i * i <= n; i++) {\n            if (judge[i]) {\n                for(int j = i * i; j <= n; j += i)\n                    judge[j] = false;\n            }\n        }\n\n        // Counting primes more efficiently\n        int prime_count = 0;\n        for(int i = 2; i <= n; ++i) {\n            prime_count += judge[i];\n        }\n        printf("%d\\n", prime_count); // Output the sum of primes\n    }\n\n    return 0;\n}')"
2025-02-24 15:13:15,798	[INFO]	Step: 47
2025-02-24 15:13:15,799	[INFO]	Stop Steps: 50
2025-02-24 15:13:16,176	[DEBUG]	EXEC>  SUCCESS 3050619.5
2025-02-24 15:13:16,176	[INFO]	4-8     SUCCESS               3050619.50 (74.51%) [1 edit(s)]  
2025-02-24 15:13:16,176	[DEBUG]	patch(4-8)="LineLLMCrossover(('source.cpp', 14), '#include <cstdio>\n#include <vector>\n\nusing namespace std;\n\nint main() {\n    int n;\n    while(scanf("%d", &n) == 1) {\n        if(n <= 1) {\n            printf("0\\n");\n            continue;\n        }\n\n        vector<bool> judge(n + 1, true);\n        judge[0] = judge[1] = false;\n\n        // Sieve of Eratosthenes\n        for(int i = 2; i * i <= n; i++) {\n            if (judge[i]) {\n                for(int j = i * i; j <= n; j += i)\n                    judge[j] = false;\n            }\n        }\n\n        int prime_count = 0;\n        for(int i = 2; i <= n; ++i) {\n            prime_count += judge[i];\n        }\n        printf("%d\\n", prime_count); // Output the sum of primes\n    }\n\n    return 0;\n}')"
2025-02-24 15:13:16,176	[INFO]	Step: 48
2025-02-24 15:13:16,176	[INFO]	Stop Steps: 50
2025-02-24 15:13:16,551	[DEBUG]	EXEC>  SUCCESS 3050619.5
2025-02-24 15:13:16,552	[INFO]	4-9     SUCCESS               3050619.50 (74.51%) [1 edit(s)]  
2025-02-24 15:13:16,552	[DEBUG]	patch(4-9)="LineLLMCrossover(('source.cpp', 15), '#include <cstdio>\n#include <vector>\n\nusing namespace std;\n\nint main() {\n    int n;\n    while(scanf("%d", &n) == 1) {\n        if(n < 2) {\n            printf("0\\n");\n            continue;\n        }\n\n        vector<bool> judge(n + 1, true);\n        judge[0] = judge[1] = false;\n\n        // Sieve of Eratosthenes\n        for(int i = 2; i * i <= n; i++) {\n            if (judge[i]) {\n                for(int j = i * i; j <= n; j += i)\n                    judge[j] = false;\n            }\n        }\n\n        // Counting primes more efficiently\n        int prime_count = 0;\n        for(int i = 2; i <= n; ++i) {\n            prime_count += judge[i];\n        }\n        printf("%d\\n", prime_count); // Output the sum of primes\n    }\n\n    return 0;\n}')"
2025-02-24 15:13:16,552	[INFO]	Step: 49
2025-02-24 15:13:16,552	[INFO]	Stop Steps: 50
2025-02-24 15:13:16,945	[DEBUG]	EXEC>  SUCCESS 3050708.5
2025-02-24 15:13:16,945	[INFO]	4-10    SUCCESS               3050708.50 (74.51%) [3 edit(s)]  
2025-02-24 15:13:16,945	[DEBUG]	patch(4-10)="LineLLMMutation(('source.cpp', 7), '#include <iostream>\n#include <vector>\n#include <numeric>\n\nusing namespace std;\n\nint main() {\n    int n;\n    while(cin >> n) {\n        if(n <= 1) {\n            cout << 0 << endl;\n            continue;\n        }\n\n        vector<int> judge(n + 1, 1);\n        judge[0] = judge[1] = 0;\n\n        // Sieve of Eratosthenes\n        for(int i = 2; i * i <= n; i++) {\n            if (judge[i]) {\n                for(int j = i * i; j <= n; j += i)\n                    judge[j] = 0;\n            }\n        }\n\n        cout << accumulate(judge.begin(), judge.end(), 0) << endl; // Output the sum of primes\n    }\n\n    return 0;\n}') | LineLLMMutation(('source.cpp', 10), '#include <cstdio>\n#include <vector>\n\nusing namespace std;\n\nint main() {\n    int n;\n    while(scanf("%d", &n) == 1) {\n        if(n <= 1) {\n            printf("0\\n");\n            continue;\n        }\n\n        vector<int> judge(n + 1, 1);\n        judge[0] = judge[1] = 0;\n\n        // Sieve of Eratosthenes\n        for(int i = 2; i * i <= n; i++) {\n            if (judge[i]) {\n                for(int j = i * i; j <= n; j += i)\n                    judge[j] = 0;\n            }\n        }\n\n        int prime_count = 0;\n        for(int i = 0; i <= n; ++i) {\n            prime_count += judge[i];\n        }\n        printf("%d\\n", prime_count); // Output the sum of primes\n    }\n\n    return 0;\n}') | LineLLMMutation(('source.cpp', 25), '#include <cstdio>\n#include <vector>\n\nusing namespace std;\n\nint main() {\n    int n;\n    while(scanf("%d", &n) == 1) {\n        if(n <= 1) {\n            printf("0\\n");\n            continue;\n        }\n\n        vector<bool> judge(n + 1, true);\n        judge[0] = judge[1] = false; // 0 and 1 are not prime\n\n        // Sieve of Eratosthenes\n        for(int i = 2; i * i <= n; i++) {\n            if (judge[i]) {\n                for(int j = i * i; j <= n; j += i) {\n                    judge[j] = false; // Marking non-prime numbers\n                }\n            }\n        }\n\n        int prime_count = 0;\n        for(int i = 2; i <= n; ++i) { // Start from 2 as 0 and 1 are not primes\n            prime_count += judge[i];\n        }\n        printf("%d\\n", prime_count); // Output the sum of primes\n    }\n\n    return 0;\n}')"
2025-02-24 15:13:16,946	[INFO]	Step: 50
2025-02-24 15:13:16,946	[INFO]	Stop Steps: 50
2025-02-24 15:13:16,946	[INFO]	(Abstract Algorithm) Stopping Condition: step budget
2025-02-24 15:13:16,946	[INFO]	Step: 50
2025-02-24 15:13:16,946	[INFO]	Stop Steps: 50
2025-02-24 15:13:21,344	[INFO]	~~~~ END ~~~~
2025-02-24 15:13:21,344	[INFO]	Best patch step: 43
2025-02-24 15:13:21,345	[INFO]	
2025-02-24 15:13:21,345	[INFO]	==== REPORT ====
2025-02-24 15:13:21,345	[INFO]	Termination: step budget
2025-02-24 15:13:21,345	[INFO]	Log file: /home/luke/magpie/_magpie_logs/0005_1740409703.log
2025-02-24 15:13:21,345	[INFO]	Patch file: _magpie_logs/0005_1740409703.patch
2025-02-24 15:13:21,345	[INFO]	Diff file: _magpie_logs/0005_1740409703.diff
2025-02-24 15:13:21,345	[INFO]	Reference fitness: 4094491.00
2025-02-24 15:13:21,345	[INFO]	Best fitness: 3046321.00
2025-02-24 15:13:21,345	[INFO]	
2025-02-24 15:13:21,346	[INFO]	==== BEST PATCH ====
LineLLMMutation(('source.cpp', 7), '#include <iostream>\n#include <vector>\n#include <numeric>\n\nusing namespace std;\n\nint main() {\n    int n;\n    while(cin >> n) {\n        if(n <= 1) {\n            cout << 0 << endl;\n            continue;\n        }\n\n        vector<int> judge(n + 1, 1);\n        judge[0] = judge[1] = 0;\n\n        // Sieve of Eratosthenes\n        for(int i = 2; i * i <= n; i++) {\n            if (judge[i]) {\n                for(int j = i * i; j <= n; j += i)\n                    judge[j] = 0;\n            }\n        }\n\n        cout << accumulate(judge.begin(), judge.end(), 0) << endl; // Output the sum of primes\n    }\n\n    return 0;\n}') + LineLLMMutation(('source.cpp', 10), '#include <cstdio>\n#include <vector>\n\nusing namespace std;\n\nint main() {\n    int n;\n    while(scanf("%d", &n) == 1) {\n        if(n <= 1) {\n            printf("0\\n");\n            continue;\n        }\n\n        vector<int> judge(n + 1, 1);\n        judge[0] = judge[1] = 0;\n\n        // Sieve of Eratosthenes\n        for(int i = 2; i * i <= n; i++) {\n            if (judge[i]) {\n                for(int j = i * i; j <= n; j += i)\n                    judge[j] = 0;\n            }\n        }\n\n        int prime_count = 0;\n        for(int i = 0; i <= n; ++i) {\n            prime_count += judge[i];\n        }\n        printf("%d\\n", prime_count); // Output the sum of primes\n    }\n\n    return 0;\n}')
2025-02-24 15:13:21,346	[INFO]	
2025-02-24 15:13:21,346	[INFO]	==== DIFF ====

