2025-02-24 15:18:54,686	[DEBUG]	==== CONFIG ====
[magpie]
import = 
seed = 1600632551569064
log_dir = _magpie_logs
work_dir = _magpie_work
local_original_copy = True
local_original_name = __original__
output_encoding = ascii
edit_retries = 10
default_timeout = 30
default_lengthout = 10000.0
diff_method = unified
trust_local_filesystem = True

[magpie.log]
color_output = True
format_info = {counter:<7} {status:<20} {best}{fitness} ({ratio}) [{size}] {cached} {log}
format_debug = patch({counter})="{patch}"{diffifbest}
format_fitness = {:.2f}
format_ratio = {:.2%%}
format_patchif = 
	 --> {patch}
format_diffif = 
	{diff}

[software]
path = dataset/magpie_dataset/train/0007
target_files = 
	source.cpp
software = BasicSoftware
model_rules = 
	*.params : ParamFileConfigModel
	*.xml : SrcmlModel
	* : LineModel
model_config = 
	*.params : [paramconfig]
	*.xml : [srcml]
init_cmd = 
init_timeout = 60
init_lengthout = -1
setup_cmd = bash setup.sh
setup_timeout = 
setup_lengthout = 
compile_cmd = bash compile.sh
compile_timeout = 
compile_lengthout = 
test_cmd = bash test.sh
test_timeout = 
test_lengthout = 
run_cmd = bash run.sh
run_timeout = 3
run_lengthout = 
batch_timeout = 
batch_lengthout = 
batch_bin_fitness_strategy = aggregate
batch_fitness_strategy = sum
fitness = time

[srcml]
rename = 
	stmt: break continue decl_stmt do expr_stmt for goto if return switch while
	number: literal_number
focus = block stmt operator_comp operator_arith number
internodes = block
process_pseudo_blocks = True
process_literals = True
process_operators = True

[paramconfig]
timing = test run
cli_prefix = --
cli_glue = =
cli_boolean = show
cli_boolean_prefix_true = 
cli_boolean_prefix_false = no-
cli_none = hide
silent_prefix = @
silent_suffix = $

[search]
protocol = BasicProtocol
algorithm = GeneticProgrammingLLM
possible_edits = 
	LineLLMMutation
	LineLLMCrossover
	LineDeletion
	LineInsertion
	LineReplacement
llm_prob = 1.0
warmup = 5
warmup_strategy = last
max_steps = 50
max_time = 20000
target_fitness = 
cache_maxsize = 100
cache_keep = 0.2
batch_instances = 
batch_shuffle = True
batch_bin_shuffle = False
batch_sample_size = 1

[search.ls]
delete_prob = 0.5
max_neighbours = 
when_trapped = continue
accept_fail = False
tabu_length = 10

[search.gp]
pop_size = 10
delete_prob = 0.0
offspring_elitism = 0.2
offspring_crossover = 0.4
offspring_mutation = 0.4
uniform_rate = 0.5
batch_reset = True
llm_type = baseline

[search.minify]
do_cleanup = True
do_rebuild = True
do_simplify = True
round_robin_limit = 3


2025-02-24 15:18:54,686	[DEBUG]	
2025-02-24 15:18:54,686	[INFO]	==== SEARCH: GeneticProgrammingLLM ====
2025-02-24 15:18:54,686	[INFO]	~~~~ WARMUP ~~~~
2025-02-24 15:18:55,837	[DEBUG]	EXEC>  SUCCESS 3123194.0
2025-02-24 15:18:55,837	[INFO]	WARM    SUCCESS               3123194.00 (--) [0 edit(s)]  
2025-02-24 15:18:56,538	[DEBUG]	EXEC>  SUCCESS 3123193.0
2025-02-24 15:18:56,539	[INFO]	WARM    SUCCESS               3123193.00 (--) [0 edit(s)]  
2025-02-24 15:18:57,271	[DEBUG]	EXEC>  SUCCESS 3123192.5
2025-02-24 15:18:57,271	[INFO]	WARM    SUCCESS               3123192.50 (--) [0 edit(s)]  
2025-02-24 15:18:57,967	[DEBUG]	EXEC>  SUCCESS 3123194.5
2025-02-24 15:18:57,967	[INFO]	WARM    SUCCESS               3123194.50 (--) [0 edit(s)]  
2025-02-24 15:18:58,681	[DEBUG]	EXEC>  SUCCESS 3123284.0
2025-02-24 15:18:58,681	[INFO]	WARM    SUCCESS               3123284.00 (--) [0 edit(s)]  
2025-02-24 15:18:58,681	[INFO]	REF     SUCCESS               3123284.00 (--) [0 edit(s)]  
2025-02-24 15:18:58,682	[INFO]	
2025-02-24 15:18:58,682	[INFO]	~~~~ START ~~~~
2025-02-24 15:19:40,103	[DEBUG]	EXEC>  SUCCESS 3122899.5
2025-02-24 15:19:40,103	[INFO]	0-1     SUCCESS              *3122899.50 (99.99%) [1 edit(s)]  
2025-02-24 15:19:40,103	[DEBUG]	patch(0-1)="LineLLMMutation(('source.cpp', 0), '#include <iostream>\n#include <algorithm>\n\nusing namespace std;\n\nint main() {\n    int n;\n    int a[5000];\n    \n    while (1) {\n        cin >> n;\n        if (!n) break;\n\n        for (int i = 0; i < n; i++) {\n            cin >> a[i];\n        }\n\n        int max_sum = a[0];\n        for (int i = 0; i < n; i++) {\n            int current_sum = 0; // Reset for each starting point\n            for (int j = i; j < n; j++) {\n                current_sum += a[j];\n                max_sum = max(max_sum, current_sum);\n            }\n        }\n        cout << max_sum << endl;\n    }\n}')"

2025-02-24 15:19:41,834	[DEBUG]	EXEC>  SUCCESS 3129767.5
2025-02-24 15:19:41,834	[INFO]	0-2     SUCCESS               3129767.50 (100.21%) [1 edit(s)]  
2025-02-24 15:19:41,834	[DEBUG]	patch(0-2)="LineLLMMutation(('source.cpp', 1), '#include <iostream>\n#include <algorithm>\n#include <vector>\n\nusing namespace std;\n\nint main() {\n    int n;\n    vector<int> a(5000);\n    \n    while (cin >> n && n) {\n        for (int i = 0; i < n; i++) {\n            cin >> a[i];\n        }\n\n        int max_sum = a[0];\n        for (int i = 0; i < n; i++) {\n            int current_sum = 0;\n            for (int j = i; j < n; j++) {\n                current_sum += a[j];\n                max_sum = max(max_sum, current_sum);\n            }\n        }\n        cout << max_sum << endl;\n    }\n}')"
2025-02-24 15:19:43,550	[DEBUG]	EXEC>  SUCCESS 3123213.5
2025-02-24 15:19:43,550	[INFO]	0-3     SUCCESS               3123213.50 (100.00%) [1 edit(s)]  
2025-02-24 15:19:43,550	[DEBUG]	patch(0-3)="LineLLMMutation(('source.cpp', 2), '#include <iostream>\n#include <algorithm>\n\nusing namespace std;\n\nint main() {\n    int n;\n    int a[5000];\n    \n    while (cin >> n && n) {\n        for (int i = 0; i < n; i++) {\n            cin >> a[i];\n        }\n\n        int max_sum = a[0];\n        for (int i = 0; i < n; i++) {\n            int current_sum = 0;\n            for (int j = i; j < n; j++) {\n                int tmp = (i == j) ? a[i] : current_sum + a[j];\n                current_sum += a[j];\n                max_sum = max(tmp, max_sum);\n            }\n        }\n        cout << max_sum << endl;\n    }\n}')"
2025-02-24 15:19:45,270	[DEBUG]	EXEC>  SUCCESS 3122199.5
2025-02-24 15:19:45,271	[INFO]	0-4     SUCCESS              *3122199.50 (99.97%) [1 edit(s)]  
2025-02-24 15:19:45,271	[DEBUG]	patch(0-4)="LineLLMMutation(('source.cpp', 3), '#include <iostream>\n#include <algorithm>\n\nusing namespace std;\n\nint main() {\n    int n;\n    int a[5000];\n    \n    while (cin >> n && n) {\n        for (int i = 0; i < n; i++) {\n            cin >> a[i];\n        }\n\n        int max_sum = a[0];\n        int current_sum = 0;\n        for (int i = 0; i < n; i++) {\n            current_sum += a[i];\n            max_sum = max(max_sum, current_sum);\n            if (current_sum < 0) current_sum = 0; // Reset if negative\n        }\n        cout << max_sum << endl;\n    }\n}')"

2025-02-24 15:19:46,789	[DEBUG]	EXEC>  SUCCESS 3054277.5
2025-02-24 15:19:46,789	[INFO]	0-5     SUCCESS              *3054277.50 (97.79%) [1 edit(s)]  
2025-02-24 15:19:46,789	[DEBUG]	patch(0-5)="LineLLMMutation(('source.cpp', 4), '#include <cstdio>\n#include <algorithm>\n\nusing namespace std;\n\nint main() {\n    int n;\n    int a[5000];\n    \n    while (scanf("%d", &n) && n) {\n        for (int i = 0; i < n; i++) {\n            scanf("%d", &a[i]);\n        }\n\n        int max_sum = a[0];\n        int current_sum = 0;\n        for (int i = 0; i < n; i++) {\n            current_sum += a[i];\n            max_sum = max(max_sum, current_sum);\n            if (current_sum < 0) current_sum = 0; // Reset if negative\n        }\n        printf("%d\\n", max_sum);\n    }\n}')"

2025-02-24 15:19:48,290	[DEBUG]	EXEC>  SUCCESS 3054368.5
2025-02-24 15:19:48,291	[INFO]	0-6     SUCCESS               3054368.50 (97.79%) [1 edit(s)]  
2025-02-24 15:19:48,291	[DEBUG]	patch(0-6)="LineLLMMutation(('source.cpp', 5), '#include <cstdio>\n#include <algorithm>\n\nusing namespace std;\n\nint main() {\n    int n;\n    int a[5000];\n    \n    while (scanf("%d", &n) && n) {\n        for (int i = 0; i < n; i++) {\n            scanf("%d", &a[i]);\n        }\n\n        int max_sum = a[0];\n        int current_sum = 0;\n        for (int i = 0; i < n; i++) {\n            current_sum += a[i];\n            max_sum = max(max_sum, current_sum);\n            if (current_sum < 0) current_sum = 0; // Reset if negative\n        }\n        printf("%d\\n", max_sum);\n    }\n}')"
2025-02-24 15:19:49,748	[INFO]	0-7     TEST_CODE_ERROR       None (--) [1 edit(s)]  
2025-02-24 15:19:49,748	[DEBUG]	patch(0-7)="LineLLMMutation(('source.cpp', 6), '#include <cstdio>\n#include <algorithm>\n\nusing namespace std;\n\nint main() {\n    int n, max_sum = 0, current_sum = 0;\n    \n    while (scanf("%d", &n) && n) {\n        for (int i = 0; i < n; i++) {\n            int value;\n            scanf("%d", &value);\n            current_sum += value;\n            max_sum = max(max_sum, current_sum);\n            if (current_sum < 0) current_sum = 0; // Reset if negative\n        }\n        printf("%d\\n", max_sum);\n        max_sum = 0; // Reset for the next iteration\n    }\n}')"
2025-02-24 15:19:51,485	[DEBUG]	EXEC>  SUCCESS 3127420.0
2025-02-24 15:19:51,485	[INFO]	0-8     SUCCESS               3127420.00 (100.13%) [1 edit(s)]  
2025-02-24 15:19:51,485	[DEBUG]	patch(0-8)="LineLLMMutation(('source.cpp', 7), '#include <iostream>\n#include <algorithm>\n#include <vector>\n\nusing namespace std;\n\nint main() {\n    int n;\n\n    while (cin >> n && n) {\n        vector<int> a(n);\n        for (int i = 0; i < n; i++) {\n            cin >> a[i];\n        }\n\n        int max_sum = a[0];\n        int current_sum = 0;\n        for (int i = 0; i < n; i++) {\n            current_sum += a[i];\n            max_sum = max(max_sum, current_sum);\n            if (current_sum < 0) current_sum = 0; // Reset if negative\n        }\n        cout << max_sum << endl;\n    }\n}')"
2025-02-24 15:19:52,994	[DEBUG]	EXEC>  SUCCESS 3054364.0
2025-02-24 15:19:52,994	[INFO]	0-9     SUCCESS               3054364.00 (97.79%) [1 edit(s)]  
2025-02-24 15:19:52,995	[DEBUG]	patch(0-9)="LineLLMMutation(('source.cpp', 8), '#include <cstdio>\n#include <algorithm>\n\nusing namespace std;\n\nint main() {\n    int n;\n    \n    while (scanf("%d", &n) && n) {\n        int a[5000], max_sum = 0, current_sum = 0;\n        \n        for (int i = 0; i < n; i++) {\n            scanf("%d", &a[i]);\n        }\n\n        for (int i = 0; i < n; i++) {\n            current_sum += a[i];\n            max_sum = max(max_sum, current_sum);\n            if (current_sum < 0) current_sum = 0; // Reset if negative\n        }\n        printf("%d\\n", max_sum);\n    }\n}')"
2025-02-24 15:19:54,508	[DEBUG]	EXEC>  SUCCESS 3054273.0
2025-02-24 15:19:54,509	[INFO]	0-10    SUCCESS              *3054273.00 (97.79%) [1 edit(s)]  
2025-02-24 15:19:54,509	[DEBUG]	patch(0-10)="LineLLMMutation(('source.cpp', 9), '#include <cstdio>\n#include <algorithm>\n\nusing namespace std;\n\nint main() {\n    int n;\n    \n    while (scanf("%d", &n) && n) {\n        int a[5000], max_sum = 0, current_sum = 0;\n        \n        for (int i = 0; i < n; i++) {\n            scanf("%d", &a[i]);\n        }\n\n        for (int i = 0; i < n; i++) {\n            current_sum += a[i];\n            max_sum = max(max_sum, current_sum);\n            if (current_sum < 0) current_sum = 0; // Reset if negative\n        }\n        printf("%d\\n", max_sum);\n    }\n}')"

2025-02-24 15:19:55,509	[INFO]	Step: 10
2025-02-24 15:19:55,509	[INFO]	Stop Steps: 50
2025-02-24 15:19:57,224	[DEBUG]	EXEC>  SUCCESS 3123194.0
2025-02-24 15:19:57,224	[INFO]	REF     SUCCESS               3123194.00 (--) [0 edit(s)]  
2025-02-24 15:19:57,224	[INFO]	Best patch: 9
2025-02-24 15:19:57,722	[DEBUG]	EXEC>  SUCCESS 3054364.0
2025-02-24 15:19:57,722	[INFO]	BEST    SUCCESS              *3054364.00 (97.80%) [0 edit(s)]  
2025-02-24 15:19:57,722	[INFO]	Best patch step: 9
2025-02-24 15:22:11,365	[INFO]	Step: 10
2025-02-24 15:22:11,365	[INFO]	Stop Steps: 50
2025-02-24 15:22:11,982	[DEBUG]	EXEC>  SUCCESS 3054311.5
2025-02-24 15:22:11,983	[INFO]	1-1     SUCCESS              *3054311.50 (97.79%) [1 edit(s)]  
2025-02-24 15:22:11,983	[DEBUG]	patch(1-1)="LineLLMMutation(('source.cpp', 9), '#include <cstdio>\n#include <algorithm>\n\nusing namespace std;\n\nint main() {\n    int n;\n    \n    while (scanf("%d", &n) && n) {\n        int a[5000], max_sum = 0, current_sum = 0;\n        \n        for (int i = 0; i < n; i++) {\n            scanf("%d", &a[i]);\n        }\n\n        for (int i = 0; i < n; i++) {\n            current_sum += a[i];\n            max_sum = max(max_sum, current_sum);\n            if (current_sum < 0) current_sum = 0; // Reset if negative\n        }\n        printf("%d\\n", max_sum);\n    }\n}')"

2025-02-24 15:22:11,983	[INFO]	Step: 11
2025-02-24 15:22:11,983	[INFO]	Stop Steps: 50
2025-02-24 15:22:12,483	[DEBUG]	EXEC>  SUCCESS 3054367.5
2025-02-24 15:22:12,483	[INFO]	1-2     SUCCESS               3054367.50 (97.80%) [1 edit(s)]  
2025-02-24 15:22:12,484	[DEBUG]	patch(1-2)="LineLLMMutation(('source.cpp', 4), '#include <cstdio>\n#include <algorithm>\n\nusing namespace std;\n\nint main() {\n    int n;\n    int a[5000];\n    \n    while (scanf("%d", &n) && n) {\n        for (int i = 0; i < n; i++) {\n            scanf("%d", &a[i]);\n        }\n\n        int max_sum = a[0];\n        int current_sum = 0;\n        for (int i = 0; i < n; i++) {\n            current_sum += a[i];\n            max_sum = max(max_sum, current_sum);\n            if (current_sum < 0) current_sum = 0; // Reset if negative\n        }\n        printf("%d\\n", max_sum);\n    }\n}')"
2025-02-24 15:22:12,484	[INFO]	Step: 12
2025-02-24 15:22:12,484	[INFO]	Stop Steps: 50
2025-02-24 15:22:12,986	[DEBUG]	EXEC>  SUCCESS 3054363.0
2025-02-24 15:22:12,986	[INFO]	1-3     SUCCESS               3054363.00 (97.80%) [1 edit(s)]  
2025-02-24 15:22:12,986	[DEBUG]	patch(1-3)="LineLLMCrossover(('source.cpp', 0), '#include <cstdio>\n#include <algorithm>\n\nusing namespace std;\n\nint main() {\n    int n;\n    int a[5000];\n\n    while (scanf("%d", &n) && n) {\n        for (int i = 0; i < n; i++) {\n            scanf("%d", &a[i]);\n        }\n\n        int max_sum = 0, current_sum = 0; // Start with max_sum as 0 for better initialization\n        for (int i = 0; i < n; i++) {\n            current_sum += a[i];\n            max_sum = max(max_sum, current_sum);\n            if (current_sum < 0) current_sum = 0; // Reset if negative\n        }\n        printf("%d\\n", max_sum);\n    }\n}')"
2025-02-24 15:22:12,986	[INFO]	Step: 13
2025-02-24 15:22:12,986	[INFO]	Stop Steps: 50
2025-02-24 15:22:13,547	[DEBUG]	EXEC>  SUCCESS 3054279.5
2025-02-24 15:22:13,548	[INFO]	1-4     SUCCESS              *3054279.50 (97.79%) [1 edit(s)]  
2025-02-24 15:22:13,548	[DEBUG]	patch(1-4)="LineLLMCrossover(('source.cpp', 1), '#include <cstdio>\n#include <algorithm>\n\nusing namespace std;\n\nint main() {\n    int n;\n    int a[5000];\n\n    while (scanf("%d", &n) && n) {\n        for (int i = 0; i < n; i++) {\n            scanf("%d", &a[i]);\n        }\n\n        int max_sum = a[0]; // Initialize max_sum with the first element\n        int current_sum = 0;\n        for (int i = 0; i < n; i++) {\n            current_sum += a[i];\n            max_sum = max(max_sum, current_sum);\n            if (current_sum < 0) current_sum = 0; // Reset if negative\n        }\n        printf("%d\\n", max_sum);\n    }\n}')"

2025-02-24 15:22:13,548	[INFO]	Step: 14
2025-02-24 15:22:13,548	[INFO]	Stop Steps: 50
2025-02-24 15:22:14,341	[DEBUG]	EXEC>  SUCCESS 3054273.0
2025-02-24 15:22:14,341	[INFO]	1-5     SUCCESS              *3054273.00 (97.79%) [1 edit(s)]  
2025-02-24 15:22:14,341	[DEBUG]	patch(1-5)="LineLLMCrossover(('source.cpp', 2), '#include <cstdio>\n#include <algorithm>\n\nusing namespace std;\n\nint main() {\n    int n;\n\n    while (scanf("%d", &n) && n) {\n        int a[5000], max_sum = 0, current_sum = 0;\n\n        for (int i = 0; i < n; i++) {\n            scanf("%d", &a[i]);\n        }\n\n        for (int i = 0; i < n; i++) {\n            current_sum += a[i];\n            max_sum = max(max_sum, current_sum);\n            if (current_sum < 0) current_sum = 0; // Reset if negative\n        }\n        printf("%d\\n", max_sum);\n    }\n}')"

2025-02-24 15:22:14,341	[INFO]	Step: 15
2025-02-24 15:22:14,341	[INFO]	Stop Steps: 50
2025-02-24 15:22:14,861	[DEBUG]	EXEC>  SUCCESS 3054273.0
2025-02-24 15:22:14,861	[INFO]	1-6     SUCCESS               3054273.00 (97.79%) [1 edit(s)]  
2025-02-24 15:22:14,862	[DEBUG]	patch(1-6)="LineLLMCrossover(('source.cpp', 3), '#include <cstdio>\n#include <algorithm>\n\nusing namespace std;\n\nint main() {\n    int n;\n\n    while (scanf("%d", &n) && n) {\n        int a[5000];\n        \n        for (int i = 0; i < n; i++) {\n            scanf("%d", &a[i]);\n        }\n\n        int max_sum = 0, current_sum = 0; // Starting both sums from 0\n        for (int i = 0; i < n; i++) {\n            current_sum += a[i];\n            max_sum = max(max_sum, current_sum);\n            if (current_sum < 0) current_sum = 0; // Reset if negative\n        }\n        printf("%d\\n", max_sum);\n    }\n}')"
2025-02-24 15:22:14,862	[INFO]	Step: 16
2025-02-24 15:22:14,862	[INFO]	Stop Steps: 50
2025-02-24 15:22:15,387	[DEBUG]	EXEC>  SUCCESS 3062929.0
2025-02-24 15:22:15,387	[INFO]	1-7     SUCCESS               3062929.00 (98.07%) [2 edit(s)]  
2025-02-24 15:22:15,387	[DEBUG]	patch(1-7)="LineLLMMutation(('source.cpp', 9), '#include <cstdio>\n#include <algorithm>\n\nusing namespace std;\n\nint main() {\n    int n;\n    \n    while (scanf("%d", &n) && n) {\n        int a[5000], max_sum = 0, current_sum = 0;\n        \n        for (int i = 0; i < n; i++) {\n            scanf("%d", &a[i]);\n        }\n\n        for (int i = 0; i < n; i++) {\n            current_sum += a[i];\n            max_sum = max(max_sum, current_sum);\n            if (current_sum < 0) current_sum = 0; // Reset if negative\n        }\n        printf("%d\\n", max_sum);\n    }\n}') | LineLLMMutation(('source.cpp', 10), '#include <cstdio>\n#include <algorithm>\n#include <vector>\n\nusing namespace std;\n\nint main() {\n    int n;\n    \n    while (scanf("%d", &n) && n) {\n        vector<int> a(n); // Use vector for automatic size management\n        int max_sum = 0, current_sum = 0;\n\n        // Read all input in one go\n        for (int i = 0; i < n; i++) {\n            scanf("%d", &a[i]);\n        }\n\n        // Calculate the max subarray sum using Kadane\'s algorithm\n        for (int i = 0; i < n; i++) {\n            current_sum += a[i];\n            max_sum = max(max_sum, current_sum);\n            if (current_sum < 0) current_sum = 0; // Reset if negative\n        }\n        printf("%d\\n", max_sum);\n    }\n}')"
2025-02-24 15:22:15,388	[INFO]	Step: 17
2025-02-24 15:22:15,388	[INFO]	Stop Steps: 50
2025-02-24 15:22:15,893	[DEBUG]	EXEC>  SUCCESS 3054292.5
2025-02-24 15:22:15,893	[INFO]	1-8     SUCCESS               3054292.50 (97.79%) [2 edit(s)]  
2025-02-24 15:22:15,893	[DEBUG]	patch(1-8)="LineLLMMutation(('source.cpp', 4), '#include <cstdio>\n#include <algorithm>\n\nusing namespace std;\n\nint main() {\n    int n;\n    int a[5000];\n    \n    while (scanf("%d", &n) && n) {\n        for (int i = 0; i < n; i++) {\n            scanf("%d", &a[i]);\n        }\n\n        int max_sum = a[0];\n        int current_sum = 0;\n        for (int i = 0; i < n; i++) {\n            current_sum += a[i];\n            max_sum = max(max_sum, current_sum);\n            if (current_sum < 0) current_sum = 0; // Reset if negative\n        }\n        printf("%d\\n", max_sum);\n    }\n}') | LineLLMMutation(('source.cpp', 11), '#include <cstdio>\n#include <algorithm>\nusing namespace std;\n\nint main() {\n    int n;\n    int a[5000];\n    \n    while (scanf("%d", &n) && n) {\n        for (int i = 0; i < n; i++) {\n            scanf("%d", &a[i]);\n        }\n\n        int max_sum = a[0];\n        int current_sum = a[0]; // Start with the first element\n        for (int i = 1; i < n; i++) {\n            current_sum = max(a[i], current_sum + a[i]); // Include current element or start anew\n            max_sum = max(max_sum, current_sum);\n        }\n        printf("%d\\n", max_sum);\n    }\n}')"
2025-02-24 15:22:15,893	[INFO]	Step: 18
2025-02-24 15:22:15,893	[INFO]	Stop Steps: 50
2025-02-24 15:22:16,397	[DEBUG]	EXEC>  SUCCESS 3054274.5
2025-02-24 15:22:16,397	[INFO]	1-9     SUCCESS               3054274.50 (97.79%) [2 edit(s)]  
2025-02-24 15:22:16,397	[DEBUG]	patch(1-9)="LineLLMMutation(('source.cpp', 8), '#include <cstdio>\n#include <algorithm>\n\nusing namespace std;\n\nint main() {\n    int n;\n    \n    while (scanf("%d", &n) && n) {\n        int a[5000], max_sum = 0, current_sum = 0;\n        \n        for (int i = 0; i < n; i++) {\n            scanf("%d", &a[i]);\n        }\n\n        for (int i = 0; i < n; i++) {\n            current_sum += a[i];\n            max_sum = max(max_sum, current_sum);\n            if (current_sum < 0) current_sum = 0; // Reset if negative\n        }\n        printf("%d\\n", max_sum);\n    }\n}') | LineLLMMutation(('source.cpp', 12), '#include <cstdio>\n#include <algorithm>\n\nusing namespace std;\n\nint main() {\n    int n;\n\n    while (scanf("%d", &n) && n) {\n        int a[5000];\n        int max_sum = 0, current_sum = 0;\n\n        for (int i = 0; i < n; i++) {\n            scanf("%d", &a[i]);\n        }\n\n        // Optimizing the loop to compute max subarray sum in one pass\n        for (int i = 0; i < n; i++) {\n            current_sum += a[i];\n            max_sum = max(max_sum, current_sum);\n            // Instead of resetting current_sum to 0, we can simply reset it when it goes negative\n            current_sum = max(current_sum, 0); // Only keep positive sums\n        }\n        printf("%d\\n", max_sum);\n    }\n}')"
2025-02-24 15:22:16,397	[INFO]	Step: 19
2025-02-24 15:22:16,397	[INFO]	Stop Steps: 50
2025-02-24 15:22:16,915	[DEBUG]	EXEC>  SUCCESS 3054277.5
2025-02-24 15:22:16,915	[INFO]	1-10    SUCCESS               3054277.50 (97.79%) [2 edit(s)]  
2025-02-24 15:22:16,916	[DEBUG]	patch(1-10)="LineLLMMutation(('source.cpp', 5), '#include <cstdio>\n#include <algorithm>\n\nusing namespace std;\n\nint main() {\n    int n;\n    int a[5000];\n    \n    while (scanf("%d", &n) && n) {\n        for (int i = 0; i < n; i++) {\n            scanf("%d", &a[i]);\n        }\n\n        int max_sum = a[0];\n        int current_sum = 0;\n        for (int i = 0; i < n; i++) {\n            current_sum += a[i];\n            max_sum = max(max_sum, current_sum);\n            if (current_sum < 0) current_sum = 0; // Reset if negative\n        }\n        printf("%d\\n", max_sum);\n    }\n}') | LineLLMMutation(('source.cpp', 13), '#include <cstdio>\n#include <algorithm>\n\nusing namespace std;\n\nint main() {\n    int n;\n    int a[5000];\n    \n    while (scanf("%d", &n) && n) {\n        for (int i = 0; i < n; i++) {\n            scanf("%d", &a[i]);\n        }\n\n        int max_sum = a[0];\n        int current_sum = 0;\n        for (int i = 0; i < n; i++) {\n            current_sum += a[i];\n            max_sum = max(max_sum, current_sum);\n            // Instead of resetting current_sum to 0, we can just ignore negative sums\n            if (current_sum < 0) {\n                current_sum = 0; // We can skip this line to save operations\n            }\n        }\n        printf("%d\\n", max_sum);\n    }\n}')"
2025-02-24 15:22:16,916	[INFO]	Step: 20
2025-02-24 15:22:16,916	[INFO]	Stop Steps: 50
2025-02-24 15:22:17,626	[DEBUG]	EXEC>  SUCCESS 3122143.5
2025-02-24 15:22:17,626	[INFO]	1-1     SUCCESS               3122143.50 (99.97%) [1 edit(s)]  
2025-02-24 15:22:17,626	[DEBUG]	patch(1-1)="LineLLMMutation(('source.cpp', 14), '#include<iostream>\n#include<algorithm>\n\nusing namespace std;\n\nint main() {\n    int n;\n    int a[5000];\n\n    while (1) {\n        cin >> n;\n        if (!n) break;\n\n        for (int i = 0; i < n; i++) {\n            cin >> a[i];\n        }\n\n        int ans = a[0], tmp = a[0];\n        for (int i = 1; i < n; i++) {\n            tmp = max(a[i], tmp + a[i]);\n            ans = max(ans, tmp);\n        }\n\n        cout << ans << endl;\n    }\n}')"
2025-02-24 15:22:17,626	[INFO]	Step: 21
2025-02-24 15:22:17,626	[INFO]	Stop Steps: 50
2025-02-24 15:22:19,354	[DEBUG]	EXEC>  SUCCESS 3123373.5
2025-02-24 15:22:19,355	[INFO]	REF     SUCCESS               3123373.50 (--) [0 edit(s)]  
2025-02-24 15:22:19,355	[INFO]	Best patch: 2
2025-02-24 15:22:19,855	[DEBUG]	EXEC>  SUCCESS 3054453.5
2025-02-24 15:22:19,855	[INFO]	BEST    SUCCESS              *3054453.50 (97.79%) [0 edit(s)]  
2025-02-24 15:22:19,855	[INFO]	Best patch step: 14
2025-02-24 15:23:01,000	[INFO]	Step: 21
2025-02-24 15:23:01,000	[INFO]	Stop Steps: 50
2025-02-24 15:23:01,533	[DEBUG]	EXEC>  SUCCESS 3054273.5
2025-02-24 15:23:01,534	[INFO]	2-2     SUCCESS              *3054273.50 (97.79%) [1 edit(s)]  
2025-02-24 15:23:01,534	[DEBUG]	patch(2-2)="LineLLMCrossover(('source.cpp', 2), '#include <cstdio>\n#include <algorithm>\n\nusing namespace std;\n\nint main() {\n    int n;\n\n    while (scanf("%d", &n) && n) {\n        int a[5000], max_sum = 0, current_sum = 0;\n\n        for (int i = 0; i < n; i++) {\n            scanf("%d", &a[i]);\n        }\n\n        for (int i = 0; i < n; i++) {\n            current_sum += a[i];\n            max_sum = max(max_sum, current_sum);\n            if (current_sum < 0) current_sum = 0; // Reset if negative\n        }\n        printf("%d\\n", max_sum);\n    }\n}')"

2025-02-24 15:23:01,534	[INFO]	Step: 22
2025-02-24 15:23:01,534	[INFO]	Stop Steps: 50
2025-02-24 15:23:02,038	[DEBUG]	EXEC>  SUCCESS 3054364.5
2025-02-24 15:23:02,038	[INFO]	2-3     SUCCESS               3054364.50 (97.79%) [1 edit(s)]  
2025-02-24 15:23:02,038	[DEBUG]	patch(2-3)="LineLLMCrossover(('source.cpp', 3), '#include <cstdio>\n#include <algorithm>\n\nusing namespace std;\n\nint main() {\n    int n;\n\n    while (scanf("%d", &n) && n) {\n        int a[5000];\n        \n        for (int i = 0; i < n; i++) {\n            scanf("%d", &a[i]);\n        }\n\n        int max_sum = 0, current_sum = 0; // Starting both sums from 0\n        for (int i = 0; i < n; i++) {\n            current_sum += a[i];\n            max_sum = max(max_sum, current_sum);\n            if (current_sum < 0) current_sum = 0; // Reset if negative\n        }\n        printf("%d\\n", max_sum);\n    }\n}')"
2025-02-24 15:23:02,038	[INFO]	Step: 23
2025-02-24 15:23:02,038	[INFO]	Stop Steps: 50
2025-02-24 15:23:02,539	[DEBUG]	EXEC>  SUCCESS 3054273.5
2025-02-24 15:23:02,540	[INFO]	2-4     SUCCESS               3054273.50 (97.79%) [1 edit(s)]  
2025-02-24 15:23:02,540	[DEBUG]	patch(2-4)="LineLLMCrossover(('source.cpp', 4), '#include <cstdio>\n#include <algorithm>\n\nusing namespace std;\n\nint main() {\n    int n;\n\n    while (scanf("%d", &n) && n) {\n        int a[5000];\n        int max_sum = 0, current_sum = 0;\n\n        for (int i = 0; i < n; i++) {\n            scanf("%d", &a[i]);\n        }\n\n        for (int i = 0; i < n; i++) {\n            current_sum += a[i];\n            max_sum = max(max_sum, current_sum);\n            current_sum = max(current_sum, 0); // Only keep positive sums\n        }\n        printf("%d\\n", max_sum);\n    }\n}')"
2025-02-24 15:23:02,540	[INFO]	Step: 24
2025-02-24 15:23:02,540	[INFO]	Stop Steps: 50
2025-02-24 15:23:03,279	[DEBUG]	EXEC>  SUCCESS 3054279.0
2025-02-24 15:23:03,280	[INFO]	2-5     SUCCESS               3054279.00 (97.79%) [1 edit(s)]  
2025-02-24 15:23:03,280	[DEBUG]	patch(2-5)="LineLLMCrossover(('source.cpp', 5), '#include <cstdio>\n#include <algorithm>\n\nusing namespace std;\n\nint main() {\n    int n;\n    int a[5000];\n\n    while (scanf("%d", &n) && n) {\n        for (int i = 0; i < n; i++) {\n            scanf("%d", &a[i]);\n        }\n\n        int max_sum = a[0];\n        int current_sum = 0;\n        for (int i = 0; i < n; i++) {\n            current_sum += a[i];\n            max_sum = max(max_sum, current_sum);\n            current_sum = max(current_sum, 0); // Reset only when negative\n        }\n        printf("%d\\n", max_sum);\n    }\n}')"
2025-02-24 15:23:03,280	[INFO]	Step: 25
2025-02-24 15:23:03,280	[INFO]	Stop Steps: 50
2025-02-24 15:23:03,782	[DEBUG]	EXEC>  SUCCESS 3054362.5
2025-02-24 15:23:03,783	[INFO]	2-6     SUCCESS               3054362.50 (97.79%) [1 edit(s)]  
2025-02-24 15:23:03,783	[DEBUG]	patch(2-6)="LineLLMCrossover(('source.cpp', 6), '#include <cstdio>\n#include <algorithm>\n\nusing namespace std;\n\nint main() {\n    int n;\n\n    while (scanf("%d", &n) && n) {\n        int a[5000];\n        int max_sum = 0, current_sum = 0;\n\n        for (int i = 0; i < n; i++) {\n            scanf("%d", &a[i]);\n        }\n\n        // Optimizing the loop to compute max subarray sum in one pass\n        for (int i = 0; i < n; i++) {\n            current_sum += a[i];\n            max_sum = max(max_sum, current_sum);\n            current_sum = max(current_sum, 0); // Ignore negative sums\n        }\n        printf("%d\\n", max_sum);\n    }\n}')"
2025-02-24 15:23:03,783	[INFO]	Step: 26
2025-02-24 15:23:03,783	[INFO]	Stop Steps: 50
2025-02-24 15:23:04,294	[DEBUG]	EXEC>  SUCCESS 3054370.0
2025-02-24 15:23:04,294	[INFO]	2-7     SUCCESS               3054370.00 (97.79%) [1 edit(s)]  
2025-02-24 15:23:04,294	[DEBUG]	patch(2-7)="LineLLMCrossover(('source.cpp', 7), '#include <cstdio>\n#include <algorithm>\n\nusing namespace std;\n\nint main() {\n    int n;\n    int a[5000];\n\n    while (scanf("%d", &n) && n) {\n        for (int i = 0; i < n; i++) {\n            scanf("%d", &a[i]);\n        }\n\n        int max_sum = a[0];\n        int current_sum = 0;\n        for (int i = 0; i < n; i++) {\n            current_sum += a[i];\n            max_sum = max(max_sum, current_sum);\n            if (current_sum < 0) current_sum = 0; // Reset if negative\n        }\n        printf("%d\\n", max_sum);\n    }\n}')"
2025-02-24 15:23:04,295	[INFO]	Step: 27
2025-02-24 15:23:04,295	[INFO]	Stop Steps: 50
2025-02-24 15:23:04,819	[DEBUG]	EXEC>  SUCCESS 3054362.0
2025-02-24 15:23:04,819	[INFO]	2-8     SUCCESS               3054362.00 (97.79%) [2 edit(s)]  
2025-02-24 15:23:04,819	[DEBUG]	patch(2-8)="LineLLMCrossover(('source.cpp', 2), '#include <cstdio>\n#include <algorithm>\n\nusing namespace std;\n\nint main() {\n    int n;\n\n    while (scanf("%d", &n) && n) {\n        int a[5000], max_sum = 0, current_sum = 0;\n\n        for (int i = 0; i < n; i++) {\n            scanf("%d", &a[i]);\n        }\n\n        for (int i = 0; i < n; i++) {\n            current_sum += a[i];\n            max_sum = max(max_sum, current_sum);\n            if (current_sum < 0) current_sum = 0; // Reset if negative\n        }\n        printf("%d\\n", max_sum);\n    }\n}') | LineLLMMutation(('source.cpp', 15), '#include <cstdio>\n#include <algorithm>\n\nusing namespace std;\n\nint main() {\n    int n;\n\n    while (scanf("%d", &n) && n) {\n        int a[5000], max_sum = 0, current_sum = 0;\n\n        // Use a single scanf to read all elements, improving I/O efficiency\n        for (int i = 0; i < n; i++) {\n            scanf("%d", &a[i]);\n        }\n\n        // Utilize a single pass to compute max subarray sum using Kadane\'s algorithm\n        for (int i = 0; i < n; i++) {\n            current_sum = max(0, current_sum + a[i]);\n            max_sum = max(max_sum, current_sum);\n        }\n        printf("%d\\n", max_sum);\n    }\n}')"
2025-02-24 15:23:04,819	[INFO]	Step: 28
2025-02-24 15:23:04,819	[INFO]	Stop Steps: 50
2025-02-24 15:23:05,314	[DEBUG]	EXEC>  SUCCESS 3054226.0
2025-02-24 15:23:05,314	[INFO]	2-9     SUCCESS              *3054226.00 (97.79%) [2 edit(s)]  
2025-02-24 15:23:05,314	[DEBUG]	patch(2-9)="LineLLMCrossover(('source.cpp', 3), '#include <cstdio>\n#include <algorithm>\n\nusing namespace std;\n\nint main() {\n    int n;\n\n    while (scanf("%d", &n) && n) {\n        int a[5000];\n        \n        for (int i = 0; i < n; i++) {\n            scanf("%d", &a[i]);\n        }\n\n        int max_sum = 0, current_sum = 0; // Starting both sums from 0\n        for (int i = 0; i < n; i++) {\n            current_sum += a[i];\n            max_sum = max(max_sum, current_sum);\n            if (current_sum < 0) current_sum = 0; // Reset if negative\n        }\n        printf("%d\\n", max_sum);\n    }\n}') | LineLLMMutation(('source.cpp', 16), '#include <cstdio>\n#include <algorithm>\n\nusing namespace std;\n\nint main() {\n    int n;\n\n    while (scanf("%d", &n), n) { // Combine condition with input for efficiency\n        int max_sum = 0, current_sum = 0; // Initialize sums directly\n        int a[5000]; // Retaining the array for input storage\n\n        for (int i = 0; i < n; ++i) {\n            scanf("%d", &a[i]);\n            current_sum += a[i]; // Calculate sum during input\n            max_sum = max(max_sum, current_sum); // Update max_sum during input\n            if (current_sum < 0) current_sum = 0; // Reset if negative\n        }\n        printf("%d\\n", max_sum);\n    }\n}')"

2025-02-24 15:23:05,314	[INFO]	Step: 29
2025-02-24 15:23:05,314	[INFO]	Stop Steps: 50
2025-02-24 15:23:05,796	[DEBUG]	EXEC>  SUCCESS 3054362.5
2025-02-24 15:23:05,796	[INFO]	2-10    SUCCESS               3054362.50 (97.79%) [3 edit(s)]  
2025-02-24 15:23:05,796	[DEBUG]	patch(2-10)="LineLLMMutation(('source.cpp', 8), '#include <cstdio>\n#include <algorithm>\n\nusing namespace std;\n\nint main() {\n    int n;\n    \n    while (scanf("%d", &n) && n) {\n        int a[5000], max_sum = 0, current_sum = 0;\n        \n        for (int i = 0; i < n; i++) {\n            scanf("%d", &a[i]);\n        }\n\n        for (int i = 0; i < n; i++) {\n            current_sum += a[i];\n            max_sum = max(max_sum, current_sum);\n            if (current_sum < 0) current_sum = 0; // Reset if negative\n        }\n        printf("%d\\n", max_sum);\n    }\n}') | LineLLMMutation(('source.cpp', 12), '#include <cstdio>\n#include <algorithm>\n\nusing namespace std;\n\nint main() {\n    int n;\n\n    while (scanf("%d", &n) && n) {\n        int a[5000];\n        int max_sum = 0, current_sum = 0;\n\n        for (int i = 0; i < n; i++) {\n            scanf("%d", &a[i]);\n        }\n\n        // Optimizing the loop to compute max subarray sum in one pass\n        for (int i = 0; i < n; i++) {\n            current_sum += a[i];\n            max_sum = max(max_sum, current_sum);\n            // Instead of resetting current_sum to 0, we can simply reset it when it goes negative\n            current_sum = max(current_sum, 0); // Only keep positive sums\n        }\n        printf("%d\\n", max_sum);\n    }\n}') | LineLLMMutation(('source.cpp', 17), '#include <cstdio>\n#include <algorithm>\n\nusing namespace std;\n\nint main() {\n    int n;\n\n    while (scanf("%d", &n) && n) {\n        int a[5000];\n        int max_sum = 0, current_sum = 0;\n\n        for (int i = 0; i < n; i++) {\n            scanf("%d", &a[i]);\n        }\n\n        // Optimizing the loop to compute max subarray sum in one pass\n        for (int i = 0; i < n; i++) {\n            current_sum += a[i];\n            max_sum = max(max_sum, current_sum);\n            // Reset current_sum when it goes negative\n            if (current_sum < 0) {\n                current_sum = 0; // Only keep positive sums\n            }\n        }\n        printf("%d\\n", max_sum);\n    }\n}')"
2025-02-24 15:23:05,796	[INFO]	Step: 30
2025-02-24 15:23:05,796	[INFO]	Stop Steps: 50
2025-02-24 15:23:06,325	[DEBUG]	EXEC>  SUCCESS 3054203.5
2025-02-24 15:23:06,325	[INFO]	2-1     SUCCESS              *3054203.50 (97.79%) [3 edit(s)]  
2025-02-24 15:23:06,325	[DEBUG]	patch(2-1)="LineLLMMutation(('source.cpp', 5), '#include <cstdio>\n#include <algorithm>\n\nusing namespace std;\n\nint main() {\n    int n;\n    int a[5000];\n    \n    while (scanf("%d", &n) && n) {\n        for (int i = 0; i < n; i++) {\n            scanf("%d", &a[i]);\n        }\n\n        int max_sum = a[0];\n        int current_sum = 0;\n        for (int i = 0; i < n; i++) {\n            current_sum += a[i];\n            max_sum = max(max_sum, current_sum);\n            if (current_sum < 0) current_sum = 0; // Reset if negative\n        }\n        printf("%d\\n", max_sum);\n    }\n}') | LineLLMMutation(('source.cpp', 13), '#include <cstdio>\n#include <algorithm>\n\nusing namespace std;\n\nint main() {\n    int n;\n    int a[5000];\n    \n    while (scanf("%d", &n) && n) {\n        for (int i = 0; i < n; i++) {\n            scanf("%d", &a[i]);\n        }\n\n        int max_sum = a[0];\n        int current_sum = 0;\n        for (int i = 0; i < n; i++) {\n            current_sum += a[i];\n            max_sum = max(max_sum, current_sum);\n            // Instead of resetting current_sum to 0, we can just ignore negative sums\n            if (current_sum < 0) {\n                current_sum = 0; // We can skip this line to save operations\n            }\n        }\n        printf("%d\\n", max_sum);\n    }\n}') | LineLLMMutation(('source.cpp', 18), '#include <cstdio>\n#include <algorithm>\n\nusing namespace std;\n\nint main() {\n    int n;\n    while (scanf("%d", &n) && n) {\n        int max_sum = 0, current_sum = 0;\n        for (int i = 0; i < n; i++) {\n            int x;\n            scanf("%d", &x);\n            current_sum += x;\n            max_sum = max(max_sum, current_sum);\n            // If current_sum drops below 0, we reset it to 0\n            if (current_sum < 0) {\n                current_sum = 0;\n            }\n        }\n        printf("%d\\n", max_sum);\n    }\n}')"

2025-02-24 15:23:06,325	[INFO]	Step: 31
2025-02-24 15:23:06,325	[INFO]	Stop Steps: 50
2025-02-24 15:23:07,028	[DEBUG]	EXEC>  SUCCESS 3123284.5
2025-02-24 15:23:07,028	[INFO]	2-2     SUCCESS               3123284.50 (100.00%) [1 edit(s)]  
2025-02-24 15:23:07,028	[DEBUG]	patch(2-2)="LineLLMMutation(('source.cpp', 19), '#include<iostream>\n#include<algorithm>\n\nusing namespace std;\n\nint main(){\n    int n;\n    int a[5000];\n    int tmp;\n    int ans;\n\n    while(1){\n        cin >> n;\n        if(!n) break;\n\n        for(int i = 0; i < n; i++){\n            cin >> a[i];\n        }\n\n        ans = a[0];\n        for(int i = 0; i < n; i++){\n            for(int j = i; j < n; j++){\n                if(i == j)\n                    tmp = a[i];\n                else\n                    tmp += a[j];\n\n                ans = max(tmp, ans);\n            }\n        }\n\n        cout << ans << endl;\n    }\n}')"
2025-02-24 15:23:07,028	[INFO]	Step: 32
2025-02-24 15:23:07,028	[INFO]	Stop Steps: 50
2025-02-24 15:23:08,759	[DEBUG]	EXEC>  SUCCESS 3123194.0
2025-02-24 15:23:08,759	[INFO]	REF     SUCCESS               3123194.00 (--) [0 edit(s)]  
2025-02-24 15:23:08,759	[INFO]	Best patch: 5_13_18
2025-02-24 15:23:09,268	[DEBUG]	EXEC>  SUCCESS 3054243.0
2025-02-24 15:23:09,268	[INFO]	BEST    SUCCESS              *3054243.00 (97.79%) [0 edit(s)]  
2025-02-24 15:23:09,268	[INFO]	Best patch step: 30
2025-02-24 15:23:44,488	[INFO]	Step: 32
2025-02-24 15:23:44,488	[INFO]	Stop Steps: 50
2025-02-24 15:23:44,986	[DEBUG]	EXEC>  SUCCESS 3054203.5
2025-02-24 15:23:44,986	[INFO]	3-3     SUCCESS              *3054203.50 (97.79%) [3 edit(s)]  
2025-02-24 15:23:44,986	[DEBUG]	patch(3-3)="LineLLMMutation(('source.cpp', 5), '#include <cstdio>\n#include <algorithm>\n\nusing namespace std;\n\nint main() {\n    int n;\n    int a[5000];\n    \n    while (scanf("%d", &n) && n) {\n        for (int i = 0; i < n; i++) {\n            scanf("%d", &a[i]);\n        }\n\n        int max_sum = a[0];\n        int current_sum = 0;\n        for (int i = 0; i < n; i++) {\n            current_sum += a[i];\n            max_sum = max(max_sum, current_sum);\n            if (current_sum < 0) current_sum = 0; // Reset if negative\n        }\n        printf("%d\\n", max_sum);\n    }\n}') | LineLLMMutation(('source.cpp', 13), '#include <cstdio>\n#include <algorithm>\n\nusing namespace std;\n\nint main() {\n    int n;\n    int a[5000];\n    \n    while (scanf("%d", &n) && n) {\n        for (int i = 0; i < n; i++) {\n            scanf("%d", &a[i]);\n        }\n\n        int max_sum = a[0];\n        int current_sum = 0;\n        for (int i = 0; i < n; i++) {\n            current_sum += a[i];\n            max_sum = max(max_sum, current_sum);\n            // Instead of resetting current_sum to 0, we can just ignore negative sums\n            if (current_sum < 0) {\n                current_sum = 0; // We can skip this line to save operations\n            }\n        }\n        printf("%d\\n", max_sum);\n    }\n}') | LineLLMMutation(('source.cpp', 18), '#include <cstdio>\n#include <algorithm>\n\nusing namespace std;\n\nint main() {\n    int n;\n    while (scanf("%d", &n) && n) {\n        int max_sum = 0, current_sum = 0;\n        for (int i = 0; i < n; i++) {\n            int x;\n            scanf("%d", &x);\n            current_sum += x;\n            max_sum = max(max_sum, current_sum);\n            // If current_sum drops below 0, we reset it to 0\n            if (current_sum < 0) {\n                current_sum = 0;\n            }\n        }\n        printf("%d\\n", max_sum);\n    }\n}')"

2025-02-24 15:23:44,987	[INFO]	Step: 33
2025-02-24 15:23:44,987	[INFO]	Stop Steps: 50
2025-02-24 15:23:45,485	[DEBUG]	EXEC>  SUCCESS 3054315.5
2025-02-24 15:23:45,485	[INFO]	3-4     SUCCESS               3054315.50 (97.79%) [2 edit(s)]  
2025-02-24 15:23:45,485	[DEBUG]	patch(3-4)="LineLLMCrossover(('source.cpp', 3), '#include <cstdio>\n#include <algorithm>\n\nusing namespace std;\n\nint main() {\n    int n;\n\n    while (scanf("%d", &n) && n) {\n        int a[5000];\n        \n        for (int i = 0; i < n; i++) {\n            scanf("%d", &a[i]);\n        }\n\n        int max_sum = 0, current_sum = 0; // Starting both sums from 0\n        for (int i = 0; i < n; i++) {\n            current_sum += a[i];\n            max_sum = max(max_sum, current_sum);\n            if (current_sum < 0) current_sum = 0; // Reset if negative\n        }\n        printf("%d\\n", max_sum);\n    }\n}') | LineLLMMutation(('source.cpp', 16), '#include <cstdio>\n#include <algorithm>\n\nusing namespace std;\n\nint main() {\n    int n;\n\n    while (scanf("%d", &n), n) { // Combine condition with input for efficiency\n        int max_sum = 0, current_sum = 0; // Initialize sums directly\n        int a[5000]; // Retaining the array for input storage\n\n        for (int i = 0; i < n; ++i) {\n            scanf("%d", &a[i]);\n            current_sum += a[i]; // Calculate sum during input\n            max_sum = max(max_sum, current_sum); // Update max_sum during input\n            if (current_sum < 0) current_sum = 0; // Reset if negative\n        }\n        printf("%d\\n", max_sum);\n    }\n}')"
2025-02-24 15:23:45,485	[INFO]	Step: 34
2025-02-24 15:23:45,485	[INFO]	Stop Steps: 50
2025-02-24 15:23:45,981	[DEBUG]	EXEC>  SUCCESS 3054232.5
2025-02-24 15:23:45,982	[INFO]	3-5     SUCCESS               3054232.50 (97.79%) [1 edit(s)]  
2025-02-24 15:23:45,982	[DEBUG]	patch(3-5)="LineLLMCrossover(('source.cpp', 8), '#include <cstdio>\n#include <algorithm>\n\nusing namespace std;\n\nint main() {\n    int n;\n\n    while (scanf("%d", &n) && n) { \n        int max_sum = 0, current_sum = 0; \n        int a[5000]; \n\n        for (int i = 0; i < n; ++i) {\n            scanf("%d", &a[i]);\n            current_sum += a[i]; \n            max_sum = max(max_sum, current_sum); \n            if (current_sum < 0) current_sum = 0; \n        }\n        printf("%d\\n", max_sum);\n    }\n}')"
2025-02-24 15:23:45,982	[INFO]	Step: 35
2025-02-24 15:23:45,982	[INFO]	Stop Steps: 50
2025-02-24 15:23:46,465	[DEBUG]	EXEC>  SUCCESS 3054453.0
2025-02-24 15:23:46,465	[INFO]	3-6     SUCCESS               3054453.00 (97.80%) [1 edit(s)]  
2025-02-24 15:23:46,465	[DEBUG]	patch(3-6)="LineLLMCrossover(('source.cpp', 9), '#include <cstdio>\n#include <algorithm>\n\nusing namespace std;\n\nint main() {\n    int n;\n\n    while (scanf("%d", &n) && n) {\n        int a[5000]; \n        int max_sum = 0, current_sum = 0;\n\n        for (int i = 0; i < n; i++) {\n            scanf("%d", &a[i]);\n        }\n\n        for (int i = 0; i < n; i++) {\n            current_sum += a[i];\n            max_sum = max(max_sum, current_sum);\n            if (current_sum < 0) current_sum = 0; \n        }\n        printf("%d\\n", max_sum);\n    }\n}')"
2025-02-24 15:23:46,465	[INFO]	Step: 36
2025-02-24 15:23:46,465	[INFO]	Stop Steps: 50
2025-02-24 15:23:46,969	[DEBUG]	EXEC>  SUCCESS 3054233.5
2025-02-24 15:23:46,969	[INFO]	3-7     SUCCESS               3054233.50 (97.79%) [1 edit(s)]  
2025-02-24 15:23:46,970	[DEBUG]	patch(3-7)="LineLLMCrossover(('source.cpp', 10), '#include <cstdio>\n#include <algorithm>\n\nusing namespace std;\n\nint main() {\n    int n;\n\n    while (scanf("%d", &n) && n) { \n        int max_sum = 0, current_sum = 0; \n        int a[5000]; \n\n        for (int i = 0; i < n; ++i) {\n            scanf("%d", &a[i]);\n            current_sum += a[i]; \n            max_sum = max(max_sum, current_sum); \n            if (current_sum < 0) {\n                current_sum = 0; \n            }\n        }\n        printf("%d\\n", max_sum);\n    }\n}')"
2025-02-24 15:23:46,970	[INFO]	Step: 37
2025-02-24 15:23:46,970	[INFO]	Stop Steps: 50
2025-02-24 15:23:47,477	[DEBUG]	EXEC>  SUCCESS 3054455.0
2025-02-24 15:23:47,478	[INFO]	3-8     SUCCESS               3054455.00 (97.80%) [1 edit(s)]  
2025-02-24 15:23:47,478	[DEBUG]	patch(3-8)="LineLLMCrossover(('source.cpp', 11), '#include <cstdio>\n#include <algorithm>\n\nusing namespace std;\n\nint main() {\n    int n;\n\n    while (scanf("%d", &n) && n) {\n        int a[5000], max_sum = 0, current_sum = 0;\n\n        for (int i = 0; i < n; i++) {\n            scanf("%d", &a[i]);\n        }\n\n        for (int i = 0; i < n; i++) {\n            current_sum += a[i];\n            max_sum = max(max_sum, current_sum);\n            if (current_sum < 0) {\n                current_sum = 0; \n            }\n        }\n        printf("%d\\n", max_sum);\n    }\n}')"
2025-02-24 15:23:47,478	[INFO]	Step: 38
2025-02-24 15:23:47,478	[INFO]	Stop Steps: 50
2025-02-24 15:23:47,973	[DEBUG]	EXEC>  SUCCESS 3054200.5
2025-02-24 15:23:47,973	[INFO]	3-9     SUCCESS              *3054200.50 (97.79%) [4 edit(s)]  
2025-02-24 15:23:47,973	[DEBUG]	patch(3-9)="LineLLMMutation(('source.cpp', 5), '#include <cstdio>\n#include <algorithm>\n\nusing namespace std;\n\nint main() {\n    int n;\n    int a[5000];\n    \n    while (scanf("%d", &n) && n) {\n        for (int i = 0; i < n; i++) {\n            scanf("%d", &a[i]);\n        }\n\n        int max_sum = a[0];\n        int current_sum = 0;\n        for (int i = 0; i < n; i++) {\n            current_sum += a[i];\n            max_sum = max(max_sum, current_sum);\n            if (current_sum < 0) current_sum = 0; // Reset if negative\n        }\n        printf("%d\\n", max_sum);\n    }\n}') | LineLLMMutation(('source.cpp', 13), '#include <cstdio>\n#include <algorithm>\n\nusing namespace std;\n\nint main() {\n    int n;\n    int a[5000];\n    \n    while (scanf("%d", &n) && n) {\n        for (int i = 0; i < n; i++) {\n            scanf("%d", &a[i]);\n        }\n\n        int max_sum = a[0];\n        int current_sum = 0;\n        for (int i = 0; i < n; i++) {\n            current_sum += a[i];\n            max_sum = max(max_sum, current_sum);\n            // Instead of resetting current_sum to 0, we can just ignore negative sums\n            if (current_sum < 0) {\n                current_sum = 0; // We can skip this line to save operations\n            }\n        }\n        printf("%d\\n", max_sum);\n    }\n}') | LineLLMMutation(('source.cpp', 18), '#include <cstdio>\n#include <algorithm>\n\nusing namespace std;\n\nint main() {\n    int n;\n    while (scanf("%d", &n) && n) {\n        int max_sum = 0, current_sum = 0;\n        for (int i = 0; i < n; i++) {\n            int x;\n            scanf("%d", &x);\n            current_sum += x;\n            max_sum = max(max_sum, current_sum);\n            // If current_sum drops below 0, we reset it to 0\n            if (current_sum < 0) {\n                current_sum = 0;\n            }\n        }\n        printf("%d\\n", max_sum);\n    }\n}') | LineLLMMutation(('source.cpp', 20), '#include <cstdio>\n#include <algorithm>\n\nusing namespace std;\n\nint main() {\n    int n;\n    while (scanf("%d", &n) && n) {\n        int max_sum = 0, current_sum = 0;\n        for (int i = 0, x; i < n; i++) {\n            scanf("%d", &x);\n            current_sum = max(0, current_sum + x);\n            max_sum = max(max_sum, current_sum);\n        }\n        printf("%d\\n", max_sum);\n    }\n}')"

2025-02-24 15:23:47,973	[INFO]	Step: 39
2025-02-24 15:23:47,973	[INFO]	Stop Steps: 50
2025-02-24 15:23:48,468	[DEBUG]	EXEC>  SUCCESS 3054225.5
2025-02-24 15:23:48,468	[INFO]	3-10    SUCCESS               3054225.50 (97.79%) [3 edit(s)]  
2025-02-24 15:23:48,468	[DEBUG]	patch(3-10)="LineLLMCrossover(('source.cpp', 3), '#include <cstdio>\n#include <algorithm>\n\nusing namespace std;\n\nint main() {\n    int n;\n\n    while (scanf("%d", &n) && n) {\n        int a[5000];\n        \n        for (int i = 0; i < n; i++) {\n            scanf("%d", &a[i]);\n        }\n\n        int max_sum = 0, current_sum = 0; // Starting both sums from 0\n        for (int i = 0; i < n; i++) {\n            current_sum += a[i];\n            max_sum = max(max_sum, current_sum);\n            if (current_sum < 0) current_sum = 0; // Reset if negative\n        }\n        printf("%d\\n", max_sum);\n    }\n}') | LineLLMMutation(('source.cpp', 16), '#include <cstdio>\n#include <algorithm>\n\nusing namespace std;\n\nint main() {\n    int n;\n\n    while (scanf("%d", &n), n) { // Combine condition with input for efficiency\n        int max_sum = 0, current_sum = 0; // Initialize sums directly\n        int a[5000]; // Retaining the array for input storage\n\n        for (int i = 0; i < n; ++i) {\n            scanf("%d", &a[i]);\n            current_sum += a[i]; // Calculate sum during input\n            max_sum = max(max_sum, current_sum); // Update max_sum during input\n            if (current_sum < 0) current_sum = 0; // Reset if negative\n        }\n        printf("%d\\n", max_sum);\n    }\n}') | LineLLMMutation(('source.cpp', 21), '#include <cstdio>\n#include <algorithm>\n\nusing namespace std;\n\nint main() {\n    int n;\n\n    while (scanf("%d", &n), n) { // Combine condition with input for efficiency\n        int max_sum = 0, current_sum = 0; // Initialize sums directly\n        int a[5000]; // Retaining the array for input storage\n\n        for (int i = 0; i < n; ++i) {\n            scanf("%d", &a[i]);\n            current_sum += a[i]; // Calculate sum during input\n            // Only update max_sum when current_sum is non-negative\n            if (current_sum > max_sum) max_sum = current_sum; \n            if (current_sum < 0) current_sum = 0; // Reset if negative\n        }\n        printf("%d\\n", max_sum);\n    }\n}')"
2025-02-24 15:23:48,468	[INFO]	Step: 40
2025-02-24 15:23:48,469	[INFO]	Stop Steps: 50
2025-02-24 15:23:48,984	[DEBUG]	EXEC>  SUCCESS 3054292.0
2025-02-24 15:23:48,985	[INFO]	3-1     SUCCESS               3054292.00 (97.79%) [2 edit(s)]  
2025-02-24 15:23:48,985	[DEBUG]	patch(3-1)="LineLLMCrossover(('source.cpp', 4), '#include <cstdio>\n#include <algorithm>\n\nusing namespace std;\n\nint main() {\n    int n;\n\n    while (scanf("%d", &n) && n) {\n        int a[5000];\n        int max_sum = 0, current_sum = 0;\n\n        for (int i = 0; i < n; i++) {\n            scanf("%d", &a[i]);\n        }\n\n        for (int i = 0; i < n; i++) {\n            current_sum += a[i];\n            max_sum = max(max_sum, current_sum);\n            current_sum = max(current_sum, 0); // Only keep positive sums\n        }\n        printf("%d\\n", max_sum);\n    }\n}') | LineLLMMutation(('source.cpp', 22), '#include <cstdio>\n#include <algorithm>\n\nusing namespace std;\n\nint main() {\n    int n;\n\n    while (scanf("%d", &n) && n) {\n        int max_sum = 0, current_sum = 0;\n\n        for (int i = 0; i < n; i++) {\n            int x;\n            scanf("%d", &x);\n            current_sum += x;\n            max_sum = max(max_sum, current_sum);\n            current_sum = max(current_sum, 0); // Only keep positive sums\n        }\n        printf("%d\\n", max_sum);\n    }\n}')"
2025-02-24 15:23:48,985	[INFO]	Step: 41
2025-02-24 15:23:48,985	[INFO]	Stop Steps: 50
2025-02-24 15:23:49,482	[DEBUG]	EXEC>  SUCCESS 3054233.5
2025-02-24 15:23:49,482	[INFO]	3-2     SUCCESS               3054233.50 (97.79%) [2 edit(s)]  
2025-02-24 15:23:49,483	[DEBUG]	patch(3-2)="LineLLMCrossover(('source.cpp', 2), '#include <cstdio>\n#include <algorithm>\n\nusing namespace std;\n\nint main() {\n    int n;\n\n    while (scanf("%d", &n) && n) {\n        int a[5000], max_sum = 0, current_sum = 0;\n\n        for (int i = 0; i < n; i++) {\n            scanf("%d", &a[i]);\n        }\n\n        for (int i = 0; i < n; i++) {\n            current_sum += a[i];\n            max_sum = max(max_sum, current_sum);\n            if (current_sum < 0) current_sum = 0; // Reset if negative\n        }\n        printf("%d\\n", max_sum);\n    }\n}') | LineLLMMutation(('source.cpp', 23), '#include <cstdio>\n#include <algorithm>\n\nusing namespace std;\n\nint main() {\n    int n;\n\n    while (scanf("%d", &n) && n) {\n        int a[5000], max_sum = 0, current_sum = 0;\n\n        // Process input and calculate max sum simultaneously\n        for (int i = 0; i < n; i++) {\n            scanf("%d", &a[i]);\n            current_sum += a[i];\n            max_sum = max(max_sum, current_sum);\n            if (current_sum < 0) current_sum = 0; // Reset if negative\n        }\n        printf("%d\\n", max_sum);\n    }\n}')"
2025-02-24 15:23:49,483	[INFO]	Step: 42
2025-02-24 15:23:49,483	[INFO]	Stop Steps: 50
2025-02-24 15:23:50,213	[DEBUG]	EXEC>  SUCCESS 3123282.5
2025-02-24 15:23:50,213	[INFO]	3-3     SUCCESS               3123282.50 (100.00%) [1 edit(s)]  
2025-02-24 15:23:50,213	[DEBUG]	patch(3-3)="LineLLMMutation(('source.cpp', 24), '#include<iostream>\n#include<algorithm>\nusing namespace std;\n\nint main(){\n    int n;\n    int a[5000];\n    int tmp;\n    int ans;\n\n    while(1){\n        cin >> n;\n        if(!n) break;\n\n        for(int i=0; i<n; i++){\n            cin >> a[i];\n        }\n\n        ans = a[0];\n        for(int i=0; i<n; i++){\n            for(int j=i; j<n; j++){\n                if(i == j) tmp = a[i];\n                else tmp += a[j];\n                ans = max(tmp, ans);\n            }\n        }\n\n        cout << ans << endl;\n    }\n}')"
2025-02-24 15:23:50,213	[INFO]	Step: 43
2025-02-24 15:23:50,213	[INFO]	Stop Steps: 50
2025-02-24 15:23:51,945	[DEBUG]	EXEC>  SUCCESS 3123193.0
2025-02-24 15:23:51,945	[INFO]	REF     SUCCESS               3123193.00 (--) [0 edit(s)]  
2025-02-24 15:23:51,945	[INFO]	Best patch: 5_13_18_20
2025-02-24 15:23:52,452	[DEBUG]	EXEC>  SUCCESS 3054290.5
2025-02-24 15:23:52,452	[INFO]	BEST    SUCCESS              *3054290.50 (97.79%) [0 edit(s)]  
2025-02-24 15:23:52,452	[INFO]	Best patch step: 38
2025-02-24 15:25:21,207	[INFO]	Step: 43
2025-02-24 15:25:21,208	[INFO]	Stop Steps: 50
2025-02-24 15:25:21,723	[DEBUG]	EXEC>  SUCCESS 3054200.5
2025-02-24 15:25:21,724	[INFO]	4-4     SUCCESS              *3054200.50 (97.79%) [4 edit(s)]  
2025-02-24 15:25:21,724	[DEBUG]	patch(4-4)="LineLLMMutation(('source.cpp', 5), '#include <cstdio>\n#include <algorithm>\n\nusing namespace std;\n\nint main() {\n    int n;\n    int a[5000];\n    \n    while (scanf("%d", &n) && n) {\n        for (int i = 0; i < n; i++) {\n            scanf("%d", &a[i]);\n        }\n\n        int max_sum = a[0];\n        int current_sum = 0;\n        for (int i = 0; i < n; i++) {\n            current_sum += a[i];\n            max_sum = max(max_sum, current_sum);\n            if (current_sum < 0) current_sum = 0; // Reset if negative\n        }\n        printf("%d\\n", max_sum);\n    }\n}') | LineLLMMutation(('source.cpp', 13), '#include <cstdio>\n#include <algorithm>\n\nusing namespace std;\n\nint main() {\n    int n;\n    int a[5000];\n    \n    while (scanf("%d", &n) && n) {\n        for (int i = 0; i < n; i++) {\n            scanf("%d", &a[i]);\n        }\n\n        int max_sum = a[0];\n        int current_sum = 0;\n        for (int i = 0; i < n; i++) {\n            current_sum += a[i];\n            max_sum = max(max_sum, current_sum);\n            // Instead of resetting current_sum to 0, we can just ignore negative sums\n            if (current_sum < 0) {\n                current_sum = 0; // We can skip this line to save operations\n            }\n        }\n        printf("%d\\n", max_sum);\n    }\n}') | LineLLMMutation(('source.cpp', 18), '#include <cstdio>\n#include <algorithm>\n\nusing namespace std;\n\nint main() {\n    int n;\n    while (scanf("%d", &n) && n) {\n        int max_sum = 0, current_sum = 0;\n        for (int i = 0; i < n; i++) {\n            int x;\n            scanf("%d", &x);\n            current_sum += x;\n            max_sum = max(max_sum, current_sum);\n            // If current_sum drops below 0, we reset it to 0\n            if (current_sum < 0) {\n                current_sum = 0;\n            }\n        }\n        printf("%d\\n", max_sum);\n    }\n}') | LineLLMMutation(('source.cpp', 20), '#include <cstdio>\n#include <algorithm>\n\nusing namespace std;\n\nint main() {\n    int n;\n    while (scanf("%d", &n) && n) {\n        int max_sum = 0, current_sum = 0;\n        for (int i = 0, x; i < n; i++) {\n            scanf("%d", &x);\n            current_sum = max(0, current_sum + x);\n            max_sum = max(max_sum, current_sum);\n        }\n        printf("%d\\n", max_sum);\n    }\n}')"

2025-02-24 15:25:21,724	[INFO]	Step: 44
2025-02-24 15:25:21,724	[INFO]	Stop Steps: 50
2025-02-24 15:25:22,220	[DEBUG]	EXEC>  SUCCESS 3054203.5
2025-02-24 15:25:22,220	[INFO]	4-5     SUCCESS               3054203.50 (97.79%) [3 edit(s)]  
2025-02-24 15:25:22,220	[DEBUG]	patch(4-5)="LineLLMMutation(('source.cpp', 5), '#include <cstdio>\n#include <algorithm>\n\nusing namespace std;\n\nint main() {\n    int n;\n    int a[5000];\n    \n    while (scanf("%d", &n) && n) {\n        for (int i = 0; i < n; i++) {\n            scanf("%d", &a[i]);\n        }\n\n        int max_sum = a[0];\n        int current_sum = 0;\n        for (int i = 0; i < n; i++) {\n            current_sum += a[i];\n            max_sum = max(max_sum, current_sum);\n            if (current_sum < 0) current_sum = 0; // Reset if negative\n        }\n        printf("%d\\n", max_sum);\n    }\n}') | LineLLMMutation(('source.cpp', 13), '#include <cstdio>\n#include <algorithm>\n\nusing namespace std;\n\nint main() {\n    int n;\n    int a[5000];\n    \n    while (scanf("%d", &n) && n) {\n        for (int i = 0; i < n; i++) {\n            scanf("%d", &a[i]);\n        }\n\n        int max_sum = a[0];\n        int current_sum = 0;\n        for (int i = 0; i < n; i++) {\n            current_sum += a[i];\n            max_sum = max(max_sum, current_sum);\n            // Instead of resetting current_sum to 0, we can just ignore negative sums\n            if (current_sum < 0) {\n                current_sum = 0; // We can skip this line to save operations\n            }\n        }\n        printf("%d\\n", max_sum);\n    }\n}') | LineLLMMutation(('source.cpp', 18), '#include <cstdio>\n#include <algorithm>\n\nusing namespace std;\n\nint main() {\n    int n;\n    while (scanf("%d", &n) && n) {\n        int max_sum = 0, current_sum = 0;\n        for (int i = 0; i < n; i++) {\n            int x;\n            scanf("%d", &x);\n            current_sum += x;\n            max_sum = max(max_sum, current_sum);\n            // If current_sum drops below 0, we reset it to 0\n            if (current_sum < 0) {\n                current_sum = 0;\n            }\n        }\n        printf("%d\\n", max_sum);\n    }\n}')"
2025-02-24 15:25:22,220	[INFO]	Step: 45
2025-02-24 15:25:22,220	[INFO]	Stop Steps: 50
2025-02-24 15:25:22,696	[DEBUG]	EXEC>  SUCCESS 3054233.5
2025-02-24 15:25:22,696	[INFO]	4-6     SUCCESS               3054233.50 (97.79%) [1 edit(s)]  
2025-02-24 15:25:22,696	[DEBUG]	patch(4-6)="LineLLMCrossover(('source.cpp', 12), '#include <cstdio>\n#include <algorithm>\n\nusing namespace std;\n\nint main() {\n    int n;\n    while (scanf("%d", &n) && n) {\n        int max_sum = 0, current_sum = 0; \n        int a[5000]; \n\n        for (int i = 0; i < n; ++i) {\n            scanf("%d", &a[i]);\n            current_sum += a[i]; \n            max_sum = max(max_sum, current_sum);\n            if (current_sum < 0) {\n                current_sum = 0; // Reset if current_sum drops below 0\n            }\n        }\n        printf("%d\\n", max_sum);\n    }\n}')"
2025-02-24 15:25:22,697	[INFO]	Step: 46
2025-02-24 15:25:22,697	[INFO]	Stop Steps: 50
2025-02-24 15:25:23,210	[DEBUG]	EXEC>  SUCCESS 3054203.5
2025-02-24 15:25:23,211	[INFO]	4-7     SUCCESS               3054203.50 (97.79%) [1 edit(s)]  
2025-02-24 15:25:23,211	[DEBUG]	patch(4-7)="LineLLMCrossover(('source.cpp', 13), '#include <cstdio>\n#include <algorithm>\n\nusing namespace std;\n\nint main() {\n    int n;\n    while (scanf("%d", &n) && n) {\n        int max_sum = 0, current_sum = 0; \n        for (int i = 0, x; i < n; i++) {\n            scanf("%d", &x);\n            current_sum += x;\n            max_sum = max(max_sum, current_sum);\n            if (current_sum < 0) {\n                current_sum = 0; // Reset if negative\n            }\n        }\n        printf("%d\\n", max_sum);\n    }\n}')"
2025-02-24 15:25:23,211	[INFO]	Step: 47
2025-02-24 15:25:23,211	[INFO]	Stop Steps: 50
2025-02-24 15:25:23,711	[DEBUG]	EXEC>  SUCCESS 3054321.0
2025-02-24 15:25:23,711	[INFO]	4-8     SUCCESS               3054321.00 (97.79%) [1 edit(s)]  
2025-02-24 15:25:23,711	[DEBUG]	patch(4-8)="LineLLMCrossover(('source.cpp', 14), '#include <cstdio>\n#include <algorithm>\n\nusing namespace std;\n\nint main() {\n    int n;\n    while (scanf("%d", &n) && n) {\n        int max_sum = 0, current_sum = 0; \n        int a[5000]; \n\n        for (int i = 0; i < n; ++i) {\n            scanf("%d", &a[i]);\n            current_sum = max(0, current_sum + a[i]); // Calculate sum with reset\n            max_sum = max(max_sum, current_sum);\n        }\n        printf("%d\\n", max_sum);\n    }\n}')"
2025-02-24 15:25:23,711	[INFO]	Step: 48
2025-02-24 15:25:23,711	[INFO]	Stop Steps: 50
2025-02-24 15:25:24,216	[DEBUG]	EXEC>  SUCCESS 3054244.5
2025-02-24 15:25:24,216	[INFO]	4-9     SUCCESS               3054244.50 (97.79%) [1 edit(s)]  
2025-02-24 15:25:24,216	[DEBUG]	patch(4-9)="LineLLMCrossover(('source.cpp', 15), '#include <cstdio>\n#include <algorithm>\n\nusing namespace std;\n\nint main() {\n    int n;\n    while (scanf("%d", &n) && n) {\n        int max_sum = 0, current_sum = 0; \n        int a[5000]; \n\n        for (int i = 0; i < n; ++i) {\n            scanf("%d", &a[i]);\n            current_sum += a[i];\n            max_sum = max(max_sum, current_sum);\n            if (current_sum < 0) current_sum = 0; // Reset if negative\n        }\n        printf("%d\\n", max_sum);\n    }\n}')"
2025-02-24 15:25:24,216	[INFO]	Step: 49
2025-02-24 15:25:24,216	[INFO]	Stop Steps: 50
2025-02-24 15:25:24,743	[DEBUG]	EXEC>  SUCCESS 3054200.5
2025-02-24 15:25:24,743	[INFO]	4-10    SUCCESS               3054200.50 (97.79%) [5 edit(s)]  
2025-02-24 15:25:24,743	[DEBUG]	patch(4-10)="LineLLMMutation(('source.cpp', 5), '#include <cstdio>\n#include <algorithm>\n\nusing namespace std;\n\nint main() {\n    int n;\n    int a[5000];\n    \n    while (scanf("%d", &n) && n) {\n        for (int i = 0; i < n; i++) {\n            scanf("%d", &a[i]);\n        }\n\n        int max_sum = a[0];\n        int current_sum = 0;\n        for (int i = 0; i < n; i++) {\n            current_sum += a[i];\n            max_sum = max(max_sum, current_sum);\n            if (current_sum < 0) current_sum = 0; // Reset if negative\n        }\n        printf("%d\\n", max_sum);\n    }\n}') | LineLLMMutation(('source.cpp', 13), '#include <cstdio>\n#include <algorithm>\n\nusing namespace std;\n\nint main() {\n    int n;\n    int a[5000];\n    \n    while (scanf("%d", &n) && n) {\n        for (int i = 0; i < n; i++) {\n            scanf("%d", &a[i]);\n        }\n\n        int max_sum = a[0];\n        int current_sum = 0;\n        for (int i = 0; i < n; i++) {\n            current_sum += a[i];\n            max_sum = max(max_sum, current_sum);\n            // Instead of resetting current_sum to 0, we can just ignore negative sums\n            if (current_sum < 0) {\n                current_sum = 0; // We can skip this line to save operations\n            }\n        }\n        printf("%d\\n", max_sum);\n    }\n}') | LineLLMMutation(('source.cpp', 18), '#include <cstdio>\n#include <algorithm>\n\nusing namespace std;\n\nint main() {\n    int n;\n    while (scanf("%d", &n) && n) {\n        int max_sum = 0, current_sum = 0;\n        for (int i = 0; i < n; i++) {\n            int x;\n            scanf("%d", &x);\n            current_sum += x;\n            max_sum = max(max_sum, current_sum);\n            // If current_sum drops below 0, we reset it to 0\n            if (current_sum < 0) {\n                current_sum = 0;\n            }\n        }\n        printf("%d\\n", max_sum);\n    }\n}') | LineLLMMutation(('source.cpp', 20), '#include <cstdio>\n#include <algorithm>\n\nusing namespace std;\n\nint main() {\n    int n;\n    while (scanf("%d", &n) && n) {\n        int max_sum = 0, current_sum = 0;\n        for (int i = 0, x; i < n; i++) {\n            scanf("%d", &x);\n            current_sum = max(0, current_sum + x);\n            max_sum = max(max_sum, current_sum);\n        }\n        printf("%d\\n", max_sum);\n    }\n}') | LineLLMMutation(('source.cpp', 25), '#include <cstdio>\n#include <algorithm>\n\nusing namespace std;\n\nint main() {\n    int n;\n    while (scanf("%d", &n) && n) {\n        int max_sum = 0, current_sum = 0;\n        for (int i = 0; i < n; i++) {\n            int x;\n            scanf("%d", &x);\n            current_sum += x; // accumulate current sum\n            if (current_sum < 0) current_sum = 0; // reset if negative\n            if (current_sum > max_sum) max_sum = current_sum; // update max_sum\n        }\n        printf("%d\\n", max_sum);\n    }\n}')"
2025-02-24 15:25:24,744	[INFO]	Step: 50
2025-02-24 15:25:24,744	[INFO]	Stop Steps: 50
2025-02-24 15:25:24,744	[INFO]	(Abstract Algorithm) Stopping Condition: step budget
2025-02-24 15:25:24,744	[INFO]	Step: 50
2025-02-24 15:25:24,744	[INFO]	Stop Steps: 50
2025-02-24 15:25:31,641	[INFO]	~~~~ END ~~~~
2025-02-24 15:25:31,641	[INFO]	Best patch step: 43
2025-02-24 15:25:31,641	[INFO]	
2025-02-24 15:25:31,641	[INFO]	==== REPORT ====
2025-02-24 15:25:31,642	[INFO]	Termination: step budget
2025-02-24 15:25:31,642	[INFO]	Log file: /home/luke/magpie/_magpie_logs/0007_1740410334.log
2025-02-24 15:25:31,642	[INFO]	Patch file: _magpie_logs/0007_1740410334.patch
2025-02-24 15:25:31,642	[INFO]	Diff file: _magpie_logs/0007_1740410334.diff
2025-02-24 15:25:31,642	[INFO]	Reference fitness: 3123193.00
2025-02-24 15:25:31,642	[INFO]	Best fitness: 3054200.50
2025-02-24 15:25:31,642	[INFO]	
2025-02-24 15:25:31,643	[INFO]	==== BEST PATCH ====
LineLLMMutation(('source.cpp', 5), '#include <cstdio>\n#include <algorithm>\n\nusing namespace std;\n\nint main() {\n    int n;\n    int a[5000];\n    \n    while (scanf("%d", &n) && n) {\n        for (int i = 0; i < n; i++) {\n            scanf("%d", &a[i]);\n        }\n\n        int max_sum = a[0];\n        int current_sum = 0;\n        for (int i = 0; i < n; i++) {\n            current_sum += a[i];\n            max_sum = max(max_sum, current_sum);\n            if (current_sum < 0) current_sum = 0; // Reset if negative\n        }\n        printf("%d\\n", max_sum);\n    }\n}') + LineLLMMutation(('source.cpp', 13), '#include <cstdio>\n#include <algorithm>\n\nusing namespace std;\n\nint main() {\n    int n;\n    int a[5000];\n    \n    while (scanf("%d", &n) && n) {\n        for (int i = 0; i < n; i++) {\n            scanf("%d", &a[i]);\n        }\n\n        int max_sum = a[0];\n        int current_sum = 0;\n        for (int i = 0; i < n; i++) {\n            current_sum += a[i];\n            max_sum = max(max_sum, current_sum);\n            // Instead of resetting current_sum to 0, we can just ignore negative sums\n            if (current_sum < 0) {\n                current_sum = 0; // We can skip this line to save operations\n            }\n        }\n        printf("%d\\n", max_sum);\n    }\n}') + LineLLMMutation(('source.cpp', 18), '#include <cstdio>\n#include <algorithm>\n\nusing namespace std;\n\nint main() {\n    int n;\n    while (scanf("%d", &n) && n) {\n        int max_sum = 0, current_sum = 0;\n        for (int i = 0; i < n; i++) {\n            int x;\n            scanf("%d", &x);\n            current_sum += x;\n            max_sum = max(max_sum, current_sum);\n            // If current_sum drops below 0, we reset it to 0\n            if (current_sum < 0) {\n                current_sum = 0;\n            }\n        }\n        printf("%d\\n", max_sum);\n    }\n}') + LineLLMMutation(('source.cpp', 20), '#include <cstdio>\n#include <algorithm>\n\nusing namespace std;\n\nint main() {\n    int n;\n    while (scanf("%d", &n) && n) {\n        int max_sum = 0, current_sum = 0;\n        for (int i = 0, x; i < n; i++) {\n            scanf("%d", &x);\n            current_sum = max(0, current_sum + x);\n            max_sum = max(max_sum, current_sum);\n        }\n        printf("%d\\n", max_sum);\n    }\n}')
2025-02-24 15:25:31,643	[INFO]	
2025-02-24 15:25:31,643	[INFO]	==== DIFF ====

