2025-02-25 14:35:33,575	[DEBUG]	==== CONFIG ====
[magpie]
import = 
seed = 1369784583556474
log_dir = _magpie_logs
work_dir = _magpie_work
local_original_copy = True
local_original_name = __original__
output_encoding = ascii
edit_retries = 10
default_timeout = 30
default_lengthout = 10000.0
diff_method = unified
trust_local_filesystem = True

[magpie.log]
color_output = True
format_info = {counter:<7} {status:<20} {best}{fitness} ({ratio}) [{size}] {cached} {log}
format_debug = patch({counter})="{patch}"{diffifbest}
format_fitness = {:.2f}
format_ratio = {:.2%%}
format_patchif = 
	 --> {patch}
format_diffif = 
	{diff}

[software]
path = dataset/magpie_dataset/train/0008
target_files = 
	source.cpp
software = BasicSoftware
model_rules = 
	*.params : ParamFileConfigModel
	*.xml : SrcmlModel
	* : LineModel
model_config = 
	*.params : [paramconfig]
	*.xml : [srcml]
init_cmd = 
init_timeout = 60
init_lengthout = -1
setup_cmd = bash setup.sh
setup_timeout = 
setup_lengthout = 
compile_cmd = bash compile.sh
compile_timeout = 
compile_lengthout = 
test_cmd = bash test.sh
test_timeout = 
test_lengthout = 
run_cmd = bash run.sh
run_timeout = 3
run_lengthout = 
batch_timeout = 
batch_lengthout = 
batch_bin_fitness_strategy = aggregate
batch_fitness_strategy = sum
fitness = time

[srcml]
rename = 
	stmt: break continue decl_stmt do expr_stmt for goto if return switch while
	number: literal_number
focus = block stmt operator_comp operator_arith number
internodes = block
process_pseudo_blocks = True
process_literals = True
process_operators = True

[paramconfig]
timing = test run
cli_prefix = --
cli_glue = =
cli_boolean = show
cli_boolean_prefix_true = 
cli_boolean_prefix_false = no-
cli_none = hide
silent_prefix = @
silent_suffix = $

[search]
protocol = BasicProtocol
algorithm = GeneticProgrammingLLM
possible_edits = 
	LineLLMMutation
	LineLLMCrossover
	LineDeletion
	LineInsertion
	LineReplacement
llm_prob = 1.0
warmup = 5
warmup_strategy = last
max_steps = 50
max_time = 20000
target_fitness = 
cache_maxsize = 100
cache_keep = 0.2
batch_instances = 
batch_shuffle = True
batch_bin_shuffle = False
batch_sample_size = 1

[search.ls]
delete_prob = 0.5
max_neighbours = 
when_trapped = continue
accept_fail = False
tabu_length = 10

[search.gp]
pop_size = 10
delete_prob = 0.0
offspring_elitism = 0.2
offspring_crossover = 0.4
offspring_mutation = 0.4
uniform_rate = 0.5
batch_reset = True
llm_type = baseline

[search.minify]
do_cleanup = True
do_rebuild = True
do_simplify = True
round_robin_limit = 3


2025-02-25 14:35:33,576	[DEBUG]	
2025-02-25 14:35:33,576	[INFO]	==== SEARCH: GeneticProgrammingLLM ====
2025-02-25 14:35:33,576	[INFO]	~~~~ WARMUP ~~~~
2025-02-25 14:35:34,829	[DEBUG]	EXEC>  SUCCESS 3163062.0
2025-02-25 14:35:34,829	[INFO]	WARM    SUCCESS               3163062.00 (--) [0 edit(s)]  
2025-02-25 14:35:35,593	[DEBUG]	EXEC>  SUCCESS 3163063.0
2025-02-25 14:35:35,593	[INFO]	WARM    SUCCESS               3163063.00 (--) [0 edit(s)]  
2025-02-25 14:35:36,353	[DEBUG]	EXEC>  SUCCESS 3162972.0
2025-02-25 14:35:36,353	[INFO]	WARM    SUCCESS               3162972.00 (--) [0 edit(s)]  
2025-02-25 14:35:37,103	[DEBUG]	EXEC>  SUCCESS 3163062.5
2025-02-25 14:35:37,103	[INFO]	WARM    SUCCESS               3163062.50 (--) [0 edit(s)]  
2025-02-25 14:35:37,854	[DEBUG]	EXEC>  SUCCESS 3162972.0
2025-02-25 14:35:37,855	[INFO]	WARM    SUCCESS               3162972.00 (--) [0 edit(s)]  
2025-02-25 14:35:37,855	[INFO]	REF     SUCCESS               3162972.00 (--) [0 edit(s)]  
2025-02-25 14:35:37,855	[INFO]	
2025-02-25 14:35:37,855	[INFO]	~~~~ START ~~~~
2025-02-25 14:36:17,488	[DEBUG]	EXEC>  SUCCESS 3131765.0
2025-02-25 14:36:17,488	[INFO]	0-1     SUCCESS              *3131765.00 (99.01%) [1 edit(s)]  
2025-02-25 14:36:17,488	[DEBUG]	patch(0-1)="LineLLMMutation(('source.cpp', 0), '#include<iostream>\n#include<vector>\n#include<algorithm>\nusing namespace std;\n\nint main(){\n  vector<int> v;\n  int a, b, n, o = 0;\n  while(cin >> b){\n    v.clear();\n    o = 0;\n    if(b == 0) break;\n    else{\n      for(int i = 0; i < b; i++){\n        cin >> a;\n        v.push_back(a);\n      }\n      int max_sum = v[0];\n      for(int i = 0; i < b; i++){\n        int sum = 0;\n        for(int j = i; j < b; j++){\n          sum += v[j];\n          max_sum = max(max_sum, sum);\n        }\n      }\n      cout << max_sum << endl;\n    }\n  }\n}')"

2025-02-25 14:36:19,351	[DEBUG]	EXEC>  SUCCESS 3131674.0
2025-02-25 14:36:19,351	[INFO]	0-2     SUCCESS              *3131674.00 (99.01%) [1 edit(s)]  
2025-02-25 14:36:19,352	[DEBUG]	patch(0-2)="LineLLMMutation(('source.cpp', 1), '#include<iostream>\n#include<vector>\n#include<algorithm>\nusing namespace std;\n\nint main(){\n  vector<int> v;\n  int a, b, n, o = 0;\n  while(cin >> b){\n    v.clear();\n    o = 0;\n    if(b == 0) break;\n    else{\n      for(int i = 0; i < b; i++){\n        cin >> a;\n        v.push_back(a);\n      }\n      int max_sum = v[0];\n      for(int i = 0; i < b; i++){\n        int sum = 0;\n        for(int j = i; j < b; j++){\n          sum += v[j];\n          max_sum = max(max_sum, sum);\n        }\n      }\n      cout << max_sum << endl;\n    }\n  }\n}')"

2025-02-25 14:36:21,124	[DEBUG]	EXEC>  SUCCESS 3134486.0
2025-02-25 14:36:21,124	[INFO]	0-3     SUCCESS               3134486.00 (99.10%) [1 edit(s)]  
2025-02-25 14:36:21,124	[DEBUG]	patch(0-3)="LineLLMMutation(('source.cpp', 2), '#include<iostream>\n#include<vector>\n#include<algorithm>\nusing namespace std;\n\nint main(){\n  vector<int> v, cum_sum;\n  int a, b, n, o = 0;\n  while(cin >> b){\n    v.clear();\n    cum_sum.clear();\n    o = 0;\n    if(b == 0) break;\n    else{\n      for(int i = 0; i < b; i++){\n        cin >> a;\n        v.push_back(a);\n        if(i == 0) cum_sum.push_back(a);\n        else cum_sum.push_back(cum_sum.back() + a);\n      }\n      int max_sum = v[0];\n      for(int i = 0; i < b; i++){\n        for(int j = i; j < b; j++){\n          int sum = (i == 0) ? cum_sum[j] : cum_sum[j] - cum_sum[i - 1];\n          max_sum = max(max_sum, sum);\n        }\n      }\n      cout << max_sum << endl;\n    }\n  }\n}')"
2025-02-25 14:36:22,849	[DEBUG]	EXEC>  SUCCESS 3130746.0
2025-02-25 14:36:22,849	[INFO]	0-4     SUCCESS              *3130746.00 (98.98%) [1 edit(s)]  
2025-02-25 14:36:22,849	[DEBUG]	patch(0-4)="LineLLMMutation(('source.cpp', 3), '#include<iostream>\n#include<vector>\n#include<algorithm>\nusing namespace std;\n\nint main(){\n  vector<int> v;\n  int a, b, n, o = 0;\n  while(cin >> b){\n    v.clear();\n    o = 0;\n    if(b == 0) break;\n    else{\n      for(int i = 0; i < b; i++){\n        cin >> a;\n        v.push_back(a);\n      }\n      int max_sum = v[0], current_sum = v[0];\n      for(int i = 1; i < b; i++){\n        current_sum = max(v[i], current_sum + v[i]);\n        max_sum = max(max_sum, current_sum);\n      }\n      cout << max_sum << endl;\n    }\n  }\n}')"

2025-02-25 14:36:24,588	[DEBUG]	EXEC>  SUCCESS 3130822.0
2025-02-25 14:36:24,589	[INFO]	0-5     SUCCESS               3130822.00 (98.98%) [1 edit(s)]  
2025-02-25 14:36:24,589	[DEBUG]	patch(0-5)="LineLLMMutation(('source.cpp', 4), '#include<iostream>\n#include<vector>\n#include<algorithm>\nusing namespace std;\n\nint main(){\n  vector<int> v;\n  int a, b, n, o = 0;\n  while(cin >> b){\n    v.clear();\n    o = 0;\n    if(b == 0) break;\n    else{\n      for(int i = 0; i < b; i++){\n        cin >> a;\n        v.push_back(a);\n      }\n      int max_sum = v[0], current_sum = v[0];\n      for(int i = 1; i < b; i++){\n        current_sum = max(v[i], current_sum + v[i]);\n        max_sum = max(max_sum, current_sum);\n      }\n      cout << max_sum << endl;\n    }\n  }\n}')"
2025-02-25 14:36:26,318	[DEBUG]	EXEC>  SUCCESS 3130731.0
2025-02-25 14:36:26,318	[INFO]	0-6     SUCCESS              *3130731.00 (98.98%) [1 edit(s)]  
2025-02-25 14:36:26,318	[DEBUG]	patch(0-6)="LineLLMMutation(('source.cpp', 5), '#include<iostream>\n#include<vector>\n#include<algorithm>\nusing namespace std;\n\nint main(){\n  vector<int> v;\n  int a, b, n, o = 0;\n  while(cin >> b){\n    v.clear();\n    o = 0;\n    if(b == 0) break;\n    else{\n      for(int i = 0; i < b; i++){\n        cin >> a;\n        v.push_back(a);\n      }\n      int max_sum = v[0], current_sum = v[0];\n      for(int i = 1; i < b; i++){\n        current_sum = max(v[i], current_sum + v[i]);\n        max_sum = max(max_sum, current_sum);\n      }\n      cout << max_sum << endl;\n    }\n  }\n}')"

2025-02-25 14:36:28,035	[DEBUG]	EXEC>  SUCCESS 3130732.0
2025-02-25 14:36:28,035	[INFO]	0-7     SUCCESS               3130732.00 (98.98%) [1 edit(s)]  
2025-02-25 14:36:28,035	[DEBUG]	patch(0-7)="LineLLMMutation(('source.cpp', 6), '#include<iostream>\n#include<vector>\n#include<algorithm>\nusing namespace std;\n\nint main(){\n  vector<int> v;\n  int a, b, n, o = 0;\n  while(cin >> b){\n    v.clear();\n    o = 0;\n    if(b == 0) break;\n    else{\n      for(int i = 0; i < b; i++){\n        cin >> a;\n        v.push_back(a);\n      }\n      int max_sum = v[0], current_sum = v[0];\n      for(int i = 1; i < b; i++){\n        current_sum = max(v[i], current_sum + v[i]);\n        max_sum = max(max_sum, current_sum);\n      }\n      cout << max_sum << endl;\n    }\n  }\n}')"
2025-02-25 14:36:29,779	[DEBUG]	EXEC>  SUCCESS 3130730.5
2025-02-25 14:36:29,779	[INFO]	0-8     SUCCESS              *3130730.50 (98.98%) [1 edit(s)]  
2025-02-25 14:36:29,779	[DEBUG]	patch(0-8)="LineLLMMutation(('source.cpp', 7), '#include<iostream>\n#include<vector>\n#include<algorithm>\nusing namespace std;\n\nint main(){\n  vector<int> v;\n  int a, b, n, o = 0;\n  while(cin >> b){\n    v.clear();\n    o = 0;\n    if(b == 0) break;\n    else{\n      for(int i = 0; i < b; i++){\n        cin >> a;\n        v.push_back(a);\n      }\n      int max_sum = v[0], current_sum = v[0];\n      for(int i = 1; i < b; i++){\n        current_sum = max(v[i], current_sum + v[i]);\n        max_sum = max(max_sum, current_sum);\n      }\n      cout << max_sum << endl;\n    }\n  }\n}')"

2025-02-25 14:36:31,507	[DEBUG]	EXEC>  SUCCESS 3130744.0
2025-02-25 14:36:31,507	[INFO]	0-9     SUCCESS               3130744.00 (98.98%) [1 edit(s)]  
2025-02-25 14:36:31,507	[DEBUG]	patch(0-9)="LineLLMMutation(('source.cpp', 8), '#include<iostream>\n#include<vector>\n#include<algorithm>\nusing namespace std;\n\nint main(){\n  vector<int> v;\n  int a, b, n, o = 0;\n  while(cin >> b){\n    v.clear();\n    o = 0;\n    if(b == 0) break;\n    else{\n      for(int i = 0; i < b; i++){\n        cin >> a;\n        v.push_back(a);\n      }\n      int max_sum = v[0], current_sum = v[0];\n      for(int i = 1; i < b; i++){\n        current_sum = max(v[i], current_sum + v[i]);\n        max_sum = max(max_sum, current_sum);\n      }\n      cout << max_sum << endl;\n    }\n  }\n}')"
2025-02-25 14:36:33,241	[DEBUG]	EXEC>  SUCCESS 3130731.5
2025-02-25 14:36:33,242	[INFO]	0-10    SUCCESS               3130731.50 (98.98%) [1 edit(s)]  
2025-02-25 14:36:33,242	[DEBUG]	patch(0-10)="LineLLMMutation(('source.cpp', 9), '#include<iostream>\n#include<vector>\n#include<algorithm>\nusing namespace std;\n\nint main(){\n  vector<int> v;\n  int a, b, n, o = 0;\n  while(cin >> b){\n    v.clear();\n    o = 0;\n    if(b == 0) break;\n    else{\n      for(int i = 0; i < b; i++){\n        cin >> a;\n        v.push_back(a);\n      }\n      int max_sum = v[0], current_sum = v[0];\n      for(int i = 1; i < b; i++){\n        current_sum = max(v[i], current_sum + v[i]);\n        max_sum = max(max_sum, current_sum);\n      }\n      cout << max_sum << endl;\n    }\n  }\n}')"
2025-02-25 14:36:34,242	[INFO]	Step: 10
2025-02-25 14:36:34,242	[INFO]	Stop Steps: 50
2025-02-25 14:36:36,231	[DEBUG]	EXEC>  SUCCESS 3163063.0
2025-02-25 14:36:36,231	[INFO]	REF     SUCCESS               3163063.00 (--) [0 edit(s)]  
2025-02-25 14:36:36,231	[INFO]	Best patch: 7
2025-02-25 14:36:36,985	[DEBUG]	EXEC>  SUCCESS 3130732.0
2025-02-25 14:36:36,986	[INFO]	BEST    SUCCESS              *3130732.00 (98.98%) [0 edit(s)]  
2025-02-25 14:36:36,986	[INFO]	Best patch step: 7
2025-02-25 14:36:52,082	[INFO]	Step: 10
2025-02-25 14:36:52,082	[INFO]	Stop Steps: 50
2025-02-25 14:36:52,833	[DEBUG]	EXEC>  SUCCESS 3130822.5
2025-02-25 14:36:52,833	[INFO]	1-1     SUCCESS              +3130822.50 (98.98%) [1 edit(s)]  
2025-02-25 14:36:52,833	[DEBUG]	patch(1-1)="LineLLMMutation(('source.cpp', 7), '#include<iostream>\n#include<vector>\n#include<algorithm>\nusing namespace std;\n\nint main(){\n  vector<int> v;\n  int a, b, n, o = 0;\n  while(cin >> b){\n    v.clear();\n    o = 0;\n    if(b == 0) break;\n    else{\n      for(int i = 0; i < b; i++){\n        cin >> a;\n        v.push_back(a);\n      }\n      int max_sum = v[0], current_sum = v[0];\n      for(int i = 1; i < b; i++){\n        current_sum = max(v[i], current_sum + v[i]);\n        max_sum = max(max_sum, current_sum);\n      }\n      cout << max_sum << endl;\n    }\n  }\n}')"
2025-02-25 14:36:52,833	[INFO]	Step: 11
2025-02-25 14:36:52,833	[INFO]	Stop Steps: 50
2025-02-25 14:36:53,554	[DEBUG]	EXEC>  SUCCESS 3130821.0
2025-02-25 14:36:53,554	[INFO]	1-2     SUCCESS              +3130821.00 (98.98%) [1 edit(s)]  
2025-02-25 14:36:53,554	[DEBUG]	patch(1-2)="LineLLMMutation(('source.cpp', 5), '#include<iostream>\n#include<vector>\n#include<algorithm>\nusing namespace std;\n\nint main(){\n  vector<int> v;\n  int a, b, n, o = 0;\n  while(cin >> b){\n    v.clear();\n    o = 0;\n    if(b == 0) break;\n    else{\n      for(int i = 0; i < b; i++){\n        cin >> a;\n        v.push_back(a);\n      }\n      int max_sum = v[0], current_sum = v[0];\n      for(int i = 1; i < b; i++){\n        current_sum = max(v[i], current_sum + v[i]);\n        max_sum = max(max_sum, current_sum);\n      }\n      cout << max_sum << endl;\n    }\n  }\n}')"
2025-02-25 14:36:53,554	[INFO]	Step: 12
2025-02-25 14:36:53,554	[INFO]	Stop Steps: 50
2025-02-25 14:36:54,265	[DEBUG]	EXEC>  SUCCESS 3130731.0
2025-02-25 14:36:54,265	[INFO]	1-3     SUCCESS              *3130731.00 (98.98%) [1 edit(s)]  
2025-02-25 14:36:54,265	[DEBUG]	patch(1-3)="LineLLMCrossover(('source.cpp', 0), '#include<iostream>\n#include<vector>\n#include<algorithm>\nusing namespace std;\n\nint main(){\n  vector<int> v;\n  int a, b, n, o = 0;\n  while(cin >> b){\n    v.clear();\n    o = 0;\n    if(b == 0) break;\n    else{\n      for(int i = 0; i < b; i++){\n        cin >> a;\n        v.push_back(a);\n      }\n      int max_sum = v[0], current_sum = v[0];\n      for(int i = 1; i < b; i++){\n        current_sum = max(v[i], current_sum + v[i]);\n        max_sum = max(max_sum, current_sum);\n      }\n      cout << max_sum << endl;\n    }\n  }\n}')"

2025-02-25 14:36:54,265	[INFO]	Step: 13
2025-02-25 14:36:54,265	[INFO]	Stop Steps: 50
2025-02-25 14:36:54,990	[DEBUG]	EXEC>  SUCCESS 3130822.0
2025-02-25 14:36:54,990	[INFO]	1-4     SUCCESS               3130822.00 (98.98%) [1 edit(s)]  
2025-02-25 14:36:54,990	[DEBUG]	patch(1-4)="LineLLMCrossover(('source.cpp', 1), '#include<iostream>\n#include<vector>\n#include<algorithm>\nusing namespace std;\n\nint main(){\n  vector<int> v;\n  int a, b, n, o = 0;\n  while(cin >> b){\n    v.clear();\n    o = 0;\n    if(b == 0) break;\n    else{\n      for(int i = 0; i < b; i++){\n        cin >> a;\n        v.push_back(a);\n      }\n      int max_sum = v[0], current_sum = v[0];\n      for(int i = 1; i < b; i++){\n        current_sum = max(v[i], current_sum + v[i]);\n        max_sum = max(max_sum, current_sum);\n      }\n      cout << max_sum << endl;\n    }\n  }\n}')"
2025-02-25 14:36:54,990	[INFO]	Step: 14
2025-02-25 14:36:54,990	[INFO]	Stop Steps: 50
2025-02-25 14:36:55,715	[DEBUG]	EXEC>  SUCCESS 3130730.0
2025-02-25 14:36:55,716	[INFO]	1-5     SUCCESS              *3130730.00 (98.98%) [1 edit(s)]  
2025-02-25 14:36:55,716	[DEBUG]	patch(1-5)="LineLLMCrossover(('source.cpp', 2), '#include<iostream>\n#include<vector>\n#include<algorithm>\nusing namespace std;\n\nint main(){\n  vector<int> v;\n  int a, b, n, o = 0;\n  while(cin >> b){\n    v.clear();\n    o = 0;\n    if(b == 0) break;\n    else{\n      for(int i = 0; i < b; i++){\n        cin >> a;\n        v.push_back(a);\n      }\n      int max_sum = v[0], current_sum = v[0];\n      for(int i = 1; i < b; i++){\n        current_sum = max(v[i], current_sum + v[i]);\n        max_sum = max(max_sum, current_sum);\n      }\n      cout << max_sum << endl;\n    }\n  }\n}')"

2025-02-25 14:36:55,716	[INFO]	Step: 15
2025-02-25 14:36:55,716	[INFO]	Stop Steps: 50
2025-02-25 14:36:56,448	[DEBUG]	EXEC>  SUCCESS 3130822.0
2025-02-25 14:36:56,449	[INFO]	1-6     SUCCESS               3130822.00 (98.98%) [1 edit(s)]  
2025-02-25 14:36:56,449	[DEBUG]	patch(1-6)="LineLLMCrossover(('source.cpp', 3), '#include<iostream>\n#include<vector>\n#include<algorithm>\nusing namespace std;\n\nint main(){\n  vector<int> v;\n  int a, b, n, o = 0;\n  while(cin >> b){\n    v.clear();\n    o = 0;\n    if(b == 0) break;\n    else{\n      for(int i = 0; i < b; i++){\n        cin >> a;\n        v.push_back(a);\n      }\n      int max_sum = v[0], current_sum = v[0];\n      for(int i = 1; i < b; i++){\n        current_sum = max(v[i], current_sum + v[i]);\n        max_sum = max(max_sum, current_sum);\n      }\n      cout << max_sum << endl;\n    }\n  }\n}')"
2025-02-25 14:36:56,449	[INFO]	Step: 16
2025-02-25 14:36:56,449	[INFO]	Stop Steps: 50
2025-02-25 14:36:57,160	[DEBUG]	EXEC>  SUCCESS 3129066.5
2025-02-25 14:36:57,161	[INFO]	1-7     SUCCESS              *3129066.50 (98.93%) [2 edit(s)]  
2025-02-25 14:36:57,161	[DEBUG]	patch(1-7)="LineLLMMutation(('source.cpp', 7), '#include<iostream>\n#include<vector>\n#include<algorithm>\nusing namespace std;\n\nint main(){\n  vector<int> v;\n  int a, b, n, o = 0;\n  while(cin >> b){\n    v.clear();\n    o = 0;\n    if(b == 0) break;\n    else{\n      for(int i = 0; i < b; i++){\n        cin >> a;\n        v.push_back(a);\n      }\n      int max_sum = v[0], current_sum = v[0];\n      for(int i = 1; i < b; i++){\n        current_sum = max(v[i], current_sum + v[i]);\n        max_sum = max(max_sum, current_sum);\n      }\n      cout << max_sum << endl;\n    }\n  }\n}') | LineLLMMutation(('source.cpp', 10), '#include<iostream>\n#include<vector>\n#include<algorithm>\nusing namespace std;\n\nint main(){\n  vector<int> v;\n  int a, b, n, o = 0;\n  while(cin >> b){\n    v.clear();\n    o = 0;\n    if(b == 0) break;\n    else{\n      v.resize(b);\n      for(int i = 0; i < b; i++){\n        cin >> v[i];\n      }\n      int max_sum = v[0], current_sum = v[0];\n      for(int i = 1; i < b; i++){\n        current_sum = max(v[i], current_sum + v[i]);\n        max_sum = max(max_sum, current_sum);\n      }\n      cout << max_sum << endl;\n    }\n  }\n}')"

2025-02-25 14:36:57,161	[INFO]	Step: 17
2025-02-25 14:36:57,161	[INFO]	Stop Steps: 50
2025-02-25 14:36:57,685	[DEBUG]	EXEC>  SUCCESS 3065822.0
2025-02-25 14:36:57,686	[INFO]	1-8     SUCCESS              *3065822.00 (96.93%) [2 edit(s)]  
2025-02-25 14:36:57,686	[DEBUG]	patch(1-8)="LineLLMMutation(('source.cpp', 5), '#include<iostream>\n#include<vector>\n#include<algorithm>\nusing namespace std;\n\nint main(){\n  vector<int> v;\n  int a, b, n, o = 0;\n  while(cin >> b){\n    v.clear();\n    o = 0;\n    if(b == 0) break;\n    else{\n      for(int i = 0; i < b; i++){\n        cin >> a;\n        v.push_back(a);\n      }\n      int max_sum = v[0], current_sum = v[0];\n      for(int i = 1; i < b; i++){\n        current_sum = max(v[i], current_sum + v[i]);\n        max_sum = max(max_sum, current_sum);\n      }\n      cout << max_sum << endl;\n    }\n  }\n}') | LineLLMMutation(('source.cpp', 11), '#include <cstdio>\n#include <vector>\n#include <algorithm>\nusing namespace std;\n\nint main() {\n    vector<int> v;\n    int a, b, n, o = 0;\n    while (scanf("%d", &b) != EOF) {\n        v.clear();\n        o = 0;\n        if (b == 0) break;\n        else {\n            for (int i = 0; i < b; i++) {\n                scanf("%d", &a);\n                v.push_back(a);\n            }\n            int max_sum = v[0], current_sum = v[0];\n            for (int i = 1; i < b; i++) {\n                current_sum = max(v[i], current_sum + v[i]);\n                max_sum = max(max_sum, current_sum);\n            }\n            printf("%d\\n", max_sum);\n        }\n    }\n    return 0;\n}')"

2025-02-25 14:36:57,686	[INFO]	Step: 18
2025-02-25 14:36:57,686	[INFO]	Stop Steps: 50
2025-02-25 14:36:58,422	[DEBUG]	EXEC>  SUCCESS 3128755.5
2025-02-25 14:36:58,422	[INFO]	1-9     SUCCESS               3128755.50 (98.92%) [2 edit(s)]  
2025-02-25 14:36:58,422	[DEBUG]	patch(1-9)="LineLLMMutation(('source.cpp', 9), '#include<iostream>\n#include<vector>\n#include<algorithm>\nusing namespace std;\n\nint main(){\n  vector<int> v;\n  int a, b, n, o = 0;\n  while(cin >> b){\n    v.clear();\n    o = 0;\n    if(b == 0) break;\n    else{\n      for(int i = 0; i < b; i++){\n        cin >> a;\n        v.push_back(a);\n      }\n      int max_sum = v[0], current_sum = v[0];\n      for(int i = 1; i < b; i++){\n        current_sum = max(v[i], current_sum + v[i]);\n        max_sum = max(max_sum, current_sum);\n      }\n      cout << max_sum << endl;\n    }\n  }\n}') | LineLLMMutation(('source.cpp', 12), '#include<iostream>\n#include<vector>\n#include<algorithm>\nusing namespace std;\n\nint main(){\n  vector<int> v;\n  v.reserve(100000); // Reserve space to avoid frequent reallocations\n  int a, b, n, o = 0;\n  while(cin >> b){\n    v.clear();\n    o = 0;\n    if(b == 0) break;\n    else{\n      v.resize(b); // Pre-allocate the required space\n      for(int i = 0; i < b; i++){\n        cin >> v[i];\n      }\n      int max_sum = v[0], current_sum = v[0];\n      for(int i = 1; i < b; i++){\n        current_sum = max(v[i], current_sum + v[i]);\n        max_sum = max(max_sum, current_sum);\n      }\n      cout << max_sum << endl;\n    }\n  }\n}')"
2025-02-25 14:36:58,423	[INFO]	Step: 19
2025-02-25 14:36:58,423	[INFO]	Stop Steps: 50
2025-02-25 14:36:59,154	[DEBUG]	EXEC>  SUCCESS 3129911.5
2025-02-25 14:36:59,154	[INFO]	1-10    SUCCESS               3129911.50 (98.95%) [2 edit(s)]  
2025-02-25 14:36:59,155	[DEBUG]	patch(1-10)="LineLLMMutation(('source.cpp', 6), '#include<iostream>\n#include<vector>\n#include<algorithm>\nusing namespace std;\n\nint main(){\n  vector<int> v;\n  int a, b, n, o = 0;\n  while(cin >> b){\n    v.clear();\n    o = 0;\n    if(b == 0) break;\n    else{\n      for(int i = 0; i < b; i++){\n        cin >> a;\n        v.push_back(a);\n      }\n      int max_sum = v[0], current_sum = v[0];\n      for(int i = 1; i < b; i++){\n        current_sum = max(v[i], current_sum + v[i]);\n        max_sum = max(max_sum, current_sum);\n      }\n      cout << max_sum << endl;\n    }\n  }\n}') | LineLLMMutation(('source.cpp', 13), '#include<iostream>\n#include<vector>\n#include<algorithm>\nusing namespace std;\n\nint main(){\n  vector<int> v;\n  int a, b, n, o = 0;\n  while(cin >> b){\n    if(b == 0) break;\n    v.resize(b);\n    for(int i = 0; i < b; ++i){\n      cin >> v[i];\n    }\n    int max_sum = v[0], current_sum = v[0];\n    for(int i = 1; i < b; ++i){\n      current_sum = max(v[i], current_sum + v[i]);\n      max_sum = max(max_sum, current_sum);\n    }\n    cout << max_sum << endl;\n  }\n}')"
2025-02-25 14:36:59,155	[INFO]	Step: 20
2025-02-25 14:36:59,155	[INFO]	Stop Steps: 50
2025-02-25 14:36:59,935	[DEBUG]	EXEC>  SUCCESS 3154341.5
2025-02-25 14:36:59,935	[INFO]	1-1     SUCCESS               3154341.50 (99.72%) [1 edit(s)]  
2025-02-25 14:36:59,935	[DEBUG]	patch(1-1)="LineLLMMutation(('source.cpp', 14), '#include<iostream>\n#include<vector>\n#include<algorithm>\nusing namespace std;\n\nint main(){\n  vector<int> v, prefix(10001);\n  int a, b, n, o = 0;\n  while(cin >> b){\n    fill(prefix.begin(), prefix.end(), 0);\n    o = 0;\n    if(b == 0) break;\n    else{\n      for(int i = 0; i < b; i++){\n        cin >> a;\n        v.push_back(a);\n        if(i == 0) prefix[i] = a;\n        else prefix[i] = prefix[i - 1] + a;\n      }\n\n      int d = 0;\n      for(int i = 0; i < b; i++){\n        for(int j = i; j < b; j++){\n          int sum = (i == 0) ? prefix[j] : prefix[j] - prefix[i - 1];\n          d = max(d, sum);\n        }\n      }\n      cout << d << endl;\n    }\n    v.clear();\n  }\n}')"
2025-02-25 14:36:59,935	[INFO]	Step: 21
2025-02-25 14:36:59,935	[INFO]	Stop Steps: 50
2025-02-25 14:37:01,698	[DEBUG]	EXEC>  SUCCESS 3163062.0
2025-02-25 14:37:01,698	[INFO]	REF     SUCCESS               3163062.00 (--) [0 edit(s)]  
2025-02-25 14:37:01,698	[INFO]	Best patch: 5_11
2025-02-25 14:37:02,224	[DEBUG]	EXEC>  SUCCESS 3065730.5
2025-02-25 14:37:02,224	[INFO]	BEST    SUCCESS              *3065730.50 (96.92%) [0 edit(s)]  
2025-02-25 14:37:02,224	[INFO]	Best patch step: 17
2025-02-25 14:37:24,544	[INFO]	Step: 21
2025-02-25 14:37:24,544	[INFO]	Stop Steps: 50
2025-02-25 14:37:25,065	[DEBUG]	EXEC>  SUCCESS 3065731.0
2025-02-25 14:37:25,065	[INFO]	2-2     SUCCESS              +3065731.00 (96.92%) [2 edit(s)]  
2025-02-25 14:37:25,065	[DEBUG]	patch(2-2)="LineLLMMutation(('source.cpp', 5), '#include<iostream>\n#include<vector>\n#include<algorithm>\nusing namespace std;\n\nint main(){\n  vector<int> v;\n  int a, b, n, o = 0;\n  while(cin >> b){\n    v.clear();\n    o = 0;\n    if(b == 0) break;\n    else{\n      for(int i = 0; i < b; i++){\n        cin >> a;\n        v.push_back(a);\n      }\n      int max_sum = v[0], current_sum = v[0];\n      for(int i = 1; i < b; i++){\n        current_sum = max(v[i], current_sum + v[i]);\n        max_sum = max(max_sum, current_sum);\n      }\n      cout << max_sum << endl;\n    }\n  }\n}') | LineLLMMutation(('source.cpp', 11), '#include <cstdio>\n#include <vector>\n#include <algorithm>\nusing namespace std;\n\nint main() {\n    vector<int> v;\n    int a, b, n, o = 0;\n    while (scanf("%d", &b) != EOF) {\n        v.clear();\n        o = 0;\n        if (b == 0) break;\n        else {\n            for (int i = 0; i < b; i++) {\n                scanf("%d", &a);\n                v.push_back(a);\n            }\n            int max_sum = v[0], current_sum = v[0];\n            for (int i = 1; i < b; i++) {\n                current_sum = max(v[i], current_sum + v[i]);\n                max_sum = max(max_sum, current_sum);\n            }\n            printf("%d\\n", max_sum);\n        }\n    }\n    return 0;\n}')"
2025-02-25 14:37:25,065	[INFO]	Step: 22
2025-02-25 14:37:25,066	[INFO]	Stop Steps: 50
2025-02-25 14:37:25,795	[DEBUG]	EXEC>  SUCCESS 3128756.5
2025-02-25 14:37:25,795	[INFO]	2-3     SUCCESS               3128756.50 (98.92%) [2 edit(s)]  
2025-02-25 14:37:25,796	[DEBUG]	patch(2-3)="LineLLMMutation(('source.cpp', 9), '#include<iostream>\n#include<vector>\n#include<algorithm>\nusing namespace std;\n\nint main(){\n  vector<int> v;\n  int a, b, n, o = 0;\n  while(cin >> b){\n    v.clear();\n    o = 0;\n    if(b == 0) break;\n    else{\n      for(int i = 0; i < b; i++){\n        cin >> a;\n        v.push_back(a);\n      }\n      int max_sum = v[0], current_sum = v[0];\n      for(int i = 1; i < b; i++){\n        current_sum = max(v[i], current_sum + v[i]);\n        max_sum = max(max_sum, current_sum);\n      }\n      cout << max_sum << endl;\n    }\n  }\n}') | LineLLMMutation(('source.cpp', 12), '#include<iostream>\n#include<vector>\n#include<algorithm>\nusing namespace std;\n\nint main(){\n  vector<int> v;\n  v.reserve(100000); // Reserve space to avoid frequent reallocations\n  int a, b, n, o = 0;\n  while(cin >> b){\n    v.clear();\n    o = 0;\n    if(b == 0) break;\n    else{\n      v.resize(b); // Pre-allocate the required space\n      for(int i = 0; i < b; i++){\n        cin >> v[i];\n      }\n      int max_sum = v[0], current_sum = v[0];\n      for(int i = 1; i < b; i++){\n        current_sum = max(v[i], current_sum + v[i]);\n        max_sum = max(max_sum, current_sum);\n      }\n      cout << max_sum << endl;\n    }\n  }\n}')"
2025-02-25 14:37:25,796	[INFO]	Step: 23
2025-02-25 14:37:25,796	[INFO]	Stop Steps: 50
2025-02-25 14:37:26,344	[DEBUG]	EXEC>  SUCCESS 3066024.0
2025-02-25 14:37:26,344	[INFO]	2-4     SUCCESS               3066024.00 (96.93%) [1 edit(s)]  
2025-02-25 14:37:26,345	[DEBUG]	patch(2-4)="LineLLMCrossover(('source.cpp', 4), '#include <cstdio>\n#include <vector>\n#include <algorithm>\nusing namespace std;\n\nint main() {\n    vector<int> v;\n    v.reserve(100000); // Reserve space to avoid frequent reallocations\n    int a, b, n, o = 0;\n    while (scanf("%d", &b) != EOF) {\n        v.clear();\n        o = 0;\n        if (b == 0) break;\n        else {\n            v.resize(b); // Pre-allocate the required space\n            for (int i = 0; i < b; i++) {\n                scanf("%d", &v[i]);\n            }\n            int max_sum = v[0], current_sum = v[0];\n            for (int i = 1; i < b; i++) {\n                current_sum = max(v[i], current_sum + v[i]);\n                max_sum = max(max_sum, current_sum);\n            }\n            printf("%d\\n", max_sum);\n        }\n    }\n    return 0;\n}')"
2025-02-25 14:37:26,345	[INFO]	Step: 24
2025-02-25 14:37:26,345	[INFO]	Stop Steps: 50
2025-02-25 14:37:26,872	[DEBUG]	EXEC>  SUCCESS 3066322.0
2025-02-25 14:37:26,872	[INFO]	2-5     SUCCESS               3066322.00 (96.94%) [1 edit(s)]  
2025-02-25 14:37:26,872	[DEBUG]	patch(2-5)="LineLLMCrossover(('source.cpp', 5), '#include <cstdio>\n#include <vector>\n#include <algorithm>\nusing namespace std;\n\nint main() {\n    vector<int> v;\n    int a, b, n, o = 0;\n    while (scanf("%d", &b) != EOF) {\n        v.clear();\n        o = 0;\n        if (b == 0) break;\n        else {\n            v.resize(b);\n            for (int i = 0; i < b; i++) {\n                scanf("%d", &v[i]);\n            }\n            int max_sum = v[0], current_sum = v[0];\n            for (int i = 1; i < b; ++i) {\n                current_sum = max(v[i], current_sum + v[i]);\n                max_sum = max(max_sum, current_sum);\n            }\n            printf("%d\\n", max_sum);\n        }\n    }\n    return 0;\n}')"
2025-02-25 14:37:26,872	[INFO]	Step: 25
2025-02-25 14:37:26,872	[INFO]	Stop Steps: 50
2025-02-25 14:37:27,621	[DEBUG]	EXEC>  SUCCESS 3128756.0
2025-02-25 14:37:27,622	[INFO]	2-6     SUCCESS               3128756.00 (98.92%) [1 edit(s)]  
2025-02-25 14:37:27,622	[DEBUG]	patch(2-6)="LineLLMCrossover(('source.cpp', 6), '#include <iostream>\n#include <vector>\n#include <algorithm>\nusing namespace std;\n\nint main() {\n    vector<int> v;\n    v.reserve(100000); // Reserve space to avoid frequent reallocations\n    int a, b, n, o = 0;\n    while (cin >> b) {\n        v.clear();\n        o = 0;\n        if (b == 0) break;\n        else {\n            v.resize(b); // Pre-allocate the required space\n            for (int i = 0; i < b; i++) {\n                cin >> v[i];\n            }\n            int max_sum = v[0], current_sum = v[0];\n            for (int i = 1; i < b; ++i) {\n                current_sum = max(v[i], current_sum + v[i]);\n                max_sum = max(max_sum, current_sum);\n            }\n            cout << max_sum << endl;\n        }\n    }\n    return 0;\n}')"
2025-02-25 14:37:27,622	[INFO]	Step: 26
2025-02-25 14:37:27,622	[INFO]	Stop Steps: 50
2025-02-25 14:37:28,344	[DEBUG]	EXEC>  SUCCESS 3128756.0
2025-02-25 14:37:28,344	[INFO]	2-7     SUCCESS               3128756.00 (98.92%) [1 edit(s)]  
2025-02-25 14:37:28,345	[DEBUG]	patch(2-7)="LineLLMCrossover(('source.cpp', 7), '#include <iostream>\n#include <vector>\n#include <algorithm>\nusing namespace std;\n\nint main() {\n    vector<int> v;\n    v.reserve(100000); // Reserve space to avoid frequent reallocations\n    int a, b, n, o = 0;\n    while (cin >> b) {\n        v.clear();\n        o = 0;\n        if (b == 0) break;\n        else {\n            v.resize(b); // Pre-allocate the required space\n            for (int i = 0; i < b; i++) {\n                cin >> v[i];\n            }\n            int max_sum = v[0], current_sum = v[0];\n            for (int i = 1; i < b; ++i) {\n                current_sum = max(v[i], current_sum + v[i]);\n                max_sum = max(max_sum, current_sum);\n            }\n            cout << max_sum << endl;\n        }\n    }\n    return 0;\n}')"
2025-02-25 14:37:28,345	[INFO]	Step: 27
2025-02-25 14:37:28,345	[INFO]	Stop Steps: 50
2025-02-25 14:37:28,879	[DEBUG]	EXEC>  SUCCESS 3063606.5
2025-02-25 14:37:28,879	[INFO]	2-8     SUCCESS              *3063606.50 (96.86%) [3 edit(s)]  
2025-02-25 14:37:28,879	[DEBUG]	patch(2-8)="LineLLMMutation(('source.cpp', 5), '#include<iostream>\n#include<vector>\n#include<algorithm>\nusing namespace std;\n\nint main(){\n  vector<int> v;\n  int a, b, n, o = 0;\n  while(cin >> b){\n    v.clear();\n    o = 0;\n    if(b == 0) break;\n    else{\n      for(int i = 0; i < b; i++){\n        cin >> a;\n        v.push_back(a);\n      }\n      int max_sum = v[0], current_sum = v[0];\n      for(int i = 1; i < b; i++){\n        current_sum = max(v[i], current_sum + v[i]);\n        max_sum = max(max_sum, current_sum);\n      }\n      cout << max_sum << endl;\n    }\n  }\n}') | LineLLMMutation(('source.cpp', 11), '#include <cstdio>\n#include <vector>\n#include <algorithm>\nusing namespace std;\n\nint main() {\n    vector<int> v;\n    int a, b, n, o = 0;\n    while (scanf("%d", &b) != EOF) {\n        v.clear();\n        o = 0;\n        if (b == 0) break;\n        else {\n            for (int i = 0; i < b; i++) {\n                scanf("%d", &a);\n                v.push_back(a);\n            }\n            int max_sum = v[0], current_sum = v[0];\n            for (int i = 1; i < b; i++) {\n                current_sum = max(v[i], current_sum + v[i]);\n                max_sum = max(max_sum, current_sum);\n            }\n            printf("%d\\n", max_sum);\n        }\n    }\n    return 0;\n}') | LineLLMMutation(('source.cpp', 15), '#include <cstdio>\n#include <vector>\n#include <algorithm>\nusing namespace std;\n\nint main() {\n    vector<int> v;\n    v.reserve(100000); // Reserve enough space to avoid repeated allocations\n    int a, b, n, o = 0;\n    while (scanf("%d", &b) != EOF) {\n        v.clear();\n        o = 0;\n        if (b == 0) break;\n        else {\n            for (int i = 0; i < b; i++) {\n                scanf("%d", &a);\n                v.push_back(a);\n            }\n            int max_sum = v[0], current_sum = v[0];\n            for (int i = 1; i < b; i++) {\n                current_sum = max(v[i], current_sum + v[i]);\n                max_sum = max(max_sum, current_sum);\n            }\n            printf("%d\\n", max_sum);\n        }\n    }\n    return 0;\n}')"

2025-02-25 14:37:28,879	[INFO]	Step: 28
2025-02-25 14:37:28,879	[INFO]	Stop Steps: 50
2025-02-25 14:37:29,586	[DEBUG]	EXEC>  SUCCESS 3118912.0
2025-02-25 14:37:29,586	[INFO]	2-9     SUCCESS               3118912.00 (98.60%) [3 edit(s)]  
2025-02-25 14:37:29,586	[DEBUG]	patch(2-9)="LineLLMMutation(('source.cpp', 9), '#include<iostream>\n#include<vector>\n#include<algorithm>\nusing namespace std;\n\nint main(){\n  vector<int> v;\n  int a, b, n, o = 0;\n  while(cin >> b){\n    v.clear();\n    o = 0;\n    if(b == 0) break;\n    else{\n      for(int i = 0; i < b; i++){\n        cin >> a;\n        v.push_back(a);\n      }\n      int max_sum = v[0], current_sum = v[0];\n      for(int i = 1; i < b; i++){\n        current_sum = max(v[i], current_sum + v[i]);\n        max_sum = max(max_sum, current_sum);\n      }\n      cout << max_sum << endl;\n    }\n  }\n}') | LineLLMMutation(('source.cpp', 12), '#include<iostream>\n#include<vector>\n#include<algorithm>\nusing namespace std;\n\nint main(){\n  vector<int> v;\n  v.reserve(100000); // Reserve space to avoid frequent reallocations\n  int a, b, n, o = 0;\n  while(cin >> b){\n    v.clear();\n    o = 0;\n    if(b == 0) break;\n    else{\n      v.resize(b); // Pre-allocate the required space\n      for(int i = 0; i < b; i++){\n        cin >> v[i];\n      }\n      int max_sum = v[0], current_sum = v[0];\n      for(int i = 1; i < b; i++){\n        current_sum = max(v[i], current_sum + v[i]);\n        max_sum = max(max_sum, current_sum);\n      }\n      cout << max_sum << endl;\n    }\n  }\n}') | LineLLMMutation(('source.cpp', 16), '#include <iostream>\n#include <vector>\n#include <algorithm>\n#include <cstdio>\nusing namespace std;\n\nint main() {\n    vector<int> v;\n    v.reserve(100000); // Reserve space to avoid frequent reallocations\n    int b, n, o = 0;\n    while (scanf("%d", &b) == 1) {\n        v.clear();\n        o = 0;\n        if (b == 0) break;\n        else {\n            v.resize(b); // Pre-allocate the required space\n            for (int i = 0; i < b; i++) {\n                scanf("%d", &v[i]);\n            }\n            int max_sum = v[0], current_sum = v[0];\n            for (int i = 1; i < b; i++) {\n                current_sum = max(v[i], current_sum + v[i]);\n                max_sum = max(max_sum, current_sum);\n            }\n            printf("%d\\n", max_sum);\n        }\n    }\n    return 0;\n}')"
2025-02-25 14:37:29,586	[INFO]	Step: 29
2025-02-25 14:37:29,586	[INFO]	Stop Steps: 50
2025-02-25 14:37:30,318	[DEBUG]	EXEC>  SUCCESS 3129820.0
2025-02-25 14:37:30,318	[INFO]	2-10    SUCCESS               3129820.00 (98.95%) [3 edit(s)]  
2025-02-25 14:37:30,318	[DEBUG]	patch(2-10)="LineLLMMutation(('source.cpp', 7), '#include<iostream>\n#include<vector>\n#include<algorithm>\nusing namespace std;\n\nint main(){\n  vector<int> v;\n  int a, b, n, o = 0;\n  while(cin >> b){\n    v.clear();\n    o = 0;\n    if(b == 0) break;\n    else{\n      for(int i = 0; i < b; i++){\n        cin >> a;\n        v.push_back(a);\n      }\n      int max_sum = v[0], current_sum = v[0];\n      for(int i = 1; i < b; i++){\n        current_sum = max(v[i], current_sum + v[i]);\n        max_sum = max(max_sum, current_sum);\n      }\n      cout << max_sum << endl;\n    }\n  }\n}') | LineLLMMutation(('source.cpp', 10), '#include<iostream>\n#include<vector>\n#include<algorithm>\nusing namespace std;\n\nint main(){\n  vector<int> v;\n  int a, b, n, o = 0;\n  while(cin >> b){\n    v.clear();\n    o = 0;\n    if(b == 0) break;\n    else{\n      v.resize(b);\n      for(int i = 0; i < b; i++){\n        cin >> v[i];\n      }\n      int max_sum = v[0], current_sum = v[0];\n      for(int i = 1; i < b; i++){\n        current_sum = max(v[i], current_sum + v[i]);\n        max_sum = max(max_sum, current_sum);\n      }\n      cout << max_sum << endl;\n    }\n  }\n}') | LineLLMMutation(('source.cpp', 17), '#include<iostream>\n#include<vector>\n#include<algorithm>\nusing namespace std;\n\nint main(){\n  vector<int> v;\n  int b, o = 0;\n  while(cin >> b){\n    if(b == 0) break;\n    v.resize(b);\n    for(int i = 0; i < b; i++){\n      cin >> v[i];\n    }\n    int max_sum = v[0], current_sum = v[0];\n    for(int i = 1; i < b; i++){\n      current_sum = max(v[i], current_sum + v[i]);\n      max_sum = max(max_sum, current_sum);\n    }\n    cout << max_sum << endl;\n  }\n}')"
2025-02-25 14:37:30,318	[INFO]	Step: 30
2025-02-25 14:37:30,318	[INFO]	Stop Steps: 50
2025-02-25 14:37:31,037	[DEBUG]	EXEC>  SUCCESS 3120108.0
2025-02-25 14:37:31,038	[INFO]	2-1     SUCCESS               3120108.00 (98.64%) [3 edit(s)]  
2025-02-25 14:37:31,038	[DEBUG]	patch(2-1)="LineLLMMutation(('source.cpp', 6), '#include<iostream>\n#include<vector>\n#include<algorithm>\nusing namespace std;\n\nint main(){\n  vector<int> v;\n  int a, b, n, o = 0;\n  while(cin >> b){\n    v.clear();\n    o = 0;\n    if(b == 0) break;\n    else{\n      for(int i = 0; i < b; i++){\n        cin >> a;\n        v.push_back(a);\n      }\n      int max_sum = v[0], current_sum = v[0];\n      for(int i = 1; i < b; i++){\n        current_sum = max(v[i], current_sum + v[i]);\n        max_sum = max(max_sum, current_sum);\n      }\n      cout << max_sum << endl;\n    }\n  }\n}') | LineLLMMutation(('source.cpp', 13), '#include<iostream>\n#include<vector>\n#include<algorithm>\nusing namespace std;\n\nint main(){\n  vector<int> v;\n  int a, b, n, o = 0;\n  while(cin >> b){\n    if(b == 0) break;\n    v.resize(b);\n    for(int i = 0; i < b; ++i){\n      cin >> v[i];\n    }\n    int max_sum = v[0], current_sum = v[0];\n    for(int i = 1; i < b; ++i){\n      current_sum = max(v[i], current_sum + v[i]);\n      max_sum = max(max_sum, current_sum);\n    }\n    cout << max_sum << endl;\n  }\n}') | LineLLMMutation(('source.cpp', 18), '#include<iostream>\n#include<vector>\n#include<algorithm>\n#include<cstdio>\nusing namespace std;\n\nint main(){\n  vector<int> v;\n  int a, b, n, o = 0;\n  while(scanf("%d", &b) != EOF){\n    if(b == 0) break;\n    v.resize(b);\n    for(int i = 0; i < b; ++i){\n      scanf("%d", &v[i]);\n    }\n    int max_sum = v[0], current_sum = v[0];\n    for(int i = 1; i < b; ++i){\n      current_sum = max(v[i], current_sum + v[i]);\n      max_sum = max(max_sum, current_sum);\n    }\n    printf("%d\\n", max_sum);\n  }\n}')"
2025-02-25 14:37:31,038	[INFO]	Step: 31
2025-02-25 14:37:31,038	[INFO]	Stop Steps: 50
2025-02-25 14:37:31,836	[DEBUG]	EXEC>  SUCCESS 3132371.0
2025-02-25 14:37:31,836	[INFO]	2-2     SUCCESS               3132371.00 (99.03%) [1 edit(s)]  
2025-02-25 14:37:31,836	[DEBUG]	patch(2-2)="LineLLMMutation(('source.cpp', 19), '#include<iostream>\n#include<vector>\n#include<algorithm>\nusing namespace std;\n\nint main(){\n  vector<int> v, prefix_sum;\n  int a, b, n, o = 0;\n  while(cin >> b){\n    if(b == 0) break;\n    v.resize(b);\n    prefix_sum.resize(b + 1, 0);\n\n    for(int i = 0; i < b; i++){\n      cin >> v[i];\n      prefix_sum[i + 1] = prefix_sum[i] + v[i];\n    }\n\n    int max_sum = 0;\n    for(int i = 0; i < b; i++){\n      for(int j = i; j < b; j++){\n        int sum = prefix_sum[j + 1] - prefix_sum[i];\n        max_sum = max(max_sum, sum);\n      }\n    }\n\n    cout << max_sum << endl;\n    v.clear();\n    prefix_sum.clear();\n  }\n}')"
2025-02-25 14:37:31,836	[INFO]	Step: 32
2025-02-25 14:37:31,836	[INFO]	Stop Steps: 50
2025-02-25 14:37:33,603	[DEBUG]	EXEC>  SUCCESS 3162971.0
2025-02-25 14:37:33,603	[INFO]	REF     SUCCESS               3162971.00 (--) [0 edit(s)]  
2025-02-25 14:37:33,603	[INFO]	Best patch: 5_11_15
2025-02-25 14:37:34,177	[DEBUG]	EXEC>  SUCCESS 3063516.5
2025-02-25 14:37:34,177	[INFO]	BEST    SUCCESS              *3063516.50 (96.86%) [0 edit(s)]  
2025-02-25 14:37:34,177	[INFO]	Best patch step: 27
2025-02-25 14:37:57,716	[INFO]	~~~~ END ~~~~
2025-02-25 14:37:57,716	[INFO]	Best patch step: 27
