2025-02-24 15:25:33,770	[DEBUG]	==== CONFIG ====
[magpie]
import = 
seed = 798696101113751
log_dir = _magpie_logs
work_dir = _magpie_work
local_original_copy = True
local_original_name = __original__
output_encoding = ascii
edit_retries = 10
default_timeout = 30
default_lengthout = 10000.0
diff_method = unified
trust_local_filesystem = True

[magpie.log]
color_output = True
format_info = {counter:<7} {status:<20} {best}{fitness} ({ratio}) [{size}] {cached} {log}
format_debug = patch({counter})="{patch}"{diffifbest}
format_fitness = {:.2f}
format_ratio = {:.2%%}
format_patchif = 
	 --> {patch}
format_diffif = 
	{diff}

[software]
path = dataset/magpie_dataset/train/0008
target_files = 
	source.cpp
software = BasicSoftware
model_rules = 
	*.params : ParamFileConfigModel
	*.xml : SrcmlModel
	* : LineModel
model_config = 
	*.params : [paramconfig]
	*.xml : [srcml]
init_cmd = 
init_timeout = 60
init_lengthout = -1
setup_cmd = bash setup.sh
setup_timeout = 
setup_lengthout = 
compile_cmd = bash compile.sh
compile_timeout = 
compile_lengthout = 
test_cmd = bash test.sh
test_timeout = 
test_lengthout = 
run_cmd = bash run.sh
run_timeout = 3
run_lengthout = 
batch_timeout = 
batch_lengthout = 
batch_bin_fitness_strategy = aggregate
batch_fitness_strategy = sum
fitness = time

[srcml]
rename = 
	stmt: break continue decl_stmt do expr_stmt for goto if return switch while
	number: literal_number
focus = block stmt operator_comp operator_arith number
internodes = block
process_pseudo_blocks = True
process_literals = True
process_operators = True

[paramconfig]
timing = test run
cli_prefix = --
cli_glue = =
cli_boolean = show
cli_boolean_prefix_true = 
cli_boolean_prefix_false = no-
cli_none = hide
silent_prefix = @
silent_suffix = $

[search]
protocol = BasicProtocol
algorithm = GeneticProgrammingLLM
possible_edits = 
	LineLLMMutation
	LineLLMCrossover
	LineDeletion
	LineInsertion
	LineReplacement
llm_prob = 1.0
warmup = 5
warmup_strategy = last
max_steps = 50
max_time = 20000
target_fitness = 
cache_maxsize = 100
cache_keep = 0.2
batch_instances = 
batch_shuffle = True
batch_bin_shuffle = False
batch_sample_size = 1

[search.ls]
delete_prob = 0.5
max_neighbours = 
when_trapped = continue
accept_fail = False
tabu_length = 10

[search.gp]
pop_size = 10
delete_prob = 0.0
offspring_elitism = 0.2
offspring_crossover = 0.4
offspring_mutation = 0.4
uniform_rate = 0.5
batch_reset = True
llm_type = baseline

[search.minify]
do_cleanup = True
do_rebuild = True
do_simplify = True
round_robin_limit = 3


2025-02-24 15:25:33,770	[DEBUG]	
2025-02-24 15:25:33,770	[INFO]	==== SEARCH: GeneticProgrammingLLM ====
2025-02-24 15:25:33,770	[INFO]	~~~~ WARMUP ~~~~
2025-02-24 15:25:34,987	[DEBUG]	EXEC>  SUCCESS 3163125.0
2025-02-24 15:25:34,987	[INFO]	WARM    SUCCESS               3163125.00 (--) [0 edit(s)]  
2025-02-24 15:25:35,757	[DEBUG]	EXEC>  SUCCESS 3162944.5
2025-02-24 15:25:35,757	[INFO]	WARM    SUCCESS               3162944.50 (--) [0 edit(s)]  
2025-02-24 15:25:36,542	[DEBUG]	EXEC>  SUCCESS 3162959.0
2025-02-24 15:25:36,543	[INFO]	WARM    SUCCESS               3162959.00 (--) [0 edit(s)]  
2025-02-24 15:25:37,315	[DEBUG]	EXEC>  SUCCESS 3163035.0
2025-02-24 15:25:37,315	[INFO]	WARM    SUCCESS               3163035.00 (--) [0 edit(s)]  
2025-02-24 15:25:38,094	[DEBUG]	EXEC>  SUCCESS 3163035.5
2025-02-24 15:25:38,094	[INFO]	WARM    SUCCESS               3163035.50 (--) [0 edit(s)]  
2025-02-24 15:25:38,094	[INFO]	REF     SUCCESS               3163035.50 (--) [0 edit(s)]  
2025-02-24 15:25:38,094	[INFO]	
2025-02-24 15:25:38,094	[INFO]	~~~~ START ~~~~
2025-02-24 15:26:15,105	[DEBUG]	EXEC>  SUCCESS 3141667.5
2025-02-24 15:26:15,105	[INFO]	0-1     SUCCESS              *3141667.50 (99.32%) [1 edit(s)]  
2025-02-24 15:26:15,105	[DEBUG]	patch(0-1)="LineLLMMutation(('source.cpp', 0), '#include<iostream>\n#include<algorithm>\n\nusing namespace std;\n\nconst int MAX_SIZE = 10001;\n\nint main() {\n    int v[MAX_SIZE], s[MAX_SIZE];\n    int a, b, n, o = 0;\n\n    while (cin >> b) {\n        fill(s, s + MAX_SIZE, 0);\n        o = 0;\n\n        if (b == 0) break;\n\n        for (int i = 0; i < b; i++) {\n            cin >> a;\n            v[i] = a; // Directly assign to the static array\n        }\n\n        int max_sum = 0;\n        for (int i = 0; i < b; i++) {\n            int sum = 0;\n            for (int j = i; j < b; j++) {\n                sum += v[j];\n                max_sum = max(max_sum, sum); // Track max sum directly\n            }\n        }\n\n        cout << max_sum << endl;\n    }\n}')"

2025-02-24 15:26:16,808	[DEBUG]	EXEC>  SUCCESS 3122082.0
2025-02-24 15:26:16,808	[INFO]	0-2     SUCCESS              *3122082.00 (98.71%) [1 edit(s)]  
2025-02-24 15:26:16,808	[DEBUG]	patch(0-2)="LineLLMMutation(('source.cpp', 1), '#include<iostream>\n#include<algorithm>\n\nusing namespace std;\n\nint main() {\n    int b, a, max_sum;\n\n    while (cin >> b) {\n        if (b == 0) break;\n\n        int current_sum = 0;\n        max_sum = 0;\n\n        for (int i = 0; i < b; i++) {\n            cin >> a;\n            current_sum += a;\n            max_sum = max(max_sum, current_sum);\n            if (current_sum < 0) current_sum = 0; // Reset on negative sum\n        }\n\n        cout << max_sum << endl;\n    }\n}')"

2025-02-24 15:26:18,411	[DEBUG]	EXEC>  SUCCESS 3054293.5
2025-02-24 15:26:18,412	[INFO]	0-3     SUCCESS              *3054293.50 (96.56%) [1 edit(s)]  
2025-02-24 15:26:18,412	[DEBUG]	patch(0-3)="LineLLMMutation(('source.cpp', 2), '#include <cstdio>\n#include <algorithm>\n\nusing namespace std;\n\nint main() {\n    int b, a, max_sum;\n\n    while (scanf("%d", &b) == 1) {\n        if (b == 0) break;\n\n        int current_sum = 0;\n        max_sum = 0;\n\n        for (int i = 0; i < b; i++) {\n            scanf("%d", &a);\n            current_sum += a;\n            max_sum = max(max_sum, current_sum);\n            if (current_sum < 0) current_sum = 0; // Reset on negative sum\n        }\n\n        printf("%d\\n", max_sum);\n    }\n}')"

2025-02-24 15:26:19,928	[DEBUG]	EXEC>  SUCCESS 3054293.0
2025-02-24 15:26:19,928	[INFO]	0-4     SUCCESS              *3054293.00 (96.56%) [1 edit(s)]  
2025-02-24 15:26:19,928	[DEBUG]	patch(0-4)="LineLLMMutation(('source.cpp', 3), '#include <cstdio>\n#include <algorithm>\n\nusing namespace std;\n\nint main() {\n    int b, a, max_sum;\n\n    while (scanf("%d", &b) == 1) {\n        if (b == 0) break;\n\n        int current_sum = 0;\n        max_sum = 0;\n\n        for (int i = 0; i < b; i++) {\n            scanf("%d", &a);\n            current_sum += a;\n            max_sum = max(max_sum, current_sum);\n            if (current_sum < 0) current_sum = 0;\n        }\n\n        printf("%d\\n", max_sum);\n    }\n}')"

2025-02-24 15:26:21,827	[INFO]	0-5     TEST_CODE_ERROR       None (--) [1 edit(s)]  
2025-02-24 15:26:21,827	[DEBUG]	patch(0-5)="LineLLMMutation(('source.cpp', 4), '#include <cstdio>\n#include <sstream>\n#include <vector>\nusing namespace std;\n\nint main() {\n    int b;\n    char buffer[100000];\n\n    while (fgets(buffer, sizeof(buffer), stdin)) {\n        istringstream iss(buffer);\n        iss >> b;\n        if (b == 0) break;\n\n        vector<int> v(b);\n        for (int i = 0; i < b; i++) {\n            iss >> v[i];\n        }\n\n        int current_sum = 0, max_sum = 0;\n        for (int i = 0; i < b; i++) {\n            current_sum += v[i];\n            max_sum = max(max_sum, current_sum);\n            if (current_sum < 0) current_sum = 0;\n        }\n\n        printf("%d\\n", max_sum);\n    }\n}')"
2025-02-24 15:26:23,538	[DEBUG]	EXEC>  SUCCESS 3122212.5
2025-02-24 15:26:23,539	[INFO]	0-6     SUCCESS               3122212.50 (98.71%) [1 edit(s)]  
2025-02-24 15:26:23,539	[DEBUG]	patch(0-6)="LineLLMMutation(('source.cpp', 5), '#include <iostream>\n#include <algorithm>\n\nusing namespace std;\n\nint main() {\n    int b, a, max_sum;\n\n    while (cin >> b) {\n        if (b == 0) break;\n\n        int v[10000]; // Using static array\n        for (int i = 0; i < b; i++) {\n            cin >> v[i];\n        }\n\n        int current_sum = 0;\n        max_sum = 0;\n\n        for (int i = 0; i < b; i++) {\n            current_sum += v[i];\n            max_sum = max(max_sum, current_sum);\n            if (current_sum < 0) current_sum = 0;\n        }\n\n        cout << max_sum << endl;\n    }\n}')"
2025-02-24 15:26:25,263	[DEBUG]	EXEC>  SUCCESS 3122197.5
2025-02-24 15:26:25,263	[INFO]	0-7     SUCCESS               3122197.50 (98.71%) [1 edit(s)]  
2025-02-24 15:26:25,263	[DEBUG]	patch(0-7)="LineLLMMutation(('source.cpp', 6), '#include <iostream>\n#include <algorithm>\n#include <numeric>\n\nusing namespace std;\n\nint main() {\n    int b;\n\n    while (cin >> b) {\n        if (b == 0) break;\n\n        int v[10000];\n        for (int i = 0; i < b; i++) {\n            cin >> v[i];\n        }\n\n        int max_sum = 0, current_sum = 0;\n        for (int i = 0; i < b; i++) {\n            current_sum += v[i];\n            max_sum = max(max_sum, current_sum);\n            if (current_sum < 0) current_sum = 0;\n        }\n\n        cout << max_sum << endl;\n    }\n}')"
2025-02-24 15:26:26,933	[INFO]	0-8     TEST_CODE_ERROR       None (--) [1 edit(s)]  
2025-02-24 15:26:26,933	[DEBUG]	patch(0-8)="LineLLMMutation(('source.cpp', 7), '#include <iostream>\n#include <algorithm>\n\nusing namespace std;\n\nint main() {\n    int b;\n\n    while (cin >> b) {\n        if (b == 0) break;\n\n        int v[10000], prefix_sum[10000] = {0};\n\n        for (int i = 0; i < b; i++) {\n            cin >> v[i];\n            prefix_sum[i] = (i == 0 ? v[i] : prefix_sum[i-1] + v[i]);\n        }\n\n        int max_sum = *max_element(prefix_sum, prefix_sum + b);\n        cout << max_sum << endl;\n    }\n}')"
2025-02-24 15:26:28,607	[DEBUG]	EXEC>  SUCCESS 3122052.5
2025-02-24 15:26:28,607	[INFO]	0-9     SUCCESS               3122052.50 (98.70%) [1 edit(s)]  
2025-02-24 15:26:28,607	[DEBUG]	patch(0-9)="LineLLMMutation(('source.cpp', 8), '#include <iostream>\n#include <algorithm>\n\nusing namespace std;\n\nint main() {\n    int b, a;\n\n    while (true) {\n        cin >> b;\n        if (b == 0) break;\n\n        int current_sum = 0, max_sum = 0;\n        for (int i = 0; i < b; i++) {\n            cin >> a;\n            current_sum += a;\n            max_sum = max(max_sum, current_sum);\n            if (current_sum < 0) current_sum = 0;\n        }\n\n        cout << max_sum << endl;\n    }\n}')"
2025-02-24 15:26:30,113	[DEBUG]	EXEC>  SUCCESS 3054195.5
2025-02-24 15:26:30,113	[INFO]	0-10    SUCCESS              *3054195.50 (96.56%) [1 edit(s)]  
2025-02-24 15:26:30,113	[DEBUG]	patch(0-10)="LineLLMMutation(('source.cpp', 9), '#include <cstdio>\n#include <algorithm>\n\nusing namespace std;\n\nint main() {\n    int b, a;\n\n    while (true) {\n        scanf("%d", &b);\n        if (b == 0) break;\n\n        int current_sum = 0, max_sum = 0;\n        for (int i = 0; i < b; i++) {\n            scanf("%d", &a);\n            current_sum += a;\n            max_sum = max(max_sum, current_sum);\n            if (current_sum < 0) current_sum = 0;\n        }\n\n        printf("%d\\n", max_sum);\n    }\n}')"

2025-02-24 15:26:31,114	[INFO]	Step: 10
2025-02-24 15:26:31,114	[INFO]	Stop Steps: 50
2025-02-24 15:26:32,899	[DEBUG]	EXEC>  SUCCESS 3162945.5
2025-02-24 15:26:32,899	[INFO]	REF     SUCCESS               3162945.50 (--) [0 edit(s)]  
2025-02-24 15:26:32,899	[INFO]	Best patch: 9
2025-02-24 15:26:33,423	[DEBUG]	EXEC>  SUCCESS 3054285.0
2025-02-24 15:26:33,423	[INFO]	BEST    SUCCESS              *3054285.00 (96.56%) [0 edit(s)]  
2025-02-24 15:26:33,423	[INFO]	Best patch step: 9
2025-02-24 15:27:17,809	[INFO]	Step: 10
2025-02-24 15:27:17,809	[INFO]	Stop Steps: 50
2025-02-24 15:27:18,317	[DEBUG]	EXEC>  SUCCESS 3054196.5
2025-02-24 15:27:18,317	[INFO]	1-1     SUCCESS              *3054196.50 (96.56%) [1 edit(s)]  
2025-02-24 15:27:18,317	[DEBUG]	patch(1-1)="LineLLMMutation(('source.cpp', 9), '#include <cstdio>\n#include <algorithm>\n\nusing namespace std;\n\nint main() {\n    int b, a;\n\n    while (true) {\n        scanf("%d", &b);\n        if (b == 0) break;\n\n        int current_sum = 0, max_sum = 0;\n        for (int i = 0; i < b; i++) {\n            scanf("%d", &a);\n            current_sum += a;\n            max_sum = max(max_sum, current_sum);\n            if (current_sum < 0) current_sum = 0;\n        }\n\n        printf("%d\\n", max_sum);\n    }\n}')"

2025-02-24 15:27:18,317	[INFO]	Step: 11
2025-02-24 15:27:18,317	[INFO]	Stop Steps: 50
2025-02-24 15:27:18,816	[DEBUG]	EXEC>  SUCCESS 3054292.5
2025-02-24 15:27:18,816	[INFO]	1-2     SUCCESS               3054292.50 (96.56%) [1 edit(s)]  
2025-02-24 15:27:18,816	[DEBUG]	patch(1-2)="LineLLMMutation(('source.cpp', 3), '#include <cstdio>\n#include <algorithm>\n\nusing namespace std;\n\nint main() {\n    int b, a, max_sum;\n\n    while (scanf("%d", &b) == 1) {\n        if (b == 0) break;\n\n        int current_sum = 0;\n        max_sum = 0;\n\n        for (int i = 0; i < b; i++) {\n            scanf("%d", &a);\n            current_sum += a;\n            max_sum = max(max_sum, current_sum);\n            if (current_sum < 0) current_sum = 0;\n        }\n\n        printf("%d\\n", max_sum);\n    }\n}')"
2025-02-24 15:27:18,816	[INFO]	Step: 12
2025-02-24 15:27:18,816	[INFO]	Stop Steps: 50
2025-02-24 15:27:19,318	[DEBUG]	EXEC>  SUCCESS 3054203.5
2025-02-24 15:27:19,318	[INFO]	1-3     SUCCESS               3054203.50 (96.56%) [1 edit(s)]  
2025-02-24 15:27:19,318	[DEBUG]	patch(1-3)="LineLLMCrossover(('source.cpp', 0), '#include <cstdio>\n#include <algorithm>\n\nusing namespace std;\n\nint main() {\n    int b, a;\n\n    while (scanf("%d", &b) == 1) {\n        if (b == 0) break;\n\n        int current_sum = 0, max_sum = 0;\n        for (int i = 0; i < b; i++) {\n            scanf("%d", &a);\n            current_sum += a;\n            max_sum = max(max_sum, current_sum);\n            if (current_sum < 0) current_sum = 0; // Reset on negative sum\n        }\n\n        printf("%d\\n", max_sum);\n    }\n}')"
2025-02-24 15:27:19,318	[INFO]	Step: 13
2025-02-24 15:27:19,318	[INFO]	Stop Steps: 50
2025-02-24 15:27:20,027	[DEBUG]	EXEC>  SUCCESS 3122054.0
2025-02-24 15:27:20,027	[INFO]	1-4     SUCCESS               3122054.00 (98.71%) [1 edit(s)]  
2025-02-24 15:27:20,027	[DEBUG]	patch(1-4)="LineLLMCrossover(('source.cpp', 1), '#include <iostream>\n#include <algorithm>\n\nusing namespace std;\n\nint main() {\n    int b, a, max_sum;\n\n    while (true) {\n        cin >> b;\n        if (b == 0) break;\n\n        int current_sum = 0;\n        max_sum = 0;\n\n        for (int i = 0; i < b; i++) {\n            cin >> a;\n            current_sum += a;\n            max_sum = max(max_sum, current_sum);\n            if (current_sum < 0) current_sum = 0; // Reset on negative sum\n        }\n\n        cout << max_sum << endl;\n    }\n}')"
2025-02-24 15:27:20,027	[INFO]	Step: 14
2025-02-24 15:27:20,027	[INFO]	Stop Steps: 50
2025-02-24 15:27:20,531	[DEBUG]	EXEC>  SUCCESS 3054196.0
2025-02-24 15:27:20,531	[INFO]	1-5     SUCCESS              *3054196.00 (96.56%) [1 edit(s)]  
2025-02-24 15:27:20,531	[DEBUG]	patch(1-5)="LineLLMCrossover(('source.cpp', 2), '#include <cstdio>\n#include <algorithm>\n\nusing namespace std;\n\nint main() {\n    int b, a;\n\n    while (true) {\n        scanf("%d", &b);\n        if (b == 0) break;\n\n        int current_sum = 0, max_sum = 0;\n        for (int i = 0; i < b; i++) {\n            scanf("%d", &a);\n            current_sum += a;\n            max_sum = max(max_sum, current_sum);\n            if (current_sum < 0) current_sum = 0; // Reset on negative sum\n        }\n\n        printf("%d\\n", max_sum);\n    }\n}')"

2025-02-24 15:27:20,531	[INFO]	Step: 15
2025-02-24 15:27:20,531	[INFO]	Stop Steps: 50
2025-02-24 15:27:21,218	[DEBUG]	EXEC>  SUCCESS 3116094.5
2025-02-24 15:27:21,219	[INFO]	1-6     SUCCESS               3116094.50 (98.52%) [1 edit(s)]  
2025-02-24 15:27:21,219	[DEBUG]	patch(1-6)="LineLLMCrossover(('source.cpp', 3), '#include <cstdio>\n#include <iostream>\n#include <algorithm>\n\nusing namespace std;\n\nint main() {\n    int b, a;\n\n    while (true) {\n        scanf("%d", &b);\n        if (b == 0) break;\n\n        int current_sum = 0, max_sum = 0;\n        for (int i = 0; i < b; i++) {\n            scanf("%d", &a);\n            current_sum += a;\n            max_sum = max(max_sum, current_sum);\n            if (current_sum < 0) current_sum = 0; // Reset on negative sum\n        }\n\n        cout << max_sum << endl;\n    }\n}')"
2025-02-24 15:27:21,219	[INFO]	Step: 16
2025-02-24 15:27:21,219	[INFO]	Stop Steps: 50
2025-02-24 15:27:21,694	[DEBUG]	EXEC>  SUCCESS 3054202.0
2025-02-24 15:27:21,695	[INFO]	1-7     SUCCESS               3054202.00 (96.56%) [2 edit(s)]  
2025-02-24 15:27:21,695	[DEBUG]	patch(1-7)="LineLLMMutation(('source.cpp', 9), '#include <cstdio>\n#include <algorithm>\n\nusing namespace std;\n\nint main() {\n    int b, a;\n\n    while (true) {\n        scanf("%d", &b);\n        if (b == 0) break;\n\n        int current_sum = 0, max_sum = 0;\n        for (int i = 0; i < b; i++) {\n            scanf("%d", &a);\n            current_sum += a;\n            max_sum = max(max_sum, current_sum);\n            if (current_sum < 0) current_sum = 0;\n        }\n\n        printf("%d\\n", max_sum);\n    }\n}') | LineLLMMutation(('source.cpp', 10), '#include <cstdio>\n#include <algorithm>\n\nusing namespace std;\n\nint main() {\n    int b;\n    while (scanf("%d", &b) && b) {\n        int current_sum = 0, max_sum = 0, a;\n        for (int i = 0; i < b; i++) {\n            scanf("%d", &a);\n            current_sum += a;\n            max_sum = max(max_sum, current_sum);\n            if (current_sum < 0) current_sum = 0;\n        }\n        printf("%d\\n", max_sum);\n    }\n}')"
2025-02-24 15:27:21,695	[INFO]	Step: 17
2025-02-24 15:27:21,695	[INFO]	Stop Steps: 50
2025-02-24 15:27:22,209	[DEBUG]	EXEC>  SUCCESS 3062748.0
2025-02-24 15:27:22,209	[INFO]	1-8     SUCCESS               3062748.00 (96.83%) [2 edit(s)]  
2025-02-24 15:27:22,209	[DEBUG]	patch(1-8)="LineLLMMutation(('source.cpp', 3), '#include <cstdio>\n#include <algorithm>\n\nusing namespace std;\n\nint main() {\n    int b, a, max_sum;\n\n    while (scanf("%d", &b) == 1) {\n        if (b == 0) break;\n\n        int current_sum = 0;\n        max_sum = 0;\n\n        for (int i = 0; i < b; i++) {\n            scanf("%d", &a);\n            current_sum += a;\n            max_sum = max(max_sum, current_sum);\n            if (current_sum < 0) current_sum = 0;\n        }\n\n        printf("%d\\n", max_sum);\n    }\n}') | LineLLMMutation(('source.cpp', 11), '#include <cstdio>\n#include <algorithm>\n#include <vector>\n\nusing namespace std;\n\nint main() {\n    int b;\n    \n    while (scanf("%d", &b) == 1) {\n        if (b == 0) break;\n\n        vector<int> numbers(b);\n        for (int i = 0; i < b; i++) {\n            scanf("%d", &numbers[i]);\n        }\n\n        int current_sum = 0, max_sum = 0;\n\n        for (int i = 0; i < b; i++) {\n            current_sum += numbers[i];\n            max_sum = max(max_sum, current_sum);\n            if (current_sum < 0) current_sum = 0;\n        }\n\n        printf("%d\\n", max_sum);\n    }\n}')"
2025-02-24 15:27:22,209	[INFO]	Step: 18
2025-02-24 15:27:22,209	[INFO]	Stop Steps: 50
2025-02-24 15:27:22,702	[DEBUG]	EXEC>  SUCCESS 3054205.0
2025-02-24 15:27:22,703	[INFO]	1-9     SUCCESS               3054205.00 (96.56%) [2 edit(s)]  
2025-02-24 15:27:22,703	[DEBUG]	patch(1-9)="LineLLMMutation(('source.cpp', 2), '#include <cstdio>\n#include <algorithm>\n\nusing namespace std;\n\nint main() {\n    int b, a, max_sum;\n\n    while (scanf("%d", &b) == 1) {\n        if (b == 0) break;\n\n        int current_sum = 0;\n        max_sum = 0;\n\n        for (int i = 0; i < b; i++) {\n            scanf("%d", &a);\n            current_sum += a;\n            max_sum = max(max_sum, current_sum);\n            if (current_sum < 0) current_sum = 0; // Reset on negative sum\n        }\n\n        printf("%d\\n", max_sum);\n    }\n}') | LineLLMMutation(('source.cpp', 12), '#include <cstdio>\n#include <algorithm>\n\nusing namespace std;\n\nint main() {\n    int b, a;\n    while (scanf("%d", &b) == 1 && b) { // Combine the input check into the while condition\n        int current_sum = 0, max_sum = 0;\n\n        for (int i = 0; i < b; i++) {\n            scanf("%d", &a);\n            current_sum += a;\n            if (current_sum > max_sum) max_sum = current_sum; // Reduce the number of calls to max\n            if (current_sum < 0) current_sum = 0; // Reset on negative sum\n        }\n\n        printf("%d\\n", max_sum);\n    }\n}')"
2025-02-24 15:27:22,703	[INFO]	Step: 19
2025-02-24 15:27:22,703	[INFO]	Stop Steps: 50
2025-02-24 15:27:23,205	[DEBUG]	EXEC>  SUCCESS 3054376.0
2025-02-24 15:27:23,205	[INFO]	1-10    SUCCESS               3054376.00 (96.57%) [2 edit(s)]  
2025-02-24 15:27:23,205	[DEBUG]	patch(1-10)="LineLLMMutation(('source.cpp', 8), '#include <iostream>\n#include <algorithm>\n\nusing namespace std;\n\nint main() {\n    int b, a;\n\n    while (true) {\n        cin >> b;\n        if (b == 0) break;\n\n        int current_sum = 0, max_sum = 0;\n        for (int i = 0; i < b; i++) {\n            cin >> a;\n            current_sum += a;\n            max_sum = max(max_sum, current_sum);\n            if (current_sum < 0) current_sum = 0;\n        }\n\n        cout << max_sum << endl;\n    }\n}') | LineLLMMutation(('source.cpp', 13), '#include <cstdio>\n#include <algorithm>\n\nusing namespace std;\n\nint main() {\n    int b, a;\n\n    while (true) {\n        scanf("%d", &b);\n        if (b == 0) break;\n\n        int current_sum = 0, max_sum = 0;\n        for (int i = 0; i < b; i++) {\n            scanf("%d", &a);\n            current_sum += a;\n            max_sum = max(max_sum, current_sum);\n            if (current_sum < 0) current_sum = 0;\n        }\n\n        printf("%d\\n", max_sum);\n    }\n}')"
2025-02-24 15:27:23,205	[INFO]	Step: 20
2025-02-24 15:27:23,205	[INFO]	Stop Steps: 50
2025-02-24 15:27:23,987	[DEBUG]	EXEC>  SUCCESS 3163035.5
2025-02-24 15:27:23,987	[INFO]	1-1     SUCCESS               3163035.50 (100.00%) [1 edit(s)]  
2025-02-24 15:27:23,988	[DEBUG]	patch(1-1)="LineLLMMutation(('source.cpp', 14), '#include<iostream>\n#include<vector>\n#include<algorithm>\n\nusing namespace std;\n\nint main(){\n  vector<int> v,s(10001);\n  int a,b,n,o=0;\n  while(cin>>b){\n    fill(s.begin(),s.end(),0);\n    o =0;\n    if(b==0) break;\n    else{\n      for(int i=0;i<b;i++){\n        cin>>a;\n        v.push_back(a);\n      }\n      for(int i = 0; i < b; i++){\n        int sum = 0;\n        for(int j = i; j < b; j++){\n          sum += v[j];\n          s.push_back(sum);\n        }\n      }\n      int d = *max_element(s.begin(),s.end());\n      cout<<d<<endl;\n    }\n    s.clear(),v.clear();\n  }\n}')"
2025-02-24 15:27:23,988	[INFO]	Step: 21
2025-02-24 15:27:23,988	[INFO]	Stop Steps: 50
2025-02-24 15:27:25,799	[DEBUG]	EXEC>  SUCCESS 3162946.0
2025-02-24 15:27:25,799	[INFO]	REF     SUCCESS               3162946.00 (--) [0 edit(s)]  
2025-02-24 15:27:25,799	[INFO]	Best patch: 2
2025-02-24 15:27:26,292	[DEBUG]	EXEC>  SUCCESS 3054195.5
2025-02-24 15:27:26,292	[INFO]	BEST    SUCCESS              *3054195.50 (96.56%) [0 edit(s)]  
2025-02-24 15:27:26,292	[INFO]	Best patch step: 14
2025-02-24 15:28:04,865	[INFO]	Step: 21
2025-02-24 15:28:04,865	[INFO]	Stop Steps: 50
2025-02-24 15:28:05,367	[DEBUG]	EXEC>  SUCCESS 3054194.0
2025-02-24 15:28:05,367	[INFO]	2-2     SUCCESS              *3054194.00 (96.56%) [1 edit(s)]  
2025-02-24 15:28:05,367	[DEBUG]	patch(2-2)="LineLLMCrossover(('source.cpp', 2), '#include <cstdio>\n#include <algorithm>\n\nusing namespace std;\n\nint main() {\n    int b, a;\n\n    while (true) {\n        scanf("%d", &b);\n        if (b == 0) break;\n\n        int current_sum = 0, max_sum = 0;\n        for (int i = 0; i < b; i++) {\n            scanf("%d", &a);\n            current_sum += a;\n            max_sum = max(max_sum, current_sum);\n            if (current_sum < 0) current_sum = 0; // Reset on negative sum\n        }\n\n        printf("%d\\n", max_sum);\n    }\n}')"

2025-02-24 15:28:05,367	[INFO]	Step: 22
2025-02-24 15:28:05,367	[INFO]	Stop Steps: 50
2025-02-24 15:28:05,863	[DEBUG]	EXEC>  SUCCESS 3054195.0
2025-02-24 15:28:05,864	[INFO]	2-3     SUCCESS               3054195.00 (96.56%) [1 edit(s)]  
2025-02-24 15:28:05,864	[DEBUG]	patch(2-3)="LineLLMMutation(('source.cpp', 9), '#include <cstdio>\n#include <algorithm>\n\nusing namespace std;\n\nint main() {\n    int b, a;\n\n    while (true) {\n        scanf("%d", &b);\n        if (b == 0) break;\n\n        int current_sum = 0, max_sum = 0;\n        for (int i = 0; i < b; i++) {\n            scanf("%d", &a);\n            current_sum += a;\n            max_sum = max(max_sum, current_sum);\n            if (current_sum < 0) current_sum = 0;\n        }\n\n        printf("%d\\n", max_sum);\n    }\n}')"
2025-02-24 15:28:05,864	[INFO]	Step: 23
2025-02-24 15:28:05,864	[INFO]	Stop Steps: 50
2025-02-24 15:28:06,370	[DEBUG]	EXEC>  SUCCESS 3054294.0
2025-02-24 15:28:06,370	[INFO]	2-4     SUCCESS               3054294.00 (96.56%) [1 edit(s)]  
2025-02-24 15:28:06,370	[DEBUG]	patch(2-4)="LineLLMCrossover(('source.cpp', 4), '#include <cstdio>\n#include <algorithm>\n\nusing namespace std;\n\nint main() {\n    int b, a;\n\n    while (scanf("%d", &b) && b) { // Using the input check from Parent 3\n        int current_sum = 0, max_sum = 0;\n        for (int i = 0; i < b; i++) {\n            scanf("%d", &a);\n            current_sum += a;\n            max_sum = max(max_sum, current_sum);\n            if (current_sum < 0) current_sum = 0; // Reset on negative sum\n        }\n\n        printf("%d\\n", max_sum);\n    }\n}')"
2025-02-24 15:28:06,370	[INFO]	Step: 24
2025-02-24 15:28:06,370	[INFO]	Stop Steps: 50
2025-02-24 15:28:06,986	[DEBUG]	EXEC>  SUCCESS 3054202.0
2025-02-24 15:28:06,986	[INFO]	2-5     SUCCESS               3054202.00 (96.56%) [1 edit(s)]  
2025-02-24 15:28:06,986	[DEBUG]	patch(2-5)="LineLLMCrossover(('source.cpp', 5), '#include <cstdio>\n#include <algorithm>\n\nusing namespace std;\n\nint main() {\n    int b, a;\n\n    while (scanf("%d", &b) == 1) { // Improved input handling from Parent 4\n        if (b == 0) break;\n\n        int current_sum = 0, max_sum = 0;\n        for (int i = 0; i < b; i++) {\n            scanf("%d", &a);\n            current_sum += a;\n            max_sum = max(max_sum, current_sum);\n            if (current_sum < 0) current_sum = 0; // Reset on negative sum\n        }\n\n        printf("%d\\n", max_sum);\n    }\n}')"
2025-02-24 15:28:06,987	[INFO]	Step: 25
2025-02-24 15:28:06,987	[INFO]	Stop Steps: 50
2025-02-24 15:28:07,466	[DEBUG]	EXEC>  SUCCESS 3054203.0
2025-02-24 15:28:07,466	[INFO]	2-6     SUCCESS               3054203.00 (96.56%) [1 edit(s)]  
2025-02-24 15:28:07,466	[DEBUG]	patch(2-6)="LineLLMCrossover(('source.cpp', 6), '#include <cstdio>\n#include <algorithm>\n\nusing namespace std;\n\nint main() {\n    int b, a;\n\n    while (true) {\n        if (scanf("%d", &b) != 1 || b == 0) break; // Combine checks for input validity\n\n        int current_sum = 0, max_sum = 0;\n        for (int i = 0; i < b; i++) {\n            scanf("%d", &a);\n            current_sum += a;\n            max_sum = max(max_sum, current_sum);\n            if (current_sum < 0) current_sum = 0; // Reset on negative sum\n        }\n\n        printf("%d\\n", max_sum);\n    }\n}')"
2025-02-24 15:28:07,466	[INFO]	Step: 26
2025-02-24 15:28:07,466	[INFO]	Stop Steps: 50
2025-02-24 15:28:07,966	[DEBUG]	EXEC>  SUCCESS 3054203.5
2025-02-24 15:28:07,967	[INFO]	2-7     SUCCESS               3054203.50 (96.56%) [1 edit(s)]  
2025-02-24 15:28:07,967	[DEBUG]	patch(2-7)="LineLLMCrossover(('source.cpp', 7), '#include <cstdio>\n#include <algorithm>\n\nusing namespace std;\n\nint main() {\n    int b, a;\n\n    while (scanf("%d", &b) == 1) { // Retaining error checking from Parent 4\n        if (b == 0) break;\n\n        int current_sum = 0, max_sum = 0;\n        for (int i = 0; i < b; i++) {\n            scanf("%d", &a);\n            current_sum += a;\n            max_sum = max(max_sum, current_sum);\n            if (current_sum < 0) current_sum = 0; // Reset on negative sum\n        }\n\n        printf("%d\\n", max_sum);\n    }\n}')"
2025-02-24 15:28:07,967	[INFO]	Step: 27
2025-02-24 15:28:07,967	[INFO]	Stop Steps: 50
2025-02-24 15:28:08,470	[DEBUG]	EXEC>  SUCCESS 3054204.0
2025-02-24 15:28:08,470	[INFO]	2-8     SUCCESS               3054204.00 (96.56%) [2 edit(s)]  
2025-02-24 15:28:08,470	[DEBUG]	patch(2-8)="LineLLMCrossover(('source.cpp', 2), '#include <cstdio>\n#include <algorithm>\n\nusing namespace std;\n\nint main() {\n    int b, a;\n\n    while (true) {\n        scanf("%d", &b);\n        if (b == 0) break;\n\n        int current_sum = 0, max_sum = 0;\n        for (int i = 0; i < b; i++) {\n            scanf("%d", &a);\n            current_sum += a;\n            max_sum = max(max_sum, current_sum);\n            if (current_sum < 0) current_sum = 0; // Reset on negative sum\n        }\n\n        printf("%d\\n", max_sum);\n    }\n}') | LineLLMMutation(('source.cpp', 15), '#include <cstdio>\n#include <algorithm>\n\nusing namespace std;\n\nint main() {\n    int b;\n\n    while (scanf("%d", &b) && b != 0) { // Combine input and condition check for efficiency\n        int current_sum = 0, max_sum = 0;\n        for (int i = 0, a; i < b; i++) { // Declare \'a\' inside the loop to reduce scope\n            scanf("%d", &a);\n            current_sum += a;\n            max_sum = max(max_sum, current_sum);\n            if (current_sum < 0) current_sum = 0; // Reset on negative sum\n        }\n\n        printf("%d\\n", max_sum);\n    }\n}')"
2025-02-24 15:28:08,470	[INFO]	Step: 28
2025-02-24 15:28:08,470	[INFO]	Stop Steps: 50
2025-02-24 15:28:08,987	[DEBUG]	EXEC>  SUCCESS 3062831.0
2025-02-24 15:28:08,987	[INFO]	2-9     SUCCESS               3062831.00 (96.83%) [2 edit(s)]  
2025-02-24 15:28:08,988	[DEBUG]	patch(2-9)="LineLLMMutation(('source.cpp', 9), '#include <cstdio>\n#include <algorithm>\n\nusing namespace std;\n\nint main() {\n    int b, a;\n\n    while (true) {\n        scanf("%d", &b);\n        if (b == 0) break;\n\n        int current_sum = 0, max_sum = 0;\n        for (int i = 0; i < b; i++) {\n            scanf("%d", &a);\n            current_sum += a;\n            max_sum = max(max_sum, current_sum);\n            if (current_sum < 0) current_sum = 0;\n        }\n\n        printf("%d\\n", max_sum);\n    }\n}') | LineLLMMutation(('source.cpp', 16), '#include <cstdio>\n#include <algorithm>\n#include <vector>\n\nusing namespace std;\n\nint main() {\n    int b;\n\n    while (scanf("%d", &b), b) { // Combine input and condition check\n        vector<int> values(b); // Use vector for dynamic size\n        for (int i = 0; i < b; i++) {\n            scanf("%d", &values[i]); // Read into vector\n        }\n\n        int current_sum = 0, max_sum = 0;\n        for (int i = 0; i < b; i++) {\n            current_sum += values[i]; // Use pre-stored values\n            max_sum = max(max_sum, current_sum);\n            if (current_sum < 0) current_sum = 0;\n        }\n\n        printf("%d\\n", max_sum);\n    }\n}')"
2025-02-24 15:28:08,988	[INFO]	Step: 29
2025-02-24 15:28:08,988	[INFO]	Stop Steps: 50
2025-02-24 15:28:09,696	[DEBUG]	EXEC>  SUCCESS 3122264.0
2025-02-24 15:28:09,696	[INFO]	2-10    SUCCESS               3122264.00 (98.71%) [3 edit(s)]  
2025-02-24 15:28:09,696	[DEBUG]	patch(2-10)="LineLLMMutation(('source.cpp', 9), '#include <cstdio>\n#include <algorithm>\n\nusing namespace std;\n\nint main() {\n    int b, a;\n\n    while (true) {\n        scanf("%d", &b);\n        if (b == 0) break;\n\n        int current_sum = 0, max_sum = 0;\n        for (int i = 0; i < b; i++) {\n            scanf("%d", &a);\n            current_sum += a;\n            max_sum = max(max_sum, current_sum);\n            if (current_sum < 0) current_sum = 0;\n        }\n\n        printf("%d\\n", max_sum);\n    }\n}') | LineLLMMutation(('source.cpp', 10), '#include <cstdio>\n#include <algorithm>\n\nusing namespace std;\n\nint main() {\n    int b;\n    while (scanf("%d", &b) && b) {\n        int current_sum = 0, max_sum = 0, a;\n        for (int i = 0; i < b; i++) {\n            scanf("%d", &a);\n            current_sum += a;\n            max_sum = max(max_sum, current_sum);\n            if (current_sum < 0) current_sum = 0;\n        }\n        printf("%d\\n", max_sum);\n    }\n}') | LineLLMMutation(('source.cpp', 17), '#include <iostream>\n#include <algorithm>\n\nusing namespace std;\n\nint main() {\n    int b;\n    while (cin >> b && b) {\n        int current_sum = 0, max_sum = 0, a;\n        for (int i = 0; i < b; ++i) {\n            cin >> a;\n            current_sum += a;\n            max_sum = max(max_sum, current_sum);\n            if (current_sum < 0) current_sum = 0;\n        }\n        cout << max_sum << endl;\n    }\n}')"
2025-02-24 15:28:09,696	[INFO]	Step: 30
2025-02-24 15:28:09,697	[INFO]	Stop Steps: 50
2025-02-24 15:28:10,194	[DEBUG]	EXEC>  SUCCESS 3054252.5
2025-02-24 15:28:10,194	[INFO]	2-1     SUCCESS               3054252.50 (96.56%) [2 edit(s)]  
2025-02-24 15:28:10,194	[DEBUG]	patch(2-1)="LineLLMCrossover(('source.cpp', 0), '#include <cstdio>\n#include <algorithm>\n\nusing namespace std;\n\nint main() {\n    int b, a;\n\n    while (scanf("%d", &b) == 1) {\n        if (b == 0) break;\n\n        int current_sum = 0, max_sum = 0;\n        for (int i = 0; i < b; i++) {\n            scanf("%d", &a);\n            current_sum += a;\n            max_sum = max(max_sum, current_sum);\n            if (current_sum < 0) current_sum = 0; // Reset on negative sum\n        }\n\n        printf("%d\\n", max_sum);\n    }\n}') | LineLLMMutation(('source.cpp', 18), '#include <cstdio>\n#include <algorithm>\n\nusing namespace std;\n\nint main() {\n    int b, a;\n\n    while (scanf("%d", &b) == 1 && b != 0) { // Combine conditions to reduce checks\n        int current_sum = 0, max_sum = 0;\n        while (b--) { // Use a while loop to reduce indexing\n            scanf("%d", &a);\n            current_sum += a;\n            if (current_sum > max_sum) max_sum = current_sum; // Update max in one line\n            if (current_sum < 0) current_sum = 0; // Reset on negative sum\n        }\n\n        printf("%d\\n", max_sum);\n    }\n}')"
2025-02-24 15:28:10,194	[INFO]	Step: 31
2025-02-24 15:28:10,194	[INFO]	Stop Steps: 50
2025-02-24 15:28:11,020	[DEBUG]	EXEC>  SUCCESS 3162944.5
2025-02-24 15:28:11,020	[INFO]	2-2     SUCCESS               3162944.50 (100.00%) [1 edit(s)]  
2025-02-24 15:28:11,020	[DEBUG]	patch(2-2)="LineLLMMutation(('source.cpp', 19), '#include<iostream>\n#include<vector>\n#include<algorithm>\n\nusing namespace std;\n\nint main(){\n    vector<int> v,s(10001);\n    int a,b,n,o=0;\n    while(cin>>b){\n        fill(s.begin(),s.end(),0);\n        o =0;\n        if(b==0) break;\n        else{\n            for(int i=0;i<b;i++){\n                cin>>a;\n                v.push_back(a);\n            }\n            for(int i = 0; i < b; i++){\n                int sum = 0;\n                for(int j = i; j < b; j++){\n                    sum += v[j];\n                    s.push_back(sum);\n                }\n            }\n            int d = *max_element(s.begin(),s.end());\n            cout<<d<<endl;\n        }\n        s.clear(),v.clear();\n    }\n}')"
2025-02-24 15:28:11,020	[INFO]	Step: 32
2025-02-24 15:28:11,020	[INFO]	Stop Steps: 50
2025-02-24 15:28:12,807	[DEBUG]	EXEC>  SUCCESS 3162944.5
2025-02-24 15:28:12,807	[INFO]	REF     SUCCESS               3162944.50 (--) [0 edit(s)]  
2025-02-24 15:28:12,808	[INFO]	Best patch: 2
2025-02-24 15:28:13,330	[DEBUG]	EXEC>  SUCCESS 3054195.5
2025-02-24 15:28:13,330	[INFO]	BEST    SUCCESS              *3054195.50 (96.56%) [0 edit(s)]  
2025-02-24 15:28:13,331	[INFO]	Best patch step: 21
2025-02-24 15:28:52,011	[INFO]	Step: 32
2025-02-24 15:28:52,011	[INFO]	Stop Steps: 50
2025-02-24 15:28:52,521	[DEBUG]	EXEC>  SUCCESS 3054286.0
2025-02-24 15:28:52,521	[INFO]	3-3     SUCCESS              +3054286.00 (96.56%) [1 edit(s)]  
2025-02-24 15:28:52,521	[DEBUG]	patch(3-3)="LineLLMCrossover(('source.cpp', 2), '#include <cstdio>\n#include <algorithm>\n\nusing namespace std;\n\nint main() {\n    int b, a;\n\n    while (true) {\n        scanf("%d", &b);\n        if (b == 0) break;\n\n        int current_sum = 0, max_sum = 0;\n        for (int i = 0; i < b; i++) {\n            scanf("%d", &a);\n            current_sum += a;\n            max_sum = max(max_sum, current_sum);\n            if (current_sum < 0) current_sum = 0; // Reset on negative sum\n        }\n\n        printf("%d\\n", max_sum);\n    }\n}')"
2025-02-24 15:28:52,521	[INFO]	Step: 33
2025-02-24 15:28:52,522	[INFO]	Stop Steps: 50
2025-02-24 15:28:53,023	[DEBUG]	EXEC>  SUCCESS 3054195.5
2025-02-24 15:28:53,023	[INFO]	3-4     SUCCESS              +3054195.50 (96.56%) [1 edit(s)]  
2025-02-24 15:28:53,023	[DEBUG]	patch(3-4)="LineLLMMutation(('source.cpp', 9), '#include <cstdio>\n#include <algorithm>\n\nusing namespace std;\n\nint main() {\n    int b, a;\n\n    while (true) {\n        scanf("%d", &b);\n        if (b == 0) break;\n\n        int current_sum = 0, max_sum = 0;\n        for (int i = 0; i < b; i++) {\n            scanf("%d", &a);\n            current_sum += a;\n            max_sum = max(max_sum, current_sum);\n            if (current_sum < 0) current_sum = 0;\n        }\n\n        printf("%d\\n", max_sum);\n    }\n}')"
2025-02-24 15:28:53,023	[INFO]	Step: 34
2025-02-24 15:28:53,023	[INFO]	Stop Steps: 50
2025-02-24 15:28:53,535	[DEBUG]	EXEC>  SUCCESS 3054216.0
2025-02-24 15:28:53,536	[INFO]	3-5     SUCCESS               3054216.00 (96.56%) [1 edit(s)]  
2025-02-24 15:28:53,536	[DEBUG]	patch(3-5)="LineLLMCrossover(('source.cpp', 8), '#include <cstdio>\n#include <algorithm>\n\nusing namespace std;\n\nint main() {\n    int b, a;\n\n    while (scanf("%d", &b) == 1) { // Improved input handling\n        if (b == 0) break;\n\n        int current_sum = 0, max_sum = 0;\n        for (int i = 0; i < b; i++) {\n            scanf("%d", &a);\n            current_sum += a;\n            max_sum = max(max_sum, current_sum);\n            if (current_sum < 0) current_sum = 0; // Reset on negative sum\n        }\n\n        printf("%d\\n", max_sum);\n    }\n}')"
2025-02-24 15:28:53,536	[INFO]	Step: 35
2025-02-24 15:28:53,536	[INFO]	Stop Steps: 50
2025-02-24 15:28:54,042	[DEBUG]	EXEC>  SUCCESS 3054204.5
2025-02-24 15:28:54,042	[INFO]	3-6     SUCCESS               3054204.50 (96.56%) [1 edit(s)]  
2025-02-24 15:28:54,043	[DEBUG]	patch(3-6)="LineLLMCrossover(('source.cpp', 9), '#include <cstdio>\n#include <algorithm>\n\nusing namespace std;\n\nint main() {\n    int b, a;\n\n    while (true) {\n        if (scanf("%d", &b) != 1 || b == 0) break; // Combine checks for input validity\n\n        int current_sum = 0, max_sum = 0;\n        for (int i = 0; i < b; i++) {\n            scanf("%d", &a);\n            current_sum += a;\n            max_sum = max(max_sum, current_sum);\n            if (current_sum < 0) current_sum = 0; // Reset on negative sum\n        }\n\n        printf("%d\\n", max_sum);\n    }\n}')"
2025-02-24 15:28:54,043	[INFO]	Step: 36
2025-02-24 15:28:54,043	[INFO]	Stop Steps: 50
2025-02-24 15:28:54,534	[DEBUG]	EXEC>  SUCCESS 3054202.0
2025-02-24 15:28:54,534	[INFO]	3-7     SUCCESS               3054202.00 (96.56%) [1 edit(s)]  
2025-02-24 15:28:54,534	[DEBUG]	patch(3-7)="LineLLMCrossover(('source.cpp', 10), '#include <cstdio>\n#include <algorithm>\n\nusing namespace std;\n\nint main() {\n    int b, a;\n\n    while (true) {\n        if (scanf("%d", &b) != 1 || b == 0) break; // Improved input validation\n\n        int current_sum = 0, max_sum = 0;\n        for (int i = 0; i < b; i++) {\n            scanf("%d", &a);\n            current_sum += a;\n            max_sum = max(max_sum, current_sum);\n            if (current_sum < 0) current_sum = 0; // Reset on negative sum\n        }\n\n        printf("%d\\n", max_sum);\n    }\n}')"
2025-02-24 15:28:54,534	[INFO]	Step: 37
2025-02-24 15:28:54,534	[INFO]	Stop Steps: 50
2025-02-24 15:28:55,029	[DEBUG]	EXEC>  SUCCESS 3054203.0
2025-02-24 15:28:55,029	[INFO]	3-8     SUCCESS               3054203.00 (96.56%) [1 edit(s)]  
2025-02-24 15:28:55,029	[DEBUG]	patch(3-8)="LineLLMCrossover(('source.cpp', 11), '#include <cstdio>\n#include <algorithm>\n\nusing namespace std;\n\nint main() {\n    int b, a;\n\n    while (scanf("%d", &b) == 1) { // Improved input handling\n        if (b == 0) break;\n\n        int current_sum = 0, max_sum = 0;\n        for (int i = 0; i < b; i++) {\n            scanf("%d", &a);\n            current_sum += a;\n            max_sum = max(max_sum, current_sum);\n            if (current_sum < 0) current_sum = 0; // Reset on negative sum\n        }\n\n        printf("%d\\n", max_sum);\n    }\n}')"
2025-02-24 15:28:55,029	[INFO]	Step: 38
2025-02-24 15:28:55,029	[INFO]	Stop Steps: 50
2025-02-24 15:28:55,570	[DEBUG]	EXEC>  SUCCESS 3062796.5
2025-02-24 15:28:55,570	[INFO]	3-9     SUCCESS               3062796.50 (96.83%) [2 edit(s)]  
2025-02-24 15:28:55,570	[DEBUG]	patch(3-9)="LineLLMCrossover(('source.cpp', 2), '#include <cstdio>\n#include <algorithm>\n\nusing namespace std;\n\nint main() {\n    int b, a;\n\n    while (true) {\n        scanf("%d", &b);\n        if (b == 0) break;\n\n        int current_sum = 0, max_sum = 0;\n        for (int i = 0; i < b; i++) {\n            scanf("%d", &a);\n            current_sum += a;\n            max_sum = max(max_sum, current_sum);\n            if (current_sum < 0) current_sum = 0; // Reset on negative sum\n        }\n\n        printf("%d\\n", max_sum);\n    }\n}') | LineLLMMutation(('source.cpp', 20), '#include <cstdio>\n#include <vector>\n#include <algorithm>\n\nusing namespace std;\n\nint main() {\n    int b;\n    \n    while (scanf("%d", &b) && b != 0) {\n        vector<int> nums(b);\n        for (int i = 0; i < b; i++) {\n            scanf("%d", &nums[i]);\n        }\n\n        int current_sum = 0, max_sum = 0;\n        for (int number : nums) {\n            current_sum += number;\n            max_sum = max(max_sum, current_sum);\n            if (current_sum < 0) current_sum = 0; // Reset on negative sum\n        }\n\n        printf("%d\\n", max_sum);\n    }\n}')"
2025-02-24 15:28:55,570	[INFO]	Step: 39
2025-02-24 15:28:55,570	[INFO]	Stop Steps: 50
2025-02-24 15:28:56,029	[INFO]	3-10    TEST_CODE_ERROR       None (--) [2 edit(s)]  
2025-02-24 15:28:56,029	[DEBUG]	patch(3-10)="LineLLMMutation(('source.cpp', 9), '#include <cstdio>\n#include <algorithm>\n\nusing namespace std;\n\nint main() {\n    int b, a;\n\n    while (true) {\n        scanf("%d", &b);\n        if (b == 0) break;\n\n        int current_sum = 0, max_sum = 0;\n        for (int i = 0; i < b; i++) {\n            scanf("%d", &a);\n            current_sum += a;\n            max_sum = max(max_sum, current_sum);\n            if (current_sum < 0) current_sum = 0;\n        }\n\n        printf("%d\\n", max_sum);\n    }\n}') | LineLLMMutation(('source.cpp', 21), '#include <cstdio>\n#include <algorithm>\n#include <cstring>\n\nusing namespace std;\n\nint main() {\n    int b, a;\n    char buffer[1000000]; // Buffer to hold input\n    int pos = 0; // Position in buffer\n    fgets(buffer, sizeof(buffer), stdin); // Read entire input at once\n\n    while (true) {\n        if (pos >= strlen(buffer)) break; // End of buffer\n        b = 0;\n        while (buffer[pos] != \'\\n\' && buffer[pos] != \'\\0\') {\n            b = b * 10 + (buffer[pos] - \'0\');\n            pos++;\n        }\n        pos++; // Skip newline or null character\n\n        if (b == 0) break;\n\n        int current_sum = 0, max_sum = 0;\n        for (int i = 0; i < b; i++) {\n            a = 0;\n            while (buffer[pos] != \'\\n\' && buffer[pos] != \'\\0\') {\n                a = a * 10 + (buffer[pos] - \'0\');\n                pos++;\n            }\n            pos++; // Skip newline or null character\n\n            current_sum += a;\n            max_sum = max(max_sum, current_sum);\n            if (current_sum < 0) current_sum = 0;\n        }\n\n        printf("%d\\n", max_sum);\n    }\n}')"
2025-02-24 15:28:56,029	[INFO]	Step: 40
2025-02-24 15:28:56,029	[INFO]	Stop Steps: 50
2025-02-24 15:28:56,549	[DEBUG]	EXEC>  SUCCESS 3054276.0
2025-02-24 15:28:56,549	[INFO]	3-1     SUCCESS               3054276.00 (96.56%) [2 edit(s)]  
2025-02-24 15:28:56,549	[DEBUG]	patch(3-1)="LineLLMCrossover(('source.cpp', 5), '#include <cstdio>\n#include <algorithm>\n\nusing namespace std;\n\nint main() {\n    int b, a;\n\n    while (scanf("%d", &b) == 1) { // Improved input handling from Parent 4\n        if (b == 0) break;\n\n        int current_sum = 0, max_sum = 0;\n        for (int i = 0; i < b; i++) {\n            scanf("%d", &a);\n            current_sum += a;\n            max_sum = max(max_sum, current_sum);\n            if (current_sum < 0) current_sum = 0; // Reset on negative sum\n        }\n\n        printf("%d\\n", max_sum);\n    }\n}') | LineLLMMutation(('source.cpp', 22), '#include <cstdio>\n#include <algorithm>\n\nusing namespace std;\n\nint main() {\n    int b;\n    while (true) {\n        if (scanf("%d", &b) != 1 || b == 0) break; // Combined input check and termination condition\n\n        int current_sum = 0, max_sum = 0;\n        for (int i = 0; i < b; ++i) {\n            int a;\n            scanf("%d", &a);\n            current_sum = max(a, current_sum + a); // Apply Kadane\'s algorithm in a single line\n            max_sum = max(max_sum, current_sum);\n        }\n\n        printf("%d\\n", max_sum);\n    }\n}')"
2025-02-24 15:28:56,549	[INFO]	Step: 41
2025-02-24 15:28:56,549	[INFO]	Stop Steps: 50
2025-02-24 15:28:57,063	[DEBUG]	EXEC>  SUCCESS 3062749.0
2025-02-24 15:28:57,063	[INFO]	3-2     SUCCESS               3062749.00 (96.83%) [2 edit(s)]  
2025-02-24 15:28:57,063	[DEBUG]	patch(3-2)="LineLLMCrossover(('source.cpp', 6), '#include <cstdio>\n#include <algorithm>\n\nusing namespace std;\n\nint main() {\n    int b, a;\n\n    while (true) {\n        if (scanf("%d", &b) != 1 || b == 0) break; // Combine checks for input validity\n\n        int current_sum = 0, max_sum = 0;\n        for (int i = 0; i < b; i++) {\n            scanf("%d", &a);\n            current_sum += a;\n            max_sum = max(max_sum, current_sum);\n            if (current_sum < 0) current_sum = 0; // Reset on negative sum\n        }\n\n        printf("%d\\n", max_sum);\n    }\n}') | LineLLMMutation(('source.cpp', 23), '#include <cstdio>\n#include <algorithm>\n#include <vector>\n\nusing namespace std;\n\nint main() {\n    int b;\n    \n    while (scanf("%d", &b) == 1 && b != 0) { // Combine checks for input validity\n\n        vector<int> a(b);\n        for (int i = 0; i < b; i++) {\n            scanf("%d", &a[i]); // Read all inputs into a vector at once\n        }\n\n        int current_sum = 0, max_sum = 0;\n        for (int i = 0; i < b; i++) {\n            current_sum += a[i];\n            max_sum = max(max_sum, current_sum);\n            if (current_sum < 0) current_sum = 0; // Reset on negative sum\n        }\n\n        printf("%d\\n", max_sum);\n    }\n}')"
2025-02-24 15:28:57,063	[INFO]	Step: 42
2025-02-24 15:28:57,063	[INFO]	Stop Steps: 50
2025-02-24 15:28:57,838	[DEBUG]	EXEC>  SUCCESS 3162946.0
2025-02-24 15:28:57,838	[INFO]	3-3     SUCCESS               3162946.00 (100.00%) [1 edit(s)]  
2025-02-24 15:28:57,838	[DEBUG]	patch(3-3)="LineLLMMutation(('source.cpp', 24), '#include<iostream>\n#include<vector>\n#include<algorithm>\n\nusing namespace std;\n\nint main(){\n  vector<int> v,s(10001);\n  int a,b,n,o=0;\n\n  while(cin>>b){\n    fill(s.begin(),s.end(),0);\n    o =0;\n\n    if(b==0) break;\n    else{\n      for(int i=0;i<b;i++){\n        cin>>a;\n        v.push_back(a);\n      }\n\n      for(int i = 0; i < b; i++){\n        int sum = 0;\n        for(int j = i; j < b; j++){\n          sum += v[j];\n          s.push_back(sum);\n        }\n      }\n\n      int d = *max_element(s.begin(),s.end());\n      cout<<d<<endl;\n    }\n\n    s.clear(),v.clear();\n  }\n}')"
2025-02-24 15:28:57,838	[INFO]	Step: 43
2025-02-24 15:28:57,839	[INFO]	Stop Steps: 50
2025-02-24 15:28:59,621	[DEBUG]	EXEC>  SUCCESS 3163042.0
2025-02-24 15:28:59,621	[INFO]	REF     SUCCESS               3163042.00 (--) [0 edit(s)]  
2025-02-24 15:28:59,621	[INFO]	Best patch: 2
2025-02-24 15:29:00,117	[DEBUG]	EXEC>  SUCCESS 3054286.5
2025-02-24 15:29:00,117	[INFO]	BEST    SUCCESS              *3054286.50 (96.56%) [0 edit(s)]  
2025-02-24 15:29:00,117	[INFO]	Best patch step: 21
2025-02-24 15:29:51,167	[INFO]	Step: 43
2025-02-24 15:29:51,167	[INFO]	Stop Steps: 50
2025-02-24 15:29:51,674	[DEBUG]	EXEC>  SUCCESS 3054375.0
2025-02-24 15:29:51,674	[INFO]	4-4     SUCCESS              +3054375.00 (96.56%) [1 edit(s)]  
2025-02-24 15:29:51,674	[DEBUG]	patch(4-4)="LineLLMMutation(('source.cpp', 9), '#include <cstdio>\n#include <algorithm>\n\nusing namespace std;\n\nint main() {\n    int b, a;\n\n    while (true) {\n        scanf("%d", &b);\n        if (b == 0) break;\n\n        int current_sum = 0, max_sum = 0;\n        for (int i = 0; i < b; i++) {\n            scanf("%d", &a);\n            current_sum += a;\n            max_sum = max(max_sum, current_sum);\n            if (current_sum < 0) current_sum = 0;\n        }\n\n        printf("%d\\n", max_sum);\n    }\n}')"
2025-02-24 15:29:51,674	[INFO]	Step: 44
2025-02-24 15:29:51,674	[INFO]	Stop Steps: 50
2025-02-24 15:29:52,171	[DEBUG]	EXEC>  SUCCESS 3054203.5
2025-02-24 15:29:52,171	[INFO]	4-5     SUCCESS              *3054203.50 (96.56%) [1 edit(s)]  
2025-02-24 15:29:52,171	[DEBUG]	patch(4-5)="LineLLMCrossover(('source.cpp', 10), '#include <cstdio>\n#include <algorithm>\n\nusing namespace std;\n\nint main() {\n    int b, a;\n\n    while (true) {\n        if (scanf("%d", &b) != 1 || b == 0) break; // Improved input validation\n\n        int current_sum = 0, max_sum = 0;\n        for (int i = 0; i < b; i++) {\n            scanf("%d", &a);\n            current_sum += a;\n            max_sum = max(max_sum, current_sum);\n            if (current_sum < 0) current_sum = 0; // Reset on negative sum\n        }\n\n        printf("%d\\n", max_sum);\n    }\n}')"

2025-02-24 15:29:52,171	[INFO]	Step: 45
2025-02-24 15:29:52,171	[INFO]	Stop Steps: 50
2025-02-24 15:29:52,665	[DEBUG]	EXEC>  SUCCESS 3054202.5
2025-02-24 15:29:52,665	[INFO]	4-6     SUCCESS              *3054202.50 (96.56%) [1 edit(s)]  
2025-02-24 15:29:52,665	[DEBUG]	patch(4-6)="LineLLMCrossover(('source.cpp', 12), '#include <cstdio>\n#include <algorithm>\n\nusing namespace std;\n\nint main() {\n    int b, a;\n\n    while (true) {\n        if (scanf("%d", &b) != 1 || b == 0) break; // Improved input validation\n\n        int current_sum = 0, max_sum = 0;\n        for (int i = 0; i < b; i++) {\n            scanf("%d", &a);\n            current_sum += a;\n            max_sum = max(max_sum, current_sum);\n            if (current_sum < 0) current_sum = 0; // Reset on negative sum\n        }\n\n        printf("%d\\n", max_sum);\n    }\n}')"

2025-02-24 15:29:52,665	[INFO]	Step: 46
2025-02-24 15:29:52,665	[INFO]	Stop Steps: 50
2025-02-24 15:29:53,181	[DEBUG]	EXEC>  SUCCESS 3054293.0
2025-02-24 15:29:53,182	[INFO]	4-7     SUCCESS               3054293.00 (96.56%) [1 edit(s)]  
2025-02-24 15:29:53,182	[DEBUG]	patch(4-7)="LineLLMCrossover(('source.cpp', 13), '#include <cstdio>\n#include <algorithm>\n\nusing namespace std;\n\nint main() {\n    int b, a;\n\n    while (true) {\n        if (scanf("%d", &b) != 1 || b == 0) break; // Combine checks for input validity\n\n        int current_sum = 0, max_sum = 0;\n        for (int i = 0; i < b; i++) {\n            scanf("%d", &a);\n            current_sum += a;\n            max_sum = max(max_sum, current_sum);\n            if (current_sum < 0) current_sum = 0; // Reset on negative sum\n        }\n\n        printf("%d\\n", max_sum);\n    }\n}')"
2025-02-24 15:29:53,182	[INFO]	Step: 47
2025-02-24 15:29:53,182	[INFO]	Stop Steps: 50
2025-02-24 15:29:53,694	[DEBUG]	EXEC>  SUCCESS 3054292.0
2025-02-24 15:29:53,694	[INFO]	4-8     SUCCESS               3054292.00 (96.56%) [1 edit(s)]  
2025-02-24 15:29:53,695	[DEBUG]	patch(4-8)="LineLLMCrossover(('source.cpp', 14), '#include <cstdio>\n#include <algorithm>\n\nusing namespace std;\n\nint main() {\n    int b, a;\n\n    while (scanf("%d", &b) == 1) { // Improved input handling\n        if (b == 0) break;\n\n        int current_sum = 0, max_sum = 0;\n        for (int i = 0; i < b; i++) {\n            scanf("%d", &a);\n            current_sum += a;\n            max_sum = max(max_sum, current_sum);\n            if (current_sum < 0) current_sum = 0; // Reset on negative sum\n        }\n\n        printf("%d\\n", max_sum);\n    }\n}')"
2025-02-24 15:29:53,695	[INFO]	Step: 48
2025-02-24 15:29:53,695	[INFO]	Stop Steps: 50
2025-02-24 15:29:54,202	[DEBUG]	EXEC>  SUCCESS 3054203.5
2025-02-24 15:29:54,202	[INFO]	4-9     SUCCESS               3054203.50 (96.56%) [1 edit(s)]  
2025-02-24 15:29:54,202	[DEBUG]	patch(4-9)="LineLLMCrossover(('source.cpp', 15), '#include <cstdio>\n#include <algorithm>\n\nusing namespace std;\n\nint main() {\n    int b, a;\n\n    while (true) {\n        if (scanf("%d", &b) != 1 || b == 0) break; // Improved input validation\n\n        int current_sum = 0, max_sum = 0;\n        for (int i = 0; i < b; i++) {\n            scanf("%d", &a);\n            current_sum += a;\n            max_sum = max(max_sum, current_sum);\n            if (current_sum < 0) current_sum = 0; // Reset on negative sum\n        }\n\n        printf("%d\\n", max_sum);\n    }\n}')"
2025-02-24 15:29:54,202	[INFO]	Step: 49
2025-02-24 15:29:54,202	[INFO]	Stop Steps: 50
2025-02-24 15:29:54,700	[DEBUG]	EXEC>  SUCCESS 3054375.0
2025-02-24 15:29:54,700	[INFO]	4-10    SUCCESS               3054375.00 (96.56%) [2 edit(s)]  
2025-02-24 15:29:54,700	[DEBUG]	patch(4-10)="LineLLMMutation(('source.cpp', 9), '#include <cstdio>\n#include <algorithm>\n\nusing namespace std;\n\nint main() {\n    int b, a;\n\n    while (true) {\n        scanf("%d", &b);\n        if (b == 0) break;\n\n        int current_sum = 0, max_sum = 0;\n        for (int i = 0; i < b; i++) {\n            scanf("%d", &a);\n            current_sum += a;\n            max_sum = max(max_sum, current_sum);\n            if (current_sum < 0) current_sum = 0;\n        }\n\n        printf("%d\\n", max_sum);\n    }\n}') | LineLLMMutation(('source.cpp', 25), '#include <cstdio>\n#include <algorithm>\n\nusing namespace std;\n\nint main() {\n    int b;\n\n    while (scanf("%d", &b), b) { // Combine input and condition check for efficiency\n        int a;\n        int current_sum = 0, max_sum = 0;\n        for (int i = 0; i < b; i++) {\n            scanf("%d", &a);\n            current_sum += a;\n            max_sum = max(max_sum, current_sum);\n            if (current_sum < 0) current_sum = 0; // Reset current_sum if it drops below zero\n        }\n\n        printf("%d\\n", max_sum);\n    }\n}')"
2025-02-24 15:29:54,700	[INFO]	Step: 50
2025-02-24 15:29:54,700	[INFO]	Stop Steps: 50
2025-02-24 15:29:54,700	[INFO]	(Abstract Algorithm) Stopping Condition: step budget
2025-02-24 15:29:54,700	[INFO]	Step: 50
2025-02-24 15:29:54,700	[INFO]	Stop Steps: 50
2025-02-24 15:30:00,929	[INFO]	~~~~ END ~~~~
2025-02-24 15:30:00,929	[INFO]	Best patch step: 45
2025-02-24 15:30:00,929	[INFO]	
2025-02-24 15:30:00,930	[INFO]	==== REPORT ====
2025-02-24 15:30:00,930	[INFO]	Termination: step budget
2025-02-24 15:30:00,930	[INFO]	Log file: /home/luke/magpie/_magpie_logs/0008_1740410733.log
2025-02-24 15:30:00,930	[INFO]	Patch file: _magpie_logs/0008_1740410733.patch
2025-02-24 15:30:00,930	[INFO]	Diff file: _magpie_logs/0008_1740410733.diff
2025-02-24 15:30:00,930	[INFO]	Reference fitness: 3163042.00
2025-02-24 15:30:00,930	[INFO]	Best fitness: 3054202.50
2025-02-24 15:30:00,930	[INFO]	
2025-02-24 15:30:00,931	[INFO]	==== BEST PATCH ====
LineLLMCrossover(('source.cpp', 12), '#include <cstdio>\n#include <algorithm>\n\nusing namespace std;\n\nint main() {\n    int b, a;\n\n    while (true) {\n        if (scanf("%d", &b) != 1 || b == 0) break; // Improved input validation\n\n        int current_sum = 0, max_sum = 0;\n        for (int i = 0; i < b; i++) {\n            scanf("%d", &a);\n            current_sum += a;\n            max_sum = max(max_sum, current_sum);\n            if (current_sum < 0) current_sum = 0; // Reset on negative sum\n        }\n\n        printf("%d\\n", max_sum);\n    }\n}')
2025-02-24 15:30:00,931	[INFO]	
2025-02-24 15:30:00,931	[INFO]	==== DIFF ====

