2025-01-23 15:51:17,210	[DEBUG]	==== CONFIG ====
[magpie]
import = 
seed = 5512502411498615
log_dir = _magpie_logs
work_dir = _magpie_work
local_original_copy = True
local_original_name = __original__
output_encoding = ascii
edit_retries = 10
default_timeout = 30
default_lengthout = 10000.0
diff_method = unified
trust_local_filesystem = True

[magpie.log]
color_output = True
format_info = {counter:<7} {status:<20} {best}{fitness} ({ratio}) [{size}] {cached} {log}
format_debug = patch({counter})="{patch}"{diffifbest}
format_fitness = {:.2f}
format_ratio = {:.2%%}
format_patchif = 
	 --> {patch}
format_diffif = 
	{diff}

[software]
path = dataset/magpie_dataset/train/0016
target_files = 
	source.cpp
software = BasicSoftware
model_rules = 
	*.params : ParamFileConfigModel
	*.xml : SrcmlModel
	* : LineModel
model_config = 
	*.params : [paramconfig]
	*.xml : [srcml]
init_cmd = 
init_timeout = 60
init_lengthout = -1
setup_cmd = bash setup.sh
setup_timeout = 
setup_lengthout = 
compile_cmd = bash compile.sh
compile_timeout = 
compile_lengthout = 
test_cmd = bash test.sh
test_timeout = 
test_lengthout = 
run_cmd = bash run.sh
run_timeout = 3
run_lengthout = 
batch_timeout = 
batch_lengthout = 
batch_bin_fitness_strategy = aggregate
batch_fitness_strategy = sum
fitness = time

[srcml]
rename = 
	stmt: break continue decl_stmt do expr_stmt for goto if return switch while
	number: literal_number
focus = block stmt operator_comp operator_arith number
internodes = block
process_pseudo_blocks = True
process_literals = True
process_operators = True

[paramconfig]
timing = test run
cli_prefix = --
cli_glue = =
cli_boolean = show
cli_boolean_prefix_true = 
cli_boolean_prefix_false = no-
cli_none = hide
silent_prefix = @
silent_suffix = $

[search]
protocol = BasicProtocol
algorithm = GeneticProgrammingLLM
possible_edits = 
	LineLLMMutation
	LineLLMCrossover
	LineDeletion
	LineInsertion
	LineReplacement
llm_prob = 1.0
warmup = 5
warmup_strategy = last
max_steps = 100
max_time = 20000
target_fitness = 
cache_maxsize = 100
cache_keep = 0.2
batch_instances = 
batch_shuffle = True
batch_bin_shuffle = False
batch_sample_size = 1

[search.ls]
delete_prob = 0.5
max_neighbours = 
when_trapped = continue
accept_fail = False
tabu_length = 10

[search.gp]
pop_size = 10
delete_prob = 0.0
offspring_elitism = 0.2
offspring_crossover = 0.4
offspring_mutation = 0.4
uniform_rate = 0.5
batch_reset = True

[search.minify]
do_cleanup = True
do_rebuild = True
do_simplify = True
round_robin_limit = 3


2025-01-23 15:51:17,210	[DEBUG]	
2025-01-23 15:51:17,210	[INFO]	==== SEARCH: GeneticProgrammingLLM ====
2025-01-23 15:51:17,210	[INFO]	~~~~ WARMUP ~~~~
2025-01-23 15:51:18,372	[DEBUG]	EXEC>  SUCCESS 8660017.125
2025-01-23 15:51:18,372	[INFO]	WARM    SUCCESS               8660017.12 (--) [0 edit(s)]  
2025-01-23 15:51:18,931	[DEBUG]	EXEC>  SUCCESS 8794219.1875
2025-01-23 15:51:18,931	[INFO]	WARM    SUCCESS               8794219.19 (--) [0 edit(s)]  
2025-01-23 15:51:19,487	[DEBUG]	EXEC>  SUCCESS 8470343.625
2025-01-23 15:51:19,487	[INFO]	WARM    SUCCESS               8470343.62 (--) [0 edit(s)]  
2025-01-23 15:51:20,040	[DEBUG]	EXEC>  SUCCESS 8881264.8125
2025-01-23 15:51:20,040	[INFO]	WARM    SUCCESS               8881264.81 (--) [0 edit(s)]  
2025-01-23 15:51:20,597	[DEBUG]	EXEC>  SUCCESS 9071944.125
2025-01-23 15:51:20,597	[INFO]	WARM    SUCCESS               9071944.12 (--) [0 edit(s)]  
2025-01-23 15:51:20,597	[INFO]	REF     SUCCESS               9071944.12 (--) [0 edit(s)]  
2025-01-23 15:51:20,597	[INFO]	
2025-01-23 15:51:20,597	[INFO]	~~~~ START ~~~~
2025-01-23 15:52:20,098	[DEBUG]	EXEC>  SUCCESS 8781045.0
2025-01-23 15:52:20,098	[INFO]	0-1     SUCCESS              *8781045.00 (96.79%) [1 edit(s)]  
2025-01-23 15:52:20,098	[DEBUG]	patch(0-1)="LineLLMMutation(('source.cpp', 0), '#include<iostream>  \n#include<cstdio>  \n#include<algorithm>  \nusing namespace std;  \n\nint main(){  \n    for(int c=1,w; scanf("%d",&w), w; c++){  \n        int n, tr[1001][2] = {0};  \n        scanf("%d",&n);  \n        for(int i=1; i<=n; i++){  \n            scanf("%d,%d",&tr[i][0],&tr[i][1]);  \n        }  \n\n        int dp[1001][1001] = {0};  \n        for(int i=1; i<=n; i++){  \n            for(int j=0; j<=w; j++){  \n                if(j>=tr[i][1]){  \n                    dp[j][i] = max(dp[j][i-1], dp[j-tr[i][1]][i-1]+tr[i][0]);  \n                } else {  \n                    dp[j][i] = dp[j][i-1];  \n                }  \n            }  \n        }  \n\n        int pr = dp[w][n], val;  \n        for(int j=0; j<=w; j++){  \n            if(pr == dp[j][n]){ val = j; break; }  \n        }  \n\n        printf("Case %d:\\n", c);  \n        printf("%d\\n%d\\n", pr, val);  \n    }  \n    return 0;  \n}')"

2025-01-23 15:52:21,449	[INFO]	0-2     TEST_CODE_ERROR       None (--) [1 edit(s)]  
2025-01-23 15:52:21,449	[DEBUG]	patch(0-2)="LineLLMMutation(('source.cpp', 1), '#include<iostream>  \n#include<cstdio>  \n#include<algorithm>  \nusing namespace std;  \n\nint main(){  \n    for(int c=1,w; scanf("%d",&w), w; c++){  \n        int n;  \n        scanf("%d",&n);  \n        int** tr = new int*[n+1];  \n        for(int i=0; i<=n; i++) tr[i] = new int[2];  \n\n        for(int i=1; i<=n; i++){  \n            scanf("%d,%d",&tr[i][0],&tr[i][1]);  \n        }  \n\n        int** dp = new int*[w+1];  \n        for(int i=0; i<=w; i++) dp[i] = new int[n+1];  \n\n        for(int i=1; i<=n; i++){  \n            for(int j=0; j<=w; j++){  \n                if(j>=tr[i][1]){  \n                    dp[j][i] = max(dp[j][i-1], dp[j-tr[i][1]][i-1]+tr[i][0]);  \n                } else {  \n                    dp[j][i] = dp[j][i-1];  \n                }  \n            }  \n        }  \n\n        int pr = dp[w][n], val;  \n        for(int j=0; j<=w; j++){  \n            if(pr == dp[j][n]){ val = j; break; }  \n        }  \n\n        printf("Case %d:\\n", c);  \n        printf("%d\\n%d\\n", pr, val);  \n\n        for(int i=0; i<=n; i++) delete[] tr[i];  \n        delete[] tr;  \n        for(int i=0; i<=w; i++) delete[] dp[i];  \n        delete[] dp;  \n    }  \n    return 0;  \n}')"
2025-01-23 15:52:23,320	[DEBUG]	EXEC>  SUCCESS 2558375.3125
2025-01-23 15:52:23,320	[INFO]	0-3     SUCCESS              *2558375.31 (28.20%) [1 edit(s)]  
2025-01-23 15:52:23,320	[DEBUG]	patch(0-3)="LineLLMMutation(('source.cpp', 2), '#include<iostream>  \n#include<cstdio>  \n#include<algorithm>  \n#include<vector>  \nusing namespace std;  \n\nint main(){  \n    for(int c=1,w; scanf("%d",&w), w; c++){  \n        int n;  \n        scanf("%d",&n);  \n        vector<vector<int>> tr(n+1, vector<int>(2));  \n\n        for(int i=1; i<=n; i++){  \n            scanf("%d,%d",&tr[i][0],&tr[i][1]);  \n        }  \n\n        vector<vector<int>> dp(w+1, vector<int>(n+1, 0));  \n\n        for(int i=1; i<=n; i++){  \n            for(int j=0; j<=w; j++){  \n                if(j>=tr[i][1]){  \n                    dp[j][i] = max(dp[j][i-1], dp[j-tr[i][1]][i-1]+tr[i][0]);  \n                } else {  \n                    dp[j][i] = dp[j][i-1];  \n                }  \n            }  \n        }  \n\n        int pr = dp[w][n], val;  \n        for(int j=0; j<=w; j++){  \n            if(pr == dp[j][n]){ val = j; break; }  \n        }  \n\n        printf("Case %d:\\n", c);  \n        printf("%d\\n%d\\n", pr, val);  \n    }  \n    return 0;  \n}')"

2025-01-23 15:52:24,992	[DEBUG]	EXEC>  SUCCESS 8880806.1875
2025-01-23 15:52:24,993	[INFO]	0-4     SUCCESS               8880806.19 (97.89%) [1 edit(s)]  
2025-01-23 15:52:24,993	[DEBUG]	patch(0-4)="LineLLMMutation(('source.cpp', 3), '#include<iostream>  \n#include<cstdio>  \n#include<algorithm>  \nusing namespace std;  \n\nint main(){  \n    for(int c=1,w; scanf("%d",&w), w; c++){  \n        int n;  \n        scanf("%d",&n);  \n        int tr[1001][2];  \n        for(int i=1; i<=n; i++){  \n            scanf("%d,%d",&tr[i][0],&tr[i][1]);  \n        }  \n\n        int dp[1001][1001] = {0};  \n        for(int i=1; i<=n; i++){  \n            for(int j=0; j<=w; j++){  \n                if(j>=tr[i][1]){  \n                    dp[j][i] = max(dp[j][i-1], dp[j-tr[i][1]][i-1]+tr[i][0]);  \n                } else {  \n                    dp[j][i] = dp[j][i-1];  \n                }  \n            }  \n        }  \n\n        int pr = dp[w][n], val;  \n        for(int j=0; j<=w; j++){  \n            if(pr == dp[j][n]){ val = j; break; }  \n        }  \n\n        printf("Case %d:\\n", c);  \n        printf("%d\\n%d\\n", pr, val);  \n    }  \n    return 0;  \n}')"
2025-01-23 15:52:26,551	[DEBUG]	EXEC>  SUCCESS 9020302.8125
2025-01-23 15:52:26,551	[INFO]	0-5     SUCCESS               9020302.81 (99.43%) [1 edit(s)]  
2025-01-23 15:52:26,551	[DEBUG]	patch(0-5)="LineLLMMutation(('source.cpp', 4), '#include<iostream>  \n#include<cstdio>  \n#include<algorithm>  \nusing namespace std;  \n\nint main(){  \n    for(int c=1,w; scanf("%d",&w), w; c++){  \n        int n;  \n        scanf("%d",&n);  \n        int tr[1001][2];  \n        for(int i=1; i<=n; i++){  \n            scanf("%d,%d", &tr[i][0], &tr[i][1]);  \n        }  \n\n        int dp[1001][1001] = {0};  \n        for(int i=1; i<=n; i++){  \n            for(int j=0; j<=w; j++){  \n                if(j>=tr[i][1]){  \n                    dp[j][i] = max(dp[j][i-1], dp[j-tr[i][1]][i-1]+tr[i][0]);  \n                } else {  \n                    dp[j][i] = dp[j][i-1];  \n                }  \n            }  \n        }  \n\n        int pr = dp[w][n], val;  \n        for(int j=0; j<=w; j++){  \n            if(pr == dp[j][n]){ val = j; break; }  \n        }  \n\n        printf("Case %d:\\n", c);  \n        printf("%d\\n%d\\n", pr, val);  \n    }  \n    return 0;  \n}')"
2025-01-23 15:52:28,107	[DEBUG]	EXEC>  SUCCESS 8999051.8125
2025-01-23 15:52:28,108	[INFO]	0-6     SUCCESS               8999051.81 (99.20%) [1 edit(s)]  
2025-01-23 15:52:28,108	[DEBUG]	patch(0-6)="LineLLMMutation(('source.cpp', 5), '#include<iostream>  \n#include<cstdio>  \n#include<algorithm>  \n#include<array>  \nusing namespace std;  \n\nint main(){  \n    for(int c=1,w; scanf("%d",&w), w; c++){  \n        int n;  \n        scanf("%d",&n);  \n        array<array<int, 2>, 1001> tr = {0};  \n        for(int i=1; i<=n; i++){  \n            scanf("%d,%d",&tr[i][0],&tr[i][1]);  \n        }  \n\n        array<array<int, 1001>, 1001> dp = {0};  \n        for(int i=1; i<=n; i++){  \n            for(int j=0; j<=w; j++){  \n                if(j>=tr[i][1]){  \n                    dp[j][i] = max(dp[j][i-1], dp[j-tr[i][1]][i-1]+tr[i][0]);  \n                } else {  \n                    dp[j][i] = dp[j][i-1];  \n                }  \n            }  \n        }  \n\n        int pr = dp[w][n], val;  \n        for(int j=0; j<=w; j++){  \n            if(pr == dp[j][n]){ val = j; break; }  \n        }  \n\n        printf("Case %d:\\n", c);  \n        printf("%d\\n%d\\n", pr, val);  \n    }  \n    return 0;  \n}')"
2025-01-23 15:52:29,662	[DEBUG]	EXEC>  SUCCESS 7894903.4375
2025-01-23 15:52:29,662	[INFO]	0-7     SUCCESS               7894903.44 (87.03%) [1 edit(s)]  
2025-01-23 15:52:29,662	[DEBUG]	patch(0-7)="LineLLMMutation(('source.cpp', 6), '#include<iostream>  \n#include<cstdio>  \n#include<algorithm>  \nusing namespace std;  \n\nint main(){  \n    for(int c=1,w; scanf("%d",&w), w; c++){  \n        int n;  \n        scanf("%d",&n);  \n        int tr[1001][2];  \n        for(int i=1; i<=n; i++){  \n            scanf("%d,%d",&tr[i][0],&tr[i][1]);  \n        }  \n\n        int dp[1001][1001];  \n        for(int i=0; i<=n; i++){  \n            for(int j=0; j<=w; j++){  \n                dp[j][i] = 0;  \n            }  \n        }  \n\n        for(int i=1; i<=n; i++){  \n            for(int j=0; j<=w; j++){  \n                if(j>=tr[i][1]){  \n                    dp[j][i] = max(dp[j][i-1], dp[j-tr[i][1]][i-1]+tr[i][0]);  \n                } else {  \n                    dp[j][i] = dp[j][i-1];  \n                }  \n            }  \n        }  \n\n        int pr = dp[w][n], val;  \n        for(int j=0; j<=w; j++){  \n            if(pr == dp[j][n]){ val = j; break; }  \n        }  \n\n        printf("Case %d:\\n", c);  \n        printf("%d\\n%d\\n", pr, val);  \n    }  \n    return 0;  \n}')"
2025-01-23 15:52:31,215	[DEBUG]	EXEC>  SUCCESS 8700464.9375
2025-01-23 15:52:31,216	[INFO]	0-8     SUCCESS               8700464.94 (95.91%) [1 edit(s)]  
2025-01-23 15:52:31,216	[DEBUG]	patch(0-8)="LineLLMMutation(('source.cpp', 7), '#include<iostream>  \n#include<cstdio>  \n#include<algorithm>  \nusing namespace std;  \n\nint main(){  \n    for(int c=1,w; scanf("%d",&w), w; c++){  \n        int n;  \n        scanf("%d",&n);  \n        int tr[1001][2];  \n        for(int i=1; i<=n; i++){  \n            scanf("%d,%d",&tr[i][0],&tr[i][1]);  \n        }  \n\n        int dp[1001][1001] = {0};  \n        for(int i=1; i<=n; i++){  \n            for(int j=0; j<=w; j++){  \n                if(j>=tr[i][1]){  \n                    dp[j][i] = max(dp[j][i-1], dp[j-tr[i][1]][i-1]+tr[i][0]);  \n                } else {  \n                    dp[j][i] = dp[j][i-1];  \n                }  \n            }  \n        }  \n\n        int pr = dp[w][n], val;  \n        for(int j=0; j<=w; j++){  \n            if(pr == dp[j][n]){ val = j; break; }  \n        }  \n\n        printf("Case %d:\\n", c);  \n        printf("%d\\n%d\\n", pr, val);  \n    }  \n    return 0;  \n}')"
2025-01-23 15:52:32,773	[DEBUG]	EXEC>  SUCCESS 8975657.75
2025-01-23 15:52:32,773	[INFO]	0-9     SUCCESS               8975657.75 (98.94%) [1 edit(s)]  
2025-01-23 15:52:32,773	[DEBUG]	patch(0-9)="LineLLMMutation(('source.cpp', 8), '#include<iostream>  \n#include<cstdio>  \n#include<algorithm>  \nusing namespace std;  \n\nint main(){  \n    int c = 1;  \n    for(int w; scanf("%d",&w), w; c++){  \n        int n;  \n        scanf("%d",&n);  \n        int tr[1001][2];  \n        for(int i=1; i<=n; i++){  \n            scanf("%d,%d",&tr[i][0],&tr[i][1]);  \n        }  \n\n        int dp[1001][1001] = {0};  \n        for(int i=1; i<=n; i++){  \n            for(int j=0; j<=w; j++){  \n                if(j>=tr[i][1]){  \n                    dp[j][i] = max(dp[j][i-1], dp[j-tr[i][1]][i-1]+tr[i][0]);  \n                } else {  \n                    dp[j][i] = dp[j][i-1];  \n                }  \n            }  \n        }  \n\n        int pr = dp[w][n], val;  \n        for(int j=0; j<=w; j++){  \n            if(pr == dp[j][n]){ val = j; break; }  \n        }  \n\n        printf("Case %d:\\n%d\\n%d\\n", c, pr, val);  \n    }  \n    return 0;  \n}')"
2025-01-23 15:52:34,326	[DEBUG]	EXEC>  SUCCESS 8516523.1875
2025-01-23 15:52:34,327	[INFO]	0-10    SUCCESS               8516523.19 (93.88%) [1 edit(s)]  
2025-01-23 15:52:34,327	[DEBUG]	patch(0-10)="LineLLMMutation(('source.cpp', 9), '#include<iostream>  \n#include<cstdio>  \n#include<algorithm>  \nusing namespace std;  \n\nint main(){  \n    for(int c=1,w; scanf("%d",&w), w; c++){  \n        int n;  \n        scanf("%d",&n);  \n        int tr[1001][2];  \n        for(int i=1; i<=n; i++){  \n            scanf("%d,%d",&tr[i][0],&tr[i][1]);  \n        }  \n\n        int dp[1001][1001] = {0};  \n        for(int i=1; i<=n; i++){  \n            for(int j=0; j<=w; j++){  \n                if(j>=tr[i][1]){  \n                    dp[j][i] = max(dp[j][i-1], dp[j-tr[i][1]][i-1]+tr[i][0]);  \n                } else {  \n                    dp[j][i] = dp[j][i-1];  \n                }  \n            }  \n        }  \n\n        int pr = dp[w][n], val = 0;  \n        for(int j=0; j<=w; j++){  \n            if(pr == dp[j][n]){ val = j; break; }  \n        }  \n\n        printf("Case %d:\\n%d\\n%d\\n", c, pr, val);  \n    }  \n    return 0;  \n}')"
2025-01-23 15:52:35,327	[INFO]	Step: 10
2025-01-23 15:52:35,327	[INFO]	Stop Steps: 100
2025-01-23 15:52:37,246	[DEBUG]	EXEC>  SUCCESS 10796352.0
2025-01-23 15:52:37,246	[INFO]	REF     SUCCESS               10796352.00 (--) [0 edit(s)]  
2025-01-23 15:52:37,246	[INFO]	Best patch: 2
2025-01-23 15:52:37,833	[DEBUG]	EXEC>  SUCCESS 2440712.625
2025-01-23 15:52:37,833	[INFO]	BEST    SUCCESS              *2440712.62 (22.61%) [0 edit(s)]  
2025-01-23 15:52:37,833	[INFO]	Best patch step: 2
2025-01-23 15:53:20,201	[INFO]	Step: 10
2025-01-23 15:53:20,201	[INFO]	Stop Steps: 100
2025-01-23 15:53:20,904	[DEBUG]	EXEC>  SUCCESS 2421704.8125
2025-01-23 15:53:20,905	[INFO]	1-1     SUCCESS              *2421704.81 (22.43%) [1 edit(s)]  
2025-01-23 15:53:20,905	[DEBUG]	patch(1-1)="LineLLMMutation(('source.cpp', 2), '#include<iostream>  \n#include<cstdio>  \n#include<algorithm>  \n#include<vector>  \nusing namespace std;  \n\nint main(){  \n    for(int c=1,w; scanf("%d",&w), w; c++){  \n        int n;  \n        scanf("%d",&n);  \n        vector<vector<int>> tr(n+1, vector<int>(2));  \n\n        for(int i=1; i<=n; i++){  \n            scanf("%d,%d",&tr[i][0],&tr[i][1]);  \n        }  \n\n        vector<vector<int>> dp(w+1, vector<int>(n+1, 0));  \n\n        for(int i=1; i<=n; i++){  \n            for(int j=0; j<=w; j++){  \n                if(j>=tr[i][1]){  \n                    dp[j][i] = max(dp[j][i-1], dp[j-tr[i][1]][i-1]+tr[i][0]);  \n                } else {  \n                    dp[j][i] = dp[j][i-1];  \n                }  \n            }  \n        }  \n\n        int pr = dp[w][n], val;  \n        for(int j=0; j<=w; j++){  \n            if(pr == dp[j][n]){ val = j; break; }  \n        }  \n\n        printf("Case %d:\\n", c);  \n        printf("%d\\n%d\\n", pr, val);  \n    }  \n    return 0;  \n}')"

2025-01-23 15:53:20,905	[INFO]	Step: 11
2025-01-23 15:53:20,905	[INFO]	Stop Steps: 100
2025-01-23 15:53:21,449	[DEBUG]	EXEC>  SUCCESS 7677074.25
2025-01-23 15:53:21,449	[INFO]	1-2     SUCCESS               7677074.25 (71.11%) [1 edit(s)]  
2025-01-23 15:53:21,449	[DEBUG]	patch(1-2)="LineLLMMutation(('source.cpp', 6), '#include<iostream>  \n#include<cstdio>  \n#include<algorithm>  \nusing namespace std;  \n\nint main(){  \n    for(int c=1,w; scanf("%d",&w), w; c++){  \n        int n;  \n        scanf("%d",&n);  \n        int tr[1001][2];  \n        for(int i=1; i<=n; i++){  \n            scanf("%d,%d",&tr[i][0],&tr[i][1]);  \n        }  \n\n        int dp[1001][1001];  \n        for(int i=0; i<=n; i++){  \n            for(int j=0; j<=w; j++){  \n                dp[j][i] = 0;  \n            }  \n        }  \n\n        for(int i=1; i<=n; i++){  \n            for(int j=0; j<=w; j++){  \n                if(j>=tr[i][1]){  \n                    dp[j][i] = max(dp[j][i-1], dp[j-tr[i][1]][i-1]+tr[i][0]);  \n                } else {  \n                    dp[j][i] = dp[j][i-1];  \n                }  \n            }  \n        }  \n\n        int pr = dp[w][n], val;  \n        for(int j=0; j<=w; j++){  \n            if(pr == dp[j][n]){ val = j; break; }  \n        }  \n\n        printf("Case %d:\\n", c);  \n        printf("%d\\n%d\\n", pr, val);  \n    }  \n    return 0;  \n}')"
2025-01-23 15:53:21,449	[INFO]	Step: 12
2025-01-23 15:53:21,449	[INFO]	Stop Steps: 100
2025-01-23 15:53:21,992	[DEBUG]	EXEC>  SUCCESS 8508314.5
2025-01-23 15:53:21,992	[INFO]	1-3     SUCCESS               8508314.50 (78.81%) [1 edit(s)]  
2025-01-23 15:53:21,992	[DEBUG]	patch(1-3)="LineLLMCrossover(('source.cpp', 0), '#include<iostream>  \n#include<cstdio>  \n#include<algorithm>  \nusing namespace std;  \n\nint main(){  \n    for(int c=1,w; scanf("%d",&w), w; c++){  \n        int n;  \n        scanf("%d",&n);  \n        int tr[1001][2];  \n        for(int i=1; i<=n; i++){  \n            scanf("%d,%d",&tr[i][0],&tr[i][1]);  \n        }  \n\n        int dp[1001][1001] = {0};  \n        for(int i=1; i<=n; i++){  \n            for(int j=0; j<=w; j++){  \n                if(j>=tr[i][1]){  \n                    dp[j][i] = max(dp[j][i-1], dp[j-tr[i][1]][i-1]+tr[i][0]);  \n                } else {  \n                    dp[j][i] = dp[j][i-1];  \n                }  \n            }  \n        }  \n\n        int pr = dp[w][n], val;  \n        for(int j=0; j<=w; j++){  \n            if(pr == dp[j][n]){ val = j; break; }  \n        }  \n\n        printf("Case %d:\\n", c);  \n        printf("%d\\n%d\\n", pr, val);  \n    }  \n    return 0;  \n}')"
2025-01-23 15:53:21,992	[INFO]	Step: 13
2025-01-23 15:53:21,992	[INFO]	Stop Steps: 100
2025-01-23 15:53:22,530	[DEBUG]	EXEC>  SUCCESS 8426455.75
2025-01-23 15:53:22,531	[INFO]	1-4     SUCCESS               8426455.75 (78.05%) [1 edit(s)]  
2025-01-23 15:53:22,531	[DEBUG]	patch(1-4)="LineLLMCrossover(('source.cpp', 1), '#include<iostream>  \n#include<cstdio>  \n#include<algorithm>  \nusing namespace std;  \n\nint main(){  \n    for(int c=1,w; scanf("%d",&w), w; c++){  \n        int n;  \n        scanf("%d",&n);  \n        int tr[1001][2];  \n        for(int i=1; i<=n; i++){  \n            scanf("%d,%d",&tr[i][0],&tr[i][1]);  \n        }  \n\n        int dp[1001][1001] = {0};  \n        for(int i=1; i<=n; i++){  \n            for(int j=0; j<=w; j++){  \n                if(j>=tr[i][1]){  \n                    dp[j][i] = max(dp[j][i-1], dp[j-tr[i][1]][i-1]+tr[i][0]);  \n                } else {  \n                    dp[j][i] = dp[j][i-1];  \n                }  \n            }  \n        }  \n\n        int pr = dp[w][n], val = 0;  \n        for(int j=0; j<=w; j++){  \n            if(pr == dp[j][n]){ val = j; break; }  \n        }  \n\n        printf("Case %d:\\n%d\\n%d\\n", c, pr, val);  \n    }  \n    return 0;  \n}')"
2025-01-23 15:53:22,531	[INFO]	Step: 14
2025-01-23 15:53:22,531	[INFO]	Stop Steps: 100
2025-01-23 15:53:23,113	[DEBUG]	EXEC>  SUCCESS 14630410.25
2025-01-23 15:53:23,113	[INFO]	1-5     SUCCESS               14630410.25 (135.51%) [1 edit(s)]  
2025-01-23 15:53:23,113	[DEBUG]	patch(1-5)="LineLLMCrossover(('source.cpp', 2), '#include<iostream>  \n#include<cstdio>  \n#include<algorithm>  \nusing namespace std;  \n\nint main(){  \n    for(int c=1,w; scanf("%d",&w), w; c++){  \n        int n;  \n        scanf("%d",&n);  \n        long long tr[1001][2];  \n        for(int i=1; i<=n; i++){  \n            scanf("%lld,%lld",&tr[i][0],&tr[i][1]);  \n        }  \n\n        long long dp[1001][1001] = {0};  \n        for(int i=1; i<=n; i++){  \n            for(int j=0; j<=w; j++){  \n                if(j>=tr[i][1]){  \n                    dp[j][i] = max(dp[j][i-1], dp[j-tr[i][1]][i-1]+tr[i][0]);  \n                } else {  \n                    dp[j][i] = dp[j][i-1];  \n                }  \n            }  \n        }  \n\n        long long pr = dp[w][n], val = 0;  \n        for(int j=0; j<=w; j++){  \n            if(pr == dp[j][n]){ val = j; break; }  \n        }  \n\n        printf("Case %d:\\n%lld\\n%lld\\n", c, pr, val);  \n    }  \n    return 0;  \n}')"
2025-01-23 15:53:23,113	[INFO]	Step: 15
2025-01-23 15:53:23,114	[INFO]	Stop Steps: 100
2025-01-23 15:53:23,653	[DEBUG]	EXEC>  SUCCESS 8783083.8125
2025-01-23 15:53:23,653	[INFO]	1-6     SUCCESS               8783083.81 (81.35%) [1 edit(s)]  
2025-01-23 15:53:23,653	[DEBUG]	patch(1-6)="LineLLMCrossover(('source.cpp', 3), '#include<iostream>  \n#include<cstdio>  \n#include<algorithm>  \nusing namespace std;  \n\nint main(){  \n    for(int c=1,w; scanf("%d",&w), w; c++){  \n        int n;  \n        scanf("%d",&n);  \n        int tr[1001][2];  \n        for(int i=1; i<=n; i++){  \n            scanf("%d,%d",&tr[i][0],&tr[i][1]);  \n        }  \n\n        int dp[1001][1001] = {0};  \n        for(int i=1; i<=n; i++){  \n            for(int j=0; j<=w; j++){  \n                if(j>=tr[i][1]){  \n                    dp[j][i] = max(dp[j][i-1], dp[j-tr[i][1]][i-1]+tr[i][0]);  \n                } else {  \n                    dp[j][i] = dp[j][i-1];  \n                }  \n            }  \n        }  \n\n        int pr = dp[w][n], val;  \n        for(int j=0; j<=w; j++){  \n            if(pr == dp[j][n]){ val = j; break; }  \n        }  \n\n        printf("Case %d:\\n", c);  \n        printf("%d\\n%d\\n", pr, val);  \n    }  \n    return 0;  \n}')"
2025-01-23 15:53:23,653	[INFO]	Step: 16
2025-01-23 15:53:23,653	[INFO]	Stop Steps: 100
2025-01-23 15:53:54,086	[INFO]	1-7     TEST_TIMEOUT          None (--) [2 edit(s)]  
2025-01-23 15:53:54,086	[DEBUG]	patch(1-7)="LineLLMMutation(('source.cpp', 2), '#include<iostream>  \n#include<cstdio>  \n#include<algorithm>  \n#include<vector>  \nusing namespace std;  \n\nint main(){  \n    for(int c=1,w; scanf("%d",&w), w; c++){  \n        int n;  \n        scanf("%d",&n);  \n        vector<vector<int>> tr(n+1, vector<int>(2));  \n\n        for(int i=1; i<=n; i++){  \n            scanf("%d,%d",&tr[i][0],&tr[i][1]);  \n        }  \n\n        vector<vector<int>> dp(w+1, vector<int>(n+1, 0));  \n\n        for(int i=1; i<=n; i++){  \n            for(int j=0; j<=w; j++){  \n                if(j>=tr[i][1]){  \n                    dp[j][i] = max(dp[j][i-1], dp[j-tr[i][1]][i-1]+tr[i][0]);  \n                } else {  \n                    dp[j][i] = dp[j][i-1];  \n                }  \n            }  \n        }  \n\n        int pr = dp[w][n], val;  \n        for(int j=0; j<=w; j++){  \n            if(pr == dp[j][n]){ val = j; break; }  \n        }  \n\n        printf("Case %d:\\n", c);  \n        printf("%d\\n%d\\n", pr, val);  \n    }  \n    return 0;  \n}') | LineLLMMutation(('source.cpp', 10), '#include <iostream>  \n#include <cstdio>  \n#include <algorithm>  \n#include <vector>  \nusing namespace std;  \n\nint main(){  \n    for(int c=1,w; scanf("%d",&w), w; c++){  \n        int n;  \n        scanf("%d",&n);  \n        vector<pair<int, int>> tr(n);  // Change to pair for simplicity\n\n        for(int i=0; i<n; i++){  \n            scanf("%d %d", &tr[i].first, &tr[i].second);  // Simplified input\n        }  \n\n        vector<vector<int>> dp(w+1, vector<int>(n+1, 0));  \n\n        for(int i=1; i<=n; i++){  \n            for(int j=0; j<=w; j++){  \n                if(j >= tr[i-1].second){  // Adjusted index for pair\n                    dp[j][i] = max(dp[j][i-1], dp[j-tr[i-1].second][i-1] + tr[i-1].first);  \n                } else {  \n                    dp[j][i] = dp[j][i-1];  \n                }  \n            }  \n        }  \n\n        int pr = dp[w][n], val;  \n        for(int j=0; j<=w; j++){  \n            if(pr == dp[j][n]){ val = j; break; }  \n        }  \n\n        printf("Case %d:\\n", c);  \n        printf("%d\\n%d\\n", pr, val);  \n    }  \n    return 0;  \n}')"
2025-01-23 15:53:54,086	[INFO]	Step: 17
2025-01-23 15:53:54,087	[INFO]	Stop Steps: 100
2025-01-23 15:54:24,491	[INFO]	1-8     TEST_TIMEOUT          None (--) [2 edit(s)]  
2025-01-23 15:54:24,492	[DEBUG]	patch(1-8)="LineLLMMutation(('source.cpp', 6), '#include<iostream>  \n#include<cstdio>  \n#include<algorithm>  \nusing namespace std;  \n\nint main(){  \n    for(int c=1,w; scanf("%d",&w), w; c++){  \n        int n;  \n        scanf("%d",&n);  \n        int tr[1001][2];  \n        for(int i=1; i<=n; i++){  \n            scanf("%d,%d",&tr[i][0],&tr[i][1]);  \n        }  \n\n        int dp[1001][1001];  \n        for(int i=0; i<=n; i++){  \n            for(int j=0; j<=w; j++){  \n                dp[j][i] = 0;  \n            }  \n        }  \n\n        for(int i=1; i<=n; i++){  \n            for(int j=0; j<=w; j++){  \n                if(j>=tr[i][1]){  \n                    dp[j][i] = max(dp[j][i-1], dp[j-tr[i][1]][i-1]+tr[i][0]);  \n                } else {  \n                    dp[j][i] = dp[j][i-1];  \n                }  \n            }  \n        }  \n\n        int pr = dp[w][n], val;  \n        for(int j=0; j<=w; j++){  \n            if(pr == dp[j][n]){ val = j; break; }  \n        }  \n\n        printf("Case %d:\\n", c);  \n        printf("%d\\n%d\\n", pr, val);  \n    }  \n    return 0;  \n}') | LineLLMMutation(('source.cpp', 11), '#include <iostream>\n#include <cstdio>\n#include <algorithm>\nusing namespace std;\n\nint main() {\n    for (int c = 1, w; scanf("%d", &w), w; c++) {\n        int n;\n        scanf("%d", &n);\n        int tr[1001][2];\n        for (int i = 1; i <= n; i++) {\n            scanf("%d%d", &tr[i][0], &tr[i][1]);  // Removed comma from format specifier\n        }\n\n        int dp[1001][1001];\n        for (int i = 0; i <= n; i++) {\n            for (int j = 0; j <= w; j++) {\n                dp[j][i] = 0;\n            }\n        }\n\n        for (int i = 1; i <= n; i++) {\n            for (int j = 0; j <= w; j++) {\n                if (j >= tr[i][1]) {\n                    dp[j][i] = max(dp[j][i - 1], dp[j - tr[i][1]][i - 1] + tr[i][0]);\n                } else {\n                    dp[j][i] = dp[j][i - 1];\n                }\n            }\n        }\n\n        int pr = dp[w][n], val;\n        for (int j = 0; j <= w; j++) {\n            if (pr == dp[j][n]) {\n                val = j;\n                break;\n            }\n        }\n\n        printf("Case %d:\\n", c);\n        printf("%d\\n%d\\n", pr, val);\n    }\n    return 0;\n}')"
2025-01-23 15:54:24,492	[INFO]	Step: 18
2025-01-23 15:54:24,492	[INFO]	Stop Steps: 100
2025-01-23 15:54:25,291	[DEBUG]	EXEC>  SUCCESS 9688787.125
2025-01-23 15:54:25,292	[INFO]	1-9     SUCCESS               9688787.12 (89.74%) [2 edit(s)]  
2025-01-23 15:54:25,292	[DEBUG]	patch(1-9)="LineLLMMutation(('source.cpp', 9), '#include<iostream>  \n#include<cstdio>  \n#include<algorithm>  \nusing namespace std;  \n\nint main(){  \n    for(int c=1,w; scanf("%d",&w), w; c++){  \n        int n;  \n        scanf("%d",&n);  \n        int tr[1001][2];  \n        for(int i=1; i<=n; i++){  \n            scanf("%d,%d",&tr[i][0],&tr[i][1]);  \n        }  \n\n        int dp[1001][1001] = {0};  \n        for(int i=1; i<=n; i++){  \n            for(int j=0; j<=w; j++){  \n                if(j>=tr[i][1]){  \n                    dp[j][i] = max(dp[j][i-1], dp[j-tr[i][1]][i-1]+tr[i][0]);  \n                } else {  \n                    dp[j][i] = dp[j][i-1];  \n                }  \n            }  \n        }  \n\n        int pr = dp[w][n], val = 0;  \n        for(int j=0; j<=w; j++){  \n            if(pr == dp[j][n]){ val = j; break; }  \n        }  \n\n        printf("Case %d:\\n%d\\n%d\\n", c, pr, val);  \n    }  \n    return 0;  \n}') | LineLLMMutation(('source.cpp', 12), '#include <iostream>  \n#include <cstdio>  \n#include <algorithm>  \n#include <vector>  \n#include <sstream>  \nusing namespace std;  \n\nint main(){  \n    ios::sync_with_stdio(false); // Optimize input/output speed\n    cin.tie(nullptr); // Untie cin from cout\n\n    string line;  \n    for(int c=1,w; cin >> w && w; c++){  \n        int n;  \n        cin >> n;  \n        vector<pair<int, int>> tr(n);  \n        for(int i=0; i<n; i++){  \n            cin >> tr[i].first;  \n            cin.ignore(1); // Ignore the comma\n            cin >> tr[i].second;  \n        }  \n\n        int dp[1001][1001] = {0};  \n        for(int i=1; i<=n; i++){  \n            for(int j=0; j<=w; j++){  \n                if(j >= tr[i-1].second){  \n                    dp[j][i] = max(dp[j][i-1], dp[j-tr[i-1].second][i-1] + tr[i-1].first);  \n                } else {  \n                    dp[j][i] = dp[j][i-1];  \n                }  \n            }  \n        }  \n\n        int pr = dp[w][n], val = 0;  \n        for(int j=0; j<=w; j++){  \n            if(pr == dp[j][n]){ val = j; break; }  \n        }  \n\n        printf("Case %d:\\n%d\\n%d\\n", c, pr, val);  \n    }  \n    return 0;  \n}')"
2025-01-23 15:54:25,292	[INFO]	Step: 19
2025-01-23 15:54:25,292	[INFO]	Stop Steps: 100
2025-01-23 15:54:55,658	[INFO]	1-10    TEST_TIMEOUT          None (--) [2 edit(s)]  
2025-01-23 15:54:55,659	[DEBUG]	patch(1-10)="LineLLMMutation(('source.cpp', 7), '#include<iostream>  \n#include<cstdio>  \n#include<algorithm>  \nusing namespace std;  \n\nint main(){  \n    for(int c=1,w; scanf("%d",&w), w; c++){  \n        int n;  \n        scanf("%d",&n);  \n        int tr[1001][2];  \n        for(int i=1; i<=n; i++){  \n            scanf("%d,%d",&tr[i][0],&tr[i][1]);  \n        }  \n\n        int dp[1001][1001] = {0};  \n        for(int i=1; i<=n; i++){  \n            for(int j=0; j<=w; j++){  \n                if(j>=tr[i][1]){  \n                    dp[j][i] = max(dp[j][i-1], dp[j-tr[i][1]][i-1]+tr[i][0]);  \n                } else {  \n                    dp[j][i] = dp[j][i-1];  \n                }  \n            }  \n        }  \n\n        int pr = dp[w][n], val;  \n        for(int j=0; j<=w; j++){  \n            if(pr == dp[j][n]){ val = j; break; }  \n        }  \n\n        printf("Case %d:\\n", c);  \n        printf("%d\\n%d\\n", pr, val);  \n    }  \n    return 0;  \n}') | LineLLMMutation(('source.cpp', 13), '#include<iostream>  \n#include<cstdio>  \n#include<algorithm>  \nusing namespace std;  \n\nint main(){  \n    for(int c=1,w; scanf("%d",&w), w; c++){  \n        int n;  \n        scanf("%d",&n);  \n        int tr[1001][2];  \n        for(int i=1; i<=n; i++){  \n            scanf("%d%d",&tr[i][0],&tr[i][1]);  // Changed from "%d,%d" to "%d%d"\n        }  \n\n        int dp[1001][1001] = {0};  \n        for(int i=1; i<=n; i++){  \n            for(int j=0; j<=w; j++){  \n                if(j>=tr[i][1]){  \n                    dp[j][i] = max(dp[j][i-1], dp[j-tr[i][1]][i-1]+tr[i][0]);  \n                } else {  \n                    dp[j][i] = dp[j][i-1];  \n                }  \n            }  \n        }  \n\n        int pr = dp[w][n], val;  \n        for(int j=0; j<=w; j++){  \n            if(pr == dp[j][n]){ val = j; break; }  \n        }  \n\n        printf("Case %d:\\n", c);  \n        printf("%d\\n%d\\n", pr, val);  \n    }  \n    return 0;  \n}')"
2025-01-23 15:54:55,659	[INFO]	Step: 20
2025-01-23 15:54:55,659	[INFO]	Stop Steps: 100
2025-01-23 15:54:57,360	[DEBUG]	EXEC>  SUCCESS 8680414.0625
2025-01-23 15:54:57,360	[INFO]	REF     SUCCESS               8680414.06 (--) [0 edit(s)]  
2025-01-23 15:54:57,360	[INFO]	Best patch: 2
2025-01-23 15:54:57,945	[DEBUG]	EXEC>  SUCCESS 2492435.5
2025-01-23 15:54:57,945	[INFO]	BEST    SUCCESS              *2492435.50 (28.71%) [0 edit(s)]  
2025-01-23 15:54:57,945	[INFO]	Best patch step: 10
2025-01-23 15:55:43,261	[INFO]	Step: 20
2025-01-23 15:55:43,261	[INFO]	Stop Steps: 100
2025-01-23 15:55:43,970	[DEBUG]	EXEC>  SUCCESS 2411933.875
2025-01-23 15:55:43,970	[INFO]	2-1     SUCCESS              *2411933.88 (27.79%) [1 edit(s)]  
2025-01-23 15:55:43,971	[DEBUG]	patch(2-1)="LineLLMMutation(('source.cpp', 2), '#include<iostream>  \n#include<cstdio>  \n#include<algorithm>  \n#include<vector>  \nusing namespace std;  \n\nint main(){  \n    for(int c=1,w; scanf("%d",&w), w; c++){  \n        int n;  \n        scanf("%d",&n);  \n        vector<vector<int>> tr(n+1, vector<int>(2));  \n\n        for(int i=1; i<=n; i++){  \n            scanf("%d,%d",&tr[i][0],&tr[i][1]);  \n        }  \n\n        vector<vector<int>> dp(w+1, vector<int>(n+1, 0));  \n\n        for(int i=1; i<=n; i++){  \n            for(int j=0; j<=w; j++){  \n                if(j>=tr[i][1]){  \n                    dp[j][i] = max(dp[j][i-1], dp[j-tr[i][1]][i-1]+tr[i][0]);  \n                } else {  \n                    dp[j][i] = dp[j][i-1];  \n                }  \n            }  \n        }  \n\n        int pr = dp[w][n], val;  \n        for(int j=0; j<=w; j++){  \n            if(pr == dp[j][n]){ val = j; break; }  \n        }  \n\n        printf("Case %d:\\n", c);  \n        printf("%d\\n%d\\n", pr, val);  \n    }  \n    return 0;  \n}')"

2025-01-23 15:55:43,971	[INFO]	Step: 21
2025-01-23 15:55:43,971	[INFO]	Stop Steps: 100
2025-01-23 15:55:44,515	[DEBUG]	EXEC>  SUCCESS 7817882.6875
2025-01-23 15:55:44,516	[INFO]	2-2     SUCCESS               7817882.69 (90.06%) [1 edit(s)]  
2025-01-23 15:55:44,516	[DEBUG]	patch(2-2)="LineLLMMutation(('source.cpp', 6), '#include<iostream>  \n#include<cstdio>  \n#include<algorithm>  \nusing namespace std;  \n\nint main(){  \n    for(int c=1,w; scanf("%d",&w), w; c++){  \n        int n;  \n        scanf("%d",&n);  \n        int tr[1001][2];  \n        for(int i=1; i<=n; i++){  \n            scanf("%d,%d",&tr[i][0],&tr[i][1]);  \n        }  \n\n        int dp[1001][1001];  \n        for(int i=0; i<=n; i++){  \n            for(int j=0; j<=w; j++){  \n                dp[j][i] = 0;  \n            }  \n        }  \n\n        for(int i=1; i<=n; i++){  \n            for(int j=0; j<=w; j++){  \n                if(j>=tr[i][1]){  \n                    dp[j][i] = max(dp[j][i-1], dp[j-tr[i][1]][i-1]+tr[i][0]);  \n                } else {  \n                    dp[j][i] = dp[j][i-1];  \n                }  \n            }  \n        }  \n\n        int pr = dp[w][n], val;  \n        for(int j=0; j<=w; j++){  \n            if(pr == dp[j][n]){ val = j; break; }  \n        }  \n\n        printf("Case %d:\\n", c);  \n        printf("%d\\n%d\\n", pr, val);  \n    }  \n    return 0;  \n}')"
2025-01-23 15:55:44,516	[INFO]	Step: 22
2025-01-23 15:55:44,516	[INFO]	Stop Steps: 100
2025-01-23 15:55:45,126	[DEBUG]	EXEC>  SUCCESS 8608420.5625
2025-01-23 15:55:45,126	[INFO]	2-3     SUCCESS               8608420.56 (99.17%) [1 edit(s)]  
2025-01-23 15:55:45,126	[DEBUG]	patch(2-3)="LineLLMCrossover(('source.cpp', 4), '#include<iostream>  \n#include<cstdio>  \n#include<algorithm>  \n#include<vector>  \nusing namespace std;  \n\nint main(){  \n    for(int c=1,w; scanf("%d",&w), w; c++){  \n        int n;  \n        scanf("%d",&n);  \n        vector<vector<int>> tr(n+1, vector<int>(2));  \n        \n        for(int i=1; i<=n; i++){  \n            scanf("%d,%d",&tr[i][0],&tr[i][1]);  \n        }  \n\n        int dp[1001][1001] = {0};  \n        for(int i=1; i<=n; i++){  \n            for(int j=0; j<=w; j++){  \n                if(j>=tr[i][1]){  \n                    dp[j][i] = max(dp[j][i-1], dp[j-tr[i][1]][i-1]+tr[i][0]);  \n                } else {  \n                    dp[j][i] = dp[j][i-1];  \n                }  \n            }  \n        }  \n\n        int pr = dp[w][n], val;  \n        for(int j=0; j<=w; j++){  \n            if(pr == dp[j][n]){ val = j; break; }  \n        }  \n\n        printf("Case %d:\\n", c);  \n        printf("%d\\n%d\\n", pr, val);  \n    }  \n    return 0;  \n}')"
2025-01-23 15:55:45,126	[INFO]	Step: 23
2025-01-23 15:55:45,126	[INFO]	Stop Steps: 100
2025-01-23 15:55:45,669	[DEBUG]	EXEC>  SUCCESS 8784954.25
2025-01-23 15:55:45,669	[INFO]	2-4     SUCCESS               8784954.25 (101.20%) [1 edit(s)]  
2025-01-23 15:55:45,669	[DEBUG]	patch(2-4)="LineLLMCrossover(('source.cpp', 5), '#include<iostream>  \n#include<cstdio>  \n#include<algorithm>  \nusing namespace std;  \n\nint main(){  \n    for(int c=1,w; scanf("%d",&w), w; c++){  \n        int n;  \n        scanf("%d",&n);  \n        int tr[1001][2];  \n        for(int i=1; i<=n; i++){  \n            scanf("%d,%d",&tr[i][0],&tr[i][1]);  \n        }  \n\n        int dp[1001][1001] = {0};  \n        for(int i=1; i<=n; i++){  \n            for(int j=0; j<=w; j++){  \n                if(j>=tr[i][1]){  \n                    dp[j][i] = max(dp[j][i-1], dp[j-tr[i][1]][i-1]+tr[i][0]);  \n                } else {  \n                    dp[j][i] = dp[j][i-1];  \n                }  \n            }  \n        }  \n\n        int pr = dp[w][n], val;  \n        for(int j=0; j<=w; j++){  \n            if(pr == dp[j][n]){ val = j; break; }  \n        }  \n\n        printf("Case %d:\\n", c);  \n        printf("%d\\n%d\\n", pr, val);  \n    }  \n    return 0;  \n}')"
2025-01-23 15:55:45,670	[INFO]	Step: 24
2025-01-23 15:55:45,670	[INFO]	Stop Steps: 100
2025-01-23 15:55:46,218	[DEBUG]	EXEC>  SUCCESS 8835327.625
2025-01-23 15:55:46,218	[INFO]	2-5     SUCCESS               8835327.62 (101.78%) [1 edit(s)]  
2025-01-23 15:55:46,218	[DEBUG]	patch(2-5)="LineLLMCrossover(('source.cpp', 6), '#include<iostream>  \n#include<cstdio>  \n#include<algorithm>  \nusing namespace std;  \n\nint main(){  \n    for(int c=1,w; scanf("%d",&w), w; c++){  \n        int n;  \n        scanf("%d",&n);  \n        int tr[1001][2];  \n        for(int i=1; i<=n; i++){  \n            scanf("%d,%d",&tr[i][0],&tr[i][1]);  \n        }  \n\n        int dp[1001][1001] = {0};  \n        for(int i=1; i<=n; i++){  \n            for(int j=0; j<=w; j++){  \n                if(j>=tr[i][1]){  \n                    dp[j][i] = max(dp[j][i-1], dp[j-tr[i][1]][i-1]+tr[i][0]);  \n                } else {  \n                    dp[j][i] = dp[j][i-1];  \n                }  \n            }  \n        }  \n\n        int pr = dp[w][n], val = 0;  \n        for(int j=0; j<=w; j++){  \n            if(pr == dp[j][n]){ val = j; break; }  \n        }  \n\n        printf("Case %d:\\n", c);  \n        printf("%d\\n%d\\n", pr, val);  \n    }  \n    return 0;  \n}')"
2025-01-23 15:55:46,218	[INFO]	Step: 25
2025-01-23 15:55:46,218	[INFO]	Stop Steps: 100
2025-01-23 15:55:46,764	[DEBUG]	EXEC>  SUCCESS 8681849.875
2025-01-23 15:55:46,765	[INFO]	2-6     SUCCESS               8681849.88 (100.02%) [1 edit(s)]  
2025-01-23 15:55:46,765	[DEBUG]	patch(2-6)="LineLLMCrossover(('source.cpp', 7), '#include<iostream>  \n#include<cstdio>  \n#include<algorithm>  \nusing namespace std;  \n\nint main(){  \n    for(int c=1,w; scanf("%d",&w), w; c++){  \n        int n;  \n        scanf("%d",&n);  \n        int tr[1001][2];  \n        for(int i=1; i<=n; i++){  \n            scanf("%d,%d",&tr[i][0],&tr[i][1]);  \n        }  \n\n        int dp[1001][1001] = {0};  \n        for(int i=1; i<=n; i++){  \n            for(int j=0; j<=w; j++){  \n                if(j>=tr[i][1]){  \n                    dp[j][i] = max(dp[j][i-1], dp[j-tr[i][1]][i-1]+tr[i][0]);  \n                } else {  \n                    dp[j][i] = dp[j][i-1];  \n                }  \n            }  \n        }  \n\n        int pr = dp[w][n], val;  \n        for(int j=0; j<=w; j++){  \n            if(pr == dp[j][n]){ val = j; break; }  \n        }  \n\n        printf("Case %d:\\n", c);  \n        printf("%d\\n%d\\n", pr, val);  \n    }  \n    return 0;  \n}')"
2025-01-23 15:55:46,765	[INFO]	Step: 26
2025-01-23 15:55:46,765	[INFO]	Stop Steps: 100
2025-01-23 15:56:17,192	[INFO]	2-7     TEST_TIMEOUT          None (--) [2 edit(s)]  
2025-01-23 15:56:17,192	[DEBUG]	patch(2-7)="LineLLMMutation(('source.cpp', 2), '#include<iostream>  \n#include<cstdio>  \n#include<algorithm>  \n#include<vector>  \nusing namespace std;  \n\nint main(){  \n    for(int c=1,w; scanf("%d",&w), w; c++){  \n        int n;  \n        scanf("%d",&n);  \n        vector<vector<int>> tr(n+1, vector<int>(2));  \n\n        for(int i=1; i<=n; i++){  \n            scanf("%d,%d",&tr[i][0],&tr[i][1]);  \n        }  \n\n        vector<vector<int>> dp(w+1, vector<int>(n+1, 0));  \n\n        for(int i=1; i<=n; i++){  \n            for(int j=0; j<=w; j++){  \n                if(j>=tr[i][1]){  \n                    dp[j][i] = max(dp[j][i-1], dp[j-tr[i][1]][i-1]+tr[i][0]);  \n                } else {  \n                    dp[j][i] = dp[j][i-1];  \n                }  \n            }  \n        }  \n\n        int pr = dp[w][n], val;  \n        for(int j=0; j<=w; j++){  \n            if(pr == dp[j][n]){ val = j; break; }  \n        }  \n\n        printf("Case %d:\\n", c);  \n        printf("%d\\n%d\\n", pr, val);  \n    }  \n    return 0;  \n}') | LineLLMMutation(('source.cpp', 14), '#include<iostream>  \n#include<cstdio>  \n#include<algorithm>  \n#include<vector>  \nusing namespace std;  \n\nint main(){  \n    for(int c=1,w; scanf("%d",&w), w; c++){  \n        int n;  \n        scanf("%d",&n);  \n        vector<vector<int>> tr(n+1, vector<int>(2));  \n\n        for(int i=1; i<=n; i++){  \n            scanf("%d%d",&tr[i][0],&tr[i][1]);  // Changed from scanf("%d,%d",...) to scanf("%d%d",...)  \n        }  \n\n        vector<vector<int>> dp(w+1, vector<int>(n+1, 0));  \n\n        for(int i=1; i<=n; i++){  \n            for(int j=0; j<=w; j++){  \n                if(j>=tr[i][1]){  \n                    dp[j][i] = max(dp[j][i-1], dp[j-tr[i][1]][i-1]+tr[i][0]);  \n                } else {  \n                    dp[j][i] = dp[j][i-1];  \n                }  \n            }  \n        }  \n\n        int pr = dp[w][n], val;  \n        for(int j=0; j<=w; j++){  \n            if(pr == dp[j][n]){ val = j; break; }  \n        }  \n\n        printf("Case %d:\\n", c);  \n        printf("%d\\n%d\\n", pr, val);  \n    }  \n    return 0;  \n}')"
2025-01-23 15:56:17,192	[INFO]	Step: 27
2025-01-23 15:56:17,193	[INFO]	Stop Steps: 100
2025-01-23 15:56:17,881	[DEBUG]	EXEC>  SUCCESS 2393585.3125
2025-01-23 15:56:17,882	[INFO]	2-8     SUCCESS              *2393585.31 (27.57%) [2 edit(s)]  
2025-01-23 15:56:17,882	[DEBUG]	patch(2-8)="LineLLMMutation(('source.cpp', 6), '#include<iostream>  \n#include<cstdio>  \n#include<algorithm>  \nusing namespace std;  \n\nint main(){  \n    for(int c=1,w; scanf("%d",&w), w; c++){  \n        int n;  \n        scanf("%d",&n);  \n        int tr[1001][2];  \n        for(int i=1; i<=n; i++){  \n            scanf("%d,%d",&tr[i][0],&tr[i][1]);  \n        }  \n\n        int dp[1001][1001];  \n        for(int i=0; i<=n; i++){  \n            for(int j=0; j<=w; j++){  \n                dp[j][i] = 0;  \n            }  \n        }  \n\n        for(int i=1; i<=n; i++){  \n            for(int j=0; j<=w; j++){  \n                if(j>=tr[i][1]){  \n                    dp[j][i] = max(dp[j][i-1], dp[j-tr[i][1]][i-1]+tr[i][0]);  \n                } else {  \n                    dp[j][i] = dp[j][i-1];  \n                }  \n            }  \n        }  \n\n        int pr = dp[w][n], val;  \n        for(int j=0; j<=w; j++){  \n            if(pr == dp[j][n]){ val = j; break; }  \n        }  \n\n        printf("Case %d:\\n", c);  \n        printf("%d\\n%d\\n", pr, val);  \n    }  \n    return 0;  \n}') | LineLLMMutation(('source.cpp', 15), '#include<iostream>  \n#include<cstdio>  \n#include<algorithm>  \nusing namespace std;  \n\nint main(){  \n    for(int c=1,w; scanf("%d",&w), w; c++){  \n        int n;  \n        scanf("%d",&n);  \n        int tr[1001][2];  \n        for(int i=1; i<=n; i++){  \n            scanf("%d,%d",&tr[i][0],&tr[i][1]);  \n        }  \n\n        int dp[1001] = {0}; // Change to 1D array for optimization\n        for(int i=1; i<=n; i++){  \n            for(int j=w; j>=tr[i][1]; j--){ // Traverse backwards to avoid overwriting\n                dp[j] = max(dp[j], dp[j-tr[i][1]] + tr[i][0]);  \n            }  \n        }  \n\n        int pr = dp[w], val;  \n        for(int j=0; j<=w; j++){  \n            if(pr == dp[j]){ val = j; break; }  \n        }  \n\n        printf("Case %d:\\n", c);  \n        printf("%d\\n%d\\n", pr, val);  \n    }  \n    return 0;  \n}')"

2025-01-23 15:56:17,882	[INFO]	Step: 28
2025-01-23 15:56:17,882	[INFO]	Stop Steps: 100
2025-01-23 15:56:18,393	[DEBUG]	EXEC>  SUCCESS 2400121.9375
2025-01-23 15:56:18,393	[INFO]	2-9     SUCCESS               2400121.94 (27.65%) [2 edit(s)]  
2025-01-23 15:56:18,393	[DEBUG]	patch(2-9)="LineLLMCrossover(('source.cpp', 1), '#include<iostream>  \n#include<cstdio>  \n#include<algorithm>  \nusing namespace std;  \n\nint main(){  \n    for(int c=1,w; scanf("%d",&w), w; c++){  \n        int n;  \n        scanf("%d",&n);  \n        int tr[1001][2];  \n        for(int i=1; i<=n; i++){  \n            scanf("%d,%d",&tr[i][0],&tr[i][1]);  \n        }  \n\n        int dp[1001][1001] = {0};  \n        for(int i=1; i<=n; i++){  \n            for(int j=0; j<=w; j++){  \n                if(j>=tr[i][1]){  \n                    dp[j][i] = max(dp[j][i-1], dp[j-tr[i][1]][i-1]+tr[i][0]);  \n                } else {  \n                    dp[j][i] = dp[j][i-1];  \n                }  \n            }  \n        }  \n\n        int pr = dp[w][n], val = 0;  \n        for(int j=0; j<=w; j++){  \n            if(pr == dp[j][n]){ val = j; break; }  \n        }  \n\n        printf("Case %d:\\n%d\\n%d\\n", c, pr, val);  \n    }  \n    return 0;  \n}') | LineLLMMutation(('source.cpp', 16), '#include <iostream>  \n#include <cstdio>  \n#include <algorithm>  \nusing namespace std;  \n\nint main(){  \n    for(int c=1, w; scanf("%d", &w), w; c++){  \n        int n;  \n        scanf("%d", &n);  \n        int tr[1001][2];  \n        for(int i=1; i<=n; i++){  \n            scanf("%d,%d", &tr[i][0], &tr[i][1]);  \n        }  \n\n        int dp[1001] = {0};  // Reduce from 2D to 1D array\n        for(int i=1; i<=n; i++){  \n            for(int j=w; j>=tr[i][1]; j--){  // Reverse order to avoid overwriting\n                dp[j] = max(dp[j], dp[j - tr[i][1]] + tr[i][0]);  \n            }  \n        }  \n\n        int pr = dp[w], val = 0;  \n        for(int j=0; j<=w; j++){  \n            if(pr == dp[j]){ val = j; break; }  \n        }  \n\n        printf("Case %d:\\n%d\\n%d\\n", c, pr, val);  \n    }  \n    return 0;  \n}')"
2025-01-23 15:56:18,393	[INFO]	Step: 29
2025-01-23 15:56:18,393	[INFO]	Stop Steps: 100
2025-01-23 15:56:18,906	[DEBUG]	EXEC>  SUCCESS 2384325.875
2025-01-23 15:56:18,907	[INFO]	2-10    SUCCESS              *2384325.88 (27.47%) [2 edit(s)]  
2025-01-23 15:56:18,907	[DEBUG]	patch(2-10)="LineLLMCrossover(('source.cpp', 0), '#include<iostream>  \n#include<cstdio>  \n#include<algorithm>  \nusing namespace std;  \n\nint main(){  \n    for(int c=1,w; scanf("%d",&w), w; c++){  \n        int n;  \n        scanf("%d",&n);  \n        int tr[1001][2];  \n        for(int i=1; i<=n; i++){  \n            scanf("%d,%d",&tr[i][0],&tr[i][1]);  \n        }  \n\n        int dp[1001][1001] = {0};  \n        for(int i=1; i<=n; i++){  \n            for(int j=0; j<=w; j++){  \n                if(j>=tr[i][1]){  \n                    dp[j][i] = max(dp[j][i-1], dp[j-tr[i][1]][i-1]+tr[i][0]);  \n                } else {  \n                    dp[j][i] = dp[j][i-1];  \n                }  \n            }  \n        }  \n\n        int pr = dp[w][n], val;  \n        for(int j=0; j<=w; j++){  \n            if(pr == dp[j][n]){ val = j; break; }  \n        }  \n\n        printf("Case %d:\\n", c);  \n        printf("%d\\n%d\\n", pr, val);  \n    }  \n    return 0;  \n}') | LineLLMMutation(('source.cpp', 17), '#include<iostream>  \n#include<cstdio>  \n#include<algorithm>  \nusing namespace std;  \n\nint main(){  \n    for(int c=1,w; scanf("%d",&w), w; c++){  \n        int n;  \n        scanf("%d",&n);  \n        int tr[1001][2];  \n        for(int i=1; i<=n; i++){  \n            scanf("%d,%d",&tr[i][0],&tr[i][1]);  \n        }  \n\n        int dp[1001] = {0};  \n        for(int i=1; i<=n; i++){  \n            for(int j=w; j>=tr[i][1]; j--){  \n                dp[j] = max(dp[j], dp[j-tr[i][1]] + tr[i][0]);  \n            }  \n        }  \n\n        int pr = dp[w], val;  \n        for(int j=0; j<=w; j++){  \n            if(pr == dp[j]){ val = j; break; }  \n        }  \n\n        printf("Case %d:\\n", c);  \n        printf("%d\\n%d\\n", pr, val);  \n    }  \n    return 0;  \n}')"

2025-01-23 15:56:18,907	[INFO]	Step: 30
2025-01-23 15:56:18,907	[INFO]	Stop Steps: 100
2025-01-23 15:56:20,476	[DEBUG]	EXEC>  SUCCESS 8920951.375
2025-01-23 15:56:20,476	[INFO]	REF     SUCCESS               8920951.38 (--) [0 edit(s)]  
2025-01-23 15:56:20,476	[INFO]	Best patch: 0_17
2025-01-23 15:56:20,987	[DEBUG]	EXEC>  SUCCESS 2414916.0625
2025-01-23 15:56:20,987	[INFO]	BEST    SUCCESS              *2414916.06 (27.07%) [0 edit(s)]  
2025-01-23 15:56:20,987	[INFO]	Best patch step: 29
2025-01-23 15:57:08,270	[INFO]	~~~~ END ~~~~
2025-01-23 15:57:08,271	[INFO]	Best patch step: 29
