2025-02-24 17:40:20,102	[DEBUG]	==== CONFIG ====
[magpie]
import = 
seed = 8610839316124082
log_dir = _magpie_logs
work_dir = _magpie_work
local_original_copy = True
local_original_name = __original__
output_encoding = ascii
edit_retries = 10
default_timeout = 30
default_lengthout = 10000.0
diff_method = unified
trust_local_filesystem = True

[magpie.log]
color_output = True
format_info = {counter:<7} {status:<20} {best}{fitness} ({ratio}) [{size}] {cached} {log}
format_debug = patch({counter})="{patch}"{diffifbest}
format_fitness = {:.2f}
format_ratio = {:.2%%}
format_patchif = 
	 --> {patch}
format_diffif = 
	{diff}

[software]
path = dataset/magpie_dataset/train/0028
target_files = 
	source.cpp
software = BasicSoftware
model_rules = 
	*.params : ParamFileConfigModel
	*.xml : SrcmlModel
	* : LineModel
model_config = 
	*.params : [paramconfig]
	*.xml : [srcml]
init_cmd = 
init_timeout = 60
init_lengthout = -1
setup_cmd = bash setup.sh
setup_timeout = 
setup_lengthout = 
compile_cmd = bash compile.sh
compile_timeout = 
compile_lengthout = 
test_cmd = bash test.sh
test_timeout = 
test_lengthout = 
run_cmd = bash run.sh
run_timeout = 3
run_lengthout = 
batch_timeout = 
batch_lengthout = 
batch_bin_fitness_strategy = aggregate
batch_fitness_strategy = sum
fitness = time

[srcml]
rename = 
	stmt: break continue decl_stmt do expr_stmt for goto if return switch while
	number: literal_number
focus = block stmt operator_comp operator_arith number
internodes = block
process_pseudo_blocks = True
process_literals = True
process_operators = True

[paramconfig]
timing = test run
cli_prefix = --
cli_glue = =
cli_boolean = show
cli_boolean_prefix_true = 
cli_boolean_prefix_false = no-
cli_none = hide
silent_prefix = @
silent_suffix = $

[search]
protocol = BasicProtocol
algorithm = GeneticProgrammingLLM
possible_edits = 
	LineLLMMutation
	LineLLMCrossover
	LineDeletion
	LineInsertion
	LineReplacement
llm_prob = 1.0
warmup = 5
warmup_strategy = last
max_steps = 50
max_time = 20000
target_fitness = 
cache_maxsize = 100
cache_keep = 0.2
batch_instances = 
batch_shuffle = True
batch_bin_shuffle = False
batch_sample_size = 1

[search.ls]
delete_prob = 0.5
max_neighbours = 
when_trapped = continue
accept_fail = False
tabu_length = 10

[search.gp]
pop_size = 10
delete_prob = 0.0
offspring_elitism = 0.2
offspring_crossover = 0.4
offspring_mutation = 0.4
uniform_rate = 0.5
batch_reset = True
llm_type = baseline

[search.minify]
do_cleanup = True
do_rebuild = True
do_simplify = True
round_robin_limit = 3


2025-02-24 17:40:20,102	[DEBUG]	
2025-02-24 17:40:20,102	[INFO]	==== SEARCH: GeneticProgrammingLLM ====
2025-02-24 17:40:20,102	[INFO]	~~~~ WARMUP ~~~~
2025-02-24 17:40:21,178	[DEBUG]	EXEC>  SUCCESS 3109209.5
2025-02-24 17:40:21,179	[INFO]	WARM    SUCCESS               3109209.50 (--) [0 edit(s)]  
2025-02-24 17:40:21,790	[DEBUG]	EXEC>  SUCCESS 3109119.5
2025-02-24 17:40:21,790	[INFO]	WARM    SUCCESS               3109119.50 (--) [0 edit(s)]  
2025-02-24 17:40:22,410	[DEBUG]	EXEC>  SUCCESS 3109119.5
2025-02-24 17:40:22,410	[INFO]	WARM    SUCCESS               3109119.50 (--) [0 edit(s)]  
2025-02-24 17:40:23,033	[DEBUG]	EXEC>  SUCCESS 3109121.0
2025-02-24 17:40:23,033	[INFO]	WARM    SUCCESS               3109121.00 (--) [0 edit(s)]  
2025-02-24 17:40:23,667	[DEBUG]	EXEC>  SUCCESS 3109133.0
2025-02-24 17:40:23,667	[INFO]	WARM    SUCCESS               3109133.00 (--) [0 edit(s)]  
2025-02-24 17:40:23,667	[INFO]	REF     SUCCESS               3109133.00 (--) [0 edit(s)]  
2025-02-24 17:40:23,668	[INFO]	
2025-02-24 17:40:23,668	[INFO]	~~~~ START ~~~~
2025-02-24 17:40:51,501	[DEBUG]	EXEC>  SUCCESS 3100804.0
2025-02-24 17:40:51,501	[INFO]	0-1     SUCCESS              *3100804.00 (99.73%) [1 edit(s)]  
2025-02-24 17:40:51,502	[DEBUG]	patch(0-1)="LineLLMMutation(('source.cpp', 0), '#include <iostream>\n#include <vector>\n#include <algorithm>\nusing namespace std;\n\nint main() {\n    int n;\n    long long c;\n    while (true) {\n        cin >> n;\n        if (n == 0) break;\n\n        vector<int> t(n);\n        c = 0;\n\n        for (int i = 0; i < n; i++) {\n            cin >> t[i];\n        }\n\n        sort(t.begin(), t.end());\n\n        for (int i = 0; i < n - 1; i++) {\n            c += t[i] * (n - i - 1);\n        }\n\n        cout << c << endl;\n    }\n    return 0;\n}')"

2025-02-24 17:40:53,103	[DEBUG]	EXEC>  SUCCESS 3047147.0
2025-02-24 17:40:53,103	[INFO]	0-2     SUCCESS              *3047147.00 (98.01%) [1 edit(s)]  
2025-02-24 17:40:53,103	[DEBUG]	patch(0-2)="LineLLMMutation(('source.cpp', 1), '#include <cstdio>\n#include <vector>\n#include <algorithm>\nusing namespace std;\n\nint main() {\n    int n;\n    long long c;\n    while (true) {\n        scanf("%d", &n);\n        if (n == 0) break;\n\n        vector<int> t(n);\n        c = 0;\n\n        for (int i = 0; i < n; i++) {\n            scanf("%d", &t[i]);\n        }\n\n        sort(t.begin(), t.end());\n\n        for (int i = 0; i < n - 1; i++) {\n            c += t[i] * (n - i - 1);\n        }\n\n        printf("%lld\\n", c);\n    }\n    return 0;\n}')"

2025-02-24 17:40:54,908	[DEBUG]	EXEC>  SUCCESS 3100812.5
2025-02-24 17:40:54,909	[INFO]	0-3     SUCCESS               3100812.50 (99.73%) [1 edit(s)]  
2025-02-24 17:40:54,909	[DEBUG]	patch(0-3)="LineLLMMutation(('source.cpp', 2), '#include <iostream>\n#include <vector>\n#include <algorithm>\nusing namespace std;\n\nint main() {\n    int n;\n    while (true) {\n        cin >> n;\n        if (n == 0) break;\n\n        vector<int> t(n);\n        for (int i = 0; i < n; i++) {\n            cin >> t[i];\n        }\n\n        sort(t.begin(), t.end());\n        long long c = 0;\n        long long total = 0;\n\n        for (int i = 0; i < n; i++) {\n            total += t[i];\n            c += t[i] * (n - 1 - i);\n        }\n\n        cout << c << endl;\n    }\n    return 0;\n}')"
2025-02-24 17:40:56,736	[DEBUG]	EXEC>  SUCCESS 3101577.0
2025-02-24 17:40:56,736	[INFO]	0-4     SUCCESS               3101577.00 (99.76%) [1 edit(s)]  
2025-02-24 17:40:56,736	[DEBUG]	patch(0-4)="LineLLMMutation(('source.cpp', 3), '#include <iostream>\n#include <vector>\n#include <algorithm>\nusing namespace std;\n\nint main() {\n    int n;\n    while (true) {\n        cin >> n;\n        if (n == 0) break;\n\n        vector<int> t;\n        t.reserve(n); // Reserve memory\n\n        long long c = 0;\n\n        for (int i = 0; i < n; i++) {\n            int tmp;\n            cin >> tmp;\n            t.push_back(tmp);\n        }\n\n        sort(t.begin(), t.end());\n\n        for (int i = 0; i < n - 1; i++) {\n            c += t[i] * (n - i - 1);\n        }\n\n        cout << c << endl;\n    }\n    return 0;\n}')"
2025-02-24 17:40:58,566	[DEBUG]	EXEC>  SUCCESS 3101105.0
2025-02-24 17:40:58,566	[INFO]	0-5     SUCCESS               3101105.00 (99.74%) [1 edit(s)]  
2025-02-24 17:40:58,566	[DEBUG]	patch(0-5)="LineLLMMutation(('source.cpp', 4), '#include <iostream>\n#include <vector>\n#include <algorithm>\nusing namespace std;\n\nint main() {\n    int n;\n    while (true) {\n        cin >> n;\n        if (n == 0) break;\n\n        vector<int> t(n);\n        int c = 0; // Changed to int\n\n        for (int i = 0; i < n; i++) {\n            cin >> t[i];\n        }\n\n        sort(t.begin(), t.end());\n\n        for (int i = 0; i < n - 1; i++) {\n            c += t[i] * (n - i - 1);\n        }\n\n        cout << c << endl;\n    }\n    return 0;\n}')"
2025-02-24 17:41:00,381	[DEBUG]	EXEC>  SUCCESS 3100893.0
2025-02-24 17:41:00,381	[INFO]	0-6     SUCCESS               3100893.00 (99.73%) [1 edit(s)]  
2025-02-24 17:41:00,381	[DEBUG]	patch(0-6)="LineLLMMutation(('source.cpp', 5), '#include <iostream>\n#include <vector>\n#include <algorithm>\n#include <numeric>\nusing namespace std;\n\nint main() {\n    int n;\n    while (true) {\n        cin >> n;\n        if (n == 0) break;\n\n        vector<int> t(n);\n        for (int i = 0; i < n; i++) {\n            cin >> t[i];\n        }\n\n        sort(t.begin(), t.end());\n        long long c = 0;\n\n        for (int i = 0; i < n - 1; i++) {\n            c += t[i] * (n - 1 - i);\n        }\n\n        cout << c << endl;\n    }\n    return 0;\n}')"
2025-02-24 17:41:02,204	[DEBUG]	EXEC>  SUCCESS 3100803.0
2025-02-24 17:41:02,205	[INFO]	0-7     SUCCESS               3100803.00 (99.73%) [1 edit(s)]  
2025-02-24 17:41:02,205	[DEBUG]	patch(0-7)="LineLLMMutation(('source.cpp', 6), '#include <iostream>\n#include <vector>\n#include <algorithm>\n#include <sstream>\nusing namespace std;\n\nint main() {\n    int n;\n    while (cin >> n && n != 0) {\n        vector<int> t(n);\n        for (int &x : t) {\n            cin >> x;\n        }\n\n        sort(t.begin(), t.end());\n        long long c = 0;\n\n        for (int i = 0; i < n - 1; i++) {\n            c += t[i] * (n - 1 - i);\n        }\n\n        cout << c << endl;\n    }\n    return 0;\n}')"
2025-02-24 17:41:03,745	[INFO]	0-8     COMPILE_CODE_ERROR    None (--) [1 edit(s)]  
2025-02-24 17:41:03,745	[DEBUG]	patch(0-8)="LineLLMMutation(('source.cpp', 7), '#include <iostream>\n#include <vector>\n#include <algorithm>\n#include <iterator>\nusing namespace std;\n\nint main() {\n    int n;\n    while (cin >> n && n != 0) {\n        vector<int> t(n);\n        std::transform(t.begin(), t.end(), std::istream_iterator<int>(cin), [](int &x) { return x; });\n\n        sort(t.begin(), t.end());\n        long long c = 0;\n\n        for (int i = 0; i < n - 1; i++) {\n            c += t[i] * (n - 1 - i);\n        }\n\n        cout << c << endl;\n    }\n    return 0;\n}')"
2025-02-24 17:41:05,520	[DEBUG]	EXEC>  SUCCESS 3097626.5
2025-02-24 17:41:05,520	[INFO]	0-9     SUCCESS               3097626.50 (99.63%) [1 edit(s)]  
2025-02-24 17:41:05,520	[DEBUG]	patch(0-9)="LineLLMMutation(('source.cpp', 8), '#include <iostream>\n#include <algorithm>\nusing namespace std;\n\nconst int MAXN = 100000;  // Assume a maximum size\nint t[MAXN];\n\nint main() {\n    int n;\n    while (cin >> n && n != 0) {\n        long long c = 0;\n\n        for (int i = 0; i < n; i++) {\n            cin >> t[i];\n        }\n\n        sort(t, t + n);\n        \n        for (int i = 0; i < n - 1; i++) {\n            c += t[i] * (n - 1 - i);\n        }\n\n        cout << c << endl;\n    }\n    return 0;\n}')"
2025-02-24 17:41:07,368	[DEBUG]	EXEC>  SUCCESS 3100820.0
2025-02-24 17:41:07,368	[INFO]	0-10    SUCCESS               3100820.00 (99.73%) [1 edit(s)]  
2025-02-24 17:41:07,369	[DEBUG]	patch(0-10)="LineLLMMutation(('source.cpp', 9), '#include <iostream>\n#include <vector>\n#include <algorithm>\nusing namespace std;\n\nint main() {\n    int n;\n    while (cin >> n && n != 0) {\n        vector<int> t(n);\n        for (int i = 0; i < n; i++) {\n            cin >> t[i];\n        }\n\n        sort(t.begin(), t.end());\n        long long c = 0;\n        long long total = 0;\n\n        for (int i = 0; i < n; i++) {\n            total += t[i];\n            c += t[i] * (n - 1 - i);\n        }\n\n        cout << c << endl;\n    }\n    return 0;\n}')"
2025-02-24 17:41:08,369	[INFO]	Step: 10
2025-02-24 17:41:08,369	[INFO]	Stop Steps: 50
2025-02-24 17:41:10,005	[DEBUG]	EXEC>  SUCCESS 3109209.5
2025-02-24 17:41:10,005	[INFO]	REF     SUCCESS               3109209.50 (--) [0 edit(s)]  
2025-02-24 17:41:10,005	[INFO]	Best patch: 1
2025-02-24 17:41:10,651	[DEBUG]	EXEC>  SUCCESS 3047147.5
2025-02-24 17:41:10,651	[INFO]	BEST    SUCCESS              *3047147.50 (98.00%) [0 edit(s)]  
2025-02-24 17:41:10,651	[INFO]	Best patch step: 1
2025-02-24 17:41:52,111	[INFO]	Step: 10
2025-02-24 17:41:52,111	[INFO]	Stop Steps: 50
2025-02-24 17:41:52,725	[DEBUG]	EXEC>  SUCCESS 3047147.0
2025-02-24 17:41:52,726	[INFO]	1-1     SUCCESS              *3047147.00 (98.00%) [1 edit(s)]  
2025-02-24 17:41:52,726	[DEBUG]	patch(1-1)="LineLLMMutation(('source.cpp', 1), '#include <cstdio>\n#include <vector>\n#include <algorithm>\nusing namespace std;\n\nint main() {\n    int n;\n    long long c;\n    while (true) {\n        scanf("%d", &n);\n        if (n == 0) break;\n\n        vector<int> t(n);\n        c = 0;\n\n        for (int i = 0; i < n; i++) {\n            scanf("%d", &t[i]);\n        }\n\n        sort(t.begin(), t.end());\n\n        for (int i = 0; i < n - 1; i++) {\n            c += t[i] * (n - i - 1);\n        }\n\n        printf("%lld\\n", c);\n    }\n    return 0;\n}')"

2025-02-24 17:41:52,726	[INFO]	Step: 11
2025-02-24 17:41:52,726	[INFO]	Stop Steps: 50
2025-02-24 17:41:53,500	[DEBUG]	EXEC>  SUCCESS 3097716.0
2025-02-24 17:41:53,500	[INFO]	1-2     SUCCESS               3097716.00 (99.63%) [1 edit(s)]  
2025-02-24 17:41:53,500	[DEBUG]	patch(1-2)="LineLLMMutation(('source.cpp', 8), '#include <iostream>\n#include <algorithm>\nusing namespace std;\n\nconst int MAXN = 100000;  // Assume a maximum size\nint t[MAXN];\n\nint main() {\n    int n;\n    while (cin >> n && n != 0) {\n        long long c = 0;\n\n        for (int i = 0; i < n; i++) {\n            cin >> t[i];\n        }\n\n        sort(t, t + n);\n        \n        for (int i = 0; i < n - 1; i++) {\n            c += t[i] * (n - 1 - i);\n        }\n\n        cout << c << endl;\n    }\n    return 0;\n}')"
2025-02-24 17:41:53,500	[INFO]	Step: 12
2025-02-24 17:41:53,501	[INFO]	Stop Steps: 50
2025-02-24 17:41:54,302	[DEBUG]	EXEC>  SUCCESS 3100826.5
2025-02-24 17:41:54,302	[INFO]	1-3     SUCCESS               3100826.50 (99.73%) [1 edit(s)]  
2025-02-24 17:41:54,302	[DEBUG]	patch(1-3)="LineLLMCrossover(('source.cpp', 0), '#include <iostream>\n#include <vector>\n#include <algorithm>\nusing namespace std;\n\nint main() {\n    int n;\n    while (cin >> n && n != 0) {\n        vector<int> t(n);\n        long long c = 0;\n\n        for (int i = 0; i < n; i++) {\n            cin >> t[i];\n        }\n\n        sort(t.begin(), t.end());\n\n        for (int i = 0; i < n - 1; i++) {\n            c += t[i] * (n - i - 1);\n        }\n\n        cout << c << endl;\n    }\n    return 0;\n}')"
2025-02-24 17:41:54,303	[INFO]	Step: 13
2025-02-24 17:41:54,303	[INFO]	Stop Steps: 50
2025-02-24 17:41:54,900	[DEBUG]	EXEC>  SUCCESS 3047324.0
2025-02-24 17:41:54,900	[INFO]	1-4     SUCCESS               3047324.00 (98.01%) [1 edit(s)]  
2025-02-24 17:41:54,900	[DEBUG]	patch(1-4)="LineLLMCrossover(('source.cpp', 1), '#include <cstdio>\n#include <vector>\n#include <algorithm>\nusing namespace std;\n\nint main() {\n    int n;\n    while (scanf("%d", &n), n) {\n        vector<int> t(n);\n        long long c = 0;\n\n        for (int i = 0; i < n; i++) {\n            scanf("%d", &t[i]);\n        }\n\n        sort(t.begin(), t.end());\n\n        for (int i = 0; i < n - 1; i++) {\n            c += t[i] * (n - 1 - i);\n        }\n\n        printf("%lld\\n", c);\n    }\n    return 0;\n}')"
2025-02-24 17:41:54,900	[INFO]	Step: 14
2025-02-24 17:41:54,900	[INFO]	Stop Steps: 50
2025-02-24 17:41:55,737	[DEBUG]	EXEC>  SUCCESS 3100884.0
2025-02-24 17:41:55,737	[INFO]	1-5     SUCCESS               3100884.00 (99.73%) [1 edit(s)]  
2025-02-24 17:41:55,737	[DEBUG]	patch(1-5)="LineLLMCrossover(('source.cpp', 2), '#include <iostream>\n#include <vector>\n#include <algorithm>\nusing namespace std;\n\nint main() {\n    int n;\n    while (true) {\n        cin >> n;\n        if (n == 0) break;\n\n        vector<int> t(n);\n        long long c = 0;\n\n        for (int &x : t) {\n            cin >> x;\n        }\n\n        sort(t.begin(), t.end());\n\n        for (int i = 0; i < n - 1; i++) {\n            c += t[i] * (n - 1 - i);\n        }\n\n        cout << c << endl;\n    }\n    return 0;\n}')"
2025-02-24 17:41:55,737	[INFO]	Step: 15
2025-02-24 17:41:55,737	[INFO]	Stop Steps: 50
2025-02-24 17:41:56,335	[DEBUG]	EXEC>  SUCCESS 3047237.0
2025-02-24 17:41:56,335	[INFO]	1-6     SUCCESS               3047237.00 (98.01%) [1 edit(s)]  
2025-02-24 17:41:56,335	[DEBUG]	patch(1-6)="LineLLMCrossover(('source.cpp', 3), '#include <cstdio>\n#include <vector>\n#include <algorithm>\nusing namespace std;\n\nint main() {\n    int n;\n    while (true) {\n        scanf("%d", &n);\n        if (n == 0) break;\n\n        vector<int> t(n);\n        long long c = 0;\n\n        for (int i = 0; i < n; i++) {\n            scanf("%d", &t[i]);\n        }\n\n        sort(t.begin(), t.end());\n\n        for (int i = 0; i < n - 1; i++) {\n            c += t[i] * (n - i - 1);\n        }\n\n        printf("%lld\\n", c);\n    }\n    return 0;\n}')"
2025-02-24 17:41:56,335	[INFO]	Step: 16
2025-02-24 17:41:56,335	[INFO]	Stop Steps: 50
2025-02-24 17:41:56,837	[INFO]	1-7     TEST_CODE_ERROR       None (--) [2 edit(s)]  
2025-02-24 17:41:56,837	[DEBUG]	patch(1-7)="LineLLMMutation(('source.cpp', 1), '#include <cstdio>\n#include <vector>\n#include <algorithm>\nusing namespace std;\n\nint main() {\n    int n;\n    long long c;\n    while (true) {\n        scanf("%d", &n);\n        if (n == 0) break;\n\n        vector<int> t(n);\n        c = 0;\n\n        for (int i = 0; i < n; i++) {\n            scanf("%d", &t[i]);\n        }\n\n        sort(t.begin(), t.end());\n\n        for (int i = 0; i < n - 1; i++) {\n            c += t[i] * (n - i - 1);\n        }\n\n        printf("%lld\\n", c);\n    }\n    return 0;\n}') | LineLLMMutation(('source.cpp', 10), '#include <cstdio>\n#include <vector>\n#include <algorithm>\nusing namespace std;\n\nint main() {\n    int n;\n    long long c;\n    while (true) {\n        scanf("%d", &n);\n        if (n == 0) break;\n\n        vector<int> t(n);\n        c = 0;\n\n        for (int i = 0; i < n; i++) {\n            scanf("%d", &t[i]);\n        }\n\n        // Using linear accumulation instead of sorting\n        long long totalSum = 0;\n        for (int i = 0; i < n; i++) {\n            totalSum += t[i];\n        }\n\n        for (int i = 0; i < n - 1; i++) {\n            c += totalSum - t[i] * (n - i - 1);\n            totalSum -= t[i]; // Update total sum for next iteration\n        }\n\n        printf("%lld\\n", c);\n    }\n    return 0;\n}')"
2025-02-24 17:41:56,837	[INFO]	Step: 17
2025-02-24 17:41:56,838	[INFO]	Stop Steps: 50
2025-02-24 17:41:57,449	[DEBUG]	EXEC>  SUCCESS 3047148.5
2025-02-24 17:41:57,449	[INFO]	1-8     SUCCESS               3047148.50 (98.00%) [2 edit(s)]  
2025-02-24 17:41:57,449	[DEBUG]	patch(1-8)="LineLLMMutation(('source.cpp', 8), '#include <iostream>\n#include <algorithm>\nusing namespace std;\n\nconst int MAXN = 100000;  // Assume a maximum size\nint t[MAXN];\n\nint main() {\n    int n;\n    while (cin >> n && n != 0) {\n        long long c = 0;\n\n        for (int i = 0; i < n; i++) {\n            cin >> t[i];\n        }\n\n        sort(t, t + n);\n        \n        for (int i = 0; i < n - 1; i++) {\n            c += t[i] * (n - 1 - i);\n        }\n\n        cout << c << endl;\n    }\n    return 0;\n}') | LineLLMMutation(('source.cpp', 11), '#include <cstdio>\n#include <vector>\n#include <algorithm>\nusing namespace std;\n\nconst int MAXN = 100000;  // Assume a maximum size\n\nint main() {\n    int n;\n    while (scanf("%d", &n) && n != 0) {\n        long long c = 0;\n        vector<int> t(n);  // Use vector for dynamic array management\n\n        for (int i = 0; i < n; i++) {\n            scanf("%d", &t[i]);  // Use scanf for faster input\n        }\n\n        sort(t.begin(), t.end());  // Sort using vector\'s begin and end iterators\n        \n        for (int i = 0; i < n - 1; i++) {\n            c += t[i] * (n - 1 - i);\n        }\n\n        printf("%lld\\n", c);  // Use printf for faster output\n    }\n    return 0;\n}')"
2025-02-24 17:41:57,449	[INFO]	Step: 18
2025-02-24 17:41:57,449	[INFO]	Stop Steps: 50
2025-02-24 17:41:58,013	[INFO]	1-9     TEST_CODE_ERROR       None (--) [2 edit(s)]  
2025-02-24 17:41:58,013	[DEBUG]	patch(1-9)="LineLLMMutation(('source.cpp', 6), '#include <iostream>\n#include <vector>\n#include <algorithm>\n#include <sstream>\nusing namespace std;\n\nint main() {\n    int n;\n    while (cin >> n && n != 0) {\n        vector<int> t(n);\n        for (int &x : t) {\n            cin >> x;\n        }\n\n        sort(t.begin(), t.end());\n        long long c = 0;\n\n        for (int i = 0; i < n - 1; i++) {\n            c += t[i] * (n - 1 - i);\n        }\n\n        cout << c << endl;\n    }\n    return 0;\n}') | LineLLMMutation(('source.cpp', 12), '#include <iostream>\n#include <vector>\nusing namespace std;\n\nint main() {\n    int n;\n    while (cin >> n && n != 0) {\n        vector<int> t(n);\n        for (int &x : t) {\n            cin >> x;\n        }\n\n        long long c = 0;\n        long long totalSum = 0;\n\n        for (int i = 0; i < n; i++) {\n            totalSum += t[i];\n        }\n\n        for (int i = 0; i < n; i++) {\n            c += totalSum - t[i] * (n - 1);\n            totalSum -= t[i];\n        }\n\n        cout << c << endl;\n    }\n    return 0;\n}')"
2025-02-24 17:41:58,013	[INFO]	Step: 19
2025-02-24 17:41:58,013	[INFO]	Stop Steps: 50
2025-02-24 17:41:58,588	[INFO]	1-10    TEST_CODE_ERROR       None (--) [2 edit(s)]  
2025-02-24 17:41:58,588	[DEBUG]	patch(1-10)="LineLLMMutation(('source.cpp', 0), '#include <iostream>\n#include <vector>\n#include <algorithm>\nusing namespace std;\n\nint main() {\n    int n;\n    long long c;\n    while (true) {\n        cin >> n;\n        if (n == 0) break;\n\n        vector<int> t(n);\n        c = 0;\n\n        for (int i = 0; i < n; i++) {\n            cin >> t[i];\n        }\n\n        sort(t.begin(), t.end());\n\n        for (int i = 0; i < n - 1; i++) {\n            c += t[i] * (n - i - 1);\n        }\n\n        cout << c << endl;\n    }\n    return 0;\n}') | LineLLMMutation(('source.cpp', 13), '#include <iostream>\n#include <vector>\nusing namespace std;\n\nint main() {\n    int n;\n    long long c;\n    while (true) {\n        cin >> n;\n        if (n == 0) break;\n\n        vector<int> t(n);\n        c = 0;\n\n        for (int i = 0; i < n; i++) {\n            cin >> t[i];\n        }\n\n        // Counting occurrences of each value\n        const int MAX_VAL = 100000; // Assuming the maximum value of elements\n        vector<long long> count(MAX_VAL + 1, 0);\n        for (int i = 0; i < n; i++) {\n            count[t[i]]++;\n        }\n\n        // Calculate the total contribution without sorting\n        long long total = 0;\n        for (int i = 0; i <= MAX_VAL; i++) {\n            if (count[i] > 0) {\n                c += total * count[i]; // Contribution of all previous numbers\n                total += count[i]; // Update total count of numbers\n            }\n        }\n\n        cout << c << endl;\n    }\n    return 0;\n}')"
2025-02-24 17:41:58,588	[INFO]	Step: 20
2025-02-24 17:41:58,588	[INFO]	Stop Steps: 50
2025-02-24 17:41:59,245	[DEBUG]	EXEC>  SUCCESS 3109118.5
2025-02-24 17:41:59,245	[INFO]	1-1     SUCCESS               3109118.50 (100.00%) [1 edit(s)]  
2025-02-24 17:41:59,245	[DEBUG]	patch(1-1)="LineLLMMutation(('source.cpp', 14), '#include<list>\n\n#include<iostream>\n\nusing namespace std;\n\nint main(){\n\n  int i;\n\n  int n;\n\n  long long c;\n\n  for(;;){\n\n    cin>>n;\n\n    if(n==0)\n\n      break;\n\n    list<int> t;\n\n    c=0;\n\n    for(i=0;i<n;i++){\n\n      int tmp;\n\n      cin>>tmp;\n\n      t.push_back(tmp);\n\n    }\n\n    t.sort();\n\n    list<int>::iterator it=t.begin();\n\n    for(i=0;i<n-1;i++){\n\n      c+=(*it)*(n-i-1);\n\n      it++;\n\n    }\n\n    cout<<c<<endl;\n\n  }\n\n  return 0;\n\n}')"
2025-02-24 17:41:59,245	[INFO]	Step: 21
2025-02-24 17:41:59,245	[INFO]	Stop Steps: 50
2025-02-24 17:42:00,873	[DEBUG]	EXEC>  SUCCESS 3109247.5
2025-02-24 17:42:00,873	[INFO]	REF     SUCCESS               3109247.50 (--) [0 edit(s)]  
2025-02-24 17:42:00,873	[INFO]	Best patch: 1
2025-02-24 17:42:01,483	[DEBUG]	EXEC>  SUCCESS 3047147.0
2025-02-24 17:42:01,484	[INFO]	BEST    SUCCESS              *3047147.00 (98.00%) [0 edit(s)]  
2025-02-24 17:42:01,484	[INFO]	Best patch step: 10
2025-02-24 17:44:44,065	[INFO]	Step: 21
2025-02-24 17:44:44,065	[INFO]	Stop Steps: 50
2025-02-24 17:44:44,677	[DEBUG]	EXEC>  SUCCESS 3047238.0
2025-02-24 17:44:44,677	[INFO]	2-2     SUCCESS              +3047238.00 (98.01%) [1 edit(s)]  
2025-02-24 17:44:44,677	[DEBUG]	patch(2-2)="LineLLMMutation(('source.cpp', 1), '#include <cstdio>\n#include <vector>\n#include <algorithm>\nusing namespace std;\n\nint main() {\n    int n;\n    long long c;\n    while (true) {\n        scanf("%d", &n);\n        if (n == 0) break;\n\n        vector<int> t(n);\n        c = 0;\n\n        for (int i = 0; i < n; i++) {\n            scanf("%d", &t[i]);\n        }\n\n        sort(t.begin(), t.end());\n\n        for (int i = 0; i < n - 1; i++) {\n            c += t[i] * (n - i - 1);\n        }\n\n        printf("%lld\\n", c);\n    }\n    return 0;\n}')"
2025-02-24 17:44:44,677	[INFO]	Step: 22
2025-02-24 17:44:44,677	[INFO]	Stop Steps: 50
2025-02-24 17:44:45,285	[DEBUG]	EXEC>  SUCCESS 3047162.5
2025-02-24 17:44:45,285	[INFO]	2-3     SUCCESS              +3047162.50 (98.00%) [2 edit(s)]  
2025-02-24 17:44:45,285	[DEBUG]	patch(2-3)="LineLLMMutation(('source.cpp', 8), '#include <iostream>\n#include <algorithm>\nusing namespace std;\n\nconst int MAXN = 100000;  // Assume a maximum size\nint t[MAXN];\n\nint main() {\n    int n;\n    while (cin >> n && n != 0) {\n        long long c = 0;\n\n        for (int i = 0; i < n; i++) {\n            cin >> t[i];\n        }\n\n        sort(t, t + n);\n        \n        for (int i = 0; i < n - 1; i++) {\n            c += t[i] * (n - 1 - i);\n        }\n\n        cout << c << endl;\n    }\n    return 0;\n}') | LineLLMMutation(('source.cpp', 11), '#include <cstdio>\n#include <vector>\n#include <algorithm>\nusing namespace std;\n\nconst int MAXN = 100000;  // Assume a maximum size\n\nint main() {\n    int n;\n    while (scanf("%d", &n) && n != 0) {\n        long long c = 0;\n        vector<int> t(n);  // Use vector for dynamic array management\n\n        for (int i = 0; i < n; i++) {\n            scanf("%d", &t[i]);  // Use scanf for faster input\n        }\n\n        sort(t.begin(), t.end());  // Sort using vector\'s begin and end iterators\n        \n        for (int i = 0; i < n - 1; i++) {\n            c += t[i] * (n - 1 - i);\n        }\n\n        printf("%lld\\n", c);  // Use printf for faster output\n    }\n    return 0;\n}')"
2025-02-24 17:44:45,285	[INFO]	Step: 23
2025-02-24 17:44:45,285	[INFO]	Stop Steps: 50
2025-02-24 17:44:45,917	[DEBUG]	EXEC>  SUCCESS 3047149.0
2025-02-24 17:44:45,917	[INFO]	2-4     SUCCESS              +3047149.00 (98.00%) [1 edit(s)]  
2025-02-24 17:44:45,917	[DEBUG]	patch(2-4)="LineLLMCrossover(('source.cpp', 4), '#include <cstdio>\n#include <vector>\n#include <algorithm>\nusing namespace std;\n\nint main() {\n    int n;\n    while (scanf("%d", &n) && n) {  // Keep reading until n is 0\n        vector<int> t(n);\n        long long c = 0;\n\n        for (int i = 0; i < n; i++) {\n            scanf("%d", &t[i]);\n        }\n\n        sort(t.begin(), t.end());\n\n        for (int i = 0; i < n - 1; i++) {\n            c += t[i] * (n - 1 - i);  // Calculate cumulative product\n        }\n\n        printf("%lld\\n", c);  // Output result\n    }\n    return 0;\n}')"
2025-02-24 17:44:45,917	[INFO]	Step: 24
2025-02-24 17:44:45,917	[INFO]	Stop Steps: 50
2025-02-24 17:44:46,516	[DEBUG]	EXEC>  SUCCESS 3047148.0
2025-02-24 17:44:46,516	[INFO]	2-5     SUCCESS              +3047148.00 (98.00%) [1 edit(s)]  
2025-02-24 17:44:46,516	[DEBUG]	patch(2-5)="LineLLMCrossover(('source.cpp', 5), '#include <cstdio>\n#include <vector>\n#include <algorithm>\nusing namespace std;\n\nint main() {\n    int n;\n    while (true) {\n        scanf("%d", &n);\n        if (n == 0) break;\n\n        vector<int> t(n);  // Efficiently manage input\n        long long c = 0;\n\n        for (int i = 0; i < n; i++) {\n            scanf("%d", &t[i]);  // Fast input\n        }\n\n        sort(t.begin(), t.end());  // Sort the vector\n\n        for (int i = 0; i < n - 1; i++) {\n            c += t[i] * (n - i - 1);  // Calculate cumulative product\n        }\n\n        printf("%lld\\n", c);  // Efficient output\n    }\n    return 0;\n}')"
2025-02-24 17:44:46,516	[INFO]	Step: 25
2025-02-24 17:44:46,517	[INFO]	Stop Steps: 50
2025-02-24 17:44:47,146	[DEBUG]	EXEC>  SUCCESS 3047143.5
2025-02-24 17:44:47,146	[INFO]	2-6     SUCCESS              *3047143.50 (98.00%) [1 edit(s)]  
2025-02-24 17:44:47,146	[DEBUG]	patch(2-6)="LineLLMCrossover(('source.cpp', 6), '#include <cstdio>\n#include <vector>\n#include <algorithm>\nusing namespace std;\n\nint main() {\n    int n;\n    while (true) {\n        scanf("%d", &n);\n        if (n == 0) break;\n\n        long long c = 0;\n        vector<int> t(n);\n\n        for (int i = 0; i < n; i++) {\n            scanf("%d", &t[i]);\n        }\n\n        sort(t.begin(), t.end());\n\n        for (int i = 0; i < n - 1; i++) {\n            c += t[i] * (n - 1 - i);  // Cumulative product calculation\n        }\n\n        printf("%lld\\n", c);  // Output result\n    }\n    return 0;\n}')"

2025-02-24 17:44:47,146	[INFO]	Step: 26
2025-02-24 17:44:47,146	[INFO]	Stop Steps: 50
2025-02-24 17:44:47,743	[DEBUG]	EXEC>  SUCCESS 3047239.0
2025-02-24 17:44:47,743	[INFO]	2-7     SUCCESS               3047239.00 (98.01%) [1 edit(s)]  
2025-02-24 17:44:47,743	[DEBUG]	patch(2-7)="LineLLMCrossover(('source.cpp', 7), '#include <cstdio>\n#include <vector>\n#include <algorithm>\nusing namespace std;\n\nint main() {\n    int n;\n    while (scanf("%d", &n) && n) {\n        vector<int> t(n);\n        long long c = 0;\n\n        for (int i = 0; i < n; i++) {\n            scanf("%d", &t[i]);\n        }\n\n        sort(t.begin(), t.end());\n\n        for (int i = 0; i < n - 1; i++) {\n            c += t[i] * (n - 1 - i);  // Calculate cumulative product\n        }\n\n        printf("%lld\\n", c);  // Output result\n    }\n    return 0;\n}')"
2025-02-24 17:44:47,743	[INFO]	Step: 27
2025-02-24 17:44:47,743	[INFO]	Stop Steps: 50
2025-02-24 17:44:48,349	[DEBUG]	EXEC>  SUCCESS 3047142.0
2025-02-24 17:44:48,350	[INFO]	2-8     SUCCESS              *3047142.00 (98.00%) [2 edit(s)]  
2025-02-24 17:44:48,350	[DEBUG]	patch(2-8)="LineLLMMutation(('source.cpp', 1), '#include <cstdio>\n#include <vector>\n#include <algorithm>\nusing namespace std;\n\nint main() {\n    int n;\n    long long c;\n    while (true) {\n        scanf("%d", &n);\n        if (n == 0) break;\n\n        vector<int> t(n);\n        c = 0;\n\n        for (int i = 0; i < n; i++) {\n            scanf("%d", &t[i]);\n        }\n\n        sort(t.begin(), t.end());\n\n        for (int i = 0; i < n - 1; i++) {\n            c += t[i] * (n - i - 1);\n        }\n\n        printf("%lld\\n", c);\n    }\n    return 0;\n}') | LineLLMMutation(('source.cpp', 15), '#include <cstdio>\n#include <vector>\n#include <algorithm>\nusing namespace std;\n\nint main() {\n    int n;\n    long long c;\n    while (true) {\n        scanf("%d", &n);\n        if (n == 0) break;\n\n        vector<int> t(n);\n        c = 0;\n\n        for (int i = 0; i < n; i++) {\n            scanf("%d", &t[i]);\n        }\n\n        sort(t.begin(), t.end());\n\n        // Instead of iterating to accumulate the sum, we can use a prefix sum approach.\n        long long prefixSum = 0;\n\n        for (int i = 0; i < n; i++) {\n            c += prefixSum; // Add the current prefix sum to the total count\n            prefixSum += t[i]; // Update the prefix sum\n        }\n\n        printf("%lld\\n", c);\n    }\n    return 0;\n}')"

2025-02-24 17:44:48,350	[INFO]	Step: 28
2025-02-24 17:44:48,350	[INFO]	Stop Steps: 50
2025-02-24 17:44:48,850	[INFO]	2-9     TEST_CODE_ERROR       None (--) [3 edit(s)]  
2025-02-24 17:44:48,850	[DEBUG]	patch(2-9)="LineLLMMutation(('source.cpp', 8), '#include <iostream>\n#include <algorithm>\nusing namespace std;\n\nconst int MAXN = 100000;  // Assume a maximum size\nint t[MAXN];\n\nint main() {\n    int n;\n    while (cin >> n && n != 0) {\n        long long c = 0;\n\n        for (int i = 0; i < n; i++) {\n            cin >> t[i];\n        }\n\n        sort(t, t + n);\n        \n        for (int i = 0; i < n - 1; i++) {\n            c += t[i] * (n - 1 - i);\n        }\n\n        cout << c << endl;\n    }\n    return 0;\n}') | LineLLMMutation(('source.cpp', 11), '#include <cstdio>\n#include <vector>\n#include <algorithm>\nusing namespace std;\n\nconst int MAXN = 100000;  // Assume a maximum size\n\nint main() {\n    int n;\n    while (scanf("%d", &n) && n != 0) {\n        long long c = 0;\n        vector<int> t(n);  // Use vector for dynamic array management\n\n        for (int i = 0; i < n; i++) {\n            scanf("%d", &t[i]);  // Use scanf for faster input\n        }\n\n        sort(t.begin(), t.end());  // Sort using vector\'s begin and end iterators\n        \n        for (int i = 0; i < n - 1; i++) {\n            c += t[i] * (n - 1 - i);\n        }\n\n        printf("%lld\\n", c);  // Use printf for faster output\n    }\n    return 0;\n}') | LineLLMMutation(('source.cpp', 16), '#include <cstdio>\n#include <vector>\n#include <algorithm>\nusing namespace std;\n\nconst int MAXN = 100000;  // Assume a maximum size\n\nint main() {\n    int n;\n    while (scanf("%d", &n) && n != 0) {\n        long long c = 0;\n        long long sum = 0;\n        vector<int> t(n);  // Use vector for dynamic array management\n\n        for (int i = 0; i < n; i++) {\n            scanf("%d", &t[i]);  // Use scanf for faster input\n            sum += t[i];  // Calculate cumulative sum\n        }\n\n        // Instead of sorting, we can directly use the cumulative sum\n        for (int i = 0; i < n; i++) {\n            c += t[i] * (n - 1) - (sum - t[i]);  // Adjusted calculation\n        }\n\n        printf("%lld\\n", c);  // Use printf for faster output\n    }\n    return 0;\n}')"
2025-02-24 17:44:48,851	[INFO]	Step: 29
2025-02-24 17:44:48,851	[INFO]	Stop Steps: 50
2025-02-24 17:44:49,430	[INFO]	2-10    TEST_CODE_ERROR       None (--) [2 edit(s)]  
2025-02-24 17:44:49,430	[DEBUG]	patch(2-10)="LineLLMCrossover(('source.cpp', 3), '#include <cstdio>\n#include <vector>\n#include <algorithm>\nusing namespace std;\n\nint main() {\n    int n;\n    while (true) {\n        scanf("%d", &n);\n        if (n == 0) break;\n\n        vector<int> t(n);\n        long long c = 0;\n\n        for (int i = 0; i < n; i++) {\n            scanf("%d", &t[i]);\n        }\n\n        sort(t.begin(), t.end());\n\n        for (int i = 0; i < n - 1; i++) {\n            c += t[i] * (n - i - 1);\n        }\n\n        printf("%lld\\n", c);\n    }\n    return 0;\n}') | LineLLMMutation(('source.cpp', 17), '#include <cstdio>\n#include <vector>\n#include <algorithm>\nusing namespace std;\n\nint main() {\n    int n;\n    while (true) {\n        scanf("%d", &n);\n        if (n == 0) break;\n\n        vector<int> t(n);\n        long long c = 0;\n\n        for (int i = 0; i < n; i++) {\n            scanf("%d", &t[i]);\n        }\n\n        sort(t.begin(), t.end());\n\n        long long total_sum = 0; // Cumulative sum\n        for (int i = 0; i < n; i++) {\n            total_sum += t[i]; // Calculate cumulative sum\n        }\n\n        for (int i = 0; i < n - 1; i++) {\n            c += total_sum - t[i]; // Use cumulative sum to avoid repeated multiplication\n        }\n\n        printf("%lld\\n", c);\n    }\n    return 0;\n}')"
2025-02-24 17:44:49,430	[INFO]	Step: 30
2025-02-24 17:44:49,430	[INFO]	Stop Steps: 50
2025-02-24 17:44:49,766	[INFO]	2-1     TEST_CODE_ERROR       None (--) [2 edit(s)]  
2025-02-24 17:44:49,766	[DEBUG]	patch(2-1)="LineLLMCrossover(('source.cpp', 1), '#include <cstdio>\n#include <vector>\n#include <algorithm>\nusing namespace std;\n\nint main() {\n    int n;\n    while (scanf("%d", &n), n) {\n        vector<int> t(n);\n        long long c = 0;\n\n        for (int i = 0; i < n; i++) {\n            scanf("%d", &t[i]);\n        }\n\n        sort(t.begin(), t.end());\n\n        for (int i = 0; i < n - 1; i++) {\n            c += t[i] * (n - 1 - i);\n        }\n\n        printf("%lld\\n", c);\n    }\n    return 0;\n}') | LineLLMMutation(('source.cpp', 18), '#include <cstdio>\n#include <vector>\nusing namespace std;\n\nint main() {\n    int n;\n    while (scanf("%d", &n), n) {\n        vector<int> t(n);\n        long long c = 0;\n\n        for (int i = 0; i < n; i++) {\n            scanf("%d", &t[i]);\n        }\n\n        // Calculate the total sum of the elements\n        long long total_sum = 0;\n        for (int i = 0; i < n; i++) {\n            total_sum += t[i];\n        }\n\n        // Calculate the cumulative sum in a single pass\n        long long cumulative_sum = 0;\n        for (int i = 0; i < n; i++) {\n            c += cumulative_sum;\n            cumulative_sum += t[i];\n        }\n\n        printf("%lld\\n", c);\n    }\n    return 0;\n}')"
2025-02-24 17:44:49,767	[INFO]	Step: 31
2025-02-24 17:44:49,767	[INFO]	Stop Steps: 50
2025-02-24 17:44:50,586	[DEBUG]	EXEC>  SUCCESS 3100805.0
2025-02-24 17:44:50,586	[INFO]	2-2     SUCCESS               3100805.00 (99.73%) [1 edit(s)]  
2025-02-24 17:44:50,586	[DEBUG]	patch(2-2)="LineLLMMutation(('source.cpp', 19), '#include <iostream>\n#include <vector>\n#include <algorithm>\n\nusing namespace std;\n\nint main() {\n    int n;\n    long long c;\n\n    for (;;) {\n        cin >> n;\n        if (n == 0)\n            break;\n\n        vector<int> t(n);\n        c = 0;\n\n        for (int i = 0; i < n; i++) {\n            cin >> t[i];\n        }\n\n        sort(t.begin(), t.end());\n\n        for (int i = 0; i < n - 1; i++) {\n            c += t[i] * (n - i - 1);\n        }\n\n        cout << c << endl;\n    }\n\n    return 0;\n}')"
2025-02-24 17:44:50,586	[INFO]	Step: 32
2025-02-24 17:44:50,586	[INFO]	Stop Steps: 50
2025-02-24 17:44:52,213	[DEBUG]	EXEC>  SUCCESS 3109132.5
2025-02-24 17:44:52,213	[INFO]	REF     SUCCESS               3109132.50 (--) [0 edit(s)]  
2025-02-24 17:44:52,213	[INFO]	Best patch: 1_15
2025-02-24 17:44:52,804	[DEBUG]	EXEC>  SUCCESS 3047142.5
2025-02-24 17:44:52,805	[INFO]	BEST    SUCCESS              *3047142.50 (98.01%) [0 edit(s)]  
2025-02-24 17:44:52,805	[INFO]	Best patch step: 27
2025-02-24 17:45:42,613	[INFO]	Step: 32
2025-02-24 17:45:42,613	[INFO]	Stop Steps: 50
2025-02-24 17:45:43,257	[DEBUG]	EXEC>  SUCCESS 3047142.0
2025-02-24 17:45:43,257	[INFO]	3-3     SUCCESS              *3047142.00 (98.01%) [2 edit(s)]  
2025-02-24 17:45:43,257	[DEBUG]	patch(3-3)="LineLLMMutation(('source.cpp', 1), '#include <cstdio>\n#include <vector>\n#include <algorithm>\nusing namespace std;\n\nint main() {\n    int n;\n    long long c;\n    while (true) {\n        scanf("%d", &n);\n        if (n == 0) break;\n\n        vector<int> t(n);\n        c = 0;\n\n        for (int i = 0; i < n; i++) {\n            scanf("%d", &t[i]);\n        }\n\n        sort(t.begin(), t.end());\n\n        for (int i = 0; i < n - 1; i++) {\n            c += t[i] * (n - i - 1);\n        }\n\n        printf("%lld\\n", c);\n    }\n    return 0;\n}') | LineLLMMutation(('source.cpp', 15), '#include <cstdio>\n#include <vector>\n#include <algorithm>\nusing namespace std;\n\nint main() {\n    int n;\n    long long c;\n    while (true) {\n        scanf("%d", &n);\n        if (n == 0) break;\n\n        vector<int> t(n);\n        c = 0;\n\n        for (int i = 0; i < n; i++) {\n            scanf("%d", &t[i]);\n        }\n\n        sort(t.begin(), t.end());\n\n        // Instead of iterating to accumulate the sum, we can use a prefix sum approach.\n        long long prefixSum = 0;\n\n        for (int i = 0; i < n; i++) {\n            c += prefixSum; // Add the current prefix sum to the total count\n            prefixSum += t[i]; // Update the prefix sum\n        }\n\n        printf("%lld\\n", c);\n    }\n    return 0;\n}')"

2025-02-24 17:45:43,257	[INFO]	Step: 33
2025-02-24 17:45:43,258	[INFO]	Stop Steps: 50
2025-02-24 17:45:43,872	[DEBUG]	EXEC>  SUCCESS 3047144.0
2025-02-24 17:45:43,872	[INFO]	3-4     SUCCESS               3047144.00 (98.01%) [1 edit(s)]  
2025-02-24 17:45:43,872	[DEBUG]	patch(3-4)="LineLLMCrossover(('source.cpp', 6), '#include <cstdio>\n#include <vector>\n#include <algorithm>\nusing namespace std;\n\nint main() {\n    int n;\n    while (true) {\n        scanf("%d", &n);\n        if (n == 0) break;\n\n        long long c = 0;\n        vector<int> t(n);\n\n        for (int i = 0; i < n; i++) {\n            scanf("%d", &t[i]);\n        }\n\n        sort(t.begin(), t.end());\n\n        for (int i = 0; i < n - 1; i++) {\n            c += t[i] * (n - 1 - i);  // Cumulative product calculation\n        }\n\n        printf("%lld\\n", c);  // Output result\n    }\n    return 0;\n}')"
2025-02-24 17:45:43,872	[INFO]	Step: 34
2025-02-24 17:45:43,872	[INFO]	Stop Steps: 50
2025-02-24 17:45:44,445	[INFO]	3-5     TEST_CODE_ERROR       None (--) [1 edit(s)]  
2025-02-24 17:45:44,445	[DEBUG]	patch(3-5)="LineLLMCrossover(('source.cpp', 8), '#include <cstdio>\n#include <vector>\n#include <algorithm>\nusing namespace std;\n\nint main() {\n    int n;\n    while (scanf("%d", &n) && n) {  // Keep reading until n is 0\n        vector<int> t(n);\n        long long c = 0;\n\n        for (int i = 0; i < n; i++) {\n            scanf("%d", &t[i]);\n        }\n\n        sort(t.begin(), t.end());\n\n        // Using prefix sum to optimize the cumulative product calculation\n        long long prefixSum = 0;\n        for (int i = 0; i < n; i++) {\n            c += prefixSum; // Add the current prefix sum to the total count\n            prefixSum += t[i]; // Update the prefix sum\n        }\n\n        for (int i = 0; i < n - 1; i++) {\n            c += t[i] * (n - 1 - i);  // Cumulative product calculation\n        }\n\n        printf("%lld\\n", c);\n    }\n    return 0;\n}')"
2025-02-24 17:45:44,445	[INFO]	Step: 35
2025-02-24 17:45:44,445	[INFO]	Stop Steps: 50
2025-02-24 17:45:45,060	[DEBUG]	EXEC>  SUCCESS 3047153.5
2025-02-24 17:45:45,061	[INFO]	3-6     SUCCESS               3047153.50 (98.01%) [1 edit(s)]  
2025-02-24 17:45:45,061	[DEBUG]	patch(3-6)="LineLLMCrossover(('source.cpp', 9), '#include <cstdio>\n#include <vector>\n#include <algorithm>\nusing namespace std;\n\nint main() {\n    int n;\n    while (scanf("%d", &n) && n) {  // Efficiently manage input\n        vector<int> t(n);\n        long long c = 0;\n\n        for (int i = 0; i < n; i++) {\n            scanf("%d", &t[i]);  // Fast input\n        }\n\n        sort(t.begin(), t.end());  // Sort the vector\n\n        for (int i = 0; i < n - 1; i++) {\n            c += t[i] * (n - i - 1);  // Calculate cumulative product\n        }\n\n        printf("%lld\\n", c);  // Efficient output\n    }\n    return 0;\n}')"
2025-02-24 17:45:45,061	[INFO]	Step: 36
2025-02-24 17:45:45,061	[INFO]	Stop Steps: 50
2025-02-24 17:45:45,655	[DEBUG]	EXEC>  SUCCESS 3047147.0
2025-02-24 17:45:45,655	[INFO]	3-7     SUCCESS               3047147.00 (98.01%) [1 edit(s)]  
2025-02-24 17:45:45,655	[DEBUG]	patch(3-7)="LineLLMCrossover(('source.cpp', 10), '#include <cstdio>\n#include <vector>\n#include <algorithm>\nusing namespace std;\n\nint main() {\n    int n;\n    while (scanf("%d", &n) && n) {  // Keep reading until n is 0\n        vector<int> t(n);\n        long long c = 0;\n        \n        // Fast input\n        for (int i = 0; i < n; i++) {\n            scanf("%d", &t[i]);\n        }\n\n        sort(t.begin(), t.end());  // Sort the vector\n\n        long long prefixSum = 0;\n        for (int i = 0; i < n; i++) {\n            c += prefixSum; // Add the current prefix sum to the total count\n            prefixSum += t[i]; // Update the prefix sum\n        }\n\n        printf("%lld\\n", c);  // Efficient output\n    }\n    return 0;\n}')"
2025-02-24 17:45:45,655	[INFO]	Step: 37
2025-02-24 17:45:45,655	[INFO]	Stop Steps: 50
2025-02-24 17:45:46,272	[DEBUG]	EXEC>  SUCCESS 3047330.0
2025-02-24 17:45:46,272	[INFO]	3-8     SUCCESS               3047330.00 (98.01%) [1 edit(s)]  
2025-02-24 17:45:46,272	[DEBUG]	patch(3-8)="LineLLMCrossover(('source.cpp', 11), '#include <cstdio>\n#include <vector>\n#include <algorithm>\nusing namespace std;\n\nint main() {\n    int n;\n    while (scanf("%d", &n) && n) {  // Efficiently manage input\n        vector<int> t(n);\n        long long c = 0;\n\n        for (int i = 0; i < n; i++) {\n            scanf("%d", &t[i]);  // Fast input\n        }\n\n        sort(t.begin(), t.end());  // Sort the vector\n\n        // Using a cumulative product calculation\n        for (int i = 0; i < n - 1; i++) {\n            c += t[i] * (n - 1 - i);  // Calculate cumulative product\n        }\n\n        printf("%lld\\n", c);  // Efficient output\n    }\n    return 0;\n}')"
2025-02-24 17:45:46,272	[INFO]	Step: 38
2025-02-24 17:45:46,272	[INFO]	Stop Steps: 50
2025-02-24 17:45:46,760	[INFO]	3-9     TEST_CODE_ERROR       None (--) [3 edit(s)]  
2025-02-24 17:45:46,760	[DEBUG]	patch(3-9)="LineLLMMutation(('source.cpp', 1), '#include <cstdio>\n#include <vector>\n#include <algorithm>\nusing namespace std;\n\nint main() {\n    int n;\n    long long c;\n    while (true) {\n        scanf("%d", &n);\n        if (n == 0) break;\n\n        vector<int> t(n);\n        c = 0;\n\n        for (int i = 0; i < n; i++) {\n            scanf("%d", &t[i]);\n        }\n\n        sort(t.begin(), t.end());\n\n        for (int i = 0; i < n - 1; i++) {\n            c += t[i] * (n - i - 1);\n        }\n\n        printf("%lld\\n", c);\n    }\n    return 0;\n}') | LineLLMMutation(('source.cpp', 15), '#include <cstdio>\n#include <vector>\n#include <algorithm>\nusing namespace std;\n\nint main() {\n    int n;\n    long long c;\n    while (true) {\n        scanf("%d", &n);\n        if (n == 0) break;\n\n        vector<int> t(n);\n        c = 0;\n\n        for (int i = 0; i < n; i++) {\n            scanf("%d", &t[i]);\n        }\n\n        sort(t.begin(), t.end());\n\n        // Instead of iterating to accumulate the sum, we can use a prefix sum approach.\n        long long prefixSum = 0;\n\n        for (int i = 0; i < n; i++) {\n            c += prefixSum; // Add the current prefix sum to the total count\n            prefixSum += t[i]; // Update the prefix sum\n        }\n\n        printf("%lld\\n", c);\n    }\n    return 0;\n}') | LineLLMMutation(('source.cpp', 20), '#include <cstdio>\n#include <vector>\n#include <algorithm>\nusing namespace std;\n\nint main() {\n    int n;\n    long long c;\n    while (true) {\n        scanf("%d", &n);\n        if (n == 0) break;\n\n        vector<int> t(n);\n        c = 0;\n        long long prefixSum = 0;\n\n        for (int i = 0; i < n; i++) {\n            scanf("%d", &t[i]);\n            prefixSum += t[i]; // Update the prefix sum with the current element\n            c += (i * t[i]); // Add the current accumulated value directly to c\n        }\n\n        printf("%lld\\n", c);\n    }\n    return 0;\n}')"
2025-02-24 17:45:46,761	[INFO]	Step: 39
2025-02-24 17:45:46,761	[INFO]	Stop Steps: 50
2025-02-24 17:45:47,369	[DEBUG]	EXEC>  SUCCESS 3047136.0
2025-02-24 17:45:47,369	[INFO]	3-10    SUCCESS              *3047136.00 (98.01%) [2 edit(s)]  
2025-02-24 17:45:47,369	[DEBUG]	patch(3-10)="LineLLMCrossover(('source.cpp', 6), '#include <cstdio>\n#include <vector>\n#include <algorithm>\nusing namespace std;\n\nint main() {\n    int n;\n    while (true) {\n        scanf("%d", &n);\n        if (n == 0) break;\n\n        long long c = 0;\n        vector<int> t(n);\n\n        for (int i = 0; i < n; i++) {\n            scanf("%d", &t[i]);\n        }\n\n        sort(t.begin(), t.end());\n\n        for (int i = 0; i < n - 1; i++) {\n            c += t[i] * (n - 1 - i);  // Cumulative product calculation\n        }\n\n        printf("%lld\\n", c);  // Output result\n    }\n    return 0;\n}') | LineLLMMutation(('source.cpp', 21), '#include <cstdio>\n#include <vector>\n#include <algorithm>\nusing namespace std;\n\nint main() {\n    int n;\n    while (true) {\n        scanf("%d", &n);\n        if (n == 0) break;\n\n        long long c = 0;\n        vector<int> t(n);\n\n        for (int i = 0; i < n; i++) {\n            scanf("%d", &t[i]);\n        }\n\n        sort(t.begin(), t.end());\n\n        long long prefix_sum = 0; // To hold the cumulative sum\n        for (int i = 0; i < n - 1; i++) {\n            prefix_sum += t[i]; // Update the prefix sum\n            c += prefix_sum; // Add the prefix sum to c\n        }\n\n        printf("%lld\\n", c);  // Output result\n    }\n    return 0;\n}')"

2025-02-24 17:45:47,369	[INFO]	Step: 40
2025-02-24 17:45:47,369	[INFO]	Stop Steps: 50
2025-02-24 17:45:47,970	[DEBUG]	EXEC>  SUCCESS 3052249.0
2025-02-24 17:45:47,971	[INFO]	3-1     SUCCESS               3052249.00 (98.17%) [2 edit(s)]  
2025-02-24 17:45:47,971	[DEBUG]	patch(3-1)="LineLLMCrossover(('source.cpp', 5), '#include <cstdio>\n#include <vector>\n#include <algorithm>\nusing namespace std;\n\nint main() {\n    int n;\n    while (true) {\n        scanf("%d", &n);\n        if (n == 0) break;\n\n        vector<int> t(n);  // Efficiently manage input\n        long long c = 0;\n\n        for (int i = 0; i < n; i++) {\n            scanf("%d", &t[i]);  // Fast input\n        }\n\n        sort(t.begin(), t.end());  // Sort the vector\n\n        for (int i = 0; i < n - 1; i++) {\n            c += t[i] * (n - i - 1);  // Calculate cumulative product\n        }\n\n        printf("%lld\\n", c);  // Efficient output\n    }\n    return 0;\n}') | LineLLMMutation(('source.cpp', 22), '#include <cstdio>\n#include <vector>\n#include <algorithm>\nusing namespace std;\n\nint main() {\n    int n;\n    while (scanf("%d", &n) && n != 0) {  // Combine the input check into one line\n        vector<int> t(n);\n        long long c = 0;\n\n        for (int &value : t) {  // Use range-based for loop for better readability\n            scanf("%d", &value);\n        }\n\n        // Sort the vector in descending order to optimize cumulative product calculation\n        sort(t.rbegin(), t.rend());  \n\n        for (int i = 0; i < n; i++) {\n            c += t[i] * i;  // Calculate cumulative product using the sorted order\n        }\n\n        printf("%lld\\n", c);  // Efficient output\n    }\n    return 0;\n}')"
2025-02-24 17:45:47,971	[INFO]	Step: 41
2025-02-24 17:45:47,971	[INFO]	Stop Steps: 50
2025-02-24 17:45:48,577	[DEBUG]	EXEC>  SUCCESS 3047340.0
2025-02-24 17:45:48,577	[INFO]	3-2     SUCCESS               3047340.00 (98.01%) [2 edit(s)]  
2025-02-24 17:45:48,577	[DEBUG]	patch(3-2)="LineLLMCrossover(('source.cpp', 4), '#include <cstdio>\n#include <vector>\n#include <algorithm>\nusing namespace std;\n\nint main() {\n    int n;\n    while (scanf("%d", &n) && n) {  // Keep reading until n is 0\n        vector<int> t(n);\n        long long c = 0;\n\n        for (int i = 0; i < n; i++) {\n            scanf("%d", &t[i]);\n        }\n\n        sort(t.begin(), t.end());\n\n        for (int i = 0; i < n - 1; i++) {\n            c += t[i] * (n - 1 - i);  // Calculate cumulative product\n        }\n\n        printf("%lld\\n", c);  // Output result\n    }\n    return 0;\n}') | LineLLMMutation(('source.cpp', 23), '#include <cstdio>\n#include <vector>\n#include <algorithm>\nusing namespace std;\n\nint main() {\n    int n;\n    while (scanf("%d", &n) && n) {  // Keep reading until n is 0\n        vector<int> t(n);\n        long long c = 0;\n\n        for (int i = 0; i < n; i++) {\n            scanf("%d", &t[i]);\n        }\n\n        sort(t.begin(), t.end());\n\n        long long cumulative_sum = 0;  // To store cumulative sum\n        for (int i = 0; i < n; i++) {\n            cumulative_sum += t[i];  // Maintain cumulative sum\n            c += t[i] * (n - 1 - i);  // Calculate cumulative product\n        }\n\n        printf("%lld\\n", c);  // Output result\n    }\n    return 0;\n}')"
2025-02-24 17:45:48,577	[INFO]	Step: 42
2025-02-24 17:45:48,578	[INFO]	Stop Steps: 50
2025-02-24 17:45:49,380	[DEBUG]	EXEC>  SUCCESS 3100806.0
2025-02-24 17:45:49,381	[INFO]	3-3     SUCCESS               3100806.00 (99.73%) [1 edit(s)]  
2025-02-24 17:45:49,381	[DEBUG]	patch(3-3)="LineLLMMutation(('source.cpp', 24), '#include <iostream>\n#include <vector>\n#include <algorithm>\n\nusing namespace std;\n\nint main() {\n    int n;\n    long long c;\n\n    for (;;) {\n        cin >> n;\n        if (n == 0)\n            break;\n\n        vector<int> t(n);\n        c = 0;\n\n        for (int i = 0; i < n; i++) {\n            cin >> t[i];\n        }\n\n        sort(t.begin(), t.end());\n\n        for (int i = 0; i < n - 1; i++) {\n            c += t[i] * (n - i - 1);\n        }\n\n        cout << c << endl;\n    }\n\n    return 0;\n}')"
2025-02-24 17:45:49,381	[INFO]	Step: 43
2025-02-24 17:45:49,381	[INFO]	Stop Steps: 50
2025-02-24 17:45:50,188	[DEBUG]	EXEC>  SUCCESS 3100896.5
2025-02-24 17:45:50,188	[INFO]	3-4     SUCCESS               3100896.50 (99.74%) [1 edit(s)]  
2025-02-24 17:45:50,188	[DEBUG]	patch(3-4)="LineLLMMutation(('source.cpp', 25), '#include <iostream>\n#include <vector>\n#include <algorithm>\n\nusing namespace std;\n\nint main() {\n    int n;\n    long long c;\n\n    for (;;) {\n        cin >> n;\n        if (n == 0)\n            break;\n\n        vector<int> t(n);\n        c = 0;\n\n        for (int i = 0; i < n; i++) {\n            cin >> t[i];\n        }\n\n        sort(t.begin(), t.end());\n\n        for (int i = 0; i < n - 1; i++) {\n            c += t[i] * (n - i - 1);\n        }\n\n        cout << c << endl;\n    }\n\n    return 0;\n}')"
2025-02-24 17:45:50,188	[INFO]	Step: 44
2025-02-24 17:45:50,188	[INFO]	Stop Steps: 50
2025-02-24 17:45:50,987	[DEBUG]	EXEC>  SUCCESS 3100896.5
2025-02-24 17:45:50,988	[INFO]	3-5     SUCCESS               3100896.50 (99.74%) [1 edit(s)]  
2025-02-24 17:45:50,988	[DEBUG]	patch(3-5)="LineLLMMutation(('source.cpp', 26), '#include <iostream>\n#include <vector>\n#include <algorithm>\n\nusing namespace std;\n\nint main() {\n    int n;\n    long long c;\n\n    while (true) {\n        cin >> n;\n        if (n == 0)\n            break;\n\n        vector<int> t(n);\n        c = 0;\n\n        for (int i = 0; i < n; i++) {\n            cin >> t[i];\n        }\n\n        sort(t.begin(), t.end());\n\n        for (int i = 0; i < n - 1; i++) {\n            c += t[i] * (n - i - 1);\n        }\n\n        cout << c << endl;\n    }\n\n    return 0;\n}')"
2025-02-24 17:45:50,988	[INFO]	Step: 45
2025-02-24 17:45:50,988	[INFO]	Stop Steps: 50
2025-02-24 17:45:51,798	[DEBUG]	EXEC>  SUCCESS 3100812.5
2025-02-24 17:45:51,799	[INFO]	3-6     SUCCESS               3100812.50 (99.73%) [1 edit(s)]  
2025-02-24 17:45:51,799	[DEBUG]	patch(3-6)="LineLLMMutation(('source.cpp', 27), '#include <iostream>\n#include <vector>\n#include <algorithm>\n\nusing namespace std;\n\nint main() {\n    int n;\n\n    while (true) {\n        cin >> n;\n        if (n == 0)\n            break;\n\n        vector<int> t(n);\n        long long c = 0;\n\n        for (int i = 0; i < n; i++) {\n            cin >> t[i];\n        }\n\n        sort(t.begin(), t.end());\n\n        for (int i = 0; i < n - 1; i++) {\n            c += t[i] * (n - i - 1);\n        }\n\n        cout << c << endl;\n    }\n\n    return 0;\n}')"
2025-02-24 17:45:51,799	[INFO]	Step: 46
2025-02-24 17:45:51,799	[INFO]	Stop Steps: 50
2025-02-24 17:45:52,566	[INFO]	3-7     TEST_CODE_ERROR       None (--) [1 edit(s)]  
2025-02-24 17:45:52,566	[DEBUG]	patch(3-7)="LineLLMMutation(('source.cpp', 28), '#include <iostream>\n#include <vector>\n#include <algorithm>\n#include <numeric>\n\nusing namespace std;\n\nint main() {\n    int n;\n\n    while (true) {\n        cin >> n;\n        if (n == 0)\n            break;\n\n        vector<int> t(n);\n        long long c = 0;\n\n        for (int i = 0; i < n; i++) {\n            cin >> t[i];\n        }\n\n        sort(t.begin(), t.end());\n        c = accumulate(t.begin(), t.end() - 1, 0LL, [&](long long sum, int val) {\n            return sum + val * (n - (&val - &t[0]) - 1);\n        });\n\n        cout << c << endl;\n    }\n\n    return 0;\n}')"
2025-02-24 17:45:52,566	[INFO]	Step: 47
2025-02-24 17:45:52,566	[INFO]	Stop Steps: 50
2025-02-24 17:45:54,190	[DEBUG]	EXEC>  SUCCESS 3109210.0
2025-02-24 17:45:54,190	[INFO]	REF     SUCCESS               3109210.00 (--) [0 edit(s)]  
2025-02-24 17:45:54,190	[INFO]	Best patch: 6_21
2025-02-24 17:45:54,780	[DEBUG]	EXEC>  SUCCESS 3047136.0
2025-02-24 17:45:54,780	[INFO]	BEST    SUCCESS              *3047136.00 (98.00%) [0 edit(s)]  
2025-02-24 17:45:54,780	[INFO]	Best patch step: 39
2025-02-24 17:46:42,542	[INFO]	Step: 47
2025-02-24 17:46:42,542	[INFO]	Stop Steps: 50
2025-02-24 17:46:43,135	[DEBUG]	EXEC>  SUCCESS 3047135.5
2025-02-24 17:46:43,136	[INFO]	4-8     SUCCESS              *3047135.50 (98.00%) [2 edit(s)]  
2025-02-24 17:46:43,136	[DEBUG]	patch(4-8)="LineLLMCrossover(('source.cpp', 6), '#include <cstdio>\n#include <vector>\n#include <algorithm>\nusing namespace std;\n\nint main() {\n    int n;\n    while (true) {\n        scanf("%d", &n);\n        if (n == 0) break;\n\n        long long c = 0;\n        vector<int> t(n);\n\n        for (int i = 0; i < n; i++) {\n            scanf("%d", &t[i]);\n        }\n\n        sort(t.begin(), t.end());\n\n        for (int i = 0; i < n - 1; i++) {\n            c += t[i] * (n - 1 - i);  // Cumulative product calculation\n        }\n\n        printf("%lld\\n", c);  // Output result\n    }\n    return 0;\n}') | LineLLMMutation(('source.cpp', 21), '#include <cstdio>\n#include <vector>\n#include <algorithm>\nusing namespace std;\n\nint main() {\n    int n;\n    while (true) {\n        scanf("%d", &n);\n        if (n == 0) break;\n\n        long long c = 0;\n        vector<int> t(n);\n\n        for (int i = 0; i < n; i++) {\n            scanf("%d", &t[i]);\n        }\n\n        sort(t.begin(), t.end());\n\n        long long prefix_sum = 0; // To hold the cumulative sum\n        for (int i = 0; i < n - 1; i++) {\n            prefix_sum += t[i]; // Update the prefix sum\n            c += prefix_sum; // Add the prefix sum to c\n        }\n\n        printf("%lld\\n", c);  // Output result\n    }\n    return 0;\n}')"

2025-02-24 17:46:43,136	[INFO]	Step: 48
2025-02-24 17:46:43,136	[INFO]	Stop Steps: 50
2025-02-24 17:46:43,732	[DEBUG]	EXEC>  SUCCESS 3047141.0
2025-02-24 17:46:43,732	[INFO]	4-9     SUCCESS               3047141.00 (98.00%) [2 edit(s)]  
2025-02-24 17:46:43,733	[DEBUG]	patch(4-9)="LineLLMMutation(('source.cpp', 1), '#include <cstdio>\n#include <vector>\n#include <algorithm>\nusing namespace std;\n\nint main() {\n    int n;\n    long long c;\n    while (true) {\n        scanf("%d", &n);\n        if (n == 0) break;\n\n        vector<int> t(n);\n        c = 0;\n\n        for (int i = 0; i < n; i++) {\n            scanf("%d", &t[i]);\n        }\n\n        sort(t.begin(), t.end());\n\n        for (int i = 0; i < n - 1; i++) {\n            c += t[i] * (n - i - 1);\n        }\n\n        printf("%lld\\n", c);\n    }\n    return 0;\n}') | LineLLMMutation(('source.cpp', 15), '#include <cstdio>\n#include <vector>\n#include <algorithm>\nusing namespace std;\n\nint main() {\n    int n;\n    long long c;\n    while (true) {\n        scanf("%d", &n);\n        if (n == 0) break;\n\n        vector<int> t(n);\n        c = 0;\n\n        for (int i = 0; i < n; i++) {\n            scanf("%d", &t[i]);\n        }\n\n        sort(t.begin(), t.end());\n\n        // Instead of iterating to accumulate the sum, we can use a prefix sum approach.\n        long long prefixSum = 0;\n\n        for (int i = 0; i < n; i++) {\n            c += prefixSum; // Add the current prefix sum to the total count\n            prefixSum += t[i]; // Update the prefix sum\n        }\n\n        printf("%lld\\n", c);\n    }\n    return 0;\n}')"
2025-02-24 17:46:43,733	[INFO]	Step: 49
2025-02-24 17:46:43,733	[INFO]	Stop Steps: 50
2025-02-24 17:46:44,334	[DEBUG]	EXEC>  SUCCESS 3047147.5
2025-02-24 17:46:44,334	[INFO]	4-10    SUCCESS               3047147.50 (98.00%) [1 edit(s)]  
2025-02-24 17:46:44,334	[DEBUG]	patch(4-10)="LineLLMCrossover(('source.cpp', 12), '#include <cstdio>\n#include <vector>\n#include <algorithm>\nusing namespace std;\n\nint main() {\n    int n;\n    while (scanf("%d", &n) && n) {  \n        vector<int> t(n);\n        long long c = 0;\n        \n        for (int i = 0; i < n; i++) {\n            scanf("%d", &t[i]);\n        }\n\n        sort(t.begin(), t.end());\n\n        long long prefixSum = 0;\n        for (int i = 0; i < n; i++) {\n            c += prefixSum; // Efficiently accumulate the count\n            prefixSum += t[i]; // Update the prefix sum\n        }\n\n        printf("%lld\\n", c);  // Efficient output\n    }\n    return 0;\n}')"
2025-02-24 17:46:44,334	[INFO]	Step: 50
2025-02-24 17:46:44,334	[INFO]	Stop Steps: 50
2025-02-24 17:46:44,334	[INFO]	(Abstract Algorithm) Stopping Condition: step budget
2025-02-24 17:46:44,335	[INFO]	Step: 50
2025-02-24 17:46:44,335	[INFO]	Stop Steps: 50
2025-02-24 17:46:48,794	[INFO]	~~~~ END ~~~~
2025-02-24 17:46:48,794	[INFO]	Best patch step: 47
2025-02-24 17:46:48,795	[INFO]	
2025-02-24 17:46:48,795	[INFO]	==== REPORT ====
2025-02-24 17:46:48,795	[INFO]	Termination: step budget
2025-02-24 17:46:48,795	[INFO]	Log file: /home/luke/magpie/_magpie_logs/0028_1740418820.log
2025-02-24 17:46:48,795	[INFO]	Patch file: _magpie_logs/0028_1740418820.patch
2025-02-24 17:46:48,795	[INFO]	Diff file: _magpie_logs/0028_1740418820.diff
2025-02-24 17:46:48,795	[INFO]	Reference fitness: 3109210.00
2025-02-24 17:46:48,795	[INFO]	Best fitness: 3047135.50
2025-02-24 17:46:48,795	[INFO]	
2025-02-24 17:46:48,796	[INFO]	==== BEST PATCH ====
LineLLMCrossover(('source.cpp', 6), '#include <cstdio>\n#include <vector>\n#include <algorithm>\nusing namespace std;\n\nint main() {\n    int n;\n    while (true) {\n        scanf("%d", &n);\n        if (n == 0) break;\n\n        long long c = 0;\n        vector<int> t(n);\n\n        for (int i = 0; i < n; i++) {\n            scanf("%d", &t[i]);\n        }\n\n        sort(t.begin(), t.end());\n\n        for (int i = 0; i < n - 1; i++) {\n            c += t[i] * (n - 1 - i);  // Cumulative product calculation\n        }\n\n        printf("%lld\\n", c);  // Output result\n    }\n    return 0;\n}') + LineLLMMutation(('source.cpp', 21), '#include <cstdio>\n#include <vector>\n#include <algorithm>\nusing namespace std;\n\nint main() {\n    int n;\n    while (true) {\n        scanf("%d", &n);\n        if (n == 0) break;\n\n        long long c = 0;\n        vector<int> t(n);\n\n        for (int i = 0; i < n; i++) {\n            scanf("%d", &t[i]);\n        }\n\n        sort(t.begin(), t.end());\n\n        long long prefix_sum = 0; // To hold the cumulative sum\n        for (int i = 0; i < n - 1; i++) {\n            prefix_sum += t[i]; // Update the prefix sum\n            c += prefix_sum; // Add the prefix sum to c\n        }\n\n        printf("%lld\\n", c);  // Output result\n    }\n    return 0;\n}')
2025-02-24 17:46:48,796	[INFO]	
2025-02-24 17:46:48,796	[INFO]	==== DIFF ====

