2025-02-24 18:03:04,260	[DEBUG]	==== CONFIG ====
[magpie]
import = 
seed = 3989429096143177
log_dir = _magpie_logs
work_dir = _magpie_work
local_original_copy = True
local_original_name = __original__
output_encoding = ascii
edit_retries = 10
default_timeout = 30
default_lengthout = 10000.0
diff_method = unified
trust_local_filesystem = True

[magpie.log]
color_output = True
format_info = {counter:<7} {status:<20} {best}{fitness} ({ratio}) [{size}] {cached} {log}
format_debug = patch({counter})="{patch}"{diffifbest}
format_fitness = {:.2f}
format_ratio = {:.2%%}
format_patchif = 
	 --> {patch}
format_diffif = 
	{diff}

[software]
path = dataset/magpie_dataset/train/0031
target_files = 
	source.cpp
software = BasicSoftware
model_rules = 
	*.params : ParamFileConfigModel
	*.xml : SrcmlModel
	* : LineModel
model_config = 
	*.params : [paramconfig]
	*.xml : [srcml]
init_cmd = 
init_timeout = 60
init_lengthout = -1
setup_cmd = bash setup.sh
setup_timeout = 
setup_lengthout = 
compile_cmd = bash compile.sh
compile_timeout = 
compile_lengthout = 
test_cmd = bash test.sh
test_timeout = 
test_lengthout = 
run_cmd = bash run.sh
run_timeout = 3
run_lengthout = 
batch_timeout = 
batch_lengthout = 
batch_bin_fitness_strategy = aggregate
batch_fitness_strategy = sum
fitness = time

[srcml]
rename = 
	stmt: break continue decl_stmt do expr_stmt for goto if return switch while
	number: literal_number
focus = block stmt operator_comp operator_arith number
internodes = block
process_pseudo_blocks = True
process_literals = True
process_operators = True

[paramconfig]
timing = test run
cli_prefix = --
cli_glue = =
cli_boolean = show
cli_boolean_prefix_true = 
cli_boolean_prefix_false = no-
cli_none = hide
silent_prefix = @
silent_suffix = $

[search]
protocol = BasicProtocol
algorithm = GeneticProgrammingLLM
possible_edits = 
	LineLLMMutation
	LineLLMCrossover
	LineDeletion
	LineInsertion
	LineReplacement
llm_prob = 1.0
warmup = 5
warmup_strategy = last
max_steps = 50
max_time = 20000
target_fitness = 
cache_maxsize = 100
cache_keep = 0.2
batch_instances = 
batch_shuffle = True
batch_bin_shuffle = False
batch_sample_size = 1

[search.ls]
delete_prob = 0.5
max_neighbours = 
when_trapped = continue
accept_fail = False
tabu_length = 10

[search.gp]
pop_size = 10
delete_prob = 0.0
offspring_elitism = 0.2
offspring_crossover = 0.4
offspring_mutation = 0.4
uniform_rate = 0.5
batch_reset = True
llm_type = baseline

[search.minify]
do_cleanup = True
do_rebuild = True
do_simplify = True
round_robin_limit = 3


2025-02-24 18:03:04,260	[DEBUG]	
2025-02-24 18:03:04,261	[INFO]	==== SEARCH: GeneticProgrammingLLM ====
2025-02-24 18:03:04,261	[INFO]	~~~~ WARMUP ~~~~
2025-02-24 18:03:05,541	[DEBUG]	EXEC>  SUCCESS 4041273.5
2025-02-24 18:03:05,541	[INFO]	WARM    SUCCESS               4041273.50 (--) [0 edit(s)]  
2025-02-24 18:03:06,357	[DEBUG]	EXEC>  SUCCESS 4041183.0
2025-02-24 18:03:06,357	[INFO]	WARM    SUCCESS               4041183.00 (--) [0 edit(s)]  
2025-02-24 18:03:07,180	[DEBUG]	EXEC>  SUCCESS 4041273.0
2025-02-24 18:03:07,180	[INFO]	WARM    SUCCESS               4041273.00 (--) [0 edit(s)]  
2025-02-24 18:03:07,992	[DEBUG]	EXEC>  SUCCESS 4041274.0
2025-02-24 18:03:07,992	[INFO]	WARM    SUCCESS               4041274.00 (--) [0 edit(s)]  
2025-02-24 18:03:08,840	[DEBUG]	EXEC>  SUCCESS 4041182.5
2025-02-24 18:03:08,840	[INFO]	WARM    SUCCESS               4041182.50 (--) [0 edit(s)]  
2025-02-24 18:03:08,840	[INFO]	REF     SUCCESS               4041182.50 (--) [0 edit(s)]  
2025-02-24 18:03:08,841	[INFO]	
2025-02-24 18:03:08,841	[INFO]	~~~~ START ~~~~
2025-02-24 18:04:23,623	[INFO]	0-1     TEST_CODE_ERROR       None (--) [1 edit(s)]  
2025-02-24 18:04:23,623	[DEBUG]	patch(0-1)="LineLLMMutation(('source.cpp', 0), '#include <cstdio>\n#include <cmath>\nusing namespace std;\n\nconst int MAX = 13;\ndouble Cake[MAX];\ndouble box;\ndouble dp[(1 << MAX)][MAX];\n\nvoid init() {\n    fill(dp[0], dp[0] + (1 << MAX) * MAX, 1e9);\n    dp[0][0] = 0;\n}\n\nvoid make() {\n    for(int i = 0; i < MAX; ++i) {\n        scanf("%lf", &Cake[i]);\n    }\n}\n\nvoid solve() {\n    for(int i = 0; i < (1 << MAX); i++)\n        for(int j = 0; j < MAX; j++) {\n            if(i == 0) { dp[(1 << j)][j] = Cake[j]; continue; }\n            for(int k = 0; k < MAX; k++)\n                if(!(i & (1 << k)) && j != k) {\n                    dp[i + (1 << k)][k] = min(dp[i + (1 << k)][k], dp[i][j] + 2.0 * sqrt(Cake[j] * Cake[k]));\n                }\n        }\n    for(int i = 0; i < MAX; i++) {\n        if(dp[(1 << MAX) - 1][i] + Cake[i] <= box) {\n            printf("OK\\n");\n            return;\n        }\n    }\n    printf("NA\\n");\n}\n\nint main() {\n    while(scanf("%lf", &box) == 1) {\n        init();\n        make();\n        solve();\n    }\n    return 0;\n}')"
2025-02-24 18:04:25,083	[INFO]	0-2     TEST_CODE_ERROR       None (--) [1 edit(s)]  
2025-02-24 18:04:25,083	[DEBUG]	patch(0-2)="LineLLMMutation(('source.cpp', 1), '#include <cstdio>\n#include <cmath>\nusing namespace std;\n\nconst int MAX = 13;\ndouble Cake[MAX];\ndouble box;\ndouble dp[(1 << MAX)][MAX];\n\nvoid init() {\n    fill(dp[0], dp[0] + (1 << MAX) * MAX, 1e9);\n    dp[0][0] = 0;\n}\n\nvoid make() {\n    for(int i = 0; i < MAX; ++i) {\n        scanf("%lf", &Cake[i]);\n    }\n}\n\nvoid solve() {\n    for(int i = 0; i < (1 << MAX); i++)\n        for(int j = 0; j < MAX; j++) {\n            if(i == 0) { dp[(1 << j)][j] = Cake[j]; continue; }\n            for(int k = 0; k < MAX; k++)\n                if(!(i & (1 << k)) && j != k) {\n                    dp[i + (1 << k)][k] = min(dp[i + (1 << k)][k], dp[i][j] + 2.0 * sqrt(Cake[j] * Cake[k]));\n                }\n        }\n    for(int i = 0; i < MAX; i++) {\n        if(dp[(1 << MAX) - 1][i] + Cake[i] <= box) {\n            printf("OK\\n");\n            return;\n        }\n    }\n    printf("NA\\n");\n}\n\nint main() {\n    while(scanf("%lf", &box) == 1) {\n        init();\n        make();\n        solve();\n    }\n    return 0;\n}')"
2025-02-24 18:04:26,548	[INFO]	0-3     TEST_CODE_ERROR       None (--) [1 edit(s)]  
2025-02-24 18:04:26,548	[DEBUG]	patch(0-3)="LineLLMMutation(('source.cpp', 2), '#include <cstdio>\n#include <cmath>\n#include <cstdlib>\nusing namespace std;\n\nconst int MAX = 13;\ndouble* Cake;\ndouble box;\ndouble dp[(1 << MAX)][MAX];\n\nvoid init() {\n    fill(dp[0], dp[0] + (1 << MAX) * MAX, 1e9);\n    dp[0][0] = 0;\n}\n\nvoid make(int n) {\n    Cake = (double*)malloc(n * sizeof(double));\n    for(int i = 0; i < n; ++i) {\n        scanf("%lf", &Cake[i]);\n    }\n}\n\nvoid solve(int n) {\n    for(int i = 0; i < (1 << n); i++)\n        for(int j = 0; j < n; j++) {\n            if(i == 0) { dp[(1 << j)][j] = Cake[j]; continue; }\n            for(int k = 0; k < n; k++)\n                if(!(i & (1 << k)) && j != k) {\n                    dp[i + (1 << k)][k] = min(dp[i + (1 << k)][k], dp[i][j] + 2.0 * sqrt(Cake[j] * Cake[k]));\n                }\n        }\n    for(int i = 0; i < n; i++) {\n        if(dp[(1 << n) - 1][i] + Cake[i] <= box) {\n            printf("OK\\n");\n            return;\n        }\n    }\n    printf("NA\\n");\n}\n\nint main() {\n    while(scanf("%lf", &box) == 1) {\n        init();\n        make(MAX);\n        solve(MAX);\n        free(Cake);\n    }\n    return 0;\n}')"
2025-02-24 18:04:28,008	[INFO]	0-4     TEST_CODE_ERROR       None (--) [1 edit(s)]  
2025-02-24 18:04:28,008	[DEBUG]	patch(0-4)="LineLLMMutation(('source.cpp', 3), '#include <cstdio>\n#include <cmath>\nusing namespace std;\n\nconst int MAX = 13;\ndouble Cake[MAX];\ndouble box;\ndouble dp[(1 << MAX)][MAX];\n\nvoid init() {\n    fill(dp[0], dp[0] + (1 << MAX) * MAX, 1e9);\n    dp[0][0] = 0;\n}\n\nvoid make() {\n    for(int i = 0; i < MAX; ++i) {\n        scanf("%lf", &Cake[i]);\n    }\n}\n\nvoid solve() {\n    for(int i = 0; i < (1 << MAX); i++) {\n        for(int j = 0; j < MAX; j++) {\n            if(i == 0) {\n                dp[1 << j][j] = Cake[j];\n                continue;\n            }\n            for(int k = 0; k < MAX; k++) {\n                if(!(i & (1 << k)) && j != k) {\n                    double newValue = dp[i][j] + 2.0 * sqrt(Cake[j] * Cake[k]);\n                    dp[i + (1 << k)][k] = min(dp[i + (1 << k)][k], newValue);\n                }\n            }\n        }\n    }\n    for(int i = 0; i < MAX; i++) {\n        if(dp[(1 << MAX) - 1][i] + Cake[i] <= box) {\n            printf("OK\\n");\n            return;\n        }\n    }\n    printf("NA\\n");\n}\n\nint main() {\n    while(scanf("%lf", &box) == 1) {\n        init();\n        make();\n        solve();\n    }\n    return 0;\n}')"
2025-02-24 18:04:29,479	[INFO]	0-5     TEST_CODE_ERROR       None (--) [1 edit(s)]  
2025-02-24 18:04:29,479	[DEBUG]	patch(0-5)="LineLLMMutation(('source.cpp', 4), '#include <cstdio>\n#include <cmath>\nusing namespace std;\n\nconst int MAX = 13;\ndouble Cake[MAX];\ndouble box;\ndouble dp[(1 << MAX)][MAX];\n\nvoid init() {\n    fill(dp[0], dp[0] + (1 << MAX) * MAX, 1e9);\n    dp[0][0] = 0;\n}\n\nvoid make() {\n    for(int i = 0; i < MAX; ++i) {\n        scanf("%lf", &Cake[i]);\n    }\n}\n\nvoid solve() {\n    for(int i = 0; i < (1 << MAX); i++) {\n        for(int j = 0; j < MAX; j++) {\n            if(i == 0) {\n                dp[1 << j][j] = Cake[j];\n                continue;\n            }\n            for(int k = 0; k < MAX; k++) {\n                if(!(i & (1 << k)) && j != k) {\n                    dp[i + (1 << k)][k] = min(dp[i + (1 << k)][k], dp[i][j] + 2.0 * sqrt(Cake[j] * Cake[k]));\n                }\n            }\n        }\n    }\n    for(int i = 0; i < MAX; i++) {\n        if(dp[(1 << MAX) - 1][i] + Cake[i] <= box) {\n            printf("OK\\n");\n            return;\n        }\n    }\n    printf("NA\\n");\n}\n\nint main() {\n    while(scanf("%lf", &box) == 1) {\n        init();\n        make();\n        solve();\n    }\n    return 0;\n}')"
2025-02-24 18:04:30,955	[INFO]	0-6     TEST_CODE_ERROR       None (--) [1 edit(s)]  
2025-02-24 18:04:30,955	[DEBUG]	patch(0-6)="LineLLMMutation(('source.cpp', 5), '#include <cstdio>\n#include <cmath>\nusing namespace std;\n\nconst int MAX = 13;\ndouble Cake[MAX];\ndouble box;\ndouble dp[(1 << MAX)][MAX];\n\nvoid init() {\n    fill(dp[0], dp[0] + (1 << MAX) * MAX, 1e9);\n    dp[0][0] = 0;\n}\n\nvoid make() {\n    for(int i = 0; i < MAX; ++i) {\n        scanf("%lf", &Cake[i]);\n    }\n}\n\nvoid solve() {\n    for(int i = 0; i < (1 << MAX); i++) {\n        for(int j = 0; j < MAX; j++) {\n            if(i == 0) {\n                dp[1 << j][j] = Cake[j];\n                continue;\n            }\n            for(int k = 0; k < MAX; k++) {\n                if(!(i & (1 << k)) && j != k) {\n                    double newValue = dp[i][j] + 2.0 * sqrt(Cake[j] * Cake[k]);\n                    dp[i + (1 << k)][k] = min(dp[i + (1 << k)][k], newValue);\n                }\n            }\n        }\n    }\n    for(int i = 0; i < MAX; i++) {\n        if(dp[(1 << MAX) - 1][i] + Cake[i] <= box) {\n            printf("OK\\n");\n            return;\n        }\n    }\n    printf("NA\\n");\n}\n\nint main() {\n    while(scanf("%lf", &box) == 1) {\n        init();\n        make();\n        solve();\n    }\n    return 0;\n}')"
2025-02-24 18:04:32,410	[INFO]	0-7     TEST_CODE_ERROR       None (--) [1 edit(s)]  
2025-02-24 18:04:32,410	[DEBUG]	patch(0-7)="LineLLMMutation(('source.cpp', 6), '#include <cstdio>\n#include <cmath>\nusing namespace std;\n\nconst int MAX = 13;\ndouble Cake[MAX];\ndouble box;\ndouble dp[(1 << MAX)][MAX];\n\nvoid init() {\n    fill(dp[0], dp[0] + (1 << MAX) * MAX, 1e9);\n    dp[0][0] = 0;\n}\n\nvoid make() {\n    for(int i = 0; i < MAX; ++i) {\n        scanf("%lf", &Cake[i]);\n    }\n}\n\nvoid solve() {\n    for(int i = 0; i < (1 << MAX); i++) {\n        for(int j = 0; j < MAX; j++) {\n            if(i == 0) {\n                dp[1 << j][j] = Cake[j];\n                continue;\n            }\n            for(int k = 0; k < MAX; k++) {\n                if(!(i & (1 << k)) && j != k) {\n                    double cost = 2.0 * sqrt(Cake[j] * Cake[k]);\n                    dp[i + (1 << k)][k] = min(dp[i + (1 << k)][k], dp[i][j] + cost);\n                }\n            }\n        }\n    }\n    for(int i = 0; i < MAX; i++) {\n        if(dp[(1 << MAX) - 1][i] + Cake[i] <= box) {\n            printf("OK\\n");\n            return;\n        }\n    }\n    printf("NA\\n");\n}\n\nint main() {\n    while(scanf("%lf", &box) == 1) {\n        init();\n        make();\n        solve();\n    }\n    return 0;\n}')"
2025-02-24 18:04:33,869	[INFO]	0-8     TEST_CODE_ERROR       None (--) [1 edit(s)]  
2025-02-24 18:04:33,869	[DEBUG]	patch(0-8)="LineLLMMutation(('source.cpp', 7), '#include <cstdio>\n#include <cmath>\nusing namespace std;\n\nconst int MAX = 13;\ndouble Cake[MAX];\ndouble box;\ndouble dp[(1 << MAX)][MAX];\n\nvoid init() {\n    fill(dp[0], dp[0] + (1 << MAX) * MAX, 1e9);\n    dp[0][0] = 0;\n}\n\nvoid make() {\n    for(int i = 0; i < MAX; ++i) {\n        scanf("%lf", &Cake[i]);\n    }\n}\n\nvoid solve() {\n    for(int i = 0; i < (1 << MAX); i++) {\n        for(int j = 0; j < MAX; j++) {\n            if(i == 0) { dp[1 << j][j] = Cake[j]; continue; }\n            for(int k = 0; k < MAX; k++) {\n                if(!(i & (1 << k)) && j != k) {\n                    double sqrtValue = sqrt(Cake[j] * Cake[k]);\n                    dp[i + (1 << k)][k] = min(dp[i + (1 << k)][k], dp[i][j] + 2.0 * sqrtValue);\n                }\n            }\n        }\n    }\n    for(int i = 0; i < MAX; i++) {\n        if(dp[(1 << MAX) - 1][i] + Cake[i] <= box) {\n            printf("OK\\n");\n            return;\n        }\n    }\n    printf("NA\\n");\n}\n\nint main() {\n    while(scanf("%lf", &box) == 1) {\n        init();\n        make();\n        solve();\n    }\n    return 0;\n}')"
2025-02-24 18:04:35,331	[INFO]	0-9     TEST_CODE_ERROR       None (--) [1 edit(s)]  
2025-02-24 18:04:35,331	[DEBUG]	patch(0-9)="LineLLMMutation(('source.cpp', 8), '#include <cstdio>\n#include <cmath>\nusing namespace std;\n\nconst int MAX = 13;\ndouble Cake[MAX];\ndouble box;\ndouble dp[(1 << MAX)][MAX];\n\nvoid init() {\n    fill(dp[0], dp[0] + (1 << MAX) * MAX, 1e9);\n    dp[0][0] = 0;\n}\n\nvoid make() {\n    for(int i = 0; i < MAX; ++i) {\n        scanf("%lf", &Cake[i]);\n    }\n}\n\nvoid solve() {\n    for(int i = 0; i < (1 << MAX); i++) {\n        for(int j = 0; j < MAX; j++) {\n            double current = i == 0 ? Cake[j] : dp[i][j];\n            for(int k = 0; k < MAX; k++) {\n                if(!(i & (1 << k)) && j != k) {\n                    dp[i + (1 << k)][k] = min(dp[i + (1 << k)][k], current + 2.0 * sqrt(Cake[j] * Cake[k]));\n                }\n            }\n        }\n    }\n    for(int i = 0; i < MAX; i++) {\n        if(dp[(1 << MAX) - 1][i] + Cake[i] <= box) {\n            printf("OK\\n");\n            return;\n        }\n    }\n    printf("NA\\n");\n}\n\nint main() {\n    while(scanf("%lf", &box) == 1) {\n        init();\n        make();\n        solve();\n    }\n    return 0;\n}')"
2025-02-24 18:04:36,795	[INFO]	0-10    TEST_CODE_ERROR       None (--) [1 edit(s)]  
2025-02-24 18:04:36,795	[DEBUG]	patch(0-10)="LineLLMMutation(('source.cpp', 9), '#include <cstdio>\n#include <cmath>\nusing namespace std;\n\nconst int MAX = 13;\ndouble Cake[MAX];\ndouble box;\ndouble dp[(1 << MAX)][MAX];\n\nvoid init() {\n    fill(dp[0], dp[0] + (1 << MAX) * MAX, 1e9);\n    dp[0][0] = 0;\n}\n\nvoid make() {\n    for(int i = 0; i < MAX; ++i) {\n        scanf("%lf", &Cake[i]);\n    }\n}\n\nvoid solve() {\n    for(int i = 0; i < (1 << MAX); i++) {\n        for(int j = 0; j < MAX; j++) {\n            if(i == 0) { dp[1 << j][j] = Cake[j]; continue; }\n            for(int k = 0; k < MAX; k++) {\n                if(!(i & (1 << k)) && j != k) {\n                    dp[i + (1 << k)][k] = min(dp[i + (1 << k)][k], dp[i][j] + 2.0 * sqrt(Cake[j] * Cake[k]));\n                }\n            }\n        }\n    }\n    for(int i = 0; i < MAX; i++) {\n        if(dp[(1 << MAX) - 1][i] + Cake[i] <= box) {\n            printf("OK\\n");\n            return;\n        }\n    }\n    printf("NA\\n");\n}\n\nint main() {\n    while(scanf("%lf", &box) == 1) {\n        init();\n        make();\n        solve();\n    }\n    return 0;\n}')"
2025-02-24 18:04:37,796	[INFO]	Step: 10
2025-02-24 18:04:37,796	[INFO]	Stop Steps: 50
2025-02-24 18:04:39,604	[DEBUG]	EXEC>  SUCCESS 4041182.5
2025-02-24 18:04:39,604	[INFO]	REF     SUCCESS               4041182.50 (--) [0 edit(s)]  
2025-02-24 18:04:39,604	[INFO]	Best patch step: None
2025-02-24 18:05:54,272	[INFO]	~~~~ END ~~~~
2025-02-24 18:05:54,273	[INFO]	Best patch step: None
