2025-02-24 18:25:29,058	[DEBUG]	==== CONFIG ====
[magpie]
import = 
seed = 7620255970568929
log_dir = _magpie_logs
work_dir = _magpie_work
local_original_copy = True
local_original_name = __original__
output_encoding = ascii
edit_retries = 10
default_timeout = 30
default_lengthout = 10000.0
diff_method = unified
trust_local_filesystem = True

[magpie.log]
color_output = True
format_info = {counter:<7} {status:<20} {best}{fitness} ({ratio}) [{size}] {cached} {log}
format_debug = patch({counter})="{patch}"{diffifbest}
format_fitness = {:.2f}
format_ratio = {:.2%%}
format_patchif = 
	 --> {patch}
format_diffif = 
	{diff}

[software]
path = dataset/magpie_dataset/train/0035
target_files = 
	source.cpp
software = BasicSoftware
model_rules = 
	*.params : ParamFileConfigModel
	*.xml : SrcmlModel
	* : LineModel
model_config = 
	*.params : [paramconfig]
	*.xml : [srcml]
init_cmd = 
init_timeout = 60
init_lengthout = -1
setup_cmd = bash setup.sh
setup_timeout = 
setup_lengthout = 
compile_cmd = bash compile.sh
compile_timeout = 
compile_lengthout = 
test_cmd = bash test.sh
test_timeout = 
test_lengthout = 
run_cmd = bash run.sh
run_timeout = 3
run_lengthout = 
batch_timeout = 
batch_lengthout = 
batch_bin_fitness_strategy = aggregate
batch_fitness_strategy = sum
fitness = time

[srcml]
rename = 
	stmt: break continue decl_stmt do expr_stmt for goto if return switch while
	number: literal_number
focus = block stmt operator_comp operator_arith number
internodes = block
process_pseudo_blocks = True
process_literals = True
process_operators = True

[paramconfig]
timing = test run
cli_prefix = --
cli_glue = =
cli_boolean = show
cli_boolean_prefix_true = 
cli_boolean_prefix_false = no-
cli_none = hide
silent_prefix = @
silent_suffix = $

[search]
protocol = BasicProtocol
algorithm = GeneticProgrammingLLM
possible_edits = 
	LineLLMMutation
	LineLLMCrossover
	LineDeletion
	LineInsertion
	LineReplacement
llm_prob = 1.0
warmup = 5
warmup_strategy = last
max_steps = 50
max_time = 20000
target_fitness = 
cache_maxsize = 100
cache_keep = 0.2
batch_instances = 
batch_shuffle = True
batch_bin_shuffle = False
batch_sample_size = 1

[search.ls]
delete_prob = 0.5
max_neighbours = 
when_trapped = continue
accept_fail = False
tabu_length = 10

[search.gp]
pop_size = 10
delete_prob = 0.0
offspring_elitism = 0.2
offspring_crossover = 0.4
offspring_mutation = 0.4
uniform_rate = 0.5
batch_reset = True
llm_type = baseline

[search.minify]
do_cleanup = True
do_rebuild = True
do_simplify = True
round_robin_limit = 3


2025-02-24 18:25:29,059	[DEBUG]	
2025-02-24 18:25:29,059	[INFO]	==== SEARCH: GeneticProgrammingLLM ====
2025-02-24 18:25:29,059	[INFO]	~~~~ WARMUP ~~~~
2025-02-24 18:25:29,797	[DEBUG]	EXEC>  SUCCESS 3129309.0
2025-02-24 18:25:29,797	[INFO]	WARM    SUCCESS               3129309.00 (--) [0 edit(s)]  
2025-02-24 18:25:30,067	[DEBUG]	EXEC>  SUCCESS 3129310.0
2025-02-24 18:25:30,067	[INFO]	WARM    SUCCESS               3129310.00 (--) [0 edit(s)]  
2025-02-24 18:25:30,333	[DEBUG]	EXEC>  SUCCESS 3129309.5
2025-02-24 18:25:30,333	[INFO]	WARM    SUCCESS               3129309.50 (--) [0 edit(s)]  
2025-02-24 18:25:30,595	[DEBUG]	EXEC>  SUCCESS 3129310.0
2025-02-24 18:25:30,595	[INFO]	WARM    SUCCESS               3129310.00 (--) [0 edit(s)]  
2025-02-24 18:25:30,877	[DEBUG]	EXEC>  SUCCESS 3129322.5
2025-02-24 18:25:30,877	[INFO]	WARM    SUCCESS               3129322.50 (--) [0 edit(s)]  
2025-02-24 18:25:30,878	[INFO]	REF     SUCCESS               3129322.50 (--) [0 edit(s)]  
2025-02-24 18:25:30,878	[INFO]	
2025-02-24 18:25:30,878	[INFO]	~~~~ START ~~~~
2025-02-24 18:26:47,744	[DEBUG]	EXEC>  SUCCESS 3271540.5
2025-02-24 18:26:47,744	[INFO]	0-1     SUCCESS              +3271540.50 (104.54%) [1 edit(s)]  
2025-02-24 18:26:47,744	[DEBUG]	patch(0-1)="LineLLMMutation(('source.cpp', 0), '#include <iostream>\n#include <vector>\nusing namespace std;\n\nconst int MAX_X = 10000;\n\nint main() {\n    vector<bool> prime(MAX_X + 1, true);\n    int n;\n\n    for (int i = 2; i * i <= MAX_X; i++) {\n        if (prime[i]) {\n            for (int k = 2 * i; k <= MAX_X; k += i) {\n                prime[k] = false;\n            }\n        }\n    }\n\n    while (true) {\n        cin >> n;\n        if (n == 0) break;\n\n        int max = -1;\n        for (int i = n; i >= 2; i--) {\n            if (prime[i] && i >= 2 && prime[i - 2]) {\n                max = i;\n                break;\n            }\n        }\n\n        cout << max - 2 << " " << max << endl;\n    }\n\n    return 0;\n}')"
2025-02-24 18:26:49,131	[DEBUG]	EXEC>  SUCCESS 3216502.5
2025-02-24 18:26:49,132	[INFO]	0-2     SUCCESS              +3216502.50 (102.79%) [1 edit(s)]  
2025-02-24 18:26:49,132	[DEBUG]	patch(0-2)="LineLLMMutation(('source.cpp', 1), '#include <cstdio>\n#include <vector>\nusing namespace std;\n\nconst int MAX_X = 10000;\n\nint main() {\n    vector<bool> prime(MAX_X + 1, true);\n    int n;\n\n    for (int i = 2; i * i <= MAX_X; i++) {\n        if (prime[i]) {\n            for (int k = 2 * i; k <= MAX_X; k += i) {\n                prime[k] = false;\n            }\n        }\n    }\n\n    while (true) {\n        scanf("%d", &n);\n        if (n == 0) break;\n\n        int max = -1;\n        for (int i = n; i >= 2; i--) {\n            if (prime[i] && i >= 2 && prime[i - 2]) {\n                max = i;\n                break;\n            }\n        }\n\n        printf("%d %d\\n", max - 2, max);\n    }\n\n    return 0;\n}')"
2025-02-24 18:26:50,521	[DEBUG]	EXEC>  SUCCESS 3296670.5
2025-02-24 18:26:50,522	[INFO]	0-3     SUCCESS               3296670.50 (105.35%) [1 edit(s)]  
2025-02-24 18:26:50,522	[DEBUG]	patch(0-3)="LineLLMMutation(('source.cpp', 2), '#include <cstdio>\n#include <vector>\nusing namespace std;\n\nconst int MAX_X = 10000;\n\nint main() {\n    vector<bool> prime(MAX_X + 1, false);\n    int n;\n\n    for (int i = 2; i <= MAX_X; i++) {\n        prime[i] = true;\n    }\n\n    for (int i = 2; i * i <= MAX_X; i++) {\n        if (prime[i]) {\n            for (int k = 2 * i; k <= MAX_X; k += i) {\n                prime[k] = false;\n            }\n        }\n    }\n\n    while (true) {\n        scanf("%d", &n);\n        if (n == 0) break;\n\n        int max = -1;\n        for (int i = n; i >= 2; i--) {\n            if (prime[i] && i >= 2 && prime[i - 2]) {\n                max = i;\n                break;\n            }\n        }\n\n        printf("%d %d\\n", max - 2, max);\n    }\n\n    return 0;\n}')"
2025-02-24 18:26:51,898	[DEBUG]	EXEC>  SUCCESS 3216499.0
2025-02-24 18:26:51,898	[INFO]	0-4     SUCCESS              +3216499.00 (102.79%) [1 edit(s)]  
2025-02-24 18:26:51,898	[DEBUG]	patch(0-4)="LineLLMMutation(('source.cpp', 3), '#include <cstdio>\n#include <vector>\nusing namespace std;\n\nconst int MAX_X = 10000;\n\nint main() {\n    vector<bool> prime(MAX_X + 1, true);\n    int n;\n\n    for (int i = 2; i * i <= MAX_X; i++) {\n        if (prime[i]) {\n            for (int k = 2 * i; k <= MAX_X; k += i) {\n                prime[k] = false;\n            }\n        }\n    }\n\n    while (true) {\n        scanf("%d", &n);\n        if (n == 0) break;\n\n        int max = -1;\n        for (int i = n; i >= 2; i--) {\n            if (prime[i] && i >= 2 && prime[i - 2]) {\n                max = i;\n                break;\n            }\n        }\n\n        if(max != -1)\n            printf("%d %d\\n", max - 2, max);\n    }\n\n    return 0;\n}')"
2025-02-24 18:26:53,283	[DEBUG]	EXEC>  SUCCESS 3216597.5
2025-02-24 18:26:53,283	[INFO]	0-5     SUCCESS               3216597.50 (102.79%) [1 edit(s)]  
2025-02-24 18:26:53,283	[DEBUG]	patch(0-5)="LineLLMMutation(('source.cpp', 4), '#include <cstdio>\n#include <vector>\nusing namespace std;\n\nconst int MAX_X = 10000;\n\nint main() {\n    vector<bool> prime(MAX_X + 1, true);\n    int n;\n\n    for (int i = 2; i * i <= MAX_X; i++) {\n        if (prime[i]) {\n            for (int k = 2 * i; k <= MAX_X; k += i) {\n                prime[k] = false;\n            }\n        }\n    }\n\n    while (true) {\n        scanf("%d", &n);\n        if (n == 0) break;\n\n        int max = -1;\n        for (int i = n; i >= 2; i--) {\n            if (prime[i] && i >= 2 && prime[i - 2]) {\n                max = i;\n                break;\n            }\n        }\n\n        if (max != -1)\n            printf("%d %d\\n", max - 2, max);\n    }\n\n    return 0;\n}')"
2025-02-24 18:26:54,669	[DEBUG]	EXEC>  SUCCESS 3216590.0
2025-02-24 18:26:54,670	[INFO]	0-6     SUCCESS               3216590.00 (102.79%) [1 edit(s)]  
2025-02-24 18:26:54,670	[DEBUG]	patch(0-6)="LineLLMMutation(('source.cpp', 5), '#include <cstdio>\n#include <vector>\nusing namespace std;\n\nconst int MAX_X = 10000;\n\nint main() {\n    vector<bool> prime(MAX_X + 1, true);\n    int n;\n\n    for (int i = 2; i * i <= MAX_X; i++) {\n        if (prime[i]) {\n            for (int k = 2 * i; k <= MAX_X; k += i) {\n                prime[k] = false;\n            }\n        }\n    }\n\n    while (true) {\n        scanf("%d", &n);\n        if (n == 0) break;\n\n        int max = -1;\n        for (int i = n; i >= 2; i--) {\n            if (i >= 2 && prime[i] && prime[i - 2]) {\n                max = i;\n                break;\n            }\n        }\n\n        if (max != -1)\n            printf("%d %d\\n", max - 2, max);\n    }\n\n    return 0;\n}')"
2025-02-24 18:26:56,060	[DEBUG]	EXEC>  SUCCESS 3216500.5
2025-02-24 18:26:56,060	[INFO]	0-7     SUCCESS               3216500.50 (102.79%) [1 edit(s)]  
2025-02-24 18:26:56,060	[DEBUG]	patch(0-7)="LineLLMMutation(('source.cpp', 6), '#include <cstdio>\n#include <vector>\nusing namespace std;\n\nconst int MAX_X = 10000;\n\nint main() {\n    vector<bool> prime(MAX_X + 1, true);\n    int n;\n\n    // Sieve of Eratosthenes\n    for (int i = 2; i * i <= MAX_X; i++) {\n        if (prime[i]) {\n            for (int k = 2 * i; k <= MAX_X; k += i) {\n                prime[k] = false;\n            }\n        }\n    }\n\n    // Read input and find prime twins\n    while (true) {\n        scanf("%d", &n);\n        if (n == 0) break;\n\n        int max = -1;\n        for (int i = n; i >= 2; i--) {\n            if (i >= 2 && prime[i] && prime[i - 2]) {\n                max = i;\n                break;\n            }\n        }\n\n        if (max != -1)\n            printf("%d %d\\n", max - 2, max);\n    }\n\n    return 0;\n}')"
2025-02-24 18:26:57,436	[DEBUG]	EXEC>  SUCCESS 3216499.0
2025-02-24 18:26:57,436	[INFO]	0-8     SUCCESS               3216499.00 (102.79%) [1 edit(s)]  
2025-02-24 18:26:57,436	[DEBUG]	patch(0-8)="LineLLMMutation(('source.cpp', 7), '#include <cstdio>\n#include <vector>\nusing namespace std;\n\nconst int MAX_X = 10000;\n\nint main() {\n    vector<bool> prime(MAX_X + 1, true);\n    int n;\n\n    for (int i = 2; i * i <= MAX_X; i++) {\n        if (prime[i]) {\n            for (int k = 2 * i; k <= MAX_X; k += i) {\n                prime[k] = false;\n            }\n        }\n    }\n\n    while (true) {\n        scanf("%d", &n);\n        if (n == 0) break;\n\n        int max = -1;\n        for (int i = n; i >= 2; i--) {\n            if (prime[i] && prime[i - 2]) {\n                max = i;\n                break;\n            }\n        }\n\n        if (max != -1)\n            printf("%d %d\\n", max - 2, max);\n    }\n\n    return 0;\n}')"
2025-02-24 18:26:58,787	[DEBUG]	EXEC>  SUCCESS 3117756.0
2025-02-24 18:26:58,787	[INFO]	0-9     SUCCESS              *3117756.00 (99.63%) [1 edit(s)]  
2025-02-24 18:26:58,787	[DEBUG]	patch(0-9)="LineLLMMutation(('source.cpp', 8), '#include <cstdio>\n#include <array>\nusing namespace std;\n\nconst int MAX_X = 10000;\n\nint main() {\n    array<bool, MAX_X + 1> prime;\n    prime.fill(true);\n    int n;\n\n    for (int i = 2; i * i <= MAX_X; i++) {\n        if (prime[i]) {\n            for (int k = 2 * i; k <= MAX_X; k += i) {\n                prime[k] = false;\n            }\n        }\n    }\n\n    while (true) {\n        scanf("%d", &n);\n        if (n == 0) break;\n\n        int max = -1;\n        for (int i = n; i >= 2; i--) {\n            if (prime[i] && prime[i - 2]) {\n                max = i;\n                break;\n            }\n        }\n\n        if (max != -1)\n            printf("%d %d\\n", max - 2, max);\n    }\n\n    return 0;\n}')"

2025-02-24 18:26:59,970	[INFO]	0-10    COMPILE_CODE_ERROR    None (--) [1 edit(s)]  
2025-02-24 18:26:59,970	[DEBUG]	patch(0-10)="LineLLMMutation(('source.cpp', 9), '#include <cstdio>\n#include <vector>\nusing namespace std;\n\nconst int MAX_X = 10000;\n\nint main() {\n    vector<bool> prime(MAX_X + 1, false);\n    prime[0] = prime[1] = false; // 0 and 1 are not prime\n    for (int i = 2; i <= MAX_X; i++) {\n        prime[i] = true; // initialize all numbers as prime\n    }\n\n    for (int i = 2; i * i <= MAX_X; i++) {\n        if (prime[i]) {\n            for (int k = 2 * i; k <= MAX_X; k += i) {\n                prime[k] = false;\n            }\n        }\n    }\n\n    while (true) {\n        scanf("%d", &n);\n        if (n == 0) break;\n\n        int max = -1;\n        for (int i = n; i >= 2; i--) {\n            if (prime[i] && prime[i - 2]) {\n                max = i;\n                break;\n            }\n        }\n\n        if (max != -1)\n            printf("%d %d\\n", max - 2, max);\n    }\n\n    return 0;\n}')"
2025-02-24 18:27:00,970	[INFO]	Step: 10
2025-02-24 18:27:00,971	[INFO]	Stop Steps: 50
2025-02-24 18:27:02,269	[DEBUG]	EXEC>  SUCCESS 3129219.5
2025-02-24 18:27:02,269	[INFO]	REF     SUCCESS               3129219.50 (--) [0 edit(s)]  
2025-02-24 18:27:02,269	[INFO]	Best patch: 8
2025-02-24 18:27:02,590	[DEBUG]	EXEC>  SUCCESS 3117847.0
2025-02-24 18:27:02,590	[INFO]	BEST    SUCCESS              *3117847.00 (99.64%) [0 edit(s)]  
2025-02-24 18:27:02,590	[INFO]	Best patch step: 8
2025-02-24 18:28:00,037	[INFO]	Step: 10
2025-02-24 18:28:00,037	[INFO]	Stop Steps: 50
2025-02-24 18:28:00,375	[DEBUG]	EXEC>  SUCCESS 3117756.0
2025-02-24 18:28:00,375	[INFO]	1-1     SUCCESS              *3117756.00 (99.63%) [1 edit(s)]  
2025-02-24 18:28:00,375	[DEBUG]	patch(1-1)="LineLLMMutation(('source.cpp', 8), '#include <cstdio>\n#include <array>\nusing namespace std;\n\nconst int MAX_X = 10000;\n\nint main() {\n    array<bool, MAX_X + 1> prime;\n    prime.fill(true);\n    int n;\n\n    for (int i = 2; i * i <= MAX_X; i++) {\n        if (prime[i]) {\n            for (int k = 2 * i; k <= MAX_X; k += i) {\n                prime[k] = false;\n            }\n        }\n    }\n\n    while (true) {\n        scanf("%d", &n);\n        if (n == 0) break;\n\n        int max = -1;\n        for (int i = n; i >= 2; i--) {\n            if (prime[i] && prime[i - 2]) {\n                max = i;\n                break;\n            }\n        }\n\n        if (max != -1)\n            printf("%d %d\\n", max - 2, max);\n    }\n\n    return 0;\n}')"

2025-02-24 18:28:00,375	[INFO]	Step: 11
2025-02-24 18:28:00,375	[INFO]	Stop Steps: 50
2025-02-24 18:28:00,769	[DEBUG]	EXEC>  SUCCESS 3216500.0
2025-02-24 18:28:00,769	[INFO]	1-2     SUCCESS               3216500.00 (102.79%) [1 edit(s)]  
2025-02-24 18:28:00,769	[DEBUG]	patch(1-2)="LineLLMMutation(('source.cpp', 7), '#include <cstdio>\n#include <vector>\nusing namespace std;\n\nconst int MAX_X = 10000;\n\nint main() {\n    vector<bool> prime(MAX_X + 1, true);\n    int n;\n\n    for (int i = 2; i * i <= MAX_X; i++) {\n        if (prime[i]) {\n            for (int k = 2 * i; k <= MAX_X; k += i) {\n                prime[k] = false;\n            }\n        }\n    }\n\n    while (true) {\n        scanf("%d", &n);\n        if (n == 0) break;\n\n        int max = -1;\n        for (int i = n; i >= 2; i--) {\n            if (prime[i] && prime[i - 2]) {\n                max = i;\n                break;\n            }\n        }\n\n        if (max != -1)\n            printf("%d %d\\n", max - 2, max);\n    }\n\n    return 0;\n}')"
2025-02-24 18:28:00,769	[INFO]	Step: 12
2025-02-24 18:28:00,769	[INFO]	Stop Steps: 50
2025-02-24 18:28:01,154	[DEBUG]	EXEC>  SUCCESS 3216588.5
2025-02-24 18:28:01,155	[INFO]	1-3     SUCCESS               3216588.50 (102.79%) [1 edit(s)]  
2025-02-24 18:28:01,155	[DEBUG]	patch(1-3)="LineLLMCrossover(('source.cpp', 0), '#include <cstdio>\n#include <vector>\nusing namespace std;\n\nconst int MAX_X = 10000;\n\nint main() {\n    vector<bool> prime(MAX_X + 1, true);\n    int n;\n\n    // Sieve of Eratosthenes\n    for (int i = 2; i * i <= MAX_X; i++) {\n        if (prime[i]) {\n            for (int k = 2 * i; k <= MAX_X; k += i) {\n                prime[k] = false;\n            }\n        }\n    }\n\n    // Read input and find prime twins\n    while (true) {\n        scanf("%d", &n);\n        if (n == 0) break;\n\n        int max = -1;\n        for (int i = n; i >= 2; i--) {\n            if (prime[i] && prime[i - 2]) {\n                max = i;\n                break;\n            }\n        }\n\n        if (max != -1)\n            printf("%d %d\\n", max - 2, max);\n    }\n\n    return 0;\n}')"
2025-02-24 18:28:01,155	[INFO]	Step: 13
2025-02-24 18:28:01,155	[INFO]	Stop Steps: 50
2025-02-24 18:28:01,495	[DEBUG]	EXEC>  SUCCESS 3117846.5
2025-02-24 18:28:01,495	[INFO]	1-4     SUCCESS               3117846.50 (99.64%) [1 edit(s)]  
2025-02-24 18:28:01,495	[DEBUG]	patch(1-4)="LineLLMCrossover(('source.cpp', 1), '#include <cstdio>\n#include <array>\nusing namespace std;\n\nconst int MAX_X = 10000;\n\nint main() {\n    array<bool, MAX_X + 1> prime;\n    prime.fill(true);\n    int n;\n\n    // Sieve of Eratosthenes\n    for (int i = 2; i * i <= MAX_X; i++) {\n        if (prime[i]) {\n            for (int k = 2 * i; k <= MAX_X; k += i) {\n                prime[k] = false;\n            }\n        }\n    }\n\n    while (true) {\n        scanf("%d", &n);\n        if (n == 0) break;\n\n        int max = -1;\n        for (int i = n; i >= 2; i--) {\n            if (i >= 2 && prime[i] && prime[i - 2]) {\n                max = i;\n                break;\n            }\n        }\n\n        if (max != -1)\n            printf("%d %d\\n", max - 2, max);\n    }\n\n    return 0;\n}')"
2025-02-24 18:28:01,495	[INFO]	Step: 14
2025-02-24 18:28:01,496	[INFO]	Stop Steps: 50
2025-02-24 18:28:01,885	[DEBUG]	EXEC>  SUCCESS 3216499.5
2025-02-24 18:28:01,885	[INFO]	1-5     SUCCESS               3216499.50 (102.79%) [1 edit(s)]  
2025-02-24 18:28:01,885	[DEBUG]	patch(1-5)="LineLLMCrossover(('source.cpp', 2), '#include <cstdio>\n#include <vector>\nusing namespace std;\n\nconst int MAX_X = 10000;\n\nint main() {\n    vector<bool> prime(MAX_X + 1, true);\n    int n;\n\n    // Sieve of Eratosthenes\n    for (int i = 2; i * i <= MAX_X; i++) {\n        if (prime[i]) {\n            for (int k = 2 * i; k <= MAX_X; k += i) {\n                prime[k] = false;\n            }\n        }\n    }\n\n    // Read input and find prime twins\n    while (true) {\n        scanf("%d", &n);\n        if (n == 0) break;\n\n        int max = -1;\n        for (int i = n; i >= 2; i--) {\n            if (prime[i] && prime[i - 2]) {\n                max = i;\n                break;\n            }\n        }\n\n        if (max != -1)\n            printf("%d %d\\n", max - 2, max);\n    }\n\n    return 0;\n}')"
2025-02-24 18:28:01,885	[INFO]	Step: 15
2025-02-24 18:28:01,885	[INFO]	Stop Steps: 50
2025-02-24 18:28:02,279	[DEBUG]	EXEC>  SUCCESS 3216498.5
2025-02-24 18:28:02,279	[INFO]	1-6     SUCCESS               3216498.50 (102.79%) [1 edit(s)]  
2025-02-24 18:28:02,279	[DEBUG]	patch(1-6)="LineLLMCrossover(('source.cpp', 3), '#include <cstdio>\n#include <vector>\nusing namespace std;\n\nconst int MAX_X = 10000;\n\nint main() {\n    vector<bool> prime(MAX_X + 1, true);\n    int n;\n\n    // Sieve of Eratosthenes\n    for (int i = 2; i * i <= MAX_X; i++) {\n        if (prime[i]) {\n            for (int k = 2 * i; k <= MAX_X; k += i) {\n                prime[k] = false;\n            }\n        }\n    }\n\n    // Read input and find prime twins\n    while (true) {\n        scanf("%d", &n);\n        if (n == 0) break;\n\n        int max = -1;\n        for (int i = n; i >= 2; i--) {\n            if (prime[i] && prime[i - 2]) {\n                max = i;\n                break;\n            }\n        }\n\n        if (max != -1)\n            printf("%d %d\\n", max - 2, max);\n    }\n\n    return 0;\n}')"
2025-02-24 18:28:02,279	[INFO]	Step: 16
2025-02-24 18:28:02,279	[INFO]	Stop Steps: 50
2025-02-24 18:28:02,733	[DEBUG]	EXEC>  SUCCESS 3113569.0
2025-02-24 18:28:02,733	[INFO]	1-7     SUCCESS              *3113569.00 (99.50%) [2 edit(s)]  
2025-02-24 18:28:02,733	[DEBUG]	patch(1-7)="LineLLMMutation(('source.cpp', 8), '#include <cstdio>\n#include <array>\nusing namespace std;\n\nconst int MAX_X = 10000;\n\nint main() {\n    array<bool, MAX_X + 1> prime;\n    prime.fill(true);\n    int n;\n\n    for (int i = 2; i * i <= MAX_X; i++) {\n        if (prime[i]) {\n            for (int k = 2 * i; k <= MAX_X; k += i) {\n                prime[k] = false;\n            }\n        }\n    }\n\n    while (true) {\n        scanf("%d", &n);\n        if (n == 0) break;\n\n        int max = -1;\n        for (int i = n; i >= 2; i--) {\n            if (prime[i] && prime[i - 2]) {\n                max = i;\n                break;\n            }\n        }\n\n        if (max != -1)\n            printf("%d %d\\n", max - 2, max);\n    }\n\n    return 0;\n}') | LineLLMMutation(('source.cpp', 10), '#include <cstdio>\n#include <array>\n#include <cmath>\nusing namespace std;\n\nconst int MAX_X = 10000;\n\nint main() {\n    array<bool, MAX_X + 1> prime;\n    prime.fill(true);\n    prime[0] = prime[1] = false; // 0 and 1 are not prime\n    int n;\n\n    // Sieve of Eratosthenes optimization\n    for (int i = 2; i * i <= MAX_X; i++) {\n        if (prime[i]) {\n            for (int k = i * i; k <= MAX_X; k += i) { // Start from i*i\n                prime[k] = false;\n            }\n        }\n    }\n\n    while (true) {\n        scanf("%d", &n);\n        if (n == 0) break;\n\n        int max = -1;\n        for (int i = n; i >= 2; i--) {\n            if (prime[i] && prime[i - 2]) {\n                max = i;\n                break;\n            }\n        }\n\n        if (max != -1)\n            printf("%d %d\\n", max - 2, max);\n    }\n\n    return 0;\n}')"

2025-02-24 18:28:02,733	[INFO]	Step: 17
2025-02-24 18:28:02,733	[INFO]	Stop Steps: 50
2025-02-24 18:28:03,120	[DEBUG]	EXEC>  SUCCESS 3241287.5
2025-02-24 18:28:03,121	[INFO]	1-8     SUCCESS               3241287.50 (103.58%) [2 edit(s)]  
2025-02-24 18:28:03,121	[DEBUG]	patch(1-8)="LineLLMMutation(('source.cpp', 7), '#include <cstdio>\n#include <vector>\nusing namespace std;\n\nconst int MAX_X = 10000;\n\nint main() {\n    vector<bool> prime(MAX_X + 1, true);\n    int n;\n\n    for (int i = 2; i * i <= MAX_X; i++) {\n        if (prime[i]) {\n            for (int k = 2 * i; k <= MAX_X; k += i) {\n                prime[k] = false;\n            }\n        }\n    }\n\n    while (true) {\n        scanf("%d", &n);\n        if (n == 0) break;\n\n        int max = -1;\n        for (int i = n; i >= 2; i--) {\n            if (prime[i] && prime[i - 2]) {\n                max = i;\n                break;\n            }\n        }\n\n        if (max != -1)\n            printf("%d %d\\n", max - 2, max);\n    }\n\n    return 0;\n}') | LineLLMMutation(('source.cpp', 11), '#include <cstdio>\n#include <vector>\nusing namespace std;\n\nconst int MAX_X = 10000;\n\nint main() {\n    vector<bool> prime(MAX_X + 1, true);\n    int n;\n\n    // Sieve of Eratosthenes optimization\n    prime[0] = prime[1] = false; // 0 and 1 are not primes\n    for (int i = 2; i * i <= MAX_X; i++) {\n        if (prime[i]) {\n            for (int k = i * i; k <= MAX_X; k += i) { // Start from i*i\n                prime[k] = false;\n            }\n        }\n    }\n\n    while (true) {\n        scanf("%d", &n);\n        if (n == 0) break;\n\n        int max = -1;\n        for (int i = n; i >= 2; i--) {\n            if (prime[i] && prime[i - 2]) {\n                max = i;\n                break;\n            }\n        }\n\n        if (max != -1)\n            printf("%d %d\\n", max - 2, max);\n    }\n\n    return 0;\n}')"
2025-02-24 18:28:03,121	[INFO]	Step: 18
2025-02-24 18:28:03,121	[INFO]	Stop Steps: 50
2025-02-24 18:28:03,498	[DEBUG]	EXEC>  SUCCESS 3241287.0
2025-02-24 18:28:03,498	[INFO]	1-9     SUCCESS               3241287.00 (103.58%) [2 edit(s)]  
2025-02-24 18:28:03,498	[DEBUG]	patch(1-9)="LineLLMMutation(('source.cpp', 3), '#include <cstdio>\n#include <vector>\nusing namespace std;\n\nconst int MAX_X = 10000;\n\nint main() {\n    vector<bool> prime(MAX_X + 1, true);\n    int n;\n\n    for (int i = 2; i * i <= MAX_X; i++) {\n        if (prime[i]) {\n            for (int k = 2 * i; k <= MAX_X; k += i) {\n                prime[k] = false;\n            }\n        }\n    }\n\n    while (true) {\n        scanf("%d", &n);\n        if (n == 0) break;\n\n        int max = -1;\n        for (int i = n; i >= 2; i--) {\n            if (prime[i] && i >= 2 && prime[i - 2]) {\n                max = i;\n                break;\n            }\n        }\n\n        if(max != -1)\n            printf("%d %d\\n", max - 2, max);\n    }\n\n    return 0;\n}') | LineLLMMutation(('source.cpp', 12), '#include <cstdio>\n#include <vector>\nusing namespace std;\n\nconst int MAX_X = 10000;\n\nint main() {\n    vector<bool> prime(MAX_X + 1, true);\n    prime[0] = prime[1] = false; // 0 and 1 are not prime\n    int n;\n\n    for (int i = 2; i * i <= MAX_X; i++) {\n        if (prime[i]) {\n            for (int k = i * i; k <= MAX_X; k += i) { // Start from i * i\n                prime[k] = false;\n            }\n        }\n    }\n\n    while (true) {\n        scanf("%d", &n);\n        if (n == 0) break;\n\n        int max = -1;\n        for (int i = n; i >= 2; i--) {\n            if (prime[i] && i >= 2 && prime[i - 2]) {\n                max = i;\n                break;\n            }\n        }\n\n        if(max != -1)\n            printf("%d %d\\n", max - 2, max);\n    }\n\n    return 0;\n}')"
2025-02-24 18:28:03,498	[INFO]	Step: 19
2025-02-24 18:28:03,498	[INFO]	Stop Steps: 50
2025-02-24 18:28:03,890	[DEBUG]	EXEC>  SUCCESS 3120043.0
2025-02-24 18:28:03,891	[INFO]	1-10    SUCCESS               3120043.00 (99.71%) [2 edit(s)]  
2025-02-24 18:28:03,891	[DEBUG]	patch(1-10)="LineLLMMutation(('source.cpp', 6), '#include <cstdio>\n#include <vector>\nusing namespace std;\n\nconst int MAX_X = 10000;\n\nint main() {\n    vector<bool> prime(MAX_X + 1, true);\n    int n;\n\n    // Sieve of Eratosthenes\n    for (int i = 2; i * i <= MAX_X; i++) {\n        if (prime[i]) {\n            for (int k = 2 * i; k <= MAX_X; k += i) {\n                prime[k] = false;\n            }\n        }\n    }\n\n    // Read input and find prime twins\n    while (true) {\n        scanf("%d", &n);\n        if (n == 0) break;\n\n        int max = -1;\n        for (int i = n; i >= 2; i--) {\n            if (i >= 2 && prime[i] && prime[i - 2]) {\n                max = i;\n                break;\n            }\n        }\n\n        if (max != -1)\n            printf("%d %d\\n", max - 2, max);\n    }\n\n    return 0;\n}') | LineLLMMutation(('source.cpp', 13), '#include <cstdio>\n#include <vector>\nusing namespace std;\n\nconst int MAX_X = 10000;\n\nint main() {\n    // Use a smaller data type for the prime vector\n    vector<char> prime(MAX_X + 1, 1); // true is 1, false is 0\n    int n;\n\n    // Sieve of Eratosthenes\n    prime[0] = prime[1] = 0; // 0 and 1 are not prime\n    for (int i = 2; i * i <= MAX_X; i++) {\n        if (prime[i]) {\n            for (int k = i * i; k <= MAX_X; k += i) {\n                prime[k] = 0; // mark as non-prime\n            }\n        }\n    }\n\n    // Read input and find prime twins\n    while (true) {\n        scanf("%d", &n);\n        if (n == 0) break;\n\n        int max = -1;\n        for (int i = n; i >= 2; i--) {\n            if (prime[i] && prime[i - 2]) {\n                max = i;\n                break;\n            }\n        }\n\n        if (max != -1)\n            printf("%d %d\\n", max - 2, max);\n    }\n\n    return 0;\n}')"
2025-02-24 18:28:03,891	[INFO]	Step: 20
2025-02-24 18:28:03,891	[INFO]	Stop Steps: 50
2025-02-24 18:28:04,163	[DEBUG]	EXEC>  SUCCESS 3128480.0
2025-02-24 18:28:04,163	[INFO]	1-1     SUCCESS               3128480.00 (99.98%) [1 edit(s)]  
2025-02-24 18:28:04,164	[DEBUG]	patch(1-1)="LineLLMMutation(('source.cpp', 14), '#include <stdio.h>\n\nconst int MAX_X = 10000;\nint prime[MAX_X + 1]; // Ensure prime array covers all numbers up to MAX_X\n\nvoid sieve() {\n    for (int i = 2; i <= MAX_X; i++) {\n        prime[i] = 1; // Initialize all numbers as prime\n    }\n    for (int i = 2; i * i <= MAX_X; i++) {\n        if (prime[i]) {\n            for (int k = i * i; k <= MAX_X; k += i) { // Start from i*i for optimization\n                prime[k] = 0; // Mark multiples of i as non-prime\n            }\n        }\n    }\n}\n\nint main() {\n    sieve(); // Generate prime numbers once at the start\n\n    int n;\n    while (scanf("%d", &n), n != 0) { // Combine input and condition check\n        int max = -1; // Initialize max to -1 to handle edge cases\n        for (int i = n; i >= 2; i--) {\n            if (prime[i] && i >= 2 && prime[i - 2]) {\n                max = i; // Find the largest prime number that has a twin prime\n                break;\n            }\n        }\n        if (max != -1) { // Check if a prime was found\n            printf("%d %d\\n", max - 2, max);\n        } else {\n            printf("No twin prime found.\\n"); // Handle case where no twin primes are found\n        }\n    }\n    return 0;\n}')"
2025-02-24 18:28:04,164	[INFO]	Step: 21
2025-02-24 18:28:04,164	[INFO]	Stop Steps: 50
2025-02-24 18:28:05,440	[DEBUG]	EXEC>  SUCCESS 3129219.0
2025-02-24 18:28:05,440	[INFO]	REF     SUCCESS               3129219.00 (--) [0 edit(s)]  
2025-02-24 18:28:05,440	[INFO]	Best patch: 8_10
2025-02-24 18:28:05,880	[DEBUG]	EXEC>  SUCCESS 3113607.0
2025-02-24 18:28:05,880	[INFO]	BEST    SUCCESS              *3113607.00 (99.50%) [0 edit(s)]  
2025-02-24 18:28:05,880	[INFO]	Best patch step: 16
2025-02-24 18:29:01,423	[INFO]	Step: 21
2025-02-24 18:29:01,423	[INFO]	Stop Steps: 50
2025-02-24 18:29:01,887	[DEBUG]	EXEC>  SUCCESS 3113658.5
2025-02-24 18:29:01,888	[INFO]	2-2     SUCCESS              +3113658.50 (99.50%) [2 edit(s)]  
2025-02-24 18:29:01,888	[DEBUG]	patch(2-2)="LineLLMMutation(('source.cpp', 8), '#include <cstdio>\n#include <array>\nusing namespace std;\n\nconst int MAX_X = 10000;\n\nint main() {\n    array<bool, MAX_X + 1> prime;\n    prime.fill(true);\n    int n;\n\n    for (int i = 2; i * i <= MAX_X; i++) {\n        if (prime[i]) {\n            for (int k = 2 * i; k <= MAX_X; k += i) {\n                prime[k] = false;\n            }\n        }\n    }\n\n    while (true) {\n        scanf("%d", &n);\n        if (n == 0) break;\n\n        int max = -1;\n        for (int i = n; i >= 2; i--) {\n            if (prime[i] && prime[i - 2]) {\n                max = i;\n                break;\n            }\n        }\n\n        if (max != -1)\n            printf("%d %d\\n", max - 2, max);\n    }\n\n    return 0;\n}') | LineLLMMutation(('source.cpp', 10), '#include <cstdio>\n#include <array>\n#include <cmath>\nusing namespace std;\n\nconst int MAX_X = 10000;\n\nint main() {\n    array<bool, MAX_X + 1> prime;\n    prime.fill(true);\n    prime[0] = prime[1] = false; // 0 and 1 are not prime\n    int n;\n\n    // Sieve of Eratosthenes optimization\n    for (int i = 2; i * i <= MAX_X; i++) {\n        if (prime[i]) {\n            for (int k = i * i; k <= MAX_X; k += i) { // Start from i*i\n                prime[k] = false;\n            }\n        }\n    }\n\n    while (true) {\n        scanf("%d", &n);\n        if (n == 0) break;\n\n        int max = -1;\n        for (int i = n; i >= 2; i--) {\n            if (prime[i] && prime[i - 2]) {\n                max = i;\n                break;\n            }\n        }\n\n        if (max != -1)\n            printf("%d %d\\n", max - 2, max);\n    }\n\n    return 0;\n}')"
2025-02-24 18:29:01,888	[INFO]	Step: 22
2025-02-24 18:29:01,888	[INFO]	Stop Steps: 50
2025-02-24 18:29:02,209	[DEBUG]	EXEC>  SUCCESS 3117757.0
2025-02-24 18:29:02,209	[INFO]	2-3     SUCCESS               3117757.00 (99.63%) [1 edit(s)]  
2025-02-24 18:29:02,209	[DEBUG]	patch(2-3)="LineLLMMutation(('source.cpp', 8), '#include <cstdio>\n#include <array>\nusing namespace std;\n\nconst int MAX_X = 10000;\n\nint main() {\n    array<bool, MAX_X + 1> prime;\n    prime.fill(true);\n    int n;\n\n    for (int i = 2; i * i <= MAX_X; i++) {\n        if (prime[i]) {\n            for (int k = 2 * i; k <= MAX_X; k += i) {\n                prime[k] = false;\n            }\n        }\n    }\n\n    while (true) {\n        scanf("%d", &n);\n        if (n == 0) break;\n\n        int max = -1;\n        for (int i = n; i >= 2; i--) {\n            if (prime[i] && prime[i - 2]) {\n                max = i;\n                break;\n            }\n        }\n\n        if (max != -1)\n            printf("%d %d\\n", max - 2, max);\n    }\n\n    return 0;\n}')"
2025-02-24 18:29:02,209	[INFO]	Step: 23
2025-02-24 18:29:02,209	[INFO]	Stop Steps: 50
2025-02-24 18:29:02,582	[DEBUG]	EXEC>  SUCCESS 3120134.0
2025-02-24 18:29:02,582	[INFO]	2-4     SUCCESS               3120134.00 (99.71%) [1 edit(s)]  
2025-02-24 18:29:02,582	[DEBUG]	patch(2-4)="LineLLMCrossover(('source.cpp', 4), '#include <cstdio>\n#include <vector>\nusing namespace std;\n\nconst int MAX_X = 10000;\n\nint main() {\n    vector<char> prime(MAX_X + 1, 1); // true is 1, false is 0\n    prime[0] = prime[1] = 0; // 0 and 1 are not prime\n    int n;\n\n    // Sieve of Eratosthenes optimization\n    for (int i = 2; i * i <= MAX_X; i++) {\n        if (prime[i]) {\n            for (int k = i * i; k <= MAX_X; k += i) {\n                prime[k] = 0; // mark as non-prime\n            }\n        }\n    }\n\n    while (true) {\n        scanf("%d", &n);\n        if (n == 0) break;\n\n        int max = -1;\n        for (int i = n; i >= 2; i--) {\n            if (prime[i] && prime[i - 2]) {\n                max = i;\n                break;\n            }\n        }\n\n        if (max != -1)\n            printf("%d %d\\n", max - 2, max);\n    }\n\n    return 0;\n}')"
2025-02-24 18:29:02,582	[INFO]	Step: 24
2025-02-24 18:29:02,582	[INFO]	Stop Steps: 50
2025-02-24 18:29:02,926	[DEBUG]	EXEC>  SUCCESS 3113750.0
2025-02-24 18:29:02,926	[INFO]	2-5     SUCCESS               3113750.00 (99.51%) [1 edit(s)]  
2025-02-24 18:29:02,926	[DEBUG]	patch(2-5)="LineLLMCrossover(('source.cpp', 5), '#include <cstdio>\n#include <array>\nusing namespace std;\n\nconst int MAX_X = 10000;\n\nint main() {\n    array<bool, MAX_X + 1> prime;\n    prime.fill(true);\n    prime[0] = prime[1] = false; // 0 and 1 are not prime\n    int n;\n\n    // Sieve of Eratosthenes optimization\n    for (int i = 2; i * i <= MAX_X; i++) {\n        if (prime[i]) {\n            for (int k = i * i; k <= MAX_X; k += i) {\n                prime[k] = false;\n            }\n        }\n    }\n\n    while (true) {\n        scanf("%d", &n);\n        if (n == 0) break;\n\n        int max = -1;\n        for (int i = n; i >= 2; i--) {\n            if (prime[i] && prime[i - 2]) {\n                max = i;\n                break;\n            }\n        }\n\n        if (max != -1)\n            printf("%d %d\\n", max - 2, max);\n    }\n\n    return 0;\n}')"
2025-02-24 18:29:02,926	[INFO]	Step: 25
2025-02-24 18:29:02,926	[INFO]	Stop Steps: 50
2025-02-24 18:29:03,257	[DEBUG]	EXEC>  SUCCESS 3117759.0
2025-02-24 18:29:03,258	[INFO]	2-6     SUCCESS               3117759.00 (99.63%) [1 edit(s)]  
2025-02-24 18:29:03,258	[DEBUG]	patch(2-6)="LineLLMCrossover(('source.cpp', 6), '#include <cstdio>\n#include <array>\nusing namespace std;\n\nconst int MAX_X = 10000;\n\nint main() {\n    array<bool, MAX_X + 1> prime;\n    prime.fill(true);\n    prime[0] = prime[1] = false; // 0 and 1 are not prime\n    int n;\n\n    // Sieve of Eratosthenes optimization\n    for (int i = 2; i * i <= MAX_X; i++) {\n        if (prime[i]) {\n            for (int k = 2 * i; k <= MAX_X; k += i) {\n                prime[k] = false;\n            }\n        }\n    }\n\n    while (true) {\n        scanf("%d", &n);\n        if (n == 0) break;\n\n        int max = -1;\n        for (int i = n; i >= 2; i--) {\n            if (i >= 2 && prime[i] && prime[i - 2]) {\n                max = i;\n                break;\n            }\n        }\n\n        if (max != -1)\n            printf("%d %d\\n", max - 2, max);\n    }\n\n    return 0;\n}')"
2025-02-24 18:29:03,258	[INFO]	Step: 26
2025-02-24 18:29:03,258	[INFO]	Stop Steps: 50
2025-02-24 18:29:03,638	[DEBUG]	EXEC>  SUCCESS 3241286.5
2025-02-24 18:29:03,638	[INFO]	2-7     SUCCESS               3241286.50 (103.58%) [1 edit(s)]  
2025-02-24 18:29:03,638	[DEBUG]	patch(2-7)="LineLLMCrossover(('source.cpp', 7), '#include <cstdio>\n#include <vector>\nusing namespace std;\n\nconst int MAX_X = 10000;\n\nint main() {\n    vector<bool> prime(MAX_X + 1, true); // true represents prime\n    prime[0] = prime[1] = false; // 0 and 1 are not prime\n    int n;\n\n    // Sieve of Eratosthenes optimization\n    for (int i = 2; i * i <= MAX_X; i++) {\n        if (prime[i]) {\n            for (int k = i * i; k <= MAX_X; k += i) {\n                prime[k] = false; // mark as non-prime\n            }\n        }\n    }\n\n    while (true) {\n        scanf("%d", &n);\n        if (n == 0) break;\n\n        int max = -1;\n        for (int i = n; i >= 2; i--) {\n            if (prime[i] && prime[i - 2]) {\n                max = i;\n                break;\n            }\n        }\n\n        if (max != -1)\n            printf("%d %d\\n", max - 2, max);\n    }\n\n    return 0;\n}')"
2025-02-24 18:29:03,638	[INFO]	Step: 27
2025-02-24 18:29:03,638	[INFO]	Stop Steps: 50
2025-02-24 18:29:03,983	[INFO]	2-8     TEST_CODE_ERROR       None (--) [3 edit(s)]  
2025-02-24 18:29:03,983	[DEBUG]	patch(2-8)="LineLLMMutation(('source.cpp', 8), '#include <cstdio>\n#include <array>\nusing namespace std;\n\nconst int MAX_X = 10000;\n\nint main() {\n    array<bool, MAX_X + 1> prime;\n    prime.fill(true);\n    int n;\n\n    for (int i = 2; i * i <= MAX_X; i++) {\n        if (prime[i]) {\n            for (int k = 2 * i; k <= MAX_X; k += i) {\n                prime[k] = false;\n            }\n        }\n    }\n\n    while (true) {\n        scanf("%d", &n);\n        if (n == 0) break;\n\n        int max = -1;\n        for (int i = n; i >= 2; i--) {\n            if (prime[i] && prime[i - 2]) {\n                max = i;\n                break;\n            }\n        }\n\n        if (max != -1)\n            printf("%d %d\\n", max - 2, max);\n    }\n\n    return 0;\n}') | LineLLMMutation(('source.cpp', 10), '#include <cstdio>\n#include <array>\n#include <cmath>\nusing namespace std;\n\nconst int MAX_X = 10000;\n\nint main() {\n    array<bool, MAX_X + 1> prime;\n    prime.fill(true);\n    prime[0] = prime[1] = false; // 0 and 1 are not prime\n    int n;\n\n    // Sieve of Eratosthenes optimization\n    for (int i = 2; i * i <= MAX_X; i++) {\n        if (prime[i]) {\n            for (int k = i * i; k <= MAX_X; k += i) { // Start from i*i\n                prime[k] = false;\n            }\n        }\n    }\n\n    while (true) {\n        scanf("%d", &n);\n        if (n == 0) break;\n\n        int max = -1;\n        for (int i = n; i >= 2; i--) {\n            if (prime[i] && prime[i - 2]) {\n                max = i;\n                break;\n            }\n        }\n\n        if (max != -1)\n            printf("%d %d\\n", max - 2, max);\n    }\n\n    return 0;\n}') | LineLLMMutation(('source.cpp', 15), '#include <cstdio>\n#include <vector>\nusing namespace std;\n\nconst int MAX_X = 10000;\n\nint main() {\n    vector<bool> prime(MAX_X + 1, true);\n    prime[0] = prime[1] = false; // 0 and 1 are not prime\n    int n;\n\n    // Sieve of Eratosthenes optimization\n    for (int i = 2; i * i <= MAX_X; i++) {\n        if (prime[i]) {\n            for (int k = i * i; k <= MAX_X; k += i) { // Start from i*i\n                prime[k] = false;\n            }\n        }\n    }\n\n    while (true) {\n        scanf("%d", &n);\n        if (n == 0) break;\n\n        int max = -1;\n        for (int i = n; i >= 3; i -= 2) { // Only check odd numbers\n            if (prime[i] && prime[i - 2]) {\n                max = i;\n                break;\n            }\n        }\n\n        if (max != -1)\n            printf("%d %d\\n", max - 2, max);\n    }\n\n    return 0;\n}')"
2025-02-24 18:29:03,983	[INFO]	Step: 28
2025-02-24 18:29:03,983	[INFO]	Stop Steps: 50
2025-02-24 18:29:04,357	[DEBUG]	EXEC>  SUCCESS 3113568.0
2025-02-24 18:29:04,357	[INFO]	2-9     SUCCESS              *3113568.00 (99.50%) [2 edit(s)]  
2025-02-24 18:29:04,357	[DEBUG]	patch(2-9)="LineLLMMutation(('source.cpp', 8), '#include <cstdio>\n#include <array>\nusing namespace std;\n\nconst int MAX_X = 10000;\n\nint main() {\n    array<bool, MAX_X + 1> prime;\n    prime.fill(true);\n    int n;\n\n    for (int i = 2; i * i <= MAX_X; i++) {\n        if (prime[i]) {\n            for (int k = 2 * i; k <= MAX_X; k += i) {\n                prime[k] = false;\n            }\n        }\n    }\n\n    while (true) {\n        scanf("%d", &n);\n        if (n == 0) break;\n\n        int max = -1;\n        for (int i = n; i >= 2; i--) {\n            if (prime[i] && prime[i - 2]) {\n                max = i;\n                break;\n            }\n        }\n\n        if (max != -1)\n            printf("%d %d\\n", max - 2, max);\n    }\n\n    return 0;\n}') | LineLLMMutation(('source.cpp', 16), '#include <cstdio>\n#include <array>\nusing namespace std;\n\nconst int MAX_X = 10000;\n\nint main() {\n    array<bool, MAX_X + 1> prime;\n    prime.fill(true);\n    int n;\n\n    for (int i = 2; i * i <= MAX_X; i++) {\n        if (prime[i]) {\n            for (int k = i * i; k <= MAX_X; k += i) { // Start from i*i instead of 2*i\n                prime[k] = false;\n            }\n        }\n    }\n\n    while (true) {\n        scanf("%d", &n);\n        if (n == 0) break;\n\n        int max = -1;\n        for (int i = n; i >= 2; i--) {\n            if (prime[i] && prime[i - 2]) {\n                max = i;\n                break;\n            }\n        }\n\n        if (max != -1)\n            printf("%d %d\\n", max - 2, max);\n    }\n\n    return 0;\n}')"

2025-02-24 18:29:04,357	[INFO]	Step: 29
2025-02-24 18:29:04,357	[INFO]	Stop Steps: 50
2025-02-24 18:29:04,680	[DEBUG]	EXEC>  SUCCESS 3113659.0
2025-02-24 18:29:04,680	[INFO]	2-10    SUCCESS               3113659.00 (99.50%) [2 edit(s)]  
2025-02-24 18:29:04,680	[DEBUG]	patch(2-10)="LineLLMCrossover(('source.cpp', 1), '#include <cstdio>\n#include <array>\nusing namespace std;\n\nconst int MAX_X = 10000;\n\nint main() {\n    array<bool, MAX_X + 1> prime;\n    prime.fill(true);\n    int n;\n\n    // Sieve of Eratosthenes\n    for (int i = 2; i * i <= MAX_X; i++) {\n        if (prime[i]) {\n            for (int k = 2 * i; k <= MAX_X; k += i) {\n                prime[k] = false;\n            }\n        }\n    }\n\n    while (true) {\n        scanf("%d", &n);\n        if (n == 0) break;\n\n        int max = -1;\n        for (int i = n; i >= 2; i--) {\n            if (i >= 2 && prime[i] && prime[i - 2]) {\n                max = i;\n                break;\n            }\n        }\n\n        if (max != -1)\n            printf("%d %d\\n", max - 2, max);\n    }\n\n    return 0;\n}') | LineLLMMutation(('source.cpp', 17), '#include <cstdio>\n#include <array>\nusing namespace std;\n\nconst int MAX_X = 10000;\n\nint main() {\n    array<bool, MAX_X + 1> prime;\n    prime.fill(true);\n    prime[0] = prime[1] = false; // 0 and 1 are not prime\n    int n;\n\n    // Sieve of Eratosthenes\n    for (int i = 2; i * i <= MAX_X; i++) {\n        if (prime[i]) {\n            for (int k = i * i; k <= MAX_X; k += i) { // Start from i*i\n                prime[k] = false;\n            }\n        }\n    }\n\n    while (true) {\n        scanf("%d", &n);\n        if (n == 0) break;\n\n        int max = -1;\n        for (int i = n; i >= 3; i--) { // Start from 3 for twin primes\n            if (prime[i] && prime[i - 2]) {\n                max = i;\n                break;\n            }\n        }\n\n        if (max != -1)\n            printf("%d %d\\n", max - 2, max);\n    }\n\n    return 0;\n}')"
2025-02-24 18:29:04,680	[INFO]	Step: 30
2025-02-24 18:29:04,680	[INFO]	Stop Steps: 50
2025-02-24 18:29:04,955	[DEBUG]	EXEC>  SUCCESS 3113446.0
2025-02-24 18:29:04,955	[INFO]	2-1     SUCCESS              *3113446.00 (99.50%) [3 edit(s)]  
2025-02-24 18:29:04,955	[DEBUG]	patch(2-1)="LineLLMMutation(('source.cpp', 6), '#include <cstdio>\n#include <vector>\nusing namespace std;\n\nconst int MAX_X = 10000;\n\nint main() {\n    vector<bool> prime(MAX_X + 1, true);\n    int n;\n\n    // Sieve of Eratosthenes\n    for (int i = 2; i * i <= MAX_X; i++) {\n        if (prime[i]) {\n            for (int k = 2 * i; k <= MAX_X; k += i) {\n                prime[k] = false;\n            }\n        }\n    }\n\n    // Read input and find prime twins\n    while (true) {\n        scanf("%d", &n);\n        if (n == 0) break;\n\n        int max = -1;\n        for (int i = n; i >= 2; i--) {\n            if (i >= 2 && prime[i] && prime[i - 2]) {\n                max = i;\n                break;\n            }\n        }\n\n        if (max != -1)\n            printf("%d %d\\n", max - 2, max);\n    }\n\n    return 0;\n}') | LineLLMMutation(('source.cpp', 13), '#include <cstdio>\n#include <vector>\nusing namespace std;\n\nconst int MAX_X = 10000;\n\nint main() {\n    // Use a smaller data type for the prime vector\n    vector<char> prime(MAX_X + 1, 1); // true is 1, false is 0\n    int n;\n\n    // Sieve of Eratosthenes\n    prime[0] = prime[1] = 0; // 0 and 1 are not prime\n    for (int i = 2; i * i <= MAX_X; i++) {\n        if (prime[i]) {\n            for (int k = i * i; k <= MAX_X; k += i) {\n                prime[k] = 0; // mark as non-prime\n            }\n        }\n    }\n\n    // Read input and find prime twins\n    while (true) {\n        scanf("%d", &n);\n        if (n == 0) break;\n\n        int max = -1;\n        for (int i = n; i >= 2; i--) {\n            if (prime[i] && prime[i - 2]) {\n                max = i;\n                break;\n            }\n        }\n\n        if (max != -1)\n            printf("%d %d\\n", max - 2, max);\n    }\n\n    return 0;\n}') | LineLLMMutation(('source.cpp', 18), '#include <cstdio>\n#include <cstring>\nusing namespace std;\n\nconst int MAX_X = 10000;\n\nint main() {\n    // Use a smaller data type for the prime array\n    bool prime[MAX_X + 1];\n    memset(prime, 1, sizeof(prime)); // Initialize all entries as true\n    int n;\n\n    // Sieve of Eratosthenes\n    prime[0] = prime[1] = 0; // 0 and 1 are not prime\n    for (int i = 2; i * i <= MAX_X; i++) {\n        if (prime[i]) {\n            for (int k = i * i; k <= MAX_X; k += i) {\n                prime[k] = 0; // mark as non-prime\n            }\n        }\n    }\n\n    // Read input and find prime twins\n    while (true) {\n        scanf("%d", &n);\n        if (n == 0) break;\n\n        int max = -1;\n        for (int i = (n % 2 == 0 ? n - 1 : n); i >= 2; i -= 2) { // Check only odd numbers\n            if (prime[i] && prime[i - 2]) {\n                max = i;\n                break;\n            }\n        }\n\n        if (max != -1)\n            printf("%d %d\\n", max - 2, max);\n    }\n\n    return 0;\n}')"

2025-02-24 18:29:04,955	[INFO]	Step: 31
2025-02-24 18:29:04,956	[INFO]	Stop Steps: 50
2025-02-24 18:29:05,224	[DEBUG]	EXEC>  SUCCESS 3129219.5
2025-02-24 18:29:05,224	[INFO]	2-2     SUCCESS               3129219.50 (100.00%) [1 edit(s)]  
2025-02-24 18:29:05,224	[DEBUG]	patch(2-2)="LineLLMMutation(('source.cpp', 19), '#include<stdio.h>\n\nconst int MAX_X = 10000;\n\nint prime[10000];\n\nint main(){\n\n    int i, k, n;\n\n    int border[10];\n    for( i = 2; i <= MAX_X; i++) {\n        prime[i] = 1;\n    }\n\n    for(i = 2; i*i <= MAX_X; i++){\n        if(prime[i]) {\n            for(k = 2 * i; k <= MAX_X; k += i){\n                prime[k] = 0;\n            }\n        }\n    }\n\n    while(1){\n        scanf("%d", &n);\n        if( n == 0) break;\n\n        int max;\n        for( i = n; i >= 2; i--){\n            if( prime[i]){\n                if( prime[i - 2]){\n                    max = i;\n                    break;\n                }\n            }\n        }\n\n        printf("%d %d\\n", max -2, max);\n    }\n\n    return 0;\n}')"
2025-02-24 18:29:05,224	[INFO]	Step: 32
2025-02-24 18:29:05,224	[INFO]	Stop Steps: 50
2025-02-24 18:29:06,495	[DEBUG]	EXEC>  SUCCESS 3129219.0
2025-02-24 18:29:06,495	[INFO]	REF     SUCCESS               3129219.00 (--) [0 edit(s)]  
2025-02-24 18:29:06,495	[INFO]	Best patch: 6_13_18
2025-02-24 18:29:06,775	[DEBUG]	EXEC>  SUCCESS 3113447.0
2025-02-24 18:29:06,776	[INFO]	BEST    SUCCESS              *3113447.00 (99.50%) [0 edit(s)]  
2025-02-24 18:29:06,776	[INFO]	Best patch step: 30
2025-02-24 18:29:59,294	[INFO]	Step: 32
2025-02-24 18:29:59,294	[INFO]	Stop Steps: 50
2025-02-24 18:29:59,574	[DEBUG]	EXEC>  SUCCESS 3113535.5
2025-02-24 18:29:59,575	[INFO]	3-3     SUCCESS              +3113535.50 (99.50%) [3 edit(s)]  
2025-02-24 18:29:59,575	[DEBUG]	patch(3-3)="LineLLMMutation(('source.cpp', 6), '#include <cstdio>\n#include <vector>\nusing namespace std;\n\nconst int MAX_X = 10000;\n\nint main() {\n    vector<bool> prime(MAX_X + 1, true);\n    int n;\n\n    // Sieve of Eratosthenes\n    for (int i = 2; i * i <= MAX_X; i++) {\n        if (prime[i]) {\n            for (int k = 2 * i; k <= MAX_X; k += i) {\n                prime[k] = false;\n            }\n        }\n    }\n\n    // Read input and find prime twins\n    while (true) {\n        scanf("%d", &n);\n        if (n == 0) break;\n\n        int max = -1;\n        for (int i = n; i >= 2; i--) {\n            if (i >= 2 && prime[i] && prime[i - 2]) {\n                max = i;\n                break;\n            }\n        }\n\n        if (max != -1)\n            printf("%d %d\\n", max - 2, max);\n    }\n\n    return 0;\n}') | LineLLMMutation(('source.cpp', 13), '#include <cstdio>\n#include <vector>\nusing namespace std;\n\nconst int MAX_X = 10000;\n\nint main() {\n    // Use a smaller data type for the prime vector\n    vector<char> prime(MAX_X + 1, 1); // true is 1, false is 0\n    int n;\n\n    // Sieve of Eratosthenes\n    prime[0] = prime[1] = 0; // 0 and 1 are not prime\n    for (int i = 2; i * i <= MAX_X; i++) {\n        if (prime[i]) {\n            for (int k = i * i; k <= MAX_X; k += i) {\n                prime[k] = 0; // mark as non-prime\n            }\n        }\n    }\n\n    // Read input and find prime twins\n    while (true) {\n        scanf("%d", &n);\n        if (n == 0) break;\n\n        int max = -1;\n        for (int i = n; i >= 2; i--) {\n            if (prime[i] && prime[i - 2]) {\n                max = i;\n                break;\n            }\n        }\n\n        if (max != -1)\n            printf("%d %d\\n", max - 2, max);\n    }\n\n    return 0;\n}') | LineLLMMutation(('source.cpp', 18), '#include <cstdio>\n#include <cstring>\nusing namespace std;\n\nconst int MAX_X = 10000;\n\nint main() {\n    // Use a smaller data type for the prime array\n    bool prime[MAX_X + 1];\n    memset(prime, 1, sizeof(prime)); // Initialize all entries as true\n    int n;\n\n    // Sieve of Eratosthenes\n    prime[0] = prime[1] = 0; // 0 and 1 are not prime\n    for (int i = 2; i * i <= MAX_X; i++) {\n        if (prime[i]) {\n            for (int k = i * i; k <= MAX_X; k += i) {\n                prime[k] = 0; // mark as non-prime\n            }\n        }\n    }\n\n    // Read input and find prime twins\n    while (true) {\n        scanf("%d", &n);\n        if (n == 0) break;\n\n        int max = -1;\n        for (int i = (n % 2 == 0 ? n - 1 : n); i >= 2; i -= 2) { // Check only odd numbers\n            if (prime[i] && prime[i - 2]) {\n                max = i;\n                break;\n            }\n        }\n\n        if (max != -1)\n            printf("%d %d\\n", max - 2, max);\n    }\n\n    return 0;\n}')"
2025-02-24 18:29:59,575	[INFO]	Step: 33
2025-02-24 18:29:59,575	[INFO]	Stop Steps: 50
2025-02-24 18:29:59,895	[DEBUG]	EXEC>  SUCCESS 3113657.5
2025-02-24 18:29:59,896	[INFO]	3-4     SUCCESS               3113657.50 (99.50%) [2 edit(s)]  
2025-02-24 18:29:59,896	[DEBUG]	patch(3-4)="LineLLMMutation(('source.cpp', 8), '#include <cstdio>\n#include <array>\nusing namespace std;\n\nconst int MAX_X = 10000;\n\nint main() {\n    array<bool, MAX_X + 1> prime;\n    prime.fill(true);\n    int n;\n\n    for (int i = 2; i * i <= MAX_X; i++) {\n        if (prime[i]) {\n            for (int k = 2 * i; k <= MAX_X; k += i) {\n                prime[k] = false;\n            }\n        }\n    }\n\n    while (true) {\n        scanf("%d", &n);\n        if (n == 0) break;\n\n        int max = -1;\n        for (int i = n; i >= 2; i--) {\n            if (prime[i] && prime[i - 2]) {\n                max = i;\n                break;\n            }\n        }\n\n        if (max != -1)\n            printf("%d %d\\n", max - 2, max);\n    }\n\n    return 0;\n}') | LineLLMMutation(('source.cpp', 16), '#include <cstdio>\n#include <array>\nusing namespace std;\n\nconst int MAX_X = 10000;\n\nint main() {\n    array<bool, MAX_X + 1> prime;\n    prime.fill(true);\n    int n;\n\n    for (int i = 2; i * i <= MAX_X; i++) {\n        if (prime[i]) {\n            for (int k = i * i; k <= MAX_X; k += i) { // Start from i*i instead of 2*i\n                prime[k] = false;\n            }\n        }\n    }\n\n    while (true) {\n        scanf("%d", &n);\n        if (n == 0) break;\n\n        int max = -1;\n        for (int i = n; i >= 2; i--) {\n            if (prime[i] && prime[i - 2]) {\n                max = i;\n                break;\n            }\n        }\n\n        if (max != -1)\n            printf("%d %d\\n", max - 2, max);\n    }\n\n    return 0;\n}')"
2025-02-24 18:29:59,896	[INFO]	Step: 34
2025-02-24 18:29:59,896	[INFO]	Stop Steps: 50
2025-02-24 18:30:00,236	[DEBUG]	EXEC>  SUCCESS 3113454.5
2025-02-24 18:30:00,236	[INFO]	3-5     SUCCESS              +3113454.50 (99.50%) [1 edit(s)]  
2025-02-24 18:30:00,236	[DEBUG]	patch(3-5)="LineLLMCrossover(('source.cpp', 8), '#include <cstdio>\n#include <array>\n#include <cstring>\nusing namespace std;\n\nconst int MAX_X = 10000;\n\nint main() {\n    array<bool, MAX_X + 1> prime;\n    prime.fill(true);\n    prime[0] = prime[1] = false; // 0 and 1 are not prime\n    int n;\n\n    // Sieve of Eratosthenes optimization\n    for (int i = 2; i * i <= MAX_X; i++) {\n        if (prime[i]) {\n            for (int k = i * i; k <= MAX_X; k += i) {\n                prime[k] = false; // mark as non-prime\n            }\n        }\n    }\n\n    // Read input and find prime twins\n    while (true) {\n        scanf("%d", &n);\n        if (n == 0) break;\n\n        int max = -1;\n        for (int i = (n % 2 == 0 ? n - 1 : n); i >= 2; i -= 2) { // Check only odd numbers\n            if (prime[i] && prime[i - 2]) {\n                max = i;\n                break;\n            }\n        }\n\n        if (max != -1)\n            printf("%d %d\\n", max - 2, max);\n    }\n\n    return 0;\n}')"
2025-02-24 18:30:00,236	[INFO]	Step: 35
2025-02-24 18:30:00,236	[INFO]	Stop Steps: 50
2025-02-24 18:30:00,556	[DEBUG]	EXEC>  SUCCESS 3113568.5
2025-02-24 18:30:00,556	[INFO]	3-6     SUCCESS               3113568.50 (99.50%) [1 edit(s)]  
2025-02-24 18:30:00,556	[DEBUG]	patch(3-6)="LineLLMCrossover(('source.cpp', 9), '#include <cstdio>\n#include <array>\nusing namespace std;\n\nconst int MAX_X = 10000;\n\nint main() {\n    array<bool, MAX_X + 1> prime;\n    prime.fill(true);\n    prime[0] = prime[1] = false; // 0 and 1 are not prime\n    int n;\n\n    // Sieve of Eratosthenes\n    for (int i = 2; i * i <= MAX_X; i++) {\n        if (prime[i]) {\n            for (int k = i * i; k <= MAX_X; k += i) {\n                prime[k] = false; // mark as non-prime\n            }\n        }\n    }\n\n    while (true) {\n        scanf("%d", &n);\n        if (n == 0) break;\n\n        int max = -1;\n        for (int i = n; i >= 3; i--) { // Start from 3 for twin primes\n            if (prime[i] && prime[i - 2]) {\n                max = i;\n                break;\n            }\n        }\n\n        if (max != -1)\n            printf("%d %d\\n", max - 2, max);\n    }\n\n    return 0;\n}')"
2025-02-24 18:30:00,556	[INFO]	Step: 36
2025-02-24 18:30:00,556	[INFO]	Stop Steps: 50
2025-02-24 18:30:00,892	[DEBUG]	EXEC>  SUCCESS 3113445.5
2025-02-24 18:30:00,892	[INFO]	3-7     SUCCESS              *3113445.50 (99.50%) [1 edit(s)]  
2025-02-24 18:30:00,892	[DEBUG]	patch(3-7)="LineLLMCrossover(('source.cpp', 10), '#include <cstdio>\n#include <array>\n#include <cstring>\nusing namespace std;\n\nconst int MAX_X = 10000;\n\nint main() {\n    array<bool, MAX_X + 1> prime;\n    prime.fill(true);\n    prime[0] = prime[1] = false; // 0 and 1 are not prime\n    int n;\n\n    // Sieve of Eratosthenes\n    for (int i = 2; i * i <= MAX_X; i++) {\n        if (prime[i]) {\n            for (int k = i * i; k <= MAX_X; k += i) {\n                prime[k] = false; // mark as non-prime\n            }\n        }\n    }\n\n    // Read input and find prime twins\n    while (true) {\n        scanf("%d", &n);\n        if (n == 0) break;\n\n        int max = -1;\n        for (int i = (n % 2 == 0 ? n - 1 : n); i >= 2; i -= 2) { // Check only odd numbers\n            if (prime[i] && prime[i - 2]) {\n                max = i;\n                break;\n            }\n        }\n\n        if (max != -1)\n            printf("%d %d\\n", max - 2, max);\n    }\n\n    return 0;\n}')"

2025-02-24 18:30:00,892	[INFO]	Step: 37
2025-02-24 18:30:00,892	[INFO]	Stop Steps: 50
2025-02-24 18:30:01,215	[DEBUG]	EXEC>  SUCCESS 3113659.0
2025-02-24 18:30:01,216	[INFO]	3-8     SUCCESS               3113659.00 (99.50%) [1 edit(s)]  
2025-02-24 18:30:01,216	[DEBUG]	patch(3-8)="LineLLMCrossover(('source.cpp', 11), '#include <cstdio>\n#include <array>\nusing namespace std;\n\nconst int MAX_X = 10000;\n\nint main() {\n    array<bool, MAX_X + 1> prime;\n    prime.fill(true);\n    prime[0] = prime[1] = false; // 0 and 1 are not prime\n    int n;\n\n    // Sieve of Eratosthenes\n    for (int i = 2; i * i <= MAX_X; i++) {\n        if (prime[i]) {\n            for (int k = i * i; k <= MAX_X; k += i) {\n                prime[k] = false; // mark as non-prime\n            }\n        }\n    }\n\n    while (true) {\n        scanf("%d", &n);\n        if (n == 0) break;\n\n        int max = -1;\n        for (int i = n; i >= 3; i--) { // Start from 3 for twin primes\n            if (prime[i] && prime[i - 2]) {\n                max = i;\n                break;\n            }\n        }\n\n        if (max != -1)\n            printf("%d %d\\n", max - 2, max);\n    }\n\n    return 0;\n}')"
2025-02-24 18:30:01,216	[INFO]	Step: 38
2025-02-24 18:30:01,216	[INFO]	Stop Steps: 50
2025-02-24 18:30:01,467	[INFO]	3-9     TEST_CODE_ERROR       None (--) [4 edit(s)]  
2025-02-24 18:30:01,467	[DEBUG]	patch(3-9)="LineLLMMutation(('source.cpp', 6), '#include <cstdio>\n#include <vector>\nusing namespace std;\n\nconst int MAX_X = 10000;\n\nint main() {\n    vector<bool> prime(MAX_X + 1, true);\n    int n;\n\n    // Sieve of Eratosthenes\n    for (int i = 2; i * i <= MAX_X; i++) {\n        if (prime[i]) {\n            for (int k = 2 * i; k <= MAX_X; k += i) {\n                prime[k] = false;\n            }\n        }\n    }\n\n    // Read input and find prime twins\n    while (true) {\n        scanf("%d", &n);\n        if (n == 0) break;\n\n        int max = -1;\n        for (int i = n; i >= 2; i--) {\n            if (i >= 2 && prime[i] && prime[i - 2]) {\n                max = i;\n                break;\n            }\n        }\n\n        if (max != -1)\n            printf("%d %d\\n", max - 2, max);\n    }\n\n    return 0;\n}') | LineLLMMutation(('source.cpp', 13), '#include <cstdio>\n#include <vector>\nusing namespace std;\n\nconst int MAX_X = 10000;\n\nint main() {\n    // Use a smaller data type for the prime vector\n    vector<char> prime(MAX_X + 1, 1); // true is 1, false is 0\n    int n;\n\n    // Sieve of Eratosthenes\n    prime[0] = prime[1] = 0; // 0 and 1 are not prime\n    for (int i = 2; i * i <= MAX_X; i++) {\n        if (prime[i]) {\n            for (int k = i * i; k <= MAX_X; k += i) {\n                prime[k] = 0; // mark as non-prime\n            }\n        }\n    }\n\n    // Read input and find prime twins\n    while (true) {\n        scanf("%d", &n);\n        if (n == 0) break;\n\n        int max = -1;\n        for (int i = n; i >= 2; i--) {\n            if (prime[i] && prime[i - 2]) {\n                max = i;\n                break;\n            }\n        }\n\n        if (max != -1)\n            printf("%d %d\\n", max - 2, max);\n    }\n\n    return 0;\n}') | LineLLMMutation(('source.cpp', 18), '#include <cstdio>\n#include <cstring>\nusing namespace std;\n\nconst int MAX_X = 10000;\n\nint main() {\n    // Use a smaller data type for the prime array\n    bool prime[MAX_X + 1];\n    memset(prime, 1, sizeof(prime)); // Initialize all entries as true\n    int n;\n\n    // Sieve of Eratosthenes\n    prime[0] = prime[1] = 0; // 0 and 1 are not prime\n    for (int i = 2; i * i <= MAX_X; i++) {\n        if (prime[i]) {\n            for (int k = i * i; k <= MAX_X; k += i) {\n                prime[k] = 0; // mark as non-prime\n            }\n        }\n    }\n\n    // Read input and find prime twins\n    while (true) {\n        scanf("%d", &n);\n        if (n == 0) break;\n\n        int max = -1;\n        for (int i = (n % 2 == 0 ? n - 1 : n); i >= 2; i -= 2) { // Check only odd numbers\n            if (prime[i] && prime[i - 2]) {\n                max = i;\n                break;\n            }\n        }\n\n        if (max != -1)\n            printf("%d %d\\n", max - 2, max);\n    }\n\n    return 0;\n}') | LineLLMMutation(('source.cpp', 20), '#include <cstdio>\n#include <cstring>\nusing namespace std;\n\nconst int MAX_X = 10000;\n\nint main() {\n    // Use a smaller data type for the prime array\n    unsigned char prime[(MAX_X + 1) / 8] = {0}; // Use bits for memory efficiency\n    int n;\n\n    // Sieve of Eratosthenes\n    prime[0] &= ~((1 << 0) | (1 << 1)); // 0 and 1 are not prime\n    for (int i = 2; i * i <= MAX_X; i++) {\n        if (prime[i / 8] & (1 << (i % 8))) {\n            for (int k = i * i; k <= MAX_X; k += i) {\n                prime[k / 8] &= ~(1 << (k % 8)); // mark as non-prime\n            }\n        }\n    }\n\n    // Read input and find prime twins\n    while (true) {\n        scanf("%d", &n);\n        if (n == 0) break;\n\n        int max = -1;\n        for (int i = (n % 2 == 0 ? n - 1 : n); i >= 2; i -= 2) { // Check only odd numbers\n            if (prime[i / 8] & (1 << (i % 8)) && prime[(i - 2) / 8] & (1 << ((i - 2) % 8))) {\n                max = i;\n                break;\n            }\n        }\n\n        if (max != -1)\n            printf("%d %d\\n", max - 2, max);\n    }\n\n    return 0;\n}')"
2025-02-24 18:30:01,468	[INFO]	Step: 39
2025-02-24 18:30:01,468	[INFO]	Stop Steps: 50
2025-02-24 18:30:01,847	[DEBUG]	EXEC>  SUCCESS 3241295.5
2025-02-24 18:30:01,847	[INFO]	3-10    SUCCESS               3241295.50 (103.58%) [3 edit(s)]  
2025-02-24 18:30:01,847	[DEBUG]	patch(3-10)="LineLLMMutation(('source.cpp', 8), '#include <cstdio>\n#include <array>\nusing namespace std;\n\nconst int MAX_X = 10000;\n\nint main() {\n    array<bool, MAX_X + 1> prime;\n    prime.fill(true);\n    int n;\n\n    for (int i = 2; i * i <= MAX_X; i++) {\n        if (prime[i]) {\n            for (int k = 2 * i; k <= MAX_X; k += i) {\n                prime[k] = false;\n            }\n        }\n    }\n\n    while (true) {\n        scanf("%d", &n);\n        if (n == 0) break;\n\n        int max = -1;\n        for (int i = n; i >= 2; i--) {\n            if (prime[i] && prime[i - 2]) {\n                max = i;\n                break;\n            }\n        }\n\n        if (max != -1)\n            printf("%d %d\\n", max - 2, max);\n    }\n\n    return 0;\n}') | LineLLMMutation(('source.cpp', 16), '#include <cstdio>\n#include <array>\nusing namespace std;\n\nconst int MAX_X = 10000;\n\nint main() {\n    array<bool, MAX_X + 1> prime;\n    prime.fill(true);\n    int n;\n\n    for (int i = 2; i * i <= MAX_X; i++) {\n        if (prime[i]) {\n            for (int k = i * i; k <= MAX_X; k += i) { // Start from i*i instead of 2*i\n                prime[k] = false;\n            }\n        }\n    }\n\n    while (true) {\n        scanf("%d", &n);\n        if (n == 0) break;\n\n        int max = -1;\n        for (int i = n; i >= 2; i--) {\n            if (prime[i] && prime[i - 2]) {\n                max = i;\n                break;\n            }\n        }\n\n        if (max != -1)\n            printf("%d %d\\n", max - 2, max);\n    }\n\n    return 0;\n}') | LineLLMMutation(('source.cpp', 21), '#include <cstdio>\n#include <vector>\nusing namespace std;\n\nconst int MAX_X = 10000;\n\nint main() {\n    vector<bool> prime(MAX_X + 1, true);\n    int n;\n\n    // Sieve of Eratosthenes\n    for (int i = 2; i * i <= MAX_X; i++) {\n        if (prime[i]) {\n            for (int k = i * i; k <= MAX_X; k += i) {\n                prime[k] = false;\n            }\n        }\n    }\n\n    while (true) {\n        scanf("%d", &n);\n        if (n == 0) break;\n\n        int max = -1;\n        for (int i = n; i >= 2; i--) {\n            if (i > 2 && prime[i] && prime[i - 2]) {\n                max = i;\n                break;\n            }\n        }\n\n        if (max != -1)\n            printf("%d %d\\n", max - 2, max);\n    }\n\n    return 0;\n}')"
2025-02-24 18:30:01,847	[INFO]	Step: 40
2025-02-24 18:30:01,847	[INFO]	Stop Steps: 50
2025-02-24 18:30:02,317	[DEBUG]	EXEC>  SUCCESS 3113574.0
2025-02-24 18:30:02,317	[INFO]	3-1     SUCCESS               3113574.00 (99.50%) [3 edit(s)]  
2025-02-24 18:30:02,317	[DEBUG]	patch(3-1)="LineLLMMutation(('source.cpp', 8), '#include <cstdio>\n#include <array>\nusing namespace std;\n\nconst int MAX_X = 10000;\n\nint main() {\n    array<bool, MAX_X + 1> prime;\n    prime.fill(true);\n    int n;\n\n    for (int i = 2; i * i <= MAX_X; i++) {\n        if (prime[i]) {\n            for (int k = 2 * i; k <= MAX_X; k += i) {\n                prime[k] = false;\n            }\n        }\n    }\n\n    while (true) {\n        scanf("%d", &n);\n        if (n == 0) break;\n\n        int max = -1;\n        for (int i = n; i >= 2; i--) {\n            if (prime[i] && prime[i - 2]) {\n                max = i;\n                break;\n            }\n        }\n\n        if (max != -1)\n            printf("%d %d\\n", max - 2, max);\n    }\n\n    return 0;\n}') | LineLLMMutation(('source.cpp', 10), '#include <cstdio>\n#include <array>\n#include <cmath>\nusing namespace std;\n\nconst int MAX_X = 10000;\n\nint main() {\n    array<bool, MAX_X + 1> prime;\n    prime.fill(true);\n    prime[0] = prime[1] = false; // 0 and 1 are not prime\n    int n;\n\n    // Sieve of Eratosthenes optimization\n    for (int i = 2; i * i <= MAX_X; i++) {\n        if (prime[i]) {\n            for (int k = i * i; k <= MAX_X; k += i) { // Start from i*i\n                prime[k] = false;\n            }\n        }\n    }\n\n    while (true) {\n        scanf("%d", &n);\n        if (n == 0) break;\n\n        int max = -1;\n        for (int i = n; i >= 2; i--) {\n            if (prime[i] && prime[i - 2]) {\n                max = i;\n                break;\n            }\n        }\n\n        if (max != -1)\n            printf("%d %d\\n", max - 2, max);\n    }\n\n    return 0;\n}') | LineLLMMutation(('source.cpp', 22), '#include <cstdio>\n#include <array>\n#include <cmath>\nusing namespace std;\n\nconst int MAX_X = 10000;\n\nint main() {\n    array<bool, MAX_X + 1> prime;\n    prime.fill(true);\n    prime[0] = prime[1] = false; // 0 and 1 are not prime\n    int n;\n\n    // Sieve of Eratosthenes optimization\n    for (int i = 2; i * i <= MAX_X; i++) {\n        if (prime[i]) {\n            for (int k = i * i; k <= MAX_X; k += i) { // Start from i*i\n                prime[k] = false;\n            }\n        }\n    }\n\n    // Prepare to read input only once, and use a while loop with a single scanf call\n    while (scanf("%d", &n), n != 0) {\n        int max = -1;\n        for (int i = n; i >= 2; i--) {\n            if (prime[i] && prime[i - 2]) {\n                max = i;\n                break;\n            }\n        }\n\n        if (max != -1)\n            printf("%d %d\\n", max - 2, max);\n    }\n\n    return 0;\n}')"
2025-02-24 18:30:02,317	[INFO]	Step: 41
2025-02-24 18:30:02,317	[INFO]	Stop Steps: 50
2025-02-24 18:30:02,655	[DEBUG]	EXEC>  SUCCESS 3113569.0
2025-02-24 18:30:02,655	[INFO]	3-2     SUCCESS               3113569.00 (99.50%) [3 edit(s)]  
2025-02-24 18:30:02,655	[DEBUG]	patch(3-2)="LineLLMCrossover(('source.cpp', 1), '#include <cstdio>\n#include <array>\nusing namespace std;\n\nconst int MAX_X = 10000;\n\nint main() {\n    array<bool, MAX_X + 1> prime;\n    prime.fill(true);\n    int n;\n\n    // Sieve of Eratosthenes\n    for (int i = 2; i * i <= MAX_X; i++) {\n        if (prime[i]) {\n            for (int k = 2 * i; k <= MAX_X; k += i) {\n                prime[k] = false;\n            }\n        }\n    }\n\n    while (true) {\n        scanf("%d", &n);\n        if (n == 0) break;\n\n        int max = -1;\n        for (int i = n; i >= 2; i--) {\n            if (i >= 2 && prime[i] && prime[i - 2]) {\n                max = i;\n                break;\n            }\n        }\n\n        if (max != -1)\n            printf("%d %d\\n", max - 2, max);\n    }\n\n    return 0;\n}') | LineLLMMutation(('source.cpp', 17), '#include <cstdio>\n#include <array>\nusing namespace std;\n\nconst int MAX_X = 10000;\n\nint main() {\n    array<bool, MAX_X + 1> prime;\n    prime.fill(true);\n    prime[0] = prime[1] = false; // 0 and 1 are not prime\n    int n;\n\n    // Sieve of Eratosthenes\n    for (int i = 2; i * i <= MAX_X; i++) {\n        if (prime[i]) {\n            for (int k = i * i; k <= MAX_X; k += i) { // Start from i*i\n                prime[k] = false;\n            }\n        }\n    }\n\n    while (true) {\n        scanf("%d", &n);\n        if (n == 0) break;\n\n        int max = -1;\n        for (int i = n; i >= 3; i--) { // Start from 3 for twin primes\n            if (prime[i] && prime[i - 2]) {\n                max = i;\n                break;\n            }\n        }\n\n        if (max != -1)\n            printf("%d %d\\n", max - 2, max);\n    }\n\n    return 0;\n}') | LineLLMMutation(('source.cpp', 23), '#include <cstdio>\n#include <array>\nusing namespace std;\n\nconst int MAX_X = 10000;\n\nint main() {\n    array<bool, MAX_X + 1> prime;\n    prime.fill(true);\n    prime[0] = prime[1] = false; // 0 and 1 are not prime\n    int n;\n\n    // Sieve of Eratosthenes\n    for (int i = 2; i * i <= MAX_X; i++) {\n        if (prime[i]) {\n            // Optimize the inner loop to step by i\n            for (int k = i * i; k <= MAX_X; k += i) { \n                prime[k] = false;\n            }\n        }\n    }\n\n    while (true) {\n        scanf("%d", &n);\n        if (n == 0) break;\n\n        int max = -1;\n        // Start from 3 for twin primes\n        for (int i = n; i >= 3; i--) { \n            if (prime[i] && prime[i - 2]) {\n                max = i;\n                break;\n            }\n        }\n\n        if (max != -1)\n            printf("%d %d\\n", max - 2, max);\n    }\n\n    return 0;\n}')"
2025-02-24 18:30:02,655	[INFO]	Step: 42
2025-02-24 18:30:02,655	[INFO]	Stop Steps: 50
2025-02-24 18:30:02,923	[DEBUG]	EXEC>  SUCCESS 3129219.5
2025-02-24 18:30:02,924	[INFO]	3-3     SUCCESS               3129219.50 (100.00%) [1 edit(s)]  
2025-02-24 18:30:02,924	[DEBUG]	patch(3-3)="LineLLMMutation(('source.cpp', 24), '#include<stdio.h>\n\nconst int MAX_X = 10000;\n\nint prime[10000];\n\nint main(){\n\n    int i, k, n;\n\n    int border[10];\n    for( i = 2; i <= MAX_X; i++) {\n        prime[i] = 1;\n    }\n\n    for(i = 2; i*i <= MAX_X; i++){\n        if(prime[i]) {\n            for(k = 2 * i; k <= MAX_X; k += i){\n                prime[k] = 0;\n            }\n        }\n    }\n\n    while(1){\n        scanf("%d", &n);\n        if( n == 0) break;\n\n        int max;\n\n        for( i = n; i >= 2; i--){\n            if( prime[i]){\n                if( prime[i - 2]){\n                    max = i;\n                    break;\n                }\n            }\n        }\n\n        printf("%d %d\\n", max -2, max);\n    }\n\n    return 0;\n}')"
2025-02-24 18:30:02,924	[INFO]	Step: 43
2025-02-24 18:30:02,924	[INFO]	Stop Steps: 50
2025-02-24 18:30:04,217	[DEBUG]	EXEC>  SUCCESS 3129219.0
2025-02-24 18:30:04,218	[INFO]	REF     SUCCESS               3129219.00 (--) [0 edit(s)]  
2025-02-24 18:30:04,218	[INFO]	Best patch: 10
2025-02-24 18:30:04,541	[DEBUG]	EXEC>  SUCCESS 3113485.5
2025-02-24 18:30:04,541	[INFO]	BEST    SUCCESS              *3113485.50 (99.50%) [0 edit(s)]  
2025-02-24 18:30:04,541	[INFO]	Best patch step: 36
2025-02-24 18:31:13,662	[INFO]	Step: 43
2025-02-24 18:31:13,662	[INFO]	Stop Steps: 50
2025-02-24 18:31:13,993	[DEBUG]	EXEC>  SUCCESS 3113535.0
2025-02-24 18:31:13,993	[INFO]	4-4     SUCCESS              +3113535.00 (99.50%) [1 edit(s)]  
2025-02-24 18:31:13,994	[DEBUG]	patch(4-4)="LineLLMCrossover(('source.cpp', 10), '#include <cstdio>\n#include <array>\n#include <cstring>\nusing namespace std;\n\nconst int MAX_X = 10000;\n\nint main() {\n    array<bool, MAX_X + 1> prime;\n    prime.fill(true);\n    prime[0] = prime[1] = false; // 0 and 1 are not prime\n    int n;\n\n    // Sieve of Eratosthenes\n    for (int i = 2; i * i <= MAX_X; i++) {\n        if (prime[i]) {\n            for (int k = i * i; k <= MAX_X; k += i) {\n                prime[k] = false; // mark as non-prime\n            }\n        }\n    }\n\n    // Read input and find prime twins\n    while (true) {\n        scanf("%d", &n);\n        if (n == 0) break;\n\n        int max = -1;\n        for (int i = (n % 2 == 0 ? n - 1 : n); i >= 2; i -= 2) { // Check only odd numbers\n            if (prime[i] && prime[i - 2]) {\n                max = i;\n                break;\n            }\n        }\n\n        if (max != -1)\n            printf("%d %d\\n", max - 2, max);\n    }\n\n    return 0;\n}')"
2025-02-24 18:31:13,994	[INFO]	Step: 44
2025-02-24 18:31:13,994	[INFO]	Stop Steps: 50
2025-02-24 18:31:14,319	[DEBUG]	EXEC>  SUCCESS 3113446.5
2025-02-24 18:31:14,319	[INFO]	4-5     SUCCESS              *3113446.50 (99.50%) [1 edit(s)]  
2025-02-24 18:31:14,319	[DEBUG]	patch(4-5)="LineLLMCrossover(('source.cpp', 8), '#include <cstdio>\n#include <array>\n#include <cstring>\nusing namespace std;\n\nconst int MAX_X = 10000;\n\nint main() {\n    array<bool, MAX_X + 1> prime;\n    prime.fill(true);\n    prime[0] = prime[1] = false; // 0 and 1 are not prime\n    int n;\n\n    // Sieve of Eratosthenes optimization\n    for (int i = 2; i * i <= MAX_X; i++) {\n        if (prime[i]) {\n            for (int k = i * i; k <= MAX_X; k += i) {\n                prime[k] = false; // mark as non-prime\n            }\n        }\n    }\n\n    // Read input and find prime twins\n    while (true) {\n        scanf("%d", &n);\n        if (n == 0) break;\n\n        int max = -1;\n        for (int i = (n % 2 == 0 ? n - 1 : n); i >= 2; i -= 2) { // Check only odd numbers\n            if (prime[i] && prime[i - 2]) {\n                max = i;\n                break;\n            }\n        }\n\n        if (max != -1)\n            printf("%d %d\\n", max - 2, max);\n    }\n\n    return 0;\n}')"

2025-02-24 18:31:14,319	[INFO]	Step: 45
2025-02-24 18:31:14,319	[INFO]	Stop Steps: 50
2025-02-24 18:31:14,642	[DEBUG]	EXEC>  SUCCESS 3113750.0
2025-02-24 18:31:14,643	[INFO]	4-6     SUCCESS               3113750.00 (99.51%) [1 edit(s)]  
2025-02-24 18:31:14,643	[DEBUG]	patch(4-6)="LineLLMCrossover(('source.cpp', 12), '#include <cstdio>\n#include <array>\nusing namespace std;\n\nconst int MAX_X = 10000;\n\nint main() {\n    array<bool, MAX_X + 1> prime;\n    prime.fill(true);\n    prime[0] = prime[1] = false; // 0 and 1 are not prime\n    int n;\n\n    // Sieve of Eratosthenes\n    for (int i = 2; i * i <= MAX_X; i++) {\n        if (prime[i]) {\n            for (int k = i * i; k <= MAX_X; k += i) {\n                prime[k] = false; // mark as non-prime\n            }\n        }\n    }\n\n    while (true) {\n        scanf("%d", &n);\n        if (n == 0) break;\n\n        int max = -1;\n        for (int i = n; i >= 3; i--) { // Start from 3 for twin primes\n            if (prime[i] && prime[i - 2]) {\n                max = i;\n                break;\n            }\n        }\n\n        if (max != -1)\n            printf("%d %d\\n", max - 2, max);\n    }\n\n    return 0;\n}')"
2025-02-24 18:31:14,643	[INFO]	Step: 46
2025-02-24 18:31:14,643	[INFO]	Stop Steps: 50
2025-02-24 18:31:14,958	[DEBUG]	EXEC>  SUCCESS 3113537.0
2025-02-24 18:31:14,958	[INFO]	4-7     SUCCESS               3113537.00 (99.50%) [1 edit(s)]  
2025-02-24 18:31:14,959	[DEBUG]	patch(4-7)="LineLLMCrossover(('source.cpp', 13), '#include <cstdio>\n#include <cstring>\n#include <array>\nusing namespace std;\n\nconst int MAX_X = 10000;\n\nint main() {\n    bool prime[MAX_X + 1];\n    memset(prime, 1, sizeof(prime)); // Initialize all entries as true\n    prime[0] = prime[1] = 0; // 0 and 1 are not prime\n    int n;\n\n    // Sieve of Eratosthenes\n    for (int i = 2; i * i <= MAX_X; i++) {\n        if (prime[i]) {\n            for (int k = i * i; k <= MAX_X; k += i) {\n                prime[k] = 0; // mark as non-prime\n            }\n        }\n    }\n\n    while (true) {\n        scanf("%d", &n);\n        if (n == 0) break;\n\n        int max = -1;\n        for (int i = (n % 2 == 0 ? n - 1 : n); i >= 2; i -= 2) { // Check only odd numbers\n            if (prime[i] && prime[i - 2]) {\n                max = i;\n                break;\n            }\n        }\n\n        if (max != -1)\n            printf("%d %d\\n", max - 2, max);\n    }\n\n    return 0;\n}')"
2025-02-24 18:31:14,959	[INFO]	Step: 47
2025-02-24 18:31:14,959	[INFO]	Stop Steps: 50
2025-02-24 18:31:15,291	[DEBUG]	EXEC>  SUCCESS 3113570.0
2025-02-24 18:31:15,292	[INFO]	4-8     SUCCESS               3113570.00 (99.50%) [1 edit(s)]  
2025-02-24 18:31:15,292	[DEBUG]	patch(4-8)="LineLLMCrossover(('source.cpp', 14), '#include <cstdio>\n#include <array>\nusing namespace std;\n\nconst int MAX_X = 10000;\n\nint main() {\n    array<bool, MAX_X + 1> prime;\n    prime.fill(true);\n    prime[0] = prime[1] = false; // 0 and 1 are not prime\n    int n;\n\n    // Sieve of Eratosthenes\n    for (int i = 2; i * i <= MAX_X; i++) {\n        if (prime[i]) {\n            for (int k = i * i; k <= MAX_X; k += i) {\n                prime[k] = false; // mark as non-prime\n            }\n        }\n    }\n\n    while (true) {\n        scanf("%d", &n);\n        if (n == 0) break;\n\n        int max = -1;\n        for (int i = n; i >= 3; i--) { // Start from 3 for twin primes\n            if (prime[i] && prime[i - 2]) {\n                max = i;\n                break;\n            }\n        }\n\n        if (max != -1)\n            printf("%d %d\\n", max - 2, max);\n    }\n\n    return 0;\n}')"
2025-02-24 18:31:15,292	[INFO]	Step: 48
2025-02-24 18:31:15,292	[INFO]	Stop Steps: 50
2025-02-24 18:31:15,605	[DEBUG]	EXEC>  SUCCESS 3113538.5
2025-02-24 18:31:15,605	[INFO]	4-9     SUCCESS               3113538.50 (99.50%) [1 edit(s)]  
2025-02-24 18:31:15,605	[DEBUG]	patch(4-9)="LineLLMCrossover(('source.cpp', 15), '#include <cstdio>\n#include <array>\nusing namespace std;\n\nconst int MAX_X = 10000;\n\nint main() {\n    array<bool, MAX_X + 1> prime;\n    prime.fill(true);\n    prime[0] = prime[1] = false; // 0 and 1 are not prime\n    int n;\n\n    // Sieve of Eratosthenes optimization\n    for (int i = 2; i * i <= MAX_X; i++) {\n        if (prime[i]) {\n            for (int k = i * i; k <= MAX_X; k += i) {\n                prime[k] = false; // mark as non-prime\n            }\n        }\n    }\n\n    while (true) {\n        scanf("%d", &n);\n        if (n == 0) break;\n\n        int max = -1;\n        for (int i = (n % 2 == 0 ? n - 1 : n); i >= 3; i -= 2) { // Check only odd numbers starting from 3\n            if (prime[i] && prime[i - 2]) {\n                max = i;\n                break;\n            }\n        }\n\n        if (max != -1)\n            printf("%d %d\\n", max - 2, max);\n    }\n\n    return 0;\n}')"
2025-02-24 18:31:15,605	[INFO]	Step: 49
2025-02-24 18:31:15,605	[INFO]	Stop Steps: 50
2025-02-24 18:31:15,980	[DEBUG]	EXEC>  SUCCESS 3240946.0
2025-02-24 18:31:15,980	[INFO]	4-10    SUCCESS               3240946.00 (103.57%) [2 edit(s)]  
2025-02-24 18:31:15,980	[DEBUG]	patch(4-10)="LineLLMCrossover(('source.cpp', 10), '#include <cstdio>\n#include <array>\n#include <cstring>\nusing namespace std;\n\nconst int MAX_X = 10000;\n\nint main() {\n    array<bool, MAX_X + 1> prime;\n    prime.fill(true);\n    prime[0] = prime[1] = false; // 0 and 1 are not prime\n    int n;\n\n    // Sieve of Eratosthenes\n    for (int i = 2; i * i <= MAX_X; i++) {\n        if (prime[i]) {\n            for (int k = i * i; k <= MAX_X; k += i) {\n                prime[k] = false; // mark as non-prime\n            }\n        }\n    }\n\n    // Read input and find prime twins\n    while (true) {\n        scanf("%d", &n);\n        if (n == 0) break;\n\n        int max = -1;\n        for (int i = (n % 2 == 0 ? n - 1 : n); i >= 2; i -= 2) { // Check only odd numbers\n            if (prime[i] && prime[i - 2]) {\n                max = i;\n                break;\n            }\n        }\n\n        if (max != -1)\n            printf("%d %d\\n", max - 2, max);\n    }\n\n    return 0;\n}') | LineLLMMutation(('source.cpp', 25), '#include <cstdio>\n#include <vector>\nusing namespace std;\n\nconst int MAX_X = 10000;\n\nint main() {\n    vector<bool> prime(MAX_X + 1, true);\n    prime[0] = prime[1] = false; // 0 and 1 are not prime\n    int n;\n\n    // Sieve of Eratosthenes\n    for (int i = 2; i * i <= MAX_X; i++) {\n        if (prime[i]) {\n            for (int k = i * i; k <= MAX_X; k += i) {\n                prime[k] = false; // mark as non-prime\n            }\n        }\n    }\n\n    // Read input and find prime twins\n    while (true) {\n        scanf("%d", &n);\n        if (n == 0) break;\n\n        int max = -1;\n        for (int i = (n % 2 == 0 ? n - 1 : n); i >= 2; i -= 2) { // Check only odd numbers\n            if (prime[i] && prime[i - 2]) {\n                max = i;\n                break;\n            }\n        }\n\n        if (max != -1)\n            printf("%d %d\\n", max - 2, max);\n    }\n\n    return 0;\n}')"
2025-02-24 18:31:15,980	[INFO]	Step: 50
2025-02-24 18:31:15,980	[INFO]	Stop Steps: 50
2025-02-24 18:31:15,980	[INFO]	(Abstract Algorithm) Stopping Condition: step budget
2025-02-24 18:31:15,981	[INFO]	Step: 50
2025-02-24 18:31:15,981	[INFO]	Stop Steps: 50
2025-02-24 18:31:22,508	[INFO]	~~~~ END ~~~~
2025-02-24 18:31:22,508	[INFO]	Best patch step: 44
2025-02-24 18:31:22,508	[INFO]	
2025-02-24 18:31:22,508	[INFO]	==== REPORT ====
2025-02-24 18:31:22,508	[INFO]	Termination: step budget
2025-02-24 18:31:22,508	[INFO]	Log file: /home/luke/magpie/_magpie_logs/0035_1740421529.log
2025-02-24 18:31:22,508	[INFO]	Patch file: _magpie_logs/0035_1740421529.patch
2025-02-24 18:31:22,508	[INFO]	Diff file: _magpie_logs/0035_1740421529.diff
2025-02-24 18:31:22,508	[INFO]	Reference fitness: 3129219.00
2025-02-24 18:31:22,508	[INFO]	Best fitness: 3113446.50
2025-02-24 18:31:22,509	[INFO]	
2025-02-24 18:31:22,509	[INFO]	==== BEST PATCH ====
LineLLMCrossover(('source.cpp', 8), '#include <cstdio>\n#include <array>\n#include <cstring>\nusing namespace std;\n\nconst int MAX_X = 10000;\n\nint main() {\n    array<bool, MAX_X + 1> prime;\n    prime.fill(true);\n    prime[0] = prime[1] = false; // 0 and 1 are not prime\n    int n;\n\n    // Sieve of Eratosthenes optimization\n    for (int i = 2; i * i <= MAX_X; i++) {\n        if (prime[i]) {\n            for (int k = i * i; k <= MAX_X; k += i) {\n                prime[k] = false; // mark as non-prime\n            }\n        }\n    }\n\n    // Read input and find prime twins\n    while (true) {\n        scanf("%d", &n);\n        if (n == 0) break;\n\n        int max = -1;\n        for (int i = (n % 2 == 0 ? n - 1 : n); i >= 2; i -= 2) { // Check only odd numbers\n            if (prime[i] && prime[i - 2]) {\n                max = i;\n                break;\n            }\n        }\n\n        if (max != -1)\n            printf("%d %d\\n", max - 2, max);\n    }\n\n    return 0;\n}')
2025-02-24 18:31:22,509	[INFO]	
2025-02-24 18:31:22,510	[INFO]	==== DIFF ====

