2025-02-24 18:36:19,474	[DEBUG]	==== CONFIG ====
[magpie]
import = 
seed = 262417081075460
log_dir = _magpie_logs
work_dir = _magpie_work
local_original_copy = True
local_original_name = __original__
output_encoding = ascii
edit_retries = 10
default_timeout = 30
default_lengthout = 10000.0
diff_method = unified
trust_local_filesystem = True

[magpie.log]
color_output = True
format_info = {counter:<7} {status:<20} {best}{fitness} ({ratio}) [{size}] {cached} {log}
format_debug = patch({counter})="{patch}"{diffifbest}
format_fitness = {:.2f}
format_ratio = {:.2%%}
format_patchif = 
	 --> {patch}
format_diffif = 
	{diff}

[software]
path = dataset/magpie_dataset/train/0037
target_files = 
	source.cpp
software = BasicSoftware
model_rules = 
	*.params : ParamFileConfigModel
	*.xml : SrcmlModel
	* : LineModel
model_config = 
	*.params : [paramconfig]
	*.xml : [srcml]
init_cmd = 
init_timeout = 60
init_lengthout = -1
setup_cmd = bash setup.sh
setup_timeout = 
setup_lengthout = 
compile_cmd = bash compile.sh
compile_timeout = 
compile_lengthout = 
test_cmd = bash test.sh
test_timeout = 
test_lengthout = 
run_cmd = bash run.sh
run_timeout = 3
run_lengthout = 
batch_timeout = 
batch_lengthout = 
batch_bin_fitness_strategy = aggregate
batch_fitness_strategy = sum
fitness = time

[srcml]
rename = 
	stmt: break continue decl_stmt do expr_stmt for goto if return switch while
	number: literal_number
focus = block stmt operator_comp operator_arith number
internodes = block
process_pseudo_blocks = True
process_literals = True
process_operators = True

[paramconfig]
timing = test run
cli_prefix = --
cli_glue = =
cli_boolean = show
cli_boolean_prefix_true = 
cli_boolean_prefix_false = no-
cli_none = hide
silent_prefix = @
silent_suffix = $

[search]
protocol = BasicProtocol
algorithm = GeneticProgrammingLLM
possible_edits = 
	LineLLMMutation
	LineLLMCrossover
	LineDeletion
	LineInsertion
	LineReplacement
llm_prob = 1.0
warmup = 5
warmup_strategy = last
max_steps = 50
max_time = 20000
target_fitness = 
cache_maxsize = 100
cache_keep = 0.2
batch_instances = 
batch_shuffle = True
batch_bin_shuffle = False
batch_sample_size = 1

[search.ls]
delete_prob = 0.5
max_neighbours = 
when_trapped = continue
accept_fail = False
tabu_length = 10

[search.gp]
pop_size = 10
delete_prob = 0.0
offspring_elitism = 0.2
offspring_crossover = 0.4
offspring_mutation = 0.4
uniform_rate = 0.5
batch_reset = True
llm_type = baseline

[search.minify]
do_cleanup = True
do_rebuild = True
do_simplify = True
round_robin_limit = 3


2025-02-24 18:36:19,475	[DEBUG]	
2025-02-24 18:36:19,475	[INFO]	==== SEARCH: GeneticProgrammingLLM ====
2025-02-24 18:36:19,475	[INFO]	~~~~ WARMUP ~~~~
2025-02-24 18:36:20,340	[DEBUG]	EXEC>  SUCCESS 3129871.0
2025-02-24 18:36:20,341	[INFO]	WARM    SUCCESS               3129871.00 (--) [0 edit(s)]  
2025-02-24 18:36:20,864	[DEBUG]	EXEC>  SUCCESS 3129870.0
2025-02-24 18:36:20,864	[INFO]	WARM    SUCCESS               3129870.00 (--) [0 edit(s)]  
2025-02-24 18:36:21,138	[DEBUG]	EXEC>  SUCCESS 3129779.5
2025-02-24 18:36:21,139	[INFO]	WARM    SUCCESS               3129779.50 (--) [0 edit(s)]  
2025-02-24 18:36:21,417	[DEBUG]	EXEC>  SUCCESS 3129779.5
2025-02-24 18:36:21,417	[INFO]	WARM    SUCCESS               3129779.50 (--) [0 edit(s)]  
2025-02-24 18:36:21,687	[DEBUG]	EXEC>  SUCCESS 3129907.5
2025-02-24 18:36:21,687	[INFO]	WARM    SUCCESS               3129907.50 (--) [0 edit(s)]  
2025-02-24 18:36:21,687	[INFO]	REF     SUCCESS               3129907.50 (--) [0 edit(s)]  
2025-02-24 18:36:21,688	[INFO]	
2025-02-24 18:36:21,688	[INFO]	~~~~ START ~~~~
2025-02-24 18:37:03,015	[INFO]	0-1     COMPILE_CODE_ERROR    None (--) [1 edit(s)]  
2025-02-24 18:37:03,016	[DEBUG]	patch(0-1)="LineLLMMutation(('source.cpp', 0), '#include <cstdio>\n#include <cstring>\n\nint main() {\n    int i, k, v, an1, an2, suu;\n    const int MAX_V = 10000;\n    int prime[MAX_V + 1];\n\n    std::fill(prime, prime + MAX_V + 1, 1);\n\n    for(i = 2; i * i <= MAX_V; i++) {\n        if(prime[i]) {\n            for(k = 2 * i; k <= MAX_V; k += i) {\n                prime[k] = 0;\n            }\n        }\n    }\n\n    while(1) {\n        scanf("%d", &suu);\n        if(suu != 0) {\n            for(k = 2; k <= suu; k++) {\n                if(prime[k - 2] == 1 && prime[k] == 1) {\n                    an1 = k - 2;\n                    an2 = k;\n                }\n            }\n            printf("%d %d\\n", an1, an2);\n        } else {\n            break;\n        }\n    }\n    return 0;\n}')"
2025-02-24 18:37:04,406	[DEBUG]	EXEC>  SUCCESS 3136467.0
2025-02-24 18:37:04,406	[INFO]	0-2     SUCCESS              +3136467.00 (100.21%) [1 edit(s)]  
2025-02-24 18:37:04,406	[DEBUG]	patch(0-2)="LineLLMMutation(('source.cpp', 1), '#include <cstdio>\n#include <vector>\n\nint main() {\n    int i, k, v, an1, an2, suu;\n    const int MAX_V = 10000;\n    std::vector<int> prime(MAX_V + 1, 1);\n\n    for(i = 2; i * i <= MAX_V; i++) {\n        if(prime[i]) {\n            for(k = 2 * i; k <= MAX_V; k += i) {\n                prime[k] = 0;\n            }\n        }\n    }\n\n    while(1) {\n        scanf("%d", &suu);\n        if(suu != 0) {\n            for(k = 2; k <= suu; k++) {\n                if(prime[k - 2] == 1 && prime[k] == 1) {\n                    an1 = k - 2;\n                    an2 = k;\n                }\n            }\n            printf("%d %d\\n", an1, an2);\n        } else {\n            break;\n        }\n    }\n    return 0;\n}')"
2025-02-24 18:37:05,789	[DEBUG]	EXEC>  SUCCESS 3136565.0
2025-02-24 18:37:05,789	[INFO]	0-3     SUCCESS               3136565.00 (100.21%) [1 edit(s)]  
2025-02-24 18:37:05,789	[DEBUG]	patch(0-3)="LineLLMMutation(('source.cpp', 2), '#include <cstdio>\n#include <vector>\n\nint main() {\n    int i, k, an1, an2, suu;\n    const int MAX_V = 10000;\n    std::vector<int> prime(MAX_V + 1, 1);\n\n    for(i = 2; i * i <= MAX_V; i++) {\n        if(prime[i]) {\n            for(k = 2 * i; k <= MAX_V; k += i) {\n                prime[k] = 0;\n            }\n        }\n    }\n\n    while(true) {\n        scanf("%d", &suu);\n        if(suu == 0) break;\n\n        an1 = -1; // Initialize to -1 to avoid garbage values\n        for(k = 2; k <= suu; k++) {\n            if(prime[k - 2] == 1 && prime[k] == 1) {\n                an1 = k - 2;\n                an2 = k;\n            }\n        }\n        if (an1 != -1) printf("%d %d\\n", an1, an2);\n    }\n    return 0;\n}')"
2025-02-24 18:37:07,106	[INFO]	0-4     TEST_CODE_ERROR       None (--) [1 edit(s)]  
2025-02-24 18:37:07,106	[DEBUG]	patch(0-4)="LineLLMMutation(('source.cpp', 3), '#include <cstdio>\n#include <vector>\n\nint main() {\n    int suu;\n    const int MAX_V = 10000;\n    std::vector<int> prime(MAX_V + 1, 1);\n\n    for(int i = 2; i * i <= MAX_V; i++) {\n        if(prime[i]) {\n            for(int k = 2 * i; k <= MAX_V; k += i) {\n                prime[k] = 0;\n            }\n        }\n    }\n\n    while(scanf("%d", &suu), suu != 0) {\n        for(int k = 2; k <= suu; k++) {\n            if(prime[k - 2] && prime[k]) {\n                printf("%d %d\\n", k - 2, k);\n            }\n        }\n    }\n    return 0;\n}')"
2025-02-24 18:37:08,443	[INFO]	0-5     TEST_CODE_ERROR       None (--) [1 edit(s)]  
2025-02-24 18:37:08,443	[DEBUG]	patch(0-5)="LineLLMMutation(('source.cpp', 4), '#include <cstdio>\n#include <vector>\n\nint main() {\n    int suu;\n    const int MAX_V = 10000;\n    std::vector<int> prime(MAX_V + 1, 1);\n\n    for(int i = 2; i * i <= MAX_V; i++) {\n        if(prime[i]) {\n            for(int k = 2 * i; k <= MAX_V; k += i) {\n                prime[k] = 0;\n            }\n        }\n    }\n\n    while(scanf("%d", &suu) && suu != 0) {\n        bool found = false;\n        for(int k = 2; k <= suu; k++) {\n            if(prime[k - 2] && prime[k]) {\n                printf("%d %d\\n", k - 2, k);\n                found = true;\n            }\n        }\n        if (!found) {\n            printf("No prime pairs found.\\n");\n        }\n    }\n    return 0;\n}')"
2025-02-24 18:37:09,780	[INFO]	0-6     TEST_CODE_ERROR       None (--) [1 edit(s)]  
2025-02-24 18:37:09,780	[DEBUG]	patch(0-6)="LineLLMMutation(('source.cpp', 5), '#include <cstdio>\n#include <vector>\n\nint main() {\n    const int MAX_V = 10000;\n    std::vector<int> prime(MAX_V + 1, 1);\n    \n    for(int i = 2; i * i <= MAX_V; i++) {\n        if(prime[i]) {\n            for(int k = 2 * i; k <= MAX_V; k += i) {\n                prime[k] = 0;\n            }\n        }\n    }\n\n    int suu;\n    while(scanf("%d", &suu) && suu) {\n        for(int k = 2; k <= suu; k++) {\n            if(prime[k - 2] && prime[k]) {\n                printf("%d %d\\n", k - 2, k);\n            }\n        }\n    }\n    return 0;\n}')"
2025-02-24 18:37:11,301	[INFO]	0-7     TEST_CODE_ERROR       None (--) [1 edit(s)]  
2025-02-24 18:37:11,301	[DEBUG]	patch(0-7)="LineLLMMutation(('source.cpp', 6), '#include <cstdio>\n#include <vector>\n#include <algorithm>\n\nint main() {\n    const int MAX_V = 10000;\n    std::vector<int> prime(MAX_V + 1);\n    std::fill(prime.begin(), prime.end(), 1);\n    \n    for(int i = 2; i * i <= MAX_V; i++) {\n        if(prime[i]) {\n            for(int k = 2 * i; k <= MAX_V; k += i) {\n                prime[k] = 0;\n            }\n        }\n    }\n\n    int suu;\n    while(scanf("%d", &suu) && suu) {\n        for(int k = 2; k <= suu; k++) {\n            if(prime[k - 2] && prime[k]) {\n                printf("%d %d\\n", k - 2, k);\n            }\n        }\n    }\n    return 0;\n}')"
2025-02-24 18:37:12,633	[INFO]	0-8     TEST_CODE_ERROR       None (--) [1 edit(s)]  
2025-02-24 18:37:12,633	[DEBUG]	patch(0-8)="LineLLMMutation(('source.cpp', 7), '#include <cstdio>\n#include <vector>\n\nint main() {\n    const int MAX_V = 10000;\n    std::vector<int> prime(MAX_V + 1, 1);\n    \n    for(int i = 2; i * i <= MAX_V; i++) {\n        if(prime[i]) {\n            for(int k = 2 * i; k <= MAX_V; k += i) {\n                prime[k] = 0;\n            }\n        }\n    }\n\n    int suu;\n    while(scanf("%d", &suu) && suu) {\n        for(int k = 2; k <= suu; k++) {\n            if(prime[k - 2] && prime[k]) {\n                printf("%d %d\\n", k - 2, k);\n            }\n        }\n    }\n    return 0;\n}')"
2025-02-24 18:37:13,982	[INFO]	0-9     TEST_CODE_ERROR       None (--) [1 edit(s)]  
2025-02-24 18:37:13,982	[DEBUG]	patch(0-9)="LineLLMMutation(('source.cpp', 8), '#include <cstdio>\n#include <vector>\n\nint main() {\n    const int MAX_V = 10000;\n    std::vector<int> prime(MAX_V + 1, 1);\n    \n    for(int i = 2; i * i <= MAX_V; i++) {\n        if(prime[i]) {\n            for(int k = 2 * i; k <= MAX_V; k += i) {\n                prime[k] = 0;\n            }\n        }\n    }\n\n    int suu;\n    while(true) {\n        scanf("%d", &suu);\n        if(suu == 0) break;\n        for(int k = 2; k <= suu; k++) {\n            if(prime[k - 2] && prime[k]) {\n                printf("%d %d\\n", k - 2, k);\n            }\n        }\n    }\n    return 0;\n}')"
2025-02-24 18:37:15,576	[INFO]	0-10    TEST_CODE_ERROR       None (--) [1 edit(s)]  
2025-02-24 18:37:15,577	[DEBUG]	patch(0-10)="LineLLMMutation(('source.cpp', 9), '#include <cstdio>\n#include <vector>\n#include <sstream>\n\nint main() {\n    const int MAX_V = 10000;\n    std::vector<int> prime(MAX_V + 1, 1);\n    \n    for(int i = 2; i * i <= MAX_V; i++) {\n        if(prime[i]) {\n            for(int k = 2 * i; k <= MAX_V; k += i) {\n                prime[k] = 0;\n            }\n        }\n    }\n\n    int suu;\n    while(scanf("%d", &suu) && suu) {\n        std::ostringstream output;\n        for(int k = 2; k <= suu; k++) {\n            if(prime[k - 2] && prime[k]) {\n                output << k - 2 << " " << k << "\\n";\n            }\n        }\n        printf("%s", output.str().c_str());\n    }\n    return 0;\n}')"
2025-02-24 18:37:16,577	[INFO]	Step: 10
2025-02-24 18:37:16,577	[INFO]	Stop Steps: 50
2025-02-24 18:37:17,852	[DEBUG]	EXEC>  SUCCESS 3129960.5
2025-02-24 18:37:17,852	[INFO]	REF     SUCCESS               3129960.50 (--) [0 edit(s)]  
2025-02-24 18:37:17,853	[INFO]	Best patch step: None
2025-02-24 18:37:56,802	[INFO]	Step: 10
2025-02-24 18:37:56,802	[INFO]	Stop Steps: 50
2025-02-24 18:37:57,183	[DEBUG]	EXEC>  SUCCESS 3136467.5
2025-02-24 18:37:57,184	[INFO]	1-1     SUCCESS              +3136467.50 (100.21%) [1 edit(s)]  
2025-02-24 18:37:57,184	[DEBUG]	patch(1-1)="LineLLMMutation(('source.cpp', 1), '#include <cstdio>\n#include <vector>\n\nint main() {\n    int i, k, v, an1, an2, suu;\n    const int MAX_V = 10000;\n    std::vector<int> prime(MAX_V + 1, 1);\n\n    for(i = 2; i * i <= MAX_V; i++) {\n        if(prime[i]) {\n            for(k = 2 * i; k <= MAX_V; k += i) {\n                prime[k] = 0;\n            }\n        }\n    }\n\n    while(1) {\n        scanf("%d", &suu);\n        if(suu != 0) {\n            for(k = 2; k <= suu; k++) {\n                if(prime[k - 2] == 1 && prime[k] == 1) {\n                    an1 = k - 2;\n                    an2 = k;\n                }\n            }\n            printf("%d %d\\n", an1, an2);\n        } else {\n            break;\n        }\n    }\n    return 0;\n}')"
2025-02-24 18:37:57,184	[INFO]	Step: 11
2025-02-24 18:37:57,184	[INFO]	Stop Steps: 50
2025-02-24 18:37:57,550	[DEBUG]	EXEC>  SUCCESS 3136477.0
2025-02-24 18:37:57,550	[INFO]	1-2     SUCCESS               3136477.00 (100.21%) [1 edit(s)]  
2025-02-24 18:37:57,550	[DEBUG]	patch(1-2)="LineLLMMutation(('source.cpp', 2), '#include <cstdio>\n#include <vector>\n\nint main() {\n    int i, k, an1, an2, suu;\n    const int MAX_V = 10000;\n    std::vector<int> prime(MAX_V + 1, 1);\n\n    for(i = 2; i * i <= MAX_V; i++) {\n        if(prime[i]) {\n            for(k = 2 * i; k <= MAX_V; k += i) {\n                prime[k] = 0;\n            }\n        }\n    }\n\n    while(true) {\n        scanf("%d", &suu);\n        if(suu == 0) break;\n\n        an1 = -1; // Initialize to -1 to avoid garbage values\n        for(k = 2; k <= suu; k++) {\n            if(prime[k - 2] == 1 && prime[k] == 1) {\n                an1 = k - 2;\n                an2 = k;\n            }\n        }\n        if (an1 != -1) printf("%d %d\\n", an1, an2);\n    }\n    return 0;\n}')"
2025-02-24 18:37:57,550	[INFO]	Step: 12
2025-02-24 18:37:57,550	[INFO]	Stop Steps: 50
2025-02-24 18:37:57,935	[DEBUG]	EXEC>  SUCCESS 3136475.5
2025-02-24 18:37:57,935	[INFO]	1-3     SUCCESS               3136475.50 (100.21%) [1 edit(s)]  
2025-02-24 18:37:57,935	[DEBUG]	patch(1-3)="LineLLMCrossover(('source.cpp', 0), '#include <cstdio>\n#include <vector>\n\nint main() {\n    int i, k, an1, an2, suu;\n    const int MAX_V = 10000;\n    std::vector<int> prime(MAX_V + 1, 1);\n\n    // Sieve of Eratosthenes for prime generation\n    for(i = 2; i * i <= MAX_V; i++) {\n        if(prime[i]) {\n            for(k = 2 * i; k <= MAX_V; k += i) {\n                prime[k] = 0;\n            }\n        }\n    }\n\n    while(true) {\n        scanf("%d", &suu);\n        if(suu == 0) break;\n\n        an1 = -1; // Initialize to -1 to avoid garbage values\n        for(k = 2; k <= suu; k++) {\n            if(prime[k - 2] == 1 && prime[k] == 1) {\n                an1 = k - 2;\n                an2 = k;\n            }\n        }\n        if (an1 != -1) printf("%d %d\\n", an1, an2);\n    }\n    return 0;\n}')"
2025-02-24 18:37:57,935	[INFO]	Step: 13
2025-02-24 18:37:57,935	[INFO]	Stop Steps: 50
2025-02-24 18:37:58,321	[DEBUG]	EXEC>  SUCCESS 3136603.5
2025-02-24 18:37:58,321	[INFO]	1-4     SUCCESS               3136603.50 (100.21%) [1 edit(s)]  
2025-02-24 18:37:58,322	[DEBUG]	patch(1-4)="LineLLMCrossover(('source.cpp', 1), '#include <cstdio>\n#include <vector>\n\nint main() {\n    int i, k, an1, an2, suu;\n    const int MAX_V = 10000;\n    std::vector<int> prime(MAX_V + 1, 1);\n\n    // Sieve of Eratosthenes\n    for(i = 2; i * i <= MAX_V; i++) {\n        if(prime[i]) {\n            for(k = 2 * i; k <= MAX_V; k += i) {\n                prime[k] = 0;\n            }\n        }\n    }\n\n    while(1) {\n        scanf("%d", &suu);\n        if(suu == 0) break;\n\n        an1 = -1;\n        for(k = 2; k <= suu; k++) {\n            if(prime[k - 2] == 1 && prime[k] == 1) {\n                an1 = k - 2;\n                an2 = k;\n            }\n        }\n        if (an1 != -1) printf("%d %d\\n", an1, an2);\n    }\n    return 0;\n}')"
2025-02-24 18:37:58,322	[INFO]	Step: 14
2025-02-24 18:37:58,322	[INFO]	Stop Steps: 50
2025-02-24 18:37:58,692	[DEBUG]	EXEC>  SUCCESS 3137318.0
2025-02-24 18:37:58,693	[INFO]	1-5     SUCCESS               3137318.00 (100.24%) [1 edit(s)]  
2025-02-24 18:37:58,693	[DEBUG]	patch(1-5)="LineLLMCrossover(('source.cpp', 2), '#include <cstdio>\n#include <vector>\n\nint main() {\n    int i, k, an1, an2, suu;\n    const int MAX_V = 10000;\n    std::vector<int> prime(MAX_V + 1, 1);\n\n    // Efficient prime generation using the Sieve of Eratosthenes\n    for(i = 2; i * i <= MAX_V; i++) {\n        if(prime[i]) {\n            for(k = 2 * i; k <= MAX_V; k += i) {\n                prime[k] = 0;\n            }\n        }\n    }\n\n    while(true) {\n        scanf("%d", &suu);\n        if(suu == 0) break;\n\n        an1 = -1; // Initialize to -1 to avoid garbage values\n        for(k = 2; k <= suu; k++) {\n            if(prime[k - 2] && prime[k]) {\n                an1 = k - 2;\n                an2 = k;\n            }\n        }\n        if (an1 != -1) printf("%d %d\\n", an1, an2);\n    }\n    return 0;\n}')"
2025-02-24 18:37:58,693	[INFO]	Step: 15
2025-02-24 18:37:58,693	[INFO]	Stop Steps: 50
2025-02-24 18:37:59,073	[DEBUG]	EXEC>  SUCCESS 3137240.0
2025-02-24 18:37:59,074	[INFO]	1-6     SUCCESS               3137240.00 (100.23%) [1 edit(s)]  
2025-02-24 18:37:59,074	[DEBUG]	patch(1-6)="LineLLMCrossover(('source.cpp', 3), '#include <cstdio>\n#include <vector>\n\nint main() {\n    int i, k, an1, an2, suu;\n    const int MAX_V = 10000;\n    std::vector<int> prime(MAX_V + 1, 1);\n\n    // Sieve of Eratosthenes for prime number generation\n    for(i = 2; i * i <= MAX_V; i++) {\n        if(prime[i]) {\n            for(k = 2 * i; k <= MAX_V; k += i) {\n                prime[k] = 0;\n            }\n        }\n    }\n\n    while(true) {\n        scanf("%d", &suu);\n        if(suu == 0) break;\n\n        an1 = -1; // Initialize an1 to -1 to avoid garbage values\n        for(k = 2; k <= suu; k++) {\n            if(prime[k - 2] && prime[k]) {\n                an1 = k - 2;\n                an2 = k;\n            }\n        }\n        if (an1 != -1) printf("%d %d\\n", an1, an2);\n    }\n    return 0;\n}')"
2025-02-24 18:37:59,074	[INFO]	Step: 16
2025-02-24 18:37:59,074	[INFO]	Stop Steps: 50
2025-02-24 18:37:59,584	[DEBUG]	EXEC>  SUCCESS 3215393.5
2025-02-24 18:37:59,585	[INFO]	1-7     SUCCESS               3215393.50 (102.73%) [2 edit(s)]  
2025-02-24 18:37:59,585	[DEBUG]	patch(1-7)="LineLLMMutation(('source.cpp', 1), '#include <cstdio>\n#include <vector>\n\nint main() {\n    int i, k, v, an1, an2, suu;\n    const int MAX_V = 10000;\n    std::vector<int> prime(MAX_V + 1, 1);\n\n    for(i = 2; i * i <= MAX_V; i++) {\n        if(prime[i]) {\n            for(k = 2 * i; k <= MAX_V; k += i) {\n                prime[k] = 0;\n            }\n        }\n    }\n\n    while(1) {\n        scanf("%d", &suu);\n        if(suu != 0) {\n            for(k = 2; k <= suu; k++) {\n                if(prime[k - 2] == 1 && prime[k] == 1) {\n                    an1 = k - 2;\n                    an2 = k;\n                }\n            }\n            printf("%d %d\\n", an1, an2);\n        } else {\n            break;\n        }\n    }\n    return 0;\n}') | LineLLMMutation(('source.cpp', 10), '#include <cstdio>\n#include <vector>\n#include <cmath>\n\nint main() {\n    int suu;\n    const int MAX_V = 10000;\n    std::vector<bool> prime(MAX_V + 1, true);\n    prime[0] = prime[1] = false; // 0 and 1 are not primes\n\n    for (int i = 2; i <= std::sqrt(MAX_V); i++) {\n        if (prime[i]) {\n            for (int k = i * i; k <= MAX_V; k += i) {\n                prime[k] = false;\n            }\n        }\n    }\n\n    while (true) {\n        scanf("%d", &suu);\n        if (suu == 0) break;\n\n        int an1 = -1, an2 = -1;\n\n        for (int k = 2; k <= suu; k++) {\n            if (prime[k - 2] && prime[k]) {\n                an1 = k - 2;\n                an2 = k;\n            }\n        }\n        if (an1 != -1 && an2 != -1) {\n            printf("%d %d\\n", an1, an2);\n        }\n    }\n    return 0;\n}')"
2025-02-24 18:37:59,585	[INFO]	Step: 17
2025-02-24 18:37:59,585	[INFO]	Stop Steps: 50
2025-02-24 18:37:59,962	[DEBUG]	EXEC>  SUCCESS 3248538.0
2025-02-24 18:37:59,962	[INFO]	1-8     SUCCESS               3248538.00 (103.79%) [2 edit(s)]  
2025-02-24 18:37:59,962	[DEBUG]	patch(1-8)="LineLLMMutation(('source.cpp', 2), '#include <cstdio>\n#include <vector>\n\nint main() {\n    int i, k, an1, an2, suu;\n    const int MAX_V = 10000;\n    std::vector<int> prime(MAX_V + 1, 1);\n\n    for(i = 2; i * i <= MAX_V; i++) {\n        if(prime[i]) {\n            for(k = 2 * i; k <= MAX_V; k += i) {\n                prime[k] = 0;\n            }\n        }\n    }\n\n    while(true) {\n        scanf("%d", &suu);\n        if(suu == 0) break;\n\n        an1 = -1; // Initialize to -1 to avoid garbage values\n        for(k = 2; k <= suu; k++) {\n            if(prime[k - 2] == 1 && prime[k] == 1) {\n                an1 = k - 2;\n                an2 = k;\n            }\n        }\n        if (an1 != -1) printf("%d %d\\n", an1, an2);\n    }\n    return 0;\n}') | LineLLMMutation(('source.cpp', 11), '#include <cstdio>\n#include <vector>\n\nint main() {\n    int k, an1, an2, suu;\n    const int MAX_V = 10000;\n    std::vector<bool> prime(MAX_V + 1, true);\n    prime[0] = prime[1] = false; // 0 and 1 are not prime numbers\n\n    for(int i = 2; i * i <= MAX_V; i++) {\n        if(prime[i]) {\n            for(k = i * i; k <= MAX_V; k += i) {\n                prime[k] = false; // Mark multiples of i as non-prime\n            }\n        }\n    }\n\n    while(true) {\n        scanf("%d", &suu);\n        if(suu == 0) break;\n\n        an1 = -1; // Initialize to -1 to avoid garbage values\n        for(k = 2; k <= suu; k++) {\n            if(prime[k - 2] && prime[k]) {\n                an1 = k - 2;\n                an2 = k;\n            }\n        }\n        if (an1 != -1) printf("%d %d\\n", an1, an2);\n    }\n    return 0;\n}')"
2025-02-24 18:37:59,962	[INFO]	Step: 18
2025-02-24 18:37:59,962	[INFO]	Stop Steps: 50
2025-02-24 18:38:00,355	[DEBUG]	EXEC>  SUCCESS 3249533.5
2025-02-24 18:38:00,355	[INFO]	1-9     SUCCESS               3249533.50 (103.82%) [1 edit(s)]  
2025-02-24 18:38:00,355	[DEBUG]	patch(1-9)="LineLLMMutation(('source.cpp', 12), '#include <cstdio>\n#include <vector>\n\nint main() {\n    const int MAX_V = 10000;\n    std::vector<bool> prime(MAX_V + 1, true);\n    prime[0] = prime[1] = false; // 0 and 1 are not prime\n\n    for (int i = 2; i * i <= MAX_V; i++) {\n        if (prime[i]) {\n            for (int k = i * i; k <= MAX_V; k += i) {\n                prime[k] = false; // Start from i*i\n            }\n        }\n    }\n\n    int suu;\n    while (true) {\n        scanf("%d", &suu);\n        if (suu == 0) {\n            break;\n        }\n\n        int an1 = -1, an2 = -1; // Initialize to -1 to handle cases with no primes found\n        for (int k = 2; k <= suu; k++) {\n            if (prime[k - 2] && prime[k]) {\n                an1 = k - 2;\n                an2 = k;\n            }\n        }\n\n        if (an1 != -1 && an2 != -1) { // Only print if valid pairs found\n            printf("%d %d\\n", an1, an2);\n        }\n    }\n\n    return 0;\n}')"
2025-02-24 18:38:00,355	[INFO]	Step: 19
2025-02-24 18:38:00,355	[INFO]	Stop Steps: 50
2025-02-24 18:38:00,666	[INFO]	1-10    TEST_CODE_ERROR       None (--) [1 edit(s)]  
2025-02-24 18:38:00,666	[DEBUG]	patch(1-10)="LineLLMMutation(('source.cpp', 13), '#include <cstdio>\n\nint main() {\n    const int MAX_V = 10000;\n    bool prime[MAX_V + 1] = {false}; // Initialize all to false\n    prime[0] = prime[1] = false; // 0 and 1 are not prime\n\n    // Sieve of Eratosthenes\n    for (int i = 2; i * i <= MAX_V; i++) {\n        if (!prime[i]) continue; // Skip if already marked\n        for (int k = i * i; k <= MAX_V; k += i) {\n            prime[k] = true; // Mark non-prime\n        }\n    }\n\n    int suu;\n    while (scanf("%d", &suu) && suu != 0) {\n        int an1 = -1, an2 = -1; // Initialize to -1 to handle no primes found\n        for (int k = 2; k <= suu; k++) {\n            if (k >= 2 && prime[k] && prime[k - 2]) {\n                an1 = k - 2;\n                an2 = k;\n            }\n        }\n\n        if (an1 != -1 && an2 != -1) { // Print if valid pairs found\n            printf("%d %d\\n", an1, an2);\n        }\n    }\n\n    return 0;\n}')"
2025-02-24 18:38:00,666	[INFO]	Step: 20
2025-02-24 18:38:00,666	[INFO]	Stop Steps: 50
2025-02-24 18:38:01,960	[DEBUG]	EXEC>  SUCCESS 3129869.5
2025-02-24 18:38:01,960	[INFO]	REF     SUCCESS               3129869.50 (--) [0 edit(s)]  
2025-02-24 18:38:01,960	[INFO]	Best patch step: None
2025-02-24 18:38:49,272	[INFO]	Step: 20
2025-02-24 18:38:49,273	[INFO]	Stop Steps: 50
2025-02-24 18:38:49,649	[DEBUG]	EXEC>  SUCCESS 3136466.5
2025-02-24 18:38:49,650	[INFO]	2-1     SUCCESS              +3136466.50 (100.21%) [1 edit(s)]  
2025-02-24 18:38:49,650	[DEBUG]	patch(2-1)="LineLLMMutation(('source.cpp', 1), '#include <cstdio>\n#include <vector>\n\nint main() {\n    int i, k, v, an1, an2, suu;\n    const int MAX_V = 10000;\n    std::vector<int> prime(MAX_V + 1, 1);\n\n    for(i = 2; i * i <= MAX_V; i++) {\n        if(prime[i]) {\n            for(k = 2 * i; k <= MAX_V; k += i) {\n                prime[k] = 0;\n            }\n        }\n    }\n\n    while(1) {\n        scanf("%d", &suu);\n        if(suu != 0) {\n            for(k = 2; k <= suu; k++) {\n                if(prime[k - 2] == 1 && prime[k] == 1) {\n                    an1 = k - 2;\n                    an2 = k;\n                }\n            }\n            printf("%d %d\\n", an1, an2);\n        } else {\n            break;\n        }\n    }\n    return 0;\n}')"
2025-02-24 18:38:49,650	[INFO]	Step: 21
2025-02-24 18:38:49,650	[INFO]	Stop Steps: 50
2025-02-24 18:38:50,020	[DEBUG]	EXEC>  SUCCESS 3136476.5
2025-02-24 18:38:50,020	[INFO]	2-2     SUCCESS               3136476.50 (100.21%) [1 edit(s)]  
2025-02-24 18:38:50,020	[DEBUG]	patch(2-2)="LineLLMCrossover(('source.cpp', 0), '#include <cstdio>\n#include <vector>\n\nint main() {\n    int i, k, an1, an2, suu;\n    const int MAX_V = 10000;\n    std::vector<int> prime(MAX_V + 1, 1);\n\n    // Sieve of Eratosthenes for prime generation\n    for(i = 2; i * i <= MAX_V; i++) {\n        if(prime[i]) {\n            for(k = 2 * i; k <= MAX_V; k += i) {\n                prime[k] = 0;\n            }\n        }\n    }\n\n    while(true) {\n        scanf("%d", &suu);\n        if(suu == 0) break;\n\n        an1 = -1; // Initialize to -1 to avoid garbage values\n        for(k = 2; k <= suu; k++) {\n            if(prime[k - 2] == 1 && prime[k] == 1) {\n                an1 = k - 2;\n                an2 = k;\n            }\n        }\n        if (an1 != -1) printf("%d %d\\n", an1, an2);\n    }\n    return 0;\n}')"
2025-02-24 18:38:50,020	[INFO]	Step: 22
2025-02-24 18:38:50,020	[INFO]	Stop Steps: 50
2025-02-24 18:38:50,424	[DEBUG]	EXEC>  SUCCESS 3136478.0
2025-02-24 18:38:50,424	[INFO]	2-3     SUCCESS               3136478.00 (100.21%) [1 edit(s)]  
2025-02-24 18:38:50,424	[DEBUG]	patch(2-3)="LineLLMCrossover(('source.cpp', 4), '#include <cstdio>\n#include <vector>\n\nint main() {\n    int i, k, an1 = -1, an2, suu;\n    const int MAX_V = 10000;\n    std::vector<int> prime(MAX_V + 1, 1);\n\n    // Sieve of Eratosthenes\n    for(i = 2; i * i <= MAX_V; i++) {\n        if(prime[i]) {\n            for(k = 2 * i; k <= MAX_V; k += i) {\n                prime[k] = 0;\n            }\n        }\n    }\n\n    while(true) {\n        scanf("%d", &suu);\n        if(suu == 0) break;\n\n        for(k = 2; k <= suu; k++) {\n            if(prime[k - 2] == 1 && prime[k] == 1) {\n                an1 = k - 2;\n                an2 = k;\n            }\n        }\n        if (an1 != -1) printf("%d %d\\n", an1, an2);\n    }\n    return 0;\n}')"
2025-02-24 18:38:50,424	[INFO]	Step: 23
2025-02-24 18:38:50,424	[INFO]	Stop Steps: 50
2025-02-24 18:38:50,797	[DEBUG]	EXEC>  SUCCESS 3136476.0
2025-02-24 18:38:50,798	[INFO]	2-4     SUCCESS               3136476.00 (100.21%) [1 edit(s)]  
2025-02-24 18:38:50,798	[DEBUG]	patch(2-4)="LineLLMCrossover(('source.cpp', 5), '#include <cstdio>\n#include <vector>\n\nint main() {\n    int i, k, an1 = -1, an2, suu;\n    const int MAX_V = 10000;\n    std::vector<int> prime(MAX_V + 1, 1);\n\n    // Sieve of Eratosthenes for prime generation\n    for(i = 2; i * i <= MAX_V; i++) {\n        if(prime[i]) {\n            for(k = 2 * i; k <= MAX_V; k += i) {\n                prime[k] = 0;\n            }\n        }\n    }\n\n    while(true) {\n        scanf("%d", &suu);\n        if(suu == 0) break;\n\n        an1 = -1; // Initialize to -1 to avoid garbage values\n        for(k = 2; k <= suu; k++) {\n            if(prime[k - 2] == 1 && prime[k] == 1) {\n                an1 = k - 2;\n                an2 = k;\n            }\n        }\n        if (an1 != -1) printf("%d %d\\n", an1, an2);\n    }\n    return 0;\n}')"
2025-02-24 18:38:50,798	[INFO]	Step: 24
2025-02-24 18:38:50,798	[INFO]	Stop Steps: 50
2025-02-24 18:38:51,167	[DEBUG]	EXEC>  SUCCESS 3136568.5
2025-02-24 18:38:51,167	[INFO]	2-5     SUCCESS               3136568.50 (100.21%) [1 edit(s)]  
2025-02-24 18:38:51,167	[DEBUG]	patch(2-5)="LineLLMCrossover(('source.cpp', 6), '#include <cstdio>\n#include <vector>\n\nint main() {\n    int i, k, an1 = -1, an2, suu;\n    const int MAX_V = 10000;\n    std::vector<int> prime(MAX_V + 1, 1);\n\n    // Sieve of Eratosthenes for prime generation\n    for(i = 2; i * i <= MAX_V; i++) {\n        if(prime[i]) {\n            for(k = 2 * i; k <= MAX_V; k += i) {\n                prime[k] = 0;\n            }\n        }\n    }\n\n    while(true) {\n        scanf("%d", &suu);\n        if(suu == 0) break;\n\n        for(k = 2; k <= suu; k++) {\n            if(prime[k - 2] == 1 && prime[k] == 1) {\n                an1 = k - 2;\n                an2 = k;\n            }\n        }\n        if (an1 != -1) printf("%d %d\\n", an1, an2);\n    }\n    return 0;\n}')"
2025-02-24 18:38:51,167	[INFO]	Step: 25
2025-02-24 18:38:51,167	[INFO]	Stop Steps: 50
2025-02-24 18:38:51,539	[DEBUG]	EXEC>  SUCCESS 3136566.0
2025-02-24 18:38:51,539	[INFO]	2-6     SUCCESS               3136566.00 (100.21%) [1 edit(s)]  
2025-02-24 18:38:51,539	[DEBUG]	patch(2-6)="LineLLMCrossover(('source.cpp', 7), '#include <cstdio>\n#include <vector>\n\nint main() {\n    int i, k, an1 = -1, an2, suu;\n    const int MAX_V = 10000;\n    std::vector<int> prime(MAX_V + 1, 1);\n\n    // Sieve of Eratosthenes\n    for(i = 2; i * i <= MAX_V; i++) {\n        if(prime[i]) {\n            for(k = 2 * i; k <= MAX_V; k += i) {\n                prime[k] = 0;\n            }\n        }\n    }\n\n    while(true) {\n        scanf("%d", &suu);\n        if(suu == 0) break;\n\n        an1 = -1; // Reset at the beginning of each loop\n        for(k = 2; k <= suu; k++) {\n            if(prime[k - 2] == 1 && prime[k] == 1) {\n                an1 = k - 2;\n                an2 = k;\n            }\n        }\n        if (an1 != -1) printf("%d %d\\n", an1, an2);\n    }\n    return 0;\n}')"
2025-02-24 18:38:51,539	[INFO]	Step: 26
2025-02-24 18:38:51,539	[INFO]	Stop Steps: 50
2025-02-24 18:38:51,813	[DEBUG]	EXEC>  SUCCESS 3117296.0
2025-02-24 18:38:51,813	[INFO]	2-7     SUCCESS              *3117296.00 (99.60%) [2 edit(s)]  
2025-02-24 18:38:51,814	[DEBUG]	patch(2-7)="LineLLMMutation(('source.cpp', 1), '#include <cstdio>\n#include <vector>\n\nint main() {\n    int i, k, v, an1, an2, suu;\n    const int MAX_V = 10000;\n    std::vector<int> prime(MAX_V + 1, 1);\n\n    for(i = 2; i * i <= MAX_V; i++) {\n        if(prime[i]) {\n            for(k = 2 * i; k <= MAX_V; k += i) {\n                prime[k] = 0;\n            }\n        }\n    }\n\n    while(1) {\n        scanf("%d", &suu);\n        if(suu != 0) {\n            for(k = 2; k <= suu; k++) {\n                if(prime[k - 2] == 1 && prime[k] == 1) {\n                    an1 = k - 2;\n                    an2 = k;\n                }\n            }\n            printf("%d %d\\n", an1, an2);\n        } else {\n            break;\n        }\n    }\n    return 0;\n}') | LineLLMMutation(('source.cpp', 14), '#include <cstdio>\n#include <cstring>\n\nint main() {\n    const int MAX_V = 10000;\n    bool prime[MAX_V + 1];\n    memset(prime, true, sizeof(prime));\n    prime[0] = prime[1] = false; // 0 and 1 are not prime numbers\n\n    for(int i = 2; i * i <= MAX_V; i++) {\n        if(prime[i]) {\n            for(int k = i * i; k <= MAX_V; k += i) {\n                prime[k] = false;\n            }\n        }\n    }\n\n    int an1 = -1, an2 = -1, suu;\n    while(true) {\n        scanf("%d", &suu);\n        if(suu == 0) {\n            break;\n        }\n        for(int k = 2; k <= suu; k++) {\n            if(prime[k - 2] && prime[k]) {\n                an1 = k - 2;\n                an2 = k;\n            }\n        }\n        if (an1 != -1 && an2 != -1) {\n            printf("%d %d\\n", an1, an2);\n        }\n    }\n    return 0;\n}')"

2025-02-24 18:38:51,814	[INFO]	Step: 27
2025-02-24 18:38:51,814	[INFO]	Stop Steps: 50
2025-02-24 18:38:52,113	[DEBUG]	EXEC>  SUCCESS 3117321.0
2025-02-24 18:38:52,114	[INFO]	2-8     SUCCESS               3117321.00 (99.60%) [2 edit(s)]  
2025-02-24 18:38:52,114	[DEBUG]	patch(2-8)="LineLLMCrossover(('source.cpp', 0), '#include <cstdio>\n#include <vector>\n\nint main() {\n    int i, k, an1, an2, suu;\n    const int MAX_V = 10000;\n    std::vector<int> prime(MAX_V + 1, 1);\n\n    // Sieve of Eratosthenes for prime generation\n    for(i = 2; i * i <= MAX_V; i++) {\n        if(prime[i]) {\n            for(k = 2 * i; k <= MAX_V; k += i) {\n                prime[k] = 0;\n            }\n        }\n    }\n\n    while(true) {\n        scanf("%d", &suu);\n        if(suu == 0) break;\n\n        an1 = -1; // Initialize to -1 to avoid garbage values\n        for(k = 2; k <= suu; k++) {\n            if(prime[k - 2] == 1 && prime[k] == 1) {\n                an1 = k - 2;\n                an2 = k;\n            }\n        }\n        if (an1 != -1) printf("%d %d\\n", an1, an2);\n    }\n    return 0;\n}') | LineLLMMutation(('source.cpp', 15), '#include <cstdio>\n#include <cstring>\n\nint main() {\n    const int MAX_V = 10000;\n    bool prime[MAX_V + 1];\n    memset(prime, true, sizeof(prime)); // Initialize all entries as true\n\n    // Sieve of Eratosthenes for prime generation\n    for(int i = 2; i * i <= MAX_V; i++) {\n        if(prime[i]) {\n            for(int k = i * i; k <= MAX_V; k += i) { // Start from i*i\n                prime[k] = false; // Mark multiples as non-prime\n            }\n        }\n    }\n\n    int an1, an2, suu;\n    while(true) {\n        scanf("%d", &suu);\n        if(suu == 0) break;\n\n        an1 = -1; // Initialize to -1 to avoid garbage values\n        for(int k = 2; k <= suu; k++) {\n            if(prime[k - 2] && prime[k]) { // Check if both are prime\n                an1 = k - 2;\n                an2 = k;\n            }\n        }\n        if (an1 != -1) printf("%d %d\\n", an1, an2);\n    }\n    return 0;\n}')"
2025-02-24 18:38:52,114	[INFO]	Step: 28
2025-02-24 18:38:52,114	[INFO]	Stop Steps: 50
2025-02-24 18:38:52,497	[DEBUG]	EXEC>  SUCCESS 3132285.5
2025-02-24 18:38:52,497	[INFO]	2-9     SUCCESS               3132285.50 (100.08%) [2 edit(s)]  
2025-02-24 18:38:52,498	[DEBUG]	patch(2-9)="LineLLMMutation(('source.cpp', 2), '#include <cstdio>\n#include <vector>\n\nint main() {\n    int i, k, an1, an2, suu;\n    const int MAX_V = 10000;\n    std::vector<int> prime(MAX_V + 1, 1);\n\n    for(i = 2; i * i <= MAX_V; i++) {\n        if(prime[i]) {\n            for(k = 2 * i; k <= MAX_V; k += i) {\n                prime[k] = 0;\n            }\n        }\n    }\n\n    while(true) {\n        scanf("%d", &suu);\n        if(suu == 0) break;\n\n        an1 = -1; // Initialize to -1 to avoid garbage values\n        for(k = 2; k <= suu; k++) {\n            if(prime[k - 2] == 1 && prime[k] == 1) {\n                an1 = k - 2;\n                an2 = k;\n            }\n        }\n        if (an1 != -1) printf("%d %d\\n", an1, an2);\n    }\n    return 0;\n}') | LineLLMMutation(('source.cpp', 16), '#include <cstdio>\n#include <vector>\n\nint main() {\n    int k, an1, an2, suu;\n    const int MAX_V = 10000;\n    std::vector<int> prime(MAX_V + 1, 1);\n\n    for(int i = 2; i * i <= MAX_V; i++) {\n        if(prime[i]) {\n            for(k = i * i; k <= MAX_V; k += i) { // Start marking from i*i\n                prime[k] = 0;\n            }\n        }\n    }\n\n    while(true) {\n        scanf("%d", &suu);\n        if(suu == 0) break;\n\n        an1 = -1; // Initialize to -1 to avoid garbage values\n        for(k = 2; k <= suu; k++) {\n            if(prime[k - 2] == 1 && prime[k] == 1) {\n                an1 = k - 2;\n                an2 = k;\n            }\n        }\n        if (an1 != -1) printf("%d %d\\n", an1, an2);\n    }\n    return 0;\n}')"
2025-02-24 18:38:52,498	[INFO]	Step: 29
2025-02-24 18:38:52,498	[INFO]	Stop Steps: 50
2025-02-24 18:38:52,873	[DEBUG]	EXEC>  SUCCESS 3132285.5
2025-02-24 18:38:52,873	[INFO]	2-10    SUCCESS               3132285.50 (100.08%) [2 edit(s)]  
2025-02-24 18:38:52,873	[DEBUG]	patch(2-10)="LineLLMCrossover(('source.cpp', 1), '#include <cstdio>\n#include <vector>\n\nint main() {\n    int i, k, an1, an2, suu;\n    const int MAX_V = 10000;\n    std::vector<int> prime(MAX_V + 1, 1);\n\n    // Sieve of Eratosthenes\n    for(i = 2; i * i <= MAX_V; i++) {\n        if(prime[i]) {\n            for(k = 2 * i; k <= MAX_V; k += i) {\n                prime[k] = 0;\n            }\n        }\n    }\n\n    while(1) {\n        scanf("%d", &suu);\n        if(suu == 0) break;\n\n        an1 = -1;\n        for(k = 2; k <= suu; k++) {\n            if(prime[k - 2] == 1 && prime[k] == 1) {\n                an1 = k - 2;\n                an2 = k;\n            }\n        }\n        if (an1 != -1) printf("%d %d\\n", an1, an2);\n    }\n    return 0;\n}') | LineLLMMutation(('source.cpp', 17), '#include <cstdio>\n#include <vector>\n\nint main() {\n    int i, k, an1, an2, suu;\n    const int MAX_V = 10000;\n    std::vector<int> prime(MAX_V + 1, 1);\n\n    // Sieve of Eratosthenes\n    for(i = 2; i * i <= MAX_V; i++) {\n        if(prime[i]) {\n            for(k = i * i; k <= MAX_V; k += i) { // Changed from 2 * i to i * i\n                prime[k] = 0;\n            }\n        }\n    }\n\n    while(1) {\n        scanf("%d", &suu);\n        if(suu == 0) break;\n\n        an1 = -1;\n        for(k = 2; k <= suu; k++) {\n            if(prime[k - 2] == 1 && prime[k] == 1) {\n                an1 = k - 2;\n                an2 = k;\n            }\n        }\n        if (an1 != -1) printf("%d %d\\n", an1, an2);\n    }\n    return 0;\n}')"
2025-02-24 18:38:52,873	[INFO]	Step: 30
2025-02-24 18:38:52,873	[INFO]	Stop Steps: 50
2025-02-24 18:38:53,153	[DEBUG]	EXEC>  SUCCESS 3129779.5
2025-02-24 18:38:53,153	[INFO]	2-1     SUCCESS               3129779.50 (100.00%) [1 edit(s)]  
2025-02-24 18:38:53,153	[DEBUG]	patch(2-1)="LineLLMMutation(('source.cpp', 18), '#include <stdio.h>\n\nint main() {\n    int i, k, v, an1, an2, suu;\n\n    int MAX_V = 10000;\n\n    int prime[MAX_V + 1];\n\n    for(i = 0; i <= MAX_V; i++) {\n        prime[i] = 1;\n    }\n\n    for(i = 2; i * i <= MAX_V; i++) {\n        if(prime[i]) {\n            for(k = 2 * i; k <= MAX_V; k += i) {\n                prime[k] = 0;\n            }\n        }\n    }\n\n    while(1) {\n        scanf("%d", &suu);\n        if(suu != 0) {\n            for(k = 2; k <= suu; k++) {\n                if(prime[k - 2] == 1 && prime[k] == 1) {\n                    an1 = k - 2;\n                    an2 = k;\n                }\n            }\n            printf("%d %d\\n", an1, an2);\n        } else {\n            break;\n        }\n    }\n\n    return 0;\n}')"
2025-02-24 18:38:53,153	[INFO]	Step: 31
2025-02-24 18:38:53,153	[INFO]	Stop Steps: 50
2025-02-24 18:38:54,443	[DEBUG]	EXEC>  SUCCESS 3129869.5
2025-02-24 18:38:54,444	[INFO]	REF     SUCCESS               3129869.50 (--) [0 edit(s)]  
2025-02-24 18:38:54,444	[INFO]	Best patch: 1_14
2025-02-24 18:38:54,721	[DEBUG]	EXEC>  SUCCESS 3117398.5
2025-02-24 18:38:54,721	[INFO]	BEST    SUCCESS              *3117398.50 (99.60%) [0 edit(s)]  
2025-02-24 18:38:54,722	[INFO]	Best patch step: 26
2025-02-24 18:39:50,654	[INFO]	Step: 31
2025-02-24 18:39:50,654	[INFO]	Stop Steps: 50
2025-02-24 18:39:50,934	[DEBUG]	EXEC>  SUCCESS 3117296.5
2025-02-24 18:39:50,934	[INFO]	3-2     SUCCESS              *3117296.50 (99.60%) [2 edit(s)]  
2025-02-24 18:39:50,935	[DEBUG]	patch(3-2)="LineLLMMutation(('source.cpp', 1), '#include <cstdio>\n#include <vector>\n\nint main() {\n    int i, k, v, an1, an2, suu;\n    const int MAX_V = 10000;\n    std::vector<int> prime(MAX_V + 1, 1);\n\n    for(i = 2; i * i <= MAX_V; i++) {\n        if(prime[i]) {\n            for(k = 2 * i; k <= MAX_V; k += i) {\n                prime[k] = 0;\n            }\n        }\n    }\n\n    while(1) {\n        scanf("%d", &suu);\n        if(suu != 0) {\n            for(k = 2; k <= suu; k++) {\n                if(prime[k - 2] == 1 && prime[k] == 1) {\n                    an1 = k - 2;\n                    an2 = k;\n                }\n            }\n            printf("%d %d\\n", an1, an2);\n        } else {\n            break;\n        }\n    }\n    return 0;\n}') | LineLLMMutation(('source.cpp', 14), '#include <cstdio>\n#include <cstring>\n\nint main() {\n    const int MAX_V = 10000;\n    bool prime[MAX_V + 1];\n    memset(prime, true, sizeof(prime));\n    prime[0] = prime[1] = false; // 0 and 1 are not prime numbers\n\n    for(int i = 2; i * i <= MAX_V; i++) {\n        if(prime[i]) {\n            for(int k = i * i; k <= MAX_V; k += i) {\n                prime[k] = false;\n            }\n        }\n    }\n\n    int an1 = -1, an2 = -1, suu;\n    while(true) {\n        scanf("%d", &suu);\n        if(suu == 0) {\n            break;\n        }\n        for(int k = 2; k <= suu; k++) {\n            if(prime[k - 2] && prime[k]) {\n                an1 = k - 2;\n                an2 = k;\n            }\n        }\n        if (an1 != -1 && an2 != -1) {\n            printf("%d %d\\n", an1, an2);\n        }\n    }\n    return 0;\n}')"

2025-02-24 18:39:50,935	[INFO]	Step: 32
2025-02-24 18:39:50,935	[INFO]	Stop Steps: 50
2025-02-24 18:39:51,211	[DEBUG]	EXEC>  SUCCESS 3117322.0
2025-02-24 18:39:51,212	[INFO]	3-3     SUCCESS               3117322.00 (99.60%) [2 edit(s)]  
2025-02-24 18:39:51,212	[DEBUG]	patch(3-3)="LineLLMCrossover(('source.cpp', 0), '#include <cstdio>\n#include <vector>\n\nint main() {\n    int i, k, an1, an2, suu;\n    const int MAX_V = 10000;\n    std::vector<int> prime(MAX_V + 1, 1);\n\n    // Sieve of Eratosthenes for prime generation\n    for(i = 2; i * i <= MAX_V; i++) {\n        if(prime[i]) {\n            for(k = 2 * i; k <= MAX_V; k += i) {\n                prime[k] = 0;\n            }\n        }\n    }\n\n    while(true) {\n        scanf("%d", &suu);\n        if(suu == 0) break;\n\n        an1 = -1; // Initialize to -1 to avoid garbage values\n        for(k = 2; k <= suu; k++) {\n            if(prime[k - 2] == 1 && prime[k] == 1) {\n                an1 = k - 2;\n                an2 = k;\n            }\n        }\n        if (an1 != -1) printf("%d %d\\n", an1, an2);\n    }\n    return 0;\n}') | LineLLMMutation(('source.cpp', 15), '#include <cstdio>\n#include <cstring>\n\nint main() {\n    const int MAX_V = 10000;\n    bool prime[MAX_V + 1];\n    memset(prime, true, sizeof(prime)); // Initialize all entries as true\n\n    // Sieve of Eratosthenes for prime generation\n    for(int i = 2; i * i <= MAX_V; i++) {\n        if(prime[i]) {\n            for(int k = i * i; k <= MAX_V; k += i) { // Start from i*i\n                prime[k] = false; // Mark multiples as non-prime\n            }\n        }\n    }\n\n    int an1, an2, suu;\n    while(true) {\n        scanf("%d", &suu);\n        if(suu == 0) break;\n\n        an1 = -1; // Initialize to -1 to avoid garbage values\n        for(int k = 2; k <= suu; k++) {\n            if(prime[k - 2] && prime[k]) { // Check if both are prime\n                an1 = k - 2;\n                an2 = k;\n            }\n        }\n        if (an1 != -1) printf("%d %d\\n", an1, an2);\n    }\n    return 0;\n}')"
2025-02-24 18:39:51,212	[INFO]	Step: 33
2025-02-24 18:39:51,212	[INFO]	Stop Steps: 50
2025-02-24 18:39:51,478	[DEBUG]	EXEC>  SUCCESS 3119192.0
2025-02-24 18:39:51,478	[INFO]	3-4     SUCCESS               3119192.00 (99.66%) [1 edit(s)]  
2025-02-24 18:39:51,478	[DEBUG]	patch(3-4)="LineLLMCrossover(('source.cpp', 8), '#include <cstdio>\n#include <cstring>\n\nint main() {\n    const int MAX_V = 10000;\n    bool prime[MAX_V + 1];\n    memset(prime, true, sizeof(prime));\n    prime[0] = prime[1] = false; // 0 and 1 are not prime numbers\n\n    // Optimized Sieve of Eratosthenes\n    for(int i = 2; i * i <= MAX_V; i++) {\n        if(prime[i]) {\n            for(int k = i * i; k <= MAX_V; k += i) {\n                prime[k] = false;\n            }\n        }\n    }\n\n    int an1, an2, suu;\n    while(true) {\n        scanf("%d", &suu);\n        if(suu == 0) break;\n\n        an1 = -1; // Initialize to -1 to avoid garbage values\n        for(int k = 2; k <= suu; k++) {\n            if(prime[k - 2] && prime[k]) {\n                an1 = k - 2;\n                an2 = k;\n            }\n        }\n        if (an1 != -1) printf("%d %d\\n", an1, an2);\n    }\n    return 0;\n}')"
2025-02-24 18:39:51,479	[INFO]	Step: 34
2025-02-24 18:39:51,479	[INFO]	Stop Steps: 50
2025-02-24 18:39:51,849	[DEBUG]	EXEC>  SUCCESS 3248350.0
2025-02-24 18:39:51,850	[INFO]	3-5     SUCCESS               3248350.00 (103.79%) [1 edit(s)]  
2025-02-24 18:39:51,850	[DEBUG]	patch(3-5)="LineLLMCrossover(('source.cpp', 9), '#include <cstdio>\n#include <vector>\n\nint main() {\n    const int MAX_V = 10000;\n    std::vector<bool> prime(MAX_V + 1, true);\n    prime[0] = prime[1] = false; // 0 and 1 are not prime numbers\n\n    for(int i = 2; i * i <= MAX_V; i++) {\n        if(prime[i]) {\n            for(int k = i * i; k <= MAX_V; k += i) {\n                prime[k] = false;\n            }\n        }\n    }\n\n    int an1, an2, suu;\n    while(true) {\n        scanf("%d", &suu);\n        if(suu == 0) break;\n\n        an1 = -1; // Initialize to -1 to avoid garbage values\n        for(int k = 2; k <= suu; k++) {\n            if(prime[k - 2] && prime[k]) {\n                an1 = k - 2;\n                an2 = k;\n            }\n        }\n        if (an1 != -1) printf("%d %d\\n", an1, an2);\n    }\n    return 0;\n}')"
2025-02-24 18:39:51,850	[INFO]	Step: 35
2025-02-24 18:39:51,850	[INFO]	Stop Steps: 50
2025-02-24 18:39:52,132	[DEBUG]	EXEC>  SUCCESS 3119104.0
2025-02-24 18:39:52,132	[INFO]	3-6     SUCCESS               3119104.00 (99.66%) [1 edit(s)]  
2025-02-24 18:39:52,132	[DEBUG]	patch(3-6)="LineLLMCrossover(('source.cpp', 10), '#include <cstdio>\n#include <cstring>\n\nint main() {\n    const int MAX_V = 10000;\n    bool prime[MAX_V + 1];\n    memset(prime, true, sizeof(prime));\n    prime[0] = prime[1] = false; // 0 and 1 are not prime numbers\n\n    for(int i = 2; i * i <= MAX_V; i++) {\n        if(prime[i]) {\n            for(int k = i * i; k <= MAX_V; k += i) {\n                prime[k] = false;\n            }\n        }\n    }\n\n    int an1, an2, suu;\n    while(true) {\n        scanf("%d", &suu);\n        if(suu == 0) break;\n\n        an1 = -1; // Initialize to -1 to avoid garbage values\n        for(int k = 2; k <= suu; k++) {\n            if(prime[k - 2] && prime[k]) {\n                an1 = k - 2;\n                an2 = k;\n            }\n        }\n        if (an1 != -1) printf("%d %d\\n", an1, an2);\n    }\n    return 0;\n}')"
2025-02-24 18:39:52,132	[INFO]	Step: 36
2025-02-24 18:39:52,132	[INFO]	Stop Steps: 50
2025-02-24 18:39:52,509	[DEBUG]	EXEC>  SUCCESS 3248439.0
2025-02-24 18:39:52,509	[INFO]	3-7     SUCCESS               3248439.00 (103.79%) [1 edit(s)]  
2025-02-24 18:39:52,509	[DEBUG]	patch(3-7)="LineLLMCrossover(('source.cpp', 11), '#include <cstdio>\n#include <vector>\n\nint main() {\n    const int MAX_V = 10000;\n    std::vector<bool> prime(MAX_V + 1, true);\n    prime[0] = prime[1] = false; // 0 and 1 are not prime numbers\n\n    for(int i = 2; i * i <= MAX_V; i++) {\n        if(prime[i]) {\n            for(int k = i * i; k <= MAX_V; k += i) {\n                prime[k] = false;\n            }\n        }\n    }\n\n    int an1, an2, suu;\n    while(true) {\n        scanf("%d", &suu);\n        if(suu == 0) break;\n\n        an1 = -1; // Initialize to -1 to avoid garbage values\n        for(int k = 2; k <= suu; k++) {\n            if(prime[k - 2] && prime[k]) {\n                an1 = k - 2;\n                an2 = k;\n            }\n        }\n        if (an1 != -1) printf("%d %d\\n", an1, an2);\n    }\n    return 0;\n}')"
2025-02-24 18:39:52,509	[INFO]	Step: 37
2025-02-24 18:39:52,509	[INFO]	Stop Steps: 50
2025-02-24 18:39:52,883	[INFO]	3-8     TEST_CODE_ERROR       None (--) [3 edit(s)]  
2025-02-24 18:39:52,883	[DEBUG]	patch(3-8)="LineLLMMutation(('source.cpp', 1), '#include <cstdio>\n#include <vector>\n\nint main() {\n    int i, k, v, an1, an2, suu;\n    const int MAX_V = 10000;\n    std::vector<int> prime(MAX_V + 1, 1);\n\n    for(i = 2; i * i <= MAX_V; i++) {\n        if(prime[i]) {\n            for(k = 2 * i; k <= MAX_V; k += i) {\n                prime[k] = 0;\n            }\n        }\n    }\n\n    while(1) {\n        scanf("%d", &suu);\n        if(suu != 0) {\n            for(k = 2; k <= suu; k++) {\n                if(prime[k - 2] == 1 && prime[k] == 1) {\n                    an1 = k - 2;\n                    an2 = k;\n                }\n            }\n            printf("%d %d\\n", an1, an2);\n        } else {\n            break;\n        }\n    }\n    return 0;\n}') | LineLLMMutation(('source.cpp', 14), '#include <cstdio>\n#include <cstring>\n\nint main() {\n    const int MAX_V = 10000;\n    bool prime[MAX_V + 1];\n    memset(prime, true, sizeof(prime));\n    prime[0] = prime[1] = false; // 0 and 1 are not prime numbers\n\n    for(int i = 2; i * i <= MAX_V; i++) {\n        if(prime[i]) {\n            for(int k = i * i; k <= MAX_V; k += i) {\n                prime[k] = false;\n            }\n        }\n    }\n\n    int an1 = -1, an2 = -1, suu;\n    while(true) {\n        scanf("%d", &suu);\n        if(suu == 0) {\n            break;\n        }\n        for(int k = 2; k <= suu; k++) {\n            if(prime[k - 2] && prime[k]) {\n                an1 = k - 2;\n                an2 = k;\n            }\n        }\n        if (an1 != -1 && an2 != -1) {\n            printf("%d %d\\n", an1, an2);\n        }\n    }\n    return 0;\n}') | LineLLMMutation(('source.cpp', 19), '#include <cstdio>\n#include <cstring>\n#include <vector>\n\nint main() {\n    const int MAX_V = 10000;\n    bool prime[MAX_V + 1];\n    memset(prime, true, sizeof(prime));\n    prime[0] = prime[1] = false; // 0 and 1 are not prime numbers\n\n    for(int i = 2; i * i <= MAX_V; i++) {\n        if(prime[i]) {\n            for(int k = i * i; k <= MAX_V; k += i) {\n                prime[k] = false;\n            }\n        }\n    }\n\n    int an1 = -1, an2 = -1, suu;\n    std::vector<int> primes;\n\n    for(int k = 2; k <= MAX_V; k++) {\n        if(prime[k]) {\n            primes.push_back(k);\n        }\n    }\n\n    while(true) {\n        scanf("%d", &suu);\n        if(suu == 0) {\n            break;\n        }\n        for(size_t i = 1; i < primes.size(); i++) {\n            if(primes[i] <= suu && primes[i-1] + 2 == primes[i]) {\n                an1 = primes[i-1];\n                an2 = primes[i];\n                printf("%d %d\\n", an1, an2);\n            }\n        }\n    }\n    return 0;\n}')"
2025-02-24 18:39:52,883	[INFO]	Step: 38
2025-02-24 18:39:52,884	[INFO]	Stop Steps: 50
2025-02-24 18:39:53,169	[DEBUG]	EXEC>  SUCCESS 3119103.0
2025-02-24 18:39:53,169	[INFO]	3-9     SUCCESS               3119103.00 (99.66%) [3 edit(s)]  
2025-02-24 18:39:53,169	[DEBUG]	patch(3-9)="LineLLMCrossover(('source.cpp', 0), '#include <cstdio>\n#include <vector>\n\nint main() {\n    int i, k, an1, an2, suu;\n    const int MAX_V = 10000;\n    std::vector<int> prime(MAX_V + 1, 1);\n\n    // Sieve of Eratosthenes for prime generation\n    for(i = 2; i * i <= MAX_V; i++) {\n        if(prime[i]) {\n            for(k = 2 * i; k <= MAX_V; k += i) {\n                prime[k] = 0;\n            }\n        }\n    }\n\n    while(true) {\n        scanf("%d", &suu);\n        if(suu == 0) break;\n\n        an1 = -1; // Initialize to -1 to avoid garbage values\n        for(k = 2; k <= suu; k++) {\n            if(prime[k - 2] == 1 && prime[k] == 1) {\n                an1 = k - 2;\n                an2 = k;\n            }\n        }\n        if (an1 != -1) printf("%d %d\\n", an1, an2);\n    }\n    return 0;\n}') | LineLLMMutation(('source.cpp', 15), '#include <cstdio>\n#include <cstring>\n\nint main() {\n    const int MAX_V = 10000;\n    bool prime[MAX_V + 1];\n    memset(prime, true, sizeof(prime)); // Initialize all entries as true\n\n    // Sieve of Eratosthenes for prime generation\n    for(int i = 2; i * i <= MAX_V; i++) {\n        if(prime[i]) {\n            for(int k = i * i; k <= MAX_V; k += i) { // Start from i*i\n                prime[k] = false; // Mark multiples as non-prime\n            }\n        }\n    }\n\n    int an1, an2, suu;\n    while(true) {\n        scanf("%d", &suu);\n        if(suu == 0) break;\n\n        an1 = -1; // Initialize to -1 to avoid garbage values\n        for(int k = 2; k <= suu; k++) {\n            if(prime[k - 2] && prime[k]) { // Check if both are prime\n                an1 = k - 2;\n                an2 = k;\n            }\n        }\n        if (an1 != -1) printf("%d %d\\n", an1, an2);\n    }\n    return 0;\n}') | LineLLMMutation(('source.cpp', 20), '#include <cstdio>\n#include <cstring>\n\nint main() {\n    const int MAX_V = 10000;\n    bool prime[MAX_V + 1];\n    memset(prime, true, sizeof(prime)); // Initialize all entries as true\n    prime[0] = prime[1] = false; // 0 and 1 are not prime\n\n    // Sieve of Eratosthenes for prime generation\n    for(int i = 2; i * i <= MAX_V; i++) {\n        if(prime[i]) {\n            for(int k = i * i; k <= MAX_V; k += i) { // Start from i*i\n                prime[k] = false; // Mark multiples as non-prime\n            }\n        }\n    }\n\n    int an1, an2, suu;\n    while(true) {\n        scanf("%d", &suu);\n        if(suu == 0) break;\n\n        an1 = -1; // Initialize to -1 to avoid garbage values\n        for(int k = 2; k <= suu; k++) {\n            if(prime[k - 2] && prime[k]) { // Check if both are prime\n                an1 = k - 2;\n                an2 = k;\n            }\n        }\n        if (an1 != -1) printf("%d %d\\n", an1, an2);\n    }\n    return 0;\n}')"
2025-02-24 18:39:53,169	[INFO]	Step: 39
2025-02-24 18:39:53,169	[INFO]	Stop Steps: 50
2025-02-24 18:39:53,436	[DEBUG]	EXEC>  SUCCESS 3117315.5
2025-02-24 18:39:53,437	[INFO]	3-10    SUCCESS               3117315.50 (99.60%) [2 edit(s)]  
2025-02-24 18:39:53,437	[DEBUG]	patch(3-10)="LineLLMMutation(('source.cpp', 18), '#include <stdio.h>\n\nint main() {\n    int i, k, v, an1, an2, suu;\n\n    int MAX_V = 10000;\n\n    int prime[MAX_V + 1];\n\n    for(i = 0; i <= MAX_V; i++) {\n        prime[i] = 1;\n    }\n\n    for(i = 2; i * i <= MAX_V; i++) {\n        if(prime[i]) {\n            for(k = 2 * i; k <= MAX_V; k += i) {\n                prime[k] = 0;\n            }\n        }\n    }\n\n    while(1) {\n        scanf("%d", &suu);\n        if(suu != 0) {\n            for(k = 2; k <= suu; k++) {\n                if(prime[k - 2] == 1 && prime[k] == 1) {\n                    an1 = k - 2;\n                    an2 = k;\n                }\n            }\n            printf("%d %d\\n", an1, an2);\n        } else {\n            break;\n        }\n    }\n\n    return 0;\n}') | LineLLMMutation(('source.cpp', 21), '#include <stdio.h>\n\nint main() {\n    int v, an1, an2, suu;\n\n    const int MAX_V = 10000;\n    bool prime[MAX_V + 1] = { false };\n\n    // Using Sieve of Eratosthenes to mark non-prime numbers\n    for(int i = 2; i * i <= MAX_V; i++) {\n        if(!prime[i]) {\n            for(int k = i * i; k <= MAX_V; k += i) {\n                prime[k] = true; // Marking non-prime\n            }\n        }\n    }\n\n    while(1) {\n        scanf("%d", &suu);\n        if(suu != 0) {\n            for(int k = 2; k <= suu; k++) {\n                if(!prime[k - 2] && !prime[k]) { // Check for prime pairs\n                    an1 = k - 2;\n                    an2 = k;\n                }\n            }\n            printf("%d %d\\n", an1, an2);\n        } else {\n            break;\n        }\n    }\n\n    return 0;\n}')"
2025-02-24 18:39:53,437	[INFO]	Step: 40
2025-02-24 18:39:53,437	[INFO]	Stop Steps: 50
2025-02-24 18:39:53,905	[DEBUG]	EXEC>  SUCCESS 3241799.0
2025-02-24 18:39:53,905	[INFO]	3-1     SUCCESS               3241799.00 (103.58%) [3 edit(s)]  
2025-02-24 18:39:53,905	[DEBUG]	patch(3-1)="LineLLMMutation(('source.cpp', 2), '#include <cstdio>\n#include <vector>\n\nint main() {\n    int i, k, an1, an2, suu;\n    const int MAX_V = 10000;\n    std::vector<int> prime(MAX_V + 1, 1);\n\n    for(i = 2; i * i <= MAX_V; i++) {\n        if(prime[i]) {\n            for(k = 2 * i; k <= MAX_V; k += i) {\n                prime[k] = 0;\n            }\n        }\n    }\n\n    while(true) {\n        scanf("%d", &suu);\n        if(suu == 0) break;\n\n        an1 = -1; // Initialize to -1 to avoid garbage values\n        for(k = 2; k <= suu; k++) {\n            if(prime[k - 2] == 1 && prime[k] == 1) {\n                an1 = k - 2;\n                an2 = k;\n            }\n        }\n        if (an1 != -1) printf("%d %d\\n", an1, an2);\n    }\n    return 0;\n}') | LineLLMMutation(('source.cpp', 16), '#include <cstdio>\n#include <vector>\n\nint main() {\n    int k, an1, an2, suu;\n    const int MAX_V = 10000;\n    std::vector<int> prime(MAX_V + 1, 1);\n\n    for(int i = 2; i * i <= MAX_V; i++) {\n        if(prime[i]) {\n            for(k = i * i; k <= MAX_V; k += i) { // Start marking from i*i\n                prime[k] = 0;\n            }\n        }\n    }\n\n    while(true) {\n        scanf("%d", &suu);\n        if(suu == 0) break;\n\n        an1 = -1; // Initialize to -1 to avoid garbage values\n        for(k = 2; k <= suu; k++) {\n            if(prime[k - 2] == 1 && prime[k] == 1) {\n                an1 = k - 2;\n                an2 = k;\n            }\n        }\n        if (an1 != -1) printf("%d %d\\n", an1, an2);\n    }\n    return 0;\n}') | LineLLMMutation(('source.cpp', 22), '#include <cstdio>\n#include <bitset>\n\nconst int MAX_V = 10000;\nstd::bitset<MAX_V + 1> prime; // Using bitset for memory efficiency\n\nint main() {\n    int k, an1, an2, suu;\n    prime.set(); // Initialize all entries to true (prime)\n\n    for(int i = 2; i * i <= MAX_V; i++) {\n        if(prime[i]) {\n            for(k = i * i; k <= MAX_V; k += i) { // Start marking from i*i\n                prime.reset(k); // Set false for non-prime\n            }\n        }\n    }\n\n    while(true) {\n        scanf("%d", &suu);\n        if(suu == 0) break;\n\n        an1 = -1; // Initialize to -1 to avoid garbage values\n        for(k = 2; k <= suu; k++) {\n            if(prime[k - 2] && prime[k]) {\n                an1 = k - 2;\n                an2 = k;\n            }\n        }\n        if (an1 != -1) printf("%d %d\\n", an1, an2);\n    }\n    return 0;\n}')"
2025-02-24 18:39:53,906	[INFO]	Step: 41
2025-02-24 18:39:53,906	[INFO]	Stop Steps: 50
2025-02-24 18:39:54,187	[DEBUG]	EXEC>  SUCCESS 3129869.5
2025-02-24 18:39:54,187	[INFO]	3-2     SUCCESS               3129869.50 (100.00%) [1 edit(s)]  
2025-02-24 18:39:54,187	[DEBUG]	patch(3-2)="LineLLMMutation(('source.cpp', 23), '#include <stdio.h>\n\nint main() {\n    int i, k, v, an1, an2, suu;\n    int MAX_V = 10000;\n    int prime[MAX_V + 1];\n\n    for (i = 0; i <= MAX_V; i++) {\n        prime[i] = 1;\n    }\n\n    for (i = 2; i * i <= MAX_V; i++) {\n        if (prime[i]) {\n            for (k = 2 * i; k <= MAX_V; k += i) {\n                prime[k] = 0;\n            }\n        }\n    }\n\n    while (1) {\n        scanf("%d", &suu);\n        if (suu != 0) {\n            for (k = 2; k <= suu; k++) {\n                if (prime[k - 2] == 1 && prime[k] == 1) {\n                    an1 = k - 2;\n                    an2 = k;\n                }\n            }\n            printf("%d %d\\n", an1, an2);\n        } else {\n            break;\n        }\n    }\n\n    return 0;\n}')"
2025-02-24 18:39:54,187	[INFO]	Step: 42
2025-02-24 18:39:54,187	[INFO]	Stop Steps: 50
2025-02-24 18:39:55,480	[DEBUG]	EXEC>  SUCCESS 3129780.0
2025-02-24 18:39:55,480	[INFO]	REF     SUCCESS               3129780.00 (--) [0 edit(s)]  
2025-02-24 18:39:55,480	[INFO]	Best patch: 1_14
2025-02-24 18:39:55,755	[DEBUG]	EXEC>  SUCCESS 3117296.5
2025-02-24 18:39:55,755	[INFO]	BEST    SUCCESS              *3117296.50 (99.60%) [0 edit(s)]  
2025-02-24 18:39:55,755	[INFO]	Best patch step: 31
2025-02-24 18:40:49,032	[INFO]	Step: 42
2025-02-24 18:40:49,032	[INFO]	Stop Steps: 50
2025-02-24 18:40:49,331	[DEBUG]	EXEC>  SUCCESS 3117296.0
2025-02-24 18:40:49,332	[INFO]	4-3     SUCCESS              *3117296.00 (99.60%) [2 edit(s)]  
2025-02-24 18:40:49,332	[DEBUG]	patch(4-3)="LineLLMMutation(('source.cpp', 1), '#include <cstdio>\n#include <vector>\n\nint main() {\n    int i, k, v, an1, an2, suu;\n    const int MAX_V = 10000;\n    std::vector<int> prime(MAX_V + 1, 1);\n\n    for(i = 2; i * i <= MAX_V; i++) {\n        if(prime[i]) {\n            for(k = 2 * i; k <= MAX_V; k += i) {\n                prime[k] = 0;\n            }\n        }\n    }\n\n    while(1) {\n        scanf("%d", &suu);\n        if(suu != 0) {\n            for(k = 2; k <= suu; k++) {\n                if(prime[k - 2] == 1 && prime[k] == 1) {\n                    an1 = k - 2;\n                    an2 = k;\n                }\n            }\n            printf("%d %d\\n", an1, an2);\n        } else {\n            break;\n        }\n    }\n    return 0;\n}') | LineLLMMutation(('source.cpp', 14), '#include <cstdio>\n#include <cstring>\n\nint main() {\n    const int MAX_V = 10000;\n    bool prime[MAX_V + 1];\n    memset(prime, true, sizeof(prime));\n    prime[0] = prime[1] = false; // 0 and 1 are not prime numbers\n\n    for(int i = 2; i * i <= MAX_V; i++) {\n        if(prime[i]) {\n            for(int k = i * i; k <= MAX_V; k += i) {\n                prime[k] = false;\n            }\n        }\n    }\n\n    int an1 = -1, an2 = -1, suu;\n    while(true) {\n        scanf("%d", &suu);\n        if(suu == 0) {\n            break;\n        }\n        for(int k = 2; k <= suu; k++) {\n            if(prime[k - 2] && prime[k]) {\n                an1 = k - 2;\n                an2 = k;\n            }\n        }\n        if (an1 != -1 && an2 != -1) {\n            printf("%d %d\\n", an1, an2);\n        }\n    }\n    return 0;\n}')"

2025-02-24 18:40:49,332	[INFO]	Step: 43
2025-02-24 18:40:49,332	[INFO]	Stop Steps: 50
2025-02-24 18:40:49,593	[DEBUG]	EXEC>  SUCCESS 3117315.0
2025-02-24 18:40:49,593	[INFO]	4-4     SUCCESS               3117315.00 (99.60%) [2 edit(s)]  
2025-02-24 18:40:49,594	[DEBUG]	patch(4-4)="LineLLMMutation(('source.cpp', 18), '#include <stdio.h>\n\nint main() {\n    int i, k, v, an1, an2, suu;\n\n    int MAX_V = 10000;\n\n    int prime[MAX_V + 1];\n\n    for(i = 0; i <= MAX_V; i++) {\n        prime[i] = 1;\n    }\n\n    for(i = 2; i * i <= MAX_V; i++) {\n        if(prime[i]) {\n            for(k = 2 * i; k <= MAX_V; k += i) {\n                prime[k] = 0;\n            }\n        }\n    }\n\n    while(1) {\n        scanf("%d", &suu);\n        if(suu != 0) {\n            for(k = 2; k <= suu; k++) {\n                if(prime[k - 2] == 1 && prime[k] == 1) {\n                    an1 = k - 2;\n                    an2 = k;\n                }\n            }\n            printf("%d %d\\n", an1, an2);\n        } else {\n            break;\n        }\n    }\n\n    return 0;\n}') | LineLLMMutation(('source.cpp', 21), '#include <stdio.h>\n\nint main() {\n    int v, an1, an2, suu;\n\n    const int MAX_V = 10000;\n    bool prime[MAX_V + 1] = { false };\n\n    // Using Sieve of Eratosthenes to mark non-prime numbers\n    for(int i = 2; i * i <= MAX_V; i++) {\n        if(!prime[i]) {\n            for(int k = i * i; k <= MAX_V; k += i) {\n                prime[k] = true; // Marking non-prime\n            }\n        }\n    }\n\n    while(1) {\n        scanf("%d", &suu);\n        if(suu != 0) {\n            for(int k = 2; k <= suu; k++) {\n                if(!prime[k - 2] && !prime[k]) { // Check for prime pairs\n                    an1 = k - 2;\n                    an2 = k;\n                }\n            }\n            printf("%d %d\\n", an1, an2);\n        } else {\n            break;\n        }\n    }\n\n    return 0;\n}')"
2025-02-24 18:40:49,594	[INFO]	Step: 44
2025-02-24 18:40:49,594	[INFO]	Stop Steps: 50
2025-02-24 18:40:49,870	[DEBUG]	EXEC>  SUCCESS 3119103.0
2025-02-24 18:40:49,870	[INFO]	4-5     SUCCESS               3119103.00 (99.66%) [1 edit(s)]  
2025-02-24 18:40:49,870	[DEBUG]	patch(4-5)="LineLLMCrossover(('source.cpp', 12), '#include <cstdio>\n#include <cstring>\n\nint main() {\n    const int MAX_V = 10000;\n    bool prime[MAX_V + 1];\n    memset(prime, true, sizeof(prime));\n    prime[0] = prime[1] = false; // 0 and 1 are not prime numbers\n\n    for(int i = 2; i * i <= MAX_V; i++) {\n        if(prime[i]) {\n            for(int k = i * i; k <= MAX_V; k += i) {\n                prime[k] = false;\n            }\n        }\n    }\n\n    int an1, an2, suu;\n    while(true) {\n        scanf("%d", &suu);\n        if(suu == 0) break;\n\n        an1 = -1; // Initialize to -1\n        for(int k = 2; k <= suu; k++) {\n            if(prime[k - 2] && prime[k]) {\n                an1 = k - 2;\n                an2 = k;\n            }\n        }\n        if (an1 != -1) printf("%d %d\\n", an1, an2);\n    }\n    return 0;\n}')"
2025-02-24 18:40:49,870	[INFO]	Step: 45
2025-02-24 18:40:49,871	[INFO]	Stop Steps: 50
2025-02-24 18:40:50,107	[INFO]	4-6     TEST_CODE_ERROR       None (--) [1 edit(s)]  
2025-02-24 18:40:50,107	[DEBUG]	patch(4-6)="LineLLMCrossover(('source.cpp', 13), '#include <cstdio>\n#include <cstring>\n\nint main() {\n    const int MAX_V = 10000;\n    bool prime[MAX_V + 1];\n    memset(prime, true, sizeof(prime));\n    prime[0] = prime[1] = false; // 0 and 1 are not prime\n\n    for(int i = 2; i * i <= MAX_V; i++) {\n        if(prime[i]) {\n            for(int k = i * i; k <= MAX_V; k += i) {\n                prime[k] = false;\n            }\n        }\n    }\n\n    int an1, an2, suu;\n    while(true) {\n        scanf("%d", &suu);\n        if(suu == 0) break;\n\n        an1 = -1; // Initialize to -1\n        for(int k = 2; k <= suu; k++) {\n            if(!prime[k - 2] && !prime[k]) { // Check for non-prime pairs\n                an1 = k - 2;\n                an2 = k;\n            }\n        }\n        if (an1 != -1) printf("%d %d\\n", an1, an2);\n    }\n    return 0;\n}')"
2025-02-24 18:40:50,107	[INFO]	Step: 46
2025-02-24 18:40:50,107	[INFO]	Stop Steps: 50
2025-02-24 18:40:50,374	[DEBUG]	EXEC>  SUCCESS 3119193.5
2025-02-24 18:40:50,374	[INFO]	4-7     SUCCESS               3119193.50 (99.66%) [1 edit(s)]  
2025-02-24 18:40:50,374	[DEBUG]	patch(4-7)="LineLLMCrossover(('source.cpp', 14), '#include <cstdio>\n#include <cstring>\n\nint main() {\n    const int MAX_V = 10000;\n    bool prime[MAX_V + 1];\n    memset(prime, true, sizeof(prime));\n    prime[0] = prime[1] = false; // 0 and 1 are not prime\n\n    for(int i = 2; i * i <= MAX_V; i++) {\n        if(prime[i]) {\n            for(int k = i * i; k <= MAX_V; k += i) {\n                prime[k] = false; // Marking non-prime\n            }\n        }\n    }\n\n    int an1, an2, suu;\n    while(true) {\n        scanf("%d", &suu);\n        if(suu == 0) break;\n\n        an1 = -1; // Initialize to -1\n        for(int k = 2; k <= suu; k++) {\n            if(prime[k - 2] && prime[k]) { // Check if both are prime\n                an1 = k - 2;\n                an2 = k;\n            }\n        }\n        if (an1 != -1) printf("%d %d\\n", an1, an2);\n    }\n    return 0;\n}')"
2025-02-24 18:40:50,374	[INFO]	Step: 47
2025-02-24 18:40:50,374	[INFO]	Stop Steps: 50
2025-02-24 18:40:50,684	[DEBUG]	EXEC>  SUCCESS 3119282.0
2025-02-24 18:40:50,685	[INFO]	4-8     SUCCESS               3119282.00 (99.66%) [1 edit(s)]  
2025-02-24 18:40:50,685	[DEBUG]	patch(4-8)="LineLLMCrossover(('source.cpp', 15), '#include <cstdio>\n#include <cstring>\n\nint main() {\n    const int MAX_V = 10000;\n    bool prime[MAX_V + 1];\n    memset(prime, true, sizeof(prime));\n    prime[0] = prime[1] = false; // 0 and 1 are not prime\n\n    for(int i = 2; i * i <= MAX_V; i++) {\n        if(prime[i]) {\n            for(int k = i * i; k <= MAX_V; k += i) {\n                prime[k] = false; // Mark multiples as non-prime\n            }\n        }\n    }\n\n    int an1, an2, suu;\n    while(true) {\n        scanf("%d", &suu);\n        if(suu == 0) break;\n\n        an1 = -1; // Initialize to -1\n        for(int k = 2; k <= suu; k++) {\n            if(prime[k - 2] && prime[k]) { // Check if both are prime\n                an1 = k - 2;\n                an2 = k;\n            }\n        }\n        if (an1 != -1) printf("%d %d\\n", an1, an2);\n    }\n    return 0;\n}')"
2025-02-24 18:40:50,685	[INFO]	Step: 48
2025-02-24 18:40:50,685	[INFO]	Stop Steps: 50
2025-02-24 18:40:50,921	[INFO]	4-9     TEST_CODE_ERROR       None (--) [3 edit(s)]  
2025-02-24 18:40:50,921	[DEBUG]	patch(4-9)="LineLLMMutation(('source.cpp', 1), '#include <cstdio>\n#include <vector>\n\nint main() {\n    int i, k, v, an1, an2, suu;\n    const int MAX_V = 10000;\n    std::vector<int> prime(MAX_V + 1, 1);\n\n    for(i = 2; i * i <= MAX_V; i++) {\n        if(prime[i]) {\n            for(k = 2 * i; k <= MAX_V; k += i) {\n                prime[k] = 0;\n            }\n        }\n    }\n\n    while(1) {\n        scanf("%d", &suu);\n        if(suu != 0) {\n            for(k = 2; k <= suu; k++) {\n                if(prime[k - 2] == 1 && prime[k] == 1) {\n                    an1 = k - 2;\n                    an2 = k;\n                }\n            }\n            printf("%d %d\\n", an1, an2);\n        } else {\n            break;\n        }\n    }\n    return 0;\n}') | LineLLMMutation(('source.cpp', 14), '#include <cstdio>\n#include <cstring>\n\nint main() {\n    const int MAX_V = 10000;\n    bool prime[MAX_V + 1];\n    memset(prime, true, sizeof(prime));\n    prime[0] = prime[1] = false; // 0 and 1 are not prime numbers\n\n    for(int i = 2; i * i <= MAX_V; i++) {\n        if(prime[i]) {\n            for(int k = i * i; k <= MAX_V; k += i) {\n                prime[k] = false;\n            }\n        }\n    }\n\n    int an1 = -1, an2 = -1, suu;\n    while(true) {\n        scanf("%d", &suu);\n        if(suu == 0) {\n            break;\n        }\n        for(int k = 2; k <= suu; k++) {\n            if(prime[k - 2] && prime[k]) {\n                an1 = k - 2;\n                an2 = k;\n            }\n        }\n        if (an1 != -1 && an2 != -1) {\n            printf("%d %d\\n", an1, an2);\n        }\n    }\n    return 0;\n}') | LineLLMMutation(('source.cpp', 24), '#include <cstdio>\n#include <cstring>\n\nint main() {\n    const int MAX_V = 10000;\n    bool prime[MAX_V + 1];\n    memset(prime, true, sizeof(prime));\n    prime[0] = prime[1] = false; // 0 and 1 are not prime numbers\n\n    for(int i = 2; i * i <= MAX_V; i++) {\n        if(prime[i]) {\n            for(int k = i * i; k <= MAX_V; k += i) {\n                prime[k] = false;\n            }\n        }\n    }\n\n    int an1 = -1, an2 = -1, suu;\n    while(scanf("%d", &suu) && suu != 0) {\n        for(int k = 2; k <= suu; k++) {\n            if(prime[k - 2] && prime[k]) {\n                an1 = k - 2;\n                an2 = k;\n                printf("%d %d\\n", an1, an2);\n            }\n        }\n    }\n    return 0;\n}')"
2025-02-24 18:40:50,921	[INFO]	Step: 49
2025-02-24 18:40:50,922	[INFO]	Stop Steps: 50
2025-02-24 18:40:51,191	[DEBUG]	EXEC>  SUCCESS 3113783.5
2025-02-24 18:40:51,192	[INFO]	4-10    SUCCESS              *3113783.50 (99.49%) [3 edit(s)]  
2025-02-24 18:40:51,192	[DEBUG]	patch(4-10)="LineLLMMutation(('source.cpp', 18), '#include <stdio.h>\n\nint main() {\n    int i, k, v, an1, an2, suu;\n\n    int MAX_V = 10000;\n\n    int prime[MAX_V + 1];\n\n    for(i = 0; i <= MAX_V; i++) {\n        prime[i] = 1;\n    }\n\n    for(i = 2; i * i <= MAX_V; i++) {\n        if(prime[i]) {\n            for(k = 2 * i; k <= MAX_V; k += i) {\n                prime[k] = 0;\n            }\n        }\n    }\n\n    while(1) {\n        scanf("%d", &suu);\n        if(suu != 0) {\n            for(k = 2; k <= suu; k++) {\n                if(prime[k - 2] == 1 && prime[k] == 1) {\n                    an1 = k - 2;\n                    an2 = k;\n                }\n            }\n            printf("%d %d\\n", an1, an2);\n        } else {\n            break;\n        }\n    }\n\n    return 0;\n}') | LineLLMMutation(('source.cpp', 21), '#include <stdio.h>\n\nint main() {\n    int v, an1, an2, suu;\n\n    const int MAX_V = 10000;\n    bool prime[MAX_V + 1] = { false };\n\n    // Using Sieve of Eratosthenes to mark non-prime numbers\n    for(int i = 2; i * i <= MAX_V; i++) {\n        if(!prime[i]) {\n            for(int k = i * i; k <= MAX_V; k += i) {\n                prime[k] = true; // Marking non-prime\n            }\n        }\n    }\n\n    while(1) {\n        scanf("%d", &suu);\n        if(suu != 0) {\n            for(int k = 2; k <= suu; k++) {\n                if(!prime[k - 2] && !prime[k]) { // Check for prime pairs\n                    an1 = k - 2;\n                    an2 = k;\n                }\n            }\n            printf("%d %d\\n", an1, an2);\n        } else {\n            break;\n        }\n    }\n\n    return 0;\n}') | LineLLMMutation(('source.cpp', 25), '#include <stdio.h>\n\nint main() {\n    int an1 = 0, an2 = 0, suu;\n\n    const int MAX_V = 10000;\n    bool prime[MAX_V + 1] = { false };\n\n    // Using Sieve of Eratosthenes to mark non-prime numbers\n    for(int i = 2; i * i <= MAX_V; i++) {\n        if(!prime[i]) {\n            for(int k = i * i; k <= MAX_V; k += i) {\n                prime[k] = true; // Marking non-prime\n            }\n        }\n    }\n\n    while(1) {\n        scanf("%d", &suu);\n        if(suu == 0) break; // Simplified exit condition\n        for(int k = suu; k >= 2; k--) {\n            if(k > 2 && !prime[k] && !prime[k - 2]) { // Check for prime pairs in reverse\n                an1 = k - 2;\n                an2 = k;\n                break; // Found the last prime pair, exit loop\n            }\n        }\n        printf("%d %d\\n", an1, an2);\n    }\n\n    return 0;\n}')"

2025-02-24 18:40:51,192	[INFO]	Step: 50
2025-02-24 18:40:51,192	[INFO]	Stop Steps: 50
2025-02-24 18:40:51,192	[INFO]	(Abstract Algorithm) Stopping Condition: step budget
2025-02-24 18:40:51,192	[INFO]	Step: 50
2025-02-24 18:40:51,192	[INFO]	Stop Steps: 50
2025-02-24 18:40:56,487	[INFO]	~~~~ END ~~~~
2025-02-24 18:40:56,487	[INFO]	Best patch step: 49
2025-02-24 18:40:56,487	[INFO]	
2025-02-24 18:40:56,488	[INFO]	==== REPORT ====
2025-02-24 18:40:56,488	[INFO]	Termination: step budget
2025-02-24 18:40:56,488	[INFO]	Log file: /home/luke/magpie/_magpie_logs/0037_1740422179.log
2025-02-24 18:40:56,488	[INFO]	Patch file: _magpie_logs/0037_1740422179.patch
2025-02-24 18:40:56,488	[INFO]	Diff file: _magpie_logs/0037_1740422179.diff
2025-02-24 18:40:56,488	[INFO]	Reference fitness: 3129780.00
2025-02-24 18:40:56,488	[INFO]	Best fitness: 3113783.50
2025-02-24 18:40:56,488	[INFO]	
2025-02-24 18:40:56,489	[INFO]	==== BEST PATCH ====
LineLLMMutation(('source.cpp', 18), '#include <stdio.h>\n\nint main() {\n    int i, k, v, an1, an2, suu;\n\n    int MAX_V = 10000;\n\n    int prime[MAX_V + 1];\n\n    for(i = 0; i <= MAX_V; i++) {\n        prime[i] = 1;\n    }\n\n    for(i = 2; i * i <= MAX_V; i++) {\n        if(prime[i]) {\n            for(k = 2 * i; k <= MAX_V; k += i) {\n                prime[k] = 0;\n            }\n        }\n    }\n\n    while(1) {\n        scanf("%d", &suu);\n        if(suu != 0) {\n            for(k = 2; k <= suu; k++) {\n                if(prime[k - 2] == 1 && prime[k] == 1) {\n                    an1 = k - 2;\n                    an2 = k;\n                }\n            }\n            printf("%d %d\\n", an1, an2);\n        } else {\n            break;\n        }\n    }\n\n    return 0;\n}') + LineLLMMutation(('source.cpp', 21), '#include <stdio.h>\n\nint main() {\n    int v, an1, an2, suu;\n\n    const int MAX_V = 10000;\n    bool prime[MAX_V + 1] = { false };\n\n    // Using Sieve of Eratosthenes to mark non-prime numbers\n    for(int i = 2; i * i <= MAX_V; i++) {\n        if(!prime[i]) {\n            for(int k = i * i; k <= MAX_V; k += i) {\n                prime[k] = true; // Marking non-prime\n            }\n        }\n    }\n\n    while(1) {\n        scanf("%d", &suu);\n        if(suu != 0) {\n            for(int k = 2; k <= suu; k++) {\n                if(!prime[k - 2] && !prime[k]) { // Check for prime pairs\n                    an1 = k - 2;\n                    an2 = k;\n                }\n            }\n            printf("%d %d\\n", an1, an2);\n        } else {\n            break;\n        }\n    }\n\n    return 0;\n}') + LineLLMMutation(('source.cpp', 25), '#include <stdio.h>\n\nint main() {\n    int an1 = 0, an2 = 0, suu;\n\n    const int MAX_V = 10000;\n    bool prime[MAX_V + 1] = { false };\n\n    // Using Sieve of Eratosthenes to mark non-prime numbers\n    for(int i = 2; i * i <= MAX_V; i++) {\n        if(!prime[i]) {\n            for(int k = i * i; k <= MAX_V; k += i) {\n                prime[k] = true; // Marking non-prime\n            }\n        }\n    }\n\n    while(1) {\n        scanf("%d", &suu);\n        if(suu == 0) break; // Simplified exit condition\n        for(int k = suu; k >= 2; k--) {\n            if(k > 2 && !prime[k] && !prime[k - 2]) { // Check for prime pairs in reverse\n                an1 = k - 2;\n                an2 = k;\n                break; // Found the last prime pair, exit loop\n            }\n        }\n        printf("%d %d\\n", an1, an2);\n    }\n\n    return 0;\n}')
2025-02-24 18:40:56,489	[INFO]	
2025-02-24 18:40:56,489	[INFO]	==== DIFF ====

