2025-02-24 19:36:50,816	[DEBUG]	==== CONFIG ====
[magpie]
import = 
seed = 8468774725337565
log_dir = _magpie_logs
work_dir = _magpie_work
local_original_copy = True
local_original_name = __original__
output_encoding = ascii
edit_retries = 10
default_timeout = 30
default_lengthout = 10000.0
diff_method = unified
trust_local_filesystem = True

[magpie.log]
color_output = True
format_info = {counter:<7} {status:<20} {best}{fitness} ({ratio}) [{size}] {cached} {log}
format_debug = patch({counter})="{patch}"{diffifbest}
format_fitness = {:.2f}
format_ratio = {:.2%%}
format_patchif = 
	 --> {patch}
format_diffif = 
	{diff}

[software]
path = dataset/magpie_dataset/train/0047
target_files = 
	source.cpp
software = BasicSoftware
model_rules = 
	*.params : ParamFileConfigModel
	*.xml : SrcmlModel
	* : LineModel
model_config = 
	*.params : [paramconfig]
	*.xml : [srcml]
init_cmd = 
init_timeout = 60
init_lengthout = -1
setup_cmd = bash setup.sh
setup_timeout = 
setup_lengthout = 
compile_cmd = bash compile.sh
compile_timeout = 
compile_lengthout = 
test_cmd = bash test.sh
test_timeout = 
test_lengthout = 
run_cmd = bash run.sh
run_timeout = 3
run_lengthout = 
batch_timeout = 
batch_lengthout = 
batch_bin_fitness_strategy = aggregate
batch_fitness_strategy = sum
fitness = time

[srcml]
rename = 
	stmt: break continue decl_stmt do expr_stmt for goto if return switch while
	number: literal_number
focus = block stmt operator_comp operator_arith number
internodes = block
process_pseudo_blocks = True
process_literals = True
process_operators = True

[paramconfig]
timing = test run
cli_prefix = --
cli_glue = =
cli_boolean = show
cli_boolean_prefix_true = 
cli_boolean_prefix_false = no-
cli_none = hide
silent_prefix = @
silent_suffix = $

[search]
protocol = BasicProtocol
algorithm = GeneticProgrammingLLM
possible_edits = 
	LineLLMMutation
	LineLLMCrossover
	LineDeletion
	LineInsertion
	LineReplacement
llm_prob = 1.0
warmup = 5
warmup_strategy = last
max_steps = 50
max_time = 20000
target_fitness = 
cache_maxsize = 100
cache_keep = 0.2
batch_instances = 
batch_shuffle = True
batch_bin_shuffle = False
batch_sample_size = 1

[search.ls]
delete_prob = 0.5
max_neighbours = 
when_trapped = continue
accept_fail = False
tabu_length = 10

[search.gp]
pop_size = 10
delete_prob = 0.0
offspring_elitism = 0.2
offspring_crossover = 0.4
offspring_mutation = 0.4
uniform_rate = 0.5
batch_reset = True
llm_type = baseline

[search.minify]
do_cleanup = True
do_rebuild = True
do_simplify = True
round_robin_limit = 3


2025-02-24 19:36:50,816	[DEBUG]	
2025-02-24 19:36:50,816	[INFO]	==== SEARCH: GeneticProgrammingLLM ====
2025-02-24 19:36:50,816	[INFO]	~~~~ WARMUP ~~~~
2025-02-24 19:36:51,581	[DEBUG]	EXEC>  SUCCESS 5182601.5
2025-02-24 19:36:51,581	[INFO]	WARM    SUCCESS               5182601.50 (--) [0 edit(s)]  
2025-02-24 19:36:51,861	[DEBUG]	EXEC>  SUCCESS 5182600.5
2025-02-24 19:36:51,861	[INFO]	WARM    SUCCESS               5182600.50 (--) [0 edit(s)]  
2025-02-24 19:36:52,144	[DEBUG]	EXEC>  SUCCESS 5182692.5
2025-02-24 19:36:52,144	[INFO]	WARM    SUCCESS               5182692.50 (--) [0 edit(s)]  
2025-02-24 19:36:52,424	[DEBUG]	EXEC>  SUCCESS 5182600.5
2025-02-24 19:36:52,424	[INFO]	WARM    SUCCESS               5182600.50 (--) [0 edit(s)]  
2025-02-24 19:36:52,723	[DEBUG]	EXEC>  SUCCESS 5182602.0
2025-02-24 19:36:52,723	[INFO]	WARM    SUCCESS               5182602.00 (--) [0 edit(s)]  
2025-02-24 19:36:52,723	[INFO]	REF     SUCCESS               5182602.00 (--) [0 edit(s)]  
2025-02-24 19:36:52,724	[INFO]	
2025-02-24 19:36:52,724	[INFO]	~~~~ START ~~~~
2025-02-24 19:40:48,374	[INFO]	0-1     COMPILE_CODE_ERROR    None (--) [1 edit(s)]  
2025-02-24 19:40:48,374	[DEBUG]	patch(0-1)="LineLLMMutation(('source.cpp', 0), '#include <cstdio>\n#include <cfloat>\n\nusing namespace std;\n\nchar f[10][21];\nint n, w[10], s[10], a[10], b[10];\nbool u[10];\ndouble maxg;\n\nvoid dfs(int x, int tw, int m, double g) {\n    if (m == n) {\n        if (maxg < g) {\n            maxg = g;\n            for (int i = 0; i < n; i++) {\n                b[i] = a[i];\n            }\n        }\n        return;\n    }\n    if (x >= n) {\n        return;\n    }\n    if (!u[x] && tw <= s[x]) {\n        u[x] = true;\n        tw += w[x];\n        a[m] = x;\n        dfs(0, tw, m + 1, g + w[x] * (m + 1));\n        tw -= w[x];\n        u[x] = false;\n    }\n    dfs(x + 1, tw, m, g);\n}\n\nint main() {\n    while (1) {\n        scanf("%d", &n);\n        if (!n) break;\n        for (int i = 0; i < n; i++) {\n            scanf("%s %d %d", f[i], &w[i], &s[i]);\n        }\n        fill(u, u + n, false);\n        maxg = -DBL_MAX;\n        dfs(0, 0, 0, 0.);\n        for (int i = n - 1; i >= 0; i--) {\n            printf("%s\\n", f[b[i]]);\n        }\n    }\n    return 0;\n}')"
2025-02-24 19:40:49,472	[INFO]	0-2     COMPILE_CODE_ERROR    None (--) [1 edit(s)]  
2025-02-24 19:40:49,472	[DEBUG]	patch(0-2)="LineLLMMutation(('source.cpp', 1), '#include <cstdio>\n#include <cfloat>\n\nusing namespace std;\n\nchar f[10][21];\nint n, w[10], s[10], a[10], b[10];\nbool u[10];\ndouble maxg;\n\nvoid dfs(int x, int tw, int m, double g) {\n    if (m == n) {\n        if (maxg < g) {\n            maxg = g;\n            for (int i = 0; i < n; i++) {\n                b[i] = a[i];\n            }\n        }\n        return;\n    }\n    if (x >= n) return;\n\n    if (!u[x] && tw <= s[x]) {\n        u[x] = true;\n        tw += w[x];\n        a[m] = x;\n        dfs(0, tw, m + 1, g + w[x] * (m + 1));\n        tw -= w[x];\n        u[x] = false;\n    }\n\n    dfs(x + 1, tw, m, g);\n}\n\nint main() {\n    while (1) {\n        scanf("%d", &n);\n        if (!n) break;\n        for (int i = 0; i < n; i++) {\n            scanf("%s %d %d", f[i], &w[i], &s[i]);\n        }\n        fill(u, u + n, false);\n        maxg = -DBL_MAX;\n        dfs(0, 0, 0, 0.);\n        for (int i = n - 1; i >= 0; i--) {\n            printf("%s\\n", f[b[i]]);\n        }\n    }\n    return 0;\n}')"
2025-02-24 19:40:50,565	[INFO]	0-3     COMPILE_CODE_ERROR    None (--) [1 edit(s)]  
2025-02-24 19:40:50,565	[DEBUG]	patch(0-3)="LineLLMMutation(('source.cpp', 2), '#include <cstdio>\n#include <cfloat>\n\nusing namespace std;\n\nchar f[10][21];\nint n, w[10], s[10], a[10], b[10];\nbool u[10];\ndouble maxg;\n\nvoid dfs(int x, int tw, int m, double g) {\n    if (m == n) {\n        if (maxg < g) {\n            maxg = g;\n            for (int i = 0; i < n; i++) {\n                b[i] = a[i];\n            }\n        }\n        return;\n    }\n    if (x >= n) return;\n\n    if (!u[x] && tw <= s[x]) {\n        u[x] = true;\n        tw += w[x];\n        a[m] = x;\n        dfs(0, tw, m + 1, g + w[x] * (m + 1));\n        tw -= w[x];\n        u[x] = false;\n    }\n\n    dfs(x + 1, tw, m, g);\n}\n\nint main() {\n    while (1) {\n        scanf("%d", &n);\n        if (!n) break;\n        for (int i = 0; i < n; i++) {\n            scanf("%s %d %d", f[i], &w[i], &s[i]);\n        }\n        memset(u, false, sizeof(u)); // Using memset to clear u array\n        maxg = -DBL_MAX;\n        dfs(0, 0, 0, 0.);\n        for (int i = n - 1; i >= 0; i--) {\n            printf("%s\\n", f[b[i]]);\n        }\n    }\n    return 0;\n}')"
2025-02-24 19:40:51,663	[INFO]	0-4     COMPILE_CODE_ERROR    None (--) [1 edit(s)]  
2025-02-24 19:40:51,663	[DEBUG]	patch(0-4)="LineLLMMutation(('source.cpp', 3), '#include <cstdio>\n#include <cfloat>\n\nusing namespace std;\n\nchar f[10][21];\nint n, w[10], s[10], a[10], b[10];\nbool u[10];\ndouble maxg;\n\nvoid dfs(int x, int tw, int m, double g) {\n    if (m == n) {\n        if (maxg < g) {\n            maxg = g;\n            copy(a, a + n, b); // Reuse memory with std::copy\n        }\n        return;\n    }\n    if (x >= n) return;\n\n    if (!u[x] && tw <= s[x]) {\n        u[x] = true;\n        tw += w[x];\n        a[m] = x;\n        dfs(0, tw, m + 1, g + w[x] * (m + 1));\n        tw -= w[x];\n        u[x] = false;\n    }\n\n    dfs(x + 1, tw, m, g);\n}\n\nint main() {\n    while (1) {\n        scanf("%d", &n);\n        if (!n) break;\n        for (int i = 0; i < n; i++) {\n            scanf("%s %d %d", f[i], &w[i], &s[i]);\n        }\n        memset(u, false, sizeof(u));\n        maxg = -DBL_MAX;\n        dfs(0, 0, 0, 0.);\n        for (int i = n - 1; i >= 0; i--) {\n            printf("%s\\n", f[b[i]]);\n        }\n    }\n    return 0;\n}')"
2025-02-24 19:40:52,756	[INFO]	0-5     COMPILE_CODE_ERROR    None (--) [1 edit(s)]  
2025-02-24 19:40:52,757	[DEBUG]	patch(0-5)="LineLLMMutation(('source.cpp', 4), '#include <cstdio>\n#include <cfloat>\n\nusing namespace std;\n\nchar f[10][21];\nint n, w[10], s[10], a[10], b[10];\nbool u[10];\ndouble maxg;\n\nvoid dfs(int x, int tw, int m, double g) {\n    if (m == n) {\n        if (maxg < g) {\n            maxg = g;\n            copy(a, a + n, b);\n        }\n        return;\n    }\n    if (x >= n) return;\n\n    if (!u[x] && tw <= s[x]) {\n        u[x] = true;\n        tw += w[x];\n        a[m] = x;\n        dfs(0, tw, m + 1, g + w[x] * (m + 1));\n        u[x] = false; // Move it before the next dfs call\n    }\n\n    dfs(x + 1, tw, m, g);\n}\n\nint main() {\n    while (1) {\n        scanf("%d", &n);\n        if (!n) break;\n        for (int i = 0; i < n; i++) {\n            scanf("%s %d %d", f[i], &w[i], &s[i]);\n        }\n        memset(u, false, sizeof(u));\n        maxg = -DBL_MAX;\n        dfs(0, 0, 0, 0.);\n        for (int i = n - 1; i >= 0; i--) {\n            printf("%s\\n", f[b[i]]);\n        }\n    }\n    return 0;\n}')"
2025-02-24 19:40:53,857	[INFO]	0-6     COMPILE_CODE_ERROR    None (--) [1 edit(s)]  
2025-02-24 19:40:53,857	[DEBUG]	patch(0-6)="LineLLMMutation(('source.cpp', 5), '#include <cstdio>\n#include <cfloat>\n\nusing namespace std;\n\nchar f[10][21];\nint n, w[10], s[10], a[10], b[10];\nbool u[10];\ndouble maxg;\n\nvoid dfs(int x, int tw, int m, double g) {\n    if (m == n) {\n        if (maxg < g) {\n            maxg = g;\n            copy(a, a + n, b);\n        }\n        return;\n    }\n    if (x >= n) return;\n\n    if (!u[x] && tw <= s[x]) {\n        u[x] = true;\n        a[m] = x;\n        dfs(0, tw + w[x], m + 1, g + w[x] * (m + 1));\n        u[x] = false;\n    }\n\n    dfs(x + 1, tw, m, g);\n}\n\nint main() {\n    while (1) {\n        scanf("%d", &n);\n        if (!n) break;\n        for (int i = 0; i < n; i++) {\n            scanf("%s %d %d", f[i], &w[i], &s[i]);\n        }\n        memset(u, false, sizeof(u));\n        maxg = -DBL_MAX;\n        dfs(0, 0, 0, 0.);\n        for (int i = n - 1; i >= 0; i--) {\n            printf("%s\\n", f[b[i]]);\n        }\n    }\n    return 0;\n}')"
2025-02-24 19:40:55,087	[INFO]	0-7     COMPILE_CODE_ERROR    None (--) [1 edit(s)]  
2025-02-24 19:40:55,088	[DEBUG]	patch(0-7)="LineLLMMutation(('source.cpp', 6), '#include <cstdio>\n#include <cfloat>\n#include <stack>\n#include <tuple>\n\nusing namespace std;\n\nchar f[10][21];\nint n, w[10], s[10], a[10], b[10];\nbool u[10];\ndouble maxg;\n\nvoid dfs() {\n    stack<tuple<int, int, int, double>> stk;\n    stk.emplace(0, 0, 0, 0.);\n    \n    while (!stk.empty()) {\n        auto [x, tw, m, g] = stk.top();\n        stk.pop();\n\n        if (m == n) {\n            if (maxg < g) {\n                maxg = g;\n                copy(a, a + n, b);\n            }\n            continue;\n        }\n        if (x >= n) continue;\n\n        if (!u[x] && tw <= s[x]) {\n            u[x] = true;\n            a[m] = x;\n            stk.emplace(0, tw + w[x], m + 1, g + w[x] * (m + 1));\n            u[x] = false;\n        }\n        stk.emplace(x + 1, tw, m, g);\n    }\n}\n\nint main() {\n    while (1) {\n        scanf("%d", &n);\n        if (!n) break;\n        for (int i = 0; i < n; i++) {\n            scanf("%s %d %d", f[i], &w[i], &s[i]);\n        }\n        memset(u, false, sizeof(u));\n        maxg = -DBL_MAX;\n        dfs();\n        for (int i = n - 1; i >= 0; i--) {\n            printf("%s\\n", f[b[i]]);\n        }\n    }\n    return 0;\n}')"
2025-02-24 19:40:56,339	[INFO]	0-8     COMPILE_CODE_ERROR    None (--) [1 edit(s)]  
2025-02-24 19:40:56,339	[DEBUG]	patch(0-8)="LineLLMMutation(('source.cpp', 7), '#include <cstdio>\n#include <cfloat>\n#include <unordered_map>\n\nusing namespace std;\n\nchar f[10][21];\nint n, w[10], s[10], a[10], b[10];\nbool u[10];\ndouble maxg;\nunordered_map<string, double> memo;\n\nstring getKey(int tw, int m) {\n    return to_string(tw) + "_" + to_string(m);\n}\n\nvoid dfs(int x, int tw, int m, double g) {\n    string key = getKey(tw, m);\n    if (memo.find(key) != memo.end() && memo[key] >= g) return;\n    memo[key] = g;\n\n    if (m == n) {\n        if (maxg < g) {\n            maxg = g;\n            copy(a, a + n, b);\n        }\n        return;\n    }\n    if (x >= n) return;\n\n    if (!u[x] && tw <= s[x]) {\n        u[x] = true;\n        a[m] = x;\n        dfs(0, tw + w[x], m + 1, g + w[x] * (m + 1));\n        u[x] = false;\n    }\n\n    dfs(x + 1, tw, m, g);\n}\n\nint main() {\n    while (1) {\n        scanf("%d", &n);\n        if (!n) break;\n        for (int i = 0; i < n; i++) {\n            scanf("%s %d %d", f[i], &w[i], &s[i]);\n        }\n        memset(u, false, sizeof(u));\n        maxg = -DBL_MAX;\n        dfs(0, 0, 0, 0.);\n        for (int i = n - 1; i >= 0; i--) {\n            printf("%s\\n", f[b[i]]);\n        }\n    }\n    return 0;\n}')"
2025-02-24 19:40:57,436	[INFO]	0-9     COMPILE_CODE_ERROR    None (--) [1 edit(s)]  
2025-02-24 19:40:57,436	[DEBUG]	patch(0-9)="LineLLMMutation(('source.cpp', 8), '#include <cstdio>\n#include <cfloat>\n\nusing namespace std;\n\nchar f[10][21];\nint n, w[10], s[10], a[10], b[10];\nbool u[10] = {false}; // Initialize directly\ndouble maxg;\n\nvoid dfs(int x, int tw, int m, double g) {\n    if (m == n) {\n        if (maxg < g) {\n            maxg = g;\n            copy(a, a + n, b);\n        }\n        return;\n    }\n    if (x >= n) return;\n\n    if (!u[x] && tw <= s[x]) {\n        u[x] = true;\n        a[m] = x;\n        dfs(0, tw + w[x], m + 1, g + w[x] * (m + 1));\n        u[x] = false;\n    }\n\n    dfs(x + 1, tw, m, g);\n}\n\nint main() {\n    while (1) {\n        scanf("%d", &n);\n        if (!n) break;\n        for (int i = 0; i < n; i++) {\n            scanf("%s %d %d", f[i], &w[i], &s[i]);\n        }\n        maxg = -DBL_MAX;\n        dfs(0, 0, 0, 0.);\n        for (int i = n - 1; i >= 0; i--) {\n            printf("%s\\n", f[b[i]]);\n        }\n    }\n    return 0;\n}')"
2025-02-24 19:40:58,625	[INFO]	0-10    COMPILE_CODE_ERROR    None (--) [1 edit(s)]  
2025-02-24 19:40:58,626	[DEBUG]	patch(0-10)="LineLLMMutation(('source.cpp', 9), '#include <cstdio>\n#include <cfloat>\n#include <vector>\n\nusing namespace std;\n\nchar f[10][21];\nint n, w[10], s[10];\nvector<int> a, b;\nbool u[10];\ndouble maxg;\n\nvoid dfs(int x, int tw, int m, double g) {\n    if (m == n) {\n        if (maxg < g) {\n            maxg = g;\n            b = a; // Use vector assignment\n        }\n        return;\n    }\n    if (x >= n) return;\n\n    if (!u[x] && tw <= s[x]) {\n        u[x] = true;\n        a.push_back(x); // Use vector for dynamic sizing\n        dfs(0, tw + w[x], m + 1, g + w[x] * (m + 1));\n        a.pop_back();\n        u[x] = false;\n    }\n\n    dfs(x + 1, tw, m, g);\n}\n\nint main() {\n    while (1) {\n        scanf("%d", &n);\n        if (!n) break;\n        for (int i = 0; i < n; i++) {\n            scanf("%s %d %d", f[i], &w[i], &s[i]);\n        }\n        memset(u, false, sizeof(u));\n        maxg = -DBL_MAX;\n        dfs(0, 0, 0, 0.);\n        for (int i = b.size() - 1; i >= 0; i--) {\n            printf("%s\\n", f[b[i]]);\n        }\n    }\n    return 0;\n}')"
2025-02-24 19:40:59,626	[INFO]	Step: 10
2025-02-24 19:40:59,626	[INFO]	Stop Steps: 50
2025-02-24 19:41:00,930	[DEBUG]	EXEC>  SUCCESS 5182600.0
2025-02-24 19:41:00,930	[INFO]	REF     SUCCESS               5182600.00 (--) [0 edit(s)]  
2025-02-24 19:41:00,930	[INFO]	Best patch step: None
2025-02-24 19:41:51,724	[INFO]	Step: 10
2025-02-24 19:41:51,724	[INFO]	Stop Steps: 50
2025-02-24 19:41:52,230	[INFO]	1-1     TEST_CODE_ERROR       None (--) [1 edit(s)]  
2025-02-24 19:41:52,230	[DEBUG]	patch(1-1)="LineLLMCrossover(('source.cpp', 0), '#include <iostream>\nusing namespace std;\n\nint sum(int a, int b) {\n    return a + b;\n}\n\nint multiply(int a, int b) {\n    return a * b;\n}\n\nint main() {\n    int x = 5, y = 10;\n    cout << "Sum: " << sum(x, y) << endl;\n    cout << "Product: " << multiply(x, y) << endl;\n    return 0;\n}')"
2025-02-24 19:41:52,231	[INFO]	Step: 11
2025-02-24 19:41:52,231	[INFO]	Stop Steps: 50
2025-02-24 19:41:52,937	[INFO]	1-2     TEST_CODE_ERROR       None (--) [1 edit(s)]  
2025-02-24 19:41:52,937	[DEBUG]	patch(1-2)="LineLLMCrossover(('source.cpp', 1), '#include <iostream>\n#include <vector>\n#include <algorithm>\nusing namespace std;\n\npair<int, int> minMaxElement(const vector<int>& nums) {\n    return { *min_element(nums.begin(), nums.end()), *max_element(nums.begin(), nums.end()) };\n}\n\nint main() {\n    vector<int> nums = {1, 2, 3, 4, 5};\n    auto [minVal, maxVal] = minMaxElement(nums);\n    cout << "Min: " << minVal << ", Max: " << maxVal << endl;\n    return 0;\n}')"
2025-02-24 19:41:52,937	[INFO]	Step: 12
2025-02-24 19:41:52,937	[INFO]	Stop Steps: 50
2025-02-24 19:41:53,446	[INFO]	1-3     TEST_CODE_ERROR       None (--) [1 edit(s)]  
2025-02-24 19:41:53,446	[DEBUG]	patch(1-3)="LineLLMCrossover(('source.cpp', 2), '#include <iostream>\nusing namespace std;\n\nint sum(int a, int b) {\n    return a + b;\n}\n\nint multiply(int a, int b) {\n    return a * b;\n}\n\nint main() {\n    int x = 5, y = 10;\n    cout << "Sum: " << sum(x, y) << endl;\n    cout << "Product: " << multiply(x, y) << endl;\n    return 0;\n}')"
2025-02-24 19:41:53,446	[INFO]	Step: 13
2025-02-24 19:41:53,446	[INFO]	Stop Steps: 50
2025-02-24 19:41:54,132	[INFO]	1-4     TEST_CODE_ERROR       None (--) [1 edit(s)]  
2025-02-24 19:41:54,132	[DEBUG]	patch(1-4)="LineLLMCrossover(('source.cpp', 3), '#include <iostream>\n#include <vector>\n#include <algorithm>\nusing namespace std;\n\npair<int, int> minMaxElement(const vector<int>& nums) {\n    int minVal = nums[0], maxVal = nums[0];\n    for (int num : nums) {\n        if (num < minVal) minVal = num;\n        if (num > maxVal) maxVal = num;\n    }\n    return {minVal, maxVal};\n}\n\nint main() {\n    vector<int> nums = {1, 2, 3, 4, 5};\n    auto [minVal, maxVal] = minMaxElement(nums);\n    cout << "Min: " << minVal << ", Max: " << maxVal << endl;\n    return 0;\n}')"
2025-02-24 19:41:54,133	[INFO]	Step: 14
2025-02-24 19:41:54,133	[INFO]	Stop Steps: 50
2025-02-24 19:41:54,243	[INFO]	1-5     COMPILE_CODE_ERROR    None (--) [1 edit(s)]  
2025-02-24 19:41:54,243	[DEBUG]	patch(1-5)="LineLLMMutation(('source.cpp', 10), '#include <cstdio>\n#include <cfloat>\nusing namespace std;\n\nchar f[10][21];\nint n, w[10], s[10], a[10], b[10];\nbool u[10];\ndouble maxg;\n\nvoid dfs(int x, int tw, int m, double g) {\n    if (m == n) {\n        if (maxg < g) {\n            maxg = g;\n            for (int i = 0; i < n; i++) {\n                b[i] = a[i];\n            }\n        }\n        return;\n    }\n\n    if (x >= n) {\n        return;\n    }\n\n    if (!u[x] && tw <= s[x]) {\n        u[x] = true;\n        tw += w[x];\n        a[m] = x;\n        dfs(0, tw, m + 1, g + w[x] * (m + 1));\n        tw -= w[x];\n        u[x] = false;\n    }\n\n    dfs(x + 1, tw, m, g);\n}\n\nint main() {\n    while (1) {\n        scanf("%d", &n);\n        if (!n) break;\n        for (int i = 0; i < n; i++) {\n            scanf("%s %d %d", f[i], &w[i], &s[i]);\n        }\n        fill(u, u + n, false); // Use fill to initialize the array\n        maxg = -DBL_MAX;\n        dfs(0, 0, 0, 0.);\n        for (int i = n - 1; i >= 0; i--) {\n            printf("%s\\n", f[b[i]]);\n        }\n    }\n    return 0;\n}')"
2025-02-24 19:41:54,243	[INFO]	Step: 15
2025-02-24 19:41:54,243	[INFO]	Stop Steps: 50
2025-02-24 19:41:54,350	[INFO]	1-6     COMPILE_CODE_ERROR    None (--) [1 edit(s)]  
2025-02-24 19:41:54,350	[DEBUG]	patch(1-6)="LineLLMMutation(('source.cpp', 11), '#include <cstdio>\n#include <cfloat>\nusing namespace std;\n\nchar f[10][21];\nint n, w[10], s[10], a[10], b[10];\nbool u[10];\ndouble maxg;\n\nvoid dfs(int x, int tw, int m, double g) {\n    if (m == n) {\n        if (maxg < g) {\n            maxg = g;\n            for (int i = 0; i < n; i++) {\n                b[i] = a[i];\n            }\n        }\n        return;\n    }\n\n    if (x >= n) {\n        return;\n    }\n\n    if (!u[x] && tw <= s[x]) {\n        u[x] = true;\n        tw += w[x];\n        a[m] = x;\n        dfs(0, tw, m + 1, g + w[x] * (m + 1));\n        tw -= w[x];\n        u[x] = false;\n    }\n\n    dfs(x + 1, tw, m, g);\n}\n\nint main() {\n    while (1) {\n        scanf("%d", &n);\n        if (!n) break;\n        for (int i = 0; i < n; i++) {\n            scanf("%s %d %d", f[i], &w[i], &s[i]);\n        }\n        fill(u, u + n, false);\n        maxg = -1e9; // Using a specific large negative value instead of DBL_MAX\n        dfs(0, 0, 0, 0.);\n        for (int i = n - 1; i >= 0; i--) {\n            printf("%s\\n", f[b[i]]);\n        }\n    }\n    return 0;\n}')"
2025-02-24 19:41:54,350	[INFO]	Step: 16
2025-02-24 19:41:54,350	[INFO]	Stop Steps: 50
2025-02-24 19:41:54,876	[DEBUG]	EXEC>  SUCCESS 5182691.0
2025-02-24 19:41:54,876	[INFO]	1-7     SUCCESS              +5182691.00 (100.00%) [1 edit(s)]  
2025-02-24 19:41:54,876	[DEBUG]	patch(1-7)="LineLLMMutation(('source.cpp', 12), '#include <cstdio>\n#include <cfloat>\n#include <algorithm> // Include algorithm for std::fill\nusing namespace std;\n\nchar f[10][21];\nint n, w[10], s[10], a[10], b[10];\nbool u[10];\ndouble maxg;\n\nvoid dfs(int x, int tw, int m, double g) {\n    if (m == n) {\n        if (maxg < g) {\n            maxg = g;\n            for (int i = 0; i < n; i++) {\n                b[i] = a[i];\n            }\n        }\n        return;\n    }\n    \n    if (x >= n) {\n        return;\n    }\n    \n    if (!u[x] && tw <= s[x]) {\n        u[x] = true;\n        tw += w[x];\n        a[m] = x;\n        dfs(0, tw, m + 1, g + w[x] * (m + 1));\n        tw -= w[x];\n        u[x] = false;\n    }\n    \n    dfs(x + 1, tw, m, g);\n}\n\nint main() {\n    while (1) {\n        scanf("%d", &n);\n        if (!n) break;\n        for (int i = 0; i < n; i++) {\n            scanf("%s %d %d", f[i], &w[i], &s[i]);\n        }\n        fill(u, u + n, false); // Efficiently initialize u array\n        maxg = -1e9;\n        dfs(0, 0, 0, 0.);\n        for (int i = n - 1; i >= 0; i--) {\n            printf("%s\\n", f[b[i]]);\n        }\n    }\n    return 0;\n}')"
2025-02-24 19:41:54,876	[INFO]	Step: 17
2025-02-24 19:41:54,876	[INFO]	Stop Steps: 50
2025-02-24 19:41:55,409	[DEBUG]	EXEC>  SUCCESS 5250383.0
2025-02-24 19:41:55,409	[INFO]	1-8     SUCCESS               5250383.00 (101.31%) [1 edit(s)]  
2025-02-24 19:41:55,409	[DEBUG]	patch(1-8)="LineLLMMutation(('source.cpp', 13), '#include <cstdio>\n#include <cfloat>\n#include <algorithm>\nusing namespace std;\n\nchar f[10][21];\nint n, w[10], s[10], a[10], b[10];\nbool u[10];\ndouble maxg;\n\nvoid dfs(int x, int tw, int m, double g) {\n    if (m == n) {\n        maxg = max(maxg, g); // Use max function directly\n        if (maxg == g) {\n            for (int i = 0; i < n; i++) {\n                b[i] = a[i];\n            }\n        }\n        return;\n    }\n    \n    if (x >= n) {\n        return;\n    }\n    \n    if (!u[x] && tw <= s[x]) {\n        u[x] = true;\n        tw += w[x];\n        a[m] = x;\n        dfs(0, tw, m + 1, g + w[x] * (m + 1));\n        tw -= w[x];\n        u[x] = false;\n    }\n    \n    dfs(x + 1, tw, m, g);\n}\n\nint main() {\n    while (1) {\n        scanf("%d", &n);\n        if (!n) break;\n        for (int i = 0; i < n; i++) {\n            scanf("%s %d %d", f[i], &w[i], &s[i]);\n        }\n        fill(u, u + n, false);\n        maxg = -1e9;\n        dfs(0, 0, 0, 0.);\n        for (int i = n - 1; i >= 0; i--) {\n            printf("%s\\n", f[b[i]]);\n        }\n    }\n    return 0;\n}')"
2025-02-24 19:41:55,409	[INFO]	Step: 18
2025-02-24 19:41:55,409	[INFO]	Stop Steps: 50
2025-02-24 19:41:55,966	[DEBUG]	EXEC>  SUCCESS 5250472.0
2025-02-24 19:41:55,966	[INFO]	1-9     SUCCESS               5250472.00 (101.31%) [1 edit(s)]  
2025-02-24 19:41:55,966	[DEBUG]	patch(1-9)="LineLLMMutation(('source.cpp', 14), '#include <cstdio>\n#include <cfloat>\n#include <algorithm>\nusing namespace std;\n\nchar f[10][21];\nint n, w[10], s[10], a[10], b[10];\nbool u[10];\ndouble maxg;\n\nvoid dfs(int x, int tw, int m, double g) {\n    if (m == n) {\n        maxg = max(maxg, g);\n        if (maxg == g) {\n            for (int i = 0; i < n; i++) {\n                b[i] = a[i];\n            }\n        }\n        return;\n    }\n    \n    if (x >= n) {\n        return;\n    }\n    \n    if (!u[x] && tw <= s[x]) {\n        u[x] = true;\n        tw += w[x];\n        a[m] = x;\n        dfs(0, tw, m + 1, g + w[x] * (m + 1));\n        tw -= w[x];\n        u[x] = false;\n    }\n    \n    dfs(x + 1, tw, m, g);\n}\n\nint main() {\n    while (scanf("%d", &n), n) { // Combined input and condition check\n        for (int i = 0; i < n; i++) {\n            scanf("%s %d %d", f[i], &w[i], &s[i]);\n        }\n        fill(u, u + n, false);\n        maxg = -1e9;\n        dfs(0, 0, 0, 0.);\n        for (int i = n - 1; i >= 0; i--) {\n            printf("%s\\n", f[b[i]]);\n        }\n    }\n    return 0;\n}')"
2025-02-24 19:41:55,966	[INFO]	Step: 19
2025-02-24 19:41:55,966	[INFO]	Stop Steps: 50
2025-02-24 19:41:56,475	[DEBUG]	EXEC>  SUCCESS 5281047.5
2025-02-24 19:41:56,475	[INFO]	1-10    SUCCESS               5281047.50 (101.90%) [1 edit(s)]  
2025-02-24 19:41:56,475	[DEBUG]	patch(1-10)="LineLLMMutation(('source.cpp', 15), '#include <cstdio>\n#include <cfloat>\n#include <algorithm>\nusing namespace std;\n\nchar f[10][21];\nint n, w[10], s[10], a[10], b[10];\nbool u[10];\n\nvoid dfs(int x, int tw, int m, double& maxg, double g) { // Pass maxg by reference\n    if (m == n) {\n        maxg = max(maxg, g);\n        if (maxg == g) {\n            for (int i = 0; i < n; i++) {\n                b[i] = a[i];\n            }\n        }\n        return;\n    }\n    \n    if (x >= n) {\n        return;\n    }\n    \n    if (!u[x] && tw <= s[x]) {\n        u[x] = true;\n        tw += w[x];\n        a[m] = x;\n        dfs(0, tw, m + 1, maxg, g + w[x] * (m + 1)); // Pass maxg\n        tw -= w[x];\n        u[x] = false;\n    }\n    \n    dfs(x + 1, tw, m, maxg, g);\n}\n\nint main() {\n    while (1) {\n        scanf("%d", &n);\n        if (!n) break;\n        for (int i = 0; i < n; i++) {\n            scanf("%s %d %d", f[i], &w[i], &s[i]);\n        }\n        fill(u, u + n, false);\n        double maxg = -1e9;\n        dfs(0, 0, 0, maxg, 0.);\n        for (int i = n - 1; i >= 0; i--) {\n            printf("%s\\n", f[b[i]]);\n        }\n    }\n    return 0;\n}')"
2025-02-24 19:41:56,476	[INFO]	Step: 20
2025-02-24 19:41:56,476	[INFO]	Stop Steps: 50
2025-02-24 19:41:57,810	[DEBUG]	EXEC>  SUCCESS 5182600.0
2025-02-24 19:41:57,810	[INFO]	REF     SUCCESS               5182600.00 (--) [0 edit(s)]  
2025-02-24 19:41:57,810	[INFO]	Best patch step: None
2025-02-24 19:43:24,648	[INFO]	Step: 20
2025-02-24 19:43:24,648	[INFO]	Stop Steps: 50
2025-02-24 19:43:25,158	[DEBUG]	EXEC>  SUCCESS 5182690.0
2025-02-24 19:43:25,158	[INFO]	2-1     SUCCESS              +5182690.00 (100.00%) [1 edit(s)]  
2025-02-24 19:43:25,158	[DEBUG]	patch(2-1)="LineLLMMutation(('source.cpp', 12), '#include <cstdio>\n#include <cfloat>\n#include <algorithm> // Include algorithm for std::fill\nusing namespace std;\n\nchar f[10][21];\nint n, w[10], s[10], a[10], b[10];\nbool u[10];\ndouble maxg;\n\nvoid dfs(int x, int tw, int m, double g) {\n    if (m == n) {\n        if (maxg < g) {\n            maxg = g;\n            for (int i = 0; i < n; i++) {\n                b[i] = a[i];\n            }\n        }\n        return;\n    }\n    \n    if (x >= n) {\n        return;\n    }\n    \n    if (!u[x] && tw <= s[x]) {\n        u[x] = true;\n        tw += w[x];\n        a[m] = x;\n        dfs(0, tw, m + 1, g + w[x] * (m + 1));\n        tw -= w[x];\n        u[x] = false;\n    }\n    \n    dfs(x + 1, tw, m, g);\n}\n\nint main() {\n    while (1) {\n        scanf("%d", &n);\n        if (!n) break;\n        for (int i = 0; i < n; i++) {\n            scanf("%s %d %d", f[i], &w[i], &s[i]);\n        }\n        fill(u, u + n, false); // Efficiently initialize u array\n        maxg = -1e9;\n        dfs(0, 0, 0, 0.);\n        for (int i = n - 1; i >= 0; i--) {\n            printf("%s\\n", f[b[i]]);\n        }\n    }\n    return 0;\n}')"
2025-02-24 19:43:25,159	[INFO]	Step: 21
2025-02-24 19:43:25,159	[INFO]	Stop Steps: 50
2025-02-24 19:43:25,688	[DEBUG]	EXEC>  SUCCESS 5250471.5
2025-02-24 19:43:25,688	[INFO]	2-2     SUCCESS               5250471.50 (101.31%) [1 edit(s)]  
2025-02-24 19:43:25,688	[DEBUG]	patch(2-2)="LineLLMMutation(('source.cpp', 13), '#include <cstdio>\n#include <cfloat>\n#include <algorithm>\nusing namespace std;\n\nchar f[10][21];\nint n, w[10], s[10], a[10], b[10];\nbool u[10];\ndouble maxg;\n\nvoid dfs(int x, int tw, int m, double g) {\n    if (m == n) {\n        maxg = max(maxg, g); // Use max function directly\n        if (maxg == g) {\n            for (int i = 0; i < n; i++) {\n                b[i] = a[i];\n            }\n        }\n        return;\n    }\n    \n    if (x >= n) {\n        return;\n    }\n    \n    if (!u[x] && tw <= s[x]) {\n        u[x] = true;\n        tw += w[x];\n        a[m] = x;\n        dfs(0, tw, m + 1, g + w[x] * (m + 1));\n        tw -= w[x];\n        u[x] = false;\n    }\n    \n    dfs(x + 1, tw, m, g);\n}\n\nint main() {\n    while (1) {\n        scanf("%d", &n);\n        if (!n) break;\n        for (int i = 0; i < n; i++) {\n            scanf("%s %d %d", f[i], &w[i], &s[i]);\n        }\n        fill(u, u + n, false);\n        maxg = -1e9;\n        dfs(0, 0, 0, 0.);\n        for (int i = n - 1; i >= 0; i--) {\n            printf("%s\\n", f[b[i]]);\n        }\n    }\n    return 0;\n}')"
2025-02-24 19:43:25,688	[INFO]	Step: 22
2025-02-24 19:43:25,689	[INFO]	Stop Steps: 50
2025-02-24 19:43:26,215	[DEBUG]	EXEC>  SUCCESS 5280957.0
2025-02-24 19:43:26,215	[INFO]	2-3     SUCCESS               5280957.00 (101.90%) [1 edit(s)]  
2025-02-24 19:43:26,216	[DEBUG]	patch(2-3)="LineLLMCrossover(('source.cpp', 4), '#include <cstdio>\n#include <cfloat>\n#include <algorithm>\nusing namespace std;\n\nchar f[10][21];\nint n, w[10], s[10], a[10], b[10];\nbool u[10];\n\nvoid dfs(int x, int tw, int m, double& maxg, double g) { \n    if (m == n) {\n        maxg = max(maxg, g);\n        if (maxg == g) {\n            for (int i = 0; i < n; i++) {\n                b[i] = a[i];\n            }\n        }\n        return;\n    }\n    \n    if (x >= n) {\n        return;\n    }\n    \n    if (!u[x] && tw <= s[x]) {\n        u[x] = true;\n        tw += w[x];\n        a[m] = x;\n        dfs(0, tw, m + 1, maxg, g + w[x] * (m + 1));\n        tw -= w[x];\n        u[x] = false;\n    }\n    \n    dfs(x + 1, tw, m, maxg, g);\n}\n\nint main() {\n    while (scanf("%d", &n), n) {\n        for (int i = 0; i < n; i++) {\n            scanf("%s %d %d", f[i], &w[i], &s[i]);\n        }\n        fill(u, u + n, false);\n        double maxg = -1e9;\n        dfs(0, 0, 0, maxg, 0.);\n        for (int i = n - 1; i >= 0; i--) {\n            printf("%s\\n", f[b[i]]);\n        }\n    }\n    return 0;\n}')"
2025-02-24 19:43:26,216	[INFO]	Step: 23
2025-02-24 19:43:26,216	[INFO]	Stop Steps: 50
2025-02-24 19:43:26,752	[DEBUG]	EXEC>  SUCCESS 5250383.0
2025-02-24 19:43:26,752	[INFO]	2-4     SUCCESS               5250383.00 (101.31%) [1 edit(s)]  
2025-02-24 19:43:26,752	[DEBUG]	patch(2-4)="LineLLMCrossover(('source.cpp', 5), '#include <cstdio>\n#include <cfloat>\n#include <algorithm>\nusing namespace std;\n\nchar f[10][21];\nint n, w[10], s[10], a[10], b[10];\nbool u[10];\ndouble maxg;\n\nvoid dfs(int x, int tw, int m, double g) {\n    if (m == n) {\n        maxg = max(maxg, g);\n        if (maxg == g) {\n            for (int i = 0; i < n; i++) {\n                b[i] = a[i];\n            }\n        }\n        return;\n    }\n    \n    if (x >= n) {\n        return;\n    }\n    \n    if (!u[x] && tw <= s[x]) {\n        u[x] = true;\n        tw += w[x];\n        a[m] = x;\n        dfs(0, tw, m + 1, g + w[x] * (m + 1));\n        tw -= w[x];\n        u[x] = false;\n    }\n    \n    dfs(x + 1, tw, m, g);\n}\n\nint main() {\n    while (1) {\n        scanf("%d", &n);\n        if (!n) break;\n        for (int i = 0; i < n; i++) {\n            scanf("%s %d %d", f[i], &w[i], &s[i]);\n        }\n        fill(u, u + n, false); // Efficiently initialize u array\n        maxg = -1e9;\n        dfs(0, 0, 0, 0.);\n        for (int i = n - 1; i >= 0; i--) {\n            printf("%s\\n", f[b[i]]);\n        }\n    }\n    return 0;\n}')"
2025-02-24 19:43:26,753	[INFO]	Step: 24
2025-02-24 19:43:26,753	[INFO]	Stop Steps: 50
2025-02-24 19:43:27,303	[DEBUG]	EXEC>  SUCCESS 5280867.5
2025-02-24 19:43:27,303	[INFO]	2-5     SUCCESS               5280867.50 (101.90%) [1 edit(s)]  
2025-02-24 19:43:27,303	[DEBUG]	patch(2-5)="LineLLMCrossover(('source.cpp', 6), '#include <cstdio>\n#include <cfloat>\n#include <algorithm>\nusing namespace std;\n\nchar f[10][21];\nint n, w[10], s[10], a[10], b[10];\nbool u[10];\n\nvoid dfs(int x, int tw, int m, double& maxg, double g) { \n    if (m == n) {\n        maxg = max(maxg, g);\n        if (maxg == g) {\n            for (int i = 0; i < n; i++) {\n                b[i] = a[i];\n            }\n        }\n        return;\n    }\n\n    if (x >= n) {\n        return;\n    }\n\n    if (!u[x] && tw <= s[x]) {\n        u[x] = true;\n        tw += w[x];\n        a[m] = x;\n        dfs(0, tw, m + 1, maxg, g + w[x] * (m + 1));\n        tw -= w[x];\n        u[x] = false;\n    }\n\n    dfs(x + 1, tw, m, maxg, g);\n}\n\nint main() {\n    while (scanf("%d", &n), n) {\n        for (int i = 0; i < n; i++) {\n            scanf("%s %d %d", f[i], &w[i], &s[i]);\n        }\n        fill(u, u + n, false);\n        double maxg = -1e9;\n        dfs(0, 0, 0, maxg, 0.);\n        for (int i = n - 1; i >= 0; i--) {\n            printf("%s\\n", f[b[i]]);\n        }\n    }\n    return 0;\n}')"
2025-02-24 19:43:27,304	[INFO]	Step: 25
2025-02-24 19:43:27,304	[INFO]	Stop Steps: 50
2025-02-24 19:43:27,794	[DEBUG]	EXEC>  SUCCESS 5261724.5
2025-02-24 19:43:27,794	[INFO]	2-6     SUCCESS               5261724.50 (101.53%) [1 edit(s)]  
2025-02-24 19:43:27,794	[DEBUG]	patch(2-6)="LineLLMCrossover(('source.cpp', 7), '#include <cstdio>\n#include <cfloat>\n#include <algorithm>\nusing namespace std;\n\nchar f[10][21];\nint n, w[10], s[10], a[10], b[10];\nbool u[10];\ndouble maxg;\n\nvoid dfs(int x, int tw, int m, double& maxg, double g) { \n    if (m == n) {\n        if (maxg < g) {\n            maxg = g;\n            for (int i = 0; i < n; i++) {\n                b[i] = a[i];\n            }\n        }\n        return;\n    }\n\n    if (x >= n) {\n        return;\n    }\n\n    if (!u[x] && tw <= s[x]) {\n        u[x] = true;\n        tw += w[x];\n        a[m] = x;\n        dfs(0, tw, m + 1, maxg, g + w[x] * (m + 1));\n        tw -= w[x];\n        u[x] = false;\n    }\n\n    dfs(x + 1, tw, m, maxg, g);\n}\n\nint main() {\n    while (1) {\n        scanf("%d", &n);\n        if (!n) break;\n        for (int i = 0; i < n; i++) {\n            scanf("%s %d %d", f[i], &w[i], &s[i]);\n        }\n        fill(u, u + n, false);\n        double maxg = -1e9;\n        dfs(0, 0, 0, maxg, 0.);\n        for (int i = n - 1; i >= 0; i--) {\n            printf("%s\\n", f[b[i]]);\n        }\n    }\n    return 0;\n}')"
2025-02-24 19:43:27,794	[INFO]	Step: 26
2025-02-24 19:43:27,794	[INFO]	Stop Steps: 50
2025-02-24 19:43:28,404	[INFO]	2-7     COMPILE_CODE_ERROR    None (--) [2 edit(s)]  
2025-02-24 19:43:28,404	[DEBUG]	patch(2-7)="LineLLMMutation(('source.cpp', 12), '#include <cstdio>\n#include <cfloat>\n#include <algorithm> // Include algorithm for std::fill\nusing namespace std;\n\nchar f[10][21];\nint n, w[10], s[10], a[10], b[10];\nbool u[10];\ndouble maxg;\n\nvoid dfs(int x, int tw, int m, double g) {\n    if (m == n) {\n        if (maxg < g) {\n            maxg = g;\n            for (int i = 0; i < n; i++) {\n                b[i] = a[i];\n            }\n        }\n        return;\n    }\n    \n    if (x >= n) {\n        return;\n    }\n    \n    if (!u[x] && tw <= s[x]) {\n        u[x] = true;\n        tw += w[x];\n        a[m] = x;\n        dfs(0, tw, m + 1, g + w[x] * (m + 1));\n        tw -= w[x];\n        u[x] = false;\n    }\n    \n    dfs(x + 1, tw, m, g);\n}\n\nint main() {\n    while (1) {\n        scanf("%d", &n);\n        if (!n) break;\n        for (int i = 0; i < n; i++) {\n            scanf("%s %d %d", f[i], &w[i], &s[i]);\n        }\n        fill(u, u + n, false); // Efficiently initialize u array\n        maxg = -1e9;\n        dfs(0, 0, 0, 0.);\n        for (int i = n - 1; i >= 0; i--) {\n            printf("%s\\n", f[b[i]]);\n        }\n    }\n    return 0;\n}') | LineLLMMutation(('source.cpp', 16), '#include <cstdio>\n#include <cfloat>\n#include <algorithm> // Include algorithm for std::fill\n#include <stack>     // Include stack for iterative DFS\nusing namespace std;\n\nchar f[10][21];\nint n, w[10], s[10], a[10], b[10];\nbool u[10];\ndouble maxg;\n\nvoid iterative_dfs() {\n    stack<pair<int, pair<int, double>>> stk; // Stack to store state\n    stk.push({0, {0, 0}}); // Start with initial state (x=0, tw=0)\n\n    while (!stk.empty()) {\n        auto [x, state] = stk.top();\n        stk.pop();\n        int tw = state.first;\n        int m = state.second;\n        double g = state.second;\n\n        if (m == n) {\n            if (maxg < g) {\n                maxg = g;\n                for (int i = 0; i < n; i++) {\n                    b[i] = a[i];\n                }\n            }\n            continue;\n        }\n        \n        if (x >= n) {\n            continue;\n        }\n        \n        if (!u[x] && tw <= s[x]) {\n            u[x] = true;\n            tw += w[x];\n            a[m] = x;\n            stk.push({0, {tw, m + 1, g + w[x] * (m + 1)}}); // Push new state\n            tw -= w[x];\n            u[x] = false;\n        }\n        \n        stk.push({x + 1, {tw, m, g}}); // Push next state\n    }\n}\n\nint main() {\n    while (1) {\n        scanf("%d", &n);\n        if (!n) break;\n        for (int i = 0; i < n; i++) {\n            scanf("%s %d %d", f[i], &w[i], &s[i]);\n        }\n        fill(u, u + n, false); // Efficiently initialize u array\n        maxg = -1e9;\n        iterative_dfs(); // Call the iterative DFS\n        for (int i = n - 1; i >= 0; i--) {\n            printf("%s\\n", f[b[i]]);\n        }\n    }\n    return 0;\n}')"
2025-02-24 19:43:28,404	[INFO]	Step: 27
2025-02-24 19:43:28,404	[INFO]	Stop Steps: 50
2025-02-24 19:43:28,904	[INFO]	2-8     TEST_CODE_ERROR       None (--) [2 edit(s)]  
2025-02-24 19:43:28,904	[DEBUG]	patch(2-8)="LineLLMMutation(('source.cpp', 13), '#include <cstdio>\n#include <cfloat>\n#include <algorithm>\nusing namespace std;\n\nchar f[10][21];\nint n, w[10], s[10], a[10], b[10];\nbool u[10];\ndouble maxg;\n\nvoid dfs(int x, int tw, int m, double g) {\n    if (m == n) {\n        maxg = max(maxg, g); // Use max function directly\n        if (maxg == g) {\n            for (int i = 0; i < n; i++) {\n                b[i] = a[i];\n            }\n        }\n        return;\n    }\n    \n    if (x >= n) {\n        return;\n    }\n    \n    if (!u[x] && tw <= s[x]) {\n        u[x] = true;\n        tw += w[x];\n        a[m] = x;\n        dfs(0, tw, m + 1, g + w[x] * (m + 1));\n        tw -= w[x];\n        u[x] = false;\n    }\n    \n    dfs(x + 1, tw, m, g);\n}\n\nint main() {\n    while (1) {\n        scanf("%d", &n);\n        if (!n) break;\n        for (int i = 0; i < n; i++) {\n            scanf("%s %d %d", f[i], &w[i], &s[i]);\n        }\n        fill(u, u + n, false);\n        maxg = -1e9;\n        dfs(0, 0, 0, 0.);\n        for (int i = n - 1; i >= 0; i--) {\n            printf("%s\\n", f[b[i]]);\n        }\n    }\n    return 0;\n}') | LineLLMMutation(('source.cpp', 17), '#include <cstdio>\n#include <cfloat>\n#include <algorithm>\nusing namespace std;\n\nchar f[10][21];\nint n, w[10], s[10], b[10];\ndouble maxg;\n\nvoid dfs(int mask, int tw, int m, double g) {\n    if (m == n) {\n        if (g > maxg) {\n            maxg = g; \n            for (int i = 0; i < n; i++) {\n                if (mask & (1 << i)) {\n                    b[i] = i; // Store the selected items based on the mask\n                }\n            }\n        }\n        return;\n    }\n\n    for (int x = 0; x < n; x++) {\n        if (!(mask & (1 << x)) && tw <= s[x]) { // Check if not visited and within limits\n            dfs(mask | (1 << x), tw + w[x], m + 1, g + w[x] * (m + 1));\n        }\n    }\n}\n\nint main() {\n    while (1) {\n        scanf("%d", &n);\n        if (!n) break;\n        for (int i = 0; i < n; i++) {\n            scanf("%s %d %d", f[i], &w[i], &s[i]);\n        }\n        maxg = -1e9;\n        dfs(0, 0, 0, 0.);\n        for (int i = n - 1; i >= 0; i--) {\n            if (b[i] != -1) { // Check if the item was selected\n                printf("%s\\n", f[b[i]]);\n            }\n        }\n    }\n    return 0;\n}')"
2025-02-24 19:43:28,904	[INFO]	Step: 28
2025-02-24 19:43:28,904	[INFO]	Stop Steps: 50
2025-02-24 19:43:59,392	[INFO]	2-9     TEST_TIMEOUT          None (--) [2 edit(s)]  
2025-02-24 19:43:59,393	[DEBUG]	patch(2-9)="LineLLMMutation(('source.cpp', 14), '#include <cstdio>\n#include <cfloat>\n#include <algorithm>\nusing namespace std;\n\nchar f[10][21];\nint n, w[10], s[10], a[10], b[10];\nbool u[10];\ndouble maxg;\n\nvoid dfs(int x, int tw, int m, double g) {\n    if (m == n) {\n        maxg = max(maxg, g);\n        if (maxg == g) {\n            for (int i = 0; i < n; i++) {\n                b[i] = a[i];\n            }\n        }\n        return;\n    }\n    \n    if (x >= n) {\n        return;\n    }\n    \n    if (!u[x] && tw <= s[x]) {\n        u[x] = true;\n        tw += w[x];\n        a[m] = x;\n        dfs(0, tw, m + 1, g + w[x] * (m + 1));\n        tw -= w[x];\n        u[x] = false;\n    }\n    \n    dfs(x + 1, tw, m, g);\n}\n\nint main() {\n    while (scanf("%d", &n), n) { // Combined input and condition check\n        for (int i = 0; i < n; i++) {\n            scanf("%s %d %d", f[i], &w[i], &s[i]);\n        }\n        fill(u, u + n, false);\n        maxg = -1e9;\n        dfs(0, 0, 0, 0.);\n        for (int i = n - 1; i >= 0; i--) {\n            printf("%s\\n", f[b[i]]);\n        }\n    }\n    return 0;\n}') | LineLLMMutation(('source.cpp', 18), '#include <cstdio>\n#include <cfloat>\n#include <algorithm>\nusing namespace std;\n\nchar f[10][21];\nint n, w[10], s[10], a[10], b[10];\ndouble maxg;\n\nvoid dfs(int mask, int tw, int m, double g) {\n    if (m == n) {\n        maxg = max(maxg, g);\n        if (maxg == g) {\n            for (int i = 0; i < n; i++) {\n                b[i] = a[i];\n            }\n        }\n        return;\n    }\n    \n    for (int x = 0; x < n; x++) {\n        // Check if the item x is not used and if the weight allows it\n        if (((mask >> x) & 1) == 0 && tw <= s[x]) {\n            // Mark item x as used\n            dfs(mask | (1 << x), tw + w[x], m + 1, g + w[x] * (m + 1));\n        }\n    }\n    // Move to the next item without using current item\n    dfs(mask, tw, m, g);\n}\n\nint main() {\n    while (scanf("%d", &n), n) { // Combined input and condition check\n        for (int i = 0; i < n; i++) {\n            scanf("%s %d %d", f[i], &w[i], &s[i]);\n        }\n        maxg = -1e9;\n        dfs(0, 0, 0, 0.);\n        for (int i = n - 1; i >= 0; i--) {\n            if (maxg == 0) break; // To prevent unnecessary printing\n            printf("%s\\n", f[b[i]]);\n        }\n    }\n    return 0;\n}')"
2025-02-24 19:43:59,393	[INFO]	Step: 29
2025-02-24 19:43:59,393	[INFO]	Stop Steps: 50
2025-02-24 19:43:59,913	[INFO]	2-10    TEST_CODE_ERROR       None (--) [2 edit(s)]  
2025-02-24 19:43:59,913	[DEBUG]	patch(2-10)="LineLLMMutation(('source.cpp', 15), '#include <cstdio>\n#include <cfloat>\n#include <algorithm>\nusing namespace std;\n\nchar f[10][21];\nint n, w[10], s[10], a[10], b[10];\nbool u[10];\n\nvoid dfs(int x, int tw, int m, double& maxg, double g) { // Pass maxg by reference\n    if (m == n) {\n        maxg = max(maxg, g);\n        if (maxg == g) {\n            for (int i = 0; i < n; i++) {\n                b[i] = a[i];\n            }\n        }\n        return;\n    }\n    \n    if (x >= n) {\n        return;\n    }\n    \n    if (!u[x] && tw <= s[x]) {\n        u[x] = true;\n        tw += w[x];\n        a[m] = x;\n        dfs(0, tw, m + 1, maxg, g + w[x] * (m + 1)); // Pass maxg\n        tw -= w[x];\n        u[x] = false;\n    }\n    \n    dfs(x + 1, tw, m, maxg, g);\n}\n\nint main() {\n    while (1) {\n        scanf("%d", &n);\n        if (!n) break;\n        for (int i = 0; i < n; i++) {\n            scanf("%s %d %d", f[i], &w[i], &s[i]);\n        }\n        fill(u, u + n, false);\n        double maxg = -1e9;\n        dfs(0, 0, 0, maxg, 0.);\n        for (int i = n - 1; i >= 0; i--) {\n            printf("%s\\n", f[b[i]]);\n        }\n    }\n    return 0;\n}') | LineLLMMutation(('source.cpp', 19), '#include <cstdio>\n#include <cfloat>\n#include <algorithm>\n#include <vector>\nusing namespace std;\n\nchar f[10][21];\nint n, w[10], s[10], b[10];\nbool u[10];\n\ndouble dfs(int x, int tw, int m, double maxg, double g) { // Return maxg instead of passing by reference\n    if (m == n) {\n        return max(maxg, g);\n    }\n    \n    if (x >= n) {\n        return maxg;\n    }\n    \n    if (!u[x] && tw <= s[x]) {\n        u[x] = true;\n        tw += w[x];\n        g += w[x] * (m + 1);\n        \n        maxg = dfs(0, tw, m + 1, maxg, g); // Pass maxg\n        tw -= w[x];\n        u[x] = false;\n    }\n    \n    return dfs(x + 1, tw, m, maxg, g);\n}\n\nint main() {\n    while (1) {\n        scanf("%d", &n);\n        if (!n) break;\n        for (int i = 0; i < n; i++) {\n            scanf("%s %d %d", f[i], &w[i], &s[i]);\n        }\n        fill(u, u + n, false);\n        double maxg = -1e9;\n        maxg = dfs(0, 0, 0, maxg, 0.); // Capture the returned maxg\n        vector<int> result;\n        for (int i = n - 1; i >= 0; i--) {\n            if (u[i]) {\n                result.push_back(i);\n            }\n        }\n        for (int i : result) {\n            printf("%s\\n", f[i]);\n        }\n    }\n    return 0;\n}')"
2025-02-24 19:43:59,914	[INFO]	Step: 30
2025-02-24 19:43:59,914	[INFO]	Stop Steps: 50
2025-02-24 19:44:00,580	[INFO]	2-1     TEST_CODE_ERROR       None (--) [1 edit(s)]  
2025-02-24 19:44:00,580	[DEBUG]	patch(2-1)="LineLLMMutation(('source.cpp', 20), '#include <cstdio>\n#include <cfloat>\n#include <vector>\n#include <utility>\n\nusing namespace std;\n\nchar f[10][21];\nint n, w[10], s[10], a[10], b[10];\nbool u[10];\ndouble maxg;\n\ndouble memo[10][101]; // Memoization array\n\nvoid dfs(int x, int tw, int m, double g) {\n  if (m == n) {\n    if (maxg < g) {\n      maxg = g;\n      for (int i = 0; i < n; i++) {\n        b[i] = a[i];\n      }\n    }\n    return;\n  }\n\n  if (x >= n) {\n    return;\n  }\n\n  if (!u[x] && tw <= s[x]) {\n    u[x] = true;\n    tw += w[x];\n    a[m] = x;\n    dfs(0, tw, m + 1, g + w[x] * (m + 1));\n    tw -= w[x];\n    u[x] = false;\n  }\n\n  // Check memoization\n  if (memo[x][tw] > g) {\n    return; // Skip if we already have a better score\n  }\n  memo[x][tw] = g; // Store the best score for this state\n\n  dfs(x + 1, tw, m, g);\n}\n\nint main() {\n  while (true) {\n    scanf("%d", &n);\n    if (!n) break;\n\n    for (int i = 0; i < n; i++) {\n      scanf("%s %d %d", f[i], &w[i], &s[i]);\n    }\n\n    for (int i = 0; i < n; i++) {\n      u[i] = false;\n    }\n\n    maxg = -DBL_MAX;\n    fill(&memo[0][0], &memo[0][0] + sizeof(memo) / sizeof(double), -DBL_MAX); // Initialize memo array\n\n    dfs(0, 0, 0, 0.);\n    for (int i = n - 1; i >= 0; i--) {\n      printf("%s\\n", f[b[i]]);\n    }\n  }\n\n  return 0;\n}')"
2025-02-24 19:44:00,580	[INFO]	Step: 31
2025-02-24 19:44:00,580	[INFO]	Stop Steps: 50
2025-02-24 19:44:01,889	[DEBUG]	EXEC>  SUCCESS 5182601.0
2025-02-24 19:44:01,889	[INFO]	REF     SUCCESS               5182601.00 (--) [0 edit(s)]  
2025-02-24 19:44:01,889	[INFO]	Best patch step: None
2025-02-24 19:45:21,736	[INFO]	Step: 31
2025-02-24 19:45:21,736	[INFO]	Stop Steps: 50
2025-02-24 19:45:22,268	[DEBUG]	EXEC>  SUCCESS 5182601.0
2025-02-24 19:45:22,268	[INFO]	3-2     SUCCESS              +5182601.00 (100.00%) [1 edit(s)]  
2025-02-24 19:45:22,268	[DEBUG]	patch(3-2)="LineLLMMutation(('source.cpp', 12), '#include <cstdio>\n#include <cfloat>\n#include <algorithm> // Include algorithm for std::fill\nusing namespace std;\n\nchar f[10][21];\nint n, w[10], s[10], a[10], b[10];\nbool u[10];\ndouble maxg;\n\nvoid dfs(int x, int tw, int m, double g) {\n    if (m == n) {\n        if (maxg < g) {\n            maxg = g;\n            for (int i = 0; i < n; i++) {\n                b[i] = a[i];\n            }\n        }\n        return;\n    }\n    \n    if (x >= n) {\n        return;\n    }\n    \n    if (!u[x] && tw <= s[x]) {\n        u[x] = true;\n        tw += w[x];\n        a[m] = x;\n        dfs(0, tw, m + 1, g + w[x] * (m + 1));\n        tw -= w[x];\n        u[x] = false;\n    }\n    \n    dfs(x + 1, tw, m, g);\n}\n\nint main() {\n    while (1) {\n        scanf("%d", &n);\n        if (!n) break;\n        for (int i = 0; i < n; i++) {\n            scanf("%s %d %d", f[i], &w[i], &s[i]);\n        }\n        fill(u, u + n, false); // Efficiently initialize u array\n        maxg = -1e9;\n        dfs(0, 0, 0, 0.);\n        for (int i = n - 1; i >= 0; i--) {\n            printf("%s\\n", f[b[i]]);\n        }\n    }\n    return 0;\n}')"
2025-02-24 19:45:22,268	[INFO]	Step: 32
2025-02-24 19:45:22,268	[INFO]	Stop Steps: 50
2025-02-24 19:45:22,853	[DEBUG]	EXEC>  SUCCESS 5250381.0
2025-02-24 19:45:22,853	[INFO]	3-3     SUCCESS               5250381.00 (101.31%) [1 edit(s)]  
2025-02-24 19:45:22,853	[DEBUG]	patch(3-3)="LineLLMCrossover(('source.cpp', 5), '#include <cstdio>\n#include <cfloat>\n#include <algorithm>\nusing namespace std;\n\nchar f[10][21];\nint n, w[10], s[10], a[10], b[10];\nbool u[10];\ndouble maxg;\n\nvoid dfs(int x, int tw, int m, double g) {\n    if (m == n) {\n        maxg = max(maxg, g);\n        if (maxg == g) {\n            for (int i = 0; i < n; i++) {\n                b[i] = a[i];\n            }\n        }\n        return;\n    }\n    \n    if (x >= n) {\n        return;\n    }\n    \n    if (!u[x] && tw <= s[x]) {\n        u[x] = true;\n        tw += w[x];\n        a[m] = x;\n        dfs(0, tw, m + 1, g + w[x] * (m + 1));\n        tw -= w[x];\n        u[x] = false;\n    }\n    \n    dfs(x + 1, tw, m, g);\n}\n\nint main() {\n    while (1) {\n        scanf("%d", &n);\n        if (!n) break;\n        for (int i = 0; i < n; i++) {\n            scanf("%s %d %d", f[i], &w[i], &s[i]);\n        }\n        fill(u, u + n, false); // Efficiently initialize u array\n        maxg = -1e9;\n        dfs(0, 0, 0, 0.);\n        for (int i = n - 1; i >= 0; i--) {\n            printf("%s\\n", f[b[i]]);\n        }\n    }\n    return 0;\n}')"
2025-02-24 19:45:22,853	[INFO]	Step: 33
2025-02-24 19:45:22,853	[INFO]	Stop Steps: 50
2025-02-24 19:45:23,589	[DEBUG]	EXEC>  SUCCESS 5182600.0
2025-02-24 19:45:23,589	[INFO]	3-4     SUCCESS              *5182600.00 (100.00%) [1 edit(s)]  
2025-02-24 19:45:23,589	[DEBUG]	patch(3-4)="LineLLMCrossover(('source.cpp', 8), '#include <cstdio>\n#include <cfloat>\n#include <algorithm>\nusing namespace std;\n\nchar f[10][21];\nint n, w[10], s[10], a[10], b[10];\nbool u[10];\ndouble maxg;\n\nvoid dfs(int x, int tw, int m, double g) {\n    if (m == n) {\n        if (maxg < g) {\n            maxg = g;\n            for (int i = 0; i < n; i++) {\n                b[i] = a[i];\n            }\n        }\n        return;\n    }\n    \n    if (x >= n) {\n        return;\n    }\n    \n    if (!u[x] && tw <= s[x]) {\n        u[x] = true;\n        tw += w[x];\n        a[m] = x;\n        dfs(0, tw, m + 1, g + w[x] * (m + 1));\n        tw -= w[x];\n        u[x] = false;\n    }\n    \n    dfs(x + 1, tw, m, g);\n}\n\nint main() {\n    while (1) {\n        scanf("%d", &n);\n        if (!n) break;\n        for (int i = 0; i < n; i++) {\n            scanf("%s %d %d", f[i], &w[i], &s[i]);\n        }\n        fill(u, u + n, false);\n        maxg = -1e9;\n        dfs(0, 0, 0, 0.);\n        for (int i = n - 1; i >= 0; i--) {\n            printf("%s\\n", f[b[i]]);\n        }\n    }\n    return 0;\n}')"

2025-02-24 19:45:23,589	[INFO]	Step: 34
2025-02-24 19:45:23,589	[INFO]	Stop Steps: 50
2025-02-24 19:45:24,114	[DEBUG]	EXEC>  SUCCESS 5261814.0
2025-02-24 19:45:24,114	[INFO]	3-5     SUCCESS               5261814.00 (101.53%) [1 edit(s)]  
2025-02-24 19:45:24,114	[DEBUG]	patch(3-5)="LineLLMCrossover(('source.cpp', 9), '#include <cstdio>\n#include <cfloat>\n#include <algorithm>\nusing namespace std;\n\nchar f[10][21];\nint n, w[10], s[10], a[10], b[10];\nbool u[10];\ndouble maxg;\n\nvoid dfs(int x, int tw, int m, double& maxg, double g) {\n    if (m == n) {\n        if (maxg < g) {\n            maxg = g;\n            for (int i = 0; i < n; i++) {\n                b[i] = a[i];\n            }\n        }\n        return;\n    }\n    \n    if (x >= n) {\n        return;\n    }\n    \n    if (!u[x] && tw <= s[x]) {\n        u[x] = true;\n        tw += w[x];\n        a[m] = x;\n        dfs(0, tw, m + 1, maxg, g + w[x] * (m + 1));\n        tw -= w[x];\n        u[x] = false;\n    }\n    \n    dfs(x + 1, tw, m, maxg, g);\n}\n\nint main() {\n    while (1) {\n        scanf("%d", &n);\n        if (!n) break;\n        for (int i = 0; i < n; i++) {\n            scanf("%s %d %d", f[i], &w[i], &s[i]);\n        }\n        fill(u, u + n, false);\n        double maxg = -1e9;\n        dfs(0, 0, 0, maxg, 0.);\n        for (int i = n - 1; i >= 0; i--) {\n            printf("%s\\n", f[b[i]]);\n        }\n    }\n    return 0;\n}')"
2025-02-24 19:45:24,114	[INFO]	Step: 35
2025-02-24 19:45:24,114	[INFO]	Stop Steps: 50
2025-02-24 19:45:24,652	[DEBUG]	EXEC>  SUCCESS 5250473.0
2025-02-24 19:45:24,653	[INFO]	3-6     SUCCESS               5250473.00 (101.31%) [1 edit(s)]  
2025-02-24 19:45:24,653	[DEBUG]	patch(3-6)="LineLLMCrossover(('source.cpp', 10), '#include <cstdio>\n#include <cfloat>\n#include <algorithm>\nusing namespace std;\n\nchar f[10][21];\nint n, w[10], s[10], a[10], b[10];\nbool u[10];\ndouble maxg;\n\nvoid dfs(int x, int tw, int m, double g) {\n    if (m == n) {\n        maxg = max(maxg, g);\n        if (maxg == g) {\n            for (int i = 0; i < n; i++) {\n                b[i] = a[i];\n            }\n        }\n        return;\n    }\n    \n    if (x >= n) {\n        return;\n    }\n    \n    if (!u[x] && tw <= s[x]) {\n        u[x] = true;\n        tw += w[x];\n        a[m] = x;\n        dfs(0, tw, m + 1, g + w[x] * (m + 1));\n        tw -= w[x];\n        u[x] = false;\n    }\n    \n    dfs(x + 1, tw, m, g);\n}\n\nint main() {\n    while (1) {\n        scanf("%d", &n);\n        if (!n) break;\n        for (int i = 0; i < n; i++) {\n            scanf("%s %d %d", f[i], &w[i], &s[i]);\n        }\n        fill(u, u + n, false);\n        maxg = -1e9;\n        dfs(0, 0, 0, 0.);\n        for (int i = n - 1; i >= 0; i--) {\n            printf("%s\\n", f[b[i]]);\n        }\n    }\n    return 0;\n}')"
2025-02-24 19:45:24,653	[INFO]	Step: 36
2025-02-24 19:45:24,653	[INFO]	Stop Steps: 50
2025-02-24 19:45:25,172	[DEBUG]	EXEC>  SUCCESS 5182597.5
2025-02-24 19:45:25,172	[INFO]	3-7     SUCCESS              *5182597.50 (100.00%) [1 edit(s)]  
2025-02-24 19:45:25,172	[DEBUG]	patch(3-7)="LineLLMCrossover(('source.cpp', 11), '#include <cstdio>\n#include <cfloat>\n#include <algorithm>\nusing namespace std;\n\nchar f[10][21];\nint n, w[10], s[10], a[10], b[10];\nbool u[10];\ndouble maxg;\n\nvoid dfs(int x, int tw, int m, double g) {\n    if (m == n) {\n        if (maxg < g) {\n            maxg = g;\n            for (int i = 0; i < n; i++) {\n                b[i] = a[i];\n            }\n        }\n        return;\n    }\n    \n    if (x >= n) {\n        return;\n    }\n    \n    if (!u[x] && tw <= s[x]) {\n        u[x] = true;\n        tw += w[x];\n        a[m] = x;\n        dfs(0, tw, m + 1, g + w[x] * (m + 1));\n        tw -= w[x];\n        u[x] = false;\n    }\n    \n    dfs(x + 1, tw, m, g);\n}\n\nint main() {\n    while (1) {\n        scanf("%d", &n);\n        if (!n) break;\n        for (int i = 0; i < n; i++) {\n            scanf("%s %d %d", f[i], &w[i], &s[i]);\n        }\n        fill(u, u + n, false);\n        double maxg = -1e9;\n        dfs(0, 0, 0, 0.);\n        for (int i = n - 1; i >= 0; i--) {\n            printf("%s\\n", f[b[i]]);\n        }\n    }\n    return 0;\n}')"

2025-02-24 19:45:25,172	[INFO]	Step: 37
2025-02-24 19:45:25,172	[INFO]	Stop Steps: 50
2025-02-24 19:45:25,675	[INFO]	3-8     TEST_CODE_ERROR       None (--) [2 edit(s)]  
2025-02-24 19:45:25,675	[DEBUG]	patch(3-8)="LineLLMMutation(('source.cpp', 12), '#include <cstdio>\n#include <cfloat>\n#include <algorithm> // Include algorithm for std::fill\nusing namespace std;\n\nchar f[10][21];\nint n, w[10], s[10], a[10], b[10];\nbool u[10];\ndouble maxg;\n\nvoid dfs(int x, int tw, int m, double g) {\n    if (m == n) {\n        if (maxg < g) {\n            maxg = g;\n            for (int i = 0; i < n; i++) {\n                b[i] = a[i];\n            }\n        }\n        return;\n    }\n    \n    if (x >= n) {\n        return;\n    }\n    \n    if (!u[x] && tw <= s[x]) {\n        u[x] = true;\n        tw += w[x];\n        a[m] = x;\n        dfs(0, tw, m + 1, g + w[x] * (m + 1));\n        tw -= w[x];\n        u[x] = false;\n    }\n    \n    dfs(x + 1, tw, m, g);\n}\n\nint main() {\n    while (1) {\n        scanf("%d", &n);\n        if (!n) break;\n        for (int i = 0; i < n; i++) {\n            scanf("%s %d %d", f[i], &w[i], &s[i]);\n        }\n        fill(u, u + n, false); // Efficiently initialize u array\n        maxg = -1e9;\n        dfs(0, 0, 0, 0.);\n        for (int i = n - 1; i >= 0; i--) {\n            printf("%s\\n", f[b[i]]);\n        }\n    }\n    return 0;\n}') | LineLLMMutation(('source.cpp', 21), '#include <cstdio>\n#include <cfloat>\n#include <algorithm>\nusing namespace std;\n\nchar f[10][21];\nint n, w[10], s[10], a[10], b[10];\ndouble maxg;\n\nvoid dfs(int x, int tw, int m, double g, int used) {\n    if (m == n) {\n        if (maxg < g) {\n            maxg = g;\n            for (int i = 0; i < n; i++) {\n                if (used & (1 << i)) {\n                    b[m] = a[i];\n                }\n            }\n        }\n        return;\n    }\n    \n    if (x >= n) {\n        return;\n    }\n    \n    if (!(used & (1 << x)) && tw <= s[x]) { // Check if x is not used\n        used |= (1 << x); // Mark x as used\n        tw += w[x];\n        a[m] = x;\n        dfs(0, tw, m + 1, g + w[x] * (m + 1), used);\n        tw -= w[x];\n        used &= ~(1 << x); // Unmark x\n    }\n    \n    dfs(x + 1, tw, m, g, used);\n}\n\nint main() {\n    while (1) {\n        scanf("%d", &n);\n        if (!n) break;\n        for (int i = 0; i < n; i++) {\n            scanf("%s %d %d", f[i], &w[i], &s[i]);\n        }\n        maxg = -1e9;\n        dfs(0, 0, 0, 0., 0); // Initialize used as 0\n        for (int i = n - 1; i >= 0; i--) {\n            printf("%s\\n", f[b[i]]);\n        }\n    }\n    return 0;\n}')"
2025-02-24 19:45:25,676	[INFO]	Step: 38
2025-02-24 19:45:25,676	[INFO]	Stop Steps: 50
2025-02-24 19:45:56,174	[INFO]	3-9     TEST_TIMEOUT          None (--) [2 edit(s)]  
2025-02-24 19:45:56,175	[DEBUG]	patch(3-9)="LineLLMCrossover(('source.cpp', 5), '#include <cstdio>\n#include <cfloat>\n#include <algorithm>\nusing namespace std;\n\nchar f[10][21];\nint n, w[10], s[10], a[10], b[10];\nbool u[10];\ndouble maxg;\n\nvoid dfs(int x, int tw, int m, double g) {\n    if (m == n) {\n        maxg = max(maxg, g);\n        if (maxg == g) {\n            for (int i = 0; i < n; i++) {\n                b[i] = a[i];\n            }\n        }\n        return;\n    }\n    \n    if (x >= n) {\n        return;\n    }\n    \n    if (!u[x] && tw <= s[x]) {\n        u[x] = true;\n        tw += w[x];\n        a[m] = x;\n        dfs(0, tw, m + 1, g + w[x] * (m + 1));\n        tw -= w[x];\n        u[x] = false;\n    }\n    \n    dfs(x + 1, tw, m, g);\n}\n\nint main() {\n    while (1) {\n        scanf("%d", &n);\n        if (!n) break;\n        for (int i = 0; i < n; i++) {\n            scanf("%s %d %d", f[i], &w[i], &s[i]);\n        }\n        fill(u, u + n, false); // Efficiently initialize u array\n        maxg = -1e9;\n        dfs(0, 0, 0, 0.);\n        for (int i = n - 1; i >= 0; i--) {\n            printf("%s\\n", f[b[i]]);\n        }\n    }\n    return 0;\n}') | LineLLMMutation(('source.cpp', 22), '#include <cstdio>\n#include <cfloat>\n#include <algorithm>\nusing namespace std;\n\nchar f[10][21];\nint n, w[10], s[10], b[10];\ndouble maxg;\n\nvoid dfs(int mask, int tw, int m, double g) {\n    if (m == n) {\n        maxg = max(maxg, g);\n        if (maxg == g) {\n            for (int i = 0; i < n; i++) {\n                if (mask & (1 << i)) {\n                    b[i] = i; // Store selected item\n                }\n            }\n        }\n        return;\n    }\n    \n    for (int x = 0; x < n; x++) {\n        if (!(mask & (1 << x)) && tw <= s[x]) {\n            dfs(mask | (1 << x), tw + w[x], m + 1, g + w[x] * (m + 1));\n        }\n    }\n    // Also consider not selecting any item\n    dfs(mask, tw, m, g);\n}\n\nint main() {\n    while (1) {\n        scanf("%d", &n);\n        if (!n) break;\n        for (int i = 0; i < n; i++) {\n            scanf("%s %d %d", f[i], &w[i], &s[i]);\n        }\n        maxg = -1e9;\n        dfs(0, 0, 0, 0.);\n        for (int i = n - 1; i >= 0; i--) {\n            printf("%s\\n", f[b[i]]);\n        }\n    }\n    return 0;\n}')"
2025-02-24 19:45:56,175	[INFO]	Step: 39
2025-02-24 19:45:56,175	[INFO]	Stop Steps: 50
2025-02-24 19:45:56,793	[INFO]	3-10    TEST_CODE_ERROR       None (--) [2 edit(s)]  
2025-02-24 19:45:56,793	[DEBUG]	patch(3-10)="LineLLMMutation(('source.cpp', 13), '#include <cstdio>\n#include <cfloat>\n#include <algorithm>\nusing namespace std;\n\nchar f[10][21];\nint n, w[10], s[10], a[10], b[10];\nbool u[10];\ndouble maxg;\n\nvoid dfs(int x, int tw, int m, double g) {\n    if (m == n) {\n        maxg = max(maxg, g); // Use max function directly\n        if (maxg == g) {\n            for (int i = 0; i < n; i++) {\n                b[i] = a[i];\n            }\n        }\n        return;\n    }\n    \n    if (x >= n) {\n        return;\n    }\n    \n    if (!u[x] && tw <= s[x]) {\n        u[x] = true;\n        tw += w[x];\n        a[m] = x;\n        dfs(0, tw, m + 1, g + w[x] * (m + 1));\n        tw -= w[x];\n        u[x] = false;\n    }\n    \n    dfs(x + 1, tw, m, g);\n}\n\nint main() {\n    while (1) {\n        scanf("%d", &n);\n        if (!n) break;\n        for (int i = 0; i < n; i++) {\n            scanf("%s %d %d", f[i], &w[i], &s[i]);\n        }\n        fill(u, u + n, false);\n        maxg = -1e9;\n        dfs(0, 0, 0, 0.);\n        for (int i = n - 1; i >= 0; i--) {\n            printf("%s\\n", f[b[i]]);\n        }\n    }\n    return 0;\n}') | LineLLMMutation(('source.cpp', 23), '#include <cstdio>\n#include <cfloat>\n#include <algorithm>\nusing namespace std;\n\nchar f[10][21];\nint n, w[10], s[10], a[10], b[10];\nbool u[10];\ndouble maxg;\n\nstruct Item {\n    int weight;\n    int strength;\n    char name[21];\n};\n\n// Comparator to sort items based on weight-to-strength ratio\nbool compare(Item &i1, Item &i2) {\n    return (double)i1.weight / i1.strength > (double)i2.weight / i2.strength;\n}\n\nvoid dfs(int x, int tw, int m, double g) {\n    if (m == n) {\n        maxg = max(maxg, g);\n        if (maxg == g) {\n            for (int i = 0; i < n; i++) {\n                b[i] = a[i];\n            }\n        }\n        return;\n    }\n\n    if (x >= n) {\n        return;\n    }\n\n    if (!u[x] && tw <= s[x]) {\n        u[x] = true;\n        tw += w[x];\n        a[m] = x;\n        dfs(0, tw, m + 1, g + w[x] * (m + 1));\n        tw -= w[x];\n        u[x] = false;\n    }\n\n    dfs(x + 1, tw, m, g);\n}\n\nint main() {\n    while (1) {\n        scanf("%d", &n);\n        if (!n) break;\n        Item items[10];\n        for (int i = 0; i < n; i++) {\n            scanf("%s %d %d", items[i].name, &items[i].weight, &items[i].strength);\n        }\n\n        // Sort items based on weight-to-strength ratio\n        sort(items, items + n, compare);\n\n        fill(u, u + n, false);\n        maxg = -1e9;\n        dfs(0, 0, 0, 0.);\n        for (int i = n - 1; i >= 0; i--) {\n            printf("%s\\n", items[b[i]].name);\n        }\n    }\n    return 0;\n}')"
2025-02-24 19:45:56,793	[INFO]	Step: 40
2025-02-24 19:45:56,793	[INFO]	Stop Steps: 50
2025-02-24 19:45:57,527	[INFO]	3-1     TEST_CODE_ERROR       None (--) [2 edit(s)]  
2025-02-24 19:45:57,527	[DEBUG]	patch(3-1)="LineLLMCrossover(('source.cpp', 7), '#include <cstdio>\n#include <cfloat>\n#include <algorithm>\nusing namespace std;\n\nchar f[10][21];\nint n, w[10], s[10], a[10], b[10];\nbool u[10];\ndouble maxg;\n\nvoid dfs(int x, int tw, int m, double& maxg, double g) { \n    if (m == n) {\n        if (maxg < g) {\n            maxg = g;\n            for (int i = 0; i < n; i++) {\n                b[i] = a[i];\n            }\n        }\n        return;\n    }\n\n    if (x >= n) {\n        return;\n    }\n\n    if (!u[x] && tw <= s[x]) {\n        u[x] = true;\n        tw += w[x];\n        a[m] = x;\n        dfs(0, tw, m + 1, maxg, g + w[x] * (m + 1));\n        tw -= w[x];\n        u[x] = false;\n    }\n\n    dfs(x + 1, tw, m, maxg, g);\n}\n\nint main() {\n    while (1) {\n        scanf("%d", &n);\n        if (!n) break;\n        for (int i = 0; i < n; i++) {\n            scanf("%s %d %d", f[i], &w[i], &s[i]);\n        }\n        fill(u, u + n, false);\n        double maxg = -1e9;\n        dfs(0, 0, 0, maxg, 0.);\n        for (int i = n - 1; i >= 0; i--) {\n            printf("%s\\n", f[b[i]]);\n        }\n    }\n    return 0;\n}') | LineLLMMutation(('source.cpp', 24), '#include <cstdio>\n#include <cfloat>\n#include <algorithm>\n#include <stack>\nusing namespace std;\n\nchar f[10][21];\nint n, w[10], s[10], a[10], b[10];\nbool u[10];\ndouble maxg;\n\nvoid iterative_dfs(double& maxg) {\n    stack<tuple<int, int, int, double>> stk; // (x, tw, m, g)\n    stk.push({0, 0, 0, 0.0});\n\n    while (!stk.empty()) {\n        auto [x, tw, m, g] = stk.top();\n        stk.pop();\n\n        if (m == n) {\n            if (maxg < g) {\n                maxg = g;\n                for (int i = 0; i < n; i++) {\n                    b[i] = a[i];\n                }\n            }\n            continue;\n        }\n\n        if (x >= n) {\n            continue;\n        }\n\n        if (!u[x] && tw <= s[x]) {\n            u[x] = true;\n            tw += w[x];\n            a[m] = x;\n            stk.push({0, tw, m + 1, g + w[x] * (m + 1)});\n            tw -= w[x];\n            u[x] = false;\n        }\n\n        stk.push({x + 1, tw, m, g});\n    }\n}\n\nint main() {\n    while (1) {\n        scanf("%d", &n);\n        if (!n) break;\n        for (int i = 0; i < n; i++) {\n            scanf("%s %d %d", f[i], &w[i], &s[i]);\n        }\n        fill(u, u + n, false);\n        double maxg = -1e9;\n        iterative_dfs(maxg);\n        for (int i = n - 1; i >= 0; i--) {\n            printf("%s\\n", f[b[i]]);\n        }\n    }\n    return 0;\n}')"
2025-02-24 19:45:57,527	[INFO]	Step: 41
2025-02-24 19:45:57,527	[INFO]	Stop Steps: 50
2025-02-24 19:45:57,819	[DEBUG]	EXEC>  SUCCESS 5182601.5
2025-02-24 19:45:57,819	[INFO]	3-2     SUCCESS               5182601.50 (100.00%) [1 edit(s)]  
2025-02-24 19:45:57,819	[DEBUG]	patch(3-2)="LineLLMMutation(('source.cpp', 25), '#include <cstdio>\n#include <cfloat>\nusing namespace std;\n\nchar f[10][21];\nint n, w[10], s[10], a[10], b[10];\nbool u[10];\ndouble maxg;\n\nvoid dfs(int x, int tw, int m, double g) {\n    if (m == n) {\n        if (maxg < g) {\n            maxg = g;\n            for (int i = 0; i < n; i++) {\n                b[i] = a[i];\n            }\n        }\n        return;\n    }\n    if (x >= n) {\n        return;\n    }\n    if (!u[x] && tw <= s[x]) {\n        u[x] = true;\n        tw += w[x];\n        a[m] = x;\n        dfs(0, tw, m + 1, g + w[x] * (m + 1));\n        tw -= w[x];\n        u[x] = false;\n    }\n    dfs(x + 1, tw, m, g);\n}\n\nint main() {\n    while (1) {\n        scanf("%d", &n);\n        if (!n) break;\n        for (int i = 0; i < n; i++) {\n            scanf("%s %d %d", f[i], &w[i], &s[i]);\n        }\n        for (int i = 0; i < n; i++) {\n            u[i] = false;\n        }\n        maxg = -DBL_MAX;\n        dfs(0, 0, 0, 0.);\n        for (int i = n - 1; i >= 0; i--) {\n            printf("%s\\n", f[b[i]]);\n        }\n    }\n    return 0;\n}')"
2025-02-24 19:45:57,819	[INFO]	Step: 42
2025-02-24 19:45:57,820	[INFO]	Stop Steps: 50
2025-02-24 19:45:59,230	[DEBUG]	EXEC>  SUCCESS 5182600.5
2025-02-24 19:45:59,230	[INFO]	REF     SUCCESS               5182600.50 (--) [0 edit(s)]  
2025-02-24 19:45:59,230	[INFO]	Best patch: 11
2025-02-24 19:45:59,751	[DEBUG]	EXEC>  SUCCESS 5182597.5
2025-02-24 19:45:59,752	[INFO]	BEST    SUCCESS              *5182597.50 (100.00%) [0 edit(s)]  
2025-02-24 19:45:59,752	[INFO]	Best patch step: 36
2025-02-24 19:47:10,836	[INFO]	Step: 42
2025-02-24 19:47:10,836	[INFO]	Stop Steps: 50
2025-02-24 19:47:11,380	[DEBUG]	EXEC>  SUCCESS 5182596.0
2025-02-24 19:47:11,380	[INFO]	4-3     SUCCESS              *5182596.00 (100.00%) [1 edit(s)]  
2025-02-24 19:47:11,380	[DEBUG]	patch(4-3)="LineLLMCrossover(('source.cpp', 11), '#include <cstdio>\n#include <cfloat>\n#include <algorithm>\nusing namespace std;\n\nchar f[10][21];\nint n, w[10], s[10], a[10], b[10];\nbool u[10];\ndouble maxg;\n\nvoid dfs(int x, int tw, int m, double g) {\n    if (m == n) {\n        if (maxg < g) {\n            maxg = g;\n            for (int i = 0; i < n; i++) {\n                b[i] = a[i];\n            }\n        }\n        return;\n    }\n    \n    if (x >= n) {\n        return;\n    }\n    \n    if (!u[x] && tw <= s[x]) {\n        u[x] = true;\n        tw += w[x];\n        a[m] = x;\n        dfs(0, tw, m + 1, g + w[x] * (m + 1));\n        tw -= w[x];\n        u[x] = false;\n    }\n    \n    dfs(x + 1, tw, m, g);\n}\n\nint main() {\n    while (1) {\n        scanf("%d", &n);\n        if (!n) break;\n        for (int i = 0; i < n; i++) {\n            scanf("%s %d %d", f[i], &w[i], &s[i]);\n        }\n        fill(u, u + n, false);\n        double maxg = -1e9;\n        dfs(0, 0, 0, 0.);\n        for (int i = n - 1; i >= 0; i--) {\n            printf("%s\\n", f[b[i]]);\n        }\n    }\n    return 0;\n}')"

2025-02-24 19:47:11,380	[INFO]	Step: 43
2025-02-24 19:47:11,380	[INFO]	Stop Steps: 50
2025-02-24 19:47:11,973	[DEBUG]	EXEC>  SUCCESS 5182613.5
2025-02-24 19:47:11,973	[INFO]	4-4     SUCCESS               5182613.50 (100.00%) [1 edit(s)]  
2025-02-24 19:47:11,973	[DEBUG]	patch(4-4)="LineLLMCrossover(('source.cpp', 8), '#include <cstdio>\n#include <cfloat>\n#include <algorithm>\nusing namespace std;\n\nchar f[10][21];\nint n, w[10], s[10], a[10], b[10];\nbool u[10];\ndouble maxg;\n\nvoid dfs(int x, int tw, int m, double g) {\n    if (m == n) {\n        if (maxg < g) {\n            maxg = g;\n            for (int i = 0; i < n; i++) {\n                b[i] = a[i];\n            }\n        }\n        return;\n    }\n    \n    if (x >= n) {\n        return;\n    }\n    \n    if (!u[x] && tw <= s[x]) {\n        u[x] = true;\n        tw += w[x];\n        a[m] = x;\n        dfs(0, tw, m + 1, g + w[x] * (m + 1));\n        tw -= w[x];\n        u[x] = false;\n    }\n    \n    dfs(x + 1, tw, m, g);\n}\n\nint main() {\n    while (1) {\n        scanf("%d", &n);\n        if (!n) break;\n        for (int i = 0; i < n; i++) {\n            scanf("%s %d %d", f[i], &w[i], &s[i]);\n        }\n        fill(u, u + n, false);\n        maxg = -1e9;\n        dfs(0, 0, 0, 0.);\n        for (int i = n - 1; i >= 0; i--) {\n            printf("%s\\n", f[b[i]]);\n        }\n    }\n    return 0;\n}')"
2025-02-24 19:47:11,973	[INFO]	Step: 44
2025-02-24 19:47:11,973	[INFO]	Stop Steps: 50
2025-02-24 19:47:12,510	[DEBUG]	EXEC>  SUCCESS 5182690.5
2025-02-24 19:47:12,511	[INFO]	4-5     SUCCESS               5182690.50 (100.00%) [1 edit(s)]  
2025-02-24 19:47:12,511	[DEBUG]	patch(4-5)="LineLLMCrossover(('source.cpp', 12), '#include <cstdio>\n#include <cfloat>\n#include <algorithm>\nusing namespace std;\n\nchar f[10][21];\nint n, w[10], s[10], a[10], b[10];\nbool u[10];\ndouble maxg;\n\nvoid dfs(int x, int tw, int m, double g) {\n    if (m == n) {\n        if (maxg < g) {\n            maxg = g;\n            for (int i = 0; i < n; i++) {\n                b[i] = a[i];\n            }\n        }\n        return;\n    }\n    \n    if (x >= n) {\n        return;\n    }\n    \n    if (!u[x] && tw <= s[x]) {\n        u[x] = true;\n        tw += w[x];\n        a[m] = x;\n        dfs(0, tw, m + 1, g + w[x] * (m + 1));\n        tw -= w[x];\n        u[x] = false;\n    }\n    \n    dfs(x + 1, tw, m, g);\n}\n\nint main() {\n    while (1) {\n        scanf("%d", &n);\n        if (!n) break;\n        for (int i = 0; i < n; i++) {\n            scanf("%s %d %d", f[i], &w[i], &s[i]);\n        }\n        fill(u, u + n, false);\n        maxg = -DBL_MAX;\n        dfs(0, 0, 0, 0.);\n        for (int i = n - 1; i >= 0; i--) {\n            printf("%s\\n", f[b[i]]);\n        }\n    }\n    return 0;\n}')"
2025-02-24 19:47:12,511	[INFO]	Step: 45
2025-02-24 19:47:12,511	[INFO]	Stop Steps: 50
2025-02-24 19:47:13,022	[DEBUG]	EXEC>  SUCCESS 5182601.5
2025-02-24 19:47:13,022	[INFO]	4-6     SUCCESS               5182601.50 (100.00%) [1 edit(s)]  
2025-02-24 19:47:13,022	[DEBUG]	patch(4-6)="LineLLMCrossover(('source.cpp', 13), '#include <cstdio>\n#include <cfloat>\n#include <algorithm>\nusing namespace std;\n\nchar f[10][21];\nint n, w[10], s[10], a[10], b[10];\nbool u[10];\ndouble maxg;\n\nvoid dfs(int x, int tw, int m, double g) {\n    if (m == n) {\n        if (maxg < g) {\n            maxg = g;\n            for (int i = 0; i < n; i++) {\n                b[i] = a[i];\n            }\n        }\n        return;\n    }\n    \n    if (x >= n) {\n        return;\n    }\n    \n    if (!u[x] && tw <= s[x]) {\n        u[x] = true;\n        tw += w[x];\n        a[m] = x;\n        dfs(0, tw, m + 1, g + w[x] * (m + 1));\n        tw -= w[x];\n        u[x] = false;\n    }\n    \n    dfs(x + 1, tw, m, g);\n}\n\nint main() {\n    while (1) {\n        scanf("%d", &n);\n        if (!n) break;\n        for (int i = 0; i < n; i++) {\n            scanf("%s %d %d", f[i], &w[i], &s[i]);\n        }\n        for (int i = 0; i < n; i++) {\n            u[i] = false;\n        }\n        maxg = -DBL_MAX;\n        dfs(0, 0, 0, 0.);\n        for (int i = n - 1; i >= 0; i--) {\n            printf("%s\\n", f[b[i]]);\n        }\n    }\n    return 0;\n}')"
2025-02-24 19:47:13,022	[INFO]	Step: 46
2025-02-24 19:47:13,022	[INFO]	Stop Steps: 50
2025-02-24 19:47:13,603	[DEBUG]	EXEC>  SUCCESS 5182599.5
2025-02-24 19:47:13,603	[INFO]	4-7     SUCCESS               5182599.50 (100.00%) [1 edit(s)]  
2025-02-24 19:47:13,603	[DEBUG]	patch(4-7)="LineLLMCrossover(('source.cpp', 14), '#include <cstdio>\n#include <cfloat>\n#include <algorithm>\nusing namespace std;\n\nchar f[10][21];\nint n, w[10], s[10], a[10], b[10];\nbool u[10];\ndouble maxg;\n\nvoid dfs(int x, int tw, int m, double g) {\n    if (m == n) {\n        if (maxg < g) {\n            maxg = g;\n            for (int i = 0; i < n; i++) {\n                b[i] = a[i];\n            }\n        }\n        return;\n    }\n    \n    if (x >= n) {\n        return;\n    }\n    \n    if (!u[x] && tw <= s[x]) {\n        u[x] = true;\n        tw += w[x];\n        a[m] = x;\n        dfs(0, tw, m + 1, g + w[x] * (m + 1));\n        tw -= w[x];\n        u[x] = false;\n    }\n    \n    dfs(x + 1, tw, m, g);\n}\n\nint main() {\n    while (1) {\n        scanf("%d", &n);\n        if (!n) break;\n        for (int i = 0; i < n; i++) {\n            scanf("%s %d %d", f[i], &w[i], &s[i]);\n        }\n        fill(u, u + n, false);\n        maxg = -DBL_MAX;\n        dfs(0, 0, 0, 0.);\n        for (int i = n - 1; i >= 0; i--) {\n            printf("%s\\n", f[b[i]]);\n        }\n    }\n    return 0;\n}')"
2025-02-24 19:47:13,604	[INFO]	Step: 47
2025-02-24 19:47:13,604	[INFO]	Stop Steps: 50
2025-02-24 19:47:14,160	[DEBUG]	EXEC>  SUCCESS 5182600.0
2025-02-24 19:47:14,160	[INFO]	4-8     SUCCESS               5182600.00 (100.00%) [1 edit(s)]  
2025-02-24 19:47:14,160	[DEBUG]	patch(4-8)="LineLLMCrossover(('source.cpp', 15), '#include <cstdio>\n#include <cfloat>\n#include <algorithm>\nusing namespace std;\n\nchar f[10][21];\nint n, w[10], s[10], a[10], b[10];\nbool u[10];\ndouble maxg;\n\nvoid dfs(int x, int tw, int m, double g) {\n    if (m == n) {\n        if (maxg < g) {\n            maxg = g;\n            for (int i = 0; i < n; i++) {\n                b[i] = a[i];\n            }\n        }\n        return;\n    }\n    \n    if (x >= n) {\n        return;\n    }\n    \n    if (!u[x] && tw <= s[x]) {\n        u[x] = true;\n        tw += w[x];\n        a[m] = x;\n        dfs(0, tw, m + 1, g + w[x] * (m + 1));\n        tw -= w[x];\n        u[x] = false;\n    }\n    \n    dfs(x + 1, tw, m, g);\n}\n\nint main() {\n    while (1) {\n        scanf("%d", &n);\n        if (!n) break;\n        for (int i = 0; i < n; i++) {\n            scanf("%s %d %d", f[i], &w[i], &s[i]);\n        }\n        fill(u, u + n, false);\n        maxg = -DBL_MAX;\n        dfs(0, 0, 0, 0.);\n        for (int i = n - 1; i >= 0; i--) {\n            printf("%s\\n", f[b[i]]);\n        }\n    }\n    return 0;\n}')"
2025-02-24 19:47:14,160	[INFO]	Step: 48
2025-02-24 19:47:14,160	[INFO]	Stop Steps: 50
2025-02-24 19:47:14,928	[INFO]	4-9     TEST_CODE_ERROR       None (--) [2 edit(s)]  
2025-02-24 19:47:14,928	[DEBUG]	patch(4-9)="LineLLMCrossover(('source.cpp', 11), '#include <cstdio>\n#include <cfloat>\n#include <algorithm>\nusing namespace std;\n\nchar f[10][21];\nint n, w[10], s[10], a[10], b[10];\nbool u[10];\ndouble maxg;\n\nvoid dfs(int x, int tw, int m, double g) {\n    if (m == n) {\n        if (maxg < g) {\n            maxg = g;\n            for (int i = 0; i < n; i++) {\n                b[i] = a[i];\n            }\n        }\n        return;\n    }\n    \n    if (x >= n) {\n        return;\n    }\n    \n    if (!u[x] && tw <= s[x]) {\n        u[x] = true;\n        tw += w[x];\n        a[m] = x;\n        dfs(0, tw, m + 1, g + w[x] * (m + 1));\n        tw -= w[x];\n        u[x] = false;\n    }\n    \n    dfs(x + 1, tw, m, g);\n}\n\nint main() {\n    while (1) {\n        scanf("%d", &n);\n        if (!n) break;\n        for (int i = 0; i < n; i++) {\n            scanf("%s %d %d", f[i], &w[i], &s[i]);\n        }\n        fill(u, u + n, false);\n        double maxg = -1e9;\n        dfs(0, 0, 0, 0.);\n        for (int i = n - 1; i >= 0; i--) {\n            printf("%s\\n", f[b[i]]);\n        }\n    }\n    return 0;\n}') | LineLLMMutation(('source.cpp', 26), '#include <cstdio>\n#include <cfloat>\n#include <algorithm>\n#include <stack>\nusing namespace std;\n\nchar f[10][21];\nint n, w[10], s[10], a[10], b[10];\nbool u[10];\ndouble maxg;\n\nvoid iterative_dfs() {\n    stack<tuple<int, int, int, double>> stk;\n    stk.emplace(0, 0, 0, 0.0);\n    double maxg = -1e9;\n\n    while (!stk.empty()) {\n        auto [x, tw, m, g] = stk.top();\n        stk.pop();\n\n        if (m == n) {\n            if (maxg < g) {\n                maxg = g;\n                for (int i = 0; i < n; i++) {\n                    b[i] = a[i];\n                }\n            }\n            continue;\n        }\n\n        if (x >= n) {\n            continue;\n        }\n\n        if (!u[x] && tw <= s[x]) {\n            u[x] = true;\n            tw += w[x];\n            a[m] = x;\n            stk.emplace(0, tw, m + 1, g + w[x] * (m + 1));\n            tw -= w[x];\n            u[x] = false;\n        }\n\n        stk.emplace(x + 1, tw, m, g);\n    }\n}\n\nint main() {\n    while (1) {\n        scanf("%d", &n);\n        if (!n) break;\n        for (int i = 0; i < n; i++) {\n            scanf("%s %d %d", f[i], &w[i], &s[i]);\n        }\n        fill(u, u + n, false);\n        iterative_dfs();\n        for (int i = n - 1; i >= 0; i--) {\n            printf("%s\\n", f[b[i]]);\n        }\n    }\n    return 0;\n}')"
2025-02-24 19:47:14,928	[INFO]	Step: 49
2025-02-24 19:47:14,928	[INFO]	Stop Steps: 50
2025-02-24 19:47:45,427	[INFO]	4-10    TEST_TIMEOUT          None (--) [2 edit(s)]  
2025-02-24 19:47:45,427	[DEBUG]	patch(4-10)="LineLLMCrossover(('source.cpp', 8), '#include <cstdio>\n#include <cfloat>\n#include <algorithm>\nusing namespace std;\n\nchar f[10][21];\nint n, w[10], s[10], a[10], b[10];\nbool u[10];\ndouble maxg;\n\nvoid dfs(int x, int tw, int m, double g) {\n    if (m == n) {\n        if (maxg < g) {\n            maxg = g;\n            for (int i = 0; i < n; i++) {\n                b[i] = a[i];\n            }\n        }\n        return;\n    }\n    \n    if (x >= n) {\n        return;\n    }\n    \n    if (!u[x] && tw <= s[x]) {\n        u[x] = true;\n        tw += w[x];\n        a[m] = x;\n        dfs(0, tw, m + 1, g + w[x] * (m + 1));\n        tw -= w[x];\n        u[x] = false;\n    }\n    \n    dfs(x + 1, tw, m, g);\n}\n\nint main() {\n    while (1) {\n        scanf("%d", &n);\n        if (!n) break;\n        for (int i = 0; i < n; i++) {\n            scanf("%s %d %d", f[i], &w[i], &s[i]);\n        }\n        fill(u, u + n, false);\n        maxg = -1e9;\n        dfs(0, 0, 0, 0.);\n        for (int i = n - 1; i >= 0; i--) {\n            printf("%s\\n", f[b[i]]);\n        }\n    }\n    return 0;\n}') | LineLLMMutation(('source.cpp', 27), '#include <cstdio>\n#include <cfloat>\n#include <algorithm>\nusing namespace std;\n\nchar f[10][21];\nint n, w[10], s[10], a[10], b[10];\ndouble maxg;\n\nvoid dfs(int mask, int tw, int m, double g) {\n    if (m == n) {\n        if (maxg < g) {\n            maxg = g;\n            for (int i = 0; i < n; i++) {\n                b[i] = a[i];\n            }\n        }\n        return;\n    }\n\n    for (int x = 0; x < n; x++) {\n        if (!(mask & (1 << x)) && tw <= s[x]) {\n            a[m] = x;\n            dfs(mask | (1 << x), tw + w[x], m + 1, g + w[x] * (m + 1));\n        }\n    }\n    dfs(mask, tw, m, g);\n}\n\nint main() {\n    while (1) {\n        scanf("%d", &n);\n        if (!n) break;\n        for (int i = 0; i < n; i++) {\n            scanf("%s %d %d", f[i], &w[i], &s[i]);\n        }\n        maxg = -1e9;\n        dfs(0, 0, 0, 0.);\n        for (int i = n - 1; i >= 0; i--) {\n            printf("%s\\n", f[b[i]]);\n        }\n    }\n    return 0;\n}')"
2025-02-24 19:47:45,428	[INFO]	Step: 50
2025-02-24 19:47:45,428	[INFO]	Stop Steps: 50
2025-02-24 19:47:45,428	[INFO]	(Abstract Algorithm) Stopping Condition: step budget
2025-02-24 19:47:45,428	[INFO]	Step: 50
2025-02-24 19:47:45,428	[INFO]	Stop Steps: 50
2025-02-24 19:47:47,278	[INFO]	~~~~ END ~~~~
2025-02-24 19:47:47,278	[INFO]	Best patch step: 42
2025-02-24 19:47:47,278	[INFO]	
2025-02-24 19:47:47,278	[INFO]	==== REPORT ====
2025-02-24 19:47:47,278	[INFO]	Termination: step budget
2025-02-24 19:47:47,278	[INFO]	Log file: /home/luke/magpie/_magpie_logs/0047_1740425810.log
2025-02-24 19:47:47,279	[INFO]	Patch file: _magpie_logs/0047_1740425810.patch
2025-02-24 19:47:47,279	[INFO]	Diff file: _magpie_logs/0047_1740425810.diff
2025-02-24 19:47:47,279	[INFO]	Reference fitness: 5182600.50
2025-02-24 19:47:47,279	[INFO]	Best fitness: 5182596.00
2025-02-24 19:47:47,279	[INFO]	
2025-02-24 19:47:47,280	[INFO]	==== BEST PATCH ====
LineLLMCrossover(('source.cpp', 11), '#include <cstdio>\n#include <cfloat>\n#include <algorithm>\nusing namespace std;\n\nchar f[10][21];\nint n, w[10], s[10], a[10], b[10];\nbool u[10];\ndouble maxg;\n\nvoid dfs(int x, int tw, int m, double g) {\n    if (m == n) {\n        if (maxg < g) {\n            maxg = g;\n            for (int i = 0; i < n; i++) {\n                b[i] = a[i];\n            }\n        }\n        return;\n    }\n    \n    if (x >= n) {\n        return;\n    }\n    \n    if (!u[x] && tw <= s[x]) {\n        u[x] = true;\n        tw += w[x];\n        a[m] = x;\n        dfs(0, tw, m + 1, g + w[x] * (m + 1));\n        tw -= w[x];\n        u[x] = false;\n    }\n    \n    dfs(x + 1, tw, m, g);\n}\n\nint main() {\n    while (1) {\n        scanf("%d", &n);\n        if (!n) break;\n        for (int i = 0; i < n; i++) {\n            scanf("%s %d %d", f[i], &w[i], &s[i]);\n        }\n        fill(u, u + n, false);\n        double maxg = -1e9;\n        dfs(0, 0, 0, 0.);\n        for (int i = n - 1; i >= 0; i--) {\n            printf("%s\\n", f[b[i]]);\n        }\n    }\n    return 0;\n}')
2025-02-24 19:47:47,280	[INFO]	
2025-02-24 19:47:47,280	[INFO]	==== DIFF ====

