2025-02-24 20:21:38,095	[DEBUG]	==== CONFIG ====
[magpie]
import = 
seed = 7264387780754550
log_dir = _magpie_logs
work_dir = _magpie_work
local_original_copy = True
local_original_name = __original__
output_encoding = ascii
edit_retries = 10
default_timeout = 30
default_lengthout = 10000.0
diff_method = unified
trust_local_filesystem = True

[magpie.log]
color_output = True
format_info = {counter:<7} {status:<20} {best}{fitness} ({ratio}) [{size}] {cached} {log}
format_debug = patch({counter})="{patch}"{diffifbest}
format_fitness = {:.2f}
format_ratio = {:.2%%}
format_patchif = 
	 --> {patch}
format_diffif = 
	{diff}

[software]
path = dataset/magpie_dataset/train/0052
target_files = 
	source.cpp
software = BasicSoftware
model_rules = 
	*.params : ParamFileConfigModel
	*.xml : SrcmlModel
	* : LineModel
model_config = 
	*.params : [paramconfig]
	*.xml : [srcml]
init_cmd = 
init_timeout = 60
init_lengthout = -1
setup_cmd = bash setup.sh
setup_timeout = 
setup_lengthout = 
compile_cmd = bash compile.sh
compile_timeout = 
compile_lengthout = 
test_cmd = bash test.sh
test_timeout = 
test_lengthout = 
run_cmd = bash run.sh
run_timeout = 3
run_lengthout = 
batch_timeout = 
batch_lengthout = 
batch_bin_fitness_strategy = aggregate
batch_fitness_strategy = sum
fitness = time

[srcml]
rename = 
	stmt: break continue decl_stmt do expr_stmt for goto if return switch while
	number: literal_number
focus = block stmt operator_comp operator_arith number
internodes = block
process_pseudo_blocks = True
process_literals = True
process_operators = True

[paramconfig]
timing = test run
cli_prefix = --
cli_glue = =
cli_boolean = show
cli_boolean_prefix_true = 
cli_boolean_prefix_false = no-
cli_none = hide
silent_prefix = @
silent_suffix = $

[search]
protocol = BasicProtocol
algorithm = GeneticProgrammingLLM
possible_edits = 
	LineLLMMutation
	LineLLMCrossover
	LineDeletion
	LineInsertion
	LineReplacement
llm_prob = 1.0
warmup = 5
warmup_strategy = last
max_steps = 50
max_time = 20000
target_fitness = 
cache_maxsize = 100
cache_keep = 0.2
batch_instances = 
batch_shuffle = True
batch_bin_shuffle = False
batch_sample_size = 1

[search.ls]
delete_prob = 0.5
max_neighbours = 
when_trapped = continue
accept_fail = False
tabu_length = 10

[search.gp]
pop_size = 10
delete_prob = 0.0
offspring_elitism = 0.2
offspring_crossover = 0.4
offspring_mutation = 0.4
uniform_rate = 0.5
batch_reset = True
llm_type = baseline

[search.minify]
do_cleanup = True
do_rebuild = True
do_simplify = True
round_robin_limit = 3


2025-02-24 20:21:38,096	[DEBUG]	
2025-02-24 20:21:38,096	[INFO]	==== SEARCH: GeneticProgrammingLLM ====
2025-02-24 20:21:38,096	[INFO]	~~~~ WARMUP ~~~~
2025-02-24 20:21:44,409	[DEBUG]	EXEC>  SUCCESS 3925339.5
2025-02-24 20:21:44,410	[INFO]	WARM    SUCCESS               3925339.50 (--) [0 edit(s)]  
2025-02-24 20:21:45,725	[DEBUG]	EXEC>  SUCCESS 3925338.5
2025-02-24 20:21:45,725	[INFO]	WARM    SUCCESS               3925338.50 (--) [0 edit(s)]  
2025-02-24 20:21:47,052	[DEBUG]	EXEC>  SUCCESS 3925338.5
2025-02-24 20:21:47,052	[INFO]	WARM    SUCCESS               3925338.50 (--) [0 edit(s)]  
2025-02-24 20:21:48,363	[DEBUG]	EXEC>  SUCCESS 3925340.5
2025-02-24 20:21:48,363	[INFO]	WARM    SUCCESS               3925340.50 (--) [0 edit(s)]  
2025-02-24 20:21:49,686	[DEBUG]	EXEC>  SUCCESS 3925353.5
2025-02-24 20:21:49,686	[INFO]	WARM    SUCCESS               3925353.50 (--) [0 edit(s)]  
2025-02-24 20:21:49,687	[INFO]	REF     SUCCESS               3925353.50 (--) [0 edit(s)]  
2025-02-24 20:21:49,687	[INFO]	
2025-02-24 20:21:49,687	[INFO]	~~~~ START ~~~~
2025-02-24 20:23:20,014	[INFO]	0-1     COMPILE_CODE_ERROR    None (--) [1 edit(s)]  
2025-02-24 20:23:20,014	[DEBUG]	patch(0-1)="LineLLMMutation(('source.cpp', 0), '#include <cstdio>\n#include <vector>\n#include <string>\nusing namespace std;\n\ntypedef vector<string> vstring;\n\nint main() {\n    while (true) {\n        int n;\n        scanf("%d", &n);\n        if (n == 0) break;\n\n        vector<vstring> dice(n);\n        for (int i = 0; i < n; ++i) {\n            string s;\n            for (int j = 0; j < 6; ++j) {\n                cin >> s;\n                dice[i].push_back(s);\n            }\n        }\n\n        // Further processing...\n    }\n    return 0;\n}')"
2025-02-24 20:23:21,335	[INFO]	0-2     COMPILE_CODE_ERROR    None (--) [1 edit(s)]  
2025-02-24 20:23:21,335	[DEBUG]	patch(0-2)="LineLLMMutation(('source.cpp', 1), '#include <cstdio>\n#include <array>\n#include <vector>\n#include <string>\nusing namespace std;\n\ntypedef array<int, 6> int_array;\ntypedef vector<string> vstring;\n\nint main() {\n    while (true) {\n        int n;\n        scanf("%d", &n);\n        if (n == 0) break;\n\n        vector<vstring> dice(n);\n        array<vstring, 40> rotdice;\n\n        for (int i = 0; i < n; ++i) {\n            string s;\n            for (int j = 0; j < 6; ++j) {\n                cin >> s;\n                dice[i].push_back(s);\n            }\n        }\n        \n        // Further processing...\n    }\n    return 0;\n}')"
2025-02-24 20:23:23,000	[INFO]	0-3     TEST_CODE_ERROR       None (--) [1 edit(s)]  
2025-02-24 20:23:23,000	[DEBUG]	patch(0-3)="LineLLMMutation(('source.cpp', 2), '#include <iostream>\n#include <vector>\n#include <string>\nusing namespace std;\n\ntypedef vector<string> vstring;\n\nint main() {\n    while (true) {\n        int n;\n        cin >> n;\n        if (n == 0) break;\n\n        vector<vstring> dice(n);\n        for (int i = 0; i < n; ++i) {\n            vstring v(6);\n            for (int j = 0; j < 6; ++j) {\n                cin >> v[j];\n            }\n            dice[i] = v;\n        }\n\n        // Further processing...\n    }\n    return 0;\n}')"
2025-02-24 20:23:24,612	[INFO]	0-4     TEST_CODE_ERROR       None (--) [1 edit(s)]  
2025-02-24 20:23:24,612	[DEBUG]	patch(0-4)="LineLLMMutation(('source.cpp', 3), '#include <iostream>\n#include <vector>\n#include <string>\nusing namespace std;\n\ntypedef vector<string> vstring;\n\nint main() {\n    while (true) {\n        int n;\n        cin >> n;\n        if (n == 0) break;\n\n        vector<vstring> dice(n);\n        for (int i = 0; i < n * 6; ++i) {\n            string s;\n            cin >> s;\n            dice[i / 6].push_back(s);\n        }\n\n        // Further processing...\n    }\n    return 0;\n}')"
2025-02-24 20:23:26,010	[INFO]	0-5     COMPILE_CODE_ERROR    None (--) [1 edit(s)]  
2025-02-24 20:23:26,010	[DEBUG]	patch(0-5)="LineLLMMutation(('source.cpp', 4), '#include <iostream>\n#include <deque>\n#include <string>\nusing namespace std;\n\ntypedef deque<string> vstring;\n\nint main() {\n    while (true) {\n        int n;\n        cin >> n;\n        if (n == 0) break;\n\n        vector<vstring> dice(n);\n        for (int i = 0; i < n; ++i) {\n            vstring v;\n            for (int j = 0; j < 6; ++j) {\n                string s;\n                cin >> s;\n                v.push_back(s);\n            }\n            dice[i] = v;\n        }\n\n        // Further processing...\n    }\n    return 0;\n}')"
2025-02-24 20:23:27,564	[INFO]	0-6     TEST_CODE_ERROR       None (--) [1 edit(s)]  
2025-02-24 20:23:27,564	[DEBUG]	patch(0-6)="LineLLMMutation(('source.cpp', 5), '#include <iostream>\n#include <array>\n#include <vector>\n#include <string>\nusing namespace std;\n\nconst int DICE_SIZE = 6;\n\ntypedef array<string, DICE_SIZE> Dice;\ntypedef vector<Dice> DiceArray;\n\nint main() {\n    while (true) {\n        int n;\n        cin >> n;\n        if (n == 0) break;\n\n        DiceArray dice(n);\n        for (int i = 0; i < n; ++i) {\n            for (int j = 0; j < DICE_SIZE; ++j) {\n                cin >> dice[i][j];\n            }\n        }\n\n        // Further processing...\n    }\n    return 0;\n}')"
2025-02-24 20:23:29,180	[INFO]	0-7     TEST_CODE_ERROR       None (--) [1 edit(s)]  
2025-02-24 20:23:29,180	[DEBUG]	patch(0-7)="LineLLMMutation(('source.cpp', 6), '#include <iostream>\n#include <vector>\n#include <string>\nusing namespace std;\n\ntypedef vector<string> vstring;\n\nint main() {\n    int n;\n    while (cin >> n && n != 0) {\n        vector<vstring> dice(n);\n        for (int i = 0; i < n; ++i) {\n            for (int j = 0; j < 6; ++j) {\n                string s;\n                cin >> s;\n                dice[i].push_back(s);\n            }\n        }\n\n        // Further processing...\n    }\n    return 0;\n}')"
2025-02-24 20:23:30,957	[INFO]	0-8     TEST_CODE_ERROR       None (--) [1 edit(s)]  
2025-02-24 20:23:30,957	[DEBUG]	patch(0-8)="LineLLMMutation(('source.cpp', 7), '#include <iostream>\n#include <unordered_map>\n#include <vector>\n#include <string>\nusing namespace std;\n\ntypedef vector<string> vstring;\n\nint main() {\n    while (true) {\n        int n;\n        cin >> n;\n        if (n == 0) break;\n\n        vector<vstring> dice(n);\n        unordered_map<int, bool> ng; // Replace ng array with a map\n\n        for (int i = 0; i < n; ++i) {\n            for (int j = 0; j < 6; ++j) {\n                string s;\n                cin >> s;\n                dice[i].push_back(s);\n            }\n        }\n\n        // Further processing...\n    }\n    return 0;\n}')"
2025-02-24 20:23:32,569	[INFO]	0-9     TEST_CODE_ERROR       None (--) [1 edit(s)]  
2025-02-24 20:23:32,569	[DEBUG]	patch(0-9)="LineLLMMutation(('source.cpp', 8), '#include <iostream>\n#include <vector>\n#include <string>\nusing namespace std;\n\ntypedef vector<string> vstring;\n\nint main() {\n    while (true) {\n        int n;\n        cin >> n;\n        if (n == 0) break;\n\n        vector<vstring> dice(n);\n        for (auto& v : dice) {\n            for (int j = 0; j < 6; ++j) {\n                string s;\n                cin >> s;\n                v.push_back(s);\n            }\n        }\n\n        // Further processing...\n    }\n    return 0;\n}')"
2025-02-24 20:23:33,988	[INFO]	0-10    COMPILE_CODE_ERROR    None (--) [1 edit(s)]  
2025-02-24 20:23:33,988	[DEBUG]	patch(0-10)="LineLLMMutation(('source.cpp', 9), '#include <iostream>\n#include <vector>\n#include <string>\n#include <sstream>\nusing namespace std;\n\ntypedef vector<string> vstring;\n\nint main() {\n    while (true) {\n        int n;\n        cin >> n;\n        if (n == 0) break;\n\n        vector<vstring> dice(n);\n        for (int i = 0; i < n; ++i) {\n            for (int j = 0; j < 6; ++j) {\n                string s;\n                cin >> s;\n                dice[i].push_back(s);\n            }\n        }\n\n        stringstream output;\n        // Perform calculations and store results in output\n        output << "Result: " << /* result calculation */ << endl;\n        cout << output.str();\n    }\n    return 0;\n}')"
2025-02-24 20:23:34,989	[INFO]	Step: 10
2025-02-24 20:23:34,989	[INFO]	Stop Steps: 50
2025-02-24 20:23:37,282	[DEBUG]	EXEC>  SUCCESS 3925353.0
2025-02-24 20:23:37,282	[INFO]	REF     SUCCESS               3925353.00 (--) [0 edit(s)]  
2025-02-24 20:23:37,282	[INFO]	Best patch step: None
2025-02-24 20:24:14,882	[INFO]	~~~~ END ~~~~
2025-02-24 20:24:14,882	[INFO]	Best patch step: None
