2025-01-27 01:44:53,613	[DEBUG]	==== CONFIG ====
[magpie]
import = 
seed = 2652119455380425
log_dir = _magpie_logs
work_dir = _magpie_work
local_original_copy = True
local_original_name = __original__
output_encoding = ascii
edit_retries = 10
default_timeout = 30
default_lengthout = 10000.0
diff_method = unified
trust_local_filesystem = True

[magpie.log]
color_output = True
format_info = {counter:<7} {status:<20} {best}{fitness} ({ratio}) [{size}] {cached} {log}
format_debug = patch({counter})="{patch}"{diffifbest}
format_fitness = {:.2f}
format_ratio = {:.2%%}
format_patchif = 
	 --> {patch}
format_diffif = 
	{diff}

[software]
path = dataset/magpie_dataset/train/0053
target_files = 
	source.cpp
software = BasicSoftware
model_rules = 
	*.params : ParamFileConfigModel
	*.xml : SrcmlModel
	* : LineModel
model_config = 
	*.params : [paramconfig]
	*.xml : [srcml]
init_cmd = 
init_timeout = 60
init_lengthout = -1
setup_cmd = bash setup.sh
setup_timeout = 
setup_lengthout = 
compile_cmd = bash compile.sh
compile_timeout = 
compile_lengthout = 
test_cmd = bash test.sh
test_timeout = 
test_lengthout = 
run_cmd = bash run.sh
run_timeout = 3
run_lengthout = 
batch_timeout = 
batch_lengthout = 
batch_bin_fitness_strategy = aggregate
batch_fitness_strategy = sum
fitness = time

[srcml]
rename = 
	stmt: break continue decl_stmt do expr_stmt for goto if return switch while
	number: literal_number
focus = block stmt operator_comp operator_arith number
internodes = block
process_pseudo_blocks = True
process_literals = True
process_operators = True

[paramconfig]
timing = test run
cli_prefix = --
cli_glue = =
cli_boolean = show
cli_boolean_prefix_true = 
cli_boolean_prefix_false = no-
cli_none = hide
silent_prefix = @
silent_suffix = $

[search]
protocol = BasicProtocol
algorithm = GeneticProgrammingLLM
possible_edits = 
	LineLLMMutation
	LineLLMCrossover
	LineDeletion
	LineInsertion
	LineReplacement
llm_prob = 1.0
warmup = 5
warmup_strategy = last
max_steps = 50
max_time = 20000
target_fitness = 
cache_maxsize = 100
cache_keep = 0.2
batch_instances = 
batch_shuffle = True
batch_bin_shuffle = False
batch_sample_size = 1

[search.ls]
delete_prob = 0.5
max_neighbours = 
when_trapped = continue
accept_fail = False
tabu_length = 10

[search.gp]
pop_size = 10
delete_prob = 0.0
offspring_elitism = 0.2
offspring_crossover = 0.4
offspring_mutation = 0.4
uniform_rate = 0.5
batch_reset = True
llm_type = baseline

[search.minify]
do_cleanup = True
do_rebuild = True
do_simplify = True
round_robin_limit = 3


2025-01-27 01:44:53,614	[DEBUG]	
2025-01-27 01:44:53,614	[INFO]	==== SEARCH: GeneticProgrammingLLM ====
2025-01-27 01:44:53,614	[INFO]	~~~~ WARMUP ~~~~
2025-01-27 01:44:55,031	[DEBUG]	EXEC>  SUCCESS 16015753.125
2025-01-27 01:44:55,032	[INFO]	WARM    SUCCESS               16015753.12 (--) [0 edit(s)]  
2025-01-27 01:44:55,969	[DEBUG]	EXEC>  SUCCESS 15876908.4375
2025-01-27 01:44:55,969	[INFO]	WARM    SUCCESS               15876908.44 (--) [0 edit(s)]  
2025-01-27 01:44:56,923	[DEBUG]	EXEC>  SUCCESS 16125160.8125
2025-01-27 01:44:56,924	[INFO]	WARM    SUCCESS               16125160.81 (--) [0 edit(s)]  
2025-01-27 01:44:57,876	[DEBUG]	EXEC>  SUCCESS 16368192.5625
2025-01-27 01:44:57,876	[INFO]	WARM    SUCCESS               16368192.56 (--) [0 edit(s)]  
2025-01-27 01:44:58,828	[DEBUG]	EXEC>  SUCCESS 16252392.875
2025-01-27 01:44:58,828	[INFO]	WARM    SUCCESS               16252392.88 (--) [0 edit(s)]  
2025-01-27 01:44:58,829	[INFO]	REF     SUCCESS               16252392.88 (--) [0 edit(s)]  
2025-01-27 01:44:58,829	[INFO]	
2025-01-27 01:44:58,829	[INFO]	~~~~ START ~~~~
2025-01-27 01:45:43,308	[INFO]	0-1     COMPILE_CODE_ERROR    None (--) [1 edit(s)]  
2025-01-27 01:45:43,308	[DEBUG]	patch(0-1)="LineLLMMutation(('source.cpp', 0), '#include<iostream>\n\n#include<string>\n\n#include<algorithm>\n\n#include<queue>\n\n#include<vector>\n\n#include<cstring>\n\n#define rep(i,n) for(int i=0;i<n;i++)\n\nusing namespace std;\n\nint d[1010];\n\n#define INF 10000\n\nstruct E\n\n{\n\n    int a,b,c;\n\n    E(){};\n\n    E(int a,int b,int c):a(a),b(b),c(c){};\n\n};\n\n#define MONEY 0\n\n#define EKI 1\n\n\n\nint main()\n\n{\n\n    int n,m;\n\n    while(cin>>n>>m)\n\n    {\n\n        if(n==0&&m==0)break;\n\n        vector<E> cs;\n\n        int a,b,c;\n\n        rep(i,n)\n\n        {\n\n            cin>>a>>b>>c;\n\n            costs[a][b] = c; costs[b][a] = c;\n\n            cs.push_back(E(a,b,c));\n\n            cs.push_back(E(b,a,c));\n\n        }\n\n        int k,p,q,r;\n\n        cin>>k;\n\n        rep(i,k)\n\n        {\n\n            memset(d,INF,sizeof(d));\n\n            cin >> p >> q >> r;\n\n            d[p] = 0;\n\n            if(r==MONEY)\n\n            {\n\n                while(true)\n\n                {\n\n                    bool update = false;\n\n                    rep(j,n*2)\n\n                    {\n\n                        if( (d[ cs[j].a] != INF) && d[cs[j].b] > d[ cs[j].a] + cs[j].c)\n\n                        {\n\n                            d[cs[j].b] = d[ cs[j].a] + cs[j].c;\n\n                            update = true;\n\n                        }\n\n                    }\n\n                    if(!update)break;\n\n                }\n\n                cout << d[q]<<endl;\n\n            }\n\n            else\n\n            {\n\n                while(true)\n\n                {\n\n                    bool update = false;\n\n                    rep(j,n*2)\n\n                    {\n\n                        if(d[ ts[j].a] != INF && d[ts[j].b] > d[ts[j].a] + ts[j].c)\n\n                        {\n\n                            d[ts[j].b] = d[ ts[j].a] + ts[j].c;\n\n                            update = true;\n\n                        }\n\n                    }\n\n                    if(!update)break;\n\n                }\n\n                cout << d[q]<<endl;\n\n            }\n\n        }\n\n    }\n\n\n\n    return 0;\n\n}')"
2025-01-27 01:45:44,651	[INFO]	0-2     COMPILE_CODE_ERROR    None (--) [1 edit(s)]  
2025-01-27 01:45:44,651	[DEBUG]	patch(0-2)="LineLLMMutation(('source.cpp', 1), '#include<iostream>\n\n#include<vector>\n\n#include<cstring>\n\n#define rep(i,n) for(int i=0;i<n;i++)\n\nusing namespace std;\n\nint d[1010];\n\n#define INF 10000\n\nstruct E\n\n{\n\n    int a,b,c;\n\n    E(){};\n\n    E(int a,int b,int c):a(a),b(b),c(b){};\n\n};\n\n\n\nint main()\n\n{\n\n    int n,m;\n\n    while(cin>>n>>m)\n\n    {\n\n        if(n==0&&m==0)break;\n\n        vector<E> cs;\n\n        int a,b,c;\n\n        rep(i,n)\n\n        {\n\n            cin>>a>>b>>c;\n\n            cs.push_back(E(a,b,c));\n\n            cs.push_back(E(b,a,c));\n\n        }\n\n        int k,p,q,r;\n\n        cin>>k;\n\n        rep(i,k)\n\n        {\n\n            memset(d,INF,sizeof(d));\n\n            cin >> p >> q >> r;\n\n            d[p] = 0;\n\n            if(r==MONEY)\n\n            {\n\n                while(true)\n\n                {\n\n                    bool update = false;\n\n                    rep(j,n*2)\n\n                    {\n\n                        if( (d[ cs[j].a] != INF) && d[cs[j].b] > d[ cs[j].a] + cs[j].c)\n\n                        {\n\n                            d[cs[j].b] = d[ cs[j].a] + cs[j].c;\n\n                            update = true;\n\n                        }\n\n                    }\n\n                    if(!update)break;\n\n                }\n\n                cout << d[q]<<endl;\n\n            }\n\n            else\n\n            {\n\n                while(true)\n\n                {\n\n                    bool update = false;\n\n                    rep(j,n*2)\n\n                    {\n\n                        if(d[ ts[j].a] != INF && d[ts[j].b] > d[ts[j].a] + ts[j].c)\n\n                        {\n\n                            d[ts[j].b] = d[ ts[j].a] + ts[j].c;\n\n                            update = true;\n\n                        }\n\n                    }\n\n                    if(!update)break;\n\n                }\n\n                cout << d[q]<<endl;\n\n            }\n\n        }\n\n    }\n\n\n\n    return 0;\n\n}')"
2025-01-27 01:45:45,833	[INFO]	0-3     COMPILE_CODE_ERROR    None (--) [1 edit(s)]  
2025-01-27 01:45:45,834	[DEBUG]	patch(0-3)="LineLLMMutation(('source.cpp', 2), '#include<vector>\n\n#include<cstring>\n\n#define rep(i,n) for(int i=0;i<n;i++)\n\nusing namespace std;\n\nint d[1010];\n\n#define INF 10000\n\n\n\nint main()\n\n{\n\n    int n,m;\n\n    while(cin>>n>>m)\n\n    {\n\n        if(n==0&&m==0)break;\n\n        int a,b,c;\n\n        rep(i,n)\n\n        {\n\n            cin>>a>>b>>c;\n\n        }\n\n        int k,p,q,r;\n\n        cin>>k;\n\n        rep(i,k)\n\n        {\n\n            memset(d,INF,sizeof(d));\n\n            cin >> p >> q >> r;\n\n            d[p] = 0;\n\n            if(r==MONEY)\n\n            {\n\n                while(true)\n\n                {\n\n                    bool update = false;\n\n                    rep(j,n*2)\n\n                    {\n\n                        if( (d[ cs[j].a] != INF) && d[cs[j].b] > d[ cs[j].a] + cs[j].c)\n\n                        {\n\n                            d[cs[j].b] = d[ cs[j].a] + cs[j].c;\n\n                            update = true;\n\n                        }\n\n                    }\n\n                    if(!update)break;\n\n                }\n\n                cout << d[q]<<endl;\n\n            }            \n\n            else\n\n            {\n\n                while(true)\n\n                {\n\n                    bool update = false;\n\n                    rep(j,n*2)\n\n                    {\n\n                        if(d[ ts[j].a] != INF && d[ts[j].b] > d[ts[j].a] + ts[j].c)\n\n                        {\n\n                            d[ts[j].b] = d[ ts[j].a] + ts[j].c;\n\n                            update = true;\n\n                        }\n\n                    }\n\n                    if(!update)break;\n\n                }\n\n                cout << d[q]<<endl;\n\n            }\n\n        }\n\n    }\n\n\n\n    return 0;\n\n}')"
2025-01-27 01:45:47,028	[INFO]	0-4     COMPILE_CODE_ERROR    None (--) [1 edit(s)]  
2025-01-27 01:45:47,028	[DEBUG]	patch(0-4)="LineLLMMutation(('source.cpp', 3), '#include<cstdio>\n\n#include<vector>\n\n#include<cstring>\n\n#define rep(i,n) for(int i=0;i<n;i++)\n\nusing namespace std;\n\nint d[1010];\n\n#define INF 10000\n\n\n\nint main()\n\n{\n\n    int n,m;\n\n    while(scanf("%d%d",&n,&m))\n\n    {\n\n        if(n==0&&m==0)break;\n\n        int a,b,c;\n\n        rep(i,n)\n\n        {\n\n            scanf("%d%d%d",&a,&b,&c);\n\n        }\n\n        int k,p,q,r;\n\n        scanf("%d",&k);\n\n        rep(i,k)\n\n        {\n\n            memset(d,INF,sizeof(d));\n\n            scanf("%d%d%d",&p,&q,&r);\n\n            d[p] = 0;\n\n            if(r==MONEY)\n\n            {\n\n                while(true)\n\n                {\n\n                    bool update = false;\n\n                    rep(j,n*2)\n\n                    {\n\n                        if( (d[ cs[j].a] != INF) && d[cs[j].b] > d[ cs[j].a] + cs[j].c)\n\n                        {\n\n                            d[cs[j].b] = d[ cs[j].a] + cs[j].c;\n\n                            update = true;\n\n                        }\n\n                    }\n\n                    if(!update)break;\n\n                }\n\n                printf("%d\\n",d[q]);\n\n            }            \n\n            else\n\n            {\n\n                while(true)\n\n                {\n\n                    bool update = false;\n\n                    rep(j,n*2)\n\n                    {\n\n                        if(d[ ts[j].a] != INF && d[ts[j].b] > d[ts[j].a] + ts[j].c)\n\n                        {\n\n                            d[ts[j].b] = d[ ts[j].a] + ts[j].c;\n\n                            update = true;\n\n                        }\n\n                    }\n\n                    if(!update)break;\n\n                }\n\n                printf("%d\\n",d[q]);\n\n            }\n\n        }\n\n    }\n\n\n\n    return 0;\n\n}')"
2025-01-27 01:45:48,369	[INFO]	0-5     COMPILE_CODE_ERROR    None (--) [1 edit(s)]  
2025-01-27 01:45:48,369	[DEBUG]	patch(0-5)="LineLLMMutation(('source.cpp', 4), '#include<iostream>\n\n#include<vector>\n\n#include<cstring>\n\n#define rep(i,n) for(int i=0;i<n;i++)\n\nusing namespace std;\n\nint d[1010];\n\n#define INF 10000\n\n\n\nint main()\n\n{\n\n    int n,m;\n\n    while(cin>>n>>m)\n\n    {\n\n        if(n==0&&m==0)break;\n\n        int a,b,c;\n\n        rep(i,n)\n\n        {\n\n            cin>>a>>b>>c;\n\n        }\n\n        int k,p,q,r;\n\n        cin>>k;\n\n        rep(i,k)\n\n        {\n\n            memset(d,INF,sizeof(d));\n\n            cin >> p >> q >> r;\n\n            d[p] = 0;\n\n            if(r==MONEY)\n\n            {\n\n                while(true)\n\n                {\n\n                    bool update = false;\n\n                    rep(j,n*2)\n\n                    {\n\n                        if( (d[ cs[j].a] != INF) && d[cs[j].b] > d[ cs[j].a] + cs[j].c)\n\n                        {\n\n                            d[cs[j].b] = d[ cs[j].a] + cs[j].c;\n\n                            update = true;\n\n                        }\n\n                    }\n\n                    if(!update)break;\n\n                }\n\n                cout << d[q]<<endl;\n\n            }            \n\n            else\n\n            {\n\n                while(true)\n\n                {\n\n                    bool update = false;\n\n                    rep(j,n*2)\n\n                    {\n\n                        if(d[ ts[j].a] != INF && d[ts[j].b] > d[ts[j].a] + ts[j].c)\n\n                        {\n\n                            d[ts[j].b] = d[ ts[j].a] + ts[j].c;\n\n                            update = true;\n\n                        }\n\n                    }\n\n                    if(!update)break;\n\n                }\n\n                cout << d[q]<<endl;\n\n            }\n\n        }\n\n    }\n\n\n\n    return 0;\n\n}')"
2025-01-27 01:45:49,704	[INFO]	0-6     COMPILE_CODE_ERROR    None (--) [1 edit(s)]  
2025-01-27 01:45:49,705	[DEBUG]	patch(0-6)="LineLLMMutation(('source.cpp', 5), '#include<iostream>\n\n#include<vector>\n\n#include<cstring>\n\n#define rep(i,n) for(int i=0;i<n;i++)\n\nusing namespace std;\n\nint d[1010];\n\n#define INF 10000\n\n\n\nint main()\n\n{\n\n    int n,m;\n\n    while(cin>>n>>m)\n\n    {\n\n        if(n==0&&m==0)break;\n\n        int a,b,c;\n\n        rep(i,n)\n\n        {\n\n            cin>>a>>b>>c;\n\n        }\n\n        int k,p,q,r;\n\n        cin>>k;\n\n        rep(i,k)\n\n        {\n\n            memset(d,INF,sizeof(d));\n\n            cin >> p >> q >> r;\n\n            d[p] = 0;\n\n            if(r==MONEY)\n\n            {\n\n                while(true)\n\n                {\n\n                    bool update = false;\n\n                    rep(j,n*2)\n\n                    {\n\n                        if( (d[ cs[j].a] != INF) && d[cs[j].b] > d[ cs[j].a] + cs[j].c)\n\n                        {\n\n                            d[cs[j].b] = d[ cs[j].a] + cs[j].c;\n\n                            update = true;\n\n                        }\n\n                    }\n\n                    if(!update)break;\n\n                }\n\n                cout << d[q]<<endl;\n\n            }            \n\n            else\n\n            {\n\n                while(true)\n\n                {\n\n                    bool update = false;\n\n                    rep(j,n*2)\n\n                    {\n\n                        if(d[ ts[j].a] != INF && d[ts[j].b] > d[ts[j].a] + ts[j].c)\n\n                        {\n\n                            d[ts[j].b] = d[ ts[j].a] + ts[j].c;\n\n                            update = true;\n\n                        }\n\n                    }\n\n                    if(!update)break;\n\n                }\n\n                cout << d[q]<<endl;\n\n            }\n\n        }\n\n    }\n\n\n\n    return 0;\n\n}')"
2025-01-27 01:45:50,891	[INFO]	0-7     COMPILE_CODE_ERROR    None (--) [1 edit(s)]  
2025-01-27 01:45:50,891	[DEBUG]	patch(0-7)="LineLLMMutation(('source.cpp', 6), '#include<vector>\n\n#include<cstring>\n\n#define rep(i,n) for(int i=0;i<n;i++)\n\nusing namespace std;\n\nint d[1010];\n\n#define INF 10000\n\n\n\nint main()\n\n{\n\n    int n,m;\n\n    while(cin>>n>>m)\n\n    {\n\n        if(n==0&&m==0)break;\n\n        int a,b,c;\n\n        rep(i,n)\n\n        {\n\n            cin>>a>>b>>c;\n\n        }\n\n        int k,p,q,r;\n\n        cin>>k;\n\n        rep(i,k)\n\n        {\n\n            memset(d,INF,sizeof(d));\n\n            cin >> p >> q >> r;\n\n            d[p] = 0;\n\n            if(r==MONEY)\n\n            {\n\n                while(true)\n\n                {\n\n                    bool update = false;\n\n                    rep(j,n*2)\n\n                    {\n\n                        if( (d[ cs[j].a] != INF) && d[cs[j].b] > d[ cs[j].a] + cs[j].c)\n\n                        {\n\n                            d[cs[j].b] = d[ cs[j].a] + cs[j].c;\n\n                            update = true;\n\n                        }\n\n                    }\n\n                    if(!update)break;\n\n                }\n\n                cout << d[q]<<endl;\n\n            }            \n\n            else\n\n            {\n\n                while(true)\n\n                {\n\n                    bool update = false;\n\n                    rep(j,n*2)\n\n                    {\n\n                        if(d[ ts[j].a] != INF && d[ts[j].b] > d[ts[j].a] + ts[j].c)\n\n                        {\n\n                            d[ts[j].b] = d[ ts[j].a] + ts[j].c;\n\n                            update = true;\n\n                        }\n\n                    }\n\n                    if(!update)break;\n\n                }\n\n                cout << d[q]<<endl;\n\n            }\n\n        }\n\n    }\n\n\n\n    return 0;\n\n}')"
2025-01-27 01:45:52,230	[INFO]	0-8     COMPILE_CODE_ERROR    None (--) [1 edit(s)]  
2025-01-27 01:45:52,231	[DEBUG]	patch(0-8)="LineLLMMutation(('source.cpp', 7), '#include<iostream>\n\n#include<vector>\n\n#include<cstring>\n\n#define rep(i,n) for(int i=0;i<n;i++)\n\nusing namespace std;\n\nint d[1010];\n\n#define INF 10000\n\n\n\nint main()\n\n{\n\n    int n,m;\n\n    while(cin>>n>>m)\n\n    {\n\n        if(n==0&&m==0)break;\n\n        int a,b,c;\n\n        rep(i,n)\n\n        {\n\n            cin>>a>>b>>c;\n\n        }\n\n        int k,p,q,r;\n\n        cin>>k;\n\n        rep(i,k)\n\n        {\n\n            memset(d,INF,sizeof(d));\n\n            cin >> p >> q >> r;\n\n            d[p] = 0;\n\n            if(r==MONEY)\n\n            {\n\n                while(true)\n\n                {\n\n                    bool update = false;\n\n                    rep(j,n*2)\n\n                    {\n\n                        if( (d[ cs[j].a] != INF) && d[cs[j].b] > d[ cs[j].a] + cs[j].c)\n\n                        {\n\n                            d[cs[j].b] = d[ cs[j].a] + cs[j].c;\n\n                            update = true;\n\n                            //cout << "updated" <<d[cs[j].b] <<endl;\n\n                        }\n\n                    }\n\n                    if(!update)break;\n\n                }\n\n                cout << d[q]<<endl;\n\n            }\n\n            else\n\n            {\n\n                while(true)\n\n                {\n\n                    bool update = false;\n\n                    rep(j,n*2)\n\n                    {\n\n                        if(d[ ts[j].a] != INF && d[ts[j].b] > d[ts[j].a] + ts[j].c)\n\n                        {\n\n                            d[ts[j].b] = d[ ts[j].a] + ts[j].c;\n\n                            update = true;\n\n                        }\n\n                    }\n\n                    if(!update)break;\n\n                }\n\n                cout << d[q]<<endl;\n\n            }\n\n        }\n\n    }\n\n\n\n    return 0;\n\n}')"
2025-01-27 01:45:53,423	[INFO]	0-9     COMPILE_CODE_ERROR    None (--) [1 edit(s)]  
2025-01-27 01:45:53,423	[DEBUG]	patch(0-9)="LineLLMMutation(('source.cpp', 8), '#include<cstdio>\n\n#include<vector>\n\n#include<cstring>\n\n#define rep(i,n) for(int i=0;i<n;i++)\n\nusing namespace std;\n\nint d[1010];\n\n#define INF 10000\n\n\n\nint main()\n\n{\n\n    int n,m;\n\n    while(scanf("%d%d",&n,&m))\n\n    {\n\n        if(n==0&&m==0)break;\n\n        int a,b,c;\n\n        rep(i,n)\n\n        {\n\n            scanf("%d%d%d",&a,&b,&c);\n\n        }\n\n        int k,p,q,r;\n\n        scanf("%d",&k);\n\n        rep(i,k)\n\n        {\n\n            memset(d,INF,sizeof(d));\n\n            scanf("%d%d%d",&p,&q,&r);\n\n            d[p] = 0;\n\n            if(r==MONEY)\n\n            {\n\n                while(true)\n\n                {\n\n                    bool update = false;\n\n                    rep(j,n*2)\n\n                    {\n\n                        if( (d[ cs[j].a] != INF) && d[cs[j].b] > d[ cs[j].a] + cs[j].c)\n\n                        {\n\n                            d[cs[j].b] = d[ cs[j].a] + cs[j].c;\n\n                            update = true;\n\n                        }\n\n                    }\n\n                    if(!update)break;\n\n                }\n\n                printf("%d\\n",d[q]);\n\n            }            \n\n            else\n\n            {\n\n                while(true)\n\n                {\n\n                    bool update = false;\n\n                    rep(j,n*2)\n\n                    {\n\n                        if(d[ ts[j].a] != INF && d[ts[j].b] > d[ts[j].a] + ts[j].c)\n\n                        {\n\n                            d[ts[j].b] = d[ ts[j].a] + ts[j].c;\n\n                            update = true;\n\n                        }\n\n                    }\n\n                    if(!update)break;\n\n                }\n\n                printf("%d\\n",d[q]);\n\n            }\n\n        }\n\n    }\n\n\n\n    return 0;\n\n}')"
2025-01-27 01:45:54,611	[INFO]	0-10    COMPILE_CODE_ERROR    None (--) [1 edit(s)]  
2025-01-27 01:45:54,612	[DEBUG]	patch(0-10)="LineLLMMutation(('source.cpp', 9), '#include<cstdio>\n\n#include<vector>\n\n#include<cstring>\n\n#define rep(i,n) for(int i=0;i<n;i++)\n\nusing namespace std;\n\nint d[1010];\n\n#define INF 10000\n\n\n\nint main()\n\n{\n\n    int n,m;\n\n    while(scanf("%d%d",&n,&m))\n\n    {\n\n        if(n==0&&m==0)break;\n\n        int a,b,c;\n\n        rep(i,n)\n\n        {\n\n            scanf("%d%d%d",&a,&b,&c);\n\n        }\n\n        int k,p,q,r;\n\n        scanf("%d",&k);\n\n        rep(i,k)\n\n        {\n\n            memset(d,INF,sizeof(d));\n\n            scanf("%d%d%d",&p,&q,&r);\n\n            d[p] = 0;\n\n            if(r==MONEY)\n\n            {\n\n                while(true)\n\n                {\n\n                    bool update = false;\n\n                    rep(j,n*2)\n\n                    {\n\n                        if( (d[ cs[j].a] != INF) && d[cs[j].b] > d[ cs[j].a] + cs[j].c)\n\n                        {\n\n                            d[cs[j].b] = d[ cs[j].a] + cs[j].c;\n\n                            update = true;\n\n                        }\n\n                    }\n\n                    if(!update)break;\n\n                }\n\n                printf("%d\\n",d[q]);\n\n            }            \n\n            else\n\n            {\n\n                while(true)\n\n                {\n\n                    bool update = false;\n\n                    rep(j,n*2)\n\n                    {\n\n                        if(d[ ts[j].a] != INF && d[ts[j].b] > d[ts[j].a] + ts[j].c)\n\n                        {\n\n                            d[ts[j].b] = d[ ts[j].a] + ts[j].c;\n\n                            update = true;\n\n                        }\n\n                    }\n\n                    if(!update)break;\n\n                }\n\n                printf("%d\\n",d[q]);\n\n            }\n\n        }\n\n    }\n\n\n\n    return 0;\n\n}')"
2025-01-27 01:45:55,613	[INFO]	Step: 10
2025-01-27 01:45:55,613	[INFO]	Stop Steps: 50
2025-01-27 01:45:57,676	[DEBUG]	EXEC>  SUCCESS 15921962.375
2025-01-27 01:45:57,676	[INFO]	REF     SUCCESS               15921962.38 (--) [0 edit(s)]  
2025-01-27 01:45:57,676	[INFO]	Best patch step: None
2025-01-27 01:47:49,014	[INFO]	Step: 10
2025-01-27 01:47:49,014	[INFO]	Stop Steps: 50
2025-01-27 01:47:49,284	[INFO]	1-1     COMPILE_CODE_ERROR    None (--) [1 edit(s)]  
2025-01-27 01:47:49,285	[DEBUG]	patch(1-1)="LineLLMCrossover(('source.cpp', 0), '#include <cstdio>\n#include <string>\n#include <algorithm>\nusing namespace std;\ntypedef long long ll;\nconst int maxn = 1e5;\nint n, a[maxn], b[maxn];\nint main(void) {\n    scanf("%d", &n);\n    for (int i = 0; i < n; ++i) {\n        scanf("%d%d", a + i, b + i);\n    }\n    ll ans = 0;\n    for (int i = n - 1; i >= 0; --i) {\n        ll cur = a[i] + ans;\n        ll tar = (cur + b[i] - 1) / b[i] * b[i];\n        ans += tar - cur;\n    }\n    printf("%lld\n", ans);\n}')"
2025-01-27 01:47:49,285	[INFO]	Step: 11
2025-01-27 01:47:49,285	[INFO]	Stop Steps: 50
2025-01-27 01:47:49,553	[INFO]	1-2     COMPILE_CODE_ERROR    None (--) [1 edit(s)]  
2025-01-27 01:47:49,554	[DEBUG]	patch(1-2)="LineLLMCrossover(('source.cpp', 1), '#include<cstdio>\n#include<algorithm>\n#include<string>\nusing namespace std;\nchar str[200005];\nint main(){\n    scanf("%s",str);\n    int ans = 0;\n    int a=-1;\n    for(int i=0;str[i];i++){\n        if(str[i]==\'Z\'){\n            if(a!=-1)\n                ans = max(ans,i-a);\n        }else if(str[i]==\'A\' && a==-1)\n            a = i;\n    }\n    printf("%d\n",ans+1);\n    return 0;\n}')"
2025-01-27 01:47:49,554	[INFO]	Step: 12
2025-01-27 01:47:49,554	[INFO]	Stop Steps: 50
2025-01-27 01:47:49,719	[INFO]	1-3     COMPILE_CODE_ERROR    None (--) [1 edit(s)]  
2025-01-27 01:47:49,719	[DEBUG]	patch(1-3)="LineLLMCrossover(('source.cpp', 2), '#include <cstdio>\n#include <cstring>\n#include <algorithm>\nusing namespace std;\n\nconst int N = 100005;\n\nint n, a[N], b[N];\n\nlong long read(){\n\n\tlong long x = 0, f = 1;\n\n\tchar c = getchar();\n\n\twhile (c < \'0\' || c > \'9\'){\n\n\t\tif (c == \'-\') f = -1;\n\n\t\tc = getchar();\n\n\t}\n\n\twhile (c >= \'0\' && c <= \'9\'){\n\n\t\tx = x * 10 + c - \'0\';\n\n\t\tc = getchar();\n\n\t}\n\n\treturn x * f;\n\n}\n\nlong long calc(long long x, long long y){\n\n\tlong long z = (x + y - 1) / y * y;\n\n\treturn z - x;\n\n}\n\nint main(){\n\n\tn = read();\n\n\tfor (int i = 1; i <= n; i++) a[i] = read(), b[i] = read();\n\n\tlong long ans = 0;\n\n\tfor (int i = n; i; i--){\n\n\t\tans += calc(a[i] + ans, b[i]);\n\n\t}\n\n\tprintf("%lld\n", ans);\n\n\treturn 0;\n\n}')"
2025-01-27 01:47:49,719	[INFO]	Step: 13
2025-01-27 01:47:49,720	[INFO]	Stop Steps: 50
2025-01-27 01:47:49,978	[INFO]	1-4     COMPILE_CODE_ERROR    None (--) [1 edit(s)]  
2025-01-27 01:47:49,978	[DEBUG]	patch(1-4)="LineLLMCrossover(('source.cpp', 3), '#include <cstdio>\n#include <string>\n#include <algorithm>\nusing namespace std;\ntypedef long long ll;\nconst int maxn = 1e5;\nint n, a[maxn], b[maxn];\nint main(void) {\n    scanf("%d", &n);\n    for (int i = 0; i < n; ++i) {\n        scanf("%d%d", a + i, b + i);\n    }\n    ll ans = 0;\n    for (int i = n - 1; i >= 0; --i) {\n        ll cur = a[i] + ans;\n        ll tar = (cur + b[i] - 1) / b[i] * b[i];\n        ans += tar - cur;\n    }\n    printf("%lld\n", ans);\n}')"
2025-01-27 01:47:49,978	[INFO]	Step: 14
2025-01-27 01:47:49,978	[INFO]	Stop Steps: 50
2025-01-27 01:47:51,045	[DEBUG]	EXEC>  SUCCESS 15899915.375
2025-01-27 01:47:51,047	[INFO]	1-5     SUCCESS              *15899915.38 (99.86%) [1 edit(s)]  
2025-01-27 01:47:51,047	[DEBUG]	patch(1-5)="LineLLMMutation(('source.cpp', 10), '#include<iostream>\n\n#include<algorithm>\n\n#include<list>\n\n#include<set>\n\n#include<map>\n\n#include<queue>\n\n#include<stack>\n\n#include<numeric>\n\n#include<vector>\n\n#include<cstdio>\n\n#include<climits>\n\n#include<cfloat>\n\n#include<cstring>\n\n#define foreach(t,p,tit) for(t::iterator tit=p.begin();tit!=p.end();++tit)\n\n#define rforeach(t,p) for(t::reverse_iterator it=p.rbegin();it!=p.rend();++it)\n\n#define all(p) p.begin(),p.end()\n\n#define rep(i,n) for(int i=0;i<n;i++)\n\nusing namespace std;\n\nint costs[1010][1010];\n\nint times[1010][1010];\n\nint d[1010];\n\n#define INF 10000\n\nstruct E\n\n{\n\n    int a,b,c;\n\n    E(){};\n\n    E(int a,int b,int c):a(a),b(b),c(c){};\n\n};\n\n#define MONEY 0\n\n#define EKI 1\n\n\n\nint main()\n\n{\n\n    int n,m;\n\n    while(cin>>n>>m)\n\n    {\n\n        if(n==0&&m==0)break;\n\n        memset(costs,INF,sizeof(costs));\n\n        memset(times,INF,sizeof(times));\n\n        vector<E> cs;\n\n        vector<E> ts;\n\n        int a,b,c,t;\n\n        rep(i,n)\n\n        {\n\n            cin>>a>>b>>c>>t;\n\n            costs[a][b] = c; costs[b][a] = c;\n\n            times[a][b] = t; times[b][a] = t;\n\n            cs.push_back(E(a,b,c));\n\n            cs.push_back(E(b,a,c));\n\n            ts.push_back(E(a,b,t));\n\n            ts.push_back(E(b,a,t));\n\n        }\n\n        rep(i,m)\n\n        {\n\n            costs[i][i] = 0;\n\n            times[i][i] = 0;\n\n        }\n\n        int k,p,q,r;\n\n        cin>>k;\n\n        rep(i,k)\n\n        {\n\n            memset(d,INF,sizeof(d));\n\n            cin >> p >> q >> r;\n\n            d[p] = 0;\n\n            if(r==MONEY)\n\n            {\n\n                //rep(j,n*2){if(cs[j].a == p) d[cs[j].b] = cs[j].c;}\n\n                while(true)\n\n                {\n\n                    bool update = false;\n\n                    rep(j,n*2)\n\n                    {\n\n                        //cout <<"edge"<< j<<cs[j].a<<"to"<<cs[j].b << endl;\n\n\n\n                        if( (d[ cs[j].a] != INF) && d[cs[j].b] > d[ cs[j].a] + cs[j].c)\n\n                        {\n\n                            d[cs[j].b] = d[ cs[j].a] + cs[j].c;\n\n                            update = true;\n\n                            //cout << "updated" <<d[cs[j].b] <<endl;\n\n                        }\n\n                    }\n\n                    if(!update)break;\n\n                }\n\n                cout << d[q]<<endl;\n\n            }\n\n            else\n\n            {\n\n                //rep(j,n*2){if(ts[j].a == p) d[ts[j].b] = ts[j].c;}\n\n                while(true)\n\n                {\n\n                    bool update = false;\n\n                    rep(j,n*2)\n\n                    {\n\n                        if(d[ ts[j].a] != INF && d[ts[j].b] > d[ts[j].a] + ts[j].c)\n\n                        {\n\n                            d[ts[j].b] = d[ ts[j].a] + ts[j].c;\n\n                            update = true;\n\n                        }\n\n                    }\n\n                    if(!update)break;\n\n                }\n\n                cout << d[q]<<endl;\n\n            }\n\n        }\n\n    }\n\n\n\n    return 0;\n\n}')"

2025-01-27 01:47:51,047	[INFO]	Step: 15
2025-01-27 01:47:51,047	[INFO]	Stop Steps: 50
2025-01-27 01:47:51,672	[INFO]	1-6     TEST_CODE_ERROR       None (--) [1 edit(s)]  
2025-01-27 01:47:51,672	[DEBUG]	patch(1-6)="LineLLMMutation(('source.cpp', 11), '#include<iostream>\n\n#include<string>\n\n#include<algorithm>\n\n#include<list>\n\n#include<set>\n\n#include<map>\n\n#include<queue>\n\n#include<stack>\n\n#include<numeric>\n\n#include<vector>\n\n#include<cstdio>\n\n#include<climits>\n\n#include<cfloat>\n\n#include<cstring>\n\n#define foreach(t,p,tit) for(t::iterator tit=p.begin();tit!=p.end();++tit)\n\n#define rforeach(t,p) for(t::reverse_iterator it=p.rbegin();it!=p.rend();++it)\n\n#define all(p) p.begin(),p.end()\n\n#define rep(i,n) for(int i=0;i<n;i++)\n\nusing namespace std;\n\nint costs[1010][1010];\n\nint times[1010][1010];\n\nint d[1010];\n\n#define INF 10000\n\nstruct E\n\n{\n\n    int a,b,c;\n\n    E(){};\n\n    E(int a,int b,int c):a(a),b(b),c(b){};\n\n};\n\n#define MONEY 0\n\n#define EKI 1\n\n\n\nint main()\n\n{\n\n    int n,m;\n\n    while(cin>>n>>m)\n\n    {\n\n        if(n==0&&m==0)break;\n\n        memset(costs,INF,sizeof(costs));\n\n        memset(times,INF,sizeof(times));\n\n        vector<E> cs;\n\n        vector<E> ts;\n\n        int a,b,c,t;\n\n        rep(i,n)\n\n        {\n\n            cin>>a>>b>>c>>t;\n\n            costs[a][b] = c; costs[b][a] = c;\n\n            times[a][b] = t; times[b][a] = t;\n\n            cs.push_back(E(a,b,c));\n\n            cs.push_back(E(b,a,c));\n\n            ts.push_back(E(a,b,t));\n\n            ts.push_back(E(b,a,t));\n\n        }\n\n        rep(i,m)\n\n        {\n\n            costs[i][i] = 0;\n\n            times[i][i] = 0;\n\n        }\n\n        int k,p,q,r;\n\n        cin>>k;\n\n        rep(i,k)\n\n        {\n\n            memset(d,INF,sizeof(d));\n\n            cin >> p >> q >> r;\n\n            d[p] = 0;\n\n            if(r==MONEY)\n\n            {\n\n                //rep(j,n*2){if(cs[j].a == p) d[cs[j].b] = cs[j].c;}\n\n                while(true)\n\n                {\n\n                    bool update = false;\n\n                    rep(j,n*2)\n\n                    {\n\n                        //cout <<"edge"<< j<<cs[j].a<<"to"<<cs[j].b << endl;\n\n\n\n                        if( (d[ cs[j].a] != INF) && d[cs[j].b] > d[ cs[j].a] + cs[j].c)\n\n                        {\n\n                            d[cs[j].b] = d[ cs[j].a] + cs[j].c;\n\n                            update = true;\n\n                            //cout << "updated" <<d[cs[j].b] <<endl;\n\n                        }\n\n                    }\n\n                    if(!update)break;\n\n                }\n\n                cout << d[q]<<endl;\n\n            }\n\n            else\n\n            {\n\n                //rep(j,n*2){if(ts[j].a == p) d[ts[j].b] = ts[j].c;}\n\n                while(true)\n\n                {\n\n                    bool update = false;\n\n                    rep(j,n*2)\n\n                    {\n\n                        if(d[ ts[j].a] != INF && d[ts[j].b] > d[ts[j].a] + ts[j].c)\n\n                        {\n\n                            d[ts[j].b] = d[ ts[j].a] + ts[j].c;\n\n                            update = true;\n\n                        }\n\n                    }\n\n                    if(!update)break;\n\n                }\n\n                cout << d[q]<<endl;\n\n            }\n\n        }\n\n    }\n\n\n\n    return 0;\n\n}')"
2025-01-27 01:47:51,672	[INFO]	Step: 16
2025-01-27 01:47:51,672	[INFO]	Stop Steps: 50
2025-01-27 01:47:52,613	[DEBUG]	EXEC>  SUCCESS 15888540.0
2025-01-27 01:47:52,614	[INFO]	1-7     SUCCESS              *15888540.00 (99.79%) [1 edit(s)]  
2025-01-27 01:47:52,614	[DEBUG]	patch(1-7)="LineLLMMutation(('source.cpp', 12), '#include<iostream>\n\n#include<string>\n\n#include<algorithm>\n\n#include<list>\n\n#include<set>\n\n#include<map>\n\n#include<queue>\n\n#include<stack>\n\n#include<numeric>\n\n#include<vector>\n\n#include<cstdio>\n\n#include<climits>\n\n#include<cfloat>\n\n#include<cstring>\n\n#define foreach(t,p,tit) for(t::iterator tit=p.begin();tit!=p.end();++tit)\n\n#define rforeach(t,p) for(t::reverse_iterator it=p.rbegin();it!=p.rend();++it)\n\n#define all(p) p.begin(),p.end()\n\n#define rep(i,n) for(int i=0;i<n;i++)\n\nusing namespace std;\n\nint costs[1010][1010];\n\nint times[1010][1010];\n\nint d[1010];\n\n#define INF 10000\n\nstruct E\n\n{\n\n    int a,b,c;\n\n    E(){};\n\n    E(int a,int b,int c):a(a),b(b),c(c){};\n\n};\n\n#define MONEY 0\n\n#define EKI 1\n\n\n\nint main()\n\n{\n\n    int n,m;\n\n    while(cin>>n>>m)\n\n    {\n\n        if(n==0&&m==0)break;\n\n        memset(costs,INF,sizeof(costs));\n\n        memset(times,INF,sizeof(times));\n\n        vector<E> cs;\n\n        vector<E> ts;\n\n        int a,b,c,t;\n\n        rep(i,n)\n\n        {\n\n            cin>>a>>b>>c>>t;\n\n            costs[a][b] = c; costs[b][a] = c;\n\n            times[a][b] = t; times[b][a] = t;\n\n            cs.push_back(E(a,b,c));\n\n            cs.push_back(E(b,a,c));\n\n            ts.push_back(E(a,b,t));\n\n            ts.push_back(E(b,a,t));\n\n        }\n\n        rep(i,m)\n\n        {\n\n            costs[i][i] = 0;\n\n            times[i][i] = 0;\n\n        }\n\n        int k,p,q,r;\n\n        cin>>k;\n\n        rep(i,k)\n\n        {\n\n            memset(d,INF,sizeof(d));\n\n            cin >> p >> q >> r;\n\n            d[p] = 0;\n\n            if(r==MONEY)\n\n            {\n\n                //rep(j,n*2){if(cs[j].a == p) d[cs[j].b] = cs[j].c;}\n\n                while(true)\n\n                {\n\n                    bool update = false;\n\n                    rep(j,n*2)\n\n                    {\n\n                        //cout <<"edge"<< j<<cs[j].a<<"to"<<cs[j].b << endl;\n\n\n\n                        if( (d[ cs[j].a] != INF) && d[cs[j].b] > d[ cs[j].a] + cs[j].c)\n\n                        {\n\n                            d[cs[j].b] = d[ cs[j].a] + cs[j].c;\n\n                            update = true;\n\n                            //cout << "updated" <<d[cs[j].b] <<endl;\n\n                        }\n\n                    }\n\n                    if(!update)break;\n\n                }\n\n                cout << d[q]<<endl;\n\n            }\n\n            else\n\n            {\n\n                //rep(j,n*2){if(ts[j].a == p) d[ts[j].b] = ts[j].c;}\n\n                while(true)\n\n                {\n\n                    bool update = false;\n\n                    rep(j,n*2)\n\n                    {\n\n                        if(d[ ts[j].a] != INF && d[ts[j].b] > d[ts[j].a] + ts[j].c)\n\n                        {\n\n                            d[ts[j].b] = d[ ts[j].a] + ts[j].c;\n\n                            update = true;\n\n                        }\n\n                    }\n\n                    if(!update)break;\n\n                }\n\n                cout << d[q]<<endl;\n\n            }\n\n        }\n\n    }\n\n\n\n    return 0;\n\n}')"

2025-01-27 01:47:52,614	[INFO]	Step: 17
2025-01-27 01:47:52,614	[INFO]	Stop Steps: 50
2025-01-27 01:47:53,562	[DEBUG]	EXEC>  SUCCESS 16214402.3125
2025-01-27 01:47:53,563	[INFO]	1-8     SUCCESS               16214402.31 (101.84%) [1 edit(s)]  
2025-01-27 01:47:53,563	[DEBUG]	patch(1-8)="LineLLMMutation(('source.cpp', 13), '#include<iostream>\n\n#include<string>\n\n#include<algorithm>\n\n#include<list>\n\n#include<set>\n\n#include<map>\n\n#include<queue>\n\n#include<stack>\n\n#include<numeric>\n\n#include<vector>\n\n#include<cstdio>\n\n#include<climits>\n\n#include<cfloat>\n\n#include<cstring>\n\n#define foreach(t,p,tit) for(t::iterator tit=p.begin();tit!=p.end();++tit)\n\n#define rforeach(t,p) for(t::reverse_iterator it=p.rbegin();it!=p.rend();++it)\n\n#define all(p) p.begin(),p.end()\n\n#define rep(i,n) for(int i=0;i<n;i++)\n\nusing namespace std;\n\nint costs[1010][1010];\n\nint times[1010][1010];\n\nint d[1010];\n\n#define INF 10000\n\nstruct E\n\n{\n\n    int a,b,c;\n\n    E(){};\n\n    E(int a,int b,int c):a(a),b(b),c(c){};\n\n};\n\n#define MONEY 0\n\n#define EKI 1\n\n\n\nint main()\n\n{\n\n    int n,m;\n\n    while(cin>>n>>m)\n\n    {\n\n        if(n==0&&m==0)break;\n\n        memset(costs,INF,sizeof(costs));\n\n        memset(times,INF,sizeof(times));\n\n        vector<E> cs;\n\n        vector<E> ts;\n\n        int a,b,c,t;\n\n        rep(i,n)\n\n        {\n\n            cin>>a>>b>>c>>t;\n\n            costs[a][b] = c; costs[b][a] = c;\n\n            times[a][b] = t; times[b][a] = t;\n\n            cs.push_back(E(a,b,c));\n\n            cs.push_back(E(b,a,c));\n\n            ts.push_back(E(a,b,t));\n\n            ts.push_back(E(b,a,t));\n\n        }\n\n        rep(i,m)\n\n        {\n\n            costs[i][i] = 0;\n\n            times[i][i] = 0;\n\n        }\n\n        int k,p,q,r;\n\n        cin>>k;\n\n        rep(i,k)\n\n        {\n\n            memset(d,INF,sizeof(d));\n\n            cin >> p >> q >> r;\n\n            d[p] = 0;\n\n            if(r==MONEY)\n\n            {\n\n                //rep(j,n*2){if(cs[j].a == p) d[cs[j].b] = cs[j].c;}\n\n                while(true)\n\n                {\n\n                    bool update = false;\n\n                    rep(j,n*2)\n\n                    {\n\n                        //cout <<"edge"<< j<<cs[j].a<<"to"<<cs[j].b << endl;\n\n\n\n                        if( (d[ cs[j].a] != INF) && d[cs[j].b] > d[ cs[j].a] + cs[j].c)\n\n                        {\n\n                            d[cs[j].b] = d[ cs[j].a] + cs[j].c;\n\n                            update = true;\n\n                            //cout << "updated" <<d[cs[j].b] <<endl;\n\n                        }\n\n                    }\n\n                    if(!update)break;\n\n                }\n\n                cout << d[q]<<endl;\n\n            }\n\n            else\n\n            {\n\n                //rep(j,n*2){if(ts[j].a == p) d[ts[j].b] = ts[j].c;}\n\n                while(true)\n\n                {\n\n                    bool update = false;\n\n                    rep(j,n*2)\n\n                    {\n\n                        if(d[ ts[j].a] != INF && d[ts[j].b] > d[ts[j].a] + ts[j].c)\n\n                        {\n\n                            d[ts[j].b] = d[ ts[j].a] + ts[j].c;\n\n                            update = true;\n\n                        }\n\n                    }\n\n                    if(!update)break;\n\n                }\n\n                cout << d[q]<<endl;\n\n            }\n\n        }\n\n    }\n\n\n\n    return 0;\n\n}')"
2025-01-27 01:47:53,563	[INFO]	Step: 18
2025-01-27 01:47:53,563	[INFO]	Stop Steps: 50
2025-01-27 01:47:54,508	[DEBUG]	EXEC>  SUCCESS 16109657.3125
2025-01-27 01:47:54,508	[INFO]	1-9     SUCCESS               16109657.31 (101.18%) [1 edit(s)]  
2025-01-27 01:47:54,508	[DEBUG]	patch(1-9)="LineLLMMutation(('source.cpp', 14), '#include<iostream>\n\n#include<string>\n\n#include<algorithm>\n\n#include<list>\n\n#include<set>\n\n#include<map>\n\n#include<queue>\n\n#include<stack>\n\n#include<numeric>\n\n#include<vector>\n\n#include<cstdio>\n\n#include<climits>\n\n#include<cfloat>\n\n#include<cstring>\n\n#define foreach(t,p,tit) for(t::iterator tit=p.begin();tit!=p.end();++tit)\n\n#define rforeach(t,p) for(t::reverse_iterator it=p.rbegin();it!=p.rend();++it)\n\n#define all(p) p.begin(),p.end()\n\n#define rep(i,n) for(int i=0;i<n;i++)\n\nusing namespace std;\n\nint costs[1010][1010];\n\nint times[1010][1010];\n\nint d[1010];\n\n#define INF 10000\n\nstruct E\n\n{\n\n    int from,to,cost;\n\n    E(){};\n\n    E(int from,int to,int cost):from(from),to(to),cost(cost){};\n\n};\n\n#define MONEY 0\n\n#define EKI 1\n\n\n\nint main()\n\n{\n\n    int n,m;\n\n    while(cin>>n>>m)\n\n    {\n\n        if(n==0&&m==0)break;\n\n        memset(costs,INF,sizeof(costs));\n\n        memset(times,INF,sizeof(times));\n\n        vector<E> cs;\n\n        vector<E> ts;\n\n        int from,to,cost,time;\n\n        rep(i,n)\n\n        {\n\n            cin>>from>>to>>cost>>time;\n\n            costs[from][to] = cost; costs[to][from] = cost;\n\n            times[from][to] = time; times[to][from] = time;\n\n            cs.push_back(E(from,to,cost));\n\n            cs.push_back(E(to,from,cost));\n\n            ts.push_back(E(from,to,time));\n\n            ts.push_back(E(to,from,time));\n\n        }\n\n        rep(i,m)\n\n        {\n\n            costs[i][i] = 0;\n\n            times[i][i] = 0;\n\n        }\n\n        int k,start,dest,type;\n\n        cin>>k;\n\n        rep(i,k)\n\n        {\n\n            memset(d,INF,sizeof(d));\n\n            cin >> start >> dest >> type;\n\n            d[start] = 0;\n\n            if(type==MONEY)\n\n            {\n\n                //rep(j,n*2){if(cs[j].from == start) d[cs[j].to] = cs[j].cost;}\n\n                while(true)\n\n                {\n\n                    bool update = false;\n\n                    rep(j,n*2)\n\n                    {\n\n                        //cout <<"edge"<< j<<cs[j].from<<"to"<<cs[j].to << endl;\n\n\n\n                        if( (d[ cs[j].from] != INF) && d[cs[j].to] > d[ cs[j].from] + cs[j].cost)\n\n                        {\n\n                            d[cs[j].to] = d[ cs[j].from] + cs[j].cost;\n\n                            update = true;\n\n                            //cout << "updated" <<d[cs[j].to] <<endl;\n\n                        }\n\n                    }\n\n                    if(!update)break;\n\n                }\n\n                cout << d[dest]<<endl;\n\n            }\n\n            else\n\n            {\n\n                //rep(j,n*2){if(ts[j].from == start) d[ts[j].to] = ts[j].cost;}\n\n                while(true)\n\n                {\n\n                    bool update = false;\n\n                    rep(j,n*2)\n\n                    {\n\n                        if(d[ ts[j].from] != INF && d[ts[j].to] > d[ts[j].from] + ts[j].cost)\n\n                        {\n\n                            d[ts[j].to] = d[ ts[j].from] + ts[j].cost;\n\n                            update = true;\n\n                        }\n\n                    }\n\n                    if(!update)break;\n\n                }\n\n                cout << d[dest]<<endl;\n\n            }\n\n        }\n\n    }\n\n\n\n    return 0;\n\n}')"
2025-01-27 01:47:54,509	[INFO]	Step: 19
2025-01-27 01:47:54,509	[INFO]	Stop Steps: 50
2025-01-27 01:47:55,476	[DEBUG]	EXEC>  SUCCESS 16149557.0
2025-01-27 01:47:55,477	[INFO]	1-10    SUCCESS               16149557.00 (101.43%) [1 edit(s)]  
2025-01-27 01:47:55,477	[DEBUG]	patch(1-10)="LineLLMMutation(('source.cpp', 15), '#include<iostream>\n\n#include<string>\n\n#include<algorithm>\n\n#include<list>\n\n#include<set>\n\n#include<map>\n\n#include<queue>\n\n#include<stack>\n\n#include<numeric>\n\n#include<vector>\n\n#include<cstdio>\n\n#include<climits>\n\n#include<cfloat>\n\n#include<cstring>\n\n#define foreach(t,p,tit) for(t::iterator tit=p.begin();tit!=p.end();++tit)\n\n#define rforeach(t,p) for(t::reverse_iterator it=p.rbegin();it!=p.rend();++it)\n\n#define all(p) p.begin(),p.end()\n\n#define rep(i,n) for(int i=0;i<n;i++)\n\nusing namespace std;\n\nint costs[1010][1010];\n\nint times[1010][1010];\n\nint d[1010];\n\n#define INF 10000\n\nstruct E\n\n{\n\n    int from,to,cost;\n\n    E(){};\n\n    E(int from,int to,int cost):from(from),to(to),cost(cost){};\n\n};\n\n#define MONEY 0\n\n#define EKI 1\n\n\n\nint main()\n\n{\n\n    int n,m;\n\n    while(cin>>n>>m)\n\n    {\n\n        if(n==0&&m==0)break;\n\n        memset(costs,INF,sizeof(costs));\n\n        memset(times,INF,sizeof(times));\n\n        vector<E> cs;\n\n        vector<E> ts;\n\n        int from,to,cost,time;\n\n        rep(i,n)\n\n        {\n\n            cin>>from>>to>>cost>>time;\n\n            costs[from][to] = cost; costs[to][from] = cost;\n\n            times[from][to] = time; times[to][from] = time;\n\n            cs.push_back(E(from,to,cost));\n\n            cs.push_back(E(to,from,cost));\n\n            ts.push_back(E(from,to,time));\n\n            ts.push_back(E(to,from,time));\n\n        }\n\n        rep(i,m)\n\n        {\n\n            costs[i][i] = 0;\n\n            times[i][i] = 0;\n\n        }\n\n        int k,start,dest,type;\n\n        cin>>k;\n\n        rep(i,k)\n\n        {\n\n            memset(d,INF,sizeof(d));\n\n            cin >> start >> dest >> type;\n\n            d[start] = 0;\n\n            if(type==MONEY)\n\n            {\n\n                while(true)\n\n                {\n\n                    bool update = false;\n\n                    rep(j,n*2)\n\n                    {\n\n                        if( (d[ cs[j].from] != INF) && d[cs[j].to] > d[ cs[j].from] + cs[j].cost)\n\n                        {\n\n                            d[cs[j].to] = d[ cs[j].from] + cs[j].cost;\n\n                            update = true;\n\n                        }\n\n                    }\n\n                    if(!update)break;\n\n                }\n\n                cout << d[dest]<<endl;\n\n            }\n\n            else\n\n            {\n\n                while(true)\n\n                {\n\n                    bool update = false;\n\n                    rep(j,n*2)\n\n                    {\n\n                        if(d[ ts[j].from] != INF && d[ts[j].to] > d[ts[j].from] + ts[j].cost)\n\n                        {\n\n                            d[ts[j].to] = d[ ts[j].from] + ts[j].cost;\n\n                            update = true;\n\n                        }\n\n                    }\n\n                    if(!update)break;\n\n                }\n\n                cout << d[dest]<<endl;\n\n            }\n\n        }\n\n    }\n\n\n\n    return 0;\n\n}')"
2025-01-27 01:47:55,477	[INFO]	Step: 20
2025-01-27 01:47:55,477	[INFO]	Stop Steps: 50
2025-01-27 01:47:57,398	[DEBUG]	EXEC>  SUCCESS 15996422.5
2025-01-27 01:47:57,399	[INFO]	REF     SUCCESS               15996422.50 (--) [0 edit(s)]  
2025-01-27 01:47:57,399	[INFO]	Best patch: 12
2025-01-27 01:47:58,342	[DEBUG]	EXEC>  SUCCESS 16090759.8125
2025-01-27 01:47:58,343	[INFO]	BEST    SUCCESS               16090759.81 (100.59%) [0 edit(s)]  
2025-01-27 01:47:58,343	[INFO]	Best patch step: 16
2025-01-27 01:49:42,442	[INFO]	~~~~ END ~~~~
2025-01-27 01:49:42,442	[INFO]	Best patch step: 16
