2025-01-27 01:54:46,974	[DEBUG]	==== CONFIG ====
[magpie]
import = 
seed = 7874171846997670
log_dir = _magpie_logs
work_dir = _magpie_work
local_original_copy = True
local_original_name = __original__
output_encoding = ascii
edit_retries = 10
default_timeout = 30
default_lengthout = 10000.0
diff_method = unified
trust_local_filesystem = True

[magpie.log]
color_output = True
format_info = {counter:<7} {status:<20} {best}{fitness} ({ratio}) [{size}] {cached} {log}
format_debug = patch({counter})="{patch}"{diffifbest}
format_fitness = {:.2f}
format_ratio = {:.2%%}
format_patchif = 
	 --> {patch}
format_diffif = 
	{diff}

[software]
path = dataset/magpie_dataset/train/0055
target_files = 
	source.cpp
software = BasicSoftware
model_rules = 
	*.params : ParamFileConfigModel
	*.xml : SrcmlModel
	* : LineModel
model_config = 
	*.params : [paramconfig]
	*.xml : [srcml]
init_cmd = 
init_timeout = 60
init_lengthout = -1
setup_cmd = bash setup.sh
setup_timeout = 
setup_lengthout = 
compile_cmd = bash compile.sh
compile_timeout = 
compile_lengthout = 
test_cmd = bash test.sh
test_timeout = 
test_lengthout = 
run_cmd = bash run.sh
run_timeout = 3
run_lengthout = 
batch_timeout = 
batch_lengthout = 
batch_bin_fitness_strategy = aggregate
batch_fitness_strategy = sum
fitness = time

[srcml]
rename = 
	stmt: break continue decl_stmt do expr_stmt for goto if return switch while
	number: literal_number
focus = block stmt operator_comp operator_arith number
internodes = block
process_pseudo_blocks = True
process_literals = True
process_operators = True

[paramconfig]
timing = test run
cli_prefix = --
cli_glue = =
cli_boolean = show
cli_boolean_prefix_true = 
cli_boolean_prefix_false = no-
cli_none = hide
silent_prefix = @
silent_suffix = $

[search]
protocol = BasicProtocol
algorithm = GeneticProgrammingLLM
possible_edits = 
	LineLLMMutation
	LineLLMCrossover
	LineDeletion
	LineInsertion
	LineReplacement
llm_prob = 1.0
warmup = 5
warmup_strategy = last
max_steps = 50
max_time = 20000
target_fitness = 
cache_maxsize = 100
cache_keep = 0.2
batch_instances = 
batch_shuffle = True
batch_bin_shuffle = False
batch_sample_size = 1

[search.ls]
delete_prob = 0.5
max_neighbours = 
when_trapped = continue
accept_fail = False
tabu_length = 10

[search.gp]
pop_size = 10
delete_prob = 0.0
offspring_elitism = 0.2
offspring_crossover = 0.4
offspring_mutation = 0.4
uniform_rate = 0.5
batch_reset = True
llm_type = baseline

[search.minify]
do_cleanup = True
do_rebuild = True
do_simplify = True
round_robin_limit = 3


2025-01-27 01:54:46,975	[DEBUG]	
2025-01-27 01:54:46,975	[INFO]	==== SEARCH: GeneticProgrammingLLM ====
2025-01-27 01:54:46,975	[INFO]	~~~~ WARMUP ~~~~
2025-01-27 01:54:48,239	[DEBUG]	EXEC>  SUCCESS 3237224.3125
2025-01-27 01:54:48,239	[INFO]	WARM    SUCCESS               3237224.31 (--) [0 edit(s)]  
2025-01-27 01:54:49,003	[DEBUG]	EXEC>  SUCCESS 3237787.5
2025-01-27 01:54:49,004	[INFO]	WARM    SUCCESS               3237787.50 (--) [0 edit(s)]  
2025-01-27 01:54:49,778	[DEBUG]	EXEC>  SUCCESS 3221595.875
2025-01-27 01:54:49,779	[INFO]	WARM    SUCCESS               3221595.88 (--) [0 edit(s)]  
2025-01-27 01:54:50,559	[DEBUG]	EXEC>  SUCCESS 3250262.25
2025-01-27 01:54:50,560	[INFO]	WARM    SUCCESS               3250262.25 (--) [0 edit(s)]  
2025-01-27 01:54:51,336	[DEBUG]	EXEC>  SUCCESS 3242137.25
2025-01-27 01:54:51,336	[INFO]	WARM    SUCCESS               3242137.25 (--) [0 edit(s)]  
2025-01-27 01:54:51,336	[INFO]	REF     SUCCESS               3242137.25 (--) [0 edit(s)]  
2025-01-27 01:54:51,337	[INFO]	
2025-01-27 01:54:51,337	[INFO]	~~~~ START ~~~~
2025-01-27 01:55:44,294	[INFO]	0-1     TEST_CODE_ERROR       None (--) [1 edit(s)]  
2025-01-27 01:55:44,294	[DEBUG]	patch(0-1)="LineLLMMutation(('source.cpp', 0), '#include<algorithm>\n\n#include<iostream>\n\n\n\nconst int INF = 1 << 29;\n\n\n\nint n, m;\n\nint d[2][3000][3000];\n\n\n\nint main()\n\n{\n\n\tstd::cin >> n >> m;\n\n\n\n\tstd::fill_n(&d[0][0][0], 2*n*n, INF);\n\n\tfor( int i = 0; i != n; ++i )\n\n\t\td[0][i][i] = d[1][i][i] = 0;\n\n\n\n\tfor( int i = 0; i != m; ++i )\n\n\t{\n\n\t\tint a, b, c, t;\n\n\t\tstd::cin >> a >> b >> c >> t;\n\n\t\td[0][a-1][b-1] = d[0][b-1][a-1] = c;\n\n\t\td[1][a-1][b-1] = d[1][b-1][a-1] = t;\n\n\t}\n\n\n\n\tfor( int k = 0; k != n; ++k )\n\n\t\tfor( int i = 0; i != n; ++i )\n\n\t\t\tfor( int j = 0; j != n; ++j )\n\n\t\t\t\tfor( int l = 0; l != 2; ++l )\n\n\t\t\t\t\td[l][i][j] = std::min( d[l][i][j], d[l][i][k] + d[l][k][j] );\n\n\n\n\tint k;\n\n\tstd::cin >> k;\n\n\twhile( k-- )\n\n\t{\n\n\t\tint p, q, r;\n\n\t\tstd::cin >> p >> q >> r;\n\n\n\n\t\tstd::cout << d[r][p-1][q-1] << std::endl;\n\n\t}\n\n\n\n\treturn 0;\n\n}')"
2025-01-27 01:55:48,095	[INFO]	0-2     TEST_CODE_ERROR       None (--) [1 edit(s)]  
2025-01-27 01:55:48,095	[DEBUG]	patch(0-2)="LineLLMMutation(('source.cpp', 1), '#include<algorithm>\n\n#include<iostream>\n\n\n\nconst int INF = 1 << 29;\n\n\n\nint n, m;\n\nint d[2][3000][3000];\n\n\n\nint main()\n\n{\n\n\tstd::cin >> n >> m;\n\n\n\n\tfor( int i = 0; i != n; ++i )\n\n\t\tfor( int j = 0; j != n; ++j )\n\n\t\t\tfor( int k = 0; k != 2; ++k )\n\n\t\t\t\td[k][i][j] = i == j ? 0 : INF;\n\n\n\n\tfor( int i = 0; i != m; ++i )\n\n\t{\n\n\t\tint a, b, c, t;\n\n\t\tstd::cin >> a >> b >> c >> t;\n\n\t\td[0][a-1][b-1] = d[0][b-1][a-1] = c;\n\n\t\td[1][a-1][b-1] = d[1][b-1][a-1] = t;\n\n\t}\n\n\n\n\tfor( int k = 0; k != n; ++k )\n\n\t\tfor( int i = 0; i != n; ++i )\n\n\t\t\tfor( int j = 0; j != n; ++j )\n\n\t\t\t\tfor( int l = 0; l != 2; ++l )\n\n\t\t\t\t\td[l][i][j] = std::min( d[l][i][j], d[l][i][k] + d[l][k][j] );\n\n\n\n\tint k;\n\n\tstd::cin >> k;\n\n\twhile( k-- )\n\n\t{\n\n\t\tint p, q, r;\n\n\t\tstd::cin >> p >> q >> r;\n\n\n\n\t\tstd::cout << d[r][p-1][q-1] << std::endl;\n\n\t}\n\n\n\n\treturn 0;\n\n}')"
2025-01-27 01:55:51,886	[INFO]	0-3     TEST_CODE_ERROR       None (--) [1 edit(s)]  
2025-01-27 01:55:51,886	[DEBUG]	patch(0-3)="LineLLMMutation(('source.cpp', 2), '#include<algorithm>\n\n#include<iostream>\n\n\n\nconst int INF = 1 << 29;\n\n\n\nint n, m;\n\nint d[2][3000][3000];\n\n\n\nint main()\n\n{\n\n\tstd::cin >> n >> m;\n\n\n\n\tfor( int i = 0; i != n; ++i )\n\n\t\tfor( int j = 0; j != n; ++j )\n\n\t\t\tfor( int k = 0; k != 2; ++k )\n\n\t\t\t\td[k][i][j] = i == j ? 0 : INF;\n\n\n\n\tfor( int i = 0; i != m; ++i )\n\n\t{\n\n\t\tint a, b, c, t;\n\n\t\tstd::cin >> a >> b >> c >> t;\n\n\t\td[0][a-1][b-1] = d[0][b-1][a-1] = c;\n\n\t\td[1][a-1][b-1] = d[1][b-1][a-1] = t;\n\n\t}\n\n\n\n\tfor( int k = 0; k != n; ++k )\n\n\t\tfor( int i = 0; i != n; ++i )\n\n\t\t\tfor( int j = 0; j != n; ++j )\n\n\t\t\t\tfor( int l = 0; l != 2; ++l )\n\n\t\t\t\t\td[l][i][j] = std::min( d[l][i][j], d[l][i][k] + d[l][k][j] );\n\n\n\n\tint k;\n\n\tstd::cin >> k; while(k--)\n\n\t{\n\n\t\tint p, q, r;\n\n\t\tstd::cin >> p >> q >> r;\n\n\n\n\t\tstd::cout << d[r][p-1][q-1] << std::endl;\n\n\t}\n\n\n\n\treturn 0;\n\n}')"
2025-01-27 01:55:55,677	[INFO]	0-4     TEST_CODE_ERROR       None (--) [1 edit(s)]  
2025-01-27 01:55:55,677	[DEBUG]	patch(0-4)="LineLLMMutation(('source.cpp', 3), '#include<algorithm>\n\n#include<iostream>\n\n\n\nconst int INF = 1 << 29;\n\n\n\nint n, m;\n\nint d[2][3000][3000];\n\n\n\nint main()\n\n{\n\n\tstd::cin >> n >> m;\n\n\n\n\tfor( int i = n; i--; )\n\n\t\tfor( int j = n; j--; )\n\n\t\t\td[0][i][j] = d[1][i][j] = ( i == j ? 0 : INF );\n\n\n\n\tfor( int i = 0; i != m; ++i )\n\n\t{\n\n\t\tint a, b, c, t;\n\n\t\tstd::cin >> a >> b >> c >> t;\n\n\t\td[0][a-1][b-1] = d[0][b-1][a-1] = c;\n\n\t\td[1][a-1][b-1] = d[1][b-1][a-1] = t;\n\n\t}\n\n\n\n\tfor( int k = 0; k != n; ++k )\n\n\t\tfor( int i = 0; i != n; ++i )\n\n\t\t\tfor( int j = 0; j != n; ++j )\n\n\t\t\t\tfor( int l = 0; l != 2; ++l )\n\n\t\t\t\t\td[l][i][j] = std::min( d[l][i][j], d[l][i][k] + d[l][k][j] );\n\n\n\n\tint k;\n\n\tstd::cin >> k;\n\n\twhile( k-- )\n\n\t{\n\n\t\tint p, q, r;\n\n\t\tstd::cin >> p >> q >> r;\n\n\n\n\t\tstd::cout << d[r][p-1][q-1] << std::endl;\n\n\t}\n\n\n\n\treturn 0;\n\n}')"
2025-01-27 01:55:59,474	[INFO]	0-5     TEST_CODE_ERROR       None (--) [1 edit(s)]  
2025-01-27 01:55:59,474	[DEBUG]	patch(0-5)="LineLLMMutation(('source.cpp', 4), '#include<algorithm>\n\n#include<iostream>\n\n\n\nconst int INF = 1 << 29;\n\n\n\nint n, m;\n\nint d[2][3000][3000];\n\n\n\nint main()\n\n{\n\n\tstd::cin >> n >> m;\n\n\n\n\tfor( int i = 0; i != n; ++i )\n\n\t\tfor( int j = 0; j != n; ++j )\n\n\t\t\tfor( int k = 0; k != 2; ++k )\n\n\t\t\t\td[k][i][j] = i == j ? 0 : INF;\n\n\n\n\tfor( int i = 0; i != m; ++i )\n\n\t{\n\n\t\tint a, b, c, t;\n\n\t\tstd::cin >> a >> b >> c >> t;\n\n\t\td[0][a-1][b-1] = d[0][b-1][a-1] = c;\n\n\t\td[1][a-1][b-1] = d[1][b-1][a-1] = t;\n\n\t}\n\n\n\n\tfor( int k = 0; k != n; ++k )\n\n\t\tfor( int i = 0; i != n; ++i )\n\n\t\t\tfor( int j = 0; j != n; ++j )\n\n\t\t\t\tfor( int l = 0; l != 2; ++l )\n\n\t\t\t\t\td[l][i][j] = std::min( d[l][i][j], d[l][i][k] + d[l][k][j] );\n\n\n\n\tint k;\n\n\tstd::cin >> k; while(k--)\n\n\t{\n\n\t\tint p, q, r;\n\n\t\tstd::cin >> p >> q >> r;\n\n\n\n\t\tstd::cout << d[r][p-1][q-1] << std::endl;\n\n\t}\n\n\n\n\treturn 0;\n\n}')"
2025-01-27 01:56:03,265	[INFO]	0-6     TEST_CODE_ERROR       None (--) [1 edit(s)]  
2025-01-27 01:56:03,265	[DEBUG]	patch(0-6)="LineLLMMutation(('source.cpp', 5), '#include<algorithm>\n\n#include<iostream>\n\n\n\nconst int INF = 1 << 29;\n\n\n\nint n, m;\n\nint d[2][3000][3000];\n\n\n\nint main()\n\n{\n\n\tstd::cin >> n >> m;\n\n\n\n\tfor( int i = 0; i != n; ++i )\n\n\t\tfor( int j = 0; j != n; ++j )\n\n\t\t\tfor( int k = 0; k != 2; ++k )\n\n\t\t\t\td[0][i][j] = d[1][i][j] = ( i == j ? 0 : INF );\n\n\n\n\tfor( int i = 0; i != m; ++i )\n\n\t{\n\n\t\tint a, b, c, t;\n\n\t\tstd::cin >> a >> b >> c >> t;\n\n\t\td[0][a-1][b-1] = d[0][b-1][a-1] = c;\n\n\t\td[1][a-1][b-1] = d[1][b-1][a-1] = t;\n\n\t}\n\n\n\n\tfor( int k = 0; k != n; ++k )\n\n\t\tfor( int i = 0; i != n; ++i )\n\n\t\t\tfor( int j = 0; j != n; ++j )\n\n\t\t\t\tfor( int l = 0; l != 2; ++l )\n\n\t\t\t\t\td[l][i][j] = std::min( d[l][i][j], d[l][i][k] + d[l][k][j] );\n\n\n\n\tint k;\n\n\tstd::cin >> k;\n\n\twhile( k-- )\n\n\t{\n\n\t\tint p, q, r;\n\n\t\tstd::cin >> p >> q >> r;\n\n\n\n\t\tstd::cout << d[r][p-1][q-1] << std::endl;\n\n\t}\n\n\n\n\treturn 0;\n\n}')"
2025-01-27 01:56:07,041	[INFO]	0-7     TEST_CODE_ERROR       None (--) [1 edit(s)]  
2025-01-27 01:56:07,042	[DEBUG]	patch(0-7)="LineLLMMutation(('source.cpp', 6), '#include<algorithm>\n\n#include<iostream>\n\n\n\nconst int INF = 1 << 29;\n\n\n\nint n, m;\n\nint d[2][3000][3000];\n\n\n\nint main()\n\n{\n\n\tstd::cin >> n >> m;\n\n\n\n\tfor( int i = 0; i != n; ++i )\n\n\t\tfor( int j = 0; j != n; ++j )\n\n\t\t\tfor( int k = 0; k != 2; ++k )\n\n\t\t\t\td[k][i][j] = i == j ? 0 : INF;\n\n\n\n\tfor( int i = 0; i != m; ++i )\n\n\t{\n\n\t\tint a, b, c, t;\n\n\t\tstd::cin >> a >> b >> c >> t;\n\n\t\td[0][a-1][b-1] = d[0][b-1][a-1] = c;\n\n\t\td[1][a-1][b-1] = d[1][b-1][a-1] = t;\n\n\t}\n\n\n\n\tfor( int k = 0; k != n; ++k )\n\n\t\tfor( int i = 0; i != n; ++i )\n\n\t\t\tfor( int j = 0; j != n; ++j )\n\n\t\t\t\tfor( int l = 0; l != 2; ++l )\n\n\t\t\t\t\td[l][i][j] = std::min( d[l][i][j], d[l][i][k] + d[l][k][j] );\n\n\n\n\tint k;\n\n\tstd::cin >> k;\n\n\twhile( k-- )\n\n\t{\n\n\t\tint p, q, r;\n\n\t\tstd::cin >> p >> q >> r;\n\n\n\n\t\tstd::cout << d[r][p-1][q-1] << std::endl;\n\n\t}\n\n\n\n\treturn 0;\n\n}')"
2025-01-27 01:56:10,818	[INFO]	0-8     TEST_CODE_ERROR       None (--) [1 edit(s)]  
2025-01-27 01:56:10,819	[DEBUG]	patch(0-8)="LineLLMMutation(('source.cpp', 7), '#include<algorithm>\n\n#include<iostream>\n\n\n\nconst int INF = 1 << 29;\n\n\n\nint n, m;\n\nint d[2][3000][3000];\n\n\n\nint main()\n\n{\n\n\tstd::cin >> n >> m;\n\n\n\n\tfor( int i = n; i--; )\n\n\t\tfor( int j = n; j--; )\n\n\t\t\td[0][i][j] = d[1][i][j] = ( i == j ? 0 : INF );\n\n\n\n\tfor( int i = 0; i != m; ++i )\n\n\t{\n\n\t\tint a, b, c, t;\n\n\t\tstd::cin >> a >> b >> c >> t;\n\n\t\td[0][a-1][b-1] = d[0][b-1][a-1] = c;\n\n\t\td[1][a-1][b-1] = d[1][b-1][a-1] = t;\n\n\t}\n\n\n\n\tfor( int k = 0; k != n; ++k )\n\n\t\tfor( int i = 0; i != n; ++i )\n\n\t\t\tfor( int j = 0; j != n; ++j )\n\n\t\t\t\tfor( int l = 0; l != 2; ++l )\n\n\t\t\t\t\td[l][i][j] = std::min( d[l][i][j], d[l][i][k] + d[l][k][j] );\n\n\n\n\tint k;\n\n\tstd::cin >> k;\n\n\twhile( k-- )\n\n\t{\n\n\t\tint p, q, r;\n\n\t\tstd::cin >> p >> q >> r;\n\n\n\n\t\tstd::cout << d[r][p-1][q-1] << std::endl;\n\n\t}\n\n\n\n\treturn 0;\n\n}')"
2025-01-27 01:56:14,621	[INFO]	0-9     TEST_CODE_ERROR       None (--) [1 edit(s)]  
2025-01-27 01:56:14,621	[DEBUG]	patch(0-9)="LineLLMMutation(('source.cpp', 8), '#include<algorithm>\n\n#include<iostream>\n\n\n\nconst int INF = 1 << 29;\n\n\n\nint n, m;\n\nint d[2][3000][3000];\n\n\n\nint main()\n\n{\n\n\tstd::cin >> n >> m;\n\n\n\n\tfor( int i = 0; i != n; ++i )\n\n\t\tfor( int j = 0; j != n; ++j )\n\n\t\t\tfor( int k = 0; k != 2; ++k )\n\n\t\t\t\td[k][i][j] = i == j ? 0 : INF;\n\n\n\n\tfor( int i = 0; i != m; ++i )\n\n\t{\n\n\t\tint a, b, c, t;\n\n\t\tstd::cin >> a >> b >> c >> t;\n\n\t\td[0][a-1][b-1] = d[0][b-1][a-1] = c;\n\n\t\td[1][a-1][b-1] = d[1][b-1][a-1] = t;\n\n\t}\n\n\n\n\tfor( int k = 0; k != n; ++k )\n\n\t\tfor( int i = 0; i != n; ++i )\n\n\t\t\tfor( int j = 0; j != n; ++j )\n\n\t\t\t\tfor( int l = 0; l != 2; ++l )\n\n\t\t\t\t\td[l][i][j] = std::min( d[l][i][j], d[l][i][k] + d[l][k][j] );\n\n\n\n\tint k;\n\n\tstd::cin >> k; while(k--)\n\n\t{\n\n\t\tint p, q, r;\n\n\t\tstd::cin >> p >> q >> r;\n\n\n\n\t\tstd::cout << d[r][p-1][q-1] << std::endl;\n\n\t}\n\n\n\n\treturn 0;\n\n}')"
2025-01-27 01:56:18,411	[INFO]	0-10    TEST_CODE_ERROR       None (--) [1 edit(s)]  
2025-01-27 01:56:18,411	[DEBUG]	patch(0-10)="LineLLMMutation(('source.cpp', 9), '#include<algorithm>\n\n#include<iostream>\n\n\n\nconst int INF = 1 << 29;\n\n\n\nint n, m;\n\nint d[2][3000][3000];\n\n\n\nint main()\n\n{\n\n\tstd::cin >> n >> m;\n\n\n\n\tfor( int i = 0; i != n; ++i )\n\n\t\tfor( int j = 0; j != n; ++j )\n\n\t\t\tfor( int k = 0; k != 2; ++k )\n\n\t\t\t\td[k][i][j] = i == j ? 0 : INF;\n\n\n\n\tfor( int i = 0; i != m; ++i )\n\n\t{\n\n\t\tint a, b, c, t;\n\n\t\tstd::cin >> a >> b >> c >> t;\n\n\t\td[0][a-1][b-1] = d[0][b-1][a-1] = c;\n\n\t\td[1][a-1][b-1] = d[1][b-1][a-1] = t;\n\n\t}\n\n\n\n\tfor( int k = 0; k != n; ++k )\n\n\t\tfor( int i = 0; i != n; ++i )\n\n\t\t\tfor( int j = 0; j != n; ++j )\n\n\t\t\t\tfor( int l = 0; l != 2; ++l )\n\n\t\t\t\t\td[l][i][j] = std::min( d[l][i][j], d[l][i][k] + d[l][k][j] );\n\n\n\n\tint k;\n\n\tstd::cin >> k;\n\n\twhile( k-- )\n\n\t{\n\n\t\tint p, q, r;\n\n\t\tstd::cin >> p >> q >> r;\n\n\n\n\t\tstd::cout << d[r][p-1][q-1] << std::endl;\n\n\t}\n\n\n\n\treturn 0;\n\n}')"
2025-01-27 01:56:19,411	[INFO]	Step: 10
2025-01-27 01:56:19,411	[INFO]	Stop Steps: 50
2025-01-27 01:56:21,286	[DEBUG]	EXEC>  SUCCESS 3220650.3125
2025-01-27 01:56:21,286	[INFO]	REF     SUCCESS               3220650.31 (--) [0 edit(s)]  
2025-01-27 01:56:21,287	[INFO]	Best patch step: None
2025-01-27 01:56:55,637	[INFO]	Step: 10
2025-01-27 01:56:55,637	[INFO]	Stop Steps: 50
2025-01-27 01:56:55,890	[INFO]	1-1     TEST_CODE_ERROR       None (--) [1 edit(s)]  
2025-01-27 01:56:55,890	[DEBUG]	patch(1-1)="LineLLMCrossover(('source.cpp', 0), '#include <cstdio>\n#include <cstring>\n#include <algorithm>\nusing namespace std;\nchar str[200005];\nint main(){\n\tscanf("%s",str);\n\tint ans = 0;\n\tint a=-1;\n\tfor(int i=0;str[i];i++){\n\t\tif(str[i]==\'Z\'){\n\t\t\tif(a!=-1)\n\t\t\t\tans = max(ans,i-a);\n\t\t}else if(str[i]==\'A\' && a==-1)\n\t\t\ta = i;\n\t}\n\tprintf("%d\\n",ans+1);\n\treturn 0;\n}')"
2025-01-27 01:56:55,890	[INFO]	Step: 11
2025-01-27 01:56:55,890	[INFO]	Stop Steps: 50
2025-01-27 01:56:56,046	[INFO]	1-2     COMPILE_CODE_ERROR    None (--) [1 edit(s)]  
2025-01-27 01:56:56,046	[DEBUG]	patch(1-2)="LineLLMCrossover(('source.cpp', 1), '#include <cstdio>\n#include <algorithm>\nusing namespace std;\nint n;\nlong long a[maxn], b[maxn];\nint main(void) {\n\tscanf("%d", &n);\n\tfor (int i = 0; i < n; ++i) {\n\t\tscanf("%d%d", &a[i], &b[i]);\n\t}\n\tlong long ans = 0;\n\tfor (int i = n - 1; i >= 0; --i) {\n\t\tlong long cur = a[i] + ans;\n\t\tlong long tar = (cur + b[i] - 1) / b[i] * b[i];\n\t\tans += tar - cur;\n\t}\n\tprintf("%lld\\n", ans);\n}')"
2025-01-27 01:56:56,046	[INFO]	Step: 12
2025-01-27 01:56:56,046	[INFO]	Stop Steps: 50
2025-01-27 01:56:58,505	[INFO]	1-3     TEST_CODE_ERROR       None (--) [1 edit(s)]  
2025-01-27 01:56:58,506	[DEBUG]	patch(1-3)="LineLLMCrossover(('source.cpp', 2), '#include <cstdio>\n#include <cstring>\nusing namespace std;\nconst int maxn = 1e5;\nint n, a[maxn], b[maxn];\nint main(void) {\n\tscanf("%d", &n);\n\tfor (int i = 0; i < n; ++i) {\n\t\tscanf("%d%d", a + i, b + i);\n\t\tint ans = 0;\n\t\tfor (int i = n - 1; i >= 0; --i) {\n\t\t\tlong long cur = a[i] + ans;\n\t\t\tlong long tar = (cur + b[i] - 1) / b[i] * b[i];\n\t\t\tans += tar - cur;\n\t\t}\n\t\tprintf("%lld\\n", ans);\n\t}\n}')"
2025-01-27 01:56:58,506	[INFO]	Step: 13
2025-01-27 01:56:58,506	[INFO]	Stop Steps: 50
2025-01-27 01:56:58,670	[INFO]	1-4     COMPILE_CODE_ERROR    None (--) [1 edit(s)]  
2025-01-27 01:56:58,671	[DEBUG]	patch(1-4)="LineLLMCrossover(('source.cpp', 3), '#include <cstdio>\n#include <cstring>\n#include <algorithm>\nusing namespace std;\nchar str[200005];\nint main(){\n\tscanf("%s",str);\n\tint ans = 0;\n\tint a=-1;\n\tint n;\n\tscanf("%d", &n);\n\tfor (int i = 0; i < n; ++i) {\n\t\tscanf("%d%d", &a[i], &b[i]);\n\t}\n\tfor(int i=0;str[i];i++){\n\t\tif(str[i]==\'Z\'){\n\t\t\tif(a!=-1)\n\t\t\t\tans = max(ans,i-a);\n\t\t}else if(str[i]==\'A\' && a==-1)\n\t\t\ta = i;\n\t}\n\tprintf("%d\\n",ans+1);\n\treturn 0;\n}')"
2025-01-27 01:56:58,671	[INFO]	Step: 14
2025-01-27 01:56:58,671	[INFO]	Stop Steps: 50
2025-01-27 01:56:58,772	[INFO]	1-5     COMPILE_CODE_ERROR    None (--) [1 edit(s)]  
2025-01-27 01:56:58,772	[DEBUG]	patch(1-5)="LineLLMMutation(('source.cpp', 10), '#include<cstdio>\n\nconst int INF = 1 << 29;\n\nint n, m;\n\nint d[2][3000][3000];\n\nint main(){\n\n\tscanf("%d%d", &n, &m);\n\n\tfor(int i = 0; i != n; ++i)\n\n\t\tfor(int j = 0; j != n; ++j)\n\n\t\t\tfor(int k = 0; k != 2; ++k)\n\n\t\t\t\td[k][i][j] = i == j ? 0 : INF;\n\n\tint a, b, c, t;\n\n\tfor(int i = 0; i != m; ++i){\n\n\t\tscanf("%d%d%d%d", &a, &b, &c, &t);\n\n\t\td[0][a-1][b-1] = d[0][b-1][a-1] = c;\n\n\t\td[1][a-1][b-1] = d[1][b-1][a-1] = t;\n\n\t}\n\n\tfor(int k = 0; k != n; ++k)\n\n\t\tfor(int i = 0; i != n; ++i)\n\n\t\t\tfor(int j = 0; j != n; ++j)\n\n\t\t\t\tfor(int l = 0; l != 2; ++l)\n\n\t\t\t\t\td[l][i][j] = std::min(d[l][i][j], d[l][i][k] + d[l][k][j]);\n\n\tint k;\n\n\tscanf("%d", &k);\n\n\twhile(k--){\n\n\t\tscanf("%d%d%d", &p, &q, &r);\n\n\t\tprintf("%d\\n", d[r][p-1][q-1]);\n\n\t}\n\n\treturn 0;\n\n}')"
2025-01-27 01:56:58,772	[INFO]	Step: 15
2025-01-27 01:56:58,772	[INFO]	Stop Steps: 50
2025-01-27 01:56:58,865	[INFO]	1-6     COMPILE_CODE_ERROR    None (--) [1 edit(s)]  
2025-01-27 01:56:58,866	[DEBUG]	patch(1-6)="LineLLMMutation(('source.cpp', 11), '#include<cstdio>\n\nconst int INF = 1 << 29;\n\nint n, m;\n\nint d[2][3000][3000];\n\nint main(){\n\n\tscanf("%d%d", &n, &m);\n\n\tfor(int i = 0; i != n; ++i)\n\n\t\tfor(int j = 0; j != n; ++j)\n\n\t\t\tfor(int k = 0; k != 2; ++k)\n\n\t\t\t\td[k][i][j] = i == j ? 0 : INF;\n\n\tint a, b, c, t;\n\n\tfor(int i = 0; i != m; ++i){\n\n\t\tscanf("%d%d%d%d", &a, &b, &c, &t);\n\n\t\td[0][a-1][b-1] = d[0][b-1][a-1] = c;\n\n\t\td[1][a-1][b-1] = d[1][b-1][a-1] = t;\n\n\t}\n\n\tfor(int k = 0; k != n; ++k)\n\n\t\tfor(int i = 0; i != n; ++i)\n\n\t\t\tfor(int j = 0; j != n; ++j)\n\n\t\t\t\tfor(int l = 0; l != 2; ++l)\n\n\t\t\t\t\td[l][i][j] = std::min(d[l][i][j], d[l][i][k] + d[l][k][j]);\n\n\tint k;\n\n\tscanf("%d", &k);\n\n\twhile(k--){\n\n\t\tscanf("%d%d%d", &p, &q, &r);\n\n\t\tprintf("%d\\n", d[r][p-1][q-1]);\n\n\t}\n\n\treturn 0;\n\n}')"
2025-01-27 01:56:58,866	[INFO]	Step: 16
2025-01-27 01:56:58,866	[INFO]	Stop Steps: 50
2025-01-27 01:56:58,961	[INFO]	1-7     COMPILE_CODE_ERROR    None (--) [1 edit(s)]  
2025-01-27 01:56:58,962	[DEBUG]	patch(1-7)="LineLLMMutation(('source.cpp', 12), '#include<cstdio>\n\nconst int INF = 1 << 29;\n\nint n, m;\n\nint d[2][3000][3000];\n\nint main(){\n\n\tscanf("%d%d", &n, &m);\n\n\tfor(int i = 0; i != n; ++i)\n\n\t\tfor(int j = 0; j != n; ++j)\n\n\t\t\tfor(int k = 0; k != 2; ++k)\n\n\t\t\t\td[k][i][j] = i == j ? 0 : INF;\n\n\tint a, b, c, t;\n\n\tfor(int i = 0; i != m; ++i){\n\n\t\tscanf("%d%d%d%d", &a, &b, &c, &t);\n\n\t\td[0][a-1][b-1] = d[0][b-1][a-1] = c;\n\n\t\td[1][a-1][b-1] = d[1][b-1][a-1] = t;\n\n\t}\n\n\tfor(int k = 0; k != n; ++k)\n\n\t\tfor(int i = 0; i != n; ++i)\n\n\t\t\tfor(int j = 0; j != n; ++j)\n\n\t\t\t\tfor(int l = 0; l != 2; ++l)\n\n\t\t\t\t\td[l][i][j] = std::min(d[l][i][j], d[l][i][k] + d[l][k][j]);\n\n\tint k;\n\n\tscanf("%d", &k);\n\n\twhile(k--){\n\n\t\tscanf("%d%d%d", &p, &q, &r);\n\n\t\tprintf("%d\\n", d[r][p-1][q-1]);\n\n\t}\n\n\treturn 0;\n\n}')"
2025-01-27 01:56:58,962	[INFO]	Step: 17
2025-01-27 01:56:58,962	[INFO]	Stop Steps: 50
2025-01-27 01:56:59,056	[INFO]	1-8     COMPILE_CODE_ERROR    None (--) [1 edit(s)]  
2025-01-27 01:56:59,056	[DEBUG]	patch(1-8)="LineLLMMutation(('source.cpp', 13), '#include<cstdio>\n\n// Define infinity as a large number for initialization\n\nconst int INF = 1 << 29;\n\n// Declare variables for the number of nodes and edges\n\nint n, m;\n\n// Declare a 3D array for distance and time\n\nint d[2][3000][3000];\n\n// Main function\n\nint main(){\n\n\t// Input number of nodes and edges\n\n\tscanf("%d%d", &n, &m);\n\n\t// Initialize distances\n\n\tfor(int i = 0; i != n; ++i)\n\n\t\tfor(int j = 0; j != n; ++j)\n\n\t\t\tfor(int k = 0; k != 2; ++k)\n\n\t\t\t\td[k][i][j] = i == j ? 0 : INF;\n\n\tint a, b, c, t;\n\n\t// Input the edges\n\n\tfor(int i = 0; i != m; ++i){\n\n\t\tscanf("%d%d%d%d", &a, &b, &c, &t);\n\n\t\td[0][a-1][b-1] = d[0][b-1][a-1] = c;\n\n\t\td[1][a-1][b-1] = d[1][b-1][a-1] = t;\n\n\t}\n\n\t// Floyd-Warshall algorithm to find shortest paths\n\n\tfor(int k = 0; k != n; ++k)\n\n\t\tfor(int i = 0; i != n; ++i)\n\n\t\t\tfor(int j = 0; j != n; ++j)\n\n\t\t\t\tfor(int l = 0; l != 2; ++l)\n\n\t\t\t\t\td[l][i][j] = std::min(d[l][i][j], d[l][i][k] + d[l][k][j]);\n\n\tint k;\n\n\tscanf("%d", &k);\n\n\t// Query the shortest distances\n\n\twhile(k--){\n\n\t\tscanf("%d%d%d", &p, &q, &r);\n\n\t\tprintf("%d\\n", d[r][p-1][q-1]);\n\n\t}\n\n\treturn 0;\n\n}')"
2025-01-27 01:56:59,056	[INFO]	Step: 18
2025-01-27 01:56:59,056	[INFO]	Stop Steps: 50
2025-01-27 01:56:59,153	[INFO]	1-9     COMPILE_CODE_ERROR    None (--) [1 edit(s)]  
2025-01-27 01:56:59,153	[DEBUG]	patch(1-9)="LineLLMMutation(('source.cpp', 14), '#include<cstdio>\n\nconst int INF = 1 << 29;\n\nint n, m;\n\nint d[2][3000][3000];\n\nint main(){\n\n\tscanf("%d%d", &n, &m);\n\n\tfor(int i = 0; i != n; ++i)\n\n\t\tfor(int j = 0; j != n; ++j)\n\n\t\t\tfor(int k = 0; k != 2; ++k)\n\n\t\t\t\td[k][i][j] = i == j ? 0 : INF;\n\n\tint a, b, c, t;\n\n\tfor(int i = 0; i != m; ++i){\n\n\t\tscanf("%d%d%d%d", &a, &b, &c, &t);\n\n\t\td[0][a-1][b-1] = d[0][b-1][a-1] = c;\n\n\t\td[1][a-1][b-1] = d[1][b-1][a-1] = t;\n\n\t}\n\n\tfor(int k = 0; k != n; ++k)\n\n\t\tfor(int i = 0; i != n; ++i)\n\n\t\t\tfor(int j = 0; j != n; ++j)\n\n\t\t\t\tfor(int l = 0; l != 2; ++l)\n\n\t\t\t\t\td[l][i][j] = std::min(d[l][i][j], d[l][i][k] + d[l][k][j]);\n\n\tint k;\n\n\tscanf("%d", &k);\n\n\twhile(k--){\n\n\t\tscanf("%d%d%d", &p, &q, &r);\n\n\t\tprintf("%d\\n", d[r][p-1][q-1]);\n\n\t}\n\n\treturn 0;\n\n}')"
2025-01-27 01:56:59,153	[INFO]	Step: 19
2025-01-27 01:56:59,154	[INFO]	Stop Steps: 50
2025-01-27 01:56:59,250	[INFO]	1-10    COMPILE_CODE_ERROR    None (--) [1 edit(s)]  
2025-01-27 01:56:59,250	[DEBUG]	patch(1-10)="LineLLMMutation(('source.cpp', 15), '#include<cstdio>\n\n// Define infinity as a large number for initialization\n\nconst int INF = 1 << 29;\n\n// Declare variables for the number of nodes and edges\n\nint n, m;\n\n// Declare a 3D array for distance and time\n\nint d[2][3000][3000];\n\n// Function to initialize the distance array\n\nvoid initDist(){\n\n\tfor(int i = 0; i != n; ++i)\n\n\t\tfor(int j = 0; j != n; ++j)\n\n\t\t\tfor(int k = 0; k != 2; ++k)\n\n\t\t\t\td[k][i][j] = i == j ? 0 : INF;\n\n}\n\n// Function to input edges\n\nvoid inputEdges(){\n\n\tint a, b, c, t;\n\n\tfor(int i = 0; i != m; ++i){\n\n\t\tscanf("%d%d%d%d", &a, &b, &c, &t);\n\n\t\td[0][a-1][b-1] = d[0][b-1][a-1] = c;\n\n\t\td[1][a-1][b-1] = d[1][b-1][a-1] = t;\n\n\t}\n\n}\n\n// Function to perform Floyd-Warshall algorithm\n\nvoid floyd(){\n\n\tfor(int k = 0; k != n; ++k)\n\n\t\tfor(int i = 0; i != n; ++i)\n\n\t\t\tfor(int j = 0; j != n; ++j)\n\n\t\t\t\tfor(int l = 0; l != 2; ++l)\n\n\t\t\t\t\td[l][i][j] = std::min(d[l][i][j], d[l][i][k] + d[l][k][j]);\n\n}\n\n// Main function\n\nint main(){\n\n\tscanf("%d%d", &n, &m);\n\n\tinitDist();\n\n\tinputEdges();\n\n\tfloyd();\n\n\tint k;\n\n\tscanf("%d", &k);\n\n\t// Query the shortest distances\n\n\twhile(k--){\n\n\t\tint p, q, r;\n\n\t\tscanf("%d%d%d", &p, &q, &r);\n\n\t\tprintf("%d\\n", d[r][p-1][q-1]);\n\n\t}\n\n\treturn 0;\n\n}')"
2025-01-27 01:56:59,250	[INFO]	Step: 20
2025-01-27 01:56:59,251	[INFO]	Stop Steps: 50
2025-01-27 01:57:01,134	[DEBUG]	EXEC>  SUCCESS 3221371.5625
2025-01-27 01:57:01,134	[INFO]	REF     SUCCESS               3221371.56 (--) [0 edit(s)]  
2025-01-27 01:57:01,134	[INFO]	Best patch step: None
2025-01-27 01:58:40,137	[INFO]	Step: 20
2025-01-27 01:58:40,137	[INFO]	Stop Steps: 50
2025-01-27 01:59:10,766	[INFO]	2-1     TEST_TIMEOUT          None (--) [1 edit(s)]  
2025-01-27 01:59:10,766	[DEBUG]	patch(2-1)="LineLLMCrossover(('source.cpp', 4), '#include <cstdio>\n#include <cstring>\n#include <algorithm>\n#include <vector>\n#include <string>\n#include <queue>\n#include <cmath>\n#include <map>\n#include <set>\n#include <ctime>\n#include <cstdlib>\n#include <cassert>\n#include <iostream>\nusing namespace std;\n\nint main() {\n    int n;\n    scanf("%d", &n);\n    char c;\n    int sum = 0;\n    for (int i = 1; i <= n; ++i) {\n        while ((c = getchar()) != \'A\' && c != \'Z\');\n        if (c == \'A\') {\n            ++sum;\n        }\n    }\n    printf("%d\\n", sum);\n}')"
2025-01-27 01:59:10,766	[INFO]	Step: 21
2025-01-27 01:59:10,766	[INFO]	Stop Steps: 50
2025-01-27 01:59:11,388	[INFO]	2-2     TEST_CODE_ERROR       None (--) [1 edit(s)]  
2025-01-27 01:59:11,389	[DEBUG]	patch(2-2)="LineLLMCrossover(('source.cpp', 5), '#include <cstdio>\n#include <cstring>\n#include <algorithm>\n#include <vector>\n#include <string>\n#include <queue>\n#include <cmath>\n#include <map>\n#include <set>\n#include <ctime>\n#include <cstdlib>\n#include <cassert>\n#include <iostream>\nusing namespace std;\n\nint main() {\n    char s[200010];\n    scanf("%s", s);\n    int a = -1, ans = 0;\n    for (int i = 0; s[i]; ++i) {\n        if (s[i] == \'A\' && a == -1) {\n            a = i;\n        } else if (s[i] == \'Z\' && a != -1) {\n            ans = max(ans, i - a);\n        }\n    }\n    printf("%d\\n", ans + 1);\n}')"
2025-01-27 01:59:11,389	[INFO]	Step: 22
2025-01-27 01:59:11,389	[INFO]	Stop Steps: 50
2025-01-27 01:59:11,645	[INFO]	2-3     TEST_CODE_ERROR       None (--) [1 edit(s)]  
2025-01-27 01:59:11,645	[DEBUG]	patch(2-3)="LineLLMCrossover(('source.cpp', 6), '#include <cstdio>\n#include <cstring>\n#include <algorithm>\nusing namespace std;\ntypedef long long li;\nconst int maxn = 1e5;\n\nint main(void) {\n    char s[maxn + 5];\n    scanf("%s", s);\n    int a = -1, ans = 0;\n    for (int i = 0; s[i]; ++i) {\n        if (s[i] == \'A\' && a == -1) {\n            a = i;\n        } else if (s[i] == \'Z\' && a != -1) {\n            ans = max(ans, i - a);\n        }\n    }\n    printf("%d\\n", ans + 1);\n}')"
2025-01-27 01:59:11,645	[INFO]	Step: 23
2025-01-27 01:59:11,645	[INFO]	Stop Steps: 50
2025-01-27 01:59:11,917	[INFO]	2-4     TEST_CODE_ERROR       None (--) [1 edit(s)]  
2025-01-27 01:59:11,917	[DEBUG]	patch(2-4)="LineLLMCrossover(('source.cpp', 7), '#include <cstdio>\n#include <algorithm>\nusing namespace std;\ntypedef long long li;\nconst int maxn = 1e5;\n\nint main(void) {\n    char s[maxn + 5];\n    scanf("%s", s);\n    int a = -1, ans = 0;\n    for (int i = 0; s[i]; ++i) {\n        if (s[i] == \'A\' && a == -1) {\n            a = i;\n        } else if (s[i] == \'Z\' && a != -1) {\n            ans = max(ans, i - a);\n        }\n    }\n    printf("%d\\n", ans + 1);\n}')"
2025-01-27 01:59:11,918	[INFO]	Step: 24
2025-01-27 01:59:11,918	[INFO]	Stop Steps: 50
2025-01-27 01:59:13,517	[DEBUG]	EXEC>  SUCCESS 117675207.125
2025-01-27 01:59:13,518	[INFO]	2-5     SUCCESS              +117675207.12 (3652.95%) [1 edit(s)]  
2025-01-27 01:59:13,518	[DEBUG]	patch(2-5)="LineLLMMutation(('source.cpp', 16), '#include<algorithm>\n\n#include<iostream>\n\n\n\nconst int INF = 1 << 29;\n\n\n\nint n, m;\n\nint d[2][3000][3000];\n\n\n\nint main()\n\n{\n\n\twhile( std::cin >> n >> m, n | m )\n\n\t{\n\n\t\tstd::fill(d[0][0], d[0][0] + 3000 * 3000, INF);\n\n\t\tstd::fill(d[1][0], d[1][0] + 3000 * 3000, INF);\n\n\t\tfor( int i = 0; i != n; ++i )\n\n\t\t\td[0][i][i] = d[1][i][i] = 0;\n\n\n\n\t\tfor( int i = 0; i != n; ++i )\n\n\t\t{\n\n\t\t\tint a, b, c, t;\n\n\t\t\tstd::cin >> a >> b >> c >> t;\n\n\t\t\td[0][a-1][b-1] = d[0][b-1][a-1] = c;\n\n\t\t\td[1][a-1][b-1] = d[1][b-1][a-1] = t;\n\n\t\t}\n\n\n\n\t\tfor( int k = 0; k != m; ++k )\n\n\t\t\tfor( int i = 0; i != m; ++i )\n\n\t\t\t\tfor( int j = 0; j != m; ++j )\n\n\t\t\t\t\tfor( int l = 0; l != 2; ++l )\n\n\t\t\t\t\t\td[l][i][j] = std::min( d[l][i][j], d[l][i][k] + d[l][k][j] );\n\n\n\n\t\tint k;\n\n\t\tstd::cin >> k;\n\n\t\twhile( k-- )\n\n\t\t{\n\n\t\t\tint p, q, r;\n\n\t\t\tstd::cin >> p >> q >> r;\n\n\n\n\t\t\tstd::cout << d[r][p-1][q-1] << std::endl;\n\n\t\t}\n\n\t}\n\n\n\n\treturn 0;\n\n}')"
2025-01-27 01:59:13,518	[INFO]	Step: 25
2025-01-27 01:59:13,518	[INFO]	Stop Steps: 50
2025-01-27 01:59:14,402	[DEBUG]	EXEC>  SUCCESS 3234861.4375
2025-01-27 01:59:14,402	[INFO]	2-6     SUCCESS              +3234861.44 (100.42%) [1 edit(s)]  
2025-01-27 01:59:14,402	[DEBUG]	patch(2-6)="LineLLMMutation(('source.cpp', 17), '#include<algorithm>\n\n#include<iostream>\n\n#include<cstdio>\n\n\n\nconst int INF = 1 << 29;\n\n\n\nint n, m;\n\nint d[2][3000][3000];\n\n\n\nint main()\n\n{\n\n\twhile( ~scanf("%d%d", &n, &m), n | m )\n\n\t{\n\n\t\tfor( int i = 0; i != n; ++i )\n\n\t\t\tfor( int j = 0; j != n; ++j )\n\n\t\t\t\tfor( int k = 0; k != 2; ++k )\n\n\t\t\t\t\td[k][i][j] = i == j ? 0 : INF;\n\n\n\n\t\tfor( int i = 0; i != n; ++i )\n\n\t\t{\n\n\t\t\tint a, b, c, t;\n\n\t\t\tscanf("%d%d%d%d", &a, &b, &c, &t);\n\n\t\t\td[0][a-1][b-1] = d[0][b-1][a-1] = c;\n\n\t\t\td[1][a-1][b-1] = d[1][b-1][a-1] = t;\n\n\t\t}\n\n\n\n\t\tfor( int k = 0; k != m; ++k )\n\n\t\t\tfor( int i = 0; i != m; ++i )\n\n\t\t\t\tfor( int j = 0; j != m; ++j )\n\n\t\t\t\t\tfor( int l = 0; l != 2; ++l )\n\n\t\t\t\t\t\td[l][i][j] = std::min( d[l][i][j], d[l][i][k] + d[l][k][j] );\n\n\n\n\t\tint k;\n\n\t\tscanf("%d", &k);\n\n\t\twhile( k-- )\n\n\t\t{\n\n\t\t\tint p, q, r;\n\n\t\t\tscanf("%d%d%d", &p, &q, &r);\n\n\n\n\t\t\tprintf("%d\\n", d[r][p-1][q-1]);\n\n\t\t}\n\n\t}\n\n\n\n\treturn 0;\n\n}')"
2025-01-27 01:59:14,403	[INFO]	Step: 26
2025-01-27 01:59:14,403	[INFO]	Stop Steps: 50
2025-01-27 01:59:17,189	[INFO]	2-7     TEST_CODE_ERROR       None (--) [1 edit(s)]  
2025-01-27 01:59:17,189	[DEBUG]	patch(2-7)="LineLLMMutation(('source.cpp', 18), '#include<algorithm>\n\n#include<iostream>\n\n#include<cstdio>\n\n\n\nconst int INF = 1 << 29;\n\n\n\nint n, m;\n\nint d[2][3000][3000];\n\n\n\nint main()\n\n{\n\n\twhile( ~scanf("%d%d", &n, &m), n | m )\n\n\t{\n\n\t\tfor( int i = 0; i != n; ++i )\n\n\t\t\tfor( int j = 0; j != n; ++j )\n\n\t\t\t\tfor( int k = 0; k != 2; ++k )\n\n\t\t\t\t\td[k][i][j] = i == j ? 0 : INF;\n\n\n\n\t\tfor( int i = 0; i != n; ++i )\n\n\t\t{\n\n\t\t\tint a, b, c, t;\n\n\t\t\tscanf("%d%d%d%d", &a, &b, &c, &t);\n\n\t\t\td[0][a-1][b-1] = d[0][b-1][a-1] = c;\n\n\t\t\td[1][a-1][b-1] = d[1][b-1][a-1] = t;\n\n\t\t}\n\n\n\n\t\tfor( int k = 0; k != m; ++k )\n\n\t\t\tfor( int i = 0; i != m; ++i )\n\n\t\t\t\tfor( int j = 0; j != m; ++j )\n\n\t\t\t\t\tfor( int l = 0; l != 2; ++l )\n\n\t\t\t\t\t\td[l][i][j] = std::min( d[l][i][j], d[l][i][k] + d[l][k][j] );\n\n\n\n\t\tint k;\n\n\t\twhile(k--)\n\n\t\t{\n\n\t\t\tint p, q, r;\n\n\t\t\tstd::cin >> p >> q >> r;\n\n\n\n\t\t\tstd::cout << d[r][p-1][q-1] << std::endl;\n\n\t\t}\n\n\t}\n\n\n\n\treturn 0;\n\n}')"
2025-01-27 01:59:17,189	[INFO]	Step: 27
2025-01-27 01:59:17,189	[INFO]	Stop Steps: 50
2025-01-27 01:59:18,086	[DEBUG]	EXEC>  SUCCESS 3228450.875
2025-01-27 01:59:18,087	[INFO]	2-8     SUCCESS              +3228450.88 (100.22%) [1 edit(s)]  
2025-01-27 01:59:18,087	[DEBUG]	patch(2-8)="LineLLMMutation(('source.cpp', 19), '#include<algorithm>\n\n#include<iostream>\n\n#include<cstdio>\n\n\n\nconst int INF = 1 << 29;\n\n\n\nint n, m;\n\nint d[2][3000][3000];\n\n\n\nint main()\n\n{\n\n\twhile( std::cin >> n >> m, n | m )\n\n\t{\n\n\t\tfor( int i = 0; i != n; ++i )\n\n\t\t\tfor( int j = 0; j != n; ++j )\n\n\t\t\t\tfor( int k = 0; k != 2; ++k )\n\n\t\t\t\t\td[k][i][j] = i == j ? 0 : INF;\n\n\n\n\t\tfor( int i = 0; i != n; ++i )\n\n\t\t{\n\n\t\t\tint a, b, c, t;\n\n\t\t\tstd::cin >> a >> b >> c >> t;\n\n\t\t\td[0][a-1][b-1] = d[0][b-1][a-1] = c;\n\n\t\t\td[1][a-1][b-1] = d[1][b-1][a-1] = t;\n\n\t\t}\n\n\n\n\t\tfor( int k = 0; k != m; ++k )\n\n\t\t\tfor( int i = 0; i != m; ++i )\n\n\t\t\t\tfor( int j = 0; j != m; ++j )\n\n\t\t\t\t\tfor( int l = 0; l != 2; ++l )\n\n\t\t\t\t\t\td[l][i][j] = std::min( d[l][i][j], d[l][i][k] + d[l][k][j] );\n\n\n\n\t\tint k;\n\n\t\tstd::cin >> k;\n\n\t\twhile( k-- )\n\n\t\t{\n\n\t\t\tint p, q, r;\n\n\t\t\tstd::cin >> p >> q >> r;\n\n\n\n\t\t\tstd::cout << d[r][p-1][q-1] << std::endl;\n\n\t\t}\n\n\t}\n\n\n\n\treturn 0;\n\n}')"
2025-01-27 01:59:18,087	[INFO]	Step: 28
2025-01-27 01:59:18,087	[INFO]	Stop Steps: 50
2025-01-27 01:59:19,640	[DEBUG]	EXEC>  SUCCESS 131354442.9375
2025-01-27 01:59:19,640	[INFO]	2-9     SUCCESS               131354442.94 (4077.59%) [1 edit(s)]  
2025-01-27 01:59:19,641	[DEBUG]	patch(2-9)="LineLLMMutation(('source.cpp', 20), '#include<algorithm>\n\n#include<iostream>\n\n#include<cstring>\n\n\n\nconst int INF = 1 << 29;\n\n\n\nint n, m;\n\nint d[2][3000][3000];\n\n\n\nint main()\n\n{\n\n\twhile( std::cin >> n >> m, n | m )\n\n\t{\n\n\t\tstd::memset(d[0], 0x3f, sizeof d[0]);\n\n\t\tstd::memset(d[1], 0x3f, sizeof d[1]);\n\n\t\tfor( int i = 0; i != n; ++i )\n\n\t\t\td[0][i][i] = d[1][i][i] = 0;\n\n\n\n\t\tfor( int i = 0; i != n; ++i )\n\n\t\t{\n\n\t\t\tint a, b, c, t;\n\n\t\t\tstd::cin >> a >> b >> c >> t;\n\n\t\t\td[0][a-1][b-1] = d[0][b-1][a-1] = c;\n\n\t\t\td[1][a-1][b-1] = d[1][b-1][a-1] = t;\n\n\t\t}\n\n\n\n\t\tfor( int k = 0; k != m; ++k )\n\n\t\t\tfor( int i = 0; i != m; ++i )\n\n\t\t\t\tfor( int j = 0; j != m; ++j )\n\n\t\t\t\t\tfor( int l = 0; l != 2; ++l )\n\n\t\t\t\t\t\td[l][i][j] = std::min( d[l][i][j], d[l][i][k] + d[l][k][j] );\n\n\n\n\t\tint k;\n\n\t\tstd::cin >> k;\n\n\t\twhile( k-- )\n\n\t\t{\n\n\t\t\tint p, q, r;\n\n\t\t\tstd::cin >> p >> q >> r;\n\n\n\n\t\t\tstd::cout << d[r][p-1][q-1] << std::endl;\n\n\t\t}\n\n\t}\n\n\n\n\treturn 0;\n\n}')"
2025-01-27 01:59:19,641	[INFO]	Step: 29
2025-01-27 01:59:19,641	[INFO]	Stop Steps: 50
2025-01-27 01:59:20,399	[DEBUG]	EXEC>  SUCCESS 3238151.5
2025-01-27 01:59:20,399	[INFO]	2-10    SUCCESS               3238151.50 (100.52%) [1 edit(s)]  
2025-01-27 01:59:20,399	[DEBUG]	patch(2-10)="LineLLMMutation(('source.cpp', 21), '#include<algorithm>\n\n#include<iostream>\n\n#include<cstdio>\n\n\n\nconst int INF = 1 << 29;\n\n\n\nint n, m;\n\nint d[2][3000][3000];\n\n\n\nint main()\n\n{\n\n\twhile( ~scanf("%d%d", &n, &m), n | m )\n\n\t{\n\n\t\tfor( int i = 0; i != n; ++i )\n\n\t\t\tfor( int j = 0; j != n; ++j )\n\n\t\t\t\tfor( int k = 0; k != 2; ++k )\n\n\t\t\t\t\td[k][i][j] = i == j ? 0 : INF;\n\n\n\n\t\tfor( int i = 0; i != n; ++i )\n\n\t\t{\n\n\t\t\tint a, b, c, t;\n\n\t\t\tscanf("%d%d%d%d", &a, &b, &c, &t);\n\n\t\t\td[0][a-1][b-1] = d[0][b-1][a-1] = c;\n\n\t\t\td[1][a-1][b-1] = d[1][b-1][a-1] = t;\n\n\t\t}\n\n\n\n\t\tfor( int k = 0; k != m; ++k )\n\n\t\t\tfor( int i = 0; i != m; ++i )\n\n\t\t\t\tfor( int j = 0; j != m; ++j )\n\n\t\t\t\t\tfor( int l = 0; l != 2; ++l )\n\n\t\t\t\t\t\td[l][i][j] = std::min( d[l][i][j], d[l][i][k] + d[l][k][j] );\n\n\n\n\t\tint k;\n\n\t\tscanf("%d", &k);\n\n\t\twhile(k--)\n\n\t\t{\n\n\t\t\tint p, q, r;\n\n\t\t\tscanf("%d%d%d", &p, &q, &r);\n\n\n\n\t\t\tprintf("%d\\n", d[r][p-1][q-1]);\n\n\t\t}\n\n\t}\n\n\n\n\treturn 0;\n\n}')"
2025-01-27 01:59:20,399	[INFO]	Step: 30
2025-01-27 01:59:20,400	[INFO]	Stop Steps: 50
2025-01-27 01:59:22,182	[DEBUG]	EXEC>  SUCCESS 3238511.375
2025-01-27 01:59:22,183	[INFO]	REF     SUCCESS               3238511.38 (--) [0 edit(s)]  
2025-01-27 01:59:22,183	[INFO]	Best patch step: None
2025-01-27 02:00:09,728	[INFO]	Step: 30
2025-01-27 02:00:09,729	[INFO]	Stop Steps: 50
2025-01-27 02:00:10,717	[DEBUG]	EXEC>  SUCCESS 3239255.4375
2025-01-27 02:00:10,717	[INFO]	3-1     SUCCESS              +3239255.44 (100.02%) [1 edit(s)]  
2025-01-27 02:00:10,717	[DEBUG]	patch(3-1)="LineLLMMutation(('source.cpp', 19), '#include<algorithm>\n\n#include<iostream>\n\n#include<cstdio>\n\n\n\nconst int INF = 1 << 29;\n\n\n\nint n, m;\n\nint d[2][3000][3000];\n\n\n\nint main()\n\n{\n\n\twhile( std::cin >> n >> m, n | m )\n\n\t{\n\n\t\tfor( int i = 0; i != n; ++i )\n\n\t\t\tfor( int j = 0; j != n; ++j )\n\n\t\t\t\tfor( int k = 0; k != 2; ++k )\n\n\t\t\t\t\td[k][i][j] = i == j ? 0 : INF;\n\n\n\n\t\tfor( int i = 0; i != n; ++i )\n\n\t\t{\n\n\t\t\tint a, b, c, t;\n\n\t\t\tstd::cin >> a >> b >> c >> t;\n\n\t\t\td[0][a-1][b-1] = d[0][b-1][a-1] = c;\n\n\t\t\td[1][a-1][b-1] = d[1][b-1][a-1] = t;\n\n\t\t}\n\n\n\n\t\tfor( int k = 0; k != m; ++k )\n\n\t\t\tfor( int i = 0; i != m; ++i )\n\n\t\t\t\tfor( int j = 0; j != m; ++j )\n\n\t\t\t\t\tfor( int l = 0; l != 2; ++l )\n\n\t\t\t\t\t\td[l][i][j] = std::min( d[l][i][j], d[l][i][k] + d[l][k][j] );\n\n\n\n\t\tint k;\n\n\t\tstd::cin >> k;\n\n\t\twhile( k-- )\n\n\t\t{\n\n\t\t\tint p, q, r;\n\n\t\t\tstd::cin >> p >> q >> r;\n\n\n\n\t\t\tstd::cout << d[r][p-1][q-1] << std::endl;\n\n\t\t}\n\n\t}\n\n\n\n\treturn 0;\n\n}')"
2025-01-27 02:00:10,717	[INFO]	Step: 31
2025-01-27 02:00:10,718	[INFO]	Stop Steps: 50
2025-01-27 02:00:11,474	[DEBUG]	EXEC>  SUCCESS 3233791.25
2025-01-27 02:00:11,474	[INFO]	3-2     SUCCESS              *3233791.25 (99.85%) [1 edit(s)]  
2025-01-27 02:00:11,474	[DEBUG]	patch(3-2)="LineLLMMutation(('source.cpp', 17), '#include<algorithm>\n\n#include<iostream>\n\n#include<cstdio>\n\n\n\nconst int INF = 1 << 29;\n\n\n\nint n, m;\n\nint d[2][3000][3000];\n\n\n\nint main()\n\n{\n\n\twhile( ~scanf("%d%d", &n, &m), n | m )\n\n\t{\n\n\t\tfor( int i = 0; i != n; ++i )\n\n\t\t\tfor( int j = 0; j != n; ++j )\n\n\t\t\t\tfor( int k = 0; k != 2; ++k )\n\n\t\t\t\t\td[k][i][j] = i == j ? 0 : INF;\n\n\n\n\t\tfor( int i = 0; i != n; ++i )\n\n\t\t{\n\n\t\t\tint a, b, c, t;\n\n\t\t\tscanf("%d%d%d%d", &a, &b, &c, &t);\n\n\t\t\td[0][a-1][b-1] = d[0][b-1][a-1] = c;\n\n\t\t\td[1][a-1][b-1] = d[1][b-1][a-1] = t;\n\n\t\t}\n\n\n\n\t\tfor( int k = 0; k != m; ++k )\n\n\t\t\tfor( int i = 0; i != m; ++i )\n\n\t\t\t\tfor( int j = 0; j != m; ++j )\n\n\t\t\t\t\tfor( int l = 0; l != 2; ++l )\n\n\t\t\t\t\t\td[l][i][j] = std::min( d[l][i][j], d[l][i][k] + d[l][k][j] );\n\n\n\n\t\tint k;\n\n\t\tscanf("%d", &k);\n\n\t\twhile( k-- )\n\n\t\t{\n\n\t\t\tint p, q, r;\n\n\t\t\tscanf("%d%d%d", &p, &q, &r);\n\n\n\n\t\t\tprintf("%d\\n", d[r][p-1][q-1]);\n\n\t\t}\n\n\t}\n\n\n\n\treturn 0;\n\n}')"

2025-01-27 02:00:11,474	[INFO]	Step: 32
2025-01-27 02:00:11,475	[INFO]	Stop Steps: 50
2025-01-27 02:00:12,236	[DEBUG]	EXEC>  SUCCESS 3209606.0
2025-01-27 02:00:12,237	[INFO]	3-3     SUCCESS              *3209606.00 (99.11%) [1 edit(s)]  
2025-01-27 02:00:12,237	[DEBUG]	patch(3-3)="LineLLMCrossover(('source.cpp', 8), '#include<algorithm>\n\n#include<iostream>\n\n#include<cstdio>\n\n\n\nconst int INF = 1 << 29;\n\n\n\nint n, m;\n\nint d[2][3000][3000];\n\n\n\nint main()\n\n{\n\n\twhile( ~scanf("%d%d", &n, &m), n | m )\n\n\t{\n\n\t\tfor( int i = 0; i != n; ++i )\n\n\t\t\tfor( int j = 0; j != n; ++j )\n\n\t\t\t\tfor( int k = 0; k != 2; ++k )\n\n\t\t\t\t\td[k][i][j] = i == j ? 0 : INF;\n\n\n\n\t\tfor( int i = 0; i != n; ++i )\n\n\t\t{\n\n\t\t\tint a, b, c, t;\n\n\t\t\tscanf("%d%d%d%d", &a, &b, &c, &t);\n\n\t\t\td[0][a-1][b-1] = d[0][b-1][a-1] = c;\n\n\t\t\td[1][a-1][b-1] = d[1][b-1][a-1] = t;\n\n\t\t}\n\n\n\n\t\tfor( int k = 0; k != m; ++k )\n\n\t\t\tfor( int i = 0; i != m; ++i )\n\n\t\t\t\tfor( int j = 0; j != m; ++j )\n\n\t\t\t\t\tfor( int l = 0; l != 2; ++l )\n\n\t\t\t\t\t\td[l][i][j] = std::min( d[l][i][j], d[l][i][k] + d[l][k][j] );\n\n\n\n\t\tint k;\n\n\t\tscanf("%d", &k);\n\n\t\twhile( k-- )\n\n\t\t{\n\n\t\t\tint p, q, r;\n\n\t\t\tscanf("%d%d%d", &p, &q, &r);\n\n\n\n\t\t\tprintf("%d\\n", d[r][p-1][q-1]);\n\n\t\t}\n\n\t}\n\n\n\n\treturn 0;\n\n}')"

2025-01-27 02:00:12,237	[INFO]	Step: 33
2025-01-27 02:00:12,237	[INFO]	Stop Steps: 50
2025-01-27 02:00:15,079	[INFO]	3-4     TEST_CODE_ERROR       None (--) [1 edit(s)]  
2025-01-27 02:00:15,079	[DEBUG]	patch(3-4)="LineLLMCrossover(('source.cpp', 9), '#include<algorithm>\n\n#include<iostream>\n\n\n\nconst int INF = 1 << 29;\n\n\n\nint n, m;\n\nint d[2][3000][3000];\n\n\n\nint main()\n\n{\n\n\twhile( std::cin >> n >> m, n | m )\n\n\t{\n\n\t\tstd::fill(d[0][0], d[0][0] + 3000 * 3000, INF);\n\n\t\tstd::fill(d[1][0], d[1][0] + 3000 * 3000, INF);\n\n\t\tfor( int i = 0; i != n; ++i )\n\n\t\t\td[0][i][i] = d[1][i][i] = 0;\n\n\n\n\t\tfor( int i = 0; i != n; ++i )\n\n\t\t{\n\n\t\t\tint a, b, c, t;\n\n\t\t\tstd::cin >> a >> b >> c >> t;\n\n\t\t\td[0][a-1][b-1] = d[0][b-1][a-1] = c;\n\n\t\t\td[1][a-1][b-1] = d[1][b-1][a-1] = t;\n\n\t\t}\n\n\n\n\t\tfor( int k = 0; k != m; ++k )\n\n\t\t\tfor( int i = 0; i != m; ++i )\n\n\t\t\t\tfor( int j = 0; i != m; ++j )\n\n\t\t\t\t\tfor( int l = 0; l != 2; ++l )\n\n\t\t\t\t\t\td[l][i][j] = std::min( d[l][i][j], d[l][i][k] + d[l][k][j] );\n\n\n\n\t\tint k;\n\n\t\tstd::cin >> k;\n\n\t\twhile( k-- )\n\n\t\t{\n\n\t\t\tint p, q, r;\n\n\t\t\tstd::cin >> p >> q >> r;\n\n\n\n\t\t\tstd::cout << d[r][p-1][q-1] << std::endl;\n\n\t\t}\n\n\t}\n\n\n\n\treturn 0;\n\n}')"
2025-01-27 02:00:15,080	[INFO]	Step: 34
2025-01-27 02:00:15,080	[INFO]	Stop Steps: 50
2025-01-27 02:00:15,979	[DEBUG]	EXEC>  SUCCESS 3229775.0
2025-01-27 02:00:15,979	[INFO]	3-5     SUCCESS               3229775.00 (99.73%) [1 edit(s)]  
2025-01-27 02:00:15,980	[DEBUG]	patch(3-5)="LineLLMCrossover(('source.cpp', 10), '#include<algorithm>\n\n#include<iostream>\n\n#include<cstdio>\n\n\n\nconst int INF = 1 << 29;\n\n\n\nint n, m;\n\nint d[2][3000][3000];\n\n\n\nint main()\n\n{\n\n\twhile( std::cin >> n >> m, n | m )\n\n\t{\n\n\t\tfor( int i = 0; i != n; ++i )\n\n\t\t\tfor( int j = 0; j != n; ++j )\n\n\t\t\t\tfor( int k = 0; k != 2; ++k )\n\n\t\t\t\t\td[k][i][j] = i == j ? 0 : INF;\n\n\n\n\t\tfor( int i = 0; i != n; ++i )\n\n\t\t{\n\n\t\t\tint a, b, c, t;\n\n\t\t\tstd::cin >> a >> b >> c >> t;\n\n\t\t\td[0][a-1][b-1] = d[0][b-1][a-1] = c;\n\n\t\t\td[1][a-1][b-1] = d[1][b-1][a-1] = t;\n\n\t\t}\n\n\n\n\t\tfor( int k = 0; k != m; ++k )\n\n\t\t\tfor( int i = 0; i != m; ++i )\n\n\t\t\t\tfor( int j = 0; j != m; ++j )\n\n\t\t\t\t\tfor( int l = 0; l != 2; ++l )\n\n\t\t\t\t\t\td[l][i][j] = std::min( d[l][i][j], d[l][i][k] + d[l][k][j] );\n\n\n\n\t\tint k;\n\n\t\tstd::cin >> k;\n\n\t\twhile( k-- )\n\n\t\t{\n\n\t\t\tint p, q, r;\n\n\t\t\tstd::cin >> p >> q >> r;\n\n\n\n\t\t\tstd::cout << d[r][p-1][q-1] << std::endl;\n\n\t\t}\n\n\t}\n\n\n\n\treturn 0;\n\n}')"
2025-01-27 02:00:15,980	[INFO]	Step: 35
2025-01-27 02:00:15,980	[INFO]	Stop Steps: 50
2025-01-27 02:00:16,733	[DEBUG]	EXEC>  SUCCESS 3203907.5625
2025-01-27 02:00:16,733	[INFO]	3-6     SUCCESS              *3203907.56 (98.93%) [1 edit(s)]  
2025-01-27 02:00:16,733	[DEBUG]	patch(3-6)="LineLLMCrossover(('source.cpp', 11), '#include<algorithm>\n\n#include<iostream>\n\n#include<cstdio>\n\n\n\nconst int INF = 1 << 29;\n\n\n\nint n, m;\n\nint d[2][3000][3000];\n\n\n\nint main()\n\n{\n\n\twhile( ~scanf("%d%d", &n, &m), n | m )\n\n\t{\n\n\t\tfor( int i = 0; i != n; ++i )\n\n\t\t\tfor( int j = 0; j != n; ++j )\n\n\t\t\t\tfor( int k = 0; k != 2; ++k )\n\n\t\t\t\t\td[k][i][j] = i == j ? 0 : INF;\n\n\n\n\t\tfor( int i = 0; i != n; ++i )\n\n\t\t{\n\n\t\t\tint a, b, c, t;\n\n\t\t\tscanf("%d%d%d%d", &a, &b, &c, &t);\n\n\t\t\td[0][a-1][b-1] = d[0][b-1][a-1] = c;\n\n\t\t\td[1][a-1][b-1] = d[1][b-1][a-1] = t;\n\n\t\t}\n\n\n\n\t\tfor( int k = 0; k != m; ++k )\n\n\t\t\tfor( int i = 0; i != m; ++i )\n\n\t\t\t\tfor( int j = 0; j != m; ++j )\n\n\t\t\t\t\tfor( int l = 0; l != 2; ++l )\n\n\t\t\t\t\t\td[l][i][j] = std::min( d[l][i][j], d[l][i][k] + d[l][k][j] );\n\n\n\n\t\tint k;\n\n\t\tscanf("%d", &k);\n\n\t\twhile( k-- )\n\n\t\t{\n\n\t\t\tint p, q, r;\n\n\t\t\tscanf("%d%d%d", &p, &q, &r);\n\n\n\n\t\t\tprintf("%d\\n", d[r][p-1][q-1]);\n\n\t\t}\n\n\t}\n\n\n\n\treturn 0;\n\n}')"

2025-01-27 02:00:16,734	[INFO]	Step: 36
2025-01-27 02:00:16,734	[INFO]	Stop Steps: 50
2025-01-27 02:00:17,274	[DEBUG]	EXEC>  SUCCESS 1339248.3125
2025-01-27 02:00:17,275	[INFO]	3-7     SUCCESS              *1339248.31 (41.35%) [2 edit(s)]  
2025-01-27 02:00:17,275	[DEBUG]	patch(3-7)="LineLLMMutation(('source.cpp', 19), '#include<algorithm>\n\n#include<iostream>\n\n#include<cstdio>\n\n\n\nconst int INF = 1 << 29;\n\n\n\nint n, m;\n\nint d[2][3000][3000];\n\n\n\nint main()\n\n{\n\n\twhile( std::cin >> n >> m, n | m )\n\n\t{\n\n\t\tfor( int i = 0; i != n; ++i )\n\n\t\t\tfor( int j = 0; j != n; ++j )\n\n\t\t\t\tfor( int k = 0; k != 2; ++k )\n\n\t\t\t\t\td[k][i][j] = i == j ? 0 : INF;\n\n\n\n\t\tfor( int i = 0; i != n; ++i )\n\n\t\t{\n\n\t\t\tint a, b, c, t;\n\n\t\t\tstd::cin >> a >> b >> c >> t;\n\n\t\t\td[0][a-1][b-1] = d[0][b-1][a-1] = c;\n\n\t\t\td[1][a-1][b-1] = d[1][b-1][a-1] = t;\n\n\t\t}\n\n\n\n\t\tfor( int k = 0; k != m; ++k )\n\n\t\t\tfor( int i = 0; i != m; ++i )\n\n\t\t\t\tfor( int j = 0; j != m; ++j )\n\n\t\t\t\t\tfor( int l = 0; l != 2; ++l )\n\n\t\t\t\t\t\td[l][i][j] = std::min( d[l][i][j], d[l][i][k] + d[l][k][j] );\n\n\n\n\t\tint k;\n\n\t\tstd::cin >> k;\n\n\t\twhile( k-- )\n\n\t\t{\n\n\t\t\tint p, q, r;\n\n\t\t\tstd::cin >> p >> q >> r;\n\n\n\n\t\t\tstd::cout << d[r][p-1][q-1] << std::endl;\n\n\t\t}\n\n\t}\n\n\n\n\treturn 0;\n\n}') | LineLLMMutation(('source.cpp', 22), '#include<cstdio>\n#include<algorithm>\n\nconst int INF = 1 << 29;\n\n\n\nint n, m;\n\nint d[2][3000][3000];\n\n\n\nint main()\n\n{\n\n\twhile( scanf("%d%d", &n, &m), n | m )\n\n\t{\n\n\t\tfor( int i = 0; i != n; ++i )\n\n\t\t\tfor( int j = 0; j != n; ++j )\n\n\t\t\t\tfor( int k = 0; k != 2; ++k )\n\n\t\t\t\t\td[k][i][j] = i == j ? 0 : INF;\n\n\n\n\t\tfor( int i = 0; i != n; ++i )\n\n\t\t{\n\n\t\t\tint a, b, c, t;\n\n\t\t\tscanf("%d%d%d%d", &a, &b, &c, &t);\n\n\t\t\td[0][a-1][b-1] = d[0][b-1][a-1] = c;\n\n\t\t\td[1][a-1][b-1] = d[1][b-1][a-1] = t;\n\n\t\t}\n\n\n\n\t\tfor( int k = 0; k != m; ++k )\n\n\t\t\tfor( int i = 0; i != m; ++i )\n\n\t\t\t\tfor( int j = 0; j != m; ++j )\n\n\t\t\t\t\tfor( int l = 0; l != 2; ++l )\n\n\t\t\t\t\t\td[l][i][j] = std::min( d[l][i][j], d[l][i][k] + d[l][k][j] );\n\n\n\n\t\tint k;\n\n\t\tscanf("%d", &k);\n\n\t\twhile( k-- )\n\n\t\t{\n\n\t\t\tint p, q, r;\n\n\t\t\tscanf("%d%d%d", &p, &q, &r);\n\n\n\n\t\t\tprintf("%d\\n", d[r][p-1][q-1]);\n\n\t\t}\n\n\t}\n\n\n\n\treturn 0;\n\n}')"

2025-01-27 02:00:17,275	[INFO]	Step: 37
2025-01-27 02:00:17,275	[INFO]	Stop Steps: 50
2025-01-27 02:00:18,043	[DEBUG]	EXEC>  SUCCESS 3230122.0625
2025-01-27 02:00:18,044	[INFO]	3-8     SUCCESS               3230122.06 (99.74%) [2 edit(s)]  
2025-01-27 02:00:18,044	[DEBUG]	patch(3-8)="LineLLMMutation(('source.cpp', 17), '#include<algorithm>\n\n#include<iostream>\n\n#include<cstdio>\n\n\n\nconst int INF = 1 << 29;\n\n\n\nint n, m;\n\nint d[2][3000][3000];\n\n\n\nint main()\n\n{\n\n\twhile( ~scanf("%d%d", &n, &m), n | m )\n\n\t{\n\n\t\tfor( int i = 0; i != n; ++i )\n\n\t\t\tfor( int j = 0; j != n; ++j )\n\n\t\t\t\tfor( int k = 0; k != 2; ++k )\n\n\t\t\t\t\td[k][i][j] = i == j ? 0 : INF;\n\n\n\n\t\tfor( int i = 0; i != n; ++i )\n\n\t\t{\n\n\t\t\tint a, b, c, t;\n\n\t\t\tscanf("%d%d%d%d", &a, &b, &c, &t);\n\n\t\t\td[0][a-1][b-1] = d[0][b-1][a-1] = c;\n\n\t\t\td[1][a-1][b-1] = d[1][b-1][a-1] = t;\n\n\t\t}\n\n\n\n\t\tfor( int k = 0; k != m; ++k )\n\n\t\t\tfor( int i = 0; i != m; ++i )\n\n\t\t\t\tfor( int j = 0; j != m; ++j )\n\n\t\t\t\t\tfor( int l = 0; l != 2; ++l )\n\n\t\t\t\t\t\td[l][i][j] = std::min( d[l][i][j], d[l][i][k] + d[l][k][j] );\n\n\n\n\t\tint k;\n\n\t\tscanf("%d", &k);\n\n\t\twhile( k-- )\n\n\t\t{\n\n\t\t\tint p, q, r;\n\n\t\t\tscanf("%d%d%d", &p, &q, &r);\n\n\n\n\t\t\tprintf("%d\\n", d[r][p-1][q-1]);\n\n\t\t}\n\n\t}\n\n\n\n\treturn 0;\n\n}') | LineLLMMutation(('source.cpp', 23), '#include<algorithm>\n\n#include<iostream>\n\n#include<cstdio>\n\n\n\nconst int INF = 1 << 29;\n\n\n\nint n, m;\n\nint d[2][3000][3000];\n\n\n\nint main()\n\n{\n\n\twhile( ~scanf("%d%d", &n, &m), n | m )\n\n\t{\n\n\t\tfor( int i = 0; i != n; ++i )\n\n\t\t\tfor( int j = i + 1; j != n; ++j )\n\n\t\t\t\tfor( int k = 0; k != 2; ++k )\n\n\t\t\t\t\td[k][i][j] = d[k][j][i] = INF;\n\n\t\t// initialize d[i][i] to 0 is not necessary since they will be updated anyway\n\n\t\t// for( int i = 0; i != n; ++i )\n\n\t\t// \td[0][i][i] = d[1][i][i] = 0;\n\n\n\n\t\tfor( int i = 0; i != n; ++i )\n\n\t\t{\n\n\t\t\tint a, b, c, t;\n\n\t\t\tscanf("%d%d%d%d", &a, &b, &c, &t);\n\n\t\t\td[0][a-1][b-1] = d[0][b-1][a-1] = c;\n\n\t\t\td[1][a-1][b-1] = d[1][b-1][a-1] = t;\n\n\t\t}\n\n\n\n\t\tfor( int k = 0; k != m; ++k )\n\n\t\t\tfor( int i = 0; i != m; ++i )\n\n\t\t\t\tfor( int j = 0; j != m; ++j )\n\n\t\t\t\t\tfor( int l = 0; l != 2; ++l )\n\n\t\t\t\t\t\td[l][i][j] = std::min( d[l][i][j], d[l][i][k] + d[l][k][j] );\n\n\n\n\t\tint k;\n\n\t\tscanf("%d", &k);\n\n\t\twhile( k-- )\n\n\t\t{\n\n\t\t\tint p, q, r;\n\n\t\t\tscanf("%d%d%d", &p, &q, &r);\n\n\n\n\t\t\tprintf("%d\\n", d[r][p-1][q-1]);\n\n\t\t}\n\n\t}\n\n\n\n\treturn 0;\n\n}')"
2025-01-27 02:00:18,044	[INFO]	Step: 38
2025-01-27 02:00:18,044	[INFO]	Stop Steps: 50
2025-01-27 02:00:18,796	[DEBUG]	EXEC>  SUCCESS 3211610.5
2025-01-27 02:00:18,796	[INFO]	3-9     SUCCESS               3211610.50 (99.17%) [2 edit(s)]  
2025-01-27 02:00:18,797	[DEBUG]	patch(3-9)="LineLLMMutation(('source.cpp', 21), '#include<algorithm>\n\n#include<iostream>\n\n#include<cstdio>\n\n\n\nconst int INF = 1 << 29;\n\n\n\nint n, m;\n\nint d[2][3000][3000];\n\n\n\nint main()\n\n{\n\n\twhile( ~scanf("%d%d", &n, &m), n | m )\n\n\t{\n\n\t\tfor( int i = 0; i != n; ++i )\n\n\t\t\tfor( int j = 0; j != n; ++j )\n\n\t\t\t\tfor( int k = 0; k != 2; ++k )\n\n\t\t\t\t\td[k][i][j] = i == j ? 0 : INF;\n\n\n\n\t\tfor( int i = 0; i != n; ++i )\n\n\t\t{\n\n\t\t\tint a, b, c, t;\n\n\t\t\tscanf("%d%d%d%d", &a, &b, &c, &t);\n\n\t\t\td[0][a-1][b-1] = d[0][b-1][a-1] = c;\n\n\t\t\td[1][a-1][b-1] = d[1][b-1][a-1] = t;\n\n\t\t}\n\n\n\n\t\tfor( int k = 0; k != m; ++k )\n\n\t\t\tfor( int i = 0; i != m; ++i )\n\n\t\t\t\tfor( int j = 0; j != m; ++j )\n\n\t\t\t\t\tfor( int l = 0; l != 2; ++l )\n\n\t\t\t\t\t\td[l][i][j] = std::min( d[l][i][j], d[l][i][k] + d[l][k][j] );\n\n\n\n\t\tint k;\n\n\t\tscanf("%d", &k);\n\n\t\twhile(k--)\n\n\t\t{\n\n\t\t\tint p, q, r;\n\n\t\t\tscanf("%d%d%d", &p, &q, &r);\n\n\n\n\t\t\tprintf("%d\\n", d[r][p-1][q-1]);\n\n\t\t}\n\n\t}\n\n\n\n\treturn 0;\n\n}') | LineLLMMutation(('source.cpp', 24), '#include<algorithm>\n\n#include<iostream>\n\n#include<cstdio>\n\n\n\nconst int INF = 1 << 29;\n\n#define dist(k, i, j) d[k][i][j] = (i == j ? 0 : INF)\n\n\n\nint n, m;\n\nint d[2][3000][3000];\n\n\n\nint main()\n\n{\n\n\twhile( ~scanf("%d%d", &n, &m), n | m )\n\n\t{\n\n\t\tfor( int i = 0; i != n; ++i )\n\n\t\t\tfor( int j = 0; j != n; ++j )\n\n\t\t\t\tfor( int k = 0; k != 2; ++k )\n\n\t\t\t\t\tdist(k, i, j);\n\n\n\n\t\tfor( int i = 0; i != n; ++i )\n\n\t\t{\n\n\t\t\tint a, b, c, t;\n\n\t\t\tscanf("%d%d%d%d", &a, &b, &c, &t);\n\n\t\t\td[0][a-1][b-1] = d[0][b-1][a-1] = c;\n\n\t\t\td[1][a-1][b-1] = d[1][b-1][a-1] = t;\n\n\t\t}\n\n\n\n\t\tfor( int k = 0; k != m; ++k )\n\n\t\t\tfor( int i = 0; i != m; ++i )\n\n\t\t\t\tfor( int j = 0; j != m; ++j )\n\n\t\t\t\t\tfor( int l = 0; l != 2; ++l )\n\n\t\t\t\t\t\td[l][i][j] = std::min( d[l][i][j], d[l][i][k] + d[l][k][j] );\n\n\n\n\t\tint k;\n\n\t\tscanf("%d", &k);\n\n\t\twhile(k--)\n\n\t\t{\n\n\t\t\tint p, q, r;\n\n\t\t\tscanf("%d%d%d", &p, &q, &r);\n\n\n\n\t\t\tprintf("%d\\n", d[r][p-1][q-1]);\n\n\t\t}\n\n\t}\n\n\n\n\treturn 0;\n\n}')"
2025-01-27 02:00:18,797	[INFO]	Step: 39
2025-01-27 02:00:18,797	[INFO]	Stop Steps: 50
2025-01-27 02:00:19,578	[DEBUG]	EXEC>  SUCCESS 3248321.3125
2025-01-27 02:00:19,579	[INFO]	3-10    SUCCESS               3248321.31 (100.30%) [2 edit(s)]  
2025-01-27 02:00:19,579	[DEBUG]	patch(3-10)="LineLLMMutation(('source.cpp', 16), '#include<algorithm>\n\n#include<iostream>\n\n\n\nconst int INF = 1 << 29;\n\n\n\nint n, m;\n\nint d[2][3000][3000];\n\n\n\nint main()\n\n{\n\n\twhile( std::cin >> n >> m, n | m )\n\n\t{\n\n\t\tstd::fill(d[0][0], d[0][0] + 3000 * 3000, INF);\n\n\t\tstd::fill(d[1][0], d[1][0] + 3000 * 3000, INF);\n\n\t\tfor( int i = 0; i != n; ++i )\n\n\t\t\td[0][i][i] = d[1][i][i] = 0;\n\n\n\n\t\tfor( int i = 0; i != n; ++i )\n\n\t\t{\n\n\t\t\tint a, b, c, t;\n\n\t\t\tstd::cin >> a >> b >> c >> t;\n\n\t\t\td[0][a-1][b-1] = d[0][b-1][a-1] = c;\n\n\t\t\td[1][a-1][b-1] = d[1][b-1][a-1] = t;\n\n\t\t}\n\n\n\n\t\tfor( int k = 0; k != m; ++k )\n\n\t\t\tfor( int i = 0; i != m; ++i )\n\n\t\t\t\tfor( int j = 0; j != m; ++j )\n\n\t\t\t\t\tfor( int l = 0; l != 2; ++l )\n\n\t\t\t\t\t\td[l][i][j] = std::min( d[l][i][j], d[l][i][k] + d[l][k][j] );\n\n\n\n\t\tint k;\n\n\t\tstd::cin >> k;\n\n\t\twhile( k-- )\n\n\t\t{\n\n\t\t\tint p, q, r;\n\n\t\t\tstd::cin >> p >> q >> r;\n\n\n\n\t\t\tstd::cout << d[r][p-1][q-1] << std::endl;\n\n\t\t}\n\n\t}\n\n\n\n\treturn 0;\n\n}') | LineLLMMutation(('source.cpp', 25), '#include<algorithm>\n\n#include<iostream>\n\n\n\nconst int INF = 1 << 29;\n\n\n\nint n, m;\n\nint d[2][3000][3000];\n\n\n\nint main()\n\n{\n\n\twhile( std::cin >> n >> m, n | m )\n\n\t{\n\n\t\tfor( int k = 0; k != 2; ++k )\n\n\t\t\tfor( int i = 0; i != n; ++i )\n\n\t\t\t\tstd::fill(d[k][i], d[k][i] + n, INF);\n\n\n\n\t\tfor( int i = 0; i != n; ++i )\n\n\t\t\td[0][i][i] = d[1][i][i] = 0;\n\n\n\n\t\tfor( int i = 0; i != n; ++i )\n\n\t\t{\n\n\t\t\tint a, b, c, t;\n\n\t\t\tstd::cin >> a >> b >> c >> t;\n\n\t\t\td[0][a-1][b-1] = d[0][b-1][a-1] = c;\n\n\t\t\td[1][a-1][b-1] = d[1][b-1][a-1] = t;\n\n\t\t}\n\n\n\n\t\tfor( int k = 0; k != m; ++k )\n\n\t\t\tfor( int i = 0; i != m; ++i )\n\n\t\t\t\tfor( int j = 0; j != m; ++j )\n\n\t\t\t\t\tfor( int l = 0; l != 2; ++l )\n\n\t\t\t\t\t\td[l][i][j] = std::min( d[l][i][j], d[l][i][k] + d[l][k][j] );\n\n\n\n\t\tint k;\n\n\t\tstd::cin >> k;\n\n\t\twhile( k-- )\n\n\t\t{\n\n\t\t\tint p, q, r;\n\n\t\t\tstd::cin >> p >> q >> r;\n\n\n\n\t\t\tstd::cout << d[r][p-1][q-1] << std::endl;\n\n\t\t}\n\n\t}\n\n\n\n\treturn 0;\n\n}')"
2025-01-27 02:00:19,579	[INFO]	Step: 40
2025-01-27 02:00:19,579	[INFO]	Stop Steps: 50
2025-01-27 02:00:20,348	[DEBUG]	EXEC>  SUCCESS 3230609.8125
2025-01-27 02:00:20,349	[INFO]	3-1     SUCCESS               3230609.81 (99.76%) [1 edit(s)]  
2025-01-27 02:00:20,349	[DEBUG]	patch(3-1)="LineLLMMutation(('source.cpp', 26), '#include<algorithm>\n\n#include<iostream>\n\n\n\nconst int INF = 1 << 29;\n\n\n\nint n, m;\n\nint d[2][3000][3000];\n\n\n\nint main()\n\n{\n\n\twhile( std::cin >> n >> m, n | m )\n\n\t{\n\n\t\tfor( int i = 0; i != n; ++i )\n\n\t\t\tfor( int j = 0; j != n; ++j )\n\n\t\t\t\tfor( int k = 0; k != 2; ++k )\n\n\t\t\t\t\td[k][i][j] = i == j ? 0 : INF;\n\n\n\n\t\tfor( int i = 0; i != n; ++i )\n\n\t\t{\n\n\t\t\tint a, b, c, t;\n\n\t\t\tstd::cin >> a >> b >> c >> t;\n\n\t\t\td[0][a-1][b-1] = d[0][b-1][a-1] = c;\n\n\t\t\td[1][a-1][b-1] = d[1][b-1][a-1] = t;\n\n\t\t}\n\n\n\n\t\tfor( int k = 0; k != m; ++k )\n\n\t\t\tfor( int i = 0; i != m; ++i )\n\n\t\t\t\tfor( int j = 0; j != m; ++j )\n\n\t\t\t\t\tfor( int l = 0; l != 2; ++l )\n\n\t\t\t\t\t\td[l][i][j] = std::min( d[l][i][j], d[l][i][k] + d[l][k][j] );\n\n\n\n\t\tint k;\n\n\t\tstd::cin >> k;\n\n\t\twhile( k-- )\n\n\t\t{\n\n\t\t\tint p, q, r;\n\n\t\t\tstd::cin >> p >> q >> r;\n\n\n\n\t\t\tstd::cout << d[r][p-1][q-1] << std::endl;\n\n\t\t}\n\n\t}\n\n\n\n\treturn 0;\n\n}')"
2025-01-27 02:00:20,349	[INFO]	Step: 41
2025-01-27 02:00:20,349	[INFO]	Stop Steps: 50
2025-01-27 02:00:22,246	[DEBUG]	EXEC>  SUCCESS 3221158.375
2025-01-27 02:00:22,246	[INFO]	REF     SUCCESS               3221158.38 (--) [0 edit(s)]  
2025-01-27 02:00:22,246	[INFO]	Best patch: 19_22
2025-01-27 02:00:22,785	[DEBUG]	EXEC>  SUCCESS 1334187.125
2025-01-27 02:00:22,785	[INFO]	BEST    SUCCESS              *1334187.12 (41.42%) [0 edit(s)]  
2025-01-27 02:00:22,785	[INFO]	Best patch step: 36
2025-01-27 02:01:38,057	[INFO]	Step: 41
2025-01-27 02:01:38,057	[INFO]	Stop Steps: 50
2025-01-27 02:01:38,711	[DEBUG]	EXEC>  SUCCESS 1324844.8125
2025-01-27 02:01:38,712	[INFO]	4-2     SUCCESS              *1324844.81 (41.13%) [2 edit(s)]  
2025-01-27 02:01:38,712	[DEBUG]	patch(4-2)="LineLLMMutation(('source.cpp', 19), '#include<algorithm>\n\n#include<iostream>\n\n#include<cstdio>\n\n\n\nconst int INF = 1 << 29;\n\n\n\nint n, m;\n\nint d[2][3000][3000];\n\n\n\nint main()\n\n{\n\n\twhile( std::cin >> n >> m, n | m )\n\n\t{\n\n\t\tfor( int i = 0; i != n; ++i )\n\n\t\t\tfor( int j = 0; j != n; ++j )\n\n\t\t\t\tfor( int k = 0; k != 2; ++k )\n\n\t\t\t\t\td[k][i][j] = i == j ? 0 : INF;\n\n\n\n\t\tfor( int i = 0; i != n; ++i )\n\n\t\t{\n\n\t\t\tint a, b, c, t;\n\n\t\t\tstd::cin >> a >> b >> c >> t;\n\n\t\t\td[0][a-1][b-1] = d[0][b-1][a-1] = c;\n\n\t\t\td[1][a-1][b-1] = d[1][b-1][a-1] = t;\n\n\t\t}\n\n\n\n\t\tfor( int k = 0; k != m; ++k )\n\n\t\t\tfor( int i = 0; i != m; ++i )\n\n\t\t\t\tfor( int j = 0; j != m; ++j )\n\n\t\t\t\t\tfor( int l = 0; l != 2; ++l )\n\n\t\t\t\t\t\td[l][i][j] = std::min( d[l][i][j], d[l][i][k] + d[l][k][j] );\n\n\n\n\t\tint k;\n\n\t\tstd::cin >> k;\n\n\t\twhile( k-- )\n\n\t\t{\n\n\t\t\tint p, q, r;\n\n\t\t\tstd::cin >> p >> q >> r;\n\n\n\n\t\t\tstd::cout << d[r][p-1][q-1] << std::endl;\n\n\t\t}\n\n\t}\n\n\n\n\treturn 0;\n\n}') | LineLLMMutation(('source.cpp', 22), '#include<cstdio>\n#include<algorithm>\n\nconst int INF = 1 << 29;\n\n\n\nint n, m;\n\nint d[2][3000][3000];\n\n\n\nint main()\n\n{\n\n\twhile( scanf("%d%d", &n, &m), n | m )\n\n\t{\n\n\t\tfor( int i = 0; i != n; ++i )\n\n\t\t\tfor( int j = 0; j != n; ++j )\n\n\t\t\t\tfor( int k = 0; k != 2; ++k )\n\n\t\t\t\t\td[k][i][j] = i == j ? 0 : INF;\n\n\n\n\t\tfor( int i = 0; i != n; ++i )\n\n\t\t{\n\n\t\t\tint a, b, c, t;\n\n\t\t\tscanf("%d%d%d%d", &a, &b, &c, &t);\n\n\t\t\td[0][a-1][b-1] = d[0][b-1][a-1] = c;\n\n\t\t\td[1][a-1][b-1] = d[1][b-1][a-1] = t;\n\n\t\t}\n\n\n\n\t\tfor( int k = 0; k != m; ++k )\n\n\t\t\tfor( int i = 0; i != m; ++i )\n\n\t\t\t\tfor( int j = 0; j != m; ++j )\n\n\t\t\t\t\tfor( int l = 0; l != 2; ++l )\n\n\t\t\t\t\t\td[l][i][j] = std::min( d[l][i][j], d[l][i][k] + d[l][k][j] );\n\n\n\n\t\tint k;\n\n\t\tscanf("%d", &k);\n\n\t\twhile( k-- )\n\n\t\t{\n\n\t\t\tint p, q, r;\n\n\t\t\tscanf("%d%d%d", &p, &q, &r);\n\n\n\n\t\t\tprintf("%d\\n", d[r][p-1][q-1]);\n\n\t\t}\n\n\t}\n\n\n\n\treturn 0;\n\n}')"

2025-01-27 02:01:38,712	[INFO]	Step: 42
2025-01-27 02:01:38,712	[INFO]	Stop Steps: 50
2025-01-27 02:01:39,468	[DEBUG]	EXEC>  SUCCESS 3220409.6875
2025-01-27 02:01:39,468	[INFO]	4-3     SUCCESS               3220409.69 (99.98%) [1 edit(s)]  
2025-01-27 02:01:39,468	[DEBUG]	patch(4-3)="LineLLMCrossover(('source.cpp', 11), '#include<algorithm>\n\n#include<iostream>\n\n#include<cstdio>\n\n\n\nconst int INF = 1 << 29;\n\n\n\nint n, m;\n\nint d[2][3000][3000];\n\n\n\nint main()\n\n{\n\n\twhile( ~scanf("%d%d", &n, &m), n | m )\n\n\t{\n\n\t\tfor( int i = 0; i != n; ++i )\n\n\t\t\tfor( int j = 0; j != n; ++j )\n\n\t\t\t\tfor( int k = 0; k != 2; ++k )\n\n\t\t\t\t\td[k][i][j] = i == j ? 0 : INF;\n\n\n\n\t\tfor( int i = 0; i != n; ++i )\n\n\t\t{\n\n\t\t\tint a, b, c, t;\n\n\t\t\tscanf("%d%d%d%d", &a, &b, &c, &t);\n\n\t\t\td[0][a-1][b-1] = d[0][b-1][a-1] = c;\n\n\t\t\td[1][a-1][b-1] = d[1][b-1][a-1] = t;\n\n\t\t}\n\n\n\n\t\tfor( int k = 0; k != m; ++k )\n\n\t\t\tfor( int i = 0; i != m; ++i )\n\n\t\t\t\tfor( int j = 0; j != m; ++j )\n\n\t\t\t\t\tfor( int l = 0; l != 2; ++l )\n\n\t\t\t\t\t\td[l][i][j] = std::min( d[l][i][j], d[l][i][k] + d[l][k][j] );\n\n\n\n\t\tint k;\n\n\t\tscanf("%d", &k);\n\n\t\twhile( k-- )\n\n\t\t{\n\n\t\t\tint p, q, r;\n\n\t\t\tscanf("%d%d%d", &p, &q, &r);\n\n\n\n\t\t\tprintf("%d\\n", d[r][p-1][q-1]);\n\n\t\t}\n\n\t}\n\n\n\n\treturn 0;\n\n}')"
2025-01-27 02:01:39,469	[INFO]	Step: 43
2025-01-27 02:01:39,469	[INFO]	Stop Steps: 50
2025-01-27 02:01:40,248	[DEBUG]	EXEC>  SUCCESS 3240441.375
2025-01-27 02:01:40,248	[INFO]	4-4     SUCCESS               3240441.38 (100.60%) [1 edit(s)]  
2025-01-27 02:01:40,248	[DEBUG]	patch(4-4)="LineLLMCrossover(('source.cpp', 12), '#include<algorithm>\n\n#include<iostream>\n\n#include<cstdio>\n\n\n\nconst int INF = 1 << 29;\n\n#define dist(k, i, j) d[k][i][j] = (i == j ? 0 : INF)\n\n\n\nint n, m;\n\nint d[2][3000][3000];\n\n\n\nint main()\n\n{\n\n\twhile( ~scanf("%d%d", &n, &m), n | m )\n\n\t{\n\n\t\tfor( int i = 0; i != n; ++i )\n\n\t\t\tfor( int j = 0; j != n; ++j )\n\n\t\t\t\tfor( int k = 0; k != 2; ++k )\n\n\t\t\t\t\tdist(k, i, j);\n\n\n\n\t\tfor( int i = 0; i != n; ++i )\n\n\t\t{\n\n\t\t\tint a, b, c, t;\n\n\t\t\tscanf("%d%d%d%d", &a, &b, &c, &t);\n\n\t\t\td[0][a-1][b-1] = d[0][b-1][a-1] = c;\n\n\t\t\td[1][a-1][b-1] = d[1][b-1][a-1] = t;\n\n\t\t}\n\n\n\n\t\tfor( int k = 0; k != m; ++k )\n\n\t\t\tfor( int i = 0; i != m; ++i )\n\n\t\t\t\tfor( int j = 0; j != m; ++j )\n\n\t\t\t\t\tfor( int l = 0; l != 2; ++l )\n\n\t\t\t\t\t\td[l][i][j] = std::min( d[l][i][j], d[l][i][k] + d[l][k][j] );\n\n\n\n\t\tint k;\n\n\t\tscanf("%d", &k);\n\n\t\twhile(k--)\n\n\t\t{\n\n\t\t\tint p, q, r;\n\n\t\t\tscanf("%d%d%d", &p, &q, &r);\n\n\n\n\t\t\tprintf("%d\\n", d[r][p-1][q-1]);\n\n\t\t}\n\n\t}\n\n\n\n\treturn 0;\n\n}')"
2025-01-27 02:01:40,248	[INFO]	Step: 44
2025-01-27 02:01:40,248	[INFO]	Stop Steps: 50
2025-01-27 02:01:41,009	[DEBUG]	EXEC>  SUCCESS 3219396.5
2025-01-27 02:01:41,009	[INFO]	4-5     SUCCESS               3219396.50 (99.95%) [1 edit(s)]  
2025-01-27 02:01:41,010	[DEBUG]	patch(4-5)="LineLLMCrossover(('source.cpp', 13), '#include<algorithm>\n\n#include<iostream>\n\n#include<cstdio>\n\n\n\nconst int INF = 1 << 29;\n\n\n\nint n, m;\n\nint d[2][3000][3000];\n\n\n\nint main()\n\n{\n\n\twhile( ~scanf("%d%d", &n, &m), n | m )\n\n\t{\n\n\t\tfor( int i = 0; i != n; ++i )\n\n\t\t\tfor( int j = 0; j != n; ++j )\n\n\t\t\t\tfor( int k = 0; k != 2; ++k )\n\n\t\t\t\t\td[k][i][j] = i == j ? 0 : INF;\n\n\n\n\t\tfor( int i = 0; i != n; ++i )\n\n\t\t{\n\n\t\t\tint a, b, c, t;\n\n\t\t\tscanf("%d%d%d%d", &a, &b, &c, &t);\n\n\t\t\td[0][a-1][b-1] = d[0][b-1][a-1] = c;\n\n\t\t\td[1][a-1][b-1] = d[1][b-1][a-1] = t;\n\n\t\t}\n\n\n\n\t\tfor( int k = 0; k != m; ++k )\n\n\t\t\tfor( int i = 0; i != m; ++i )\n\n\t\t\t\tfor( int j = 0; j != m; ++j )\n\n\t\t\t\t\tfor( int l = 0; l != 2; ++l )\n\n\t\t\t\t\t\td[l][i][j] = std::min( d[l][i][j], d[l][i][k] + d[l][k][j] );\n\n\n\n\t\tint k;\n\n\t\tscanf("%d", &k);\n\n\t\twhile( k-- )\n\n\t\t{\n\n\t\t\tint p, q, r;\n\n\t\t\tscanf("%d%d%d", &p, &q, &r);\n\n\n\n\t\t\tprintf("%d\\n", d[r][p-1][q-1]);\n\n\t\t}\n\n\t}\n\n\n\n\treturn 0;\n\n}')"
2025-01-27 02:01:41,010	[INFO]	Step: 45
2025-01-27 02:01:41,010	[INFO]	Stop Steps: 50
2025-01-27 02:01:41,547	[DEBUG]	EXEC>  SUCCESS 1333382.0625
2025-01-27 02:01:41,548	[INFO]	4-6     SUCCESS               1333382.06 (41.39%) [1 edit(s)]  
2025-01-27 02:01:41,548	[DEBUG]	patch(4-6)="LineLLMCrossover(('source.cpp', 14), '#include<cstdio>\n\n#include<algorithm>\n\nusing namespace std;\n\nconst int INF = 1 << 29;\n\n\n\nint n, m;\n\nint d[2][3000][3000];\n\n\n\nint main()\n\n{\n\n\twhile( scanf("%d%d", &n, &m), n | m )\n\n\t{\n\n\t\tfor( int i = 0; i != n; ++i )\n\n\t\t\tfor( int j = 0; j != n; ++j )\n\n\t\t\t\tfor( int k = 0; k != 2; ++k )\n\n\t\t\t\t\td[k][i][j] = i == j ? 0 : INF;\n\n\n\n\t\tfor( int i = 0; i != n; ++i )\n\n\t\t{\n\n\t\t\tint a, b, c, t;\n\n\t\t\tscanf("%d%d%d%d", &a, &b, &c, &t);\n\n\t\t\td[0][a-1][b-1] = d[0][b-1][a-1] = c;\n\n\t\t\td[1][a-1][b-1] = d[1][b-1][a-1] = t;\n\n\t\t}\n\n\n\n\t\tfor( int k = 0; k != m; ++k )\n\n\t\t\tfor( int i = 0; i != m; ++i )\n\n\t\t\t\tfor( int j = 0; j != m; ++j )\n\n\t\t\t\t\tfor( int l = 0; l != 2; ++l )\n\n\t\t\t\t\t\td[l][i][j] = min( d[l][i][j], d[l][i][k] + d[l][k][j] );\n\n\n\n\t\tint k;\n\n\t\tscanf("%d", &k);\n\n\t\twhile( k-- )\n\n\t\t{\n\n\t\t\tint p, q, r;\n\n\t\t\tscanf("%d%d%d", &p, &q, &r);\n\n\n\n\t\t\tprintf("%d\\n", d[r][p-1][q-1]);\n\n\t\t}\n\n\t}\n\n\n\n\treturn 0;\n\n}')"
2025-01-27 02:01:41,548	[INFO]	Step: 46
2025-01-27 02:01:41,548	[INFO]	Stop Steps: 50
2025-01-27 02:01:42,300	[DEBUG]	EXEC>  SUCCESS 3214556.75
2025-01-27 02:01:42,301	[INFO]	4-7     SUCCESS               3214556.75 (99.80%) [1 edit(s)]  
2025-01-27 02:01:42,301	[DEBUG]	patch(4-7)="LineLLMCrossover(('source.cpp', 15), '#include<algorithm>\n\n#include<iostream>\n\n#include<cstdio>\n\n\n\nconst int INF = 1 << 29;\n\n\n\nint n, m;\n\nint d[2][3000][3000];\n\n\n\nint main()\n\n{\n\n\twhile( ~scanf("%d%d", &n, &m), n | m )\n\n\t{\n\n\t\tfor( int i = 0; i != n; ++i )\n\n\t\t\tfor( int j = 0; j != n; ++j )\n\n\t\t\t\tfor( int k = 0; k != 2; ++k )\n\n\t\t\t\t\td[k][i][j] = i == j ? 0 : INF;\n\n\n\n\t\tfor( int i = 0; i != n; ++i )\n\n\t\t{\n\n\t\t\tint a, b, c, t;\n\n\t\t\tscanf("%d%d%d%d", &a, &b, &c, &t);\n\n\t\t\td[0][a-1][b-1] = d[0][b-1][a-1] = c;\n\n\t\t\td[1][a-1][b-1] = d[1][b-1][a-1] = t;\n\n\t\t}\n\n\n\n\t\tfor( int k = 0; k != m; ++k )\n\n\t\t\tfor( int i = 0; i != m; ++i )\n\n\t\t\t\tfor( int j = 0; j != m; ++j )\n\n\t\t\t\t\tfor( int l = 0; l != 2; ++l )\n\n\t\t\t\t\t\td[l][i][j] = std::min( d[l][i][j], d[l][i][k] + d[l][k][j] );\n\n\n\n\t\tint k;\n\n\t\tscanf("%d", &k);\n\n\t\twhile( k-- )\n\n\t\t{\n\n\t\t\tint p, q, r;\n\n\t\t\tscanf("%d%d%d", &p, &q, &r);\n\n\n\n\t\t\tprintf("%d\\n", d[r][p-1][q-1]);\n\n\t\t}\n\n\t}\n\n\n\n\treturn 0;\n\n}')"
2025-01-27 02:01:42,301	[INFO]	Step: 47
2025-01-27 02:01:42,301	[INFO]	Stop Steps: 50
2025-01-27 02:01:42,599	[INFO]	4-8     TEST_CODE_ERROR       None (--) [3 edit(s)]  
2025-01-27 02:01:42,599	[DEBUG]	patch(4-8)="LineLLMMutation(('source.cpp', 19), '#include<algorithm>\n\n#include<iostream>\n\n#include<cstdio>\n\n\n\nconst int INF = 1 << 29;\n\n\n\nint n, m;\n\nint d[2][3000][3000];\n\n\n\nint main()\n\n{\n\n\twhile( std::cin >> n >> m, n | m )\n\n\t{\n\n\t\tfor( int i = 0; i != n; ++i )\n\n\t\t\tfor( int j = 0; j != n; ++j )\n\n\t\t\t\tfor( int k = 0; k != 2; ++k )\n\n\t\t\t\t\td[k][i][j] = i == j ? 0 : INF;\n\n\n\n\t\tfor( int i = 0; i != n; ++i )\n\n\t\t{\n\n\t\t\tint a, b, c, t;\n\n\t\t\tstd::cin >> a >> b >> c >> t;\n\n\t\t\td[0][a-1][b-1] = d[0][b-1][a-1] = c;\n\n\t\t\td[1][a-1][b-1] = d[1][b-1][a-1] = t;\n\n\t\t}\n\n\n\n\t\tfor( int k = 0; k != m; ++k )\n\n\t\t\tfor( int i = 0; i != m; ++i )\n\n\t\t\t\tfor( int j = 0; j != m; ++j )\n\n\t\t\t\t\tfor( int l = 0; l != 2; ++l )\n\n\t\t\t\t\t\td[l][i][j] = std::min( d[l][i][j], d[l][i][k] + d[l][k][j] );\n\n\n\n\t\tint k;\n\n\t\tstd::cin >> k;\n\n\t\twhile( k-- )\n\n\t\t{\n\n\t\t\tint p, q, r;\n\n\t\t\tstd::cin >> p >> q >> r;\n\n\n\n\t\t\tstd::cout << d[r][p-1][q-1] << std::endl;\n\n\t\t}\n\n\t}\n\n\n\n\treturn 0;\n\n}') | LineLLMMutation(('source.cpp', 22), '#include<cstdio>\n#include<algorithm>\n\nconst int INF = 1 << 29;\n\n\n\nint n, m;\n\nint d[2][3000][3000];\n\n\n\nint main()\n\n{\n\n\twhile( scanf("%d%d", &n, &m), n | m )\n\n\t{\n\n\t\tfor( int i = 0; i != n; ++i )\n\n\t\t\tfor( int j = 0; j != n; ++j )\n\n\t\t\t\tfor( int k = 0; k != 2; ++k )\n\n\t\t\t\t\td[k][i][j] = i == j ? 0 : INF;\n\n\n\n\t\tfor( int i = 0; i != n; ++i )\n\n\t\t{\n\n\t\t\tint a, b, c, t;\n\n\t\t\tscanf("%d%d%d%d", &a, &b, &c, &t);\n\n\t\t\td[0][a-1][b-1] = d[0][b-1][a-1] = c;\n\n\t\t\td[1][a-1][b-1] = d[1][b-1][a-1] = t;\n\n\t\t}\n\n\n\n\t\tfor( int k = 0; k != m; ++k )\n\n\t\t\tfor( int i = 0; i != m; ++i )\n\n\t\t\t\tfor( int j = 0; j != m; ++j )\n\n\t\t\t\t\tfor( int l = 0; l != 2; ++l )\n\n\t\t\t\t\t\td[l][i][j] = std::min( d[l][i][j], d[l][i][k] + d[l][k][j] );\n\n\n\n\t\tint k;\n\n\t\tscanf("%d", &k);\n\n\t\twhile( k-- )\n\n\t\t{\n\n\t\t\tint p, q, r;\n\n\t\t\tscanf("%d%d%d", &p, &q, &r);\n\n\n\n\t\t\tprintf("%d\\n", d[r][p-1][q-1]);\n\n\t\t}\n\n\t}\n\n\n\n\treturn 0;\n\n}') | LineLLMMutation(('source.cpp', 27), '#include<cstdio>\n#include<algorithm>\n\nconst int INF = 1 << 29;\n\n\n\nint n, m;\n\nint d[3000][3000];\n\nint t[3000][3000];\n\n\n\nint main()\n\n{\n\n\twhile( scanf("%d%d", &n, &m), n | m )\n\n\t{\n\n\t\tfor( int i = 0; i != n; ++i )\n\n\t\t\tfor( int j = 0; j != n; ++j )\n\n\t\t\t\td[i][j] = i == j ? 0 : INF;\n\n\n\n\t\tfor( int i = 0; i != n; ++i )\n\n\t\t{\n\n\t\t\tint a, b, c, tt;\n\n\t\t\tscanf("%d%d%d%d", &a, &b, &c, &tt);\n\n\t\t\td[a-1][b-1] = d[b-1][a-1] = c;\n\n\t\t\tt[a-1][b-1] = t[b-1][a-1] = tt;\n\n\t\t}\n\n\n\n\t\tfor( int k = 0; k != m; ++k )\n\n\t\t\tfor( int i = 0; i != m; ++i )\n\n\t\t\t\tfor( int j = 0; j != m; ++j )\n\n\t\t\t\t\td[i][j] = std::min( d[i][j], d[i][k] + d[k][j] );\n\n\n\n\t\tint k;\n\n\t\tscanf("%d", &k);\n\n\t\twhile( k-- )\n\n\t\t{\n\n\t\t\tint p, q, r;\n\n\t\t\tscanf("%d%d%d", &p, &q, &r);\n\n\n\n\t\t\tprintf("%d\\n", r ? t[p-1][q-1] : d[p-1][q-1]);\n\n\t\t}\n\n\t}\n\n\n\n\treturn 0;\n\n}')"
2025-01-27 02:01:42,599	[INFO]	Step: 48
2025-01-27 02:01:42,599	[INFO]	Stop Steps: 50
2025-01-27 02:01:43,135	[DEBUG]	EXEC>  SUCCESS 1347803.75
2025-01-27 02:01:43,136	[INFO]	4-9     SUCCESS               1347803.75 (41.84%) [2 edit(s)]  
2025-01-27 02:01:43,136	[DEBUG]	patch(4-9)="LineLLMCrossover(('source.cpp', 11), '#include<algorithm>\n\n#include<iostream>\n\n#include<cstdio>\n\n\n\nconst int INF = 1 << 29;\n\n\n\nint n, m;\n\nint d[2][3000][3000];\n\n\n\nint main()\n\n{\n\n\twhile( ~scanf("%d%d", &n, &m), n | m )\n\n\t{\n\n\t\tfor( int i = 0; i != n; ++i )\n\n\t\t\tfor( int j = 0; j != n; ++j )\n\n\t\t\t\tfor( int k = 0; k != 2; ++k )\n\n\t\t\t\t\td[k][i][j] = i == j ? 0 : INF;\n\n\n\n\t\tfor( int i = 0; i != n; ++i )\n\n\t\t{\n\n\t\t\tint a, b, c, t;\n\n\t\t\tscanf("%d%d%d%d", &a, &b, &c, &t);\n\n\t\t\td[0][a-1][b-1] = d[0][b-1][a-1] = c;\n\n\t\t\td[1][a-1][b-1] = d[1][b-1][a-1] = t;\n\n\t\t}\n\n\n\n\t\tfor( int k = 0; k != m; ++k )\n\n\t\t\tfor( int i = 0; i != m; ++i )\n\n\t\t\t\tfor( int j = 0; j != m; ++j )\n\n\t\t\t\t\tfor( int l = 0; l != 2; ++l )\n\n\t\t\t\t\t\td[l][i][j] = std::min( d[l][i][j], d[l][i][k] + d[l][k][j] );\n\n\n\n\t\tint k;\n\n\t\tscanf("%d", &k);\n\n\t\twhile( k-- )\n\n\t\t{\n\n\t\t\tint p, q, r;\n\n\t\t\tscanf("%d%d%d", &p, &q, &r);\n\n\n\n\t\t\tprintf("%d\\n", d[r][p-1][q-1]);\n\n\t\t}\n\n\t}\n\n\n\n\treturn 0;\n\n}') | LineLLMMutation(('source.cpp', 28), '#include<cstdio>\n#include<algorithm>\n\nconst int INF = 1 << 29;\n\n\n\nint n, m;\n\nint d[2][3000][3000];\n\n\n\nint main()\n\n{\n\n\twhile(~scanf("%d%d", &n, &m), n | m)\n\n\t{\n\n\t\tfor(int i = 0; i < n; ++i)\n\n\t\t\tfor(int j = 0; j < n; ++j)\n\n\t\t\t\tfor(int k = 0; k < 2; ++k)\n\n\t\t\t\t\td[k][i][j] = i == j ? 0 : INF;\n\n\n\n\t\tfor(int i = 0; i < n; ++i)\n\n\t\t{\n\n\t\t\tint a, b, c, t;\n\n\t\t\tscanf("%d%d%d%d", &a, &b, &c, &t);\n\n\t\t\td[0][a-1][b-1] = d[0][b-1][a-1] = c;\n\n\t\t\td[1][a-1][b-1] = d[1][b-1][a-1] = t;\n\n\t\t}\n\n\n\n\t\tfor(int k = 0; k < m; ++k)\n\n\t\t\tfor(int i = 0; i < m; ++i)\n\n\t\t\t\tfor(int j = 0; j < m; ++j)\n\n\t\t\t\t\tfor(int l = 0; l < 2; ++l)\n\n\t\t\t\t\t\td[l][i][j] = std::min(d[l][i][j], d[l][i][k] + d[l][k][j]);\n\n\n\n\t\tint k;\n\n\t\tscanf("%d", &k);\n\n\t\twhile(k--)\n\n\t\t{\n\n\t\t\tint p, q, r;\n\n\t\t\tscanf("%d%d%d", &p, &q, &r);\n\n\t\t\tprintf("%d\\n", d[r][p-1][q-1]);\n\n\t\t}\n\n\t}\n\n\n\n\treturn 0;\n\n}')"
2025-01-27 02:01:43,136	[INFO]	Step: 49
2025-01-27 02:01:43,136	[INFO]	Stop Steps: 50
2025-01-27 02:01:43,639	[INFO]	4-10    TEST_CODE_ERROR       None (--) [2 edit(s)]  
2025-01-27 02:01:43,640	[DEBUG]	patch(4-10)="LineLLMCrossover(('source.cpp', 8), '#include<algorithm>\n\n#include<iostream>\n\n#include<cstdio>\n\n\n\nconst int INF = 1 << 29;\n\n\n\nint n, m;\n\nint d[2][3000][3000];\n\n\n\nint main()\n\n{\n\n\twhile( ~scanf("%d%d", &n, &m), n | m )\n\n\t{\n\n\t\tfor( int i = 0; i != n; ++i )\n\n\t\t\tfor( int j = 0; j != n; ++j )\n\n\t\t\t\tfor( int k = 0; k != 2; ++k )\n\n\t\t\t\t\td[k][i][j] = i == j ? 0 : INF;\n\n\n\n\t\tfor( int i = 0; i != n; ++i )\n\n\t\t{\n\n\t\t\tint a, b, c, t;\n\n\t\t\tscanf("%d%d%d%d", &a, &b, &c, &t);\n\n\t\t\td[0][a-1][b-1] = d[0][b-1][a-1] = c;\n\n\t\t\td[1][a-1][b-1] = d[1][b-1][a-1] = t;\n\n\t\t}\n\n\n\n\t\tfor( int k = 0; k != m; ++k )\n\n\t\t\tfor( int i = 0; i != m; ++i )\n\n\t\t\t\tfor( int j = 0; j != m; ++j )\n\n\t\t\t\t\tfor( int l = 0; l != 2; ++l )\n\n\t\t\t\t\t\td[l][i][j] = std::min( d[l][i][j], d[l][i][k] + d[l][k][j] );\n\n\n\n\t\tint k;\n\n\t\tscanf("%d", &k);\n\n\t\twhile( k-- )\n\n\t\t{\n\n\t\t\tint p, q, r;\n\n\t\t\tscanf("%d%d%d", &p, &q, &r);\n\n\n\n\t\t\tprintf("%d\\n", d[r][p-1][q-1]);\n\n\t\t}\n\n\t}\n\n\n\n\treturn 0;\n\n}') | LineLLMMutation(('source.cpp', 29), '#include<algorithm>\n\n#include<iostream>\n\n#include<cstdio>\n\n\n\nconst int INF = 1 << 29;\n\n\n\nint n, m;\n\nint d[2][3000][3000];\n\n\n\nint main()\n\n{\n\n\twhile( ~scanf("%d%d", &n, &m), n | m )\n\n\t{\n\n\t\tfor( int i = 0; i != n; ++i )\n\n\t\t\tfor( int j = i; j != n; ++j )\n\n\t\t\t\tfor( int k = j != i; k != 2; ++k )\n\n\t\t\t\t\td[k][i][j] = d[k][j][i] = ( i == j ? 0 : INF );\n\n\n\n\t\tfor( int i = 0; i != n; ++i )\n\n\t\t{\n\n\t\t\tint a, b, c, t;\n\n\t\t\tscanf("%d%d%d%d", &a, &b, &c, &t);\n\n\t\t\td[0][a-1][b-1] = d[0][b-1][a-1] = c;\n\n\t\t\td[1][a-1][b-1] = d[1][b-1][a-1] = t;\n\n\t\t}\n\n\n\n\t\tfor( int k = 0; k != m; ++k )\n\n\t\t\tfor( int i = 0; i != m; ++i )\n\n\t\t\t\tfor( int j = 0; j != m; ++j )\n\n\t\t\t\t\tfor( int l = 0; l != 2; ++l )\n\n\t\t\t\t\t\td[l][i][j] = std::min( d[l][i][j], d[l][i][k] + d[l][k][j] );\n\n\n\n\t\tint k;\n\n\t\tscanf("%d", &k);\n\n\t\twhile( k-- )\n\n\t\t{\n\n\t\t\tint p, q, r;\n\n\t\t\tscanf("%d%d%d", &p, &q, &r);\n\n\n\n\t\t\tprintf("%d\\n", d[r][p-1][q-1]);\n\n\t\t}\n\n\t}\n\n\n\n\treturn 0;\n\n}')"
2025-01-27 02:01:43,640	[INFO]	Step: 50
2025-01-27 02:01:43,640	[INFO]	Stop Steps: 50
2025-01-27 02:01:43,640	[INFO]	(Abstract Algorithm) Stopping Condition: step budget
2025-01-27 02:01:43,640	[INFO]	Step: 50
2025-01-27 02:01:43,640	[INFO]	Stop Steps: 50
2025-01-27 02:01:45,988	[INFO]	~~~~ END ~~~~
2025-01-27 02:01:45,989	[INFO]	Best patch step: 41
2025-01-27 02:01:45,989	[INFO]	
2025-01-27 02:01:45,989	[INFO]	==== REPORT ====
2025-01-27 02:01:45,989	[INFO]	Termination: step budget
2025-01-27 02:01:45,989	[INFO]	Log file: /home/ubuntu/eoc/magpie2/_magpie_logs/0055_1737942886.log
2025-01-27 02:01:45,989	[INFO]	Patch file: _magpie_logs/0055_1737942886.patch
2025-01-27 02:01:45,989	[INFO]	Diff file: _magpie_logs/0055_1737942886.diff
2025-01-27 02:01:45,989	[INFO]	Reference fitness: 3221158.38
2025-01-27 02:01:45,989	[INFO]	Best fitness: 1324844.81
2025-01-27 02:01:45,989	[INFO]	
2025-01-27 02:01:45,990	[INFO]	==== BEST PATCH ====
LineLLMMutation(('source.cpp', 19), '#include<algorithm>\n\n#include<iostream>\n\n#include<cstdio>\n\n\n\nconst int INF = 1 << 29;\n\n\n\nint n, m;\n\nint d[2][3000][3000];\n\n\n\nint main()\n\n{\n\n\twhile( std::cin >> n >> m, n | m )\n\n\t{\n\n\t\tfor( int i = 0; i != n; ++i )\n\n\t\t\tfor( int j = 0; j != n; ++j )\n\n\t\t\t\tfor( int k = 0; k != 2; ++k )\n\n\t\t\t\t\td[k][i][j] = i == j ? 0 : INF;\n\n\n\n\t\tfor( int i = 0; i != n; ++i )\n\n\t\t{\n\n\t\t\tint a, b, c, t;\n\n\t\t\tstd::cin >> a >> b >> c >> t;\n\n\t\t\td[0][a-1][b-1] = d[0][b-1][a-1] = c;\n\n\t\t\td[1][a-1][b-1] = d[1][b-1][a-1] = t;\n\n\t\t}\n\n\n\n\t\tfor( int k = 0; k != m; ++k )\n\n\t\t\tfor( int i = 0; i != m; ++i )\n\n\t\t\t\tfor( int j = 0; j != m; ++j )\n\n\t\t\t\t\tfor( int l = 0; l != 2; ++l )\n\n\t\t\t\t\t\td[l][i][j] = std::min( d[l][i][j], d[l][i][k] + d[l][k][j] );\n\n\n\n\t\tint k;\n\n\t\tstd::cin >> k;\n\n\t\twhile( k-- )\n\n\t\t{\n\n\t\t\tint p, q, r;\n\n\t\t\tstd::cin >> p >> q >> r;\n\n\n\n\t\t\tstd::cout << d[r][p-1][q-1] << std::endl;\n\n\t\t}\n\n\t}\n\n\n\n\treturn 0;\n\n}') + LineLLMMutation(('source.cpp', 22), '#include<cstdio>\n#include<algorithm>\n\nconst int INF = 1 << 29;\n\n\n\nint n, m;\n\nint d[2][3000][3000];\n\n\n\nint main()\n\n{\n\n\twhile( scanf("%d%d", &n, &m), n | m )\n\n\t{\n\n\t\tfor( int i = 0; i != n; ++i )\n\n\t\t\tfor( int j = 0; j != n; ++j )\n\n\t\t\t\tfor( int k = 0; k != 2; ++k )\n\n\t\t\t\t\td[k][i][j] = i == j ? 0 : INF;\n\n\n\n\t\tfor( int i = 0; i != n; ++i )\n\n\t\t{\n\n\t\t\tint a, b, c, t;\n\n\t\t\tscanf("%d%d%d%d", &a, &b, &c, &t);\n\n\t\t\td[0][a-1][b-1] = d[0][b-1][a-1] = c;\n\n\t\t\td[1][a-1][b-1] = d[1][b-1][a-1] = t;\n\n\t\t}\n\n\n\n\t\tfor( int k = 0; k != m; ++k )\n\n\t\t\tfor( int i = 0; i != m; ++i )\n\n\t\t\t\tfor( int j = 0; j != m; ++j )\n\n\t\t\t\t\tfor( int l = 0; l != 2; ++l )\n\n\t\t\t\t\t\td[l][i][j] = std::min( d[l][i][j], d[l][i][k] + d[l][k][j] );\n\n\n\n\t\tint k;\n\n\t\tscanf("%d", &k);\n\n\t\twhile( k-- )\n\n\t\t{\n\n\t\t\tint p, q, r;\n\n\t\t\tscanf("%d%d%d", &p, &q, &r);\n\n\n\n\t\t\tprintf("%d\\n", d[r][p-1][q-1]);\n\n\t\t}\n\n\t}\n\n\n\n\treturn 0;\n\n}')
2025-01-27 02:01:45,990	[INFO]	
2025-01-27 02:01:45,990	[INFO]	==== DIFF ====

