2025-01-27 02:01:47,641	[DEBUG]	==== CONFIG ====
[magpie]
import = 
seed = 5964747486395884
log_dir = _magpie_logs
work_dir = _magpie_work
local_original_copy = True
local_original_name = __original__
output_encoding = ascii
edit_retries = 10
default_timeout = 30
default_lengthout = 10000.0
diff_method = unified
trust_local_filesystem = True

[magpie.log]
color_output = True
format_info = {counter:<7} {status:<20} {best}{fitness} ({ratio}) [{size}] {cached} {log}
format_debug = patch({counter})="{patch}"{diffifbest}
format_fitness = {:.2f}
format_ratio = {:.2%%}
format_patchif = 
	 --> {patch}
format_diffif = 
	{diff}

[software]
path = dataset/magpie_dataset/train/0056
target_files = 
	source.cpp
software = BasicSoftware
model_rules = 
	*.params : ParamFileConfigModel
	*.xml : SrcmlModel
	* : LineModel
model_config = 
	*.params : [paramconfig]
	*.xml : [srcml]
init_cmd = 
init_timeout = 60
init_lengthout = -1
setup_cmd = bash setup.sh
setup_timeout = 
setup_lengthout = 
compile_cmd = bash compile.sh
compile_timeout = 
compile_lengthout = 
test_cmd = bash test.sh
test_timeout = 
test_lengthout = 
run_cmd = bash run.sh
run_timeout = 3
run_lengthout = 
batch_timeout = 
batch_lengthout = 
batch_bin_fitness_strategy = aggregate
batch_fitness_strategy = sum
fitness = time

[srcml]
rename = 
	stmt: break continue decl_stmt do expr_stmt for goto if return switch while
	number: literal_number
focus = block stmt operator_comp operator_arith number
internodes = block
process_pseudo_blocks = True
process_literals = True
process_operators = True

[paramconfig]
timing = test run
cli_prefix = --
cli_glue = =
cli_boolean = show
cli_boolean_prefix_true = 
cli_boolean_prefix_false = no-
cli_none = hide
silent_prefix = @
silent_suffix = $

[search]
protocol = BasicProtocol
algorithm = GeneticProgrammingLLM
possible_edits = 
	LineLLMMutation
	LineLLMCrossover
	LineDeletion
	LineInsertion
	LineReplacement
llm_prob = 1.0
warmup = 5
warmup_strategy = last
max_steps = 50
max_time = 20000
target_fitness = 
cache_maxsize = 100
cache_keep = 0.2
batch_instances = 
batch_shuffle = True
batch_bin_shuffle = False
batch_sample_size = 1

[search.ls]
delete_prob = 0.5
max_neighbours = 
when_trapped = continue
accept_fail = False
tabu_length = 10

[search.gp]
pop_size = 10
delete_prob = 0.0
offspring_elitism = 0.2
offspring_crossover = 0.4
offspring_mutation = 0.4
uniform_rate = 0.5
batch_reset = True
llm_type = baseline

[search.minify]
do_cleanup = True
do_rebuild = True
do_simplify = True
round_robin_limit = 3


2025-01-27 02:01:47,641	[DEBUG]	
2025-01-27 02:01:47,642	[INFO]	==== SEARCH: GeneticProgrammingLLM ====
2025-01-27 02:01:47,642	[INFO]	~~~~ WARMUP ~~~~
2025-01-27 02:01:48,771	[DEBUG]	EXEC>  SUCCESS 3249655.25
2025-01-27 02:01:48,771	[INFO]	WARM    SUCCESS               3249655.25 (--) [0 edit(s)]  
2025-01-27 02:01:49,535	[DEBUG]	EXEC>  SUCCESS 3246849.1875
2025-01-27 02:01:49,536	[INFO]	WARM    SUCCESS               3246849.19 (--) [0 edit(s)]  
2025-01-27 02:01:50,329	[DEBUG]	EXEC>  SUCCESS 3247717.5625
2025-01-27 02:01:50,329	[INFO]	WARM    SUCCESS               3247717.56 (--) [0 edit(s)]  
2025-01-27 02:01:51,108	[DEBUG]	EXEC>  SUCCESS 3230172.375
2025-01-27 02:01:51,108	[INFO]	WARM    SUCCESS               3230172.38 (--) [0 edit(s)]  
2025-01-27 02:01:51,872	[DEBUG]	EXEC>  SUCCESS 3220835.875
2025-01-27 02:01:51,872	[INFO]	WARM    SUCCESS               3220835.88 (--) [0 edit(s)]  
2025-01-27 02:01:51,873	[INFO]	REF     SUCCESS               3220835.88 (--) [0 edit(s)]  
2025-01-27 02:01:51,873	[INFO]	
2025-01-27 02:01:51,874	[INFO]	~~~~ START ~~~~
2025-01-27 02:02:31,423	[DEBUG]	EXEC>  SUCCESS 3241556.875
2025-01-27 02:02:31,424	[INFO]	0-1     SUCCESS              +3241556.88 (100.64%) [1 edit(s)]  
2025-01-27 02:02:31,424	[DEBUG]	patch(0-1)="LineLLMMutation(('source.cpp', 0), '#include<iostream>\n#include<algorithm>\nusing namespace std;\n\n\n\nint main(){\n\n  int n,m,a,b,cost,time,k,p,q,r;\n\n  int t[100][100],c[100][100];\n\n\n\n  for(;;){\n\n    cin >> n >> m;\n\n    if(!n && !m)break;\n\n\n\n    fill(&t[0][0], &t[0][0]+100*100, 1000000);\n\n    fill(&c[0][0], &c[0][0]+100*100, 1000000);\n\n\n\n    for(int i=0;i<m;i++){\n\n      t[i][i] = 0;\n\n      c[i][i] = 0;\n\n    }\n\n\n\n    for(int i=0;i<n;i++){\n\n      cin >> a >> b >> cost >> time;\n\n      t[a-1][b-1] = time;\n\n      t[b-1][a-1] = time;\n\n      c[a-1][b-1] = cost;\n\n      c[b-1][a-1] = cost;\n\n    }\n\n\n\n    for(int x=0;x<m;x++){\n\n      for(int i=0;i<m;i++){\n\n\tfor(int j=0;j<m;j++){\n\n\t  t[i][j] = min(t[i][j],t[i][x] + t[x][j]);\n\n\t  c[i][j] = min(c[i][j],c[i][x] + c[x][j]);\n\n\t}\n\n      }\n\n    }\n\n\n\n    cin >> k;\n\n    for(int i=0;i<k;i++){\n\n      cin >> p >> q >> r;\n\n      if(r)cout << t[p-1][q-1] << endl;\n\n      else cout << c[p-1][q-1] << endl;\n\n    }\n\n  }\n\n}')"
2025-01-27 02:02:33,306	[DEBUG]	EXEC>  SUCCESS 3231683.4375
2025-01-27 02:02:33,306	[INFO]	0-2     SUCCESS              +3231683.44 (100.34%) [1 edit(s)]  
2025-01-27 02:02:33,306	[DEBUG]	patch(0-2)="LineLLMMutation(('source.cpp', 1), '#include<iostream>\n\n#include<algorithm>\n\nusing namespace std;\n\n\n\nint main(){\n\n  int n,m,a,b,cost,time,k,p,q,r;\n\n  int t[100][100],c[100][100];\n\n\n\n  for(;;){\n\n    cin >> n >> m;\n\n    if(!n && !m)break;\n\n\n\n    for(int i=0;i<m;i++){\n\n      for(int j=0;j<m;j++){\n\n\tif(i==j){\n\n\t  t[i][j] = 0;\n\n\t  c[i][j] = 0;\n\n\t}else{\n\n\t  t[i][j] = 1000000;\n\n\t  c[i][j] = 1000000;\n\n\t}\n\n      }\n\n    }\n\n\n\n    for(int i=0;i<n;i++){\n\n      cin >> a >> b >> cost >> time;\n\n      t[a-1][b-1] = time;\n\n      t[b-1][a-1] = time;\n\n      c[a-1][b-1] = cost;\n\n      c[b-1][a-1] = cost;\n\n    }\n\n\n\n    for(int x=0;x<m;x++){\n\n      for(int i=0;i<m;i++){\n\n\tt[i][x] = min(t[i][x],t[i][x] + t[x][x]);\n\n\tt[x][i] = min(t[x][i],t[x][x] + t[x][i]);\n\n\tfor(int j=0;j<m;j++){\n\n\t  t[i][j] = min(t[i][j],t[i][x] + t[x][j]);\n\n\t  c[i][j] = min(c[i][j],c[i][x] + c[x][j]);\n\n\t}\n\n      }\n\n    }\n\n\n\n    cin >> k;\n\n    for(int i=0;i<k;i++){\n\n      cin >> p >> q >> r;\n\n      if(r)cout << t[p-1][q-1] << endl;\n\n      else cout << c[p-1][q-1] << endl;\n\n    }\n\n  }\n\n}')"
2025-01-27 02:02:34,637	[INFO]	0-3     COMPILE_CODE_ERROR    None (--) [1 edit(s)]  
2025-01-27 02:02:34,637	[DEBUG]	patch(0-3)="LineLLMMutation(('source.cpp', 2), '#include<iostream>\n\n#include<algorithm>\n\nusing namespace std;\n\n\n\nint main(){\n\n  int n,m,a,b,cost,time,k,p,q,r;\n\n  int t[100][100],c[100][100];\n\n\n\n  for(;;){\n\n    cin >> n >> m;\n\n    if(!n && !m)break;\n\n\n\n    for(int i=0;i<m;i++){\n\n      for(int j=0;j<m;j++){\n\n\tif(i==j){\n\n\t  t[i][j] = 0;\n\n\t  c[i][j] = 0;\n\n\t}else{\n\n\t  t[i][j] = 1000000;\n\n\t  c[i][j] = 1000000;\n\n\t}\n\n      }\n\n    });\n\n\n\n    for(int i=0;i<n;i++){\n\n      cin >> a >> b >> cost >> time;\n\n      t[a-1][b-1] = time;\n\n      t[b-1][a-1] = time;\n\n      c[a-1][b-1] = cost;\n\n      c[b-1][a-1] = cost;\n\n    }\n\n\n\n    for(int x=0;x<m;x++){\n\n      for(int i=0;i<m;i++){\n\n\tfor(int j=0;j<m;j++){\n\n\t  t[i][j] = min(t[i][j],t[i][x] + t[x][j]);\n\n\t  c[i][j] = min(c[i][j],c[i][x] + c[x][j]);\n\n\t}\n\n      }\n\n    }\n\n\n\n    cin >> k;\n\n    for(int i=0;i<k;i++){\n\n      cin >> p >> q >> r;\n\n      if(r)cout << t[p-1][q-1] << endl;\n\n      else cout << c[p-1][q-1] << endl;\n\n    }\n\n  }\n\n}')"
2025-01-27 02:02:36,402	[DEBUG]	EXEC>  SUCCESS 3238094.6875
2025-01-27 02:02:36,402	[INFO]	0-4     SUCCESS               3238094.69 (100.54%) [1 edit(s)]  
2025-01-27 02:02:36,403	[DEBUG]	patch(0-4)="LineLLMMutation(('source.cpp', 3), '#include<iostream>\n\n#include<algorithm>\n\nusing namespace std;\n\nint main(){\n\n  int n,m,a,b,cost,time,k,p,q,r;\n\n  int t[100][100],c[100][100];\n\n  for(;;){\n\n    cin >> n >> m;\n\n    if(!n && !m)break;\n\n    for(int i=0;i<m;i++){\n\n      for(int j=0;j<m;j++){\n\n\tif(i==j){\n\n\t  t[i][j] = 0;\n\n\t  c[i][j] = 0;\n\n\t}else{\n\n\t  t[i][j] = 1000000;\n\n\t  c[i][j] = 1000000;\n\n\t}\n\n      }\n\n    }\n\n    for(int i=0;i<n;i++){\n\n      cin >> a >> b >> cost >> time;\n\n      t[a-1][b-1] = time;\n\n      t[b-1][a-1] = time;\n\n      c[a-1][b-1] = cost;\n\n      c[b-1][a-1] = cost;\n\n    }\n\n    for(int x=0;x<m;x++){\n\n      for(int i=0;i<m;i++){\n\n\tfor(int j=0;j<m;j++){\n\n\t  t[i][j] = min(t[i][j],t[i][x] + t[x][j]);\n\n\t  c[i][j] = min(c[i][j],c[i][x] + c[x][j]);\n\n\t}\n\n      }\n\n    }\n\n    cin >> k;\n\n    for(int i=0;i<k;i++){\n\n      cin >> p >> q >> r;\n\n      if(r)cout << t[p-1][q-1] << endl;\n\n      else cout << c[p-1][q-1] << endl;\n\n    }\n\n  }\n\n}')"
2025-01-27 02:02:38,284	[DEBUG]	EXEC>  SUCCESS 3256825.0
2025-01-27 02:02:38,285	[INFO]	0-5     SUCCESS               3256825.00 (101.12%) [1 edit(s)]  
2025-01-27 02:02:38,285	[DEBUG]	patch(0-5)="LineLLMMutation(('source.cpp', 4), '#include<iostream>\n\n#include<algorithm>\n\nusing namespace std;\n\n\n\nint main(){\n\n  int n,m,a,b,cost,time,k,p,q,r;\n\n  int t[100][100],c[100][100];\n\n\n\n  for(;;){\n\n    cin >> n >> m;\n\n    if(!n && !m)break;\n\n\n\n    for(int i=0;i<m;i++){\n\n      for(int j=0;j<m;j++){\n\n\tif(i==j){\n\n\t  t[i][j] = 0;\n\n\t  c[i][j] = 0;\n\n\t}else{\n\n\t  t[i][j] = 1000000;\n\n\t  c[i][j] = 1000000;\n\n\t}\n\n      }\n\n    }\n\n\n\n    for(int i=0;i<n;i++){\n\n      cin >> a >> b >> cost >> time;\n\n      t[a-1][b-1] = time;\n\n      t[b-1][a-1] = time;\n\n      c[a-1][b-1] = cost;\n\n      c[b-1][a-1] = cost;\n\n    }\n\n\n\n    int x = 0;\n\n    while(x<m){\n\n      int i = 0;\n\n      while(i<m){\n\n\tint j = 0;\n\n\twhile(j<m){\n\n\t  t[i][j] = min(t[i][j],t[i][x] + t[x][j]);\n\n\t  c[i][j] = min(c[i][j],c[i][x] + c[x][j]);\n\n\t  j++;\n\n\t}\n\n\ti++;\n\n      }\n\n      x++;\n\n    }\n\n\n\n    cin >> k;\n\n    for(int i=0;i<k;i++){\n\n      cin >> p >> q >> r;\n\n      if(r)cout << t[p-1][q-1] << endl;\n\n      else cout << c[p-1][q-1] << endl;\n\n    }\n\n  }\n\n}')"
2025-01-27 02:02:40,062	[DEBUG]	EXEC>  SUCCESS 3264802.75
2025-01-27 02:02:40,063	[INFO]	0-6     SUCCESS               3264802.75 (101.37%) [1 edit(s)]  
2025-01-27 02:02:40,063	[DEBUG]	patch(0-6)="LineLLMMutation(('source.cpp', 5), '#include<iostream>\n\n#include<algorithm>\n\nusing namespace std;\n\n\n\nint main(){\n\n  int n,m,a,b,cost,time,k,p,q,r;\n\n  int t[100][100],c[100][100];\n\n\n\n  for(;;){\n\n    cin >> n >> m;\n\n    if(!n && !m)break;\n\n\n\n    for(int i=0;i<m;i++){\n\n      for(int j=0;j<m;j++){\n\n\tif(i==j){\n\n\t  t[i][j] = 0;\n\n\t  c[i][j] = 0;\n\n\t}else{\n\n\t  t[i][j] = 1000000;\n\n\t  c[i][j] = 1000000;\n\n\t}\n\n      }\n\n    }\n\n\n\n    for(int i=0;i<n;i++){\n\n      cin >> a >> b >> cost >> time;\n\n      t[a-1][b-1] = time;\n\n      t[b-1][a-1] = time;\n\n      c[a-1][b-1] = cost;\n\n      c[b-1][a-1] = cost;\n\n    }\n\n\n\n    for(int x=0;x<m;x++){\n\n      for(int i=0;i<m;i++){\n\n\tfor(int j=0;j<m;j++){\n\n\t  if(t[i][j] > t[i][x] + t[x][j]){\n\n\t    t[i][j] = t[i][x] + t[x][j];\n\n\t  }\n\n\t  if(c[i][j] > c[i][x] + c[x][j]){\n\n\t    c[i][j] = c[i][x] + c[x][j];\n\n\t  }\n\n\t}\n\n      }\n\n    }\n\n\n\n    cin >> k;\n\n    for(int i=0;i<k;i++){\n\n      cin >> p >> q >> r;\n\n      if(r)cout << t[p-1][q-1] << endl;\n\n      else cout << c[p-1][q-1] << endl;\n\n    }\n\n  }\n\n}')"
2025-01-27 02:02:41,873	[DEBUG]	EXEC>  SUCCESS 3252473.4375
2025-01-27 02:02:41,874	[INFO]	0-7     SUCCESS               3252473.44 (100.98%) [1 edit(s)]  
2025-01-27 02:02:41,874	[DEBUG]	patch(0-7)="LineLLMMutation(('source.cpp', 6), '#include<iostream>\n\n#include<algorithm>\n\nusing namespace std;\n\n\n\nint main(){\n\n  int n,m,a,b,cost,time,k,p,q,r;\n\n  int t[100][100],c[100][100];\n\n\n\n  for(;;){\n\n    cin >> n >> m;\n\n    if(!n && !m)break;\n\n\n\n    for(int i=0;i<m;i++){\n\n      for(int j=0;j<m;j++){\n\n\tif(i==j){\n\n\t  t[i][j] = 0;\n\n\t  c[i][j] = 0;\n\n\t}else{\n\n\t  t[i][j] = 1000000;\n\n\t  c[i][j] = 1000000;\n\n\t}\n\n      }\n\n    }\n\n\n\n    for(int i=0;i<n;i++){\n\n      cin >> a >> b >> cost >> time;\n\n      t[a-1][b-1] = time;\n\n      t[b-1][a-1] = time;\n\n      c[a-1][b-1] = cost;\n\n      c[b-1][a-1] = cost;\n\n    }\n\n\n\n    for(int x=0;x<m;x++){\n\n      for(int j=0;j<m;j++){\n\n\tfor(int i=0;i<m;i++){\n\n\t  t[i][j] = min(t[i][j],t[i][x] + t[x][j]);\n\n\t  c[i][j] = min(c[i][j],c[i][x] + c[x][j]);\n\n\t}\n\n      }\n\n    }\n\n\n\n    cin >> k;\n\n    for(int i=0;i<k;i++){\n\n      cin >> p >> q >> r;\n\n      if(r)cout << t[p-1][q-1] << endl;\n\n      else cout << c[p-1][q-1] << endl;\n\n    }\n\n  }\n\n}')"
2025-01-27 02:02:43,620	[DEBUG]	EXEC>  SUCCESS 3253356.5625
2025-01-27 02:02:43,621	[INFO]	0-8     SUCCESS               3253356.56 (101.01%) [1 edit(s)]  
2025-01-27 02:02:43,621	[DEBUG]	patch(0-8)="LineLLMMutation(('source.cpp', 7), '#include<iostream>\n\n#include<algorithm>\n\nusing namespace std;\n\n\n\nint main(){\n\n  int num_vertices,num_edges,v1,v2,cost,time,num_queries,p,q,r;\n\n  int dist[100][100],costs[100][100];\n\n\n\n  for(;;){\n\n    cin >> num_vertices >> num_edges;\n\n    if(!num_vertices && !num_edges)break;\n\n\n\n    for(int i=0;i<num_edges;i++){\n\n      for(int j=0;j<num_edges;j++){\n\n\tif(i==j){\n\n\t  dist[i][j] = 0;\n\n\t  costs[i][j] = 0;\n\n\t}else{\n\n\t  dist[i][j] = 1000000;\n\n\t  costs[i][j] = 1000000;\n\n\t}\n\n      }\n\n    }\n\n\n\n    for(int i=0;i<num_vertices;i++){\n\n      cin >> v1 >> v2 >> cost >> time;\n\n      dist[v1-1][v2-1] = time;\n\n      dist[v2-1][v1-1] = time;\n\n      costs[v1-1][v2-1] = cost;\n\n      costs[v2-1][v1-1] = cost;\n\n    }\n\n\n\n    for(int x=0;x<num_edges;x++){\n\n      for(int i=0;i<num_edges;i++){\n\n\tfor(int j=0;j<num_edges;j++){\n\n\t  dist[i][j] = min(dist[i][j],dist[i][x] + dist[x][j]);\n\n\t  costs[i][j] = min(costs[i][j],costs[i][x] + costs[x][j]);\n\n\t}\n\n      }\n\n    }\n\n\n\n    cin >> num_queries;\n\n    for(int i=0;i<num_queries;i++){\n\n      cin >> p >> q >> r;\n\n      if(r)cout << dist[p-1][q-1] << endl;\n\n      else cout << costs[p-1][q-1] << endl;\n\n    }\n\n  }\n\n}')"
2025-01-27 02:02:45,392	[DEBUG]	EXEC>  SUCCESS 3261469.625
2025-01-27 02:02:45,393	[INFO]	0-9     SUCCESS               3261469.62 (101.26%) [1 edit(s)]  
2025-01-27 02:02:45,393	[DEBUG]	patch(0-9)="LineLLMMutation(('source.cpp', 8), '#include<iostream>\n\n#include<algorithm>\n\nusing namespace std;\n\n\n\nint main(){\n\n  int n,m,a,b,cost,time,k,p,q,r;\n\n  int t[100][100],c[100][100];\n\n\n\n  for(;;){\n\n    scanf("%d%d",&n,&m);\n\n    if(!n && !m)break;\n\n\n\n    for(int i=0;i<m;i++){\n\n      for(int j=0;j<m;j++){\n\n\tif(i==j){\n\n\t  t[i][j] = 0;\n\n\t  c[i][j] = 0;\n\n\t}else{\n\n\t  t[i][j] = 1000000;\n\n\t  c[i][j] = 1000000;\n\n\t}\n\n      }\n\n    }\n\n\n\n    for(int i=0;i<n;i++){\n\n      scanf("%d%d%d%d",&a,&b,&cost,&time);\n\n      t[a-1][b-1] = time;\n\n      t[b-1][a-1] = time;\n\n      c[a-1][b-1] = cost;\n\n      c[b-1][a-1] = cost;\n\n    }\n\n\n\n    for(int x=0;x<m;x++){\n\n      for(int i=0;i<m;i++){\n\n\tfor(int j=0;j<m;j++){\n\n\t  t[i][j] = min(t[i][j],t[i][x] + t[x][j]);\n\n\t  c[i][j] = min(c[i][j],c[i][x] + c[x][j]);\n\n\t}\n\n      }\n\n    }\n\n\n\n    scanf("%d",&k);\n\n    for(int i=0;i<k;i++){\n\n      scanf("%d%d%d",&p,&q,&r);\n\n      if(r)cout << t[p-1][q-1] << endl;\n\n      else cout << c[p-1][q-1] << endl;\n\n    }\n\n  }\n\n}')"
2025-01-27 02:02:46,919	[INFO]	0-10    TEST_CODE_ERROR       None (--) [1 edit(s)]  
2025-01-27 02:02:46,919	[DEBUG]	patch(0-10)="LineLLMMutation(('source.cpp', 9), '#include<iostream>\n\n#include<algorithm>\n\nusing namespace std;\n\n\n\nint main() {\n\n    int n, m;\n\n    while(cin >> n >> m, n | m) {\n\n        int dis[100][100],cost[100][100];\n\n        for(int i = 0; i < m; ++i)\n\n            for(int j = 0; j < m; ++j)\n\n                dis[i][j] = i == j ? 0 : 1000000, cost[i][j] = dis[i][j];\n\n        int a, b, c, t;\n\n        while(n--) {\n\n            cin >> a >> b >> c >> t;\n\n            dis[a-1][b-1] = dis[b-1][a-1] = t;\n\n            cost[a-1][b-1] = cost[b-1][a-1] = c;\n\n        }\n\n        for(int k = 0; k < m; ++k)\n\n            for(int i = 0; i < m; ++i)\n\n                for(int j = 0; j < m; ++j)\n\n                    dis[i][j] = min(dis[i][j],dis[i][k] + dis[k][j]);\n\n        int q;\n\n        cin >> q;\n\n        while(q--) {\n\n            cin >> a >> b >> c;\n\n            cout << (c ? dis[a-1][b-1] : cost[a-1][b-1]) << endl;\n\n        }\n\n    }\n\n}')"
2025-01-27 02:02:47,920	[INFO]	Step: 10
2025-01-27 02:02:47,920	[INFO]	Stop Steps: 50
2025-01-27 02:02:49,680	[DEBUG]	EXEC>  SUCCESS 3223394.75
2025-01-27 02:02:49,680	[INFO]	REF     SUCCESS               3223394.75 (--) [0 edit(s)]  
2025-01-27 02:02:49,680	[INFO]	Best patch step: None
2025-01-27 02:04:07,921	[INFO]	Step: 10
2025-01-27 02:04:07,922	[INFO]	Stop Steps: 50
2025-01-27 02:04:08,813	[DEBUG]	EXEC>  SUCCESS 3255378.3125
2025-01-27 02:04:08,814	[INFO]	1-1     SUCCESS              +3255378.31 (100.99%) [1 edit(s)]  
2025-01-27 02:04:08,814	[DEBUG]	patch(1-1)="LineLLMMutation(('source.cpp', 1), '#include<iostream>\n\n#include<algorithm>\n\nusing namespace std;\n\n\n\nint main(){\n\n  int n,m,a,b,cost,time,k,p,q,r;\n\n  int t[100][100],c[100][100];\n\n\n\n  for(;;){\n\n    cin >> n >> m;\n\n    if(!n && !m)break;\n\n\n\n    for(int i=0;i<m;i++){\n\n      for(int j=0;j<m;j++){\n\n\tif(i==j){\n\n\t  t[i][j] = 0;\n\n\t  c[i][j] = 0;\n\n\t}else{\n\n\t  t[i][j] = 1000000;\n\n\t  c[i][j] = 1000000;\n\n\t}\n\n      }\n\n    }\n\n\n\n    for(int i=0;i<n;i++){\n\n      cin >> a >> b >> cost >> time;\n\n      t[a-1][b-1] = time;\n\n      t[b-1][a-1] = time;\n\n      c[a-1][b-1] = cost;\n\n      c[b-1][a-1] = cost;\n\n    }\n\n\n\n    for(int x=0;x<m;x++){\n\n      for(int i=0;i<m;i++){\n\n\tt[i][x] = min(t[i][x],t[i][x] + t[x][x]);\n\n\tt[x][i] = min(t[x][i],t[x][x] + t[x][i]);\n\n\tfor(int j=0;j<m;j++){\n\n\t  t[i][j] = min(t[i][j],t[i][x] + t[x][j]);\n\n\t  c[i][j] = min(c[i][j],c[i][x] + c[x][j]);\n\n\t}\n\n      }\n\n    }\n\n\n\n    cin >> k;\n\n    for(int i=0;i<k;i++){\n\n      cin >> p >> q >> r;\n\n      if(r)cout << t[p-1][q-1] << endl;\n\n      else cout << c[p-1][q-1] << endl;\n\n    }\n\n  }\n\n}')"
2025-01-27 02:04:08,814	[INFO]	Step: 11
2025-01-27 02:04:08,814	[INFO]	Stop Steps: 50
2025-01-27 02:04:09,580	[DEBUG]	EXEC>  SUCCESS 3255796.375
2025-01-27 02:04:09,581	[INFO]	1-2     SUCCESS               3255796.38 (101.01%) [1 edit(s)]  
2025-01-27 02:04:09,581	[DEBUG]	patch(1-2)="LineLLMMutation(('source.cpp', 3), '#include<iostream>\n\n#include<algorithm>\n\nusing namespace std;\n\nint main(){\n\n  int n,m,a,b,cost,time,k,p,q,r;\n\n  int t[100][100],c[100][100];\n\n  for(;;){\n\n    cin >> n >> m;\n\n    if(!n && !m)break;\n\n    for(int i=0;i<m;i++){\n\n      for(int j=0;j<m;j++){\n\n\tif(i==j){\n\n\t  t[i][j] = 0;\n\n\t  c[i][j] = 0;\n\n\t}else{\n\n\t  t[i][j] = 1000000;\n\n\t  c[i][j] = 1000000;\n\n\t}\n\n      }\n\n    }\n\n    for(int i=0;i<n;i++){\n\n      cin >> a >> b >> cost >> time;\n\n      t[a-1][b-1] = time;\n\n      t[b-1][a-1] = time;\n\n      c[a-1][b-1] = cost;\n\n      c[b-1][a-1] = cost;\n\n    }\n\n    for(int x=0;x<m;x++){\n\n      for(int i=0;i<m;i++){\n\n\tfor(int j=0;j<m;j++){\n\n\t  t[i][j] = min(t[i][j],t[i][x] + t[x][j]);\n\n\t  c[i][j] = min(c[i][j],c[i][x] + c[x][j]);\n\n\t}\n\n      }\n\n    }\n\n    cin >> k;\n\n    for(int i=0;i<k;i++){\n\n      cin >> p >> q >> r;\n\n      if(r)cout << t[p-1][q-1] << endl;\n\n      else cout << c[p-1][q-1] << endl;\n\n    }\n\n  }\n\n}')"
2025-01-27 02:04:09,581	[INFO]	Step: 12
2025-01-27 02:04:09,581	[INFO]	Stop Steps: 50
2025-01-27 02:04:10,351	[DEBUG]	EXEC>  SUCCESS 3251756.75
2025-01-27 02:04:10,352	[INFO]	1-3     SUCCESS              +3251756.75 (100.88%) [1 edit(s)]  
2025-01-27 02:04:10,352	[DEBUG]	patch(1-3)="LineLLMCrossover(('source.cpp', 0), '#include<iostream>\n#include<algorithm>\n\nusing namespace std;\n\nint main(){\n\n  int n,m,a,b,cost,time,k,p,q,r;\n\n  int t[100][100],c[100][100];\n\n\n\n  for(;;){\n\n    cin >> n >> m;\n\n    if(!n && !m)break;\n\n\n\n    fill(&t[0][0], &t[0][0]+100*100, 1000000);\n\n    fill(&c[0][0], &c[0][0]+100*100, 1000000);\n\n\n\n    for(int i=0;i<m;i++){\n\n      t[i][i] = 0;\n\n      c[i][i] = 0;\n\n    }\n\n\n\n    for(int i=0;i<n;i++){\n\n      cin >> a >> b >> cost >> time;\n\n      t[a-1][b-1] = time;\n\n      t[b-1][a-1] = time;\n\n      c[a-1][b-1] = cost;\n\n      c[b-1][a-1] = cost;\n\n    }\n\n\n\n    for(int x=0;x<m;x++){\n\n      for(int i=0;i<m;i++){\n\n\tfor(int j=0;j<m;j++){\n\n\t  t[i][j] = min(t[i][j],t[i][x] + t[x][j]);\n\n\t  c[i][j] = min(c[i][j],c[i][x] + c[x][j]);\n\n\t}\n\n      }\n\n    }\n\n\n\n    cin >> k;\n\n    for(int i=0;i<k;i++){\n\n      cin >> p >> q >> r;\n\n      if(r)cout << t[p-1][q-1] << endl;\n\n      else cout << c[p-1][q-1] << endl;\n\n    }\n\n  }\n\n}')"
2025-01-27 02:04:10,352	[INFO]	Step: 13
2025-01-27 02:04:10,352	[INFO]	Stop Steps: 50
2025-01-27 02:04:11,115	[DEBUG]	EXEC>  SUCCESS 3225869.5
2025-01-27 02:04:11,116	[INFO]	1-4     SUCCESS              +3225869.50 (100.08%) [1 edit(s)]  
2025-01-27 02:04:11,116	[DEBUG]	patch(1-4)="LineLLMCrossover(('source.cpp', 1), '#include<iostream>\n\n#include<algorithm>\n\nusing namespace std;\n\n\n\nint main(){\n\n  int n,m,a,b,cost,time,k,p,q,r;\n\n  int t[100][100],c[100][100];\n\n\n\n  for(;;){\n\n    cin >> n >> m;\n\n    if(!n && !m)break;\n\n\n\n    for(int i=0;i<m;i++){\n\n      for(int j=0;j<m;j++){\n\n\tif(i==j){\n\n\t  t[i][j] = 0;\n\n\t  c[i][j] = 0;\n\n\t}else{\n\n\t  t[i][j] = 1000000;\n\n\t  c[i][j] = 1000000;\n\n\t}\n\n      }\n\n    }\n\n\n\n    for(int i=0;i<n;i++){\n\n      cin >> a >> b >> cost >> time;\n\n      t[a-1][b-1] = time;\n\n      t[b-1][a-1] = time;\n\n      c[a-1][b-1] = cost;\n\n      c[b-1][a-1] = cost;\n\n    }\n\n\n\n    for(int x=0;x<m;x++){\n\n      for(int i=0;i<m;i++){\n\n\tfor(int j=0;j<m;j++){\n\n\t  t[i][j] = min(t[i][j],t[i][x] + t[x][j]);\n\n\t  c[i][j] = min(c[i][j],c[i][x] + c[x][j]);\n\n\t}\n\n      }\n\n    }\n\n\n\n    cin >> k;\n\n    for(int i=0;i<k;i++){\n\n      cin >> p >> q >> r;\n\n      if(r)cout << t[p-1][q-1] << endl;\n\n      else cout << c[p-1][q-1] << endl;\n\n    }\n\n  }\n\n}')"
2025-01-27 02:04:11,116	[INFO]	Step: 14
2025-01-27 02:04:11,116	[INFO]	Stop Steps: 50
2025-01-27 02:04:11,889	[DEBUG]	EXEC>  SUCCESS 3276881.25
2025-01-27 02:04:11,890	[INFO]	1-5     SUCCESS               3276881.25 (101.66%) [1 edit(s)]  
2025-01-27 02:04:11,890	[DEBUG]	patch(1-5)="LineLLMCrossover(('source.cpp', 2), '#include<iostream>\n\n#include<algorithm>\n\nusing namespace std;\n\n\n\nint main(){\n\n  int n,m,a,b,cost,time,k,p,q,r;\n\n  int t[100][100],c[100][100];\n\n\n\n  for(;;){\n\n    cin >> n >> m;\n\n    if(!n && !m)break;\n\n\n\n    fill(&t[0][0], &t[0][0]+100*100, 1000000);\n\n    fill(&c[0][0], &c[0][0]+100*100, 1000000);\n\n\n\n    for(int i=0;i<m;i++){\n\n      t[i][i] = 0;\n\n      c[i][i] = 0;\n\n    }\n\n\n\n    for(int i=0;i<n;i++){\n\n      cin >> a >> b >> cost >> time;\n\n      t[a-1][b-1] = time;\n\n      t[b-1][a-1] = time;\n\n      c[a-1][b-1] = cost;\n\n      c[b-1][a-1] = cost;\n\n    }\n\n\n\n    for(int x=0;x<m;x++){\n\n      for(int i=0;i<m;i++){\n\n\tfor(int j=0;j<m;j++){\n\n\t  t[i][j] = min(t[i][j],t[i][x] + t[x][j]);\n\n\t  c[i][j] = min(c[i][j],c[i][x] + c[x][j]);\n\n\t}\n\n      }\n\n    }\n\n\n\n    cin >> k;\n\n    for(int i=0;i<k;i++){\n\n      cin >> p >> q >> r;\n\n      if(r)cout << t[p-1][q-1] << endl;\n\n      else cout << c[p-1][q-1] << endl;\n\n    }\n\n  }\n\n}')"
2025-01-27 02:04:11,890	[INFO]	Step: 15
2025-01-27 02:04:11,890	[INFO]	Stop Steps: 50
2025-01-27 02:04:12,657	[DEBUG]	EXEC>  SUCCESS 3225294.4375
2025-01-27 02:04:12,658	[INFO]	1-6     SUCCESS              +3225294.44 (100.06%) [1 edit(s)]  
2025-01-27 02:04:12,658	[DEBUG]	patch(1-6)="LineLLMCrossover(('source.cpp', 3), '#include<iostream>\n\n#include<algorithm>\n\nusing namespace std;\n\n\n\nint main(){\n\n  int n,m,a,b,cost,time,k,p,q,r;\n\n  int t[100][100],c[100][100];\n\n\n\n  for(;;){\n\n    cin >> n >> m;\n\n    if(!n && !m)break;\n\n\n\n    for(int i=0;i<m;i++){\n\n      for(int j=0;j<m;j++){\n\n\tif(i==j){\n\n\t  t[i][j] = 0;\n\n\t  c[i][j] = 0;\n\n\t}else{\n\n\t  t[i][j] = 1000000;\n\n\t  c[i][j] = 1000000;\n\n\t}\n\n      }\n\n    }\n\n\n\n    for(int i=0;i<n;i++){\n\n      cin >> a >> b >> cost >> time;\n\n      t[a-1][b-1] = time;\n\n      t[b-1][a-1] = time;\n\n      c[a-1][b-1] = cost;\n\n      c[b-1][a-1] = cost;\n\n    }\n\n\n\n    for(int x=0;x<m;x++){\n\n      for(int i=0;i<m;i++){\n\n\tt[i][x] = min(t[i][x],t[i][x] + t[x][x]);\n\n\tt[x][i] = min(t[x][i],t[x][x] + t[x][i]);\n\n\tfor(int j=0;j<m;j++){\n\n\t  t[i][j] = min(t[i][j],t[i][x] + t[x][j]);\n\n\t  c[i][j] = min(c[i][j],c[i][x] + c[x][j]);\n\n\t}\n\n      }\n\n    }\n\n\n\n    cin >> k;\n\n    for(int i=0;i<k;i++){\n\n      cin >> p >> q >> r;\n\n      if(r)cout << t[p-1][q-1] << endl;\n\n      else cout << c[p-1][q-1] << endl;\n\n    }\n\n  }\n\n}')"
2025-01-27 02:04:12,658	[INFO]	Step: 16
2025-01-27 02:04:12,658	[INFO]	Stop Steps: 50
2025-01-27 02:04:13,205	[DEBUG]	EXEC>  SUCCESS 1325661.5
2025-01-27 02:04:13,206	[INFO]	1-7     SUCCESS              *1325661.50 (41.13%) [2 edit(s)]  
2025-01-27 02:04:13,206	[DEBUG]	patch(1-7)="LineLLMMutation(('source.cpp', 1), '#include<iostream>\n\n#include<algorithm>\n\nusing namespace std;\n\n\n\nint main(){\n\n  int n,m,a,b,cost,time,k,p,q,r;\n\n  int t[100][100],c[100][100];\n\n\n\n  for(;;){\n\n    cin >> n >> m;\n\n    if(!n && !m)break;\n\n\n\n    for(int i=0;i<m;i++){\n\n      for(int j=0;j<m;j++){\n\n\tif(i==j){\n\n\t  t[i][j] = 0;\n\n\t  c[i][j] = 0;\n\n\t}else{\n\n\t  t[i][j] = 1000000;\n\n\t  c[i][j] = 1000000;\n\n\t}\n\n      }\n\n    }\n\n\n\n    for(int i=0;i<n;i++){\n\n      cin >> a >> b >> cost >> time;\n\n      t[a-1][b-1] = time;\n\n      t[b-1][a-1] = time;\n\n      c[a-1][b-1] = cost;\n\n      c[b-1][a-1] = cost;\n\n    }\n\n\n\n    for(int x=0;x<m;x++){\n\n      for(int i=0;i<m;i++){\n\n\tt[i][x] = min(t[i][x],t[i][x] + t[x][x]);\n\n\tt[x][i] = min(t[x][i],t[x][x] + t[x][i]);\n\n\tfor(int j=0;j<m;j++){\n\n\t  t[i][j] = min(t[i][j],t[i][x] + t[x][j]);\n\n\t  c[i][j] = min(c[i][j],c[i][x] + c[x][j]);\n\n\t}\n\n      }\n\n    }\n\n\n\n    cin >> k;\n\n    for(int i=0;i<k;i++){\n\n      cin >> p >> q >> r;\n\n      if(r)cout << t[p-1][q-1] << endl;\n\n      else cout << c[p-1][q-1] << endl;\n\n    }\n\n  }\n\n}') | LineLLMMutation(('source.cpp', 10), '#include<cstdio>\n\n#include<algorithm>\n\nusing namespace std;\n\n\n\nint main(){\n\n  int n,m,a,b,cost,time,k,p,q,r;\n\n  int t[100][100],c[100][100];\n\n\n\n  for(;;){\n\n    scanf("%d%d",&n,&m);\n\n    if(!n && !m)break;\n\n\n\n    for(int i=0;i<m;i++){\n\n      for(int j=0;j<m;j++){\n\n\tif(i==j){\n\n\t  t[i][j] = 0;\n\n\t  c[i][j] = 0;\n\n\t}else{\n\n\t  t[i][j] = 1000000;\n\n\t  c[i][j] = 1000000;\n\n\t}\n\n      }\n\n    }\n\n\n\n    for(int i=0;i<n;i++){\n\n      scanf("%d%d%d%d",&a,&b,&cost,&time);\n\n      t[a-1][b-1] = time;\n\n      t[b-1][a-1] = time;\n\n      c[a-1][b-1] = cost;\n\n      c[b-1][a-1] = cost;\n\n    }\n\n\n\n    for(int x=0;x<m;x++){\n\n      for(int i=0;i<m;i++){\n\n\tt[i][x] = min(t[i][x],t[i][x] + t[x][x]);\n\n\tt[x][i] = min(t[x][i],t[x][x] + t[x][i]);\n\n\tfor(int j=0;j<m;j++){\n\n\t  t[i][j] = min(t[i][j],t[i][x] + t[x][j]);\n\n\t  c[i][j] = min(c[i][j],c[i][x] + c[x][j]);\n\n\t}\n\n      }\n\n    }\n\n\n\n    scanf("%d",&k);\n\n    for(int i=0;i<k;i++){\n\n      scanf("%d%d%d",&p,&q,&r);\n\n      if(r)printf("%d\\n",t[p-1][q-1]);\n\n      else printf("%d\\n",c[p-1][q-1]);\n\n    }\n\n  }\n\n}')"

2025-01-27 02:04:13,206	[INFO]	Step: 17
2025-01-27 02:04:13,206	[INFO]	Stop Steps: 50
2025-01-27 02:04:13,955	[DEBUG]	EXEC>  SUCCESS 3253476.625
2025-01-27 02:04:13,956	[INFO]	1-8     SUCCESS               3253476.62 (100.93%) [2 edit(s)]  
2025-01-27 02:04:13,956	[DEBUG]	patch(1-8)="LineLLMMutation(('source.cpp', 3), '#include<iostream>\n\n#include<algorithm>\n\nusing namespace std;\n\nint main(){\n\n  int n,m,a,b,cost,time,k,p,q,r;\n\n  int t[100][100],c[100][100];\n\n  for(;;){\n\n    cin >> n >> m;\n\n    if(!n && !m)break;\n\n    for(int i=0;i<m;i++){\n\n      for(int j=0;j<m;j++){\n\n\tif(i==j){\n\n\t  t[i][j] = 0;\n\n\t  c[i][j] = 0;\n\n\t}else{\n\n\t  t[i][j] = 1000000;\n\n\t  c[i][j] = 1000000;\n\n\t}\n\n      }\n\n    }\n\n    for(int i=0;i<n;i++){\n\n      cin >> a >> b >> cost >> time;\n\n      t[a-1][b-1] = time;\n\n      t[b-1][a-1] = time;\n\n      c[a-1][b-1] = cost;\n\n      c[b-1][a-1] = cost;\n\n    }\n\n    for(int x=0;x<m;x++){\n\n      for(int i=0;i<m;i++){\n\n\tfor(int j=0;j<m;j++){\n\n\t  t[i][j] = min(t[i][j],t[i][x] + t[x][j]);\n\n\t  c[i][j] = min(c[i][j],c[i][x] + c[x][j]);\n\n\t}\n\n      }\n\n    }\n\n    cin >> k;\n\n    for(int i=0;i<k;i++){\n\n      cin >> p >> q >> r;\n\n      if(r)cout << t[p-1][q-1] << endl;\n\n      else cout << c[p-1][q-1] << endl;\n\n    }\n\n  }\n\n}') | LineLLMMutation(('source.cpp', 11), '#include<iostream>\n\n#include<algorithm>\n\nusing namespace std;\n\nint main(){\n\n  int n,m,a,b,cost,time,k,p,q,r;\n\n  int t[100][100],c[100][100];\n\n  for(;;){\n\n    scanf("%d%d",&n,&m);\n\n    if(!n && !m)break;\n\n    for(int i=0;i<m;i++){\n\n      for(int j=0;j<m;j++){\n\n\tif(i==j){\n\n\t  t[i][j] = 0;\n\n\t  c[i][j] = 0;\n\n\t}else{\n\n\t  t[i][j] = 1000000;\n\n\t  c[i][j] = 1000000;\n\n\t}\n\n      }\n\n    }\n\n    for(int i=0;i<n;i++){\n\n      scanf("%d%d%d%d",&a,&b,&cost,&time);\n\n      t[a-1][b-1] = time;\n\n      t[b-1][a-1] = time;\n\n      c[a-1][b-1] = cost;\n\n      c[b-1][a-1] = cost;\n\n    }\n\n    for(int x=0;x<m;x++){\n\n      for(int i=0;i<m;i++){\n\n\tfor(int j=0;j<m;j++){\n\n\t  t[i][j] = min(t[i][j],t[i][x] + t[x][j]);\n\n\t  c[i][j] = min(c[i][j],c[i][x] + c[x][j]);\n\n\t}\n\n      }\n\n    }\n\n    scanf("%d",&k);\n\n    for(int i=0;i<k;i++){\n\n      scanf("%d%d%d",&p,&q,&r);\n\n      if(r)printf("%d\\n",t[p-1][q-1]);\n\n      else printf("%d\\n",c[p-1][q-1]);\n\n    }\n\n  }\n\n}')"
2025-01-27 02:04:13,956	[INFO]	Step: 18
2025-01-27 02:04:13,956	[INFO]	Stop Steps: 50
2025-01-27 02:04:14,722	[DEBUG]	EXEC>  SUCCESS 3260139.5625
2025-01-27 02:04:14,723	[INFO]	1-9     SUCCESS               3260139.56 (101.14%) [2 edit(s)]  
2025-01-27 02:04:14,723	[DEBUG]	patch(1-9)="LineLLMMutation(('source.cpp', 0), '#include<iostream>\n#include<algorithm>\nusing namespace std;\n\n\n\nint main(){\n\n  int n,m,a,b,cost,time,k,p,q,r;\n\n  int t[100][100],c[100][100];\n\n\n\n  for(;;){\n\n    cin >> n >> m;\n\n    if(!n && !m)break;\n\n\n\n    fill(&t[0][0], &t[0][0]+100*100, 1000000);\n\n    fill(&c[0][0], &c[0][0]+100*100, 1000000);\n\n\n\n    for(int i=0;i<m;i++){\n\n      t[i][i] = 0;\n\n      c[i][i] = 0;\n\n    }\n\n\n\n    for(int i=0;i<n;i++){\n\n      cin >> a >> b >> cost >> time;\n\n      t[a-1][b-1] = time;\n\n      t[b-1][a-1] = time;\n\n      c[a-1][b-1] = cost;\n\n      c[b-1][a-1] = cost;\n\n    }\n\n\n\n    for(int x=0;x<m;x++){\n\n      for(int i=0;i<m;i++){\n\n\tfor(int j=0;j<m;j++){\n\n\t  t[i][j] = min(t[i][j],t[i][x] + t[x][j]);\n\n\t  c[i][j] = min(c[i][j],c[i][x] + c[x][j]);\n\n\t}\n\n      }\n\n    }\n\n\n\n    cin >> k;\n\n    for(int i=0;i<k;i++){\n\n      cin >> p >> q >> r;\n\n      if(r)cout << t[p-1][q-1] << endl;\n\n      else cout << c[p-1][q-1] << endl;\n\n    }\n\n  }\n\n}') | LineLLMMutation(('source.cpp', 12), '#include <iostream>\n#include <algorithm>\nusing namespace std;\n\n\n\nint main(){\n\n  int numCities, numPaths, cityA, cityB, travelCost, travelTime, numQueries, queryCityA, queryCityB, queryType;\n\n  int time[100][100], cost[100][100];\n\n\n\n  for(;;){\n\n    cin >> numCities >> numPaths;\n\n    if(!numCities && !numPaths) break;\n\n\n\n    fill(&time[0][0], &time[0][0]+100*100, 1000000);\n\n    fill(&cost[0][0], &cost[0][0]+100*100, 1000000);\n\n\n\n    for(int i=0;i<numPaths;i++){\n\n      time[i][i] = 0;\n\n      cost[i][i] = 0;\n\n    }\n\n\n\n    for(int i=0;i<numCities;i++){\n\n      cin >> cityA >> cityB >> travelCost >> travelTime;\n\n      time[cityA-1][cityB-1] = travelTime;\n\n      time[cityB-1][cityA-1] = travelTime;\n\n      cost[cityA-1][cityB-1] = travelCost;\n\n      cost[cityB-1][cityA-1] = travelCost;\n\n    }\n\n\n\n    for(int k=0;k<numPaths;k++){\n\n      for(int i=0;i<numPaths;i++){\n\n\tfor(int j=0;j<numPaths;j++){\n\n\t  time[i][j] = min(time[i][j],time[i][k] + time[k][j]);\n\n\t  cost[i][j] = min(cost[i][j],cost[i][k] + cost[k][j]);\n\n\t}\n\n      }\n\n    }\n\n\n\n    cin >> numQueries;\n\n    for(int i=0;i<numQueries;i++){\n\n      cin >> queryCityA >> queryCityB >> queryType;\n\n      if(queryType)\n\n\tcout << time[queryCityA-1][queryCityB-1] << endl;\n\n      else\n\n\tcout << cost[queryCityA-1][queryCityB-1] << endl;\n\n    }\n\n  }\n\n}')"
2025-01-27 02:04:14,723	[INFO]	Step: 19
2025-01-27 02:04:14,723	[INFO]	Stop Steps: 50
2025-01-27 02:04:15,501	[DEBUG]	EXEC>  SUCCESS 3254735.5625
2025-01-27 02:04:15,502	[INFO]	1-10    SUCCESS               3254735.56 (100.97%) [2 edit(s)]  
2025-01-27 02:04:15,502	[DEBUG]	patch(1-10)="LineLLMMutation(('source.cpp', 6), '#include<iostream>\n\n#include<algorithm>\n\nusing namespace std;\n\n\n\nint main(){\n\n  int n,m,a,b,cost,time,k,p,q,r;\n\n  int t[100][100],c[100][100];\n\n\n\n  for(;;){\n\n    cin >> n >> m;\n\n    if(!n && !m)break;\n\n\n\n    for(int i=0;i<m;i++){\n\n      for(int j=0;j<m;j++){\n\n\tif(i==j){\n\n\t  t[i][j] = 0;\n\n\t  c[i][j] = 0;\n\n\t}else{\n\n\t  t[i][j] = 1000000;\n\n\t  c[i][j] = 1000000;\n\n\t}\n\n      }\n\n    }\n\n\n\n    for(int i=0;i<n;i++){\n\n      cin >> a >> b >> cost >> time;\n\n      t[a-1][b-1] = time;\n\n      t[b-1][a-1] = time;\n\n      c[a-1][b-1] = cost;\n\n      c[b-1][a-1] = cost;\n\n    }\n\n\n\n    for(int x=0;x<m;x++){\n\n      for(int j=0;j<m;j++){\n\n\tfor(int i=0;i<m;i++){\n\n\t  t[i][j] = min(t[i][j],t[i][x] + t[x][j]);\n\n\t  c[i][j] = min(c[i][j],c[i][x] + c[x][j]);\n\n\t}\n\n      }\n\n    }\n\n\n\n    cin >> k;\n\n    for(int i=0;i<k;i++){\n\n      cin >> p >> q >> r;\n\n      if(r)cout << t[p-1][q-1] << endl;\n\n      else cout << c[p-1][q-1] << endl;\n\n    }\n\n  }\n\n}') | LineLLMMutation(('source.cpp', 13), '#include<iostream>\nusing namespace std;\n\n\n\nint main(){\n\n  int n,m,a,b,cost,time,k,p,q,r;\n\n  int t[100][100],c[100][100];\n\n\n\n  for(;;){\n\n    cin >> n >> m;\n\n    if(!n && !m)break;\n\n\n\n    for(int i=0;i<m;i++){\n\n      for(int j=0;j<m;j++){\n\n\tif(i==j){\n\n\t  t[i][j] = 0;\n\n\t  c[i][j] = 0;\n\n\t}else{\n\n\t  t[i][j] = 1000000;\n\n\t  c[i][j] = 1000000;\n\n\t}\n\n      }\n\n    }\n\n\n\n    for(int i=0;i<n;i++){\n\n      cin >> a >> b >> cost >> time;\n\n      t[a-1][b-1] = time;\n\n      t[b-1][a-1] = time;\n\n      c[a-1][b-1] = cost;\n\n      c[b-1][a-1] = cost;\n\n    }\n\n\n\n    for(int x=0;x<m;x++){\n\n      for(int j=0;j<m;j++){\n\n\tfor(int i=0;i<m;i++){\n\n\t  t[i][j] = min(t[i][j],t[i][x] + t[x][j]);\n\n\t  c[i][j] = min(c[i][j],c[i][x] + c[x][j]);\n\n\t}\n\n      }\n\n    }\n\n\n\n    cin >> k;\n\n    for(int i=0;i<k;i++){\n\n      cin >> p >> q >> r;\n\n      if(r)cout << t[p-1][q-1] << endl;\n\n      else cout << c[p-1][q-1] << endl;\n\n    }\n\n  }\n\n}')"
2025-01-27 02:04:15,502	[INFO]	Step: 20
2025-01-27 02:04:15,502	[INFO]	Stop Steps: 50
2025-01-27 02:04:15,981	[DEBUG]	EXEC>  SUCCESS 1331076.375
2025-01-27 02:04:15,981	[INFO]	1-1     SUCCESS               1331076.38 (41.29%) [1 edit(s)]  
2025-01-27 02:04:15,981	[DEBUG]	patch(1-1)="LineLLMMutation(('source.cpp', 14), '#include <cstdio>\n\nusing namespace std;\n\n\n\nint main(){\n\n  int n,m,a,b,cost,time,k,p,q,r;\n\n  int t[100][100],c[100][100];\n\n\n\n  for(;;){\n\n    scanf("%d%d",&n,&m);\n\n    if(!n && !m)break;\n\n\n\n    for(int i=0;i<m;i++){\n\n      for(int j=0;j<m;j++){\n\n\tif(i==j){\n\n\t  t[i][j] = 0;\n\n\t  c[i][j] = 0;\n\n\t}else{\n\n\t  t[i][j] = 1000000;\n\n\t  c[i][j] = 1000000;\n\n\t}\n\n      }\n\n    }\n\n\n\n    for(int i=0;i<n;i++){\n\n      scanf("%d%d%d%d",&a,&b,&cost,&time);\n\n      t[a-1][b-1] = time;\n\n      t[b-1][a-1] = time;\n\n      c[a-1][b-1] = cost;\n\n      c[b-1][a-1] = cost;\n\n    }\n\n\n\n    for(int x=0;x<m;x++){\n\n      for(int i=0;i<m;i++){\n\n\tfor(int j=0;j<m;j++){\n\n\t  t[i][j] = (t[i][j]<t[i][x] + t[x][j])?t[i][j]:(t[i][x] + t[x][j]);\n\n\t  c[i][j] = (c[i][j]<c[i][x] + c[x][j])?c[i][j]:(c[i][x] + c[x][j]);\n\n\t}\n\n      }\n\n    }\n\n\n\n    scanf("%d",&k);\n\n    for(int i=0;i<k;i++){\n\n      scanf("%d%d%d",&p,&q,&r);\n\n      if(r)printf("%d\\n",t[p-1][q-1]);\n\n      else printf("%d\\n",c[p-1][q-1]);\n\n    }\n\n  }\n\n}')"
2025-01-27 02:04:15,981	[INFO]	Step: 21
2025-01-27 02:04:15,981	[INFO]	Stop Steps: 50
2025-01-27 02:04:17,754	[DEBUG]	EXEC>  SUCCESS 3250900.4375
2025-01-27 02:04:17,754	[INFO]	REF     SUCCESS               3250900.44 (--) [0 edit(s)]  
2025-01-27 02:04:17,755	[INFO]	Best patch: 1_10
2025-01-27 02:04:18,287	[DEBUG]	EXEC>  SUCCESS 1342596.0625
2025-01-27 02:04:18,287	[INFO]	BEST    SUCCESS              *1342596.06 (41.30%) [0 edit(s)]  
2025-01-27 02:04:18,287	[INFO]	Best patch step: 16
2025-01-27 02:05:05,711	[INFO]	Step: 21
2025-01-27 02:05:05,711	[INFO]	Stop Steps: 50
2025-01-27 02:05:06,463	[DEBUG]	EXEC>  SUCCESS 1326327.1875
2025-01-27 02:05:06,464	[INFO]	2-2     SUCCESS              *1326327.19 (40.80%) [2 edit(s)]  
2025-01-27 02:05:06,464	[DEBUG]	patch(2-2)="LineLLMMutation(('source.cpp', 1), '#include<iostream>\n\n#include<algorithm>\n\nusing namespace std;\n\n\n\nint main(){\n\n  int n,m,a,b,cost,time,k,p,q,r;\n\n  int t[100][100],c[100][100];\n\n\n\n  for(;;){\n\n    cin >> n >> m;\n\n    if(!n && !m)break;\n\n\n\n    for(int i=0;i<m;i++){\n\n      for(int j=0;j<m;j++){\n\n\tif(i==j){\n\n\t  t[i][j] = 0;\n\n\t  c[i][j] = 0;\n\n\t}else{\n\n\t  t[i][j] = 1000000;\n\n\t  c[i][j] = 1000000;\n\n\t}\n\n      }\n\n    }\n\n\n\n    for(int i=0;i<n;i++){\n\n      cin >> a >> b >> cost >> time;\n\n      t[a-1][b-1] = time;\n\n      t[b-1][a-1] = time;\n\n      c[a-1][b-1] = cost;\n\n      c[b-1][a-1] = cost;\n\n    }\n\n\n\n    for(int x=0;x<m;x++){\n\n      for(int i=0;i<m;i++){\n\n\tt[i][x] = min(t[i][x],t[i][x] + t[x][x]);\n\n\tt[x][i] = min(t[x][i],t[x][x] + t[x][i]);\n\n\tfor(int j=0;j<m;j++){\n\n\t  t[i][j] = min(t[i][j],t[i][x] + t[x][j]);\n\n\t  c[i][j] = min(c[i][j],c[i][x] + c[x][j]);\n\n\t}\n\n      }\n\n    }\n\n\n\n    cin >> k;\n\n    for(int i=0;i<k;i++){\n\n      cin >> p >> q >> r;\n\n      if(r)cout << t[p-1][q-1] << endl;\n\n      else cout << c[p-1][q-1] << endl;\n\n    }\n\n  }\n\n}') | LineLLMMutation(('source.cpp', 10), '#include<cstdio>\n\n#include<algorithm>\n\nusing namespace std;\n\n\n\nint main(){\n\n  int n,m,a,b,cost,time,k,p,q,r;\n\n  int t[100][100],c[100][100];\n\n\n\n  for(;;){\n\n    scanf("%d%d",&n,&m);\n\n    if(!n && !m)break;\n\n\n\n    for(int i=0;i<m;i++){\n\n      for(int j=0;j<m;j++){\n\n\tif(i==j){\n\n\t  t[i][j] = 0;\n\n\t  c[i][j] = 0;\n\n\t}else{\n\n\t  t[i][j] = 1000000;\n\n\t  c[i][j] = 1000000;\n\n\t}\n\n      }\n\n    }\n\n\n\n    for(int i=0;i<n;i++){\n\n      scanf("%d%d%d%d",&a,&b,&cost,&time);\n\n      t[a-1][b-1] = time;\n\n      t[b-1][a-1] = time;\n\n      c[a-1][b-1] = cost;\n\n      c[b-1][a-1] = cost;\n\n    }\n\n\n\n    for(int x=0;x<m;x++){\n\n      for(int i=0;i<m;i++){\n\n\tt[i][x] = min(t[i][x],t[i][x] + t[x][x]);\n\n\tt[x][i] = min(t[x][i],t[x][x] + t[x][i]);\n\n\tfor(int j=0;j<m;j++){\n\n\t  t[i][j] = min(t[i][j],t[i][x] + t[x][j]);\n\n\t  c[i][j] = min(c[i][j],c[i][x] + c[x][j]);\n\n\t}\n\n      }\n\n    }\n\n\n\n    scanf("%d",&k);\n\n    for(int i=0;i<k;i++){\n\n      scanf("%d%d%d",&p,&q,&r);\n\n      if(r)printf("%d\\n",t[p-1][q-1]);\n\n      else printf("%d\\n",c[p-1][q-1]);\n\n    }\n\n  }\n\n}')"

2025-01-27 02:05:06,464	[INFO]	Step: 22
2025-01-27 02:05:06,464	[INFO]	Stop Steps: 50
2025-01-27 02:05:06,935	[DEBUG]	EXEC>  SUCCESS 1375421.875
2025-01-27 02:05:06,935	[INFO]	2-3     SUCCESS               1375421.88 (42.31%) [1 edit(s)]  
2025-01-27 02:05:06,936	[DEBUG]	patch(2-3)="LineLLMMutation(('source.cpp', 14), '#include <cstdio>\n\nusing namespace std;\n\n\n\nint main(){\n\n  int n,m,a,b,cost,time,k,p,q,r;\n\n  int t[100][100],c[100][100];\n\n\n\n  for(;;){\n\n    scanf("%d%d",&n,&m);\n\n    if(!n && !m)break;\n\n\n\n    for(int i=0;i<m;i++){\n\n      for(int j=0;j<m;j++){\n\n\tif(i==j){\n\n\t  t[i][j] = 0;\n\n\t  c[i][j] = 0;\n\n\t}else{\n\n\t  t[i][j] = 1000000;\n\n\t  c[i][j] = 1000000;\n\n\t}\n\n      }\n\n    }\n\n\n\n    for(int i=0;i<n;i++){\n\n      scanf("%d%d%d%d",&a,&b,&cost,&time);\n\n      t[a-1][b-1] = time;\n\n      t[b-1][a-1] = time;\n\n      c[a-1][b-1] = cost;\n\n      c[b-1][a-1] = cost;\n\n    }\n\n\n\n    for(int x=0;x<m;x++){\n\n      for(int i=0;i<m;i++){\n\n\tfor(int j=0;j<m;j++){\n\n\t  t[i][j] = (t[i][j]<t[i][x] + t[x][j])?t[i][j]:(t[i][x] + t[x][j]);\n\n\t  c[i][j] = (c[i][j]<c[i][x] + c[x][j])?c[i][j]:(c[i][x] + c[x][j]);\n\n\t}\n\n      }\n\n    }\n\n\n\n    scanf("%d",&k);\n\n    for(int i=0;i<k;i++){\n\n      scanf("%d%d%d",&p,&q,&r);\n\n      if(r)printf("%d\\n",t[p-1][q-1]);\n\n      else printf("%d\\n",c[p-1][q-1]);\n\n    }\n\n  }\n\n}')"
2025-01-27 02:05:06,936	[INFO]	Step: 23
2025-01-27 02:05:06,936	[INFO]	Stop Steps: 50
2025-01-27 02:05:07,475	[DEBUG]	EXEC>  SUCCESS 1340495.5625
2025-01-27 02:05:07,475	[INFO]	2-4     SUCCESS               1340495.56 (41.23%) [1 edit(s)]  
2025-01-27 02:05:07,476	[DEBUG]	patch(2-4)="LineLLMCrossover(('source.cpp', 4), '#include<cstdio>\n\n#include<algorithm>\n\nusing namespace std;\n\nint main(){\n\n  int n,m,a,b,cost,time,k,p,q,r;\n\n  int t[100][100],c[100][100];\n\n\n\n  for(;;){\n\n    scanf("%d%d",&n,&m);\n\n    if(!n && !m)break;\n\n\n\n    for(int i=0;i<m;i++){\n\n      for(int j=0;j<m;j++){\n\n\tif(i==j){\n\n\t  t[i][j] = 0;\n\n\t  c[i][j] = 0;\n\n\t}else{\n\n\t  t[i][j] = 1000000;\n\n\t  c[i][j] = 1000000;\n\n\t}\n\n      }\n\n    }\n\n\n\n    for(int i=0;i<n;i++){\n\n      scanf("%d%d%d%d",&a,&b,&cost,&time);\n\n      t[a-1][b-1] = time;\n\n      t[b-1][a-1] = time;\n\n      c[a-1][b-1] = cost;\n\n      c[b-1][a-1] = cost;\n\n    }\n\n\n\n    for(int x=0;x<m;x++){\n\n      for(int i=0;i<m;i++){\n\n\tt[i][x] = min(t[i][x],t[i][x] + t[x][x]);\n\n\tt[x][i] = min(t[x][i],t[x][x] + t[x][i]);\n\n\tfor(int j=0;j<m;j++){\n\n\t  t[i][j] = min(t[i][j],t[i][x] + t[x][j]);\n\n\t  c[i][j] = min(c[i][j],c[i][x] + c[x][j]);\n\n\t}\n\n      }\n\n    }\n\n\n\n    scanf("%d",&k);\n\n    for(int i=0;i<k;i++){\n\n      scanf("%d%d%d",&p,&q,&r);\n\n      if(r)printf("%d\\n",t[p-1][q-1]);\n\n      else printf("%d\\n",c[p-1][q-1]);\n\n    }\n\n  }\n\n}')"
2025-01-27 02:05:07,476	[INFO]	Step: 24
2025-01-27 02:05:07,476	[INFO]	Stop Steps: 50
2025-01-27 02:05:07,952	[DEBUG]	EXEC>  SUCCESS 1280478.0
2025-01-27 02:05:07,952	[INFO]	2-5     SUCCESS              *1280478.00 (39.39%) [1 edit(s)]  
2025-01-27 02:05:07,953	[DEBUG]	patch(2-5)="LineLLMCrossover(('source.cpp', 5), '#include <cstdio>\n\nusing namespace std;\n\nint n,m,a,b,cost,time,k,p,q,r;\n\nint t[100][100],c[100][100];\n\nint main(){\n\n  for(;;){\n\n    scanf("%d%d",&n,&m);\n\n    if(!n && !m)break;\n\n\n\n    for(int i=0;i<m;i++){\n\n      for(int j=0;j<m;j++){\n\n\tif(i==j){\n\n\t  t[i][j] = 0;\n\n\t  c[i][j] = 0;\n\n\t}else{\n\n\t  t[i][j] = 1000000;\n\n\t  c[i][j] = 1000000;\n\n\t}\n\n      }\n\n    }\n\n\n\n    for(int i=0;i<n;i++){\n\n      scanf("%d%d%d%d",&a,&b,&cost,&time);\n\n      t[a-1][b-1] = time;\n\n      t[b-1][a-1] = time;\n\n      c[a-1][b-1] = cost;\n\n      c[b-1][a-1] = cost;\n\n    }\n\n\n\n    for(int x=0;x<m;x++){\n\n      for(int i=0;i<m;i++){\n\n\tfor(int j=0;j<m;j++){\n\n\t  t[i][j] = (t[i][j]<t[i][x] + t[x][j])?t[i][j]:(t[i][x] + t[x][j]);\n\n\t  c[i][j] = (c[i][j]<c[i][x] + c[x][j])?c[i][j]:(c[i][x] + c[x][j]);\n\n\t}\n\n      }\n\n    }\n\n\n\n    scanf("%d",&k);\n\n    for(int i=0;i<k;i++){\n\n      scanf("%d%d%d",&p,&q,&r);\n\n      if(r)printf("%d\\n",t[p-1][q-1]);\n\n      else printf("%d\\n",c[p-1][q-1]);\n\n    }\n\n  }\n\n}')"

2025-01-27 02:05:07,953	[INFO]	Step: 25
2025-01-27 02:05:07,953	[INFO]	Stop Steps: 50
2025-01-27 02:05:08,729	[DEBUG]	EXEC>  SUCCESS 3235802.6875
2025-01-27 02:05:08,730	[INFO]	2-6     SUCCESS               3235802.69 (99.54%) [1 edit(s)]  
2025-01-27 02:05:08,730	[DEBUG]	patch(2-6)="LineLLMCrossover(('source.cpp', 6), '#include<iostream>\n\n#include<algorithm>\n\nusing namespace std;\n\n\n\nint main(){\n\n  int n,m,a,b,cost,time,k,p,q,r;\n\n  int t[100][100],c[100][100];\n\n\n\n  for(;;){\n\n    cin >> n >> m;\n\n    if(!n && !m)break;\n\n\n\n    for(int i=0;i<m;i++){\n\n      for(int j=0;j<m;j++){\n\n\tif(i==j){\n\n\t  t[i][j] = 0;\n\n\t  c[i][j] = 0;\n\n\t}else{\n\n\t  t[i][j] = 1000000;\n\n\t  c[i][j] = 1000000;\n\n\t}\n\n      }\n\n    }\n\n\n\n    for(int i=0;i<n;i++){\n\n      cin >> a >> b >> cost >> time;\n\n      t[a-1][b-1] = time;\n\n      t[b-1][a-1] = time;\n\n      c[a-1][b-1] = cost;\n\n      c[b-1][a-1] = cost;\n\n    }\n\n\n\n    for(int x=0;x<m;x++){\n\n      for(int i=0;i<m;i++){\n\n\tfor(int j=0;j<m;j++){\n\n\t  t[i][j] = min(t[i][j],t[i][x] + t[x][j]);\n\n\t  c[i][j] = min(c[i][j],c[i][x] + c[x][j]);\n\n\t}\n\n      }\n\n    }\n\n\n\n    cin >> k;\n\n    for(int i=0;i<k;i++){\n\n      cin >> p >> q >> r;\n\n      if(r)cout << t[p-1][q-1] << endl;\n\n      else cout << c[p-1][q-1] << endl;\n\n    }\n\n  }\n\n}')"
2025-01-27 02:05:08,730	[INFO]	Step: 26
2025-01-27 02:05:08,730	[INFO]	Stop Steps: 50
2025-01-27 02:05:08,828	[INFO]	2-7     COMPILE_CODE_ERROR    None (--) [1 edit(s)]  
2025-01-27 02:05:08,828	[DEBUG]	patch(2-7)="LineLLMCrossover(('source.cpp', 7), '#include <cstdio>\n\nusing namespace std;\n\nint n,m,a,b,cost,time,k,p,q,r;\n\nint t[100][100],c[100][100];\n\nint main(){\n\n  for(;;){\n\n    scanf("%d%d",&n,&m);\n\n    if(!n && !m)break;\n\n\n\n    for(int i=0;i<m;i++){\n\n      for(int j=0;j<m;j++){\n\n\tif(i==j){\n\n\t  t[i][j] = 0;\n\n\t  c[i][j] = 0;\n\n\t}else{\n\n\t  t[i][j] = 1000000;\n\n\t  c[i][j] = 1000000;\n\n\t}\n\n      }\n\n    }\n\n\n\n    for(int i=0;i<n;i++){\n\n      scanf("%d%d%d%d",&a,&b,&cost,&time);\n\n      t[a-1][b-1] = time;\n\n      t[b-1][a-1] = time;\n\n      c[a-1][b-1] = cost;\n\n      c[b-1][a-1] = cost;\n\n    }\n\n\n\n    for(int x=0;x<m;x++){\n\n      for(int i=0;i<m;i++){\n\n\tt[i][x] = min(t[i][x],t[i][x] + t[x][x]);\n\n\tt[x][i] = min(t[x][i],t[x][x] + t[x][i]);\n\n\tfor(int j=0;j<m;j++){\n\n\t  t[i][j] = min(t[i][j],t[i][x] + t[x][j]);\n\n\t  c[i][j] = min(c[i][j],c[i][x] + c[x][j]);\n\n\t}\n\n      }\n\n    }\n\n\n\n    scanf("%d",&k);\n\n    for(int i=0;i<k;i++){\n\n      scanf("%d%d%d",&p,&q,&r);\n\n      if(r)printf("%d\\n",t[p-1][q-1]);\n\n      else printf("%d\\n",c[p-1][q-1]);\n\n    }\n\n  }\n\n}')"
2025-01-27 02:05:08,828	[INFO]	Step: 27
2025-01-27 02:05:08,829	[INFO]	Stop Steps: 50
2025-01-27 02:05:09,147	[INFO]	2-8     TEST_CODE_ERROR       None (--) [3 edit(s)]  
2025-01-27 02:05:09,147	[DEBUG]	patch(2-8)="LineLLMMutation(('source.cpp', 1), '#include<iostream>\n\n#include<algorithm>\n\nusing namespace std;\n\n\n\nint main(){\n\n  int n,m,a,b,cost,time,k,p,q,r;\n\n  int t[100][100],c[100][100];\n\n\n\n  for(;;){\n\n    cin >> n >> m;\n\n    if(!n && !m)break;\n\n\n\n    for(int i=0;i<m;i++){\n\n      for(int j=0;j<m;j++){\n\n\tif(i==j){\n\n\t  t[i][j] = 0;\n\n\t  c[i][j] = 0;\n\n\t}else{\n\n\t  t[i][j] = 1000000;\n\n\t  c[i][j] = 1000000;\n\n\t}\n\n      }\n\n    }\n\n\n\n    for(int i=0;i<n;i++){\n\n      cin >> a >> b >> cost >> time;\n\n      t[a-1][b-1] = time;\n\n      t[b-1][a-1] = time;\n\n      c[a-1][b-1] = cost;\n\n      c[b-1][a-1] = cost;\n\n    }\n\n\n\n    for(int x=0;x<m;x++){\n\n      for(int i=0;i<m;i++){\n\n\tt[i][x] = min(t[i][x],t[i][x] + t[x][x]);\n\n\tt[x][i] = min(t[x][i],t[x][x] + t[x][i]);\n\n\tfor(int j=0;j<m;j++){\n\n\t  t[i][j] = min(t[i][j],t[i][x] + t[x][j]);\n\n\t  c[i][j] = min(c[i][j],c[i][x] + c[x][j]);\n\n\t}\n\n      }\n\n    }\n\n\n\n    cin >> k;\n\n    for(int i=0;i<k;i++){\n\n      cin >> p >> q >> r;\n\n      if(r)cout << t[p-1][q-1] << endl;\n\n      else cout << c[p-1][q-1] << endl;\n\n    }\n\n  }\n\n}') | LineLLMMutation(('source.cpp', 10), '#include<cstdio>\n\n#include<algorithm>\n\nusing namespace std;\n\n\n\nint main(){\n\n  int n,m,a,b,cost,time,k,p,q,r;\n\n  int t[100][100],c[100][100];\n\n\n\n  for(;;){\n\n    scanf("%d%d",&n,&m);\n\n    if(!n && !m)break;\n\n\n\n    for(int i=0;i<m;i++){\n\n      for(int j=0;j<m;j++){\n\n\tif(i==j){\n\n\t  t[i][j] = 0;\n\n\t  c[i][j] = 0;\n\n\t}else{\n\n\t  t[i][j] = 1000000;\n\n\t  c[i][j] = 1000000;\n\n\t}\n\n      }\n\n    }\n\n\n\n    for(int i=0;i<n;i++){\n\n      scanf("%d%d%d%d",&a,&b,&cost,&time);\n\n      t[a-1][b-1] = time;\n\n      t[b-1][a-1] = time;\n\n      c[a-1][b-1] = cost;\n\n      c[b-1][a-1] = cost;\n\n    }\n\n\n\n    for(int x=0;x<m;x++){\n\n      for(int i=0;i<m;i++){\n\n\tt[i][x] = min(t[i][x],t[i][x] + t[x][x]);\n\n\tt[x][i] = min(t[x][i],t[x][x] + t[x][i]);\n\n\tfor(int j=0;j<m;j++){\n\n\t  t[i][j] = min(t[i][j],t[i][x] + t[x][j]);\n\n\t  c[i][j] = min(c[i][j],c[i][x] + c[x][j]);\n\n\t}\n\n      }\n\n    }\n\n\n\n    scanf("%d",&k);\n\n    for(int i=0;i<k;i++){\n\n      scanf("%d%d%d",&p,&q,&r);\n\n      if(r)printf("%d\\n",t[p-1][q-1]);\n\n      else printf("%d\\n",c[p-1][q-1]);\n\n    }\n\n  }\n\n}') | LineLLMMutation(('source.cpp', 15), '#include<cstdio>\n\n#include<algorithm>\n\nusing namespace std;\n\nint t[100][100],c[100][100];\n\nint main(){\n\n  int n,m,a,b,cost,time,k,p,q,r;\n\n\n\n  for(;;){\n\n    scanf("%d%d",&n,&m);\n\n    if(!n && !m)break;\n\n\n\n    for(int i=0;i<m;i++){\n\n      fill(t[i],t[i]+m,1000000);\n\n      fill(c[i],c[i]+m,1000000);\n\n      t[i][i]=c[i][i]=0;\n\n    }\n\n\n\n    while(n--){\n\n      scanf("%d%d%d%d",&a,&b,&cost,&time);\n\n      t[a-1][b-1]=t[b-1][a-1]=time;\n\n      c[a-1][b-1]=c[b-1][a-1]=cost;\n\n    }\n\n\n\n    for(int x=0;x<m;x++){\n\n      for(int i=0;i<m;i++){\n\n        t[i][x]=min(t[i][x],t[i][i]);\n\n        t[x][i]=min(t[x][i],t[i][i]);\n\n        for(int j=0;j<m;j++){\n\n          t[i][j]=min(t[i][j],t[i][x]+t[x][j]);\n\n          c[i][j]=min(c[i][j],c[i][x]+c[x][j]);\n\n        }\n\n      }\n\n    }\n\n\n\n    scanf("%d",&k);\n\n    while(k--){\n\n      scanf("%d%d%d",&p,&q,&r);\n\n      printf("%d\\n",r?t[p-1][q-1]:c[p-1][q-1]);\n\n    }\n\n  }\n\n}')"
2025-01-27 02:05:09,148	[INFO]	Step: 28
2025-01-27 02:05:09,148	[INFO]	Stop Steps: 50
2025-01-27 02:05:09,614	[DEBUG]	EXEC>  SUCCESS 1320180.5625
2025-01-27 02:05:09,614	[INFO]	2-9     SUCCESS               1320180.56 (40.61%) [2 edit(s)]  
2025-01-27 02:05:09,615	[DEBUG]	patch(2-9)="LineLLMMutation(('source.cpp', 14), '#include <cstdio>\n\nusing namespace std;\n\n\n\nint main(){\n\n  int n,m,a,b,cost,time,k,p,q,r;\n\n  int t[100][100],c[100][100];\n\n\n\n  for(;;){\n\n    scanf("%d%d",&n,&m);\n\n    if(!n && !m)break;\n\n\n\n    for(int i=0;i<m;i++){\n\n      for(int j=0;j<m;j++){\n\n\tif(i==j){\n\n\t  t[i][j] = 0;\n\n\t  c[i][j] = 0;\n\n\t}else{\n\n\t  t[i][j] = 1000000;\n\n\t  c[i][j] = 1000000;\n\n\t}\n\n      }\n\n    }\n\n\n\n    for(int i=0;i<n;i++){\n\n      scanf("%d%d%d%d",&a,&b,&cost,&time);\n\n      t[a-1][b-1] = time;\n\n      t[b-1][a-1] = time;\n\n      c[a-1][b-1] = cost;\n\n      c[b-1][a-1] = cost;\n\n    }\n\n\n\n    for(int x=0;x<m;x++){\n\n      for(int i=0;i<m;i++){\n\n\tfor(int j=0;j<m;j++){\n\n\t  t[i][j] = (t[i][j]<t[i][x] + t[x][j])?t[i][j]:(t[i][x] + t[x][j]);\n\n\t  c[i][j] = (c[i][j]<c[i][x] + c[x][j])?c[i][j]:(c[i][x] + c[x][j]);\n\n\t}\n\n      }\n\n    }\n\n\n\n    scanf("%d",&k);\n\n    for(int i=0;i<k;i++){\n\n      scanf("%d%d%d",&p,&q,&r);\n\n      if(r)printf("%d\\n",t[p-1][q-1]);\n\n      else printf("%d\\n",c[p-1][q-1]);\n\n    }\n\n  }\n\n}') | LineLLMMutation(('source.cpp', 16), '#include <cstdio>\n\nusing namespace std;\n\n\n\nint main(){\n\n  int n,m,a,b,cost,time,k,p,q,r;\n\n  int t[100][100],c[100][100];\n\n\n\n  for(;;){\n\n    scanf("%d%d",&n,&m);\n\n    if(!n && !m)break;\n\n    for(int i=0;i<m*m;i++){\n\n      int x=i/m;\n\n      int y=i%m;\n\n      if(x==y){\n\n\tt[x][y] = 0;\n\n\tc[x][y] = 0;\n\n      }else{\n\n\tt[x][y] = 1000000;\n\n\tc[x][y] = 1000000;\n\n      }\n\n    }\n\n\n\n    for(int i=0;i<n;i++){\n\n      scanf("%d%d%d%d",&a,&b,&cost,&time);\n\n      t[a-1][b-1] = time;\n\n      t[b-1][a-1] = time;\n\n      c[a-1][b-1] = cost;\n\n      c[b-1][a-1] = cost;\n\n    }\n\n\n\n    for(int x=0;x<m;x++){\n\n      for(int i=0;i<m;i++){\n\n\tfor(int j=0;j<m;j++){\n\n\t  t[i][j] = (t[i][j]<t[i][x] + t[x][j])?t[i][j]:(t[i][x] + t[x][j]);\n\n\t  c[i][j] = (c[i][j]<c[i][x] + c[x][j])?c[i][j]:(c[i][x] + c[x][j]);\n\n\t}\n\n      }\n\n    }\n\n\n\n    scanf("%d",&k);\n\n    for(int i=0;i<k;i++){\n\n      scanf("%d%d%d",&p,&q,&r);\n\n      if(r)printf("%d\\n",t[p-1][q-1]);\n\n      else printf("%d\\n",c[p-1][q-1]);\n\n    }\n\n  }\n\n}')"
2025-01-27 02:05:09,615	[INFO]	Step: 29
2025-01-27 02:05:09,615	[INFO]	Stop Steps: 50
2025-01-27 02:05:10,377	[DEBUG]	EXEC>  SUCCESS 3249766.4375
2025-01-27 02:05:10,378	[INFO]	2-10    SUCCESS               3249766.44 (99.97%) [2 edit(s)]  
2025-01-27 02:05:10,378	[DEBUG]	patch(2-10)="LineLLMCrossover(('source.cpp', 3), '#include<iostream>\n\n#include<algorithm>\n\nusing namespace std;\n\n\n\nint main(){\n\n  int n,m,a,b,cost,time,k,p,q,r;\n\n  int t[100][100],c[100][100];\n\n\n\n  for(;;){\n\n    cin >> n >> m;\n\n    if(!n && !m)break;\n\n\n\n    for(int i=0;i<m;i++){\n\n      for(int j=0;j<m;j++){\n\n\tif(i==j){\n\n\t  t[i][j] = 0;\n\n\t  c[i][j] = 0;\n\n\t}else{\n\n\t  t[i][j] = 1000000;\n\n\t  c[i][j] = 1000000;\n\n\t}\n\n      }\n\n    }\n\n\n\n    for(int i=0;i<n;i++){\n\n      cin >> a >> b >> cost >> time;\n\n      t[a-1][b-1] = time;\n\n      t[b-1][a-1] = time;\n\n      c[a-1][b-1] = cost;\n\n      c[b-1][a-1] = cost;\n\n    }\n\n\n\n    for(int x=0;x<m;x++){\n\n      for(int i=0;i<m;i++){\n\n\tt[i][x] = min(t[i][x],t[i][x] + t[x][x]);\n\n\tt[x][i] = min(t[x][i],t[x][x] + t[x][i]);\n\n\tfor(int j=0;j<m;j++){\n\n\t  t[i][j] = min(t[i][j],t[i][x] + t[x][j]);\n\n\t  c[i][j] = min(c[i][j],c[i][x] + c[x][j]);\n\n\t}\n\n      }\n\n    }\n\n\n\n    cin >> k;\n\n    for(int i=0;i<k;i++){\n\n      cin >> p >> q >> r;\n\n      if(r)cout << t[p-1][q-1] << endl;\n\n      else cout << c[p-1][q-1] << endl;\n\n    }\n\n  }\n\n}') | LineLLMMutation(('source.cpp', 17), '#include<iostream>\n\n#include<algorithm>\n\nusing namespace std;\n\n\n\nint main(){\n\n  int n,m,a,b,cost,time,k,p,q,r;\n\n  int t[100][100] = {0},c[100][100] = {0};\n\n\n\n  for(;;){\n\n    cin >> n >> m;\n\n    if(!n && !m)break;\n\n\n\n    for(int i=0;i<m;i++){\n\n      for(int j=0;j<m;j++){\n\n\tif(i!=j){\n\n\t  t[i][j] = 1000000;\n\n\t  c[i][j] = 1000000;\n\n\t}\n\n      }\n\n    }\n\n\n\n    for(int i=0;i<n;i++){\n\n      cin >> a >> b >> cost >> time;\n\n      t[a-1][b-1] = time;\n\n      t[b-1][a-1] = time;\n\n      c[a-1][b-1] = cost;\n\n      c[b-1][a-1] = cost;\n\n    }\n\n\n\n    for(int x=0;x<m;x++){\n\n      for(int i=0;i<m;i++){\n\n\tt[i][x] = min(t[i][x],t[i][x] + t[x][x]);\n\n\tt[x][i] = min(t[x][i],t[x][x] + t[x][i]);\n\n\tfor(int j=0;j<m;j++){\n\n\t  t[i][j] = min(t[i][j],t[i][x] + t[x][j]);\n\n\t  c[i][j] = min(c[i][j],c[i][x] + c[x][j]);\n\n\t}\n\n      }\n\n    }\n\n\n\n    cin >> k;\n\n    for(int i=0;i<k;i++){\n\n      cin >> p >> q >> r;\n\n      if(r)cout << t[p-1][q-1] << endl;\n\n      else cout << c[p-1][q-1] << endl;\n\n    }\n\n  }\n\n}')"
2025-01-27 02:05:10,378	[INFO]	Step: 30
2025-01-27 02:05:10,378	[INFO]	Stop Steps: 50
2025-01-27 02:05:13,175	[INFO]	2-1     TEST_CODE_ERROR       None (--) [2 edit(s)]  
2025-01-27 02:05:13,176	[DEBUG]	patch(2-1)="LineLLMCrossover(('source.cpp', 1), '#include<iostream>\n\n#include<algorithm>\n\nusing namespace std;\n\n\n\nint main(){\n\n  int n,m,a,b,cost,time,k,p,q,r;\n\n  int t[100][100],c[100][100];\n\n\n\n  for(;;){\n\n    cin >> n >> m;\n\n    if(!n && !m)break;\n\n\n\n    for(int i=0;i<m;i++){\n\n      for(int j=0;j<m;j++){\n\n\tif(i==j){\n\n\t  t[i][j] = 0;\n\n\t  c[i][j] = 0;\n\n\t}else{\n\n\t  t[i][j] = 1000000;\n\n\t  c[i][j] = 1000000;\n\n\t}\n\n      }\n\n    }\n\n\n\n    for(int i=0;i<n;i++){\n\n      cin >> a >> b >> cost >> time;\n\n      t[a-1][b-1] = time;\n\n      t[b-1][a-1] = time;\n\n      c[a-1][b-1] = cost;\n\n      c[b-1][a-1] = cost;\n\n    }\n\n\n\n    for(int x=0;x<m;x++){\n\n      for(int i=0;i<m;i++){\n\n\tfor(int j=0;j<m;j++){\n\n\t  t[i][j] = min(t[i][j],t[i][x] + t[x][j]);\n\n\t  c[i][j] = min(c[i][j],c[i][x] + c[x][j]);\n\n\t}\n\n      }\n\n    }\n\n\n\n    cin >> k;\n\n    for(int i=0;i<k;i++){\n\n      cin >> p >> q >> r;\n\n      if(r)cout << t[p-1][q-1] << endl;\n\n      else cout << c[p-1][q-1] << endl;\n\n    }\n\n  }\n\n}') | LineLLMMutation(('source.cpp', 18), '#include <iostream>\n#include <algorithm>\nusing namespace std;\n\nint t[100][100], c[100][100];\n\nvoid init(int m) {\n    for (int i = 0; i < m; ++i)\n        for (int j = 0; j < m; ++j)\n            t[i][j] = c[i][j] = (i == j) ? 0 : 1e6;\n}\n\nvoid floyd(int m) {\n    for (int k = 0; k < m; ++k)\n        for (int i = 0; i < m; ++i)\n            for (int j = 0; j < m; ++j)\n                t[i][j] = min(t[i][j], t[i][k] + t[k][j]),\n                c[i][j] = min(c[i][j], c[i][k] + c[k][j]);\n}\n\nint main() {\n    int n, m, a, b, cost, time, k, p, q, r;\n    for (;;) {\n        cin >> n >> m;\n        if (!n && !m) break;\n        init(m);\n        for (int i = 0; i < n; ++i) {\n            cin >> a >> b >> cost >> time;\n            t[a-1][b-1] = t[b-1][a-1] = time;\n            c[a-1][b-1] = c[b-1][a-1] = cost;\n        }\n        floyd(m);\n        for (int i = 0; i < k; ++i) {\n            cin >> p >> q >> r;\n            cout << ((r) ? t[p-1][q-1] : c[p-1][q-1]) << endl;\n        }\n    }\n}')"
2025-01-27 02:05:13,176	[INFO]	Step: 31
2025-01-27 02:05:13,176	[INFO]	Stop Steps: 50
2025-01-27 02:05:13,838	[DEBUG]	EXEC>  SUCCESS 1343176.75
2025-01-27 02:05:13,838	[INFO]	2-2     SUCCESS               1343176.75 (41.32%) [1 edit(s)]  
2025-01-27 02:05:13,838	[DEBUG]	patch(2-2)="LineLLMMutation(('source.cpp', 19), '#include<cstdio>\n\n#include<algorithm>\n\nusing namespace std;\n\n\n\nint main(){\n\n  int n,m,a,b,cost,time,k,p,q,r;\n\n  int t[100][100],c[100][100];\n\n\n\n  for(;;){\n\n    scanf("%d%d",&n,&m);\n\n    if(!n && !m)break;\n\n\n\n    for(int i=0;i<m;i++){\n\n      for(int j=0;j<m;j++){\n\n\tif(i==j){\n\n\t  t[i][j] = 0;\n\n\t  c[i][j] = 0;\n\n\t}else{\n\n\t  t[i][j] = 1000000;\n\n\t  c[i][j] = 1000000;\n\n\t}\n\n      }\n\n    }\n\n\n\n    for(int i=0;i<n;i++){\n\n      scanf("%d%d%d%d",&a,&b,&cost,&time);\n\n      t[a-1][b-1] = time;\n\n      t[b-1][a-1] = time;\n\n      c[a-1][b-1] = cost;\n\n      c[b-1][a-1] = cost;\n\n    }\n\n\n\n    for(int x=0;x<m;x++){\n\n      for(int i=0;i<m;i++){\n\n\tfor(int j=0;j<m;j++){\n\n\t  t[i][j] = min(t[i][j],t[i][x] + t[x][j]);\n\n\t  c[i][j] = min(c[i][j],c[i][x] + c[x][j]);\n\n\t}\n\n      }\n\n    }\n\n\n\n    scanf("%d",&k);\n\n    for(int i=0;i<k;i++){\n\n      scanf("%d%d%d",&p,&q,&r);\n\n      if(r)printf("%d\\n",t[p-1][q-1]);\n\n      else printf("%d\\n",c[p-1][q-1]);\n\n    }\n\n  }\n\n}')"
2025-01-27 02:05:13,838	[INFO]	Step: 32
2025-01-27 02:05:13,839	[INFO]	Stop Steps: 50
2025-01-27 02:05:15,617	[DEBUG]	EXEC>  SUCCESS 3236961.5625
2025-01-27 02:05:15,617	[INFO]	REF     SUCCESS               3236961.56 (--) [0 edit(s)]  
2025-01-27 02:05:15,618	[INFO]	Best patch: 5
2025-01-27 02:05:16,084	[DEBUG]	EXEC>  SUCCESS 1276463.0625
2025-01-27 02:05:16,085	[INFO]	BEST    SUCCESS              *1276463.06 (39.43%) [0 edit(s)]  
2025-01-27 02:05:16,085	[INFO]	Best patch step: 24
2025-01-27 02:06:24,199	[INFO]	Step: 32
2025-01-27 02:06:24,200	[INFO]	Stop Steps: 50
2025-01-27 02:06:24,791	[DEBUG]	EXEC>  SUCCESS 1273641.75
2025-01-27 02:06:24,792	[INFO]	3-3     SUCCESS              *1273641.75 (39.35%) [1 edit(s)]  
2025-01-27 02:06:24,792	[DEBUG]	patch(3-3)="LineLLMCrossover(('source.cpp', 5), '#include <cstdio>\n\nusing namespace std;\n\nint n,m,a,b,cost,time,k,p,q,r;\n\nint t[100][100],c[100][100];\n\nint main(){\n\n  for(;;){\n\n    scanf("%d%d",&n,&m);\n\n    if(!n && !m)break;\n\n\n\n    for(int i=0;i<m;i++){\n\n      for(int j=0;j<m;j++){\n\n\tif(i==j){\n\n\t  t[i][j] = 0;\n\n\t  c[i][j] = 0;\n\n\t}else{\n\n\t  t[i][j] = 1000000;\n\n\t  c[i][j] = 1000000;\n\n\t}\n\n      }\n\n    }\n\n\n\n    for(int i=0;i<n;i++){\n\n      scanf("%d%d%d%d",&a,&b,&cost,&time);\n\n      t[a-1][b-1] = time;\n\n      t[b-1][a-1] = time;\n\n      c[a-1][b-1] = cost;\n\n      c[b-1][a-1] = cost;\n\n    }\n\n\n\n    for(int x=0;x<m;x++){\n\n      for(int i=0;i<m;i++){\n\n\tfor(int j=0;j<m;j++){\n\n\t  t[i][j] = (t[i][j]<t[i][x] + t[x][j])?t[i][j]:(t[i][x] + t[x][j]);\n\n\t  c[i][j] = (c[i][j]<c[i][x] + c[x][j])?c[i][j]:(c[i][x] + c[x][j]);\n\n\t}\n\n      }\n\n    }\n\n\n\n    scanf("%d",&k);\n\n    for(int i=0;i<k;i++){\n\n      scanf("%d%d%d",&p,&q,&r);\n\n      if(r)printf("%d\\n",t[p-1][q-1]);\n\n      else printf("%d\\n",c[p-1][q-1]);\n\n    }\n\n  }\n\n}')"

2025-01-27 02:06:24,792	[INFO]	Step: 33
2025-01-27 02:06:24,792	[INFO]	Stop Steps: 50
2025-01-27 02:06:25,278	[DEBUG]	EXEC>  SUCCESS 1330766.5625
2025-01-27 02:06:25,278	[INFO]	3-4     SUCCESS               1330766.56 (41.11%) [2 edit(s)]  
2025-01-27 02:06:25,278	[DEBUG]	patch(3-4)="LineLLMMutation(('source.cpp', 14), '#include <cstdio>\n\nusing namespace std;\n\n\n\nint main(){\n\n  int n,m,a,b,cost,time,k,p,q,r;\n\n  int t[100][100],c[100][100];\n\n\n\n  for(;;){\n\n    scanf("%d%d",&n,&m);\n\n    if(!n && !m)break;\n\n\n\n    for(int i=0;i<m;i++){\n\n      for(int j=0;j<m;j++){\n\n\tif(i==j){\n\n\t  t[i][j] = 0;\n\n\t  c[i][j] = 0;\n\n\t}else{\n\n\t  t[i][j] = 1000000;\n\n\t  c[i][j] = 1000000;\n\n\t}\n\n      }\n\n    }\n\n\n\n    for(int i=0;i<n;i++){\n\n      scanf("%d%d%d%d",&a,&b,&cost,&time);\n\n      t[a-1][b-1] = time;\n\n      t[b-1][a-1] = time;\n\n      c[a-1][b-1] = cost;\n\n      c[b-1][a-1] = cost;\n\n    }\n\n\n\n    for(int x=0;x<m;x++){\n\n      for(int i=0;i<m;i++){\n\n\tfor(int j=0;j<m;j++){\n\n\t  t[i][j] = (t[i][j]<t[i][x] + t[x][j])?t[i][j]:(t[i][x] + t[x][j]);\n\n\t  c[i][j] = (c[i][j]<c[i][x] + c[x][j])?c[i][j]:(c[i][x] + c[x][j]);\n\n\t}\n\n      }\n\n    }\n\n\n\n    scanf("%d",&k);\n\n    for(int i=0;i<k;i++){\n\n      scanf("%d%d%d",&p,&q,&r);\n\n      if(r)printf("%d\\n",t[p-1][q-1]);\n\n      else printf("%d\\n",c[p-1][q-1]);\n\n    }\n\n  }\n\n}') | LineLLMMutation(('source.cpp', 16), '#include <cstdio>\n\nusing namespace std;\n\n\n\nint main(){\n\n  int n,m,a,b,cost,time,k,p,q,r;\n\n  int t[100][100],c[100][100];\n\n\n\n  for(;;){\n\n    scanf("%d%d",&n,&m);\n\n    if(!n && !m)break;\n\n    for(int i=0;i<m*m;i++){\n\n      int x=i/m;\n\n      int y=i%m;\n\n      if(x==y){\n\n\tt[x][y] = 0;\n\n\tc[x][y] = 0;\n\n      }else{\n\n\tt[x][y] = 1000000;\n\n\tc[x][y] = 1000000;\n\n      }\n\n    }\n\n\n\n    for(int i=0;i<n;i++){\n\n      scanf("%d%d%d%d",&a,&b,&cost,&time);\n\n      t[a-1][b-1] = time;\n\n      t[b-1][a-1] = time;\n\n      c[a-1][b-1] = cost;\n\n      c[b-1][a-1] = cost;\n\n    }\n\n\n\n    for(int x=0;x<m;x++){\n\n      for(int i=0;i<m;i++){\n\n\tfor(int j=0;j<m;j++){\n\n\t  t[i][j] = (t[i][j]<t[i][x] + t[x][j])?t[i][j]:(t[i][x] + t[x][j]);\n\n\t  c[i][j] = (c[i][j]<c[i][x] + c[x][j])?c[i][j]:(c[i][x] + c[x][j]);\n\n\t}\n\n      }\n\n    }\n\n\n\n    scanf("%d",&k);\n\n    for(int i=0;i<k;i++){\n\n      scanf("%d%d%d",&p,&q,&r);\n\n      if(r)printf("%d\\n",t[p-1][q-1]);\n\n      else printf("%d\\n",c[p-1][q-1]);\n\n    }\n\n  }\n\n}')"
2025-01-27 02:06:25,278	[INFO]	Step: 34
2025-01-27 02:06:25,278	[INFO]	Stop Steps: 50
2025-01-27 02:06:25,819	[DEBUG]	EXEC>  SUCCESS 1280329.0625
2025-01-27 02:06:25,819	[INFO]	3-5     SUCCESS               1280329.06 (39.55%) [1 edit(s)]  
2025-01-27 02:06:25,820	[DEBUG]	patch(3-5)="LineLLMCrossover(('source.cpp', 8), '#include<cstdio>\n\n#include<algorithm>\n\nusing namespace std;\n\nint n,m,a,b,cost,time,k,p,q,r;\n\nint t[100][100],c[100][100];\n\n\n\nint main(){\n\n  for(;;){\n\n    scanf("%d%d",&n,&m);\n\n    if(!n && !m)break;\n\n\n\n    for(int i=0;i<m;i++){\n\n      for(int j=0;j<m;j++){\n\n\tif(i==j){\n\n\t  t[i][j] = 0;\n\n\t  c[i][j] = 0;\n\n\t}else{\n\n\t  t[i][j] = 1000000;\n\n\t  c[i][j] = 1000000;\n\n\t}\n\n      }\n\n    }\n\n\n\n    for(int i=0;i<n;i++){\n\n      scanf("%d%d%d%d",&a,&b,&cost,&time);\n\n      t[a-1][b-1] = time;\n\n      t[b-1][a-1] = time;\n\n      c[a-1][b-1] = cost;\n\n      c[b-1][a-1] = cost;\n\n    }\n\n\n\n    for(int x=0;x<m;x++){\n\n      for(int i=0;i<m;i++){\n\n\tt[i][x] = min(t[i][x],t[i][x] + t[x][x]);\n\n\tt[x][i] = min(t[x][i],t[x][x] + t[x][i]);\n\n\tfor(int j=0;j<m;j++){\n\n\t  t[i][j] = min(t[i][j],t[i][x] + t[x][j]);\n\n\t  c[i][j] = min(c[i][j],c[i][x] + c[x][j]);\n\n\t}\n\n      }\n\n    }\n\n\n\n    scanf("%d",&k);\n\n    for(int i=0;i<k;i++){\n\n      scanf("%d%d%d",&p,&q,&r);\n\n      if(r)printf("%d\\n",t[p-1][q-1]);\n\n      else printf("%d\\n",c[p-1][q-1]);\n\n    }\n\n  }\n\n}')"
2025-01-27 02:06:25,820	[INFO]	Step: 35
2025-01-27 02:06:25,820	[INFO]	Stop Steps: 50
2025-01-27 02:06:26,297	[DEBUG]	EXEC>  SUCCESS 1342751.5
2025-01-27 02:06:26,297	[INFO]	3-6     SUCCESS               1342751.50 (41.48%) [1 edit(s)]  
2025-01-27 02:06:26,297	[DEBUG]	patch(3-6)="LineLLMCrossover(('source.cpp', 9), '#include <cstdio>\n\nusing namespace std;\n\n\n\nint main(){\n\n  int n,m,a,b,cost,time,k,p,q,r;\n\n  int t[100][100],c[100][100];\n\n\n\n  for(;;){\n\n    scanf("%d%d",&n,&m);\n\n    if(!n && !m)break;\n\n\n\n    for(int i=0;i<m*m;i++){\n\n      int x=i/m;\n\n      int y=i%m;\n\n      if(x==y){\n\n\tt[x][y] = 0;\n\n\tc[x][y] = 0;\n\n      }else{\n\n\tt[x][y] = 1000000;\n\n\tc[x][y] = 1000000;\n\n      }\n\n    }\n\n\n\n    for(int i=0;i<n;i++){\n\n      scanf("%d%d%d%d",&a,&b,&cost,&time);\n\n      t[a-1][b-1] = time;\n\n      t[b-1][a-1] = time;\n\n      c[a-1][b-1] = cost;\n\n      c[b-1][a-1] = cost;\n\n    }\n\n\n\n    for(int x=0;x<m;x++){\n\n      for(int i=0;i<m;i++){\n\n\tfor(int j=0;j<m;j++){\n\n\t  t[i][j] = (t[i][j]<t[i][x] + t[x][j])?t[i][j]:(t[i][x] + t[x][j]);\n\n\t  c[i][j] = (c[i][j]<c[i][x] + c[x][j])?c[i][j]:(c[i][x] + c[x][j]);\n\n\t}\n\n      }\n\n    }\n\n\n\n    scanf("%d",&k);\n\n    for(int i=0;i<k;i++){\n\n      scanf("%d%d%d",&p,&q,&r);\n\n      if(r)printf("%d\\n",t[p-1][q-1]);\n\n      else printf("%d\\n",c[p-1][q-1]);\n\n    }\n\n  }\n\n}')"
2025-01-27 02:06:26,297	[INFO]	Step: 36
2025-01-27 02:06:26,297	[INFO]	Stop Steps: 50
2025-01-27 02:06:26,395	[INFO]	3-7     COMPILE_CODE_ERROR    None (--) [1 edit(s)]  
2025-01-27 02:06:26,395	[DEBUG]	patch(3-7)="LineLLMCrossover(('source.cpp', 10), '#include<cstdio>\n\nusing namespace std;\n\nint n,m,a,b,cost,time,k,p,q,r;\n\nint t[100][100],c[100][100];\n\n\n\nint main(){\n\n  for(;;){\n\n    scanf("%d%d",&n,&m);\n\n    if(!n && !m)break;\n\n\n\n    for(int i=0;i<m*m;i++){\n\n      int x=i/m;\n\n      int y=i%m;\n\n      if(x==y){\n\n\tt[x][y] = 0;\n\n\tc[x][y] = 0;\n\n      }else{\n\n\tt[x][y] = 1000000;\n\n\tc[x][y] = 1000000;\n\n      }\n\n    }\n\n\n\n    for(int i=0;i<n;i++){\n\n      scanf("%d%d%d%d",&a,&b,&cost,&time);\n\n      t[a-1][b-1] = time;\n\n      t[b-1][a-1] = time;\n\n      c[a-1][b-1] = cost;\n\n      c[b-1][a-1] = cost;\n\n    }\n\n\n\n    for(int x=0;x<m;x++){\n\n      for(int i=0;i<m;i++){\n\n\tt[i][x] = min(t[i][x],t[i][x] + t[x][x]);\n\n\tt[x][i] = min(t[x][i],t[x][x] + t[x][i]);\n\n\tfor(int j=0;j<m;j++){\n\n\t  t[i][j] = min(t[i][j],t[i][x] + t[x][j]);\n\n\t  c[i][j] = min(c[i][j],c[i][x] + c[x][j]);\n\n\t}\n\n      }\n\n    }\n\n\n\n    scanf("%d",&k);\n\n    for(int i=0;i<k;i++){\n\n      scanf("%d%d%d",&p,&q,&r);\n\n      if(r)printf("%d\\n",t[p-1][q-1]);\n\n      else printf("%d\\n",c[p-1][q-1]);\n\n    }\n\n  }\n\n}')"
2025-01-27 02:06:26,395	[INFO]	Step: 37
2025-01-27 02:06:26,395	[INFO]	Stop Steps: 50
2025-01-27 02:06:26,854	[DEBUG]	EXEC>  SUCCESS 1263568.0625
2025-01-27 02:06:26,855	[INFO]	3-8     SUCCESS              *1263568.06 (39.04%) [1 edit(s)]  
2025-01-27 02:06:26,855	[DEBUG]	patch(3-8)="LineLLMCrossover(('source.cpp', 11), '#include <cstdio>\n\nusing namespace std;\n\nint n,m,a,b,cost,time,k,p,q,r;\n\nint t[100][100],c[100][100];\n\n\n\nint main(){\n\n  for(;;){\n\n    scanf("%d%d",&n,&m);\n\n    if(!n && !m)break;\n\n\n\n    for(int i=0;i<m;i++){\n\n      for(int j=0;j<m;j++){\n\n\tif(i==j){\n\n\t  t[i][j] = 0;\n\n\t  c[i][j] = 0;\n\n\t}else{\n\n\t  t[i][j] = 1000000;\n\n\t  c[i][j] = 1000000;\n\n\t}\n\n      }\n\n    }\n\n\n\n    for(int i=0;i<n;i++){\n\n      scanf("%d%d%d%d",&a,&b,&cost,&time);\n\n      t[a-1][b-1] = time;\n\n      t[b-1][a-1] = time;\n\n      c[a-1][b-1] = cost;\n\n      c[b-1][a-1] = cost;\n\n    }\n\n\n\n    for(int x=0;x<m;x++){\n\n      for(int i=0;i<m;i++){\n\n\tfor(int j=0;j<m;j++){\n\n\t  t[i][j] = (t[i][j]<t[i][x] + t[x][j])?t[i][j]:(t[i][x] + t[x][j]);\n\n\t  c[i][j] = (c[i][j]<c[i][x] + c[x][j])?c[i][j]:(c[i][x] + c[x][j]);\n\n\t}\n\n      }\n\n    }\n\n\n\n    scanf("%d",&k);\n\n    for(int i=0;i<k;i++){\n\n      scanf("%d%d%d",&p,&q,&r);\n\n      if(r)printf("%d\\n",t[p-1][q-1]);\n\n      else printf("%d\\n",c[p-1][q-1]);\n\n    }\n\n  }\n\n}')"

2025-01-27 02:06:26,855	[INFO]	Step: 38
2025-01-27 02:06:26,855	[INFO]	Stop Steps: 50
2025-01-27 02:06:27,331	[DEBUG]	EXEC>  SUCCESS 1274571.3125
2025-01-27 02:06:27,331	[INFO]	3-9     SUCCESS               1274571.31 (39.38%) [2 edit(s)]  
2025-01-27 02:06:27,331	[DEBUG]	patch(3-9)="LineLLMCrossover(('source.cpp', 5), '#include <cstdio>\n\nusing namespace std;\n\nint n,m,a,b,cost,time,k,p,q,r;\n\nint t[100][100],c[100][100];\n\nint main(){\n\n  for(;;){\n\n    scanf("%d%d",&n,&m);\n\n    if(!n && !m)break;\n\n\n\n    for(int i=0;i<m;i++){\n\n      for(int j=0;j<m;j++){\n\n\tif(i==j){\n\n\t  t[i][j] = 0;\n\n\t  c[i][j] = 0;\n\n\t}else{\n\n\t  t[i][j] = 1000000;\n\n\t  c[i][j] = 1000000;\n\n\t}\n\n      }\n\n    }\n\n\n\n    for(int i=0;i<n;i++){\n\n      scanf("%d%d%d%d",&a,&b,&cost,&time);\n\n      t[a-1][b-1] = time;\n\n      t[b-1][a-1] = time;\n\n      c[a-1][b-1] = cost;\n\n      c[b-1][a-1] = cost;\n\n    }\n\n\n\n    for(int x=0;x<m;x++){\n\n      for(int i=0;i<m;i++){\n\n\tfor(int j=0;j<m;j++){\n\n\t  t[i][j] = (t[i][j]<t[i][x] + t[x][j])?t[i][j]:(t[i][x] + t[x][j]);\n\n\t  c[i][j] = (c[i][j]<c[i][x] + c[x][j])?c[i][j]:(c[i][x] + c[x][j]);\n\n\t}\n\n      }\n\n    }\n\n\n\n    scanf("%d",&k);\n\n    for(int i=0;i<k;i++){\n\n      scanf("%d%d%d",&p,&q,&r);\n\n      if(r)printf("%d\\n",t[p-1][q-1]);\n\n      else printf("%d\\n",c[p-1][q-1]);\n\n    }\n\n  }\n\n}') | LineLLMMutation(('source.cpp', 20), '#include <cstdio>\n\nusing namespace std;\n\nint n,m,a,b,cost,time,k,p,q,r;\n\nint t[100][100],c[100][100];\n\nint main(){\n\n  for(;;){\n\n    scanf("%d%d",&n,&m);\n\n    if(!n && !m)break;\n\n\n\n    for(int i=0;i<m;i++){\n\n      for(int j=0;j<m;j++){\n\n\tif(i==j){\n\n\t  t[i][j] = 0;\n\n\t  c[i][j] = 0;\n\n\t}else{\n\n\t  t[i][j] = 1000000;\n\n\t  c[i][j] = 1000000;\n\n\t}\n\n      }\n\n    }\n\n\n\n    for(int i=0;i<n;i++){\n\n      scanf("%d%d%d%d",&a,&b,&cost,&time);\n\n      t[a-1][b-1] = time;\n\n      t[b-1][a-1] = time;\n\n      c[a-1][b-1] = cost;\n\n      c[b-1][a-1] = cost;\n\n    }\n\n\n\n    for(int x=0;x<m;x++){\n\n      for(int i=0;i<m;i++){\n\n\tfor(int j=0;j<m;j++){\n\n\t  t[i][j] = (t[i][j]<t[i][x] + t[x][j])?t[i][j]:(t[i][x] + t[x][j]);\n\n\t  c[i][j] = (c[i][j]<c[i][x] + c[x][j])?c[i][j]:(c[i][x] + c[x][j]);\n\n\t}\n\n      }\n\n    }\n\n\n\n    scanf("%d",&k);\n\n    for(int i=0;i<k;i++){\n\n      scanf("%d%d%d",&p,&q,&r);\n\n      if(r)printf("%d\\n",t[p-1][q-1]);\n\n      else printf("%d\\n",c[p-1][q-1]);\n\n    }\n\n  }\n\n}')"
2025-01-27 02:06:27,332	[INFO]	Step: 39
2025-01-27 02:06:27,332	[INFO]	Stop Steps: 50
2025-01-27 02:06:27,821	[DEBUG]	EXEC>  SUCCESS 1348623.1875
2025-01-27 02:06:27,821	[INFO]	3-10    SUCCESS               1348623.19 (41.66%) [3 edit(s)]  
2025-01-27 02:06:27,821	[DEBUG]	patch(3-10)="LineLLMMutation(('source.cpp', 14), '#include <cstdio>\n\nusing namespace std;\n\n\n\nint main(){\n\n  int n,m,a,b,cost,time,k,p,q,r;\n\n  int t[100][100],c[100][100];\n\n\n\n  for(;;){\n\n    scanf("%d%d",&n,&m);\n\n    if(!n && !m)break;\n\n\n\n    for(int i=0;i<m;i++){\n\n      for(int j=0;j<m;j++){\n\n\tif(i==j){\n\n\t  t[i][j] = 0;\n\n\t  c[i][j] = 0;\n\n\t}else{\n\n\t  t[i][j] = 1000000;\n\n\t  c[i][j] = 1000000;\n\n\t}\n\n      }\n\n    }\n\n\n\n    for(int i=0;i<n;i++){\n\n      scanf("%d%d%d%d",&a,&b,&cost,&time);\n\n      t[a-1][b-1] = time;\n\n      t[b-1][a-1] = time;\n\n      c[a-1][b-1] = cost;\n\n      c[b-1][a-1] = cost;\n\n    }\n\n\n\n    for(int x=0;x<m;x++){\n\n      for(int i=0;i<m;i++){\n\n\tfor(int j=0;j<m;j++){\n\n\t  t[i][j] = (t[i][j]<t[i][x] + t[x][j])?t[i][j]:(t[i][x] + t[x][j]);\n\n\t  c[i][j] = (c[i][j]<c[i][x] + c[x][j])?c[i][j]:(c[i][x] + c[x][j]);\n\n\t}\n\n      }\n\n    }\n\n\n\n    scanf("%d",&k);\n\n    for(int i=0;i<k;i++){\n\n      scanf("%d%d%d",&p,&q,&r);\n\n      if(r)printf("%d\\n",t[p-1][q-1]);\n\n      else printf("%d\\n",c[p-1][q-1]);\n\n    }\n\n  }\n\n}') | LineLLMMutation(('source.cpp', 16), '#include <cstdio>\n\nusing namespace std;\n\n\n\nint main(){\n\n  int n,m,a,b,cost,time,k,p,q,r;\n\n  int t[100][100],c[100][100];\n\n\n\n  for(;;){\n\n    scanf("%d%d",&n,&m);\n\n    if(!n && !m)break;\n\n    for(int i=0;i<m*m;i++){\n\n      int x=i/m;\n\n      int y=i%m;\n\n      if(x==y){\n\n\tt[x][y] = 0;\n\n\tc[x][y] = 0;\n\n      }else{\n\n\tt[x][y] = 1000000;\n\n\tc[x][y] = 1000000;\n\n      }\n\n    }\n\n\n\n    for(int i=0;i<n;i++){\n\n      scanf("%d%d%d%d",&a,&b,&cost,&time);\n\n      t[a-1][b-1] = time;\n\n      t[b-1][a-1] = time;\n\n      c[a-1][b-1] = cost;\n\n      c[b-1][a-1] = cost;\n\n    }\n\n\n\n    for(int x=0;x<m;x++){\n\n      for(int i=0;i<m;i++){\n\n\tfor(int j=0;j<m;j++){\n\n\t  t[i][j] = (t[i][j]<t[i][x] + t[x][j])?t[i][j]:(t[i][x] + t[x][j]);\n\n\t  c[i][j] = (c[i][j]<c[i][x] + c[x][j])?c[i][j]:(c[i][x] + c[x][j]);\n\n\t}\n\n      }\n\n    }\n\n\n\n    scanf("%d",&k);\n\n    for(int i=0;i<k;i++){\n\n      scanf("%d%d%d",&p,&q,&r);\n\n      if(r)printf("%d\\n",t[p-1][q-1]);\n\n      else printf("%d\\n",c[p-1][q-1]);\n\n    }\n\n  }\n\n}') | LineLLMMutation(('source.cpp', 21), '#include <cstdio>\n\nusing namespace std;\n\n\n\nint main(){\n\n  int n,m,a,b,cost,time,k,p,q,r;\n\n  int t[100][100],c[100][100];\n\n\n\n  for(;;){\n\n    scanf("%d%d",&n,&m);\n\n    if(!n && !m)break;\n\n\n\n    // Optimized initialization of matrices\n\n    for(int i=0;i<m;i++){\n\n      for(int j=0;j<m;j++){\n\n\tt[i][j] = (i==j) ? 0 : 1000000;\n\n\tc[i][j] = (i==j) ? 0 : 1000000;\n\n      }\n\n    }\n\n\n\n    for(int i=0;i<n;i++){\n\n      scanf("%d%d%d%d",&a,&b,&cost,&time);\n\n      t[a-1][b-1] = time;\n\n      t[b-1][a-1] = time;\n\n      c[a-1][b-1] = cost;\n\n      c[b-1][a-1] = cost;\n\n    }\n\n\n\n    for(int x=0;x<m;x++){\n\n      for(int i=0;i<m;i++){\n\n\tfor(int j=0;j<m;j++){\n\n\t  t[i][j] = (t[i][j]<t[i][x] + t[x][j])?t[i][j]:(t[i][x] + t[x][j]);\n\n\t  c[i][j] = (c[i][j]<c[i][x] + c[x][j])?c[i][j]:(c[i][x] + c[x][j]);\n\n\t}\n\n      }\n\n    }\n\n\n\n    scanf("%d",&k);\n\n    for(int i=0;i<k;i++){\n\n      scanf("%d%d%d",&p,&q,&r);\n\n      if(r)printf("%d\\n",t[p-1][q-1]);\n\n      else printf("%d\\n",c[p-1][q-1]);\n\n    }\n\n  }\n\n}')"
2025-01-27 02:06:27,821	[INFO]	Step: 40
2025-01-27 02:06:27,821	[INFO]	Stop Steps: 50
2025-01-27 02:06:28,109	[INFO]	3-1     TEST_CODE_ERROR       None (--) [3 edit(s)]  
2025-01-27 02:06:28,109	[DEBUG]	patch(3-1)="LineLLMMutation(('source.cpp', 1), '#include<iostream>\n\n#include<algorithm>\n\nusing namespace std;\n\n\n\nint main(){\n\n  int n,m,a,b,cost,time,k,p,q,r;\n\n  int t[100][100],c[100][100];\n\n\n\n  for(;;){\n\n    cin >> n >> m;\n\n    if(!n && !m)break;\n\n\n\n    for(int i=0;i<m;i++){\n\n      for(int j=0;j<m;j++){\n\n\tif(i==j){\n\n\t  t[i][j] = 0;\n\n\t  c[i][j] = 0;\n\n\t}else{\n\n\t  t[i][j] = 1000000;\n\n\t  c[i][j] = 1000000;\n\n\t}\n\n      }\n\n    }\n\n\n\n    for(int i=0;i<n;i++){\n\n      cin >> a >> b >> cost >> time;\n\n      t[a-1][b-1] = time;\n\n      t[b-1][a-1] = time;\n\n      c[a-1][b-1] = cost;\n\n      c[b-1][a-1] = cost;\n\n    }\n\n\n\n    for(int x=0;x<m;x++){\n\n      for(int i=0;i<m;i++){\n\n\tt[i][x] = min(t[i][x],t[i][x] + t[x][x]);\n\n\tt[x][i] = min(t[x][i],t[x][x] + t[x][i]);\n\n\tfor(int j=0;j<m;j++){\n\n\t  t[i][j] = min(t[i][j],t[i][x] + t[x][j]);\n\n\t  c[i][j] = min(c[i][j],c[i][x] + c[x][j]);\n\n\t}\n\n      }\n\n    }\n\n\n\n    cin >> k;\n\n    for(int i=0;i<k;i++){\n\n      cin >> p >> q >> r;\n\n      if(r)cout << t[p-1][q-1] << endl;\n\n      else cout << c[p-1][q-1] << endl;\n\n    }\n\n  }\n\n}') | LineLLMMutation(('source.cpp', 10), '#include<cstdio>\n\n#include<algorithm>\n\nusing namespace std;\n\n\n\nint main(){\n\n  int n,m,a,b,cost,time,k,p,q,r;\n\n  int t[100][100],c[100][100];\n\n\n\n  for(;;){\n\n    scanf("%d%d",&n,&m);\n\n    if(!n && !m)break;\n\n\n\n    for(int i=0;i<m;i++){\n\n      for(int j=0;j<m;j++){\n\n\tif(i==j){\n\n\t  t[i][j] = 0;\n\n\t  c[i][j] = 0;\n\n\t}else{\n\n\t  t[i][j] = 1000000;\n\n\t  c[i][j] = 1000000;\n\n\t}\n\n      }\n\n    }\n\n\n\n    for(int i=0;i<n;i++){\n\n      scanf("%d%d%d%d",&a,&b,&cost,&time);\n\n      t[a-1][b-1] = time;\n\n      t[b-1][a-1] = time;\n\n      c[a-1][b-1] = cost;\n\n      c[b-1][a-1] = cost;\n\n    }\n\n\n\n    for(int x=0;x<m;x++){\n\n      for(int i=0;i<m;i++){\n\n\tt[i][x] = min(t[i][x],t[i][x] + t[x][x]);\n\n\tt[x][i] = min(t[x][i],t[x][x] + t[x][i]);\n\n\tfor(int j=0;j<m;j++){\n\n\t  t[i][j] = min(t[i][j],t[i][x] + t[x][j]);\n\n\t  c[i][j] = min(c[i][j],c[i][x] + c[x][j]);\n\n\t}\n\n      }\n\n    }\n\n\n\n    scanf("%d",&k);\n\n    for(int i=0;i<k;i++){\n\n      scanf("%d%d%d",&p,&q,&r);\n\n      if(r)printf("%d\\n",t[p-1][q-1]);\n\n      else printf("%d\\n",c[p-1][q-1]);\n\n    }\n\n  }\n\n}') | LineLLMMutation(('source.cpp', 22), '#include<cstdio>\n\n#include<algorithm>\n\nusing namespace std;\n\n\n\nint main(){\n\n  int n,m,a,b,cost,time,k,p,q,r;\n\n  int t[100][100],c[100][100];\n\n\n\n  for(;;){\n\n    scanf("%d%d",&n,&m);\n\n    if(!n && !m)break;\n\n\n\n    for(int i=0;i<m;i++){\n\n      for(int j=0;j<m;j++){\n\n\tif(i==j){\n\n\t  t[i][j] = 0;\n\n\t  c[i][j] = 0;\n\n\t}else{\n\n\t  t[i][j] = 1000000;\n\n\t  c[i][j] = 1000000;\n\n\t}\n\n      }\n\n    }\n\n\n\n    for(int i=0;i<n;i++){\n\n      scanf("%d%d%d%d",&a,&b,&cost,&time);\n\n      t[a-1][b-1] = time;\n\n      t[b-1][a-1] = time;\n\n      c[a-1][b-1] = cost;\n\n      c[b-1][a-1] = cost;\n\n    }\n\n\n\n    for(int x=0;x<m;x++){\n\n      for(int i=0;i<m;i++){\n\n\tfor(int j=0;j<m;j++){\n\n\t  if(t[i][x] + t[x][j] < t[i][j]){\n\n\t    t[i][j] = t[i][x] + t[x][j];\n\n\t    c[i][j] = c[i][x] + c[x][j];\n\n\t  }else if(t[i][x] + t[x][j] == t[i][j] && c[i][x] + c[x][j] < c[i][j]){\n\n\t    c[i][j] = c[i][x] + c[x][j];\n\n\t  }\n\n\t}\n\n      }\n\n    }\n\n\n\n    scanf("%d",&k);\n\n    for(int i=0;i<k;i++){\n\n      scanf("%d%d%d",&p,&q,&r);\n\n      if(r)printf("%d\\n",t[p-1][q-1]);\n\n      else printf("%d\\n",c[p-1][q-1]);\n\n    }\n\n  }\n\n}')"
2025-01-27 02:06:28,110	[INFO]	Step: 41
2025-01-27 02:06:28,110	[INFO]	Stop Steps: 50
2025-01-27 02:06:28,646	[DEBUG]	EXEC>  SUCCESS 1337845.75
2025-01-27 02:06:28,647	[INFO]	3-2     SUCCESS               1337845.75 (41.33%) [2 edit(s)]  
2025-01-27 02:06:28,647	[DEBUG]	patch(3-2)="LineLLMCrossover(('source.cpp', 4), '#include<cstdio>\n\n#include<algorithm>\n\nusing namespace std;\n\nint main(){\n\n  int n,m,a,b,cost,time,k,p,q,r;\n\n  int t[100][100],c[100][100];\n\n\n\n  for(;;){\n\n    scanf("%d%d",&n,&m);\n\n    if(!n && !m)break;\n\n\n\n    for(int i=0;i<m;i++){\n\n      for(int j=0;j<m;j++){\n\n\tif(i==j){\n\n\t  t[i][j] = 0;\n\n\t  c[i][j] = 0;\n\n\t}else{\n\n\t  t[i][j] = 1000000;\n\n\t  c[i][j] = 1000000;\n\n\t}\n\n      }\n\n    }\n\n\n\n    for(int i=0;i<n;i++){\n\n      scanf("%d%d%d%d",&a,&b,&cost,&time);\n\n      t[a-1][b-1] = time;\n\n      t[b-1][a-1] = time;\n\n      c[a-1][b-1] = cost;\n\n      c[b-1][a-1] = cost;\n\n    }\n\n\n\n    for(int x=0;x<m;x++){\n\n      for(int i=0;i<m;i++){\n\n\tt[i][x] = min(t[i][x],t[i][x] + t[x][x]);\n\n\tt[x][i] = min(t[x][i],t[x][x] + t[x][i]);\n\n\tfor(int j=0;j<m;j++){\n\n\t  t[i][j] = min(t[i][j],t[i][x] + t[x][j]);\n\n\t  c[i][j] = min(c[i][j],c[i][x] + c[x][j]);\n\n\t}\n\n      }\n\n    }\n\n\n\n    scanf("%d",&k);\n\n    for(int i=0;i<k;i++){\n\n      scanf("%d%d%d",&p,&q,&r);\n\n      if(r)printf("%d\\n",t[p-1][q-1]);\n\n      else printf("%d\\n",c[p-1][q-1]);\n\n    }\n\n  }\n\n}') | LineLLMMutation(('source.cpp', 23), '#include<cstdio>\n\n#include<algorithm>\n\n#include<cstring>\n\nusing namespace std;\n\nint main(){\n\n  int n,m,a,b,cost,time,k,p,q,r;\n\n  int t[100][100],c[100][100];\n\n\n\n  for(;;){\n\n    scanf("%d%d",&n,&m);\n\n    if(!n && !m)break;\n\n\n\n    memset(t,0x3f,sizeof(t));\n\n    memset(c,0x3f,sizeof(c));\n\n\n\n    for(int i=0;i<m;i++){\n\n      t[i][i] = 0;\n\n      c[i][i] = 0;\n\n    }\n\n\n\n    for(int i=0;i<n;i++){\n\n      scanf("%d%d%d%d",&a,&b,&cost,&time);\n\n      t[a-1][b-1] = time;\n\n      t[b-1][a-1] = time;\n\n      c[a-1][b-1] = cost;\n\n      c[b-1][a-1] = cost;\n\n    }\n\n\n\n    for(int x=0;x<m;x++){\n\n      for(int i=0;i<m;i++){\n\n\tt[i][x] = min(t[i][x],t[i][x] + t[x][x]);\n\n\tt[x][i] = min(t[x][i],t[x][x] + t[x][i]);\n\n\tfor(int j=0;j<m;j++){\n\n\t  t[i][j] = min(t[i][j],t[i][x] + t[x][j]);\n\n\t  c[i][j] = min(c[i][j],c[i][x] + c[x][j]);\n\n\t}\n\n      }\n\n    }\n\n\n\n    scanf("%d",&k);\n\n    for(int i=0;i<k;i++){\n\n      scanf("%d%d%d",&p,&q,&r);\n\n      if(r)printf("%d\\n",t[p-1][q-1]);\n\n      else printf("%d\\n",c[p-1][q-1]);\n\n    }\n\n  }\n\n}')"
2025-01-27 02:06:28,647	[INFO]	Step: 42
2025-01-27 02:06:28,647	[INFO]	Stop Steps: 50
2025-01-27 02:06:29,539	[DEBUG]	EXEC>  SUCCESS 3172405.6875
2025-01-27 02:06:29,540	[INFO]	3-3     SUCCESS               3172405.69 (98.01%) [1 edit(s)]  
2025-01-27 02:06:29,540	[DEBUG]	patch(3-3)="LineLLMMutation(('source.cpp', 24), '#include<iostream>\n#include<algorithm>\n#include<vector>\nusing namespace std;\n\n\n\nint main(){\n\n  int n,m,a,b,cost,time,k,p,q,r;\n\n  vector<vector<int>> t,c;\n\n\n\n  for(;;){\n\n    cin >> n >> m;\n\n    if(!n && !m)break;\n\n\n\n    t.assign(m,vector<int>(m,1000000));\n\n    c.assign(m,vector<int>(m,1000000));\n\n    for(int i=0;i<m;i++){\n\n      t[i][i] = 0;\n\n      c[i][i] = 0;\n\n    }\n\n\n\n    for(int i=0;i<n;i++){\n\n      cin >> a >> b >> cost >> time;\n\n      t[a-1][b-1] = time;\n\n      t[b-1][a-1] = time;\n\n      c[a-1][b-1] = cost;\n\n      c[b-1][a-1] = cost;\n\n    }\n\n\n\n    for(int x=0;x<m;x++){\n\n      for(int i=0;i<m;i++){\n\n\tfor(int j=0;j<m;j++){\n\n\t  t[i][j] = min(t[i][j],t[i][x] + t[x][j]);\n\n\t  c[i][j] = min(c[i][j],c[i][x] + c[x][j]);\n\n\t}\n\n      }\n\n    }\n\n\n\n    cin >> k;\n\n    for(int i=0;i<k;i++){\n\n      cin >> p >> q >> r;\n\n      if(r)cout << t[p-1][q-1] << endl;\n\n      else cout << c[p-1][q-1] << endl;\n\n    }\n\n  }\n\n}')"
2025-01-27 02:06:29,540	[INFO]	Step: 43
2025-01-27 02:06:29,540	[INFO]	Stop Steps: 50
2025-01-27 02:06:31,313	[DEBUG]	EXEC>  SUCCESS 3276271.5625
2025-01-27 02:06:31,313	[INFO]	REF     SUCCESS               3276271.56 (--) [0 edit(s)]  
2025-01-27 02:06:31,313	[INFO]	Best patch: 11
2025-01-27 02:06:31,782	[DEBUG]	EXEC>  SUCCESS 1283550.9375
2025-01-27 02:06:31,782	[INFO]	BEST    SUCCESS              *1283550.94 (39.18%) [0 edit(s)]  
2025-01-27 02:06:31,783	[INFO]	Best patch step: 37
2025-01-27 02:07:17,295	[INFO]	Step: 43
2025-01-27 02:07:17,295	[INFO]	Stop Steps: 50
2025-01-27 02:07:17,878	[DEBUG]	EXEC>  SUCCESS 1268622.0
2025-01-27 02:07:17,878	[INFO]	4-4     SUCCESS              *1268622.00 (38.72%) [1 edit(s)]  
2025-01-27 02:07:17,878	[DEBUG]	patch(4-4)="LineLLMCrossover(('source.cpp', 11), '#include <cstdio>\n\nusing namespace std;\n\nint n,m,a,b,cost,time,k,p,q,r;\n\nint t[100][100],c[100][100];\n\n\n\nint main(){\n\n  for(;;){\n\n    scanf("%d%d",&n,&m);\n\n    if(!n && !m)break;\n\n\n\n    for(int i=0;i<m;i++){\n\n      for(int j=0;j<m;j++){\n\n\tif(i==j){\n\n\t  t[i][j] = 0;\n\n\t  c[i][j] = 0;\n\n\t}else{\n\n\t  t[i][j] = 1000000;\n\n\t  c[i][j] = 1000000;\n\n\t}\n\n      }\n\n    }\n\n\n\n    for(int i=0;i<n;i++){\n\n      scanf("%d%d%d%d",&a,&b,&cost,&time);\n\n      t[a-1][b-1] = time;\n\n      t[b-1][a-1] = time;\n\n      c[a-1][b-1] = cost;\n\n      c[b-1][a-1] = cost;\n\n    }\n\n\n\n    for(int x=0;x<m;x++){\n\n      for(int i=0;i<m;i++){\n\n\tfor(int j=0;j<m;j++){\n\n\t  t[i][j] = (t[i][j]<t[i][x] + t[x][j])?t[i][j]:(t[i][x] + t[x][j]);\n\n\t  c[i][j] = (c[i][j]<c[i][x] + c[x][j])?c[i][j]:(c[i][x] + c[x][j]);\n\n\t}\n\n      }\n\n    }\n\n\n\n    scanf("%d",&k);\n\n    for(int i=0;i<k;i++){\n\n      scanf("%d%d%d",&p,&q,&r);\n\n      if(r)printf("%d\\n",t[p-1][q-1]);\n\n      else printf("%d\\n",c[p-1][q-1]);\n\n    }\n\n  }\n\n}')"

2025-01-27 02:07:17,878	[INFO]	Step: 44
2025-01-27 02:07:17,879	[INFO]	Stop Steps: 50
2025-01-27 02:07:18,368	[DEBUG]	EXEC>  SUCCESS 1278439.0
2025-01-27 02:07:18,368	[INFO]	4-5     SUCCESS               1278439.00 (39.02%) [1 edit(s)]  
2025-01-27 02:07:18,368	[DEBUG]	patch(4-5)="LineLLMCrossover(('source.cpp', 5), '#include <cstdio>\n\nusing namespace std;\n\nint n,m,a,b,cost,time,k,p,q,r;\n\nint t[100][100],c[100][100];\n\nint main(){\n\n  for(;;){\n\n    scanf("%d%d",&n,&m);\n\n    if(!n && !m)break;\n\n\n\n    for(int i=0;i<m;i++){\n\n      for(int j=0;j<m;j++){\n\n\tif(i==j){\n\n\t  t[i][j] = 0;\n\n\t  c[i][j] = 0;\n\n\t}else{\n\n\t  t[i][j] = 1000000;\n\n\t  c[i][j] = 1000000;\n\n\t}\n\n      }\n\n    }\n\n\n\n    for(int i=0;i<n;i++){\n\n      scanf("%d%d%d%d",&a,&b,&cost,&time);\n\n      t[a-1][b-1] = time;\n\n      t[b-1][a-1] = time;\n\n      c[a-1][b-1] = cost;\n\n      c[b-1][a-1] = cost;\n\n    }\n\n\n\n    for(int x=0;x<m;x++){\n\n      for(int i=0;i<m;i++){\n\n\tfor(int j=0;j<m;j++){\n\n\t  t[i][j] = (t[i][j]<t[i][x] + t[x][j])?t[i][j]:(t[i][x] + t[x][j]);\n\n\t  c[i][j] = (c[i][j]<c[i][x] + c[x][j])?c[i][j]:(c[i][x] + c[x][j]);\n\n\t}\n\n      }\n\n    }\n\n\n\n    scanf("%d",&k);\n\n    for(int i=0;i<k;i++){\n\n      scanf("%d%d%d",&p,&q,&r);\n\n      if(r)printf("%d\\n",t[p-1][q-1]);\n\n      else printf("%d\\n",c[p-1][q-1]);\n\n    }\n\n  }\n\n}')"
2025-01-27 02:07:18,368	[INFO]	Step: 45
2025-01-27 02:07:18,368	[INFO]	Stop Steps: 50
2025-01-27 02:07:18,909	[DEBUG]	EXEC>  SUCCESS 1280524.875
2025-01-27 02:07:18,909	[INFO]	4-6     SUCCESS               1280524.88 (39.08%) [1 edit(s)]  
2025-01-27 02:07:18,910	[DEBUG]	patch(4-6)="LineLLMCrossover(('source.cpp', 12), '#include<cstdio>\n\n#include<algorithm>\n\nusing namespace std;\n\nint n,m,a,b,cost,time,k,p,q,r;\n\nint t[100][100],c[100][100];\n\n\n\nint main(){\n\n  for(;;){\n\n    scanf("%d%d",&n,&m);\n\n    if(!n && !m)break;\n\n\n\n    for(int i=0;i<m;i++){\n\n      for(int j=0;j<m;j++){\n\n\tif(i==j){\n\n\t  t[i][j] = 0;\n\n\t  c[i][j] = 0;\n\n\t}else{\n\n\t  t[i][j] = 1000000;\n\n\t  c[i][j] = 1000000;\n\n\t}\n\n      }\n\n    }\n\n\n\n    for(int i=0;i<n;i++){\n\n      scanf("%d%d%d%d",&a,&b,&cost,&time);\n\n      t[a-1][b-1] = time;\n\n      t[b-1][a-1] = time;\n\n      c[a-1][b-1] = cost;\n\n      c[b-1][a-1] = cost;\n\n    }\n\n\n\n    for(int x=0;x<m;x++){\n\n      for(int i=0;i<m;i++){\n\n\tt[i][x] = min(t[i][x],t[i][x] + t[x][x]);\n\n\tt[x][i] = min(t[x][i],t[x][x] + t[x][i]);\n\n\tfor(int j=0;j<m;j++){\n\n\t  t[i][j] = min(t[i][j],t[i][x] + t[x][j]);\n\n\t  c[i][j] = min(c[i][j],c[i][x] + c[x][j]);\n\n\t}\n\n      }\n\n    }\n\n\n\n    scanf("%d",&k);\n\n    for(int i=0;i<k;i++){\n\n      scanf("%d%d%d",&p,&q,&r);\n\n      if(r)printf("%d\\n",t[p-1][q-1]);\n\n      else printf("%d\\n",c[p-1][q-1]);\n\n    }\n\n  }\n\n}')"
2025-01-27 02:07:18,910	[INFO]	Step: 46
2025-01-27 02:07:18,910	[INFO]	Stop Steps: 50
2025-01-27 02:07:19,384	[DEBUG]	EXEC>  SUCCESS 1276804.9375
2025-01-27 02:07:19,385	[INFO]	4-7     SUCCESS               1276804.94 (38.97%) [1 edit(s)]  
2025-01-27 02:07:19,385	[DEBUG]	patch(4-7)="LineLLMCrossover(('source.cpp', 13), '#include <cstdio>\n\nusing namespace std;\n\nint n,m,a,b,cost,time,k,p,q,r;\n\nint t[100][100],c[100][100];\n\nint main(){\n\n  for(;;){\n\n    scanf("%d%d",&n,&m);\n\n    if(!n && !m)break;\n\n\n\n    for(int i=0;i<m;i++){\n\n      for(int j=0;j<m;j++){\n\n\tif(i==j){\n\n\t  t[i][j] = 0;\n\n\t  c[i][j] = 0;\n\n\t}else{\n\n\t  t[i][j] = 1000000;\n\n\t  c[i][j] = 1000000;\n\n\t}\n\n      }\n\n    }\n\n\n\n    for(int i=0;i<n;i++){\n\n      scanf("%d%d%d%d",&a,&b,&cost,&time);\n\n      t[a-1][b-1] = time;\n\n      t[b-1][a-1] = time;\n\n      c[a-1][b-1] = cost;\n\n      c[b-1][a-1] = cost;\n\n    }\n\n\n\n    for(int x=0;x<m;x++){\n\n      for(int i=0;i<m;i++){\n\n\tfor(int j=0;j<m;j++){\n\n\t  t[i][j] = (t[i][j]<t[i][x] + t[x][j])?t[i][j]:(t[i][x] + t[x][j]);\n\n\t  c[i][j] = (c[i][j]<c[i][x] + c[x][j])?c[i][j]:(c[i][x] + c[x][j]);\n\n\t}\n\n      }\n\n    }\n\n\n\n    scanf("%d",&k);\n\n    for(int i=0;i<k;i++){\n\n      scanf("%d%d%d",&p,&q,&r);\n\n      if(r)printf("%d\\n",t[p-1][q-1]);\n\n      else printf("%d\\n",c[p-1][q-1]);\n\n    }\n\n  }\n\n}')"
2025-01-27 02:07:19,385	[INFO]	Step: 47
2025-01-27 02:07:19,385	[INFO]	Stop Steps: 50
2025-01-27 02:07:19,927	[DEBUG]	EXEC>  SUCCESS 1269236.5
2025-01-27 02:07:19,928	[INFO]	4-8     SUCCESS               1269236.50 (38.74%) [1 edit(s)]  
2025-01-27 02:07:19,928	[DEBUG]	patch(4-8)="LineLLMCrossover(('source.cpp', 14), '#include<cstdio>\n\n#include<algorithm>\n\nusing namespace std;\n\nint n,m,a,b,cost,time,k,p,q,r;\n\nint t[100][100],c[100][100];\n\n\n\nint main(){\n\n  for(;;){\n\n    scanf("%d%d",&n,&m);\n\n    if(!n && !m)break;\n\n\n\n    for(int i=0;i<m;i++){\n\n      for(int j=0;j<m;j++){\n\n\tif(i==j){\n\n\t  t[i][j] = 0;\n\n\t  c[i][j] = 0;\n\n\t}else{\n\n\t  t[i][j] = 1000000;\n\n\t  c[i][j] = 1000000;\n\n\t}\n\n      }\n\n    }\n\n\n\n    for(int i=0;i<n;i++){\n\n      scanf("%d%d%d%d",&a,&b,&cost,&time);\n\n      t[a-1][b-1] = time;\n\n      t[b-1][a-1] = time;\n\n      c[a-1][b-1] = cost;\n\n      c[b-1][a-1] = cost;\n\n    }\n\n\n\n    for(int x=0;x<m;x++){\n\n      for(int i=0;i<m;i++){\n\n\tfor(int j=0;j<m;j++){\n\n\t  t[i][j] = (t[i][j]<t[i][x] + t[x][j])?t[i][j]:(t[i][x] + t[x][j]);\n\n\t  c[i][j] = (c[i][j]<c[i][x] + c[x][j])?c[i][j]:(c[i][x] + c[x][j]);\n\n\t}\n\n      }\n\n    }\n\n\n\n    scanf("%d",&k);\n\n    for(int i=0;i<k;i++){\n\n      scanf("%d%d%d",&p,&q,&r);\n\n      if(r)printf("%d\\n",t[p-1][q-1]);\n\n      else printf("%d\\n",c[p-1][q-1]);\n\n    }\n\n  }\n\n}')"
2025-01-27 02:07:19,928	[INFO]	Step: 48
2025-01-27 02:07:19,928	[INFO]	Stop Steps: 50
2025-01-27 02:07:20,396	[DEBUG]	EXEC>  SUCCESS 1278152.25
2025-01-27 02:07:20,396	[INFO]	4-9     SUCCESS               1278152.25 (39.01%) [1 edit(s)]  
2025-01-27 02:07:20,396	[DEBUG]	patch(4-9)="LineLLMCrossover(('source.cpp', 15), '#include <cstdio>\n\nusing namespace std;\n\nint n,m,a,b,cost,time,k,p,q,r;\n\nint t[100][100],c[100][100];\n\nint main(){\n\n  for(;;){\n\n    scanf("%d%d",&n,&m);\n\n    if(!n && !m)break;\n\n\n\n    for(int i=0;i<m;i++){\n\n      for(int j=0;j<m;j++){\n\n\tif(i==j){\n\n\t  t[i][j] = 0;\n\n\t  c[i][j] = 0;\n\n\t}else{\n\n\t  t[i][j] = 1000000;\n\n\t  c[i][j] = 1000000;\n\n\t}\n\n      }\n\n    }\n\n\n\n    for(int i=0;i<n;i++){\n\n      scanf("%d%d%d%d",&a,&b,&cost,&time);\n\n      t[a-1][b-1] = time;\n\n      t[b-1][a-1] = time;\n\n      c[a-1][b-1] = cost;\n\n      c[b-1][a-1] = cost;\n\n    }\n\n\n\n    for(int x=0;x<m;x++){\n\n      for(int i=0;i<m;i++){\n\n\tfor(int j=0;j<m;j++){\n\n\t  t[i][j] = (t[i][j]<t[i][x] + t[x][j])?t[i][j]:(t[i][x] + t[x][j]);\n\n\t  c[i][j] = (c[i][j]<c[i][x] + c[x][j])?c[i][j]:(c[i][x] + c[x][j]);\n\n\t}\n\n      }\n\n    }\n\n\n\n    scanf("%d",&k);\n\n    for(int i=0;i<k;i++){\n\n      scanf("%d%d%d",&p,&q,&r);\n\n      if(r)printf("%d\\n",t[p-1][q-1]);\n\n      else printf("%d\\n",c[p-1][q-1]);\n\n    }\n\n  }\n\n}')"
2025-01-27 02:07:20,396	[INFO]	Step: 49
2025-01-27 02:07:20,396	[INFO]	Stop Steps: 50
2025-01-27 02:07:21,108	[DEBUG]	EXEC>  SUCCESS 3157447.125
2025-01-27 02:07:21,109	[INFO]	4-10    SUCCESS               3157447.12 (96.37%) [2 edit(s)]  
2025-01-27 02:07:21,109	[DEBUG]	patch(4-10)="LineLLMCrossover(('source.cpp', 11), '#include <cstdio>\n\nusing namespace std;\n\nint n,m,a,b,cost,time,k,p,q,r;\n\nint t[100][100],c[100][100];\n\n\n\nint main(){\n\n  for(;;){\n\n    scanf("%d%d",&n,&m);\n\n    if(!n && !m)break;\n\n\n\n    for(int i=0;i<m;i++){\n\n      for(int j=0;j<m;j++){\n\n\tif(i==j){\n\n\t  t[i][j] = 0;\n\n\t  c[i][j] = 0;\n\n\t}else{\n\n\t  t[i][j] = 1000000;\n\n\t  c[i][j] = 1000000;\n\n\t}\n\n      }\n\n    }\n\n\n\n    for(int i=0;i<n;i++){\n\n      scanf("%d%d%d%d",&a,&b,&cost,&time);\n\n      t[a-1][b-1] = time;\n\n      t[b-1][a-1] = time;\n\n      c[a-1][b-1] = cost;\n\n      c[b-1][a-1] = cost;\n\n    }\n\n\n\n    for(int x=0;x<m;x++){\n\n      for(int i=0;i<m;i++){\n\n\tfor(int j=0;j<m;j++){\n\n\t  t[i][j] = (t[i][j]<t[i][x] + t[x][j])?t[i][j]:(t[i][x] + t[x][j]);\n\n\t  c[i][j] = (c[i][j]<c[i][x] + c[x][j])?c[i][j]:(c[i][x] + c[x][j]);\n\n\t}\n\n      }\n\n    }\n\n\n\n    scanf("%d",&k);\n\n    for(int i=0;i<k;i++){\n\n      scanf("%d%d%d",&p,&q,&r);\n\n      if(r)printf("%d\\n",t[p-1][q-1]);\n\n      else printf("%d\\n",c[p-1][q-1]);\n\n    }\n\n  }\n\n}') | LineLLMMutation(('source.cpp', 25), '#include <cstdio>\n#include <vector>\n\nusing namespace std;\n\nint n,m,a,b,cost,time,k,p,q,r;\n\nvector<vector<int>> t,c;\n\n\n\nint main(){\n\n  for(;;){\n\n    scanf("%d%d",&n,&m);\n\n    if(!n && !m)break;\n\n\n\n    t.assign(m,vector<int>(m,1000000));\n\n    c.assign(m,vector<int>(m,1000000));\n\n    for(int i=0;i<m;i++){\n\n      t[i][i] = 0;\n\n      c[i][i] = 0;\n\n    }\n\n\n\n    for(int i=0;i<n;i++){\n\n      scanf("%d%d%d%d",&a,&b,&cost,&time);\n\n      t[a-1][b-1] = time;\n\n      t[b-1][a-1] = time;\n\n      c[a-1][b-1] = cost;\n\n      c[b-1][a-1] = cost;\n\n    }\n\n\n\n    for(int x=0;x<m;x++){\n\n      for(int i=0;i<m;i++){\n\n\tfor(int j=0;j<m;j++){\n\n\t  t[i][j] = (t[i][j]<t[i][x] + t[x][j])?t[i][j]:(t[i][x] + t[x][j]);\n\n\t  c[i][j] = (c[i][j]<c[i][x] + c[x][j])?c[i][j]:(c[i][x] + c[x][j]);\n\n\t}\n\n      }\n\n    }\n\n\n\n    scanf("%d",&k);\n\n    for(int i=0;i<k;i++){\n\n      scanf("%d%d%d",&p,&q,&r);\n\n      if(r)printf("%d\\n",t[p-1][q-1]);\n\n      else printf("%d\\n",c[p-1][q-1]);\n\n    }\n\n  }\n\n}')"
2025-01-27 02:07:21,109	[INFO]	Step: 50
2025-01-27 02:07:21,109	[INFO]	Stop Steps: 50
2025-01-27 02:07:21,109	[INFO]	(Abstract Algorithm) Stopping Condition: step budget
2025-01-27 02:07:21,110	[INFO]	Step: 50
2025-01-27 02:07:21,110	[INFO]	Stop Steps: 50
2025-01-27 02:07:25,048	[INFO]	~~~~ END ~~~~
2025-01-27 02:07:25,048	[INFO]	Best patch step: 43
2025-01-27 02:07:25,048	[INFO]	
2025-01-27 02:07:25,048	[INFO]	==== REPORT ====
2025-01-27 02:07:25,048	[INFO]	Termination: step budget
2025-01-27 02:07:25,048	[INFO]	Log file: /home/ubuntu/eoc/magpie2/_magpie_logs/0056_1737943307.log
2025-01-27 02:07:25,049	[INFO]	Patch file: _magpie_logs/0056_1737943307.patch
2025-01-27 02:07:25,049	[INFO]	Diff file: _magpie_logs/0056_1737943307.diff
2025-01-27 02:07:25,049	[INFO]	Reference fitness: 3276271.56
2025-01-27 02:07:25,049	[INFO]	Best fitness: 1268622.00
2025-01-27 02:07:25,049	[INFO]	
2025-01-27 02:07:25,050	[INFO]	==== BEST PATCH ====
LineLLMCrossover(('source.cpp', 11), '#include <cstdio>\n\nusing namespace std;\n\nint n,m,a,b,cost,time,k,p,q,r;\n\nint t[100][100],c[100][100];\n\n\n\nint main(){\n\n  for(;;){\n\n    scanf("%d%d",&n,&m);\n\n    if(!n && !m)break;\n\n\n\n    for(int i=0;i<m;i++){\n\n      for(int j=0;j<m;j++){\n\n\tif(i==j){\n\n\t  t[i][j] = 0;\n\n\t  c[i][j] = 0;\n\n\t}else{\n\n\t  t[i][j] = 1000000;\n\n\t  c[i][j] = 1000000;\n\n\t}\n\n      }\n\n    }\n\n\n\n    for(int i=0;i<n;i++){\n\n      scanf("%d%d%d%d",&a,&b,&cost,&time);\n\n      t[a-1][b-1] = time;\n\n      t[b-1][a-1] = time;\n\n      c[a-1][b-1] = cost;\n\n      c[b-1][a-1] = cost;\n\n    }\n\n\n\n    for(int x=0;x<m;x++){\n\n      for(int i=0;i<m;i++){\n\n\tfor(int j=0;j<m;j++){\n\n\t  t[i][j] = (t[i][j]<t[i][x] + t[x][j])?t[i][j]:(t[i][x] + t[x][j]);\n\n\t  c[i][j] = (c[i][j]<c[i][x] + c[x][j])?c[i][j]:(c[i][x] + c[x][j]);\n\n\t}\n\n      }\n\n    }\n\n\n\n    scanf("%d",&k);\n\n    for(int i=0;i<k;i++){\n\n      scanf("%d%d%d",&p,&q,&r);\n\n      if(r)printf("%d\\n",t[p-1][q-1]);\n\n      else printf("%d\\n",c[p-1][q-1]);\n\n    }\n\n  }\n\n}')
2025-01-27 02:07:25,050	[INFO]	
2025-01-27 02:07:25,050	[INFO]	==== DIFF ====

