2025-02-24 21:01:51,538	[DEBUG]	==== CONFIG ====
[magpie]
import = 
seed = 1944882158037514
log_dir = _magpie_logs
work_dir = _magpie_work
local_original_copy = True
local_original_name = __original__
output_encoding = ascii
edit_retries = 10
default_timeout = 30
default_lengthout = 10000.0
diff_method = unified
trust_local_filesystem = True

[magpie.log]
color_output = True
format_info = {counter:<7} {status:<20} {best}{fitness} ({ratio}) [{size}] {cached} {log}
format_debug = patch({counter})="{patch}"{diffifbest}
format_fitness = {:.2f}
format_ratio = {:.2%%}
format_patchif = 
	 --> {patch}
format_diffif = 
	{diff}

[software]
path = dataset/magpie_dataset/train/0057
target_files = 
	source.cpp
software = BasicSoftware
model_rules = 
	*.params : ParamFileConfigModel
	*.xml : SrcmlModel
	* : LineModel
model_config = 
	*.params : [paramconfig]
	*.xml : [srcml]
init_cmd = 
init_timeout = 60
init_lengthout = -1
setup_cmd = bash setup.sh
setup_timeout = 
setup_lengthout = 
compile_cmd = bash compile.sh
compile_timeout = 
compile_lengthout = 
test_cmd = bash test.sh
test_timeout = 
test_lengthout = 
run_cmd = bash run.sh
run_timeout = 3
run_lengthout = 
batch_timeout = 
batch_lengthout = 
batch_bin_fitness_strategy = aggregate
batch_fitness_strategy = sum
fitness = time

[srcml]
rename = 
	stmt: break continue decl_stmt do expr_stmt for goto if return switch while
	number: literal_number
focus = block stmt operator_comp operator_arith number
internodes = block
process_pseudo_blocks = True
process_literals = True
process_operators = True

[paramconfig]
timing = test run
cli_prefix = --
cli_glue = =
cli_boolean = show
cli_boolean_prefix_true = 
cli_boolean_prefix_false = no-
cli_none = hide
silent_prefix = @
silent_suffix = $

[search]
protocol = BasicProtocol
algorithm = GeneticProgrammingLLM
possible_edits = 
	LineLLMMutation
	LineLLMCrossover
	LineDeletion
	LineInsertion
	LineReplacement
llm_prob = 1.0
warmup = 5
warmup_strategy = last
max_steps = 50
max_time = 20000
target_fitness = 
cache_maxsize = 100
cache_keep = 0.2
batch_instances = 
batch_shuffle = True
batch_bin_shuffle = False
batch_sample_size = 1

[search.ls]
delete_prob = 0.5
max_neighbours = 
when_trapped = continue
accept_fail = False
tabu_length = 10

[search.gp]
pop_size = 10
delete_prob = 0.0
offspring_elitism = 0.2
offspring_crossover = 0.4
offspring_mutation = 0.4
uniform_rate = 0.5
batch_reset = True
llm_type = baseline

[search.minify]
do_cleanup = True
do_rebuild = True
do_simplify = True
round_robin_limit = 3


2025-02-24 21:01:51,539	[DEBUG]	
2025-02-24 21:01:51,539	[INFO]	==== SEARCH: GeneticProgrammingLLM ====
2025-02-24 21:01:51,539	[INFO]	~~~~ WARMUP ~~~~
2025-02-24 21:01:52,703	[DEBUG]	EXEC>  SUCCESS 11722153.5
2025-02-24 21:01:52,703	[INFO]	WARM    SUCCESS               11722153.50 (--) [0 edit(s)]  
2025-02-24 21:01:53,423	[DEBUG]	EXEC>  SUCCESS 11722237.0
2025-02-24 21:01:53,423	[INFO]	WARM    SUCCESS               11722237.00 (--) [0 edit(s)]  
2025-02-24 21:01:54,160	[DEBUG]	EXEC>  SUCCESS 11722319.0
2025-02-24 21:01:54,160	[INFO]	WARM    SUCCESS               11722319.00 (--) [0 edit(s)]  
2025-02-24 21:01:54,875	[DEBUG]	EXEC>  SUCCESS 11722228.0
2025-02-24 21:01:54,875	[INFO]	WARM    SUCCESS               11722228.00 (--) [0 edit(s)]  
2025-02-24 21:01:55,601	[DEBUG]	EXEC>  SUCCESS 11722228.5
2025-02-24 21:01:55,601	[INFO]	WARM    SUCCESS               11722228.50 (--) [0 edit(s)]  
2025-02-24 21:01:55,601	[INFO]	REF     SUCCESS               11722228.50 (--) [0 edit(s)]  
2025-02-24 21:01:55,601	[INFO]	
2025-02-24 21:01:55,601	[INFO]	~~~~ START ~~~~
2025-02-24 21:02:47,304	[INFO]	0-1     TEST_CODE_ERROR       None (--) [1 edit(s)]  
2025-02-24 21:02:47,304	[DEBUG]	patch(0-1)="LineLLMMutation(('source.cpp', 0), '#include <cstdio>\n#include <algorithm>\n\nusing namespace std;\n\nbool dp[1000001];\n\nbool isprime(int& x) {\n    for(int i = 2; i * i <= x; i++) if (x % i == 0) return false;\n    return true;\n}\n\nint solve(int i) {\n    while (true) { if (dp[i] && !isprime(i)) return i; i--; }\n}\n\nint main() {\n    int n, x, data[30], ans;\n    while (scanf("%d %d", &n, &x), n) {\n        fill_n(dp, 1000001, false); dp[0] = true;\n        for (int i = 0; i < n; i++) scanf("%d", &data[i]);\n        for (int i = 0; i <= x; i++) {\n            if (dp[i]) for (int j = 0; j < n; j++)\n                if (i + data[j] <= x) dp[i + data[j]] = true;\n        }\n        if (1 < (ans = solve(x))) printf("%d\\n", ans);\n        else printf("NA\\n");\n    }\n}')"
2025-02-24 21:02:48,986	[INFO]	0-2     TEST_CODE_ERROR       None (--) [1 edit(s)]  
2025-02-24 21:02:48,986	[DEBUG]	patch(0-2)="LineLLMMutation(('source.cpp', 1), '#include <iostream>\n#include <algorithm>\n\nusing namespace std;\n\nbool dp[1000001];\n\nbool isprime(int& x) {\n    if (x <= 1) return false;\n    for (int i = 2; i * i <= x; i++) if (x % i == 0) return false;\n    return true;\n}\n\nint solve(int i) {\n    while (true) { if (dp[i] && !isprime(i)) return i; i--; }\n}\n\nint main() {\n    int n, x, data[30], ans;\n    while (cin >> n >> x, n) {\n        fill_n(dp, 1000001, false); dp[0] = true;\n        for (int i = 0; i < n; i++) cin >> data[i];\n        for (int i = 0; i <= x; i++) {\n            if (dp[i]) for (int j = 0; j < n; j++)\n                if (i + data[j] <= x) dp[i + data[j]] = true;\n        }\n        if (1 < (ans = solve(x))) cout << ans << endl;\n        else cout << "NA" << endl;\n    }\n}')"
2025-02-24 21:02:50,661	[INFO]	0-3     TEST_CODE_ERROR       None (--) [1 edit(s)]  
2025-02-24 21:02:50,661	[DEBUG]	patch(0-3)="LineLLMMutation(('source.cpp', 2), '#include <iostream>\n#include <algorithm>\n\nusing namespace std;\n\nbool dp[1000001];\n\nbool isprime(int x) {\n    if (x <= 1) return false;\n    for (int i = 2; i * i <= x; i++) if (x % i == 0) return false;\n    return true;\n}\n\nint solve(int i) {\n    while (true) { if (dp[i] && !isprime(i)) return i; i--; }\n}\n\nint main() {\n    int n, x, data[30], ans;\n    while (cin >> n >> x, n) {\n        fill_n(dp, x + 1, false); dp[0] = true;\n        for (int i = 0; i < n; i++) cin >> data[i];\n        for (int i = 0; i <= x; i++) {\n            if (dp[i]) for (int j = 0; j < n; j++)\n                if (i + data[j] <= x) dp[i + data[j]] = true;\n        }\n        if (1 < (ans = solve(x))) cout << ans << endl;\n        else cout << "NA" << endl;\n    }\n}')"
2025-02-24 21:02:52,345	[INFO]	0-4     TEST_CODE_ERROR       None (--) [1 edit(s)]  
2025-02-24 21:02:52,345	[DEBUG]	patch(0-4)="LineLLMMutation(('source.cpp', 3), '#include <iostream>\n#include <algorithm>\n\nusing namespace std;\n\nbool dp[1000001];\n\nbool isprime(int x) {\n    if (x <= 1) return false;\n    for (int i = 2; i * i <= x; i++) if (x % i == 0) return false;\n    return true;\n}\n\nint solve(int i) {\n    while (i >= 0) { if (dp[i] && !isprime(i)) return i; i--; }\n    return -1; // Added return for safety\n}\n\nint main() {\n    int n, x, data[30], ans;\n    while (cin >> n >> x, n) {\n        fill_n(dp, 1000001, false); dp[0] = true;\n        for (int i = 0; i < n; i++) cin >> data[i];\n        for (int i = 0; i <= x; i++) {\n            if (dp[i]) for (int j = 0; j < n; j++)\n                if (i + data[j] <= x) dp[i + data[j]] = true;\n        }\n        if (1 < (ans = solve(x))) cout << ans << endl;\n        else cout << "NA" << endl;\n    }\n}')"
2025-02-24 21:02:54,013	[INFO]	0-5     TEST_CODE_ERROR       None (--) [1 edit(s)]  
2025-02-24 21:02:54,013	[DEBUG]	patch(0-5)="LineLLMMutation(('source.cpp', 4), '#include <iostream>\n#include <algorithm>\n#include <cstring>\n\nusing namespace std;\n\nbool dp[1000001];\n\nbool isprime(int x) {\n    if (x <= 1) return false;\n    for (int i = 2; i * i <= x; i++) if (x % i == 0) return false;\n    return true;\n}\n\nint solve(int i) {\n    while (i >= 0) { if (dp[i] && !isprime(i)) return i; i--; }\n    return -1;\n}\n\nint main() {\n    int n, x, data[30], ans;\n    while (cin >> n >> x, n) {\n        memset(dp, false, sizeof(dp)); dp[0] = true;\n        for (int i = 0; i < n; i++) cin >> data[i];\n        for (int i = 0; i <= x; i++) {\n            if (dp[i]) for (int j = 0; j < n; j++)\n                if (i + data[j] <= x) dp[i + data[j]] = true;\n        }\n        if (1 < (ans = solve(x))) cout << ans << endl;\n        else cout << "NA" << endl;\n    }\n}')"
2025-02-24 21:02:55,703	[INFO]	0-6     TEST_CODE_ERROR       None (--) [1 edit(s)]  
2025-02-24 21:02:55,703	[DEBUG]	patch(0-6)="LineLLMMutation(('source.cpp', 5), '#include <iostream>\n#include <vector>\n#include <algorithm>\n\nusing namespace std;\n\nbool dp[1000001];\n\nbool isprime(int x) {\n    if (x <= 1) return false;\n    for (int i = 2; i * i <= x; i++) if (x % i == 0) return false;\n    return true;\n}\n\nint solve(int i) {\n    while (i >= 0) { if (dp[i] && !isprime(i)) return i; i--; }\n    return -1;\n}\n\nint main() {\n    int n, x, ans;\n    while (cin >> n >> x, n) {\n        fill_n(dp, 1000001, false); dp[0] = true;\n        vector<int> data(n);\n        for (int i = 0; i < n; i++) cin >> data[i];\n        for (int i = 0; i <= x; i++) {\n            if (dp[i]) for (int j = 0; j < n; j++)\n                if (i + data[j] <= x) dp[i + data[j]] = true;\n        }\n        if (1 < (ans = solve(x))) cout << ans << endl;\n        else cout << "NA" << endl;\n    }\n}')"
2025-02-24 21:02:57,456	[INFO]	0-7     TEST_CODE_ERROR       None (--) [1 edit(s)]  
2025-02-24 21:02:57,456	[DEBUG]	patch(0-7)="LineLLMMutation(('source.cpp', 6), '#include <iostream>\n#include <vector>\n#include <algorithm>\n\nusing namespace std;\n\nbool dp[1000001];\n\ninline bool isprime(int x) {\n    if (x <= 1) return false;\n    for (int i = 2; i * i <= x; i++) if (x % i == 0) return false;\n    return true;\n}\n\nint solve(int i) {\n    while (i >= 0) { if (dp[i] && !isprime(i)) return i; i--; }\n    return -1;\n}\n\nint main() {\n    int n, x, ans;\n    while (cin >> n >> x, n) {\n        fill_n(dp, 1000001, false); dp[0] = true;\n        vector<int> data(n);\n        for (int i = 0; i < n; i++) cin >> data[i];\n        for (int i = 0; i <= x; i++) {\n            if (dp[i]) for (int j = 0; j < n; j++)\n                if (i + data[j] <= x) dp[i + data[j]] = true;\n        }\n        if (1 < (ans = solve(x))) cout << ans << endl;\n        else cout << "NA" << endl;\n    }\n}')"
2025-02-24 21:02:59,165	[INFO]	0-8     TEST_CODE_ERROR       None (--) [1 edit(s)]  
2025-02-24 21:02:59,165	[DEBUG]	patch(0-8)="LineLLMMutation(('source.cpp', 7), '#include <iostream>\n#include <vector>\n#include <algorithm>\n\nusing namespace std;\n\nbool dp[1000001];\n\ninline bool isprime(int x) {\n    if (x <= 1) return false;\n    for (int i = 2; i * i <= x; i++) if (x % i == 0) return false;\n    return true;\n}\n\nint solve(int i) {\n    for (; i >= 0; i--) { if (dp[i] && !isprime(i)) return i; }\n    return -1;\n}\n\nint main() {\n    int n, x, ans;\n    while (cin >> n >> x, n) {\n        fill_n(dp, 1000001, false); dp[0] = true;\n        vector<int> data(n);\n        for (int i = 0; i < n; i++) cin >> data[i];\n        for (int i = 0; i <= x; i++) {\n            if (dp[i]) for (int j = 0; j < n; j++)\n                if (i + data[j] <= x) dp[i + data[j]] = true;\n        }\n        if (1 < (ans = solve(x))) cout << ans << endl;\n        else cout << "NA" << endl;\n    }\n}')"
2025-02-24 21:03:00,871	[INFO]	0-9     TEST_CODE_ERROR       None (--) [1 edit(s)]  
2025-02-24 21:03:00,871	[DEBUG]	patch(0-9)="LineLLMMutation(('source.cpp', 8), '#include <iostream>\n#include <vector>\n#include <algorithm>\n\nusing namespace std;\n\nbool dp[1000001];\nbool prime[1000001];\n\nvoid sieve() {\n    fill(prime, prime + 1000001, true);\n    prime[0] = prime[1] = false;\n    for (int i = 2; i * i < 1000001; i++) {\n        if (prime[i]) {\n            for (int j = i * i; j < 1000001; j += i) prime[j] = false;\n        }\n    }\n}\n\nint solve(int i) {\n    while (i >= 0) { if (dp[i] && !prime[i]) return i; i--; }\n    return -1;\n}\n\nint main() {\n    int n, x, ans;\n    sieve(); // Precompute primes\n    while (cin >> n >> x, n) {\n        fill_n(dp, 1000001, false); dp[0] = true;\n        vector<int> data(n);\n        for (int i = 0; i < n; i++) cin >> data[i];\n        for (int i = 0; i <= x; i++) {\n            if (dp[i]) for (int j = 0; j < n; j++)\n                if (i + data[j] <= x) dp[i + data[j]] = true;\n        }\n        if (1 < (ans = solve(x))) cout << ans << endl;\n        else cout << "NA" << endl;\n    }\n}')"
2025-02-24 21:03:02,924	[INFO]	0-10    TEST_CODE_ERROR       None (--) [1 edit(s)]  
2025-02-24 21:03:02,924	[DEBUG]	patch(0-10)="LineLLMMutation(('source.cpp', 9), '#include <iostream>\n#include <vector>\n#include <unordered_set>\n\nusing namespace std;\n\nbool prime[1000001];\n\nvoid sieve() {\n    fill(prime, prime + 1000001, true);\n    prime[0] = prime[1] = false;\n    for (int i = 2; i * i < 1000001; i++) {\n        if (prime[i]) {\n            for (int j = i * i; j < 1000001; j += i) prime[j] = false;\n        }\n    }\n}\n\nint solve(int x, unordered_set<int>& dp) {\n    while (x >= 0) {\n        if (dp.count(x) && !prime[x]) return x;\n        x--;\n    }\n    return -1;\n}\n\nint main() {\n    int n, x, ans;\n    sieve(); // Precompute primes\n    while (cin >> n >> x, n) {\n        unordered_set<int> dp;\n        dp.insert(0);\n        vector<int> data(n);\n        for (int i = 0; i < n; i++) cin >> data[i];\n        for (int i = 0; i <= x; i++) {\n            if (dp.count(i)) for (int j = 0; j < n; j++)\n                if (i + data[j] <= x) dp.insert(i + data[j]);\n        }\n        if (1 < (ans = solve(x, dp))) cout << ans << endl;\n        else cout << "NA" << endl;\n    }\n}')"
2025-02-24 21:03:03,924	[INFO]	Step: 10
2025-02-24 21:03:03,925	[INFO]	Stop Steps: 50
2025-02-24 21:03:05,656	[DEBUG]	EXEC>  SUCCESS 11722229.0
2025-02-24 21:03:05,656	[INFO]	REF     SUCCESS               11722229.00 (--) [0 edit(s)]  
2025-02-24 21:03:05,656	[INFO]	Best patch step: None
2025-02-24 21:04:30,078	[INFO]	Step: 10
2025-02-24 21:04:30,079	[INFO]	Stop Steps: 50
2025-02-24 21:04:30,630	[INFO]	1-1     TEST_CODE_ERROR       None (--) [1 edit(s)]  
2025-02-24 21:04:30,630	[DEBUG]	patch(1-1)="LineLLMCrossover(('source.cpp', 0), '#include <cstdio>\n#include <vector>\n#include <algorithm>\nusing namespace std;\nint main() {\n    int n;\n    scanf("%d", &n);\n    vector<int> arr(n);\n    for(int i = 0; i < n; i++) {\n        scanf("%d", &arr[i]);\n    }\n    sort(arr.begin(), arr.end());\n    int maxElement = arr[n-1];\n    long long sum = 0;\n    for(int x : arr) {\n        sum += x;\n    }\n    printf("Max: %d, Sum: %lld\\n", maxElement, sum);\n    return 0;\n}')"
2025-02-24 21:04:30,630	[INFO]	Step: 11
2025-02-24 21:04:30,630	[INFO]	Stop Steps: 50
2025-02-24 21:04:31,150	[INFO]	1-2     TEST_CODE_ERROR       None (--) [1 edit(s)]  
2025-02-24 21:04:31,150	[DEBUG]	patch(1-2)="LineLLMCrossover(('source.cpp', 1), '#include <cstdio>\n#include <vector>\n#include <algorithm>\nusing namespace std;\nint main() {\n    int n;\n    scanf("%d", &n);\n    int arr[100005];\n    for(int i = 0; i < n; i++) {\n        scanf("%d", &arr[i]);\n    }\n    sort(arr, arr + n);\n    double avg = 0;\n    for(int i = 0; i < n; i++) {\n        avg += arr[i];\n    }\n    avg /= n;\n    printf("Min: %d, Avg: %.2f\\n", arr[0], avg);\n    return 0;\n}')"
2025-02-24 21:04:31,150	[INFO]	Step: 12
2025-02-24 21:04:31,150	[INFO]	Stop Steps: 50
2025-02-24 21:04:31,651	[INFO]	1-3     TEST_CODE_ERROR       None (--) [1 edit(s)]  
2025-02-24 21:04:31,652	[DEBUG]	patch(1-3)="LineLLMCrossover(('source.cpp', 2), '#include <cstdio>\n#include <algorithm>\nusing namespace std;\nint main() {\n    int n;\n    scanf("%d", &n);\n    int arr[100005];\n    for(int i = 0; i < n; i++) {\n        scanf("%d", &arr[i]);\n    }\n    sort(arr, arr + n);\n    printf("Min: %d, Max: %d\\n", arr[0], arr[n-1]);\n    return 0;\n}')"
2025-02-24 21:04:31,652	[INFO]	Step: 13
2025-02-24 21:04:31,652	[INFO]	Stop Steps: 50
2025-02-24 21:04:31,970	[INFO]	1-4     TEST_CODE_ERROR       None (--) [1 edit(s)]  
2025-02-24 21:04:31,970	[DEBUG]	patch(1-4)="LineLLMCrossover(('source.cpp', 3), '#include <cstdio>\n#include <vector>\nusing namespace std;\nint main() {\n    int n;\n    scanf("%d", &n);\n    vector<int> arr(n);\n    long long sum = 0;\n    for(int i = 0; i < n; i++) {\n        scanf("%d", &arr[i]);\n        sum += arr[i];\n    }\n    double avg = static_cast<double>(sum) / n;\n    printf("Sum: %lld, Avg: %.2f\\n", sum, avg);\n    return 0;\n}')"
2025-02-24 21:04:31,970	[INFO]	Step: 14
2025-02-24 21:04:31,970	[INFO]	Stop Steps: 50
2025-02-24 21:04:32,662	[INFO]	1-5     TEST_CODE_ERROR       None (--) [1 edit(s)]  
2025-02-24 21:04:32,662	[DEBUG]	patch(1-5)="LineLLMMutation(('source.cpp', 10), '#include <iostream>\n#include <algorithm>\nusing namespace std;\n\nbool dp[1000001];\n\nbool isprime(int x) {\n    if (x <= 1) return false;\n    if (x <= 3) return true;\n    if (x % 2 == 0 || x % 3 == 0) return false;\n    for (int i = 5; i * i <= x; i += 6) {\n        if (x % i == 0 || x % (i + 2) == 0) return false;\n    }\n    return true;\n}\n\nint solve(int i) {\n    while (true) {\n        if (dp[i] && !isprime(i)) return i;\n        i--;\n    }\n}\n\nint main() {\n    int n, x, data[30], ans;\n    while (cin >> n >> x, n) {\n        fill_n(dp, 1000001, false);\n        dp[0] = true;\n        for (int i = 0; i < n; i++) cin >> data[i];\n        for (int i = 0; i <= x; i++) {\n            if (dp[i]) for (int j = 0; j < n; j++)\n                if (i + data[j] <= x) dp[i + data[j]] = true;\n        }\n        if (1 < (ans = solve(x))) cout << ans << endl;\n        else cout << "NA" << endl;\n    }\n}')"
2025-02-24 21:04:32,662	[INFO]	Step: 15
2025-02-24 21:04:32,663	[INFO]	Stop Steps: 50
2025-02-24 21:04:33,375	[INFO]	1-6     TEST_CODE_ERROR       None (--) [1 edit(s)]  
2025-02-24 21:04:33,375	[DEBUG]	patch(1-6)="LineLLMMutation(('source.cpp', 11), '#include <iostream>\n#include <vector>\n#include <algorithm>\nusing namespace std;\n\nvector<bool> dp(1000001);\n\nbool isprime(int x) {\n    if (x <= 1) return false;\n    if (x <= 3) return true;\n    if (x % 2 == 0 || x % 3 == 0) return false;\n    for (int i = 5; i * i <= x; i += 6) {\n        if (x % i == 0 || x % (i + 2) == 0) return false;\n    }\n    return true;\n}\n\nint solve(int i) {\n    while (true) {\n        if (dp[i] && !isprime(i)) return i;\n        i--;\n    }\n}\n\nint main() {\n    int n, x, data[30], ans;\n    while (cin >> n >> x, n) {\n        fill(dp.begin(), dp.end(), false);\n        dp[0] = true;\n        for (int i = 0; i < n; i++) cin >> data[i];\n        for (int i = 0; i <= x; i++) {\n            if (dp[i]) for (int j = 0; j < n; j++)\n                if (i + data[j] <= x) dp[i + data[j]] = true;\n        }\n        if (1 < (ans = solve(x))) cout << ans << endl;\n        else cout << "NA" << endl;\n    }\n}')"
2025-02-24 21:04:33,375	[INFO]	Step: 16
2025-02-24 21:04:33,376	[INFO]	Stop Steps: 50
2025-02-24 21:04:34,055	[INFO]	1-7     TEST_CODE_ERROR       None (--) [1 edit(s)]  
2025-02-24 21:04:34,055	[DEBUG]	patch(1-7)="LineLLMMutation(('source.cpp', 12), '#include <iostream>\n#include <vector>\n#include <algorithm>\n#include <cstdio>\nusing namespace std;\n\nbool dp[1000001];\n\nbool isprime(int x) {\n    if (x <= 1) return false;\n    if (x <= 3) return true;\n    if (x % 2 == 0 || x % 3 == 0) return false;\n    for (int i = 5; i * i <= x; i += 6) {\n        if (x % i == 0 || x % (i + 2) == 0) return false;\n    }\n    return true;\n}\n\nint solve(int i) {\n    while (true) {\n        if (dp[i] && !isprime(i)) return i;\n        i--;\n    }\n}\n\nint main() {\n    int n, x, data[30], ans;\n    while (scanf("%d %d", &n, &x), n) {\n        fill_n(dp, 1000001, false);\n        dp[0] = true;\n        for (int i = 0; i < n; i++) scanf("%d", &data[i]);\n        for (int i = 0; i <= x; i++) {\n            if (dp[i]) for (int j = 0; j < n; j++)\n                if (i + data[j] <= x) dp[i + data[j]] = true;\n        }\n        if (1 < (ans = solve(x))) printf("%d\\n", ans);\n        else printf("NA\\n");\n    }\n}')"
2025-02-24 21:04:34,055	[INFO]	Step: 17
2025-02-24 21:04:34,055	[INFO]	Stop Steps: 50
2025-02-24 21:04:34,733	[INFO]	1-8     TEST_CODE_ERROR       None (--) [1 edit(s)]  
2025-02-24 21:04:34,733	[DEBUG]	patch(1-8)="LineLLMMutation(('source.cpp', 13), '#include <iostream>\n#include <vector>\n#include <algorithm>\n#include <cstdio>\nusing namespace std;\n\nbool dp[1000001];\n\nbool isprime(int x) {\n    if (x <= 1) return false;\n    if (x <= 3) return true;\n    if (x % 2 == 0 || x % 3 == 0) return false;\n    for (int i = 5; i * i <= x; i += 6) {\n        if (x % i == 0 || x % (i + 2) == 0) return false;\n    }\n    return true;\n}\n\nint solve(int i) {\n    while (i > 1) {\n        if (dp[i] && !isprime(i)) return i;\n        i--;\n    }\n    return -1; // Return -1 if no suitable answer is found\n}\n\nint main() {\n    int n, x, data[30], ans;\n    while (scanf("%d %d", &n, &x), n) {\n        fill_n(dp, 1000001, false);\n        dp[0] = true;\n        for (int i = 0; i < n; i++) scanf("%d", &data[i]);\n        for (int i = 0; i <= x; i++) {\n            if (dp[i]) for (int j = 0; j < n; j++)\n                if (i + data[j] <= x) dp[i + data[j]] = true;\n        }\n        if (1 < (ans = solve(x))) printf("%d\\n", ans);\n        else printf("NA\\n");\n    }\n}')"
2025-02-24 21:04:34,733	[INFO]	Step: 18
2025-02-24 21:04:34,733	[INFO]	Stop Steps: 50
2025-02-24 21:04:35,414	[INFO]	1-9     TEST_CODE_ERROR       None (--) [1 edit(s)]  
2025-02-24 21:04:35,414	[DEBUG]	patch(1-9)="LineLLMMutation(('source.cpp', 14), '#include <iostream>\n#include <array>\n#include <algorithm>\n#include <cstdio>\nusing namespace std;\n\narray<bool, 1000001> dp;\n\nbool isprime(int x) {\n    if (x <= 1) return false;\n    if (x <= 3) return true;\n    if (x % 2 == 0 || x % 3 == 0) return false;\n    for (int i = 5; i * i <= x; i += 6) {\n        if (x % i == 0 || x % (i + 2) == 0) return false;\n    }\n    return true;\n}\n\nint solve(int i) {\n    while (i > 1) {\n        if (dp[i] && !isprime(i)) return i;\n        i--;\n    }\n    return -1;\n}\n\nint main() {\n    int n, x, ans;\n    array<int, 30> data;\n    while (scanf("%d %d", &n, &x), n) {\n        fill(dp.begin(), dp.end(), false);\n        dp[0] = true;\n        for (int i = 0; i < n; i++) scanf("%d", &data[i]);\n        for (int i = 0; i <= x; i++) {\n            if (dp[i]) for (int j = 0; j < n; j++)\n                if (i + data[j] <= x) dp[i + data[j]] = true;\n        }\n        if (1 < (ans = solve(x))) printf("%d\\n", ans);\n        else printf("NA\\n");\n    }\n}')"
2025-02-24 21:04:35,414	[INFO]	Step: 19
2025-02-24 21:04:35,414	[INFO]	Stop Steps: 50
2025-02-24 21:04:36,085	[INFO]	1-10    TEST_CODE_ERROR       None (--) [1 edit(s)]  
2025-02-24 21:04:36,085	[DEBUG]	patch(1-10)="LineLLMMutation(('source.cpp', 15), '#include <iostream>\n#include <array>\n#include <algorithm>\n#include <cstdio>\nusing namespace std;\n\narray<bool, 1000001> dp;\n\nbool isprime(int x) {\n    if (x <= 1) return false;\n    if (x <= 3) return true;\n    if (x % 2 == 0 || x % 3 == 0) return false;\n    for (int i = 5; i * i <= x; i += 6) {\n        if (x % i == 0 || x % (i + 2) == 0) return false;\n    }\n    return true;\n}\n\nint solve(int i) {\n    while (i > 1) {\n        if (dp[i]) {\n            if (!isprime(i)) return i;\n        }\n        i--;\n    }\n    return -1;\n}\n\nint main() {\n    int n, x, ans;\n    array<int, 30> data;\n    while (scanf("%d %d", &n, &x), n) {\n        fill(dp.begin(), dp.end(), false);\n        dp[0] = true;\n        for (int i = 0; i < n; i++) scanf("%d", &data[i]);\n        for (int i = 0; i <= x; i++) {\n            if (dp[i]) for (int j = 0; j < n; j++)\n                if (i + data[j] <= x) dp[i + data[j]] = true;\n        }\n        if (1 < (ans = solve(x))) printf("%d\\n", ans);\n        else printf("NA\\n");\n    }\n}')"
2025-02-24 21:04:36,085	[INFO]	Step: 20
2025-02-24 21:04:36,085	[INFO]	Stop Steps: 50
2025-02-24 21:04:37,819	[DEBUG]	EXEC>  SUCCESS 11722140.0
2025-02-24 21:04:37,820	[INFO]	REF     SUCCESS               11722140.00 (--) [0 edit(s)]  
2025-02-24 21:04:37,820	[INFO]	Best patch step: None
2025-02-24 21:05:30,470	[INFO]	Step: 20
2025-02-24 21:05:30,470	[INFO]	Stop Steps: 50
2025-02-24 21:05:30,929	[INFO]	2-1     TEST_CODE_ERROR       None (--) [1 edit(s)]  
2025-02-24 21:05:30,929	[DEBUG]	patch(2-1)="LineLLMCrossover(('source.cpp', 4), '#include <cstdio>\n#include <algorithm>\nusing namespace std;\n\nconst int maxn = 200005;\nchar str[maxn];\n\nint main() {\n    scanf("%s", str);\n    int ans = 0;\n    int a = -1;\n    for (int i = 0; str[i]; i++) {\n        if (str[i] == \'Z\') {\n            if (a != -1)\n                ans = max(ans, i - a);\n        } else if (str[i] == \'A\' && a == -1) {\n            a = i;\n        }\n    }\n    printf("%d\\n", ans + 1);\n    return 0;\n}')"
2025-02-24 21:05:30,929	[INFO]	Step: 21
2025-02-24 21:05:30,929	[INFO]	Stop Steps: 50
2025-02-24 21:05:31,386	[INFO]	2-2     TEST_CODE_ERROR       None (--) [1 edit(s)]  
2025-02-24 21:05:31,386	[DEBUG]	patch(2-2)="LineLLMCrossover(('source.cpp', 5), '#include <cstdio>\n#include <algorithm>\nusing namespace std;\n\ntypedef long long li;\nconst int maxn = 1e5;\nint n;\nli a[maxn], b[maxn];\n\nint main(void) {\n    scanf("%d", &n);\n    for (int i = 0; i < n; ++i) {\n        scanf("%lld%lld", &a[i], &b[i]);\n    }\n    li ans = 0;\n    for (int i = n - 1; i >= 0; --i) {\n        li cur = a[i] + ans;\n        li tar = (cur + b[i] - 1) / b[i] * b[i];\n        ans += tar - cur;\n    }\n    printf("%lld\\n", ans);\n}')"
2025-02-24 21:05:31,386	[INFO]	Step: 22
2025-02-24 21:05:31,386	[INFO]	Stop Steps: 50
2025-02-24 21:05:31,844	[INFO]	2-3     TEST_CODE_ERROR       None (--) [1 edit(s)]  
2025-02-24 21:05:31,844	[DEBUG]	patch(2-3)="LineLLMCrossover(('source.cpp', 6), '#include <cstdio>\n#include <algorithm>\nusing namespace std;\n\nconst int maxn = 200005;\nchar str[maxn];\n\nint main() {\n    scanf("%s", str);\n    int maxDist = 0, lastA = -1;\n    for (int i = 0; str[i]; i++) {\n        if (str[i] == \'A\' && lastA == -1) {\n            lastA = i;\n        } else if (str[i] == \'Z\') {\n            if (lastA != -1) {\n                maxDist = max(maxDist, i - lastA);\n            }\n        }\n    }\n    printf("%d\\n", maxDist + 1);\n    return 0;\n}')"
2025-02-24 21:05:31,844	[INFO]	Step: 23
2025-02-24 21:05:31,845	[INFO]	Stop Steps: 50
2025-02-24 21:05:32,311	[INFO]	2-4     TEST_CODE_ERROR       None (--) [1 edit(s)]  
2025-02-24 21:05:32,311	[DEBUG]	patch(2-4)="LineLLMCrossover(('source.cpp', 7), '#include <cstdio>\n#include <algorithm>\nusing namespace std;\n\ntypedef long long li;\nconst int maxn = 1e5;\nli a[maxn], b[maxn];\nint n;\n\nint main(void) {\n    scanf("%d", &n);\n    for (int i = 0; i < n; ++i) {\n        scanf("%lld%lld", &a[i], &b[i]);\n    }\n    li total = 0;\n    for (int i = n - 1; i >= 0; --i) {\n        li current = a[i] + total;\n        li target = (current + b[i] - 1) / b[i] * b[i];\n        total += target - current;\n    }\n    printf("%lld\\n", total);\n}')"
2025-02-24 21:05:32,311	[INFO]	Step: 24
2025-02-24 21:05:32,311	[INFO]	Stop Steps: 50
2025-02-24 21:05:32,988	[INFO]	2-5     TEST_CODE_ERROR       None (--) [1 edit(s)]  
2025-02-24 21:05:32,988	[DEBUG]	patch(2-5)="LineLLMMutation(('source.cpp', 16), '#include <iostream>\n#include <algorithm>\nusing namespace std;\n\nbool dp[1000001];\n\nbool isprime(int x) {\n    if (x < 2) return false;\n    if (x == 2) return true; // 2 is prime\n    if (x % 2 == 0) return false; // eliminate even numbers\n    for (int i = 3; i * i <= x; i += 2) {\n        if (x % i == 0) return false;\n    }\n    return true;\n}\n\nint solve(int i) {\n    while (true) {\n        if (dp[i] && !isprime(i)) return i;\n        i--;\n    }\n}\n\nint main() {\n    int n, x, data[30], ans;\n    while (cin >> n >> x, n) {\n        fill_n(dp, 1000001, false);\n        dp[0] = true;\n        for (int i = 0; i < n; i++) cin >> data[i];\n        for (int i = 0; i <= x; i++) {\n            if (dp[i])\n                for (int j = 0; j < n; j++)\n                    if (i + data[j] <= x) dp[i + data[j]] = true;\n        }\n        if (1 < (ans = solve(x))) cout << ans << endl;\n        else cout << "NA" << endl;\n    }\n}')"
2025-02-24 21:05:32,988	[INFO]	Step: 25
2025-02-24 21:05:32,988	[INFO]	Stop Steps: 50
2025-02-24 21:05:33,673	[INFO]	2-6     TEST_CODE_ERROR       None (--) [1 edit(s)]  
2025-02-24 21:05:33,673	[DEBUG]	patch(2-6)="LineLLMMutation(('source.cpp', 17), '#include <iostream>\n#include <algorithm>\nusing namespace std;\n\nbool dp[1000001];\n\nbool isprime(int x) {\n    if (x < 2) return false;\n    for (int i = 2; i * i <= x; i++) {\n        if (x % i == 0) return false;\n    }\n    return true;\n}\n\nint solve(int i) {\n    for (; i >= 0; --i) {\n        if (dp[i] && !isprime(i)) return i;\n    }\n    return -1; // indicates no result\n}\n\nint main() {\n    int n, x, data[30], ans;\n    while (cin >> n >> x, n) {\n        fill_n(dp, 1000001, false);\n        dp[0] = true;\n        for (int i = 0; i < n; i++) cin >> data[i];\n        for (int i = 0; i <= x; i++) {\n            if (dp[i])\n                for (int j = 0; j < n; j++)\n                    if (i + data[j] <= x) dp[i + data[j]] = true;\n        }\n        if (1 < (ans = solve(x))) cout << ans << endl;\n        else cout << "NA" << endl;\n    }\n}')"
2025-02-24 21:05:33,673	[INFO]	Step: 26
2025-02-24 21:05:33,673	[INFO]	Stop Steps: 50
2025-02-24 21:05:34,380	[INFO]	2-7     TEST_CODE_ERROR       None (--) [1 edit(s)]  
2025-02-24 21:05:34,380	[DEBUG]	patch(2-7)="LineLLMMutation(('source.cpp', 18), '#include <iostream>\n#include <algorithm>\n#include <vector>\nusing namespace std;\n\nbool dp[1000001];\n\nbool isprime(int x) {\n    if (x < 2) return false;\n    for (int i = 2; i * i <= x; i++) {\n        if (x % i == 0) return false;\n    }\n    return true;\n}\n\nint solve(int i) {\n    for (; i >= 0; --i) {\n        if (dp[i] && !isprime(i)) return i;\n    }\n    return -1; // indicates no result\n}\n\nint main() {\n    int n, x, ans;\n    while (cin >> n >> x, n) {\n        fill_n(dp, 1000001, false);\n        dp[0] = true;\n        vector<int> data(n);\n        for (int i = 0; i < n; i++) cin >> data[i];\n        for (int i = 0; i <= x; i++) {\n            if (dp[i])\n                for (int j = 0; j < n; j++)\n                    if (i + data[j] <= x) dp[i + data[j]] = true;\n        }\n        if (1 < (ans = solve(x))) cout << ans << endl;\n        else cout << "NA" << endl;\n    }\n}')"
2025-02-24 21:05:34,380	[INFO]	Step: 27
2025-02-24 21:05:34,380	[INFO]	Stop Steps: 50
2025-02-24 21:05:35,057	[INFO]	2-8     TEST_CODE_ERROR       None (--) [1 edit(s)]  
2025-02-24 21:05:35,057	[DEBUG]	patch(2-8)="LineLLMMutation(('source.cpp', 19), '#include <iostream>\n#include <algorithm>\n#include <cstdio>\nusing namespace std;\n\nbool dp[1000001];\n\nbool isprime(int x) {\n    if (x < 2) return false;\n    for (int i = 2; i * i <= x; i++) {\n        if (x % i == 0) return false;\n    }\n    return true;\n}\n\nint solve(int i) {\n    for (; i >= 0; --i) {\n        if (dp[i] && !isprime(i)) return i;\n    }\n    return -1; // indicates no result\n}\n\nint main() {\n    int n, x, ans;\n    while (scanf("%d %d", &n, &x), n) {\n        fill_n(dp, 1000001, false);\n        dp[0] = true;\n        int data[30];\n        for (int i = 0; i < n; i++) scanf("%d", &data[i]);\n        for (int i = 0; i <= x; i++) {\n            if (dp[i])\n                for (int j = 0; j < n; j++)\n                    if (i + data[j] <= x) dp[i + data[j]] = true;\n        }\n        if (1 < (ans = solve(x))) printf("%d\\n", ans);\n        else printf("NA\\n");\n    }\n}')"
2025-02-24 21:05:35,057	[INFO]	Step: 28
2025-02-24 21:05:35,057	[INFO]	Stop Steps: 50
2025-02-24 21:05:35,731	[INFO]	2-9     TEST_CODE_ERROR       None (--) [1 edit(s)]  
2025-02-24 21:05:35,731	[DEBUG]	patch(2-9)="LineLLMMutation(('source.cpp', 20), '#include <iostream>\n#include <algorithm>\n#include <cstdio>\nusing namespace std;\n\nbool dp[1000001];\n\nbool isprime(int x) {\n    if (x < 2) return false;\n    for (int i = 2; i * i <= x; i++) {\n        if (x % i == 0) return false;\n    }\n    return true;\n}\n\nint solve(int i) {\n    bool found = false;\n    for (; i >= 0; --i) {\n        if (dp[i] && !isprime(i)) {\n            found = true;\n            return i;\n        }\n    }\n    return -1; // indicates no result\n}\n\nint main() {\n    int n, x, ans;\n    while (scanf("%d %d", &n, &x), n) {\n        fill_n(dp, 1000001, false);\n        dp[0] = true;\n        int data[30];\n        for (int i = 0; i < n; i++) scanf("%d", &data[i]);\n        for (int i = 0; i <= x; i++) {\n            if (dp[i])\n                for (int j = 0; j < n; j++)\n                    if (i + data[j] <= x) dp[i + data[j]] = true;\n        }\n        if (1 < (ans = solve(x))) printf("%d\\n", ans);\n        else printf("NA\\n");\n    }\n}')"
2025-02-24 21:05:35,731	[INFO]	Step: 29
2025-02-24 21:05:35,731	[INFO]	Stop Steps: 50
2025-02-24 21:05:36,407	[INFO]	2-10    TEST_CODE_ERROR       None (--) [1 edit(s)]  
2025-02-24 21:05:36,407	[DEBUG]	patch(2-10)="LineLLMMutation(('source.cpp', 21), '#include <iostream>\n#include <algorithm>\n#include <cstdio>\nusing namespace std;\n\nbool dp[1000001];\n\nbool isprime(int x) {\n    if (x < 2) return false;\n    for (int i = 2; i * i <= x; i++) {\n        if (x % i == 0) return false;\n    }\n    return true;\n}\n\nint solve(int i) {\n    for (; i >= 0; --i) {\n        if (dp[i] && !isprime(i)) return i;\n    }\n    return -1; // indicates no result\n}\n\nint main() {\n    int n, x, ans;\n    while (scanf("%d %d", &n, &x), n) {\n        for (int i = 0; i < 1000001; i++) dp[i] = false;\n        dp[0] = true;\n        int data[30];\n        for (int i = 0; i < n; i++) scanf("%d", &data[i]);\n        for (int i = 0; i <= x; i++) {\n            if (dp[i])\n                for (int j = 0; j < n; j++)\n                    if (i + data[j] <= x) dp[i + data[j]] = true;\n        }\n        if (1 < (ans = solve(x))) printf("%d\\n", ans);\n        else printf("NA\\n");\n    }\n}')"
2025-02-24 21:05:36,407	[INFO]	Step: 30
2025-02-24 21:05:36,407	[INFO]	Stop Steps: 50
2025-02-24 21:05:38,134	[DEBUG]	EXEC>  SUCCESS 11722229.5
2025-02-24 21:05:38,134	[INFO]	REF     SUCCESS               11722229.50 (--) [0 edit(s)]  
2025-02-24 21:05:38,134	[INFO]	Best patch step: None
2025-02-24 21:06:37,614	[INFO]	Step: 30
2025-02-24 21:06:37,614	[INFO]	Stop Steps: 50
2025-02-24 21:06:38,070	[INFO]	3-1     TEST_CODE_ERROR       None (--) [1 edit(s)]  
2025-02-24 21:06:38,070	[DEBUG]	patch(3-1)="LineLLMCrossover(('source.cpp', 8), '#include <cstdio>\n#include <algorithm>\nusing namespace std;\nchar str[200005];\n\nint main() {\n    scanf("%s", str);\n    int ans = 0, a = -1;\n\n    for(int i = 0; str[i]; i++) {\n        if(str[i] == \'Z\') {\n            if(a != -1)\n                ans = max(ans, i - a);\n        } else if(str[i] == \'A\' && a == -1) {\n            a = i;\n        }\n    }\n    printf("%d\\n", ans + 1);\n    return 0;\n}')"
2025-02-24 21:06:38,070	[INFO]	Step: 31
2025-02-24 21:06:38,071	[INFO]	Stop Steps: 50
2025-02-24 21:06:38,534	[INFO]	3-2     TEST_CODE_ERROR       None (--) [1 edit(s)]  
2025-02-24 21:06:38,535	[DEBUG]	patch(3-2)="LineLLMCrossover(('source.cpp', 9), '#include <cstdio>\n#include <cstring>\n#include <algorithm>\nusing namespace std;\ntypedef long long li;\nconst int maxn = 100000;\nint n, a[maxn], b[maxn];\n\nint main(void) {\n    scanf("%d", &n);\n    for(int i = 0; i < n; ++i) {\n        scanf("%d%d", a + i, b + i);\n    }\n    li ans = 0;\n    for(int i = n - 1; i >= 0; --i) {\n        li cur = a[i] + ans;\n        li tar = (cur + b[i] - 1) / b[i] * b[i];\n        ans += tar - cur;\n    }\n    printf("%lld\\n", ans);\n}')"
2025-02-24 21:06:38,535	[INFO]	Step: 32
2025-02-24 21:06:38,535	[INFO]	Stop Steps: 50
2025-02-24 21:06:38,997	[INFO]	3-3     TEST_CODE_ERROR       None (--) [1 edit(s)]  
2025-02-24 21:06:38,997	[DEBUG]	patch(3-3)="LineLLMCrossover(('source.cpp', 10), '#include <cstdio>\n#include <algorithm>\nusing namespace std;\nchar str[200005];\n\nint main() {\n    scanf("%s", str);\n    int ans = 0, a = -1;\n\n    for (int i = 0; str[i] != \'\\0\'; ++i) {\n        if (str[i] == \'Z\') {\n            if (a != -1) {\n                ans = max(ans, i - a);\n            }\n        } else if (str[i] == \'A\' && a == -1) {\n            a = i;\n        }\n    }\n    printf("%d\\n", ans + 1);\n    return 0;\n}')"
2025-02-24 21:06:38,997	[INFO]	Step: 33
2025-02-24 21:06:38,997	[INFO]	Stop Steps: 50
2025-02-24 21:06:39,456	[INFO]	3-4     TEST_CODE_ERROR       None (--) [1 edit(s)]  
2025-02-24 21:06:39,456	[DEBUG]	patch(3-4)="LineLLMCrossover(('source.cpp', 11), '#include <cstdio>\n#include <algorithm>\nusing namespace std;\ntypedef long long li;\nconst int maxn = 100000;\nint n, a[maxn], b[maxn];\n\nint main(void) {\n    scanf("%d", &n);\n    for (int i = 0; i < n; ++i) {\n        scanf("%d%d", &a[i], &b[i]);\n    }\n    li ans = 0;\n    for (int i = n - 1; i >= 0; --i) {\n        li cur = a[i] + ans;\n        li tar = (cur + b[i] - 1) / b[i] * b[i];\n        ans += tar - cur;\n    }\n    printf("%lld\\n", ans);\n}')"
2025-02-24 21:06:39,456	[INFO]	Step: 34
2025-02-24 21:06:39,456	[INFO]	Stop Steps: 50
2025-02-24 21:06:40,259	[INFO]	3-5     TEST_CODE_ERROR       None (--) [1 edit(s)]  
2025-02-24 21:06:40,259	[DEBUG]	patch(3-5)="LineLLMMutation(('source.cpp', 22), '#include<iostream>\n#include<algorithm>\n#include<cmath>\n\nusing namespace std;\n\nbool dp[1000001];\n\nbool isprime(int x) {\n    if (x <= 1) return false;\n    if (x <= 3) return true;\n    if (x % 2 == 0 || x % 3 == 0) return false;\n    for (int i = 5; i * i <= x; i += 6) {\n        if (x % i == 0 || x % (i + 2) == 0) return false;\n    }\n    return true;\n}\n\nint solve(int i) {\n    while (true) {\n        if (dp[i] && !isprime(i)) return i;\n        i--;\n    }\n}\n\nint main() {\n    int n, x, data[30], ans;\n    while (cin >> n >> x, n) {\n        fill_n(dp, 1000001, false);\n        dp[0] = true;\n        for (int i = 0; i < n; i++) cin >> data[i];\n        for (int i = 0; i <= x; i++) {\n            if (dp[i]) for (int j = 0; j < n; j++)\n                if (i + data[j] <= x) dp[i + data[j]] = true;\n        }\n        if (1 < (ans = solve(x))) cout << ans << endl;\n        else cout << "NA" << endl;\n    }\n}')"
2025-02-24 21:06:40,259	[INFO]	Step: 35
2025-02-24 21:06:40,259	[INFO]	Stop Steps: 50
2025-02-24 21:06:40,981	[INFO]	3-6     TEST_CODE_ERROR       None (--) [1 edit(s)]  
2025-02-24 21:06:40,982	[DEBUG]	patch(3-6)="LineLLMMutation(('source.cpp', 23), '#include<iostream>\n#include<algorithm>\n#include<vector>\n\nusing namespace std;\n\nvector<bool> dp(1000001);\n\nbool isprime(int x) {\n    if (x <= 1) return false;\n    if (x == 2) return true;\n    if (x % 2 == 0) return false;\n    for (int i = 3; i * i <= x; i += 2) {\n        if (x % i == 0) return false;\n    }\n    return true;\n}\n\nint solve(int i) {\n    while (true) {\n        if (dp[i] && !isprime(i)) return i;\n        i--;\n    }\n}\n\nint main() {\n    int n, x, data[30], ans;\n    while (cin >> n >> x, n) {\n        fill(dp.begin(), dp.end(), false);\n        dp[0] = true;\n        for (int i = 0; i < n; i++) cin >> data[i];\n        for (int i = 0; i <= x; i++) {\n            if (dp[i]) for (int j = 0; j < n; j++)\n                if (i + data[j] <= x) dp[i + data[j]] = true;\n        }\n        if (1 < (ans = solve(x))) cout << ans << endl;\n        else cout << "NA" << endl;\n    }\n}')"
2025-02-24 21:06:40,982	[INFO]	Step: 36
2025-02-24 21:06:40,982	[INFO]	Stop Steps: 50
2025-02-24 21:06:41,668	[INFO]	3-7     TEST_CODE_ERROR       None (--) [1 edit(s)]  
2025-02-24 21:06:41,668	[DEBUG]	patch(3-7)="LineLLMMutation(('source.cpp', 24), '#include<iostream>\n#include<algorithm>\n#include<vector>\n\nusing namespace std;\n\nbool dp[1000001];\n\nbool isprime(int x) {\n    if (x <= 1) return false;\n    if (x == 2) return true;\n    if (x % 2 == 0) return false;\n    for (int i = 3; i * i <= x; i += 2) {\n        if (x % i == 0) return false;\n    }\n    return true;\n}\n\nint solve(int i) {\n    for (; i >= 0; i--) {\n        if (dp[i] && !isprime(i)) return i;\n    }\n    return -1;  // Indicates no suitable number found\n}\n\nint main() {\n    int n, x, data[30], ans;\n    while (cin >> n >> x, n) {\n        fill_n(dp, 1000001, false);\n        dp[0] = true;\n        for (int i = 0; i < n; i++) cin >> data[i];\n        for (int i = 0; i <= x; i++) {\n            if (dp[i]) for (int j = 0; j < n; j++)\n                if (i + data[j] <= x) dp[i + data[j]] = true;\n        }\n        if (1 < (ans = solve(x))) cout << ans << endl;\n        else cout << "NA" << endl;\n    }\n}')"
2025-02-24 21:06:41,668	[INFO]	Step: 37
2025-02-24 21:06:41,668	[INFO]	Stop Steps: 50
2025-02-24 21:06:42,336	[INFO]	3-8     TEST_CODE_ERROR       None (--) [1 edit(s)]  
2025-02-24 21:06:42,336	[DEBUG]	patch(3-8)="LineLLMMutation(('source.cpp', 25), '#include<iostream>\n#include<algorithm>\n\nusing namespace std;\n\nbool dp[1000001];\n\nbool isprime(int x) {\n    if (x <= 1) return false;\n    if (x == 2) return true;\n    if (x % 2 == 0) return false;\n    for (int i = 3; i * i <= x; i += 2) {\n        if (x % i == 0) return false;\n    }\n    return true;\n}\n\nint solve(int i) {\n    while (true) {\n        if (dp[i] && !isprime(i)) return i;\n        i--;\n    }\n}\n\nint main() {\n    int n, x, data[30], ans;\n    while (scanf("%d %d", &n, &x), n) {\n        fill_n(dp, 1000001, false);\n        dp[0] = true;\n        for (int i = 0; i < n; i++) scanf("%d", &data[i]);\n        for (int i = 0; i <= x; i++) {\n            if (dp[i]) for (int j = 0; j < n; j++)\n                if (i + data[j] <= x) dp[i + data[j]] = true;\n        }\n        if (1 < (ans = solve(x))) printf("%d\\n", ans);\n        else printf("NA\\n");\n    }\n}')"
2025-02-24 21:06:42,336	[INFO]	Step: 38
2025-02-24 21:06:42,336	[INFO]	Stop Steps: 50
2025-02-24 21:06:43,020	[INFO]	3-9     TEST_CODE_ERROR       None (--) [1 edit(s)]  
2025-02-24 21:06:43,020	[DEBUG]	patch(3-9)="LineLLMMutation(('source.cpp', 26), '#include<iostream>\n#include<algorithm>\n#include<vector>\n\nusing namespace std;\n\nbool dp[1000001];\nbool is_prime[1000001];\n\nvoid sieve(int limit) {\n    fill(is_prime, is_prime + limit + 1, true);\n    is_prime[0] = is_prime[1] = false;\n    for (int p = 2; p * p <= limit; p++) {\n        if (is_prime[p]) {\n            for (int i = p * p; i <= limit; i += p) {\n                is_prime[i] = false;\n            }\n        }\n    }\n}\n\nint solve(int i) {\n    while (true) {\n        if (dp[i] && !is_prime[i]) return i;\n        i--;\n    }\n}\n\nint main() {\n    int n, x, data[30], ans;\n    while (cin >> n >> x, n) {\n        fill_n(dp, 1000001, false);\n        dp[0] = true;\n        sieve(x); // Precompute primes up to x\n        for (int i = 0; i < n; i++) cin >> data[i];\n        for (int i = 0; i <= x; i++) {\n            if (dp[i]) for (int j = 0; j < n; j++)\n                if (i + data[j] <= x) dp[i + data[j]] = true;\n        }\n        if (1 < (ans = solve(x))) cout << ans << endl;\n        else cout << "NA" << endl;\n    }\n}')"
2025-02-24 21:06:43,020	[INFO]	Step: 39
2025-02-24 21:06:43,021	[INFO]	Stop Steps: 50
2025-02-24 21:06:43,735	[INFO]	3-10    TEST_CODE_ERROR       None (--) [1 edit(s)]  
2025-02-24 21:06:43,735	[DEBUG]	patch(3-10)="LineLLMMutation(('source.cpp', 27), '#include<iostream>\n#include<algorithm>\n#include<vector>\n\nusing namespace std;\n\nbool dp[1000001];\nbool is_prime[1000001];\n\nvoid sieve(int limit) {\n    fill(is_prime, is_prime + limit + 1, true);\n    is_prime[0] = is_prime[1] = false;\n    for (int p = 2; p * p <= limit; p++) {\n        if (is_prime[p]) {\n            for (int i = p * p; i <= limit; i += p) {\n                is_prime[i] = false;\n            }\n        }\n    }\n}\n\nint solve(int i) {\n    while (true) {\n        if (dp[i] && !is_prime[i]) return i;\n        i--;\n    }\n}\n\nint main() {\n    int n, x, ans;\n    while (cin >> n >> x, n) {\n        vector<int> data(n);\n        fill_n(dp, 1000001, false);\n        dp[0] = true;\n        sieve(x);\n        for (int i = 0; i < n; i++) cin >> data[i];\n        for (int i = 0; i <= x; i++) {\n            if (dp[i]) for (int j = 0; j < n; j++)\n                if (i + data[j] <= x) dp[i + data[j]] = true;\n        }\n        if (1 < (ans = solve(x))) cout << ans << endl;\n        else cout << "NA" << endl;\n    }\n}')"
2025-02-24 21:06:43,735	[INFO]	Step: 40
2025-02-24 21:06:43,735	[INFO]	Stop Steps: 50
2025-02-24 21:06:45,463	[DEBUG]	EXEC>  SUCCESS 11722139.0
2025-02-24 21:06:45,463	[INFO]	REF     SUCCESS               11722139.00 (--) [0 edit(s)]  
2025-02-24 21:06:45,463	[INFO]	Best patch step: None
2025-02-24 21:07:44,311	[INFO]	Step: 40
2025-02-24 21:07:44,311	[INFO]	Stop Steps: 50
2025-02-24 21:07:44,766	[INFO]	4-1     TEST_CODE_ERROR       None (--) [1 edit(s)]  
2025-02-24 21:07:44,766	[DEBUG]	patch(4-1)="LineLLMCrossover(('source.cpp', 12), '#include <cstdio>\n#include <algorithm>\nusing namespace std;\n\nconst int maxn = 200005;\nchar str[maxn];\n\nint main() {\n    scanf("%s", str);\n    int longest = 0;\n    int lastA = -1;\n    \n    for (int i = 0; str[i]; i++) {\n        if (str[i] == \'A\' && lastA == -1) {\n            lastA = i;\n        } else if (str[i] == \'Z\' && lastA != -1) {\n            longest = max(longest, i - lastA);\n        }\n    }\n    \n    printf("%d\\n", longest + 1);\n    return 0;\n}')"
2025-02-24 21:07:44,766	[INFO]	Step: 41
2025-02-24 21:07:44,766	[INFO]	Stop Steps: 50
2025-02-24 21:07:45,221	[INFO]	4-2     TEST_CODE_ERROR       None (--) [1 edit(s)]  
2025-02-24 21:07:45,221	[DEBUG]	patch(4-2)="LineLLMCrossover(('source.cpp', 13), '#include <cstdio>\n#include <algorithm>\nusing namespace std;\n\ntypedef long long ll;\nconst int maxn = 100000;\nint n, a[maxn], b[maxn];\n\nint main() {\n    scanf("%d", &n);\n    for (int i = 0; i < n; ++i) {\n        scanf("%d%d", &a[i], &b[i]);\n    }\n\n    ll total = 0;\n    for (int i = n - 1; i >= 0; --i) {\n        ll current = a[i] + total;\n        ll target = (current + b[i] - 1) / b[i] * b[i];\n        total += target - current;\n    }\n    \n    printf("%lld\\n", total);\n    return 0;\n}')"
2025-02-24 21:07:45,221	[INFO]	Step: 42
2025-02-24 21:07:45,221	[INFO]	Stop Steps: 50
2025-02-24 21:07:45,694	[INFO]	4-3     TEST_CODE_ERROR       None (--) [1 edit(s)]  
2025-02-24 21:07:45,694	[DEBUG]	patch(4-3)="LineLLMCrossover(('source.cpp', 14), '#include <cstdio>\n#include <cstring>\n#include <algorithm>\nusing namespace std;\n\nconst int maxn = 100000;\nint n, a[maxn], b[maxn];\n\nint main() {\n    scanf("%d", &n);\n    for (int i = 0; i < n; ++i) {\n        scanf("%d%d", a + i, b + i);\n    }\n\n    long long result = 0;\n    for (int i = 0; i < n; ++i) {\n        result += (a[i] * 2) + b[i];\n    }\n\n    printf("%lld\\n", result);\n    return 0;\n}')"
2025-02-24 21:07:45,694	[INFO]	Step: 43
2025-02-24 21:07:45,694	[INFO]	Stop Steps: 50
2025-02-24 21:07:46,315	[INFO]	4-4     TEST_CODE_ERROR       None (--) [1 edit(s)]  
2025-02-24 21:07:46,315	[DEBUG]	patch(4-4)="LineLLMCrossover(('source.cpp', 15), '#include <cstdio>\n#include <algorithm>\nusing namespace std;\n\ntypedef long long ll;\nconst int maxn = 1e5;\nint n;\nll a[maxn], b[maxn];\n\nint main() {\n    scanf("%d", &n);\n    for (int i = 0; i < n; ++i) {\n        scanf("%lld %lld", &a[i], &b[i]);\n    }\n\n    ll total = 0;\n    for (int i = 0; i < n; ++i) {\n        total += max(a[i], b[i]);\n    }\n\n    printf("%lld\\n", total);\n    return 0;\n}')"
2025-02-24 21:07:46,316	[INFO]	Step: 44
2025-02-24 21:07:46,316	[INFO]	Stop Steps: 50
2025-02-24 21:07:47,011	[INFO]	4-5     TEST_CODE_ERROR       None (--) [1 edit(s)]  
2025-02-24 21:07:47,011	[DEBUG]	patch(4-5)="LineLLMMutation(('source.cpp', 28), '#include<iostream>\n#include<algorithm>\n\nusing namespace std;\n\nbool dp[1000001];\n\nbool isprime(int x){\n    if (x <= 1) return false;\n    if (x <= 3) return true;\n    if (x % 2 == 0 || x % 3 == 0) return false;\n    for (int i = 5; i * i <= x; i += 6) {\n        if (x % i == 0 || x % (i + 2) == 0) return false;\n    }\n    return true;\n}\n\nint solve(int i) {\n    while(true) {\n        if(dp[i] && !isprime(i)) return i; \n        i--; \n    }\n}\n\nint main() {\n    int n, x, data[30], ans;\n    while(cin >> n >> x, n) {\n        fill_n(dp, 1000001, false); \n        dp[0] = true;\n\n        for(int i = 0; i < n; i++) cin >> data[i];\n\n        for(int i = 0; i <= x; i++) {\n            if(dp[i]) \n                for(int j = 0; j < n; j++)\n                    if(i + data[j] <= x) dp[i + data[j]] = true;\n        }\n\n        if(1 < (ans = solve(x))) cout << ans << endl;\n        else cout << "NA" << endl;\n    }\n}')"
2025-02-24 21:07:47,011	[INFO]	Step: 45
2025-02-24 21:07:47,011	[INFO]	Stop Steps: 50
2025-02-24 21:07:47,700	[INFO]	4-6     TEST_CODE_ERROR       None (--) [1 edit(s)]  
2025-02-24 21:07:47,700	[DEBUG]	patch(4-6)="LineLLMMutation(('source.cpp', 29), '#include<iostream>\n#include<algorithm>\n\nusing namespace std;\n\nbool dp[1000001];\n\nbool isprime(int x) {\n    if (x <= 1) return false;\n    if (x <= 3) return true;\n    if (x % 2 == 0 || x % 3 == 0) return false;\n    for (int i = 5; i * i <= x; i += 6) {\n        if (x % i == 0 || x % (i + 2) == 0) return false;\n    }\n    return true;\n}\n\nint solve(int i) {\n    while(i > 0) { // Prevent out-of-bounds\n        if(dp[i] && !isprime(i)) return i; \n        i--; \n    }\n    return -1; // Indicate no valid solution found\n}\n\nint main() {\n    int n, x, data[30], ans;\n    while(cin >> n >> x, n) {\n        fill_n(dp, 1000001, false); \n        dp[0] = true;\n\n        for(int i = 0; i < n; i++) cin >> data[i];\n\n        for(int i = 0; i <= x; i++) {\n            if(dp[i]) \n                for(int j = 0; j < n; j++)\n                    if(i + data[j] <= x) dp[i + data[j]] = true;\n        }\n\n        if(1 < (ans = solve(x))) cout << ans << endl;\n        else cout << "NA" << endl;\n    }\n}')"
2025-02-24 21:07:47,701	[INFO]	Step: 46
2025-02-24 21:07:47,701	[INFO]	Stop Steps: 50
2025-02-24 21:07:48,396	[INFO]	4-7     TEST_CODE_ERROR       None (--) [1 edit(s)]  
2025-02-24 21:07:48,396	[DEBUG]	patch(4-7)="LineLLMMutation(('source.cpp', 30), '#include<iostream>\n#include<algorithm>\n\nusing namespace std;\n\nbool dp[1000001];\n\nbool isprime(int x) {\n    if (x <= 1) return false;\n    if (x <= 3) return true;\n    if (x % 2 == 0 || x % 3 == 0) return false;\n    for (int i = 5; i * i <= x; i += 6) {\n        if (x % i == 0 || x % (i + 2) == 0) return false;\n    }\n    return true;\n}\n\nint solve(int x) {\n    for(int i = x; i > 0; i--) {\n        if(dp[i] && !isprime(i)) return i; \n    }\n    return -1;\n}\n\nint main() {\n    int n, x, data[30], ans;\n    while(cin >> n >> x, n) {\n        fill_n(dp, 1000001, false); \n        dp[0] = true;\n\n        for(int i = 0; i < n; i++) cin >> data[i];\n\n        for(int i = 0; i <= x; i++) {\n            if(dp[i]) \n                for(int j = 0; j < n; j++)\n                    if(i + data[j] <= x) dp[i + data[j]] = true;\n        }\n\n        if(1 < (ans = solve(x))) cout << ans << endl;\n        else cout << "NA" << endl;\n    }\n}')"
2025-02-24 21:07:48,396	[INFO]	Step: 47
2025-02-24 21:07:48,396	[INFO]	Stop Steps: 50
2025-02-24 21:07:49,078	[INFO]	4-8     TEST_CODE_ERROR       None (--) [1 edit(s)]  
2025-02-24 21:07:49,078	[DEBUG]	patch(4-8)="LineLLMMutation(('source.cpp', 31), '#include<iostream>\n#include<algorithm>\n#include<cstdio>\n\nusing namespace std;\n\nbool dp[1000001];\n\nbool isprime(int x) {\n    if (x <= 1) return false;\n    if (x <= 3) return true;\n    if (x % 2 == 0 || x % 3 == 0) return false;\n    for (int i = 5; i * i <= x; i += 6) {\n        if (x % i == 0 || x % (i + 2) == 0) return false;\n    }\n    return true;\n}\n\nint solve(int x) {\n    for(int i = x; i > 0; i--) {\n        if(dp[i] && !isprime(i)) return i; \n    }\n    return -1;\n}\n\nint main() {\n    int n, x, data[30], ans;\n    while(scanf("%d %d", &n, &x), n) {\n        fill_n(dp, 1000001, false); \n        dp[0] = true;\n\n        for(int i = 0; i < n; i++) scanf("%d", &data[i]);\n\n        for(int i = 0; i <= x; i++) {\n            if(dp[i]) \n                for(int j = 0; j < n; j++)\n                    if(i + data[j] <= x) dp[i + data[j]] = true;\n        }\n\n        if(1 < (ans = solve(x))) printf("%d\\n", ans);\n        else printf("NA\\n");\n    }\n}')"
2025-02-24 21:07:49,078	[INFO]	Step: 48
2025-02-24 21:07:49,078	[INFO]	Stop Steps: 50
2025-02-24 21:07:49,935	[INFO]	4-9     TEST_CODE_ERROR       None (--) [1 edit(s)]  
2025-02-24 21:07:49,935	[DEBUG]	patch(4-9)="LineLLMMutation(('source.cpp', 32), '#include<iostream>\n#include<algorithm>\n#include<vector>\n\nusing namespace std;\n\nvector<bool> dp(1000001);\n\nbool isprime(int x) {\n    if (x <= 1) return false;\n    if (x <= 3) return true;\n    if (x % 2 == 0 || x % 3 == 0) return false;\n    for (int i = 5; i * i <= x; i += 6) {\n        if (x % i == 0 || x % (i + 2) == 0) return false;\n    }\n    return true;\n}\n\nint solve(int x) {\n    for(int i = x; i > 0; i--) {\n        if(dp[i] && !isprime(i)) return i; \n    }\n    return -1;\n}\n\nint main() {\n    int n, x, data[30], ans;\n    while(cin >> n >> x, n) {\n        fill(dp.begin(), dp.end(), false); \n        dp[0] = true;\n\n        for(int i = 0; i < n; i++) cin >> data[i];\n\n        for(int i = 0; i <= x; i++) {\n            if(dp[i]) \n                for(int j = 0; j < n; j++)\n                    if(i + data[j] <= x) dp[i + data[j]] = true;\n        }\n\n        if(1 < (ans = solve(x))) cout << ans << endl;\n        else cout << "NA" << endl;\n    }\n}')"
2025-02-24 21:07:49,935	[INFO]	Step: 49
2025-02-24 21:07:49,935	[INFO]	Stop Steps: 50
2025-02-24 21:07:50,648	[INFO]	4-10    TEST_CODE_ERROR       None (--) [1 edit(s)]  
2025-02-24 21:07:50,648	[DEBUG]	patch(4-10)="LineLLMMutation(('source.cpp', 33), '#include<iostream>\n#include<algorithm>\n#include<vector>\n\nusing namespace std;\n\nconst int MAX = 1000001;\nvector<bool> is_prime(MAX, true);\nvector<bool> dp(MAX);\n\nvoid sieve() {\n    is_prime[0] = is_prime[1] = false; // 0 and 1 are not prime\n    for (int i = 2; i * i < MAX; i++) {\n        if (is_prime[i]) {\n            for (int j = i * i; j < MAX; j += i) {\n                is_prime[j] = false;\n            }\n        }\n    }\n}\n\nint solve(int x) {\n    for(int i = x; i > 0; i--) {\n        if(dp[i] && !is_prime[i]) return i; \n    }\n    return -1;\n}\n\nint main() {\n    int n, x, data[30], ans;\n    sieve(); // Precompute prime numbers\n    while(cin >> n >> x, n) {\n        fill(dp.begin(), dp.end(), false); \n        dp[0] = true;\n\n        for(int i = 0; i < n; i++) cin >> data[i];\n\n        for(int i = 0; i <= x; i++) {\n            if(dp[i]) \n                for(int j = 0; j < n; j++)\n                    if(i + data[j] <= x) dp[i + data[j]] = true;\n        }\n\n        if(1 < (ans = solve(x))) cout << ans << endl;\n        else cout << "NA" << endl;\n    }\n}')"
2025-02-24 21:07:50,648	[INFO]	Step: 50
2025-02-24 21:07:50,648	[INFO]	Stop Steps: 50
2025-02-24 21:07:50,648	[INFO]	(Abstract Algorithm) Stopping Condition: step budget
2025-02-24 21:07:50,649	[INFO]	~~~~ END ~~~~
2025-02-24 21:07:50,649	[INFO]	Best patch step: None
2025-02-24 21:07:50,649	[INFO]	
2025-02-24 21:07:50,649	[INFO]	==== REPORT ====
2025-02-24 21:07:50,649	[INFO]	Termination: step budget
2025-02-24 21:07:50,649	[INFO]	Log file: /home/luke/magpie/_magpie_logs/0057_1740430911.log
