2025-01-23 22:31:10,984	[DEBUG]	==== CONFIG ====
[magpie]
import = 
seed = 1282178648278408
log_dir = _magpie_logs
work_dir = _magpie_work
local_original_copy = True
local_original_name = __original__
output_encoding = ascii
edit_retries = 10
default_timeout = 30
default_lengthout = 10000.0
diff_method = unified
trust_local_filesystem = True

[magpie.log]
color_output = True
format_info = {counter:<7} {status:<20} {best}{fitness} ({ratio}) [{size}] {cached} {log}
format_debug = patch({counter})="{patch}"{diffifbest}
format_fitness = {:.2f}
format_ratio = {:.2%%}
format_patchif = 
	 --> {patch}
format_diffif = 
	{diff}

[software]
path = dataset/magpie_dataset/train/0057
target_files = 
	source.cpp
software = BasicSoftware
model_rules = 
	*.params : ParamFileConfigModel
	*.xml : SrcmlModel
	* : LineModel
model_config = 
	*.params : [paramconfig]
	*.xml : [srcml]
init_cmd = 
init_timeout = 60
init_lengthout = -1
setup_cmd = bash setup.sh
setup_timeout = 
setup_lengthout = 
compile_cmd = bash compile.sh
compile_timeout = 
compile_lengthout = 
test_cmd = bash test.sh
test_timeout = 
test_lengthout = 
run_cmd = bash run.sh
run_timeout = 3
run_lengthout = 
batch_timeout = 
batch_lengthout = 
batch_bin_fitness_strategy = aggregate
batch_fitness_strategy = sum
fitness = time

[srcml]
rename = 
	stmt: break continue decl_stmt do expr_stmt for goto if return switch while
	number: literal_number
focus = block stmt operator_comp operator_arith number
internodes = block
process_pseudo_blocks = True
process_literals = True
process_operators = True

[paramconfig]
timing = test run
cli_prefix = --
cli_glue = =
cli_boolean = show
cli_boolean_prefix_true = 
cli_boolean_prefix_false = no-
cli_none = hide
silent_prefix = @
silent_suffix = $

[search]
protocol = BasicProtocol
algorithm = GeneticProgrammingLLM
possible_edits = 
	LineLLMMutation
	LineLLMCrossover
	LineDeletion
	LineInsertion
	LineReplacement
llm_prob = 1.0
warmup = 5
warmup_strategy = last
max_steps = 100
max_time = 20000
target_fitness = 
cache_maxsize = 100
cache_keep = 0.2
batch_instances = 
batch_shuffle = True
batch_bin_shuffle = False
batch_sample_size = 1

[search.ls]
delete_prob = 0.5
max_neighbours = 
when_trapped = continue
accept_fail = False
tabu_length = 10

[search.gp]
pop_size = 10
delete_prob = 0.0
offspring_elitism = 0.2
offspring_crossover = 0.4
offspring_mutation = 0.4
uniform_rate = 0.5
batch_reset = True

[search.minify]
do_cleanup = True
do_rebuild = True
do_simplify = True
round_robin_limit = 3


2025-01-23 22:31:10,984	[DEBUG]	
2025-01-23 22:31:10,984	[INFO]	==== SEARCH: GeneticProgrammingLLM ====
2025-01-23 22:31:10,984	[INFO]	~~~~ WARMUP ~~~~
2025-01-23 22:31:11,914	[DEBUG]	EXEC>  SUCCESS 5172004.875
2025-01-23 22:31:11,914	[INFO]	WARM    SUCCESS               5172004.88 (--) [0 edit(s)]  
2025-01-23 22:31:12,447	[DEBUG]	EXEC>  SUCCESS 5119785.625
2025-01-23 22:31:12,447	[INFO]	WARM    SUCCESS               5119785.62 (--) [0 edit(s)]  
2025-01-23 22:31:12,986	[DEBUG]	EXEC>  SUCCESS 5179592.6875
2025-01-23 22:31:12,986	[INFO]	WARM    SUCCESS               5179592.69 (--) [0 edit(s)]  
2025-01-23 22:31:13,518	[DEBUG]	EXEC>  SUCCESS 5196281.75
2025-01-23 22:31:13,518	[INFO]	WARM    SUCCESS               5196281.75 (--) [0 edit(s)]  
2025-01-23 22:31:14,060	[DEBUG]	EXEC>  SUCCESS 5165397.625
2025-01-23 22:31:14,060	[INFO]	WARM    SUCCESS               5165397.62 (--) [0 edit(s)]  
2025-01-23 22:31:14,060	[INFO]	REF     SUCCESS               5165397.62 (--) [0 edit(s)]  
2025-01-23 22:31:14,060	[INFO]	
2025-01-23 22:31:14,061	[INFO]	~~~~ START ~~~~
2025-01-23 22:32:11,753	[INFO]	0-1     TEST_CODE_ERROR       None (--) [1 edit(s)]  
2025-01-23 22:32:11,753	[DEBUG]	patch(0-1)="LineLLMMutation(('source.cpp', 0), '#include<iostream>\n#include<algorithm>\nusing namespace std;\n\nbool dp[1000001];\n\nbool isprime(int& x){\n    if (x <= 1) return false;\n    for(int i = 2; i * i <= x; i++) {\n        if (x % i == 0) return false;\n    }\n    return true;\n}\n\nint solve(int i){\n    while(true){ \n        if(dp[i] && !isprime(i)) return i; \n        i--; \n    }\n}\n\nint main(){\n    int n,x,data[30],ans;\n    while(cin >> n >> x , n){\n        fill_n(dp,1000001,false); \n        dp[0] = true;\n        for(int i = 0; i < n; i++ ) cin >> data[i];\n        for(int i = 0; i <= x; i++ ){\n            if(dp[i]) {\n                for(int j = 0; j < n; j++ ){\n                    if(i + data[j] <= x) dp[i+data[j]] = true;\n                }\n            }\n        }\n        if(1 < (ans = solve(x))) cout << ans << endl;\n        else cout << "NA" << endl;\n    }\n}')"
2025-01-23 22:32:13,115	[INFO]	0-2     TEST_CODE_ERROR       None (--) [1 edit(s)]  
2025-01-23 22:32:13,115	[DEBUG]	patch(0-2)="LineLLMMutation(('source.cpp', 1), '#include<iostream>\n#include<algorithm>\nusing namespace std;\n\nbool dp[1000001];\n\nbool isprime(int& x){\n    if (x <= 1) return false;\n    for(int i = 2; i * i <= x; i++) {\n        if (x % i == 0) return false;\n    }\n    return true;\n}\n\nint solve(int i){\n    while(i >= 0){ \n        if(dp[i] && !isprime(i)) return i; \n        i--; \n    }\n    return -1; // Return -1 if no result found\n}\n\nint main(){\n    int n,x,data[30],ans;\n    while(cin >> n >> x , n){\n        fill_n(dp,1000001,false); \n        dp[0] = true;\n        for(int i = 0; i < n; i++ ) cin >> data[i];\n        for(int i = 0; i <= x; i++ ){\n            if(dp[i]) {\n                for(int j = 0; j < n; j++ ){\n                    if(i + data[j] <= x) dp[i+data[j]] = true;\n                }\n            }\n        }\n        if(1 < (ans = solve(x))) cout << ans << endl;\n        else cout << "NA" << endl;\n    }\n}')"
2025-01-23 22:32:14,506	[INFO]	0-3     TEST_CODE_ERROR       None (--) [1 edit(s)]  
2025-01-23 22:32:14,506	[DEBUG]	patch(0-3)="LineLLMMutation(('source.cpp', 2), '#include<iostream>\n#include<algorithm>\n#include<vector>\nusing namespace std;\n\nbool dp[1000001];\n\nbool isprime(int& x){\n    if (x <= 1) return false;\n    for(int i = 2; i * i <= x; i++) {\n        if (x % i == 0) return false;\n    }\n    return true;\n}\n\nint solve(int i){\n    while(i >= 0){ \n        if(dp[i] && !isprime(i)) return i; \n        i--; \n    }\n    return -1; \n}\n\nint main(){\n    int n,x,ans;\n    while(cin >> n >> x , n){\n        fill_n(dp,1000001,false); \n        dp[0] = true;\n        vector<int> data(n);\n        for(int i = 0; i < n; i++ ) cin >> data[i];\n        for(int i = 0; i <= x; i++ ){\n            if(dp[i]) {\n                for(int j = 0; j < n; j++ ){\n                    if(i + data[j] <= x) dp[i+data[j]] = true;\n                }\n            }\n        }\n        if(1 < (ans = solve(x))) cout << ans << endl;\n        else cout << "NA" << endl;\n    }\n}')"
2025-01-23 22:32:15,883	[INFO]	0-4     TEST_CODE_ERROR       None (--) [1 edit(s)]  
2025-01-23 22:32:15,883	[DEBUG]	patch(0-4)="LineLLMMutation(('source.cpp', 3), '#include<iostream>\n#include<algorithm>\n#include<vector>\n#include<cstdio>\nusing namespace std;\n\nbool dp[1000001];\n\nbool isprime(int& x){\n    if (x <= 1) return false;\n    for(int i = 2; i * i <= x; i++) {\n        if (x % i == 0) return false;\n    }\n    return true;\n}\n\nint solve(int i){\n    while(i >= 0){ \n        if(dp[i] && !isprime(i)) return i; \n        i--; \n    }\n    return -1; \n}\n\nint main(){\n    int n,x,ans;\n    while(scanf("%d %d", &n, &x), n){\n        fill_n(dp,1000001,false); \n        dp[0] = true;\n        vector<int> data(n);\n        for(int i = 0; i < n; i++ ) scanf("%d", &data[i]);\n        for(int i = 0; i <= x; i++ ){\n            if(dp[i]) {\n                for(int j = 0; j < n; j++ ){\n                    if(i + data[j] <= x) dp[i+data[j]] = true;\n                }\n            }\n        }\n        if(1 < (ans = solve(x))) printf("%d\\n", ans);\n        else printf("NA\\n");\n    }\n}')"
2025-01-23 22:32:17,133	[INFO]	0-5     COMPILE_CODE_ERROR    None (--) [1 edit(s)]  
2025-01-23 22:32:17,133	[DEBUG]	patch(0-5)="LineLLMMutation(('source.cpp', 4), '#include<iostream>\n#include<algorithm>\n#include<vector>\n#include<cstdio>\nusing std::cin;\nusing std::cout;\nusing std::vector;\n\nbool dp[1000001];\n\nbool isprime(int& x){\n    if (x <= 1) return false;\n    for(int i = 2; i * i <= x; i++) {\n        if (x % i == 0) return false;\n    }\n    return true;\n}\n\nint solve(int i){\n    while(i >= 0){ \n        if(dp[i] && !isprime(i)) return i; \n        i--; \n    }\n    return -1; \n}\n\nint main(){\n    int n,x,ans;\n    while(scanf("%d %d", &n, &x), n){\n        fill_n(dp,1000001,false); \n        dp[0] = true;\n        vector<int> data(n);\n        for(int i = 0; i < n; i++ ) scanf("%d", &data[i]);\n        for(int i = 0; i <= x; i++ ){\n            if(dp[i]) {\n                for(int j = 0; j < n; j++ ){\n                    if(i + data[j] <= x) dp[i+data[j]] = true;\n                }\n            }\n        }\n        if(1 < (ans = solve(x))) printf("%d\\n", ans);\n        else printf("NA\\n");\n    }\n}')"
2025-01-23 22:32:18,382	[INFO]	0-6     COMPILE_CODE_ERROR    None (--) [1 edit(s)]  
2025-01-23 22:32:18,382	[DEBUG]	patch(0-6)="LineLLMMutation(('source.cpp', 5), '#include<iostream>\n#include<algorithm>\n#include<vector>\n#include<cstdio>\nusing std::cin;\nusing std::cout;\nusing std::vector;\n\nbool dp[1000001];\n\nint isprime(int& x){\n    if (x <= 1) return 0;\n    for(int i = 2; i * i <= x; i++) {\n        if (x % i == 0) return 0;\n    }\n    return 1;\n}\n\nint solve(int i){\n    while(i >= 0){ \n        if(dp[i] && !isprime(i)) return i; \n        i--; \n    }\n    return -1; \n}\n\nint main(){\n    int n,x,ans;\n    while(scanf("%d %d", &n, &x), n){\n        fill_n(dp,1000001,false); \n        dp[0] = true;\n        vector<int> data(n);\n        for(int i = 0; i < n; i++ ) scanf("%d", &data[i]);\n        for(int i = 0; i <= x; i++ ){\n            if(dp[i]) {\n                for(int j = 0; j < n; j++ ){\n                    if(i + data[j] <= x) dp[i+data[j]] = true;\n                }\n            }\n        }\n        if(1 < (ans = solve(x))) printf("%d\\n", ans);\n        else printf("NA\\n");\n    }\n}')"
2025-01-23 22:32:19,630	[INFO]	0-7     COMPILE_CODE_ERROR    None (--) [1 edit(s)]  
2025-01-23 22:32:19,630	[DEBUG]	patch(0-7)="LineLLMMutation(('source.cpp', 6), '#include<iostream>\n#include<algorithm>\n#include<vector>\n#include<cstdio>\nusing std::cin;\nusing std::cout;\nusing std::vector;\n\nbool dp[1000001];\n\nint isprime(int& x){\n    if (x <= 1) return 0;\n    for(int i = 2; i * i <= x; i++) {\n        if (x % i == 0) return 0;\n    }\n    return 1;\n}\n\nint solve(int i){\n    for(; i >= 0; i--){ \n        if(dp[i] && !isprime(i)) return i; \n    }\n    return -1; \n}\n\nint main(){\n    int n,x,ans;\n    while(scanf("%d %d", &n, &x), n){\n        fill_n(dp,1000001,false); \n        dp[0] = true;\n        vector<int> data(n);\n        for(int i = 0; i < n; i++ ) scanf("%d", &data[i]);\n        for(int i = 0; i <= x; i++ ){\n            if(dp[i]) {\n                for(int j = 0; j < n; j++ ){\n                    if(i + data[j] <= x) dp[i+data[j]] = true;\n                }\n            }\n        }\n        if(1 < (ans = solve(x))) printf("%d\\n", ans);\n        else printf("NA\\n");\n    }\n}')"
2025-01-23 22:32:21,015	[INFO]	0-8     TEST_CODE_ERROR       None (--) [1 edit(s)]  
2025-01-23 22:32:21,015	[DEBUG]	patch(0-8)="LineLLMMutation(('source.cpp', 7), '#include<iostream>\n#include<algorithm>\n#include<vector>\n#include<cstdio>\n#include<array>\nusing std::cin;\nusing std::cout;\nusing std::vector;\n\nstd::array<bool, 1000001> dp;\n\nint isprime(int& x){\n    if (x <= 1) return 0;\n    for(int i = 2; i * i <= x; i++) {\n        if (x % i == 0) return 0;\n    }\n    return 1;\n}\n\nint solve(int i){\n    for(; i >= 0; i--){ \n        if(dp[i] && !isprime(i)) return i; \n    }\n    return -1; \n}\n\nint main(){\n    int n,x,ans;\n    while(scanf("%d %d", &n, &x), n){\n        dp.fill(false); \n        dp[0] = true;\n        vector<int> data(n);\n        for(int i = 0; i < n; i++ ) scanf("%d", &data[i]);\n        for(int i = 0; i <= x; i++ ){\n            if(dp[i]) {\n                for(int j = 0; j < n; j++ ){\n                    if(i + data[j] <= x) dp[i+data[j]] = true;\n                }\n            }\n        }\n        if(1 < (ans = solve(x))) printf("%d\\n", ans);\n        else printf("NA\\n");\n    }\n}')"
2025-01-23 22:32:22,507	[INFO]	0-9     TEST_CODE_ERROR       None (--) [1 edit(s)]  
2025-01-23 22:32:22,507	[DEBUG]	patch(0-9)="LineLLMMutation(('source.cpp', 8), '#include<iostream>\n#include<algorithm>\n#include<vector>\n#include<cstdio>\n#include<array>\n#include<unordered_map>\nusing std::cin;\nusing std::cout;\nusing std::vector;\nusing std::unordered_map;\n\nstd::array<bool, 1000001> dp;\nunordered_map<int, bool> prime_cache;\n\nbool isprime(int x){\n    if (x <= 1) return false;\n    if (prime_cache.count(x)) return prime_cache[x];\n    for(int i = 2; i * i <= x; i++) {\n        if (x % i == 0) {\n            prime_cache[x] = false;\n            return false;\n        }\n    }\n    prime_cache[x] = true;\n    return true;\n}\n\nint solve(int i){\n    for(; i >= 0; i--){ \n        if(dp[i] && !isprime(i)) return i; \n    }\n    return -1; \n}\n\nint main(){\n    int n,x,ans;\n    while(scanf("%d %d", &n, &x), n){\n        dp.fill(false); \n        dp[0] = true;\n        vector<int> data(n);\n        for(int i = 0; i < n; i++ ) scanf("%d", &data[i]);\n        for(int i = 0; i <= x; i++ ){\n            if(dp[i]) {\n                for(int j = 0; j < n; j++ ){\n                    if(i + data[j] <= x) dp[i+data[j]] = true;\n                }\n            }\n        }\n        if(1 < (ans = solve(x))) printf("%d\\n", ans);\n        else printf("NA\\n");\n    }\n}')"
2025-01-23 22:32:23,971	[INFO]	0-10    TEST_CODE_ERROR       None (--) [1 edit(s)]  
2025-01-23 22:32:23,971	[DEBUG]	patch(0-10)="LineLLMMutation(('source.cpp', 9), '#include<iostream>\n#include<algorithm>\n#include<vector>\n#include<cstdio>\n#include<array>\n#include<unordered_map>\nusing std::cin;\nusing std::cout;\nusing std::vector;\nusing std::unordered_map;\n\nstd::array<bool, 1000001> dp;\nunordered_map<int, bool> prime_cache;\n\nbool isprime(int x){\n    if (x <= 1) return false;\n    if (prime_cache.count(x)) return prime_cache[x];\n    for(int i = 2; i * i <= x; i++) {\n        if (x % i == 0) {\n            prime_cache[x] = false;\n            return false;\n        }\n    }\n    prime_cache[x] = true;\n    return true;\n}\n\nint solve(int i){\n    for(; i >= 0; i--){ \n        if(dp[i] && !isprime(i)) return i; \n    }\n    return -1; \n}\n\nint main(){\n    int n,x,ans;\n    while(scanf("%d %d", &n, &x), n){\n        dp.fill(false); \n        dp[0] = true;\n        for(int i = 0; i < n; i++ ) {\n            int data;\n            scanf("%d", &data);\n            for(int j = 0; j <= x; j++) {\n                if(dp[j] && j + data <= x) dp[j + data] = true;\n            }\n        }\n        if(1 < (ans = solve(x))) printf("%d\\n", ans);\n        else printf("NA\\n");\n    }\n}')"
2025-01-23 22:32:24,972	[INFO]	Step: 10
2025-01-23 22:32:24,972	[INFO]	Stop Steps: 100
2025-01-23 22:32:26,639	[DEBUG]	EXEC>  SUCCESS 5195465.8125
2025-01-23 22:32:26,639	[INFO]	REF     SUCCESS               5195465.81 (--) [0 edit(s)]  
2025-01-23 22:32:26,639	[INFO]	Best patch step: None
2025-01-23 22:32:51,781	[INFO]	Step: 10
2025-01-23 22:32:51,781	[INFO]	Stop Steps: 100
2025-01-23 22:32:51,959	[INFO]	1-1     TEST_CODE_ERROR       None (--) [1 edit(s)]  
2025-01-23 22:32:51,959	[DEBUG]	patch(1-1)="LineLLMCrossover(('source.cpp', 0), '#include <cstdio>\n#include <algorithm>\nusing namespace std;\n\nconst int maxn = 200005;\nchar str[maxn];\n\nint main() {\n    scanf("%s", str);\n    int ans = 0;\n    int a = -1;\n    for (int i = 0; str[i]; i++) {\n        if (str[i] == \'Z\') {\n            if (a != -1)\n                ans = max(ans, i - a);\n        } else if (str[i] == \'A\' && a == -1) {\n            a = i;\n        }\n    }\n    printf("%d\\n", ans + 1);\n    return 0;\n}')"
2025-01-23 22:32:51,959	[INFO]	Step: 11
2025-01-23 22:32:51,959	[INFO]	Stop Steps: 100
2025-01-23 22:32:52,134	[INFO]	1-2     TEST_CODE_ERROR       None (--) [1 edit(s)]  
2025-01-23 22:32:52,134	[DEBUG]	patch(1-2)="LineLLMCrossover(('source.cpp', 1), '#include <cstdio>\n#include <cstring>\n#include <algorithm>\nusing namespace std;\n\ntypedef long long ll;\nconst int maxn = 1e5;\nint n;\nint a[maxn], b[maxn];\n\nint main(void) {\n    scanf("%d", &n);\n    for (int i = 0; i < n; ++i) {\n        scanf("%d%d", &a[i], &b[i]);\n    }\n    ll ans = 0;\n    for (int i = n - 1; i >= 0; --i) {\n        ll cur = a[i] + ans;\n        ll tar = (cur + b[i] - 1) / b[i] * b[i];\n        ans += tar - cur;\n    }\n    printf("%lld\\n", ans);\n}')"
2025-01-23 22:32:52,134	[INFO]	Step: 12
2025-01-23 22:32:52,134	[INFO]	Stop Steps: 100
2025-01-23 22:32:52,309	[INFO]	1-3     TEST_CODE_ERROR       None (--) [1 edit(s)]  
2025-01-23 22:32:52,309	[DEBUG]	patch(1-3)="LineLLMCrossover(('source.cpp', 2), '#include <cstdio>\n#include <algorithm>\nusing namespace std;\n\ntypedef long long li;\nconst int maxn = 200005;\nchar str[maxn];\n\nint main() {\n    scanf("%s", str);\n    li ans = 0;\n    li a = -1;\n    for (int i = 0; str[i]; i++) {\n        if (str[i] == \'Z\') {\n            if (a != -1)\n                ans = max(ans, i - a);\n        } else if (str[i] == \'A\' && a == -1) {\n            a = i;\n        }\n    }\n    printf("%lld\\n", ans + 1);\n    return 0;\n}')"
2025-01-23 22:32:52,309	[INFO]	Step: 13
2025-01-23 22:32:52,309	[INFO]	Stop Steps: 100
2025-01-23 22:32:52,484	[INFO]	1-4     TEST_CODE_ERROR       None (--) [1 edit(s)]  
2025-01-23 22:32:52,484	[DEBUG]	patch(1-4)="LineLLMCrossover(('source.cpp', 3), '#include <cstdio>\n#include <algorithm>\nusing namespace std;\n\nconst int maxn = 1e5;\nchar str[maxn];\nint main() {\n    scanf("%s", str);\n    int a = -1, ans = 0;\n    for (int i = 0; str[i]; i++) {\n        if (str[i] == \'Z\') {\n            if (a != -1)\n                ans = max(ans, i - a);\n        } else if (str[i] == \'A\' && a == -1) {\n            a = i;\n        }\n    }\n    printf("%d\\n", ans + 1);\n    return 0;\n}')"
2025-01-23 22:32:52,484	[INFO]	Step: 14
2025-01-23 22:32:52,484	[INFO]	Stop Steps: 100
2025-01-23 22:32:54,153	[DEBUG]	EXEC>  SUCCESS 5184988.6875
2025-01-23 22:32:54,153	[INFO]	REF     SUCCESS               5184988.69 (--) [0 edit(s)]  
2025-01-23 22:32:54,153	[INFO]	Best patch step: None
2025-01-23 22:33:26,123	[INFO]	Step: 14
2025-01-23 22:33:26,123	[INFO]	Stop Steps: 100
2025-01-23 22:33:26,297	[INFO]	2-5     TEST_CODE_ERROR       None (--) [1 edit(s)]  
2025-01-23 22:33:26,297	[DEBUG]	patch(2-5)="LineLLMCrossover(('source.cpp', 4), '#include <cstdio>\n#include <algorithm>\nusing namespace std;\nconst int maxn = 100000;\nint n, a[maxn], b[maxn];\n\nint main() {\n    scanf("%d", &n);\n    for (int i = 0; i < n; ++i) {\n        scanf("%d%d", a + i, b + i);\n    }\n    // Additional logic can be added here as per requirement\n    return 0;\n}')"
2025-01-23 22:33:26,297	[INFO]	Step: 15
2025-01-23 22:33:26,297	[INFO]	Stop Steps: 100
2025-01-23 22:33:26,361	[INFO]	2-6     COMPILE_CODE_ERROR    None (--) [1 edit(s)]  
2025-01-23 22:33:26,361	[DEBUG]	patch(2-6)="LineLLMCrossover(('source.cpp', 5), '#include <cstdio>\nusing namespace std;\n\nchar str[200005];\n\nint main() {\n    scanf("%s", str);\n    int ans = 0;\n    int a = -1;\n    for (int i = 0; str[i]; i++) {\n        if (str[i] == \'Z\') {\n            if (a != -1)\n                ans = max(ans, i - a);\n        } else if (str[i] == \'A\' && a == -1) {\n            a = i;\n        }\n    }\n    printf("%d\\n", ans + 1);\n    return 0;\n}')"
2025-01-23 22:33:26,361	[INFO]	Step: 16
2025-01-23 22:33:26,361	[INFO]	Stop Steps: 100
2025-01-23 22:33:26,536	[INFO]	2-7     TEST_CODE_ERROR       None (--) [1 edit(s)]  
2025-01-23 22:33:26,537	[DEBUG]	patch(2-7)="LineLLMCrossover(('source.cpp', 6), '#include <cstdio>\n#include <cstring>\n#include <algorithm>\nusing namespace std;\n\nconst int maxn = 200005;\nchar str[maxn];\n\nint main() {\n    scanf("%s", str);\n    int ans = 0;\n    int a = -1;\n    for (int i = 0; str[i]; i++) {\n        if (str[i] == \'Z\') {\n            if (a != -1)\n                ans = max(ans, i - a);\n        } else if (str[i] == \'A\' && a == -1) {\n            a = i;\n        }\n    }\n    printf("%d\\n", ans + 1);\n    return 0;\n}')"
2025-01-23 22:33:26,537	[INFO]	Step: 17
2025-01-23 22:33:26,537	[INFO]	Stop Steps: 100
2025-01-23 22:33:26,715	[INFO]	2-8     TEST_CODE_ERROR       None (--) [1 edit(s)]  
2025-01-23 22:33:26,715	[DEBUG]	patch(2-8)="LineLLMCrossover(('source.cpp', 7), '#include <cstdio>\n#include <cstring>\n#include <algorithm>\nusing namespace std;\n\nconst int maxn = 200005;\nchar str[maxn];\n\nint main() {\n    scanf("%s", str);\n    int ans = 0, a = -1;\n    for (int i = 0; str[i]; i++) {\n        if (str[i] == \'A\' && a == -1) {\n            a = i;\n        } else if (str[i] == \'Z\' && a != -1) {\n            ans = max(ans, i - a);\n        }\n    }\n    printf("%d\\n", ans + 1);\n    return 0;\n}')"
2025-01-23 22:33:26,715	[INFO]	Step: 18
2025-01-23 22:33:26,715	[INFO]	Stop Steps: 100
2025-01-23 22:33:28,378	[DEBUG]	EXEC>  SUCCESS 5105724.75
2025-01-23 22:33:28,378	[INFO]	REF     SUCCESS               5105724.75 (--) [0 edit(s)]  
2025-01-23 22:33:28,378	[INFO]	Best patch step: None
2025-01-23 22:33:38,897	[INFO]	Step: 18
2025-01-23 22:33:38,897	[INFO]	Stop Steps: 100
2025-01-23 22:33:39,074	[INFO]	3-9     TEST_CODE_ERROR       None (--) [1 edit(s)]  
2025-01-23 22:33:39,075	[DEBUG]	patch(3-9)="LineLLMCrossover(('source.cpp', 8), '#include <cstdio>\n#include <algorithm>\nusing namespace std;\n\nchar str[200005];\nint main() {\n    scanf("%s", str);\n    int ans = 0, a = -1;\n    for (int i = 0; str[i]; i++) {\n        if (str[i] == \'Z\') {\n            if (a != -1)\n                ans = max(ans, i - a);\n        } else if (str[i] == \'A\' && a == -1)\n            a = i;\n    }\n    printf("%d\\n", ans + 1);\n    return 0;\n}')"
2025-01-23 22:33:39,075	[INFO]	Step: 19
2025-01-23 22:33:39,075	[INFO]	Stop Steps: 100
2025-01-23 22:33:39,249	[INFO]	3-10    TEST_CODE_ERROR       None (--) [1 edit(s)]  
2025-01-23 22:33:39,249	[DEBUG]	patch(3-10)="LineLLMCrossover(('source.cpp', 9), '#include <cstdio>\n#include <algorithm>\nusing namespace std;\n\ntypedef long long ll;\nconst int maxn = 100000;\nint n;\nll a[maxn], b[maxn];\n\nint main(void) {\n    scanf("%d", &n);\n    for (int i = 0; i < n; ++i) {\n        scanf("%lld%lld", &a[i], &b[i]);\n    }\n    ll ans = 0;\n    for (int i = n - 1; i >= 0; --i) {\n        ll cur = a[i] + ans;\n        ll tar = (cur + b[i] - 1) / b[i] * b[i];\n        ans += tar - cur;\n    }\n    printf("%lld\\n", ans);\n    return 0;\n}')"
2025-01-23 22:33:39,249	[INFO]	Step: 20
2025-01-23 22:33:39,249	[INFO]	Stop Steps: 100
2025-01-23 22:33:39,421	[INFO]	3-1     TEST_CODE_ERROR       None (--) [1 edit(s)]  
2025-01-23 22:33:39,421	[DEBUG]	patch(3-1)="LineLLMCrossover(('source.cpp', 10), '#include <cstdio>\n#include <algorithm>\nusing namespace std;\n\nchar str[200005];\nint main() {\n    scanf("%s", str);\n    int ans = 0, a = -1;\n    for (int i = 0; str[i]; i++) {\n        if (str[i] == \'Z\') {\n            if (a != -1)\n                ans = max(ans, i - a);\n        } else if (str[i] == \'A\' && a == -1)\n            a = i;\n    }\n    printf("%d\\n", ans + 1);\n    return 0;\n}')"
2025-01-23 22:33:39,421	[INFO]	Step: 21
2025-01-23 22:33:39,421	[INFO]	Stop Steps: 100
2025-01-23 22:33:39,595	[INFO]	3-2     TEST_CODE_ERROR       None (--) [1 edit(s)]  
2025-01-23 22:33:39,595	[DEBUG]	patch(3-2)="LineLLMCrossover(('source.cpp', 11), '#include <cstdio>\n#include <algorithm>\nusing namespace std;\n\ntypedef long long li;\nconst int maxn = 1e5;\nint n, a[maxn], b[maxn];\n\nint main(void) {\n    scanf("%d", &n);\n    for (int i = 0; i < n; ++i) {\n        scanf("%d%d", a + i, b + i);\n    }\n    li ans = 0;\n    for (int i = n - 1; i >= 0; --i) {\n        li cur = a[i] + ans;\n        li tar = (cur + b[i] - 1) / b[i] * b[i];\n        ans += tar - cur;\n    }\n    printf("%lld\\n", ans);\n    return 0;\n}')"
2025-01-23 22:33:39,595	[INFO]	Step: 22
2025-01-23 22:33:39,595	[INFO]	Stop Steps: 100
2025-01-23 22:33:41,257	[DEBUG]	EXEC>  SUCCESS 5162561.1875
2025-01-23 22:33:41,257	[INFO]	REF     SUCCESS               5162561.19 (--) [0 edit(s)]  
2025-01-23 22:33:41,257	[INFO]	Best patch step: None
2025-01-23 22:34:02,305	[INFO]	Step: 22
2025-01-23 22:34:02,305	[INFO]	Stop Steps: 100
2025-01-23 22:34:02,482	[INFO]	4-3     TEST_CODE_ERROR       None (--) [1 edit(s)]  
2025-01-23 22:34:02,483	[DEBUG]	patch(4-3)="LineLLMCrossover(('source.cpp', 12), '#include <cstdio>\n#include <algorithm>\nusing namespace std;\n\nchar str[200005];\nint main() {\n    scanf("%s", str);\n    int ans = 0;\n    int a = -1;\n    for (int i = 0; str[i]; i++) {\n        if (str[i] == \'Z\') {\n            if (a != -1)\n                ans = max(ans, i - a);\n        } else if (str[i] == \'A\' && a == -1)\n            a = i;\n    }\n    printf("%d\\n", ans + 1);\n    return 0;\n}')"
2025-01-23 22:34:02,483	[INFO]	Step: 23
2025-01-23 22:34:02,483	[INFO]	Stop Steps: 100
2025-01-23 22:34:02,659	[INFO]	4-4     TEST_CODE_ERROR       None (--) [1 edit(s)]  
2025-01-23 22:34:02,659	[DEBUG]	patch(4-4)="LineLLMCrossover(('source.cpp', 13), '#include <cstdio>\n#include <algorithm>\nusing namespace std;\n\nconst int maxn = 200005;\nchar str[maxn];\nint main() {\n    scanf("%s", str);\n    int ans = 0, a = -1;\n    for (int i = 0; str[i]; i++) {\n        if (str[i] == \'Z\') {\n            if (a != -1)\n                ans = max(ans, i - a);\n        } else if (str[i] == \'A\' && a == -1)\n            a = i;\n    }\n    printf("%d\\n", ans + 1);\n    return 0;\n}')"
2025-01-23 22:34:02,659	[INFO]	Step: 24
2025-01-23 22:34:02,659	[INFO]	Stop Steps: 100
2025-01-23 22:34:02,835	[INFO]	4-5     TEST_CODE_ERROR       None (--) [1 edit(s)]  
2025-01-23 22:34:02,835	[DEBUG]	patch(4-5)="LineLLMCrossover(('source.cpp', 14), '#include <cstdio>\n#include <algorithm>\nusing namespace std;\n\ntypedef long long ll;\nconst int maxn = 100000;\nint n, a[maxn], b[maxn];\n\nint main(void) {\n    scanf("%d", &n);\n    for (int i = 0; i < n; ++i) {\n        scanf("%d%d", &a[i], &b[i]);\n    }\n    ll ans = 0;\n    for (int i = n - 1; i >= 0; --i) {\n        ll cur = a[i] + ans;\n        ll tar = (cur + b[i] - 1) / b[i] * b[i];\n        ans += tar - cur;\n    }\n    printf("%lld\\n", ans);\n    return 0;\n}')"
2025-01-23 22:34:02,835	[INFO]	Step: 25
2025-01-23 22:34:02,835	[INFO]	Stop Steps: 100
2025-01-23 22:34:03,009	[INFO]	4-6     TEST_CODE_ERROR       None (--) [1 edit(s)]  
2025-01-23 22:34:03,009	[DEBUG]	patch(4-6)="LineLLMCrossover(('source.cpp', 15), '#include <cstdio>\n#include <algorithm>\nusing namespace std;\n\nconst int maxn = 200005;\nchar str[maxn];\nint main() {\n    scanf("%s", str);\n    int ans = 0, a = -1;\n    for (int i = 0; str[i]; i++) {\n        if (str[i] == \'Z\') {\n            if (a != -1)\n                ans = max(ans, i - a);\n        } else if (str[i] == \'A\' && a == -1)\n            a = i;\n    }\n    printf("%d\\n", ans + 1);\n    return 0;\n}')"
2025-01-23 22:34:03,009	[INFO]	Step: 26
2025-01-23 22:34:03,009	[INFO]	Stop Steps: 100
2025-01-23 22:34:04,674	[DEBUG]	EXEC>  SUCCESS 5204807.625
2025-01-23 22:34:04,674	[INFO]	REF     SUCCESS               5204807.62 (--) [0 edit(s)]  
2025-01-23 22:34:04,674	[INFO]	Best patch step: None
2025-01-23 22:34:44,175	[INFO]	~~~~ END ~~~~
2025-01-23 22:34:44,175	[INFO]	Best patch step: None
