2025-02-24 21:17:27,815	[DEBUG]	==== CONFIG ====
[magpie]
import = 
seed = 6758447128565689
log_dir = _magpie_logs
work_dir = _magpie_work
local_original_copy = True
local_original_name = __original__
output_encoding = ascii
edit_retries = 10
default_timeout = 30
default_lengthout = 10000.0
diff_method = unified
trust_local_filesystem = True

[magpie.log]
color_output = True
format_info = {counter:<7} {status:<20} {best}{fitness} ({ratio}) [{size}] {cached} {log}
format_debug = patch({counter})="{patch}"{diffifbest}
format_fitness = {:.2f}
format_ratio = {:.2%%}
format_patchif = 
	 --> {patch}
format_diffif = 
	{diff}

[software]
path = dataset/magpie_dataset/train/0060
target_files = 
	source.cpp
software = BasicSoftware
model_rules = 
	*.params : ParamFileConfigModel
	*.xml : SrcmlModel
	* : LineModel
model_config = 
	*.params : [paramconfig]
	*.xml : [srcml]
init_cmd = 
init_timeout = 60
init_lengthout = -1
setup_cmd = bash setup.sh
setup_timeout = 
setup_lengthout = 
compile_cmd = bash compile.sh
compile_timeout = 
compile_lengthout = 
test_cmd = bash test.sh
test_timeout = 
test_lengthout = 
run_cmd = bash run.sh
run_timeout = 3
run_lengthout = 
batch_timeout = 
batch_lengthout = 
batch_bin_fitness_strategy = aggregate
batch_fitness_strategy = sum
fitness = time

[srcml]
rename = 
	stmt: break continue decl_stmt do expr_stmt for goto if return switch while
	number: literal_number
focus = block stmt operator_comp operator_arith number
internodes = block
process_pseudo_blocks = True
process_literals = True
process_operators = True

[paramconfig]
timing = test run
cli_prefix = --
cli_glue = =
cli_boolean = show
cli_boolean_prefix_true = 
cli_boolean_prefix_false = no-
cli_none = hide
silent_prefix = @
silent_suffix = $

[search]
protocol = BasicProtocol
algorithm = GeneticProgrammingLLM
possible_edits = 
	LineLLMMutation
	LineLLMCrossover
	LineDeletion
	LineInsertion
	LineReplacement
llm_prob = 1.0
warmup = 5
warmup_strategy = last
max_steps = 50
max_time = 20000
target_fitness = 
cache_maxsize = 100
cache_keep = 0.2
batch_instances = 
batch_shuffle = True
batch_bin_shuffle = False
batch_sample_size = 1

[search.ls]
delete_prob = 0.5
max_neighbours = 
when_trapped = continue
accept_fail = False
tabu_length = 10

[search.gp]
pop_size = 10
delete_prob = 0.0
offspring_elitism = 0.2
offspring_crossover = 0.4
offspring_mutation = 0.4
uniform_rate = 0.5
batch_reset = True
llm_type = baseline

[search.minify]
do_cleanup = True
do_rebuild = True
do_simplify = True
round_robin_limit = 3


2025-02-24 21:17:27,816	[DEBUG]	
2025-02-24 21:17:27,816	[INFO]	==== SEARCH: GeneticProgrammingLLM ====
2025-02-24 21:17:27,816	[INFO]	~~~~ WARMUP ~~~~
2025-02-24 21:17:28,777	[DEBUG]	EXEC>  SUCCESS 3100596.5
2025-02-24 21:17:28,778	[INFO]	WARM    SUCCESS               3100596.50 (--) [0 edit(s)]  
2025-02-24 21:17:29,301	[DEBUG]	EXEC>  SUCCESS 3100596.0
2025-02-24 21:17:29,301	[INFO]	WARM    SUCCESS               3100596.00 (--) [0 edit(s)]  
2025-02-24 21:17:29,845	[DEBUG]	EXEC>  SUCCESS 3100506.5
2025-02-24 21:17:29,845	[INFO]	WARM    SUCCESS               3100506.50 (--) [0 edit(s)]  
2025-02-24 21:17:30,375	[DEBUG]	EXEC>  SUCCESS 3100506.5
2025-02-24 21:17:30,375	[INFO]	WARM    SUCCESS               3100506.50 (--) [0 edit(s)]  
2025-02-24 21:17:30,926	[DEBUG]	EXEC>  SUCCESS 3100595.0
2025-02-24 21:17:30,926	[INFO]	WARM    SUCCESS               3100595.00 (--) [0 edit(s)]  
2025-02-24 21:17:30,926	[INFO]	REF     SUCCESS               3100595.00 (--) [0 edit(s)]  
2025-02-24 21:17:30,927	[INFO]	
2025-02-24 21:17:30,927	[INFO]	~~~~ START ~~~~
2025-02-24 21:17:52,569	[DEBUG]	EXEC>  SUCCESS 3105321.0
2025-02-24 21:17:52,569	[INFO]	0-1     SUCCESS              +3105321.00 (100.15%) [1 edit(s)]  
2025-02-24 21:17:52,569	[DEBUG]	patch(0-1)="LineLLMMutation(('source.cpp', 0), '#include <iostream>\n#include <cstdio> // Added for printf\nusing namespace std;\n\nconst int t[8] = { 0, 1, 2, 3, 5, 7, 8, 9 };\n\nlong long int solve(int n) {\n    long long int s = 0;\n    for (int i = 1; n > 0; i *= 10, n /= 8)\n        s += (long long int)t[n % 8] * i;\n    return s;\n}\n\nint main() {\n    int n;\n    while (cin >> n, n) {\n        printf("%lld\\n", solve(n)); // Changed cout to printf\n    }\n}')"
2025-02-24 21:17:54,108	[DEBUG]	EXEC>  SUCCESS 3097990.0
2025-02-24 21:17:54,108	[INFO]	0-2     SUCCESS              *3097990.00 (99.92%) [1 edit(s)]  
2025-02-24 21:17:54,108	[DEBUG]	patch(0-2)="LineLLMMutation(('source.cpp', 1), '#include <iostream>\n#include <cstdio>\nusing namespace std;\n\nconst int t[8] = { 0, 1, 2, 3, 5, 7, 8, 9 };\nlong long results[100]; // Array for results\nint index = 0; // To track results\n\nlong long int solve(int n) {\n    long long int s = 0;\n    for (int i = 1; n > 0; i *= 10, n /= 8)\n        s += (long long int)t[n % 8] * i;\n    return s;\n}\n\nint main() {\n    int n;\n    while (cin >> n, n) {\n        results[index++] = solve(n); // Store results\n    }\n    for (int i = 0; i < index; i++) {\n        printf("%lld\\n", results[i]); // Print results in one go\n    }\n}')"

2025-02-24 21:17:55,643	[DEBUG]	EXEC>  SUCCESS 3105305.5
2025-02-24 21:17:55,643	[INFO]	0-3     SUCCESS               3105305.50 (100.15%) [1 edit(s)]  
2025-02-24 21:17:55,643	[DEBUG]	patch(0-3)="LineLLMMutation(('source.cpp', 2), '#include <iostream>\n#include <cstdio>\nusing namespace std;\n\nconst int t[8] = { 0, 1, 2, 3, 5, 7, 8, 9 };\n\nlong long int solve(int n) {\n    long long s = 0; \n    long long multiplier = 1; // Use a multiplier to avoid repeated multiplication\n    while (n > 0) {\n        s += t[n % 8] * multiplier;\n        multiplier *= 10;\n        n /= 8;\n    }\n    return s;\n}\n\nint main() {\n    int n;\n    while (cin >> n, n) {\n        printf("%lld\\n", solve(n));\n    }\n}')"
2025-02-24 21:17:57,158	[DEBUG]	EXEC>  SUCCESS 3105304.0
2025-02-24 21:17:57,158	[INFO]	0-4     SUCCESS               3105304.00 (100.15%) [1 edit(s)]  
2025-02-24 21:17:57,158	[DEBUG]	patch(0-4)="LineLLMMutation(('source.cpp', 3), '#include <iostream>\n#include <cstdio>\nusing namespace std;\n\nconst int t[8] = { 0, 1, 2, 3, 5, 7, 8, 9 };\n\nlong long int solve(int n) {\n    long long s = 0, multiplier = 1; \n    while (n > 0) {\n        s += t[n & 7] * multiplier; // Using bitwise AND instead of modulus\n        multiplier *= 10;\n        n >>= 3; // Right shift by 3 to divide by 8\n    }\n    return s;\n}\n\nint main() {\n    int n;\n    while (cin >> n, n) {\n        printf("%lld\\n", solve(n));\n    }\n}')"
2025-02-24 21:17:58,892	[DEBUG]	EXEC>  SUCCESS 3105305.5
2025-02-24 21:17:58,892	[INFO]	0-5     SUCCESS               3105305.50 (100.15%) [1 edit(s)]  
2025-02-24 21:17:58,892	[DEBUG]	patch(0-5)="LineLLMMutation(('source.cpp', 4), '#include <iostream>\n#include <cstdio>\nusing namespace std;\n\nconst int t[8] = { 0, 1, 2, 3, 5, 7, 8, 9 };\n\nlong long int solve(int n) {\n    long long s = 0; \n    long long multiplier = 1;\n    while (n > 0) {\n        s += t[n % 8] * multiplier;\n        n /= 8;\n        multiplier *= 10;\n    }\n    return s;\n}\n\nint main() {\n    int n;\n    while (cin >> n, n) {\n        printf("%lld\\n", solve(n));\n    }\n}')"
2025-02-24 21:18:00,426	[DEBUG]	EXEC>  SUCCESS 3105526.0
2025-02-24 21:18:00,427	[INFO]	0-6     SUCCESS               3105526.00 (100.16%) [1 edit(s)]  
2025-02-24 21:18:00,427	[DEBUG]	patch(0-6)="LineLLMMutation(('source.cpp', 5), '#include <iostream>\n#include <cstdio>\nusing namespace std;\n\nlong long int solve(int n) {\n    long long s = 0, multiplier = 1; \n    while (n > 0) {\n        int remainder = n % 8;\n        s += (remainder == 0 ? 0 : remainder == 1 ? 1 : remainder == 2 ? 2 :\n              remainder == 3 ? 3 : remainder == 4 ? 5 : remainder == 5 ? 7 :\n              remainder == 6 ? 8 : 9) * multiplier; \n        multiplier *= 10;\n        n /= 8;\n    }\n    return s;\n}\n\nint main() {\n    int n;\n    while (cin >> n, n) {\n        printf("%lld\\n", solve(n));\n    }\n}')"
2025-02-24 21:18:01,911	[INFO]	0-7     TEST_CODE_ERROR       None (--) [1 edit(s)]  
2025-02-24 21:18:01,911	[DEBUG]	patch(0-7)="LineLLMMutation(('source.cpp', 6), '#include <iostream>\n#include <cstdio>\nusing namespace std;\n\nlong long int solve(int n) {\n    long long s = 0, multiplier = 1; \n    while (n > 0) {\n        s += (n % 8) * multiplier; // Directly using n % 8\n        multiplier *= 10;\n        n /= 8;\n    }\n    return s;\n}\n\nint main() {\n    int n;\n    while (cin >> n && n) {\n        printf("%lld\\n", solve(n));\n    }\n}')"
2025-02-24 21:18:03,397	[INFO]	0-8     TEST_CODE_ERROR       None (--) [1 edit(s)]  
2025-02-24 21:18:03,397	[DEBUG]	patch(0-8)="LineLLMMutation(('source.cpp', 7), '#include <iostream>\n#include <cstdio>\nusing namespace std;\n\nlong long int solve(int n) {\n    long long s = 0, multiplier = 1; \n    while (n > 0) {\n        s += (n % 8) * multiplier;\n        multiplier *= 10;\n        n /= 8;\n    }\n    return s;\n}\n\nint main() {\n    int n;\n    while (scanf("%d", &n) && n) {\n        printf("%lld\\n", solve(n));\n    }\n}')"
2025-02-24 21:18:04,877	[INFO]	0-9     TEST_CODE_ERROR       None (--) [1 edit(s)]  
2025-02-24 21:18:04,877	[DEBUG]	patch(0-9)="LineLLMMutation(('source.cpp', 8), '#include <iostream>\n#include <cstdio>\nusing namespace std;\n\nint main() {\n    int n;\n    while (cin >> n && n) {\n        long long s = 0, multiplier = 1; \n        while (n > 0) {\n            s += (n % 8) * multiplier;\n            multiplier *= 10;\n            n /= 8;\n        }\n        printf("%lld\\n", s);\n    }\n}')"
2025-02-24 21:18:06,471	[INFO]	0-10    TEST_CODE_ERROR       None (--) [1 edit(s)]  
2025-02-24 21:18:06,471	[DEBUG]	patch(0-10)="LineLLMMutation(('source.cpp', 9), '#include <iostream>\n#include <cstdio>\nusing namespace std;\n\nvoid process(int n) {\n    long long s = 0, multiplier = 1; \n    while (n > 0) {\n        s += (n % 8) * multiplier;\n        multiplier *= 10;\n        n /= 8;\n    }\n    printf("%lld\\n", s);\n}\n\nint main() {\n    int n;\n    while (cin >> n && n) {\n        process(n);\n    }\n}')"
2025-02-24 21:18:07,471	[INFO]	Step: 10
2025-02-24 21:18:07,472	[INFO]	Stop Steps: 50
2025-02-24 21:18:09,011	[DEBUG]	EXEC>  SUCCESS 3100608.5
2025-02-24 21:18:09,011	[INFO]	REF     SUCCESS               3100608.50 (--) [0 edit(s)]  
2025-02-24 21:18:09,011	[INFO]	Best patch: 1
2025-02-24 21:18:09,529	[DEBUG]	EXEC>  SUCCESS 3097991.0
2025-02-24 21:18:09,529	[INFO]	BEST    SUCCESS              *3097991.00 (99.92%) [0 edit(s)]  
2025-02-24 21:18:09,529	[INFO]	Best patch step: 1
2025-02-24 21:19:02,767	[INFO]	Step: 10
2025-02-24 21:19:02,767	[INFO]	Stop Steps: 50
2025-02-24 21:19:03,272	[DEBUG]	EXEC>  SUCCESS 3097900.5
2025-02-24 21:19:03,272	[INFO]	1-1     SUCCESS              *3097900.50 (99.91%) [1 edit(s)]  
2025-02-24 21:19:03,272	[DEBUG]	patch(1-1)="LineLLMMutation(('source.cpp', 1), '#include <iostream>\n#include <cstdio>\nusing namespace std;\n\nconst int t[8] = { 0, 1, 2, 3, 5, 7, 8, 9 };\nlong long results[100]; // Array for results\nint index = 0; // To track results\n\nlong long int solve(int n) {\n    long long int s = 0;\n    for (int i = 1; n > 0; i *= 10, n /= 8)\n        s += (long long int)t[n % 8] * i;\n    return s;\n}\n\nint main() {\n    int n;\n    while (cin >> n, n) {\n        results[index++] = solve(n); // Store results\n    }\n    for (int i = 0; i < index; i++) {\n        printf("%lld\\n", results[i]); // Print results in one go\n    }\n}')"

2025-02-24 21:19:03,272	[INFO]	Step: 11
2025-02-24 21:19:03,273	[INFO]	Stop Steps: 50
2025-02-24 21:19:03,786	[DEBUG]	EXEC>  SUCCESS 3105306.5
2025-02-24 21:19:03,786	[INFO]	1-2     SUCCESS               3105306.50 (100.15%) [1 edit(s)]  
2025-02-24 21:19:03,786	[DEBUG]	patch(1-2)="LineLLMMutation(('source.cpp', 3), '#include <iostream>\n#include <cstdio>\nusing namespace std;\n\nconst int t[8] = { 0, 1, 2, 3, 5, 7, 8, 9 };\n\nlong long int solve(int n) {\n    long long s = 0, multiplier = 1; \n    while (n > 0) {\n        s += t[n & 7] * multiplier; // Using bitwise AND instead of modulus\n        multiplier *= 10;\n        n >>= 3; // Right shift by 3 to divide by 8\n    }\n    return s;\n}\n\nint main() {\n    int n;\n    while (cin >> n, n) {\n        printf("%lld\\n", solve(n));\n    }\n}')"
2025-02-24 21:19:03,786	[INFO]	Step: 12
2025-02-24 21:19:03,787	[INFO]	Stop Steps: 50
2025-02-24 21:19:04,308	[DEBUG]	EXEC>  SUCCESS 3097974.5
2025-02-24 21:19:04,309	[INFO]	1-3     SUCCESS               3097974.50 (99.92%) [1 edit(s)]  
2025-02-24 21:19:04,309	[DEBUG]	patch(1-3)="LineLLMCrossover(('source.cpp', 0), '#include <iostream>\n#include <cstdio>\nusing namespace std;\n\nconst int t[8] = { 0, 1, 2, 3, 5, 7, 8, 9 };\nlong long results[100]; // Array for results\nint index = 0; // To track results\n\nlong long int solve(int n) {\n    long long s = 0, multiplier = 1; \n    while (n > 0) {\n        s += t[n & 7] * multiplier; // Using bitwise AND instead of modulus\n        multiplier *= 10;\n        n >>= 3; // Right shift by 3 to divide by 8\n    }\n    return s;\n}\n\nint main() {\n    int n;\n    while (cin >> n, n) {\n        results[index++] = solve(n); // Store results\n    }\n    for (int i = 0; i < index; i++) {\n        printf("%lld\\n", results[i]); // Print results in one go\n    }\n}')"
2025-02-24 21:19:04,309	[INFO]	Step: 13
2025-02-24 21:19:04,309	[INFO]	Stop Steps: 50
2025-02-24 21:19:04,845	[DEBUG]	EXEC>  SUCCESS 3097884.5
2025-02-24 21:19:04,845	[INFO]	1-4     SUCCESS              *3097884.50 (99.91%) [1 edit(s)]  
2025-02-24 21:19:04,845	[DEBUG]	patch(1-4)="LineLLMCrossover(('source.cpp', 1), '#include <iostream>\n#include <cstdio>\nusing namespace std;\n\nconst int t[8] = { 0, 1, 2, 3, 5, 7, 8, 9 };\nlong long results[100]; // Array for results\nint index = 0; // To track results\n\nlong long int solve(int n) {\n    long long s = 0, multiplier = 1; \n    while (n > 0) {\n        s += t[n % 8] * multiplier; \n        multiplier *= 10;\n        n /= 8; // Regular division by 8\n    }\n    return s;\n}\n\nint main() {\n    int n;\n    while (cin >> n, n) {\n        results[index++] = solve(n); // Store results\n    }\n    for (int i = 0; i < index; i++) {\n        printf("%lld\\n", results[i]); // Print results in one go\n    }\n}')"

2025-02-24 21:19:04,846	[INFO]	Step: 14
2025-02-24 21:19:04,846	[INFO]	Stop Steps: 50
2025-02-24 21:19:05,361	[DEBUG]	EXEC>  SUCCESS 3105395.5
2025-02-24 21:19:05,361	[INFO]	1-5     SUCCESS               3105395.50 (100.15%) [1 edit(s)]  
2025-02-24 21:19:05,361	[DEBUG]	patch(1-5)="LineLLMCrossover(('source.cpp', 2), '#include <iostream>\n#include <cstdio>\nusing namespace std;\n\nconst int t[8] = { 0, 1, 2, 3, 5, 7, 8, 9 };\n\nlong long int solve(int n) {\n    long long s = 0; \n    long long multiplier = 1; // Use a multiplier to avoid repeated multiplication\n    while (n > 0) {\n        s += t[n % 8] * multiplier;\n        multiplier *= 10;\n        n /= 8;\n    }\n    return s;\n}\n\nint main() {\n    int n;\n    while (cin >> n, n) {\n        printf("%lld\\n", solve(n));\n    }\n}')"
2025-02-24 21:19:05,361	[INFO]	Step: 15
2025-02-24 21:19:05,361	[INFO]	Stop Steps: 50
2025-02-24 21:19:05,993	[DEBUG]	EXEC>  SUCCESS 3097883.5
2025-02-24 21:19:05,993	[INFO]	1-6     SUCCESS              *3097883.50 (99.91%) [1 edit(s)]  
2025-02-24 21:19:05,993	[DEBUG]	patch(1-6)="LineLLMCrossover(('source.cpp', 3), '#include <iostream>\n#include <cstdio>\nusing namespace std;\n\nconst int t[8] = { 0, 1, 2, 3, 5, 7, 8, 9 };\nlong long results[100]; // Array for results\nint index = 0; // To track results\n\nlong long int solve(int n) {\n    long long s = 0; \n    long long multiplier = 1; // Use a multiplier to avoid repeated multiplication\n    while (n > 0) {\n        s += t[n % 8] * multiplier;\n        multiplier *= 10;\n        n /= 8;\n    }\n    return s;\n}\n\nint main() {\n    int n;\n    while (cin >> n, n) {\n        results[index++] = solve(n); // Store results\n    }\n    for (int i = 0; i < index; i++) {\n        printf("%lld\\n", results[i]); // Print results in one go\n    }\n}')"

2025-02-24 21:19:05,993	[INFO]	Step: 16
2025-02-24 21:19:05,994	[INFO]	Stop Steps: 50
2025-02-24 21:19:06,510	[DEBUG]	EXEC>  SUCCESS 3097990.5
2025-02-24 21:19:06,510	[INFO]	1-7     SUCCESS               3097990.50 (99.92%) [2 edit(s)]  
2025-02-24 21:19:06,510	[DEBUG]	patch(1-7)="LineLLMMutation(('source.cpp', 1), '#include <iostream>\n#include <cstdio>\nusing namespace std;\n\nconst int t[8] = { 0, 1, 2, 3, 5, 7, 8, 9 };\nlong long results[100]; // Array for results\nint index = 0; // To track results\n\nlong long int solve(int n) {\n    long long int s = 0;\n    for (int i = 1; n > 0; i *= 10, n /= 8)\n        s += (long long int)t[n % 8] * i;\n    return s;\n}\n\nint main() {\n    int n;\n    while (cin >> n, n) {\n        results[index++] = solve(n); // Store results\n    }\n    for (int i = 0; i < index; i++) {\n        printf("%lld\\n", results[i]); // Print results in one go\n    }\n}') | LineLLMMutation(('source.cpp', 10), '#include <iostream>\n#include <cstdio>\nusing namespace std;\n\nconst int t[8] = { 0, 1, 2, 3, 5, 7, 8, 9 };\nlong long results[100]; // Array for results\nint index = 0; // To track results\n\nlong long int solve(int n) {\n    long long int s = 0;\n    int i = 1;\n    while (n > 0) {\n        s += (long long int)t[n & 7] * i; // Use bitwise AND to get the last 3 bits (mod 8)\n        n >>= 3; // Right shift to divide by 8\n        i *= 10;\n    }\n    return s;\n}\n\nint main() {\n    int n;\n    while (cin >> n, n) {\n        results[index++] = solve(n); // Store results\n    }\n    for (int i = 0; i < index; i++) {\n        printf("%lld\\n", results[i]); // Print results in one go\n    }\n}')"
2025-02-24 21:19:06,510	[INFO]	Step: 17
2025-02-24 21:19:06,510	[INFO]	Stop Steps: 50
2025-02-24 21:19:06,994	[INFO]	1-8     TEST_CODE_ERROR       None (--) [2 edit(s)]  
2025-02-24 21:19:06,994	[DEBUG]	patch(1-8)="LineLLMMutation(('source.cpp', 3), '#include <iostream>\n#include <cstdio>\nusing namespace std;\n\nconst int t[8] = { 0, 1, 2, 3, 5, 7, 8, 9 };\n\nlong long int solve(int n) {\n    long long s = 0, multiplier = 1; \n    while (n > 0) {\n        s += t[n & 7] * multiplier; // Using bitwise AND instead of modulus\n        multiplier *= 10;\n        n >>= 3; // Right shift by 3 to divide by 8\n    }\n    return s;\n}\n\nint main() {\n    int n;\n    while (cin >> n, n) {\n        printf("%lld\\n", solve(n));\n    }\n}') | LineLLMMutation(('source.cpp', 11), '#include <iostream>\n#include <cstdio>\nusing namespace std;\n\nconst int t[8] = { 0, 1, 2, 3, 5, 7, 8, 9 };\n\nlong long int solve(int n) {\n    long long s = 0;\n    while (n > 0) {\n        s = s * 10 + t[n & 7]; // Combine operations to reduce multiplications\n        n >>= 3; // Right shift by 3 to divide by 8\n    }\n    return s;\n}\n\nint main() {\n    int n;\n    while (cin >> n, n) {\n        printf("%lld\\n", solve(n));\n    }\n}')"
2025-02-24 21:19:06,994	[INFO]	Step: 18
2025-02-24 21:19:06,994	[INFO]	Stop Steps: 50
2025-02-24 21:19:07,570	[DEBUG]	EXEC>  SUCCESS 3108085.5
2025-02-24 21:19:07,571	[INFO]	1-9     SUCCESS               3108085.50 (100.24%) [2 edit(s)]  
2025-02-24 21:19:07,571	[DEBUG]	patch(1-9)="LineLLMMutation(('source.cpp', 4), '#include <iostream>\n#include <cstdio>\nusing namespace std;\n\nconst int t[8] = { 0, 1, 2, 3, 5, 7, 8, 9 };\n\nlong long int solve(int n) {\n    long long s = 0; \n    long long multiplier = 1;\n    while (n > 0) {\n        s += t[n % 8] * multiplier;\n        n /= 8;\n        multiplier *= 10;\n    }\n    return s;\n}\n\nint main() {\n    int n;\n    while (cin >> n, n) {\n        printf("%lld\\n", solve(n));\n    }\n}') | LineLLMMutation(('source.cpp', 12), '#include <iostream>\n#include <cstdio>\n#include <string>\nusing namespace std;\n\nconst int t[8] = { 0, 1, 2, 3, 5, 7, 8, 9 };\n\nlong long int solve(int n) {\n    string result;\n    while (n > 0) {\n        result = to_string(t[n % 8]) + result; // Build the result as a string\n        n /= 8;\n    }\n    return stoll(result); // Convert the result string back to long long\n}\n\nint main() {\n    int n;\n    while (cin >> n, n) {\n        printf("%lld\\n", solve(n));\n    }\n}')"
2025-02-24 21:19:07,571	[INFO]	Step: 19
2025-02-24 21:19:07,571	[INFO]	Stop Steps: 50
2025-02-24 21:19:08,084	[DEBUG]	EXEC>  SUCCESS 3105380.0
2025-02-24 21:19:08,084	[INFO]	1-10    SUCCESS               3105380.00 (100.15%) [2 edit(s)]  
2025-02-24 21:19:08,084	[DEBUG]	patch(1-10)="LineLLMMutation(('source.cpp', 2), '#include <iostream>\n#include <cstdio>\nusing namespace std;\n\nconst int t[8] = { 0, 1, 2, 3, 5, 7, 8, 9 };\n\nlong long int solve(int n) {\n    long long s = 0; \n    long long multiplier = 1; // Use a multiplier to avoid repeated multiplication\n    while (n > 0) {\n        s += t[n % 8] * multiplier;\n        multiplier *= 10;\n        n /= 8;\n    }\n    return s;\n}\n\nint main() {\n    int n;\n    while (cin >> n, n) {\n        printf("%lld\\n", solve(n));\n    }\n}') | LineLLMMutation(('source.cpp', 13), '#include <iostream>\n#include <cstdio>\nusing namespace std;\n\nconst int t[8] = { 0, 1, 2, 3, 5, 7, 8, 9 };\nconst long long powersOfTen[19] = { 1, 10, 100, 1000, 10000, 100000, 1000000, 10000000, 100000000, 1000000000, 10000000000,\n                                     100000000000, 1000000000000, 10000000000000, 100000000000000, 1000000000000000,\n                                     10000000000000000, 100000000000000000, 1000000000000000000 };\n\nlong long int solve(int n) {\n    long long s = 0; \n    int index = 0; // To keep track of the current position in the powers of ten\n    while (n > 0) {\n        s += t[n % 8] * powersOfTen[index];\n        n /= 8;\n        index++;\n    }\n    return s;\n}\n\nint main() {\n    int n;\n    while (cin >> n, n) {\n        printf("%lld\\n", solve(n));\n    }\n}')"
2025-02-24 21:19:08,084	[INFO]	Step: 20
2025-02-24 21:19:08,084	[INFO]	Stop Steps: 50
2025-02-24 21:19:08,616	[DEBUG]	EXEC>  SUCCESS 3100506.5
2025-02-24 21:19:08,616	[INFO]	1-1     SUCCESS               3100506.50 (100.00%) [1 edit(s)]  
2025-02-24 21:19:08,616	[DEBUG]	patch(1-1)="LineLLMMutation(('source.cpp', 14), '#include <iostream>\n\nusing namespace std;\n\nconst int t[8] = { 0, 1, 2, 3, 5, 7, 8, 9 };\n\nlong long int solve(int n) {\n    long long int s = 0;\n    for(int i = 1; n > 0; i *= 10, n /= 8) {\n        s += (long long int)t[n % 8] * i;\n    }\n    return s;\n}\n\nint main() {\n    int n;\n    while(cin >> n, n) {\n        cout << solve(n) << endl;\n    }\n}')"
2025-02-24 21:19:08,616	[INFO]	Step: 21
2025-02-24 21:19:08,616	[INFO]	Stop Steps: 50
2025-02-24 21:19:10,152	[DEBUG]	EXEC>  SUCCESS 3100506.0
2025-02-24 21:19:10,152	[INFO]	REF     SUCCESS               3100506.00 (--) [0 edit(s)]  
2025-02-24 21:19:10,153	[INFO]	Best patch: 3
2025-02-24 21:19:10,683	[DEBUG]	EXEC>  SUCCESS 3098064.0
2025-02-24 21:19:10,684	[INFO]	BEST    SUCCESS              *3098064.00 (99.92%) [0 edit(s)]  
2025-02-24 21:19:10,684	[INFO]	Best patch step: 15
2025-02-24 21:20:04,266	[INFO]	Step: 21
2025-02-24 21:20:04,266	[INFO]	Stop Steps: 50
2025-02-24 21:20:04,775	[DEBUG]	EXEC>  SUCCESS 3097885.5
2025-02-24 21:20:04,775	[INFO]	2-2     SUCCESS              *3097885.50 (99.92%) [1 edit(s)]  
2025-02-24 21:20:04,775	[DEBUG]	patch(2-2)="LineLLMCrossover(('source.cpp', 3), '#include <iostream>\n#include <cstdio>\nusing namespace std;\n\nconst int t[8] = { 0, 1, 2, 3, 5, 7, 8, 9 };\nlong long results[100]; // Array for results\nint index = 0; // To track results\n\nlong long int solve(int n) {\n    long long s = 0; \n    long long multiplier = 1; // Use a multiplier to avoid repeated multiplication\n    while (n > 0) {\n        s += t[n % 8] * multiplier;\n        multiplier *= 10;\n        n /= 8;\n    }\n    return s;\n}\n\nint main() {\n    int n;\n    while (cin >> n, n) {\n        results[index++] = solve(n); // Store results\n    }\n    for (int i = 0; i < index; i++) {\n        printf("%lld\\n", results[i]); // Print results in one go\n    }\n}')"

2025-02-24 21:20:04,775	[INFO]	Step: 22
2025-02-24 21:20:04,775	[INFO]	Stop Steps: 50
2025-02-24 21:20:05,335	[DEBUG]	EXEC>  SUCCESS 3097885.0
2025-02-24 21:20:05,336	[INFO]	2-3     SUCCESS              *3097885.00 (99.92%) [1 edit(s)]  
2025-02-24 21:20:05,336	[DEBUG]	patch(2-3)="LineLLMCrossover(('source.cpp', 1), '#include <iostream>\n#include <cstdio>\nusing namespace std;\n\nconst int t[8] = { 0, 1, 2, 3, 5, 7, 8, 9 };\nlong long results[100]; // Array for results\nint index = 0; // To track results\n\nlong long int solve(int n) {\n    long long s = 0, multiplier = 1; \n    while (n > 0) {\n        s += t[n % 8] * multiplier; \n        multiplier *= 10;\n        n /= 8; // Regular division by 8\n    }\n    return s;\n}\n\nint main() {\n    int n;\n    while (cin >> n, n) {\n        results[index++] = solve(n); // Store results\n    }\n    for (int i = 0; i < index; i++) {\n        printf("%lld\\n", results[i]); // Print results in one go\n    }\n}')"

2025-02-24 21:20:05,336	[INFO]	Step: 23
2025-02-24 21:20:05,336	[INFO]	Stop Steps: 50
2025-02-24 21:20:05,881	[DEBUG]	EXEC>  SUCCESS 3097884.5
2025-02-24 21:20:05,881	[INFO]	2-4     SUCCESS              *3097884.50 (99.92%) [1 edit(s)]  
2025-02-24 21:20:05,881	[DEBUG]	patch(2-4)="LineLLMCrossover(('source.cpp', 4), '#include <iostream>\n#include <cstdio>\nusing namespace std;\n\nconst int t[8] = { 0, 1, 2, 3, 5, 7, 8, 9 };\nlong long results[100]; // Array for results\nint index = 0; // To track results\n\nlong long int solve(int n) {\n    long long s = 0, multiplier = 1; \n    while (n > 0) {\n        s += t[n & 7] * multiplier; // Using bitwise AND for efficiency\n        multiplier *= 10;\n        n >>= 3; // Right shift to divide by 8\n    }\n    return s;\n}\n\nint main() {\n    int n;\n    while (cin >> n, n) {\n        results[index++] = solve(n); // Store results\n    }\n    for (int i = 0; i < index; i++) {\n        printf("%lld\\n", results[i]); // Print results in one go\n    }\n}')"

2025-02-24 21:20:05,881	[INFO]	Step: 24
2025-02-24 21:20:05,881	[INFO]	Stop Steps: 50
2025-02-24 21:20:06,400	[DEBUG]	EXEC>  SUCCESS 3097901.0
2025-02-24 21:20:06,401	[INFO]	2-5     SUCCESS               3097901.00 (99.92%) [1 edit(s)]  
2025-02-24 21:20:06,401	[DEBUG]	patch(2-5)="LineLLMCrossover(('source.cpp', 5), '#include <iostream>\n#include <cstdio>\nusing namespace std;\n\nconst int t[8] = { 0, 1, 2, 3, 5, 7, 8, 9 };\nlong long results[100]; // Array for results\nint index = 0; // To track results\n\nlong long int solve(int n) {\n    long long s = 0;\n    for (int i = 1; n > 0; i *= 10, n >>= 3) // Use right shift for division\n        s += (long long)t[n & 7] * i; // Combine bitwise AND for efficiency\n    return s;\n}\n\nint main() {\n    int n;\n    while (cin >> n, n) {\n        results[index++] = solve(n); // Store results\n    }\n    for (int i = 0; i < index; i++) {\n        printf("%lld\\n", results[i]); // Print results in one go\n    }\n}')"
2025-02-24 21:20:06,401	[INFO]	Step: 25
2025-02-24 21:20:06,401	[INFO]	Stop Steps: 50
2025-02-24 21:20:06,930	[DEBUG]	EXEC>  SUCCESS 3097885.5
2025-02-24 21:20:06,930	[INFO]	2-6     SUCCESS               3097885.50 (99.92%) [1 edit(s)]  
2025-02-24 21:20:06,930	[DEBUG]	patch(2-6)="LineLLMCrossover(('source.cpp', 6), '#include <iostream>\n#include <cstdio>\nusing namespace std;\n\nconst int t[8] = { 0, 1, 2, 3, 5, 7, 8, 9 };\nlong long results[100]; // Array for results\nint index = 0; // To track results\n\nlong long int solve(int n) {\n    long long s = 0, multiplier = 1; \n    while (n > 0) {\n        s += t[n % 8] * multiplier; // Using modulus for clarity\n        multiplier *= 10;\n        n >>= 3; // Right shift for division by 8\n    }\n    return s;\n}\n\nint main() {\n    int n;\n    while (cin >> n, n) {\n        results[index++] = solve(n); // Store results\n    }\n    for (int i = 0; i < index; i++) {\n        printf("%lld\\n", results[i]); // Print results in one go\n    }\n}')"
2025-02-24 21:20:06,930	[INFO]	Step: 26
2025-02-24 21:20:06,930	[INFO]	Stop Steps: 50
2025-02-24 21:20:07,445	[DEBUG]	EXEC>  SUCCESS 3097901.0
2025-02-24 21:20:07,445	[INFO]	2-7     SUCCESS               3097901.00 (99.92%) [1 edit(s)]  
2025-02-24 21:20:07,446	[DEBUG]	patch(2-7)="LineLLMCrossover(('source.cpp', 7), '#include <iostream>\n#include <cstdio>\nusing namespace std;\n\nconst int t[8] = { 0, 1, 2, 3, 5, 7, 8, 9 };\nlong long results[100]; // Array for results\nint index = 0; // To track results\n\nlong long int solve(int n) {\n    long long s = 0;\n    for (int i = 1; n > 0; i *= 10, n >>= 3) // Use right shift for division\n        s += (long long)t[n & 7] * i; // Combine bitwise AND for efficiency\n    return s;\n}\n\nint main() {\n    int n;\n    while (cin >> n, n) {\n        results[index++] = solve(n); // Store results\n    }\n    for (int i = 0; i < index; i++) {\n        printf("%lld\\n", results[i]); // Print results in one go\n    }\n}')"
2025-02-24 21:20:07,446	[INFO]	Step: 27
2025-02-24 21:20:07,446	[INFO]	Stop Steps: 50
2025-02-24 21:20:08,010	[DEBUG]	EXEC>  SUCCESS 3110390.5
2025-02-24 21:20:08,010	[INFO]	2-8     SUCCESS               3110390.50 (100.32%) [2 edit(s)]  
2025-02-24 21:20:08,010	[DEBUG]	patch(2-8)="LineLLMCrossover(('source.cpp', 3), '#include <iostream>\n#include <cstdio>\nusing namespace std;\n\nconst int t[8] = { 0, 1, 2, 3, 5, 7, 8, 9 };\nlong long results[100]; // Array for results\nint index = 0; // To track results\n\nlong long int solve(int n) {\n    long long s = 0; \n    long long multiplier = 1; // Use a multiplier to avoid repeated multiplication\n    while (n > 0) {\n        s += t[n % 8] * multiplier;\n        multiplier *= 10;\n        n /= 8;\n    }\n    return s;\n}\n\nint main() {\n    int n;\n    while (cin >> n, n) {\n        results[index++] = solve(n); // Store results\n    }\n    for (int i = 0; i < index; i++) {\n        printf("%lld\\n", results[i]); // Print results in one go\n    }\n}') | LineLLMMutation(('source.cpp', 15), '#include <iostream>\n#include <cstdio>\n#include <string>\nusing namespace std;\n\nconst int t[8] = { 0, 1, 2, 3, 5, 7, 8, 9 };\nlong long results[100];\nint index = 0;\n\nlong long int solve(int n) {\n    string s; \n    while (n > 0) {\n        s = to_string(t[n % 8]) + s; // Prepend the digit to the string\n        n /= 8;\n    }\n    return stoll(s); // Convert the string back to long long\n}\n\nint main() {\n    int n;\n    while (cin >> n, n) {\n        results[index++] = solve(n);\n    }\n    for (int i = 0; i < index; i++) {\n        printf("%lld\\n", results[i]);\n    }\n}')"
2025-02-24 21:20:08,011	[INFO]	Step: 28
2025-02-24 21:20:08,011	[INFO]	Stop Steps: 50
2025-02-24 21:20:08,500	[INFO]	2-9     TEST_CODE_ERROR       None (--) [2 edit(s)]  
2025-02-24 21:20:08,500	[DEBUG]	patch(2-9)="LineLLMCrossover(('source.cpp', 1), '#include <iostream>\n#include <cstdio>\nusing namespace std;\n\nconst int t[8] = { 0, 1, 2, 3, 5, 7, 8, 9 };\nlong long results[100]; // Array for results\nint index = 0; // To track results\n\nlong long int solve(int n) {\n    long long s = 0, multiplier = 1; \n    while (n > 0) {\n        s += t[n % 8] * multiplier; \n        multiplier *= 10;\n        n /= 8; // Regular division by 8\n    }\n    return s;\n}\n\nint main() {\n    int n;\n    while (cin >> n, n) {\n        results[index++] = solve(n); // Store results\n    }\n    for (int i = 0; i < index; i++) {\n        printf("%lld\\n", results[i]); // Print results in one go\n    }\n}') | LineLLMMutation(('source.cpp', 16), '#include <iostream>\n#include <cstdio>\nusing namespace std;\n\nconst int t[8] = { 0, 1, 2, 3, 5, 7, 8, 9 };\nlong long results[100]; // Array for results\nint index = 0; // To track results\n\nlong long int solve(int n) {\n    long long s = 0; \n    int multiplier = 1; \n    while (n > 0) {\n        s += t[n & 7] * multiplier; // Using bitwise AND to replace modulo operation\n        n >>= 3; // Using bitwise right shift to divide by 8\n        multiplier *= 10;\n    }\n    return s;\n}\n\nint main() {\n    int n;\n    while (cin >> n, n) {\n        results[index++] = solve(n); // Store results\n    }\n    for (int i = 0; i < index; i++) {\n        printf("%lld\\n", results[i]); // Print results in one go\n    }\n}')"
2025-02-24 21:20:08,500	[INFO]	Step: 29
2025-02-24 21:20:08,500	[INFO]	Stop Steps: 50
2025-02-24 21:20:08,984	[INFO]	2-10    TEST_CODE_ERROR       None (--) [2 edit(s)]  
2025-02-24 21:20:08,984	[DEBUG]	patch(2-10)="LineLLMMutation(('source.cpp', 1), '#include <iostream>\n#include <cstdio>\nusing namespace std;\n\nconst int t[8] = { 0, 1, 2, 3, 5, 7, 8, 9 };\nlong long results[100]; // Array for results\nint index = 0; // To track results\n\nlong long int solve(int n) {\n    long long int s = 0;\n    for (int i = 1; n > 0; i *= 10, n /= 8)\n        s += (long long int)t[n % 8] * i;\n    return s;\n}\n\nint main() {\n    int n;\n    while (cin >> n, n) {\n        results[index++] = solve(n); // Store results\n    }\n    for (int i = 0; i < index; i++) {\n        printf("%lld\\n", results[i]); // Print results in one go\n    }\n}') | LineLLMMutation(('source.cpp', 17), '#include <iostream>\n#include <cstdio>\nusing namespace std;\n\nconst int t[8] = { 0, 1, 2, 3, 5, 7, 8, 9 };\nlong long results[100]; // Array for results\nint index = 0; // To track results\n\nlong long int solve(int n) {\n    long long int s = 0;\n    // Using bit manipulation to replace the loop\n    while (n > 0) {\n        s = (s << 3) + t[n & 7]; // equivalent to s += t[n % 8] * (10^i)\n        n >>= 3; // Equivalent to n /= 8\n    }\n    return s;\n}\n\nint main() {\n    int n;\n    while (cin >> n, n) {\n        results[index++] = solve(n); // Store results\n    }\n    for (int i = 0; i < index; i++) {\n        printf("%lld\\n", results[i]); // Print results in one go\n    }\n}')"
2025-02-24 21:20:08,984	[INFO]	Step: 30
2025-02-24 21:20:08,984	[INFO]	Stop Steps: 50
2025-02-24 21:20:09,634	[DEBUG]	EXEC>  SUCCESS 3101802.5
2025-02-24 21:20:09,634	[INFO]	2-1     SUCCESS               3101802.50 (100.04%) [2 edit(s)]  
2025-02-24 21:20:09,634	[DEBUG]	patch(2-1)="LineLLMCrossover(('source.cpp', 0), '#include <iostream>\n#include <cstdio>\nusing namespace std;\n\nconst int t[8] = { 0, 1, 2, 3, 5, 7, 8, 9 };\nlong long results[100]; // Array for results\nint index = 0; // To track results\n\nlong long int solve(int n) {\n    long long s = 0, multiplier = 1; \n    while (n > 0) {\n        s += t[n & 7] * multiplier; // Using bitwise AND instead of modulus\n        multiplier *= 10;\n        n >>= 3; // Right shift by 3 to divide by 8\n    }\n    return s;\n}\n\nint main() {\n    int n;\n    while (cin >> n, n) {\n        results[index++] = solve(n); // Store results\n    }\n    for (int i = 0; i < index; i++) {\n        printf("%lld\\n", results[i]); // Print results in one go\n    }\n}') | LineLLMMutation(('source.cpp', 18), '#include <iostream>\n#include <cstdio>\n#include <cmath> // Include cmath for pow function\nusing namespace std;\n\nconst int t[8] = { 0, 1, 2, 3, 5, 7, 8, 9 };\nlong long results[100]; // Array for results\nint index = 0; // To track results\n\nlong long int solve(int n) {\n    long long s = 0; \n    int multiplierPower = 0; // Track power of 10\n    while (n > 0) {\n        s += t[n & 7] * pow(10, multiplierPower); // Use pow to calculate power of 10\n        multiplierPower++; // Increment the power\n        n >>= 3; // Right shift by 3 to divide by 8\n    }\n    return s;\n}\n\nint main() {\n    int n;\n    while (cin >> n, n) {\n        results[index++] = solve(n); // Store results\n    }\n    for (int i = 0; i < index; i++) {\n        printf("%lld\\n", results[i]); // Print results in one go\n    }\n}')"
2025-02-24 21:20:09,634	[INFO]	Step: 31
2025-02-24 21:20:09,634	[INFO]	Stop Steps: 50
2025-02-24 21:20:10,161	[DEBUG]	EXEC>  SUCCESS 3100506.5
2025-02-24 21:20:10,161	[INFO]	2-2     SUCCESS               3100506.50 (100.00%) [1 edit(s)]  
2025-02-24 21:20:10,161	[DEBUG]	patch(2-2)="LineLLMMutation(('source.cpp', 19), '#include <iostream>\n\nusing namespace std;\n\nconst int t[8] = { 0, 1, 2, 3, 5, 7, 8, 9 };\n\nlong long int solve(int n){\n    long long int s=0;\n    for(int i=1 ; n >0; i *= 10 , n /= 8)\n        s += (long long int)t[n%8]*i;\n    return s;\n}\n\nint main(){\n    int n;\n    while( cin >> n , n ){\n        cout << solve(n) << endl;\n    }\n}')"
2025-02-24 21:20:10,161	[INFO]	Step: 32
2025-02-24 21:20:10,161	[INFO]	Stop Steps: 50
2025-02-24 21:20:11,700	[DEBUG]	EXEC>  SUCCESS 3100597.0
2025-02-24 21:20:11,700	[INFO]	REF     SUCCESS               3100597.00 (--) [0 edit(s)]  
2025-02-24 21:20:11,700	[INFO]	Best patch: 4
2025-02-24 21:20:12,235	[DEBUG]	EXEC>  SUCCESS 3097975.0
2025-02-24 21:20:12,235	[INFO]	BEST    SUCCESS              *3097975.00 (99.92%) [0 edit(s)]  
2025-02-24 21:20:12,235	[INFO]	Best patch step: 23
2025-02-24 21:21:16,712	[INFO]	Step: 32
2025-02-24 21:21:16,712	[INFO]	Stop Steps: 50
2025-02-24 21:21:17,238	[DEBUG]	EXEC>  SUCCESS 3097885.0
2025-02-24 21:21:17,238	[INFO]	3-3     SUCCESS              *3097885.00 (99.91%) [1 edit(s)]  
2025-02-24 21:21:17,239	[DEBUG]	patch(3-3)="LineLLMCrossover(('source.cpp', 4), '#include <iostream>\n#include <cstdio>\nusing namespace std;\n\nconst int t[8] = { 0, 1, 2, 3, 5, 7, 8, 9 };\nlong long results[100]; // Array for results\nint index = 0; // To track results\n\nlong long int solve(int n) {\n    long long s = 0, multiplier = 1; \n    while (n > 0) {\n        s += t[n & 7] * multiplier; // Using bitwise AND for efficiency\n        multiplier *= 10;\n        n >>= 3; // Right shift to divide by 8\n    }\n    return s;\n}\n\nint main() {\n    int n;\n    while (cin >> n, n) {\n        results[index++] = solve(n); // Store results\n    }\n    for (int i = 0; i < index; i++) {\n        printf("%lld\\n", results[i]); // Print results in one go\n    }\n}')"

2025-02-24 21:21:17,239	[INFO]	Step: 33
2025-02-24 21:21:17,239	[INFO]	Stop Steps: 50
2025-02-24 21:21:17,752	[DEBUG]	EXEC>  SUCCESS 3097974.5
2025-02-24 21:21:17,753	[INFO]	3-4     SUCCESS               3097974.50 (99.92%) [1 edit(s)]  
2025-02-24 21:21:17,753	[DEBUG]	patch(3-4)="LineLLMCrossover(('source.cpp', 1), '#include <iostream>\n#include <cstdio>\nusing namespace std;\n\nconst int t[8] = { 0, 1, 2, 3, 5, 7, 8, 9 };\nlong long results[100]; // Array for results\nint index = 0; // To track results\n\nlong long int solve(int n) {\n    long long s = 0, multiplier = 1; \n    while (n > 0) {\n        s += t[n % 8] * multiplier; \n        multiplier *= 10;\n        n /= 8; // Regular division by 8\n    }\n    return s;\n}\n\nint main() {\n    int n;\n    while (cin >> n, n) {\n        results[index++] = solve(n); // Store results\n    }\n    for (int i = 0; i < index; i++) {\n        printf("%lld\\n", results[i]); // Print results in one go\n    }\n}')"
2025-02-24 21:21:17,753	[INFO]	Step: 34
2025-02-24 21:21:17,753	[INFO]	Stop Steps: 50
2025-02-24 21:21:18,285	[DEBUG]	EXEC>  SUCCESS 3097885.0
2025-02-24 21:21:18,285	[INFO]	3-5     SUCCESS               3097885.00 (99.91%) [1 edit(s)]  
2025-02-24 21:21:18,285	[DEBUG]	patch(3-5)="LineLLMCrossover(('source.cpp', 8), '#include <iostream>\n#include <cstdio>\nusing namespace std;\n\nconst int t[8] = { 0, 1, 2, 3, 5, 7, 8, 9 };\nlong long results[100]; // Array for results\nint index = 0; // To track results\n\nlong long int solve(int n) {\n    long long s = 0, multiplier = 1; \n    while (n > 0) {\n        s += t[n % 8] * multiplier; // Using modulus for clarity\n        multiplier *= 10;\n        n >>= 3; // Right shift for efficiency\n    }\n    return s;\n}\n\nint main() {\n    int n;\n    while (cin >> n, n) {\n        results[index++] = solve(n); // Store results\n    }\n    for (int i = 0; i < index; i++) {\n        printf("%lld\\n", results[i]); // Print results in one go\n    }\n}')"
2025-02-24 21:21:18,286	[INFO]	Step: 35
2025-02-24 21:21:18,286	[INFO]	Stop Steps: 50
2025-02-24 21:21:18,804	[DEBUG]	EXEC>  SUCCESS 3097885.5
2025-02-24 21:21:18,805	[INFO]	3-6     SUCCESS               3097885.50 (99.91%) [1 edit(s)]  
2025-02-24 21:21:18,805	[DEBUG]	patch(3-6)="LineLLMCrossover(('source.cpp', 9), '#include <iostream>\n#include <cstdio>\nusing namespace std;\n\nconst int t[8] = { 0, 1, 2, 3, 5, 7, 8, 9 };\nlong long results[100]; // Array for results\nint index = 0; // To track results\n\nlong long int solve(int n) {\n    long long s = 0; \n    long long multiplier = 1; // Use a multiplier to avoid repeated multiplication\n    while (n > 0) {\n        s += t[n & 7] * multiplier; // Using bitwise AND for efficiency\n        multiplier *= 10;\n        n >>= 3; // Right shift to divide by 8\n    }\n    return s;\n}\n\nint main() {\n    int n;\n    while (cin >> n, n) {\n        results[index++] = solve(n); // Store results\n    }\n    for (int i = 0; i < index; i++) {\n        printf("%lld\\n", results[i]); // Print results in one go\n    }\n}')"
2025-02-24 21:21:18,805	[INFO]	Step: 36
2025-02-24 21:21:18,805	[INFO]	Stop Steps: 50
2025-02-24 21:21:19,340	[DEBUG]	EXEC>  SUCCESS 3097974.5
2025-02-24 21:21:19,340	[INFO]	3-7     SUCCESS               3097974.50 (99.92%) [1 edit(s)]  
2025-02-24 21:21:19,340	[DEBUG]	patch(3-7)="LineLLMCrossover(('source.cpp', 10), '#include <iostream>\n#include <cstdio>\nusing namespace std;\n\nconst int t[8] = { 0, 1, 2, 3, 5, 7, 8, 9 };\nlong long results[100]; // Array for results\nint index = 0; // To track results\n\nlong long int solve(int n) {\n    long long s = 0, multiplier = 1; \n    while (n > 0) {\n        s += t[n & 7] * multiplier; // Using bitwise AND for efficiency\n        multiplier *= 10;\n        n /= 8; // Regular division for clarity\n    }\n    return s;\n}\n\nint main() {\n    int n;\n    while (cin >> n, n) {\n        results[index++] = solve(n); // Store results\n    }\n    for (int i = 0; i < index; i++) {\n        printf("%lld\\n", results[i]); // Print results in one go\n    }\n}')"
2025-02-24 21:21:19,340	[INFO]	Step: 37
2025-02-24 21:21:19,340	[INFO]	Stop Steps: 50
2025-02-24 21:21:19,855	[DEBUG]	EXEC>  SUCCESS 3097975.0
2025-02-24 21:21:19,856	[INFO]	3-8     SUCCESS               3097975.00 (99.92%) [1 edit(s)]  
2025-02-24 21:21:19,856	[DEBUG]	patch(3-8)="LineLLMCrossover(('source.cpp', 11), '#include <iostream>\n#include <cstdio>\nusing namespace std;\n\nconst int t[8] = { 0, 1, 2, 3, 5, 7, 8, 9 };\nlong long results[100]; // Array for results\nint index = 0; // To track results\n\nlong long int solve(int n) {\n    long long s = 0, multiplier = 1; \n    while (n > 0) {\n        s += t[n % 8] * multiplier; // Using modulus for clarity\n        multiplier *= 10;\n        n >>= 3; // Right shift for efficiency\n    }\n    return s;\n}\n\nint main() {\n    int n;\n    while (cin >> n, n) {\n        results[index++] = solve(n); // Store results\n    }\n    for (int i = 0; i < index; i++) {\n        printf("%lld\\n", results[i]); // Print results in one go\n    }\n}')"
2025-02-24 21:21:19,856	[INFO]	Step: 38
2025-02-24 21:21:19,856	[INFO]	Stop Steps: 50
2025-02-24 21:21:20,502	[DEBUG]	EXEC>  SUCCESS 3108609.0
2025-02-24 21:21:20,502	[INFO]	3-9     SUCCESS               3108609.00 (100.26%) [2 edit(s)]  
2025-02-24 21:21:20,502	[DEBUG]	patch(3-9)="LineLLMCrossover(('source.cpp', 4), '#include <iostream>\n#include <cstdio>\nusing namespace std;\n\nconst int t[8] = { 0, 1, 2, 3, 5, 7, 8, 9 };\nlong long results[100]; // Array for results\nint index = 0; // To track results\n\nlong long int solve(int n) {\n    long long s = 0, multiplier = 1; \n    while (n > 0) {\n        s += t[n & 7] * multiplier; // Using bitwise AND for efficiency\n        multiplier *= 10;\n        n >>= 3; // Right shift to divide by 8\n    }\n    return s;\n}\n\nint main() {\n    int n;\n    while (cin >> n, n) {\n        results[index++] = solve(n); // Store results\n    }\n    for (int i = 0; i < index; i++) {\n        printf("%lld\\n", results[i]); // Print results in one go\n    }\n}') | LineLLMMutation(('source.cpp', 20), '#include <iostream>\n#include <vector>\nusing namespace std;\n\nconst int t[8] = { 0, 1, 2, 3, 5, 7, 8, 9 };\n\nlong long int solve(int n) {\n    long long s = 0, multiplier = 1; \n    while (n > 0) {\n        s += t[n & 7] * multiplier; // Using bitwise AND for efficiency\n        multiplier *= 10;\n        n >>= 3; // Right shift to divide by 8\n    }\n    return s;\n}\n\nint main() {\n    int n;\n    vector<long long> results; // Use vector for dynamic size\n    while (cin >> n, n) {\n        results.push_back(solve(n)); // Store results in vector\n    }\n    for (const auto& result : results) {\n        cout << result << endl; // Print results using cout for better performance\n    }\n}')"
2025-02-24 21:21:20,502	[INFO]	Step: 39
2025-02-24 21:21:20,502	[INFO]	Stop Steps: 50
2025-02-24 21:21:20,990	[INFO]	3-10    TEST_CODE_ERROR       None (--) [2 edit(s)]  
2025-02-24 21:21:20,990	[DEBUG]	patch(3-10)="LineLLMCrossover(('source.cpp', 1), '#include <iostream>\n#include <cstdio>\nusing namespace std;\n\nconst int t[8] = { 0, 1, 2, 3, 5, 7, 8, 9 };\nlong long results[100]; // Array for results\nint index = 0; // To track results\n\nlong long int solve(int n) {\n    long long s = 0, multiplier = 1; \n    while (n > 0) {\n        s += t[n % 8] * multiplier; \n        multiplier *= 10;\n        n /= 8; // Regular division by 8\n    }\n    return s;\n}\n\nint main() {\n    int n;\n    while (cin >> n, n) {\n        results[index++] = solve(n); // Store results\n    }\n    for (int i = 0; i < index; i++) {\n        printf("%lld\\n", results[i]); // Print results in one go\n    }\n}') | LineLLMMutation(('source.cpp', 21), '#include <iostream>\n#include <cstdio>\nusing namespace std;\n\nconst int t[8] = { 0, 1, 2, 3, 5, 7, 8, 9 };\nlong long results[100]; // Array for results\nint index = 0; // To track results\n\nlong long int solve(int n) {\n    long long s = 0; \n    while (n > 0) {\n        s = s * 10 + t[n % 8]; // Combine multiplication and addition\n        n /= 8; // Regular division by 8\n    }\n    return s;\n}\n\nint main() {\n    int n;\n    while (cin >> n, n) {\n        results[index++] = solve(n); // Store results\n    }\n    for (int i = 0; i < index; i++) {\n        printf("%lld\\n", results[i]); // Print results in one go\n    }\n}')"
2025-02-24 21:21:20,990	[INFO]	Step: 40
2025-02-24 21:21:20,990	[INFO]	Stop Steps: 50
2025-02-24 21:21:21,462	[INFO]	3-1     TEST_CODE_ERROR       None (--) [2 edit(s)]  
2025-02-24 21:21:21,462	[DEBUG]	patch(3-1)="LineLLMCrossover(('source.cpp', 6), '#include <iostream>\n#include <cstdio>\nusing namespace std;\n\nconst int t[8] = { 0, 1, 2, 3, 5, 7, 8, 9 };\nlong long results[100]; // Array for results\nint index = 0; // To track results\n\nlong long int solve(int n) {\n    long long s = 0, multiplier = 1; \n    while (n > 0) {\n        s += t[n % 8] * multiplier; // Using modulus for clarity\n        multiplier *= 10;\n        n >>= 3; // Right shift for division by 8\n    }\n    return s;\n}\n\nint main() {\n    int n;\n    while (cin >> n, n) {\n        results[index++] = solve(n); // Store results\n    }\n    for (int i = 0; i < index; i++) {\n        printf("%lld\\n", results[i]); // Print results in one go\n    }\n}') | LineLLMMutation(('source.cpp', 22), '#include <iostream>\n#include <cstdio>\nusing namespace std;\n\nconst int t[8] = { 0, 1, 2, 3, 5, 7, 8, 9 };\nlong long results[100]; // Array for results\nint index = 0; // To track results\n\nlong long int solve(int n) {\n    long long s = 0; \n    while (n > 0) {\n        s = s * 10 + t[n & 7]; // Replace modulus and multiplication with bitwise AND and addition\n        n >>= 3; // Right shift for division by 8\n    }\n    return s;\n}\n\nint main() {\n    int n;\n    while (cin >> n, n) {\n        results[index++] = solve(n); // Store results\n    }\n    for (int i = 0; i < index; i++) {\n        printf("%lld\\n", results[i]); // Print results in one go\n    }\n}')"
2025-02-24 21:21:21,462	[INFO]	Step: 41
2025-02-24 21:21:21,462	[INFO]	Stop Steps: 50
2025-02-24 21:21:21,994	[DEBUG]	EXEC>  SUCCESS 3098349.0
2025-02-24 21:21:21,994	[INFO]	3-2     SUCCESS               3098349.00 (99.93%) [2 edit(s)]  
2025-02-24 21:21:21,994	[DEBUG]	patch(3-2)="LineLLMCrossover(('source.cpp', 3), '#include <iostream>\n#include <cstdio>\nusing namespace std;\n\nconst int t[8] = { 0, 1, 2, 3, 5, 7, 8, 9 };\nlong long results[100]; // Array for results\nint index = 0; // To track results\n\nlong long int solve(int n) {\n    long long s = 0; \n    long long multiplier = 1; // Use a multiplier to avoid repeated multiplication\n    while (n > 0) {\n        s += t[n % 8] * multiplier;\n        multiplier *= 10;\n        n /= 8;\n    }\n    return s;\n}\n\nint main() {\n    int n;\n    while (cin >> n, n) {\n        results[index++] = solve(n); // Store results\n    }\n    for (int i = 0; i < index; i++) {\n        printf("%lld\\n", results[i]); // Print results in one go\n    }\n}') | LineLLMMutation(('source.cpp', 23), '#include <iostream>\n#include <cstdio>\nusing namespace std;\n\nconst int t[8] = { 0, 1, 2, 3, 5, 7, 8, 9 };\nlong long results[100]; // Array for results\nint index = 0; // To track results\n\nlong long int solve(int n) {\n    long long s = 0; \n    // Using an array to store the powers of 10 to avoid repeated multiplication\n    long long multiplier[20]; \n    multiplier[0] = 1;\n    for (int i = 1; i < 20; i++) {\n        multiplier[i] = multiplier[i - 1] * 10;\n    }\n    \n    int i = 0;\n    while (n > 0) {\n        s += t[n % 8] * multiplier[i++];\n        n /= 8;\n    }\n    return s;\n}\n\nint main() {\n    int n;\n    while (cin >> n, n) {\n        results[index++] = solve(n); // Store results\n    }\n    for (int i = 0; i < index; i++) {\n        printf("%lld\\n", results[i]); // Print results in one go\n    }\n}')"
2025-02-24 21:21:21,994	[INFO]	Step: 42
2025-02-24 21:21:21,994	[INFO]	Stop Steps: 50
2025-02-24 21:21:22,519	[DEBUG]	EXEC>  SUCCESS 3100506.5
2025-02-24 21:21:22,519	[INFO]	3-3     SUCCESS               3100506.50 (100.00%) [1 edit(s)]  
2025-02-24 21:21:22,519	[DEBUG]	patch(3-3)="LineLLMMutation(('source.cpp', 24), '#include <iostream>\n\nusing namespace std;\n\nconst int t[8] = { 0, 1, 2, 3, 5, 7, 8, 9 };\n\nlong long int solve(int n) {\n    long long int s = 0;\n    for (int i = 1; n > 0; i *= 10, n /= 8) {\n        s += (long long int)t[n % 8] * i;\n    }\n    return s;\n}\n\nint main() {\n    int n;\n    while (cin >> n, n) {\n        cout << solve(n) << endl;\n    }\n}')"
2025-02-24 21:21:22,519	[INFO]	Step: 43
2025-02-24 21:21:22,520	[INFO]	Stop Steps: 50
2025-02-24 21:21:23,012	[INFO]	3-4     TEST_CODE_ERROR       None (--) [1 edit(s)]  
2025-02-24 21:21:23,012	[DEBUG]	patch(3-4)="LineLLMMutation(('source.cpp', 25), '#include <iostream>\n\nusing namespace std;\n\nlong long int solve(int n) {\n    long long int s = 0;\n    for (int i = 1; n > 0; i *= 10, n /= 8) {\n        s += (n % 8) * i; // Directly use n % 8 instead of the array\n    }\n    return s;\n}\n\nint main() {\n    int n;\n    while (cin >> n, n) {\n        cout << solve(n) << endl;\n    }\n}')"
2025-02-24 21:21:23,012	[INFO]	Step: 44
2025-02-24 21:21:23,012	[INFO]	Stop Steps: 50
2025-02-24 21:21:23,553	[INFO]	3-5     TEST_CODE_ERROR       None (--) [1 edit(s)]  
2025-02-24 21:21:23,553	[DEBUG]	patch(3-5)="LineLLMMutation(('source.cpp', 26), '#include <iostream>\n#include <string>\n\nusing namespace std;\n\nstring solve(int n) {\n    string result;\n    while (n > 0) {\n        result = char(\'0\' + n % 8) + result; // Build the result string directly\n        n /= 8;\n    }\n    return result.empty() ? "0" : result; // Handle the case when n is 0\n}\n\nint main() {\n    int n;\n    while (cin >> n, n) {\n        cout << solve(n) << endl;\n    }\n}')"
2025-02-24 21:21:23,553	[INFO]	Step: 45
2025-02-24 21:21:23,553	[INFO]	Stop Steps: 50
2025-02-24 21:21:25,091	[DEBUG]	EXEC>  SUCCESS 3100596.0
2025-02-24 21:21:25,091	[INFO]	REF     SUCCESS               3100596.00 (--) [0 edit(s)]  
2025-02-24 21:21:25,091	[INFO]	Best patch: 4
2025-02-24 21:21:25,609	[DEBUG]	EXEC>  SUCCESS 3097973.5
2025-02-24 21:21:25,609	[INFO]	BEST    SUCCESS              *3097973.50 (99.92%) [0 edit(s)]  
2025-02-24 21:21:25,609	[INFO]	Best patch step: 32
2025-02-24 21:22:35,837	[INFO]	Step: 45
2025-02-24 21:22:35,837	[INFO]	Stop Steps: 50
2025-02-24 21:22:36,370	[DEBUG]	EXEC>  SUCCESS 3097974.5
2025-02-24 21:22:36,371	[INFO]	4-6     SUCCESS              +3097974.50 (99.92%) [1 edit(s)]  
2025-02-24 21:22:36,371	[DEBUG]	patch(4-6)="LineLLMCrossover(('source.cpp', 4), '#include <iostream>\n#include <cstdio>\nusing namespace std;\n\nconst int t[8] = { 0, 1, 2, 3, 5, 7, 8, 9 };\nlong long results[100]; // Array for results\nint index = 0; // To track results\n\nlong long int solve(int n) {\n    long long s = 0, multiplier = 1; \n    while (n > 0) {\n        s += t[n & 7] * multiplier; // Using bitwise AND for efficiency\n        multiplier *= 10;\n        n >>= 3; // Right shift to divide by 8\n    }\n    return s;\n}\n\nint main() {\n    int n;\n    while (cin >> n, n) {\n        results[index++] = solve(n); // Store results\n    }\n    for (int i = 0; i < index; i++) {\n        printf("%lld\\n", results[i]); // Print results in one go\n    }\n}')"
2025-02-24 21:22:36,371	[INFO]	Step: 46
2025-02-24 21:22:36,371	[INFO]	Stop Steps: 50
2025-02-24 21:22:36,889	[DEBUG]	EXEC>  SUCCESS 3097975.5
2025-02-24 21:22:36,889	[INFO]	4-7     SUCCESS               3097975.50 (99.92%) [1 edit(s)]  
2025-02-24 21:22:36,889	[DEBUG]	patch(4-7)="LineLLMCrossover(('source.cpp', 8), '#include <iostream>\n#include <cstdio>\nusing namespace std;\n\nconst int t[8] = { 0, 1, 2, 3, 5, 7, 8, 9 };\nlong long results[100]; // Array for results\nint index = 0; // To track results\n\nlong long int solve(int n) {\n    long long s = 0, multiplier = 1; \n    while (n > 0) {\n        s += t[n % 8] * multiplier; // Using modulus for clarity\n        multiplier *= 10;\n        n >>= 3; // Right shift for efficiency\n    }\n    return s;\n}\n\nint main() {\n    int n;\n    while (cin >> n, n) {\n        results[index++] = solve(n); // Store results\n    }\n    for (int i = 0; i < index; i++) {\n        printf("%lld\\n", results[i]); // Print results in one go\n    }\n}')"
2025-02-24 21:22:36,889	[INFO]	Step: 47
2025-02-24 21:22:36,889	[INFO]	Stop Steps: 50
2025-02-24 21:22:37,418	[DEBUG]	EXEC>  SUCCESS 3097884.0
2025-02-24 21:22:37,418	[INFO]	4-8     SUCCESS              *3097884.00 (99.91%) [1 edit(s)]  
2025-02-24 21:22:37,418	[DEBUG]	patch(4-8)="LineLLMCrossover(('source.cpp', 12), '#include <iostream>\n#include <cstdio>\nusing namespace std;\n\nconst int t[8] = { 0, 1, 2, 3, 5, 7, 8, 9 };\nlong long results[100]; // Array for results\nint index = 0; // To track results\n\nlong long int solve(int n) {\n    long long s = 0, multiplier = 1; \n    while (n > 0) {\n        s += t[n % 8] * multiplier; // Using modulus for clarity\n        multiplier *= 10;\n        n >>= 3; // Right shift for efficiency\n    }\n    return s;\n}\n\nint main() {\n    int n;\n    while (cin >> n, n) {\n        results[index++] = solve(n); // Store results\n    }\n    for (int i = 0; i < index; i++) {\n        printf("%lld\\n", results[i]); // Print results in one go\n    }\n}')"

2025-02-24 21:22:37,419	[INFO]	Step: 48
2025-02-24 21:22:37,419	[INFO]	Stop Steps: 50
2025-02-24 21:22:37,935	[DEBUG]	EXEC>  SUCCESS 3097884.5
2025-02-24 21:22:37,935	[INFO]	4-9     SUCCESS               3097884.50 (99.91%) [1 edit(s)]  
2025-02-24 21:22:37,935	[DEBUG]	patch(4-9)="LineLLMCrossover(('source.cpp', 13), '#include <iostream>\n#include <cstdio>\nusing namespace std;\n\nconst int t[8] = { 0, 1, 2, 3, 5, 7, 8, 9 };\nlong long results[100]; // Array for results\nint index = 0; // To track results\n\nlong long int solve(int n) {\n    long long s = 0, multiplier = 1; \n    while (n > 0) {\n        s += t[n & 7] * multiplier; // Using bitwise AND for efficiency\n        multiplier *= 10;\n        n /= 8; // Regular division for clarity\n    }\n    return s;\n}\n\nint main() {\n    int n;\n    while (cin >> n, n) {\n        results[index++] = solve(n); // Store results\n    }\n    for (int i = 0; i < index; i++) {\n        printf("%lld\\n", results[i]); // Print results in one go\n    }\n}')"
2025-02-24 21:22:37,935	[INFO]	Step: 49
2025-02-24 21:22:37,936	[INFO]	Stop Steps: 50
2025-02-24 21:22:38,425	[INFO]	4-10    TEST_CODE_ERROR       None (--) [1 edit(s)]  
2025-02-24 21:22:38,425	[DEBUG]	patch(4-10)="LineLLMCrossover(('source.cpp', 14), '#include <iostream>\n#include <cstdio>\nusing namespace std;\n\nconst int t[8] = { 0, 1, 2, 3, 5, 7, 8, 9 };\nlong long results[100]; // Array for results\nint index = 0; // To track results\n\nlong long int solve(int n) {\n    long long s = 0, multiplier = 1; \n    while (n > 0) {\n        s += t[n % 8] * multiplier; // Using modulus for clarity\n        multiplier *= 10;\n        n >>= 3; // Right shift for efficiency\n    }\n    return s;\n}\n\nint main() {\n    int n;\n    while (cin >> n, n) {\n        results[index++] = solve(n); // Store results\n    }\n    printf("%lld\\n", results[index - 1]); // Print last result to reduce I/O calls\n    return 0;\n}')"
2025-02-24 21:22:38,425	[INFO]	Step: 50
2025-02-24 21:22:38,425	[INFO]	Stop Steps: 50
2025-02-24 21:22:38,425	[INFO]	(Abstract Algorithm) Stopping Condition: step budget
2025-02-24 21:22:38,425	[INFO]	Step: 50
2025-02-24 21:22:38,425	[INFO]	Stop Steps: 50
2025-02-24 21:22:43,087	[INFO]	~~~~ END ~~~~
2025-02-24 21:22:43,087	[INFO]	Best patch step: 47
2025-02-24 21:22:43,087	[INFO]	
2025-02-24 21:22:43,087	[INFO]	==== REPORT ====
2025-02-24 21:22:43,088	[INFO]	Termination: step budget
2025-02-24 21:22:43,088	[INFO]	Log file: /home/luke/magpie/_magpie_logs/0060_1740431847.log
2025-02-24 21:22:43,088	[INFO]	Patch file: _magpie_logs/0060_1740431847.patch
2025-02-24 21:22:43,088	[INFO]	Diff file: _magpie_logs/0060_1740431847.diff
2025-02-24 21:22:43,088	[INFO]	Reference fitness: 3100596.00
2025-02-24 21:22:43,088	[INFO]	Best fitness: 3097884.00
2025-02-24 21:22:43,088	[INFO]	
2025-02-24 21:22:43,089	[INFO]	==== BEST PATCH ====
LineLLMCrossover(('source.cpp', 12), '#include <iostream>\n#include <cstdio>\nusing namespace std;\n\nconst int t[8] = { 0, 1, 2, 3, 5, 7, 8, 9 };\nlong long results[100]; // Array for results\nint index = 0; // To track results\n\nlong long int solve(int n) {\n    long long s = 0, multiplier = 1; \n    while (n > 0) {\n        s += t[n % 8] * multiplier; // Using modulus for clarity\n        multiplier *= 10;\n        n >>= 3; // Right shift for efficiency\n    }\n    return s;\n}\n\nint main() {\n    int n;\n    while (cin >> n, n) {\n        results[index++] = solve(n); // Store results\n    }\n    for (int i = 0; i < index; i++) {\n        printf("%lld\\n", results[i]); // Print results in one go\n    }\n}')
2025-02-24 21:22:43,089	[INFO]	
2025-02-24 21:22:43,089	[INFO]	==== DIFF ====

