2025-01-27 02:18:59,173	[DEBUG]	==== CONFIG ====
[magpie]
import = 
seed = 5951455353078902
log_dir = _magpie_logs
work_dir = _magpie_work
local_original_copy = True
local_original_name = __original__
output_encoding = ascii
edit_retries = 10
default_timeout = 30
default_lengthout = 10000.0
diff_method = unified
trust_local_filesystem = True

[magpie.log]
color_output = True
format_info = {counter:<7} {status:<20} {best}{fitness} ({ratio}) [{size}] {cached} {log}
format_debug = patch({counter})="{patch}"{diffifbest}
format_fitness = {:.2f}
format_ratio = {:.2%%}
format_patchif = 
	 --> {patch}
format_diffif = 
	{diff}

[software]
path = dataset/magpie_dataset/train/0061
target_files = 
	source.cpp
software = BasicSoftware
model_rules = 
	*.params : ParamFileConfigModel
	*.xml : SrcmlModel
	* : LineModel
model_config = 
	*.params : [paramconfig]
	*.xml : [srcml]
init_cmd = 
init_timeout = 60
init_lengthout = -1
setup_cmd = bash setup.sh
setup_timeout = 
setup_lengthout = 
compile_cmd = bash compile.sh
compile_timeout = 
compile_lengthout = 
test_cmd = bash test.sh
test_timeout = 
test_lengthout = 
run_cmd = bash run.sh
run_timeout = 3
run_lengthout = 
batch_timeout = 
batch_lengthout = 
batch_bin_fitness_strategy = aggregate
batch_fitness_strategy = sum
fitness = time

[srcml]
rename = 
	stmt: break continue decl_stmt do expr_stmt for goto if return switch while
	number: literal_number
focus = block stmt operator_comp operator_arith number
internodes = block
process_pseudo_blocks = True
process_literals = True
process_operators = True

[paramconfig]
timing = test run
cli_prefix = --
cli_glue = =
cli_boolean = show
cli_boolean_prefix_true = 
cli_boolean_prefix_false = no-
cli_none = hide
silent_prefix = @
silent_suffix = $

[search]
protocol = BasicProtocol
algorithm = GeneticProgrammingLLM
possible_edits = 
	LineLLMMutation
	LineLLMCrossover
	LineDeletion
	LineInsertion
	LineReplacement
llm_prob = 1.0
warmup = 5
warmup_strategy = last
max_steps = 50
max_time = 20000
target_fitness = 
cache_maxsize = 100
cache_keep = 0.2
batch_instances = 
batch_shuffle = True
batch_bin_shuffle = False
batch_sample_size = 1

[search.ls]
delete_prob = 0.5
max_neighbours = 
when_trapped = continue
accept_fail = False
tabu_length = 10

[search.gp]
pop_size = 10
delete_prob = 0.0
offspring_elitism = 0.2
offspring_crossover = 0.4
offspring_mutation = 0.4
uniform_rate = 0.5
batch_reset = True
llm_type = baseline

[search.minify]
do_cleanup = True
do_rebuild = True
do_simplify = True
round_robin_limit = 3


2025-01-27 02:18:59,174	[DEBUG]	
2025-01-27 02:18:59,174	[INFO]	==== SEARCH: GeneticProgrammingLLM ====
2025-01-27 02:18:59,174	[INFO]	~~~~ WARMUP ~~~~
2025-01-27 02:19:00,475	[DEBUG]	EXEC>  SUCCESS 3190688.375
2025-01-27 02:19:00,475	[INFO]	WARM    SUCCESS               3190688.38 (--) [0 edit(s)]  
2025-01-27 02:19:01,414	[DEBUG]	EXEC>  SUCCESS 3254964.75
2025-01-27 02:19:01,414	[INFO]	WARM    SUCCESS               3254964.75 (--) [0 edit(s)]  
2025-01-27 02:19:02,409	[DEBUG]	EXEC>  SUCCESS 3194052.4375
2025-01-27 02:19:02,410	[INFO]	WARM    SUCCESS               3194052.44 (--) [0 edit(s)]  
2025-01-27 02:19:03,363	[DEBUG]	EXEC>  SUCCESS 3195608.875
2025-01-27 02:19:03,363	[INFO]	WARM    SUCCESS               3195608.88 (--) [0 edit(s)]  
2025-01-27 02:19:04,311	[DEBUG]	EXEC>  SUCCESS 3193848.125
2025-01-27 02:19:04,311	[INFO]	WARM    SUCCESS               3193848.12 (--) [0 edit(s)]  
2025-01-27 02:19:04,311	[INFO]	REF     SUCCESS               3193848.12 (--) [0 edit(s)]  
2025-01-27 02:19:04,312	[INFO]	
2025-01-27 02:19:04,312	[INFO]	~~~~ START ~~~~
2025-01-27 02:19:41,303	[INFO]	0-1     TEST_CODE_ERROR       None (--) [1 edit(s)]  
2025-01-27 02:19:41,303	[DEBUG]	patch(0-1)="LineLLMMutation(('source.cpp', 0), '#include <iostream>\nusing namespace std;\n\nlong long count_rooms(long long num) {\n    long long count = 0, factor = 1;\n    while (num > 0) {\n        int digit = num % 10;\n        if (digit > 6) count -= 2;\n        else if (digit > 4) count -= 1;\n        count += digit * 8 * factor;\n        num /= 10;\n        factor *= 10;\n    }\n    return count;\n}\n\nint main() {\n    int N;\n    while (cin >> N && N) {\n        long long low = 1, high = N * 10;\n        while (low < high) {\n            long long mid = (low + high) / 2;\n            if (count_rooms(mid) < N) low = mid + 1;\n            else high = mid;\n        }\n        cout << low << endl;\n    }\n    return 0;\n}')"
2025-01-27 02:19:42,546	[INFO]	0-2     TEST_CODE_ERROR       None (--) [1 edit(s)]  
2025-01-27 02:19:42,546	[DEBUG]	patch(0-2)="LineLLMMutation(('source.cpp', 1), '#include <cstdio>\nusing namespace std;\n\nlong long calc(long long n) {\n    int digits[10], cnt;\n    for (cnt = 0; n; ++cnt, n /= 10)\n        digits[cnt] = n % 10;\n\n    for (int i = cnt-1; i > 0; --i) {\n        if (digits[i] == 4 || digits[i] == 6) {\n            --digits[i];\n            for (int j = 0; j < i; ++j)\n                digits[j] = 9;\n            break;\n        }\n    }\n\n    long long res = 0;\n    for (int i = 0; i < cnt; ++i) {\n        long long base = 1;\n        for (int j = 0; j < i; ++j)\n            base *= 8;\n        res += (digits[i] - (digits[i] >= 6 ? 2 : digits[i] >= 4 ? 1 : 0)) * base;\n    }\n    return res;\n}\n\nint main() {\n    int n;\n    while (scanf("%d", &n), n) {\n        long long low = 1, high = n * 10;\n        while (low < high) {\n            long long mid = (low + high) / 2;\n            if (calc(mid) < n)\n                low = mid + 1;\n            else\n                high = mid;\n        }\n        printf("%lld\\n", low);\n    }\n    return 0;\n}')"
2025-01-27 02:20:13,799	[INFO]	0-3     TEST_TIMEOUT          None (--) [1 edit(s)]  
2025-01-27 02:20:13,799	[DEBUG]	patch(0-3)="LineLLMMutation(('source.cpp', 2), '#include <cstdio>\nusing namespace std;\n\nlong long count(long long n) {\n    int digits[10], cnt;\n    for (cnt = 0; n; ++cnt, n /= 10)\n        digits[cnt] = n % 10;\n\n    for (int i = cnt-1; i > 0; --i) {\n        if (digits[i] == 4 || digits[i] == 6) {\n            --digits[i];\n            for (int j = 0; j < i; ++j)\n                digits[j] = 9;\n            break;\n        }\n    }\n\n    long long res = 0;\n    for (int i = 0; i < cnt; ++i) {\n        long long mul = 1;\n        for (int j = 0; j < i; ++j)\n            mul *= 8;\n        res += (digits[i] - (digits[i] >= 6 ? 2 : digits[i] >= 4 ? 1 : 0)) * mul;\n    }\n    return res;\n}\n\nint main() {\n    int n;\n    while (scanf("%d", &n), n) {\n        long long low = 1, high = n * 10;\n        while (low < high) {\n            long long mid = (low + high) / 2;\n            (count(mid) < n ? low : high) = mid + 1;\n        }\n        printf("%lld\\n", low);\n    }\n    return 0;\n}')"
2025-01-27 02:20:15,058	[INFO]	0-4     TEST_CODE_ERROR       None (--) [1 edit(s)]  
2025-01-27 02:20:15,058	[DEBUG]	patch(0-4)="LineLLMMutation(('source.cpp', 3), '#include <cstdio>\nusing namespace std;\n\nlong long room_count(long long n) {\n    int digits[10], pos;\n    for (pos = 0; n; ++pos, n /= 10)\n        digits[pos] = n % 10;\n\n    for (int i = pos-1; i > 0; --i) {\n        if (digits[i] == 4 || digits[i] == 6) {\n            --digits[i];\n            for (int j = 0; j < i; ++j)\n                digits[j] = 9;\n            break;\n        }\n    }\n\n    long long total = 0;\n    for (int i = 0; i < pos; ++i) {\n        long long mul = 1;\n        for (int j = 0; j < i; ++j)\n            mul *= 8;\n        total += (digits[i] - (digits[i] >= 6 ? 2 : digits[i] >= 4 ? 1 : 0)) * mul;\n    }\n    return total;\n}\n\nint main() {\n    int n;\n    while (scanf("%d", &n), n) {\n        long long low = 1, high = n * 10;\n        while (low < high) {\n            long long mid = (low + high) / 2;\n            if (room_count(mid) < n) low = mid + 1;\n            else high = mid;\n        }\n        printf("%lld\\n", low);\n    }\n    return 0;\n}')"
2025-01-27 02:20:16,306	[INFO]	0-5     TEST_CODE_ERROR       None (--) [1 edit(s)]  
2025-01-27 02:20:16,306	[DEBUG]	patch(0-5)="LineLLMMutation(('source.cpp', 4), '#include <cstdio>\nusing namespace std;\n\nlong long count_rooms(long long n) {\n    int digits[10], pos;\n    for (pos = 0; n; ++pos, n /= 10)\n        digits[pos] = n % 10;\n\n    for (int i = pos-1; i > 0; --i) {\n        if (digits[i] == 4 || digits[i] == 6) {\n            --digits[i];\n            for (int j = 0; j < i; ++j)\n                digits[j] = 9;\n            break;\n        }\n    }\n\n    long long res = 0;\n    for (int i = 0; i < pos; ++i) {\n        long long mul = 1;\n        for (int j = 0; j < i; ++j)\n            mul *= 8;\n        res += (digits[i] - (digits[i] >= 6 ? 2 : digits[i] >= 4 ? 1 : 0)) * mul;\n    }\n    return res;\n}\n\nint main() {\n    int n;\n    while (scanf("%d", &n), n) {\n        long long low = 1, high = n * 10;\n        while (low < high) {\n            long long mid = (low + high) / 2;\n            if (count_rooms(mid) < n) low = mid + 1;\n            else high = mid;\n        }\n        printf("%lld\\n", low);\n    }\n    return 0;\n}')"
2025-01-27 02:20:17,548	[INFO]	0-6     TEST_CODE_ERROR       None (--) [1 edit(s)]  
2025-01-27 02:20:17,549	[DEBUG]	patch(0-6)="LineLLMMutation(('source.cpp', 5), '#include <cstdio>\nusing namespace std;\n\nlong long count(long long n) {\n    int d[10], cnt;\n    for (cnt = 0; n; ++cnt, n /= 10)\n        d[cnt] = n % 10;\n\n    for (int i = cnt-1; i > 0; --i) {\n        if (d[i] == 4 || d[i] == 6) {\n            --d[i];\n            for (int j = 0; j < i; ++j)\n                d[j] = 9;\n            break;\n        }\n    }\n\n    long long res = 0;\n    for (int i = 0; i < cnt; ++i) {\n        long long mul = 1;\n        for (int j = 0; j < i; ++j)\n            mul *= 8;\n        res += (d[i] - (d[i] >= 6 ? 2 : d[i] >= 4 ? 1 : 0)) * mul;\n    }\n    return res;\n}\n\nint main() {\n    int n;\n    while (scanf("%d", &n), n) {\n        long long low = 1, high = n * 10;\n        while (low < high) {\n            long long mid = (low + high) / 2;\n            if (count(mid) < n) low = mid + 1;\n            else high = mid;\n        }\n        printf("%lld\\n", low);\n    }\n    return 0;\n}')"
2025-01-27 02:20:48,802	[INFO]	0-7     TEST_TIMEOUT          None (--) [1 edit(s)]  
2025-01-27 02:20:48,803	[DEBUG]	patch(0-7)="LineLLMMutation(('source.cpp', 6), '#include <cstdio>\nusing namespace std;\n\nlong long count(long long n) {\n    int digits[10], pos;\n    for (pos = 0; n; ++pos, n /= 10)\n        digits[pos] = n % 10;\n\n    for (int i = pos-1; i > 0; --i) {\n        if (digits[i] == 4 || digits[i] == 6) {\n            --digits[i];\n            for (int j = 0; j < i; ++j)\n                digits[j] = 9;\n            break;\n        }\n    }\n\n    long long total = 0;\n    for (int i = 0; i < pos; ++i) {\n        long long mul = 1;\n        for (int j = 0; j < i; ++j)\n            mul *= 8;\n        total += (digits[i] - (digits[i] >= 6 ? 2 : digits[i] >= 4 ? 1 : 0)) * mul;\n    }\n    return total;\n}\n\nint main() {\n    int n;\n    while (scanf("%d", &n), n) {\n        long long low = 1, high = n * 10;\n        while (low < high) {\n            long long mid = (low + high) / 2;\n            (count(mid) < n ? low : high) = mid + 1;\n        }\n        printf("%lld\\n", low);\n    }\n    return 0;\n}')"
2025-01-27 02:20:50,063	[INFO]	0-8     TEST_CODE_ERROR       None (--) [1 edit(s)]  
2025-01-27 02:20:50,063	[DEBUG]	patch(0-8)="LineLLMMutation(('source.cpp', 7), '#include <cstdio>\nusing namespace std;\n\nlong long count_rooms(long long n) {\n    int d[10], cnt;\n    for (cnt = 0; n; ++cnt, n /= 10)\n        d[cnt] = n % 10;\n\n    for (int i = cnt-1; i > 0; --i) {\n        if (d[i] == 4 || d[i] == 6) {\n            --d[i];\n            for (int j = 0; j < i; ++j)\n                d[j] = 9;\n            break;\n        }\n    }\n\n    long long res = 0;\n    for (int i = 0; i < cnt; ++i) {\n        long long mul = 1;\n        for (int j = 0; j < i; ++j)\n            mul *= 8;\n        res += (d[i] - (d[i] >= 6 ? 2 : d[i] >= 4 ? 1 : 0)) * mul;\n    }\n    return res;\n}\n\nint main() {\n    int n;\n    while (scanf("%d", &n), n) {\n        long long low = 1, high = n * 10;\n        while (low < high) {\n            long long mid = (low + high) / 2;\n            if (count_rooms(mid) < n) low = mid + 1;\n            else high = mid;\n        }\n        printf("%lld\\n", low);\n    }\n    return 0;\n}')"
2025-01-27 02:20:51,304	[INFO]	0-9     TEST_CODE_ERROR       None (--) [1 edit(s)]  
2025-01-27 02:20:51,304	[DEBUG]	patch(0-9)="LineLLMMutation(('source.cpp', 8), '#include <cstdio>\nusing namespace std;\n\nlong long calc(long long n) {\n    int digits[10], cnt;\n    for (cnt = 0; n; ++cnt, n /= 10)\n        digits[cnt] = n % 10;\n\n    for (int i = cnt-1; i > 0; --i) {\n        if (digits[i] == 4 || digits[i] == 6) {\n            --digits[i];\n            for (int j = 0; j < i; ++j)\n                digits[j] = 9;\n            break;\n        }\n    }\n\n    long long res = 0;\n    for (int i = 0; i < cnt; ++i) {\n        long long base = 1;\n        for (int j = 0; j < i; ++j)\n            base *= 8;\n        res += (digits[i] - (digits[i] >= 6 ? 2 : digits[i] >= 4 ? 1 : 0)) * base;\n    }\n    return res;\n}\n\nint main() {\n    int n;\n    while (scanf("%d", &n), n) {\n        long long low = 1, high = n * 10;\n        while (low < high) {\n            long long mid = (low + high) / 2;\n            if (calc(mid) < n) low = mid + 1;\n            else high = mid;\n        }\n        printf("%lld\\n", low);\n    }\n    return 0;\n}')"
2025-01-27 02:20:52,547	[INFO]	0-10    TEST_CODE_ERROR       None (--) [1 edit(s)]  
2025-01-27 02:20:52,547	[DEBUG]	patch(0-10)="LineLLMMutation(('source.cpp', 9), '#include <cstdio>\nusing namespace std;\n\nlong long room_count(long long n) {\n    int d[10], pos;\n    for (pos = 0; n; ++pos, n /= 10)\n        d[pos] = n % 10;\n\n    for (int i = pos-1; i > 0; --i) {\n        if (d[i] == 4 || d[i] == 6) {\n            --d[i];\n            for (int j = 0; j < i; ++j)\n                d[j] = 9;\n            break;\n        }\n    }\n\n    long long res = 0;\n    for (int i = 0; i < pos; ++i) {\n        long long mul = 1;\n        for (int j = 0; j < i; ++j)\n            mul *= 8;\n        res += (d[i] - (d[i] >= 6 ? 2 : d[i] >= 4 ? 1 : 0)) * mul;\n    }\n    return res;\n}\n\nint main() {\n    int n;\n    while (scanf("%d", &n), n) {\n        long long l = 1, u = n * 10;\n        while (l < u) {\n            long long m = (l + u) / 2;\n            if (room_count(m) < n) l = m + 1;\n            else u = m;\n        }\n        printf("%lld\\n", l);\n    }\n    return 0;\n}')"
2025-01-27 02:20:53,548	[INFO]	Step: 10
2025-01-27 02:20:53,548	[INFO]	Stop Steps: 50
2025-01-27 02:20:55,625	[DEBUG]	EXEC>  SUCCESS 3181995.9375
2025-01-27 02:20:55,626	[INFO]	REF     SUCCESS               3181995.94 (--) [0 edit(s)]  
2025-01-27 02:20:55,626	[INFO]	Best patch step: None
2025-01-27 02:21:51,823	[INFO]	Step: 10
2025-01-27 02:21:51,824	[INFO]	Stop Steps: 50
2025-01-27 02:21:51,982	[INFO]	1-1     COMPILE_CODE_ERROR    None (--) [1 edit(s)]  
2025-01-27 02:21:51,982	[DEBUG]	patch(1-1)="LineLLMCrossover(('source.cpp', 0), '#include <cstdio>\n#include <cstring>\n#include <algorithm>\nusing namespace std;\ntypedef long long li;\nconst int maxn = 1e5;\nint n, a[maxn], b[maxn];\nint main(void) {\n\tscanf("%d", &n);\n\tfor (int i = 0; i < n; ++i) {\n\t\tscanf("%d%d", a + i, b + i);\n\t}\n\tli ans = 0;\n\tfor (int i = n - 1; i >= 0; --i) {\n\t\tli cur = a[i] + ans;\n\t\tli tar = (cur + b[i] - 1) / b[i] * b[i];\n\t\tans += tar - cur;\n\t}\n\tprintf("%lld\n", ans);\n}')"
2025-01-27 02:21:51,982	[INFO]	Step: 11
2025-01-27 02:21:51,982	[INFO]	Stop Steps: 50
2025-01-27 02:21:52,130	[INFO]	1-2     COMPILE_CODE_ERROR    None (--) [1 edit(s)]  
2025-01-27 02:21:52,131	[DEBUG]	patch(1-2)="LineLLMCrossover(('source.cpp', 1), '#include<cstdio>\n#include<algorithm>\nusing namespace std;\nchar str[200005];\nint main(){\n\tscanf("%s",str);\n\tint ans = 0;\n\tint a=-1;\n\tfor(int i=0;str[i];i++){\n\t\tif(str[i]==\'Z\'){\n\t\t\tif(a!=-1)\n\t\t\t\tans = max(ans,i-a);\n\t\t}else if(str[i]==\'A\' && a==-1)\n\t\t\ta = i;\n\t}\n\tprintf("%d\n",ans+1);\n\treturn 0;\n}')"
2025-01-27 02:21:52,131	[INFO]	Step: 12
2025-01-27 02:21:52,131	[INFO]	Stop Steps: 50
2025-01-27 02:21:52,292	[INFO]	1-3     COMPILE_CODE_ERROR    None (--) [1 edit(s)]  
2025-01-27 02:21:52,292	[DEBUG]	patch(1-3)="LineLLMCrossover(('source.cpp', 2), '#include<cstdio>\n#include<algorithm>\nusing namespace std;\nint main(){\n\tint n;scanf("%d",&n);\n\tint ans = 0;\n\tint a=-1,l,sz;scanf("%d",&l);sz=l;\n\twhile(--n)scanf("%d",&l);\n\tchar str[200005];scanf("%s",str);\n\tfor(int i=0;str[i];i++){\n\t\tif(str[i]==\'Z\'){\n\t\t\tif(a!=-1)\n\t\t\t\tans = max(ans,i-a);\n\t\t}else if(str[i]==\'A\' && a==-1)\n\t\t\ta = i;\n\t}\n\tprintf("%d\n",ans+1);\n\treturn 0;\n}')"
2025-01-27 02:21:52,292	[INFO]	Step: 13
2025-01-27 02:21:52,292	[INFO]	Stop Steps: 50
2025-01-27 02:21:52,455	[INFO]	1-4     COMPILE_CODE_ERROR    None (--) [1 edit(s)]  
2025-01-27 02:21:52,456	[DEBUG]	patch(1-4)="LineLLMCrossover(('source.cpp', 3), '#include <cstdio>\n#include <cstring>\n#include <algorithm>\nusing namespace std;\nconst int maxn = 1e5;\nint n, a[maxn], b[maxn];\nint main(void) {\n\tscanf("%d", &n);\n\tfor (int i = 0; i < n; ++i) {\n\t\tscanf("%d%d", a + i, b + i);\n\t}\n\tlong long ans = 0;\n\tfor (int i = n - 1; i >= 0; --i) {\n\t\tlong long cur = a[i] + ans;\n\t\tlong long tar = (cur + b[i] - 1) / b[i] * b[i];\n\t\tans += tar - cur;\n\t}\n\tprintf("%lld\n", ans);\n}')"
2025-01-27 02:21:52,456	[INFO]	Step: 14
2025-01-27 02:21:52,456	[INFO]	Stop Steps: 50
2025-01-27 02:21:52,555	[INFO]	1-5     COMPILE_CODE_ERROR    None (--) [1 edit(s)]  
2025-01-27 02:21:52,556	[DEBUG]	patch(1-5)="LineLLMMutation(('source.cpp', 10), '#include <cstdio>\n\nll count_rooms_lesseq_than(ll newRoomNo)\n\n{\n\n\tint t[10], d;\n\n\tfor (d = 0; newRoomNo; ++d, newRoomNo /= 10)\n\n\t\tt[d] = newRoomNo % 10;\n\n\tfor (int i = d-1; i > 0; --i)\n\n\t{\n\n\t\tif (t[i] == 4 || t[i] == 6)\n\n\t\t{\n\n\t\t\t--t[i];\n\n\t\t\tfor (int j = 0; j < i; ++j)\n\n\t\t\t\tt[j] = 9;\n\n\t\t\tbreak;\n\n\t\t}\n\n\t}\n\n\n\n\tll res = 0;\n\n\tfor (int i = 0; i < d; ++i)\n\n\t{\n\n\t\tll a = 1;\n\n\t\tfor (int j = 0; j < i; ++j)\n\n\t\t\ta *= 8;\n\n\t\tres += (t[i] - (t[i] >= 6 ? 2 : t[i] >= 4 ? 1 : 0)) * a;\n\n\t}\n\n\treturn res;\n\n}\n\nint main()\n\n{\n\n\tint n;\n\n\twhile (scanf("%d", &n), n)\n\n\t{\n\n\t\tll l, u;\n\n\t\tl = 1;\n\n\t\tu = n * 10LL;\n\n\t\twhile (l < u)\n\n\t\t{\n\n\t\t\tll m = (l + u) / 2;\n\n\t\t\tll t = count_rooms_lesseq_than(m);\n\n\t\t\tif (t < n)\n\n\t\t\t\tl = m + 1;\n\n\t\t\telse\n\n\t\t\t\tu = m;\n\n\t\t}\n\n\t\tprintf("%lld\\n", l);\n\n\t}\n\n\n\n\treturn 0;\n\n}')"
2025-01-27 02:21:52,556	[INFO]	Step: 15
2025-01-27 02:21:52,556	[INFO]	Stop Steps: 50
2025-01-27 02:21:52,652	[INFO]	1-6     COMPILE_CODE_ERROR    None (--) [1 edit(s)]  
2025-01-27 02:21:52,653	[DEBUG]	patch(1-6)="LineLLMMutation(('source.cpp', 11), '#include <cstdio>\n\nint n;\n\nusing namespace std;\n\n\n\nll count_rooms_lesseq_than(ll newRoomNo)\n\n{\n\n\tint t[10], d;\n\n\tfor (d = 0; newRoomNo; ++d, newRoomNo /= 10)\n\n\t\tt[d] = newRoomNo % 10;\n\n\tfor (int i = d-1; i > 0; --i)\n\n\t{\n\n\t\tif (t[i] == 4 || t[i] == 6)\n\n\t\t{\n\n\t\t\t--t[i];\n\n\t\t\tfor (int j = 0; j < i; ++j)\n\n\t\t\t\tt[j] = 9;\n\n\t\t\tbreak;\n\n\t\t}\n\n\t}\n\n\n\n\tll res = 0;\n\n\tfor (int i = 0; i < d; ++i)\n\n\t{\n\n\t\tll a = 1;\n\n\t\tfor (int j = 0; j < i; ++j)\n\n\t\t\ta *= 8;\n\n\t\tres += (t[i] - (t[i] >= 6 ? 2 : t[i] >= 4 ? 1 : 0)) * a;\n\n\t}\n\n\treturn res;\n\n}\n\nint main()\n\n{\n\n\tint n;\n\n\twhile (scanf("%d", &n), n)\n\n\t{\n\n\t\tll l, u;\n\n\t\tl = 1;\n\n\t\tu = n * 10LL;\n\n\t\twhile (l < u)\n\n\t\t{\n\n\t\t\tll m = (l + u) / 2;\n\n\t\t\tll t = count_rooms_lesseq_than(m);\n\n\t\t\tif (t < n)\n\n\t\t\t\tl = m + 1;\n\n\t\t\telse\n\n\t\t\t\tu = m;\n\n\t\t}\n\n\t\tprintf("%lld\\n", l);\n\n\t}\n\n\n\n\treturn 0;\n\n}')"
2025-01-27 02:21:52,653	[INFO]	Step: 16
2025-01-27 02:21:52,653	[INFO]	Stop Steps: 50
2025-01-27 02:21:52,750	[INFO]	1-7     COMPILE_CODE_ERROR    None (--) [1 edit(s)]  
2025-01-27 02:21:52,750	[DEBUG]	patch(1-7)="LineLLMMutation(('source.cpp', 12), '#include <cstdio>\n\nint n;\n\nusing namespace std;\n\nint main()\n\n{\n\n\tint n;\n\n\twhile (scanf("%d", &n), n)\n\n\t{\n\n\t\tll l = 1, u = n * 10LL;\n\n\t\twhile (l < u)\n\n\t\t{\n\n\t\t\tll m = (l + u) / 2;\n\n\t\t\tll t = 0, a = 1, d = m;\n\n\t\t\tdo\n\n\t\t\t\tt += (d % 10 >= 6 ? 2 : d % 10 >= 4 ? 1 : 0) * a, a *= 8;\n\n\t\t\twhile (d /= 10);\n\n\t\t\ta = t = m < 10 ? 0 : (t + 9) / 10 * 10 - t;\n\n\t\t\tif (t < n)\n\n\t\t\t\tl = m + 1;\n\n\t\t\telse\n\n\t\t\t\tu = m;\n\n\t\t}\n\n\t\tprintf("%lld\\n", l);\n\n\t}\n\n\n\n\treturn 0;\n\n}')"
2025-01-27 02:21:52,750	[INFO]	Step: 17
2025-01-27 02:21:52,750	[INFO]	Stop Steps: 50
2025-01-27 02:21:52,857	[INFO]	1-8     COMPILE_CODE_ERROR    None (--) [1 edit(s)]  
2025-01-27 02:21:52,857	[DEBUG]	patch(1-8)="LineLLMMutation(('source.cpp', 13), '#include <cstdio>\n\nll count_rooms_lesseq_than(ll newRoomNo)\n\n{\n\n\tint t[10], d;\n\n\tfor (d = 0; newRoomNo; ++d, newRoomNo /= 10)\n\n\t\tt[d] = newRoomNo % 10;\n\n\tfor (int i = d-1; i > 0; --i)\n\n\t{\n\n\t\tif (t[i] == 4 || t[i] == 6)\n\n\t\t{\n\n\t\t\t--t[i];\n\n\t\t\tfor (int j = 0; j < i; ++j)\n\n\t\t\t\tt[j] = 9;\n\n\t\t\tbreak;\n\n\t\t}\n\n\t}\n\n\n\n\tll res = 0;\n\n\tfor (int i = 0; i < d; ++i)\n\n\t{\n\n\t\tll a = 1;\n\n\t\tfor (int j = 0; j < i; ++j)\n\n\t\t\ta *= 8;\n\n\t\tres += (t[i] - (t[i] >= 6 ? 2 : t[i] >= 4 ? 1 : 0)) * a;\n\n\t}\n\n\treturn res;\n\n}\n\nint main()\n\n{\n\n\tint n;\n\n\twhile (scanf("%d", &n), n)\n\n\t{\n\n\t\tll l, u;\n\n\t\tl = 1;\n\n\t\tu = n * 10LL;\n\n\t\twhile (l < u)\n\n\t\t{\n\n\t\t\tll m = (l + u) / 2;\n\n\t\t\tll t = count_rooms_lesseq_than(m);\n\n\t\t\tif (t < n)\n\n\t\t\t\tl = m + 1;\n\n\t\t\telse\n\n\t\t\t\tu = m;\n\n\t\t}\n\n\t\tprintf("%lld\\n", l);\n\n\t}\n\n\n\n\treturn 0;\n\n}')"
2025-01-27 02:21:52,857	[INFO]	Step: 18
2025-01-27 02:21:52,858	[INFO]	Stop Steps: 50
2025-01-27 02:21:52,956	[INFO]	1-9     COMPILE_CODE_ERROR    None (--) [1 edit(s)]  
2025-01-27 02:21:52,956	[DEBUG]	patch(1-9)="LineLLMMutation(('source.cpp', 14), '#include <cstdio>\n\nint n;\n\nusing namespace std;\n\nint main()\n\n{\n\n\tint n;\n\n\twhile (scanf("%d", &n), n)\n\n\t{\n\n\t\tll l, u;\n\n\t\tl = 1;\n\n\t\tu = n * 10LL;\n\n\t\twhile (l < u)\n\n\t\t{\n\n\t\t\tll m = (l + u) / 2;\n\n\t\t\tll t = count_rooms_lesseq_than(m);\n\n\t\t\tif (t < n)\n\n\t\t\t\tl = m + 1;\n\n\t\t\telse\n\n\t\t\t\tu = m;\n\n\t\t}\n\n\t\tprintf("%lld\\n", l);\n\n\t}\n\n\n\n\treturn 0;\n\n}')"
2025-01-27 02:21:52,956	[INFO]	Step: 19
2025-01-27 02:21:52,956	[INFO]	Stop Steps: 50
2025-01-27 02:21:53,048	[INFO]	1-10    COMPILE_CODE_ERROR    None (--) [1 edit(s)]  
2025-01-27 02:21:53,048	[DEBUG]	patch(1-10)="LineLLMMutation(('source.cpp', 15), '#include <cstdio>\n\nll count_rooms_lesseq_than(ll newRoomNo)\n\n{\n\n\tint t[10], d;\n\n\tfor (d = 0; newRoomNo; ++d, newRoomNo /= 10)\n\n\t\tt[d] = newRoomNo % 10;\n\n\tfor (int i = d-1; i > 0; --i)\n\n\t{\n\n\t\tif (t[i] == 4 || t[i] == 6)\n\n\t\t{\n\n\t\t\t--t[i];\n\n\t\t\tfor (int j = 0; j < i; ++j)\n\n\t\t\t\tt[j] = 9;\n\n\t\t\tbreak;\n\n\t\t}\n\n\t}\n\n\n\n\tll res = 0;\n\n\tfor (int i = 0; i < d; ++i)\n\n\t{\n\n\t\tll a = 1;\n\n\t\tfor (int j = 0; j < i; ++j)\n\n\t\t\ta *= 8;\n\n\t\tres += (t[i] - (t[i] >= 6 ? 2 : t[i] >= 4 ? 1 : 0)) * a;\n\n\t}\n\n\treturn res;\n\n}\n\nint main()\n\n{\n\n\tint n;\n\n\twhile (scanf("%d", &n), n)\n\n\t{\n\n\t\tll l = 1, u = n * 10LL;\n\n\t\tll m, t;\n\n\t\twhile (l + 1 < u)\n\n\t\t\tm = (l + u) / 2, (t = count_rooms_lesseq_than(m)) < n ? l = m + 1 : u = m;\n\n\t\tprintf("%lld\\n", l);\n\n\t}\n\n\n\n\treturn 0;\n\n}')"
2025-01-27 02:21:53,048	[INFO]	Step: 20
2025-01-27 02:21:53,048	[INFO]	Stop Steps: 50
2025-01-27 02:21:55,102	[DEBUG]	EXEC>  SUCCESS 3156840.0
2025-01-27 02:21:55,102	[INFO]	REF     SUCCESS               3156840.00 (--) [0 edit(s)]  
2025-01-27 02:21:55,103	[INFO]	Best patch step: None
2025-01-27 02:22:27,702	[INFO]	Step: 20
2025-01-27 02:22:27,703	[INFO]	Stop Steps: 50
2025-01-27 02:22:27,864	[INFO]	2-1     COMPILE_CODE_ERROR    None (--) [1 edit(s)]  
2025-01-27 02:22:27,864	[DEBUG]	patch(2-1)="LineLLMCrossover(('source.cpp', 4), '#include<cstdio>\n#include<algorithm>\nusing namespace std;\nchar str[200005];\nint main(){\n\tscanf("%s",str);\n\tint ans = 0;\n\tint a=-1;\n\tfor(int i=0;str[i];i++){\n\t\tif(str[i]==\'Z\'){\n\t\t\tif(a!=-1)\n\t\t\t\tans = max(ans,i-a);\n\t\t}else if(str[i]==\'A\' && a==-1)\n\t\t\ta = i;\n\t}\n\tprintf("%d\n",ans+1);\n\treturn 0;\n}')"
2025-01-27 02:22:27,864	[INFO]	Step: 21
2025-01-27 02:22:27,864	[INFO]	Stop Steps: 50
2025-01-27 02:22:28,022	[INFO]	2-2     COMPILE_CODE_ERROR    None (--) [1 edit(s)]  
2025-01-27 02:22:28,023	[DEBUG]	patch(2-2)="LineLLMCrossover(('source.cpp', 5), '#include<cstdio>\n#include<algorithm>\nusing namespace std;\ntypedef long long li;\nconst int maxn = 1e5;\nint n, a[maxn], b[maxn];\nint main(void) {\n    scanf("%d", &n);\n    for (int i = 0; i < n; ++i) {\n        scanf("%d%d", a + i, b + i);\n    }\n    li ans = 0;\n    for (int i = n - 1; i >= 0; --i) {\n        li cur = a[i] + ans;\n        li tar = (cur + b[i] - 1) / b[i] * b[i];\n        ans += tar - cur;\n    }\n    printf("%lld\n", ans);\n}')"
2025-01-27 02:22:28,023	[INFO]	Step: 22
2025-01-27 02:22:28,023	[INFO]	Stop Steps: 50
2025-01-27 02:22:28,187	[INFO]	2-3     COMPILE_CODE_ERROR    None (--) [1 edit(s)]  
2025-01-27 02:22:28,188	[DEBUG]	patch(2-3)="LineLLMCrossover(('source.cpp', 6), '#include <cstdio>\n#include <cstring>\n#include <algorithm>\nusing namespace std;\ntypedef long long li;\nconst int maxn = 1e5;\nint n, a[maxn], b[maxn];\nint main(void) {\n    scanf("%d", &n);\n    for (int i = 0; i < n; ++i) {\n        scanf("%d%d", a + i, b + i);\n    }\n    li ans = 0;\n    for (int i = n - 1; i >= 0; --i) {\n        li cur = a[i] + ans;\n        li tar = (cur + b[i] - 1) / b[i] * b[i];\n        ans += tar - cur;\n    }\n    printf("%lld\n", ans);\n}')"
2025-01-27 02:22:28,188	[INFO]	Step: 23
2025-01-27 02:22:28,188	[INFO]	Stop Steps: 50
2025-01-27 02:22:28,352	[INFO]	2-4     COMPILE_CODE_ERROR    None (--) [1 edit(s)]  
2025-01-27 02:22:28,352	[DEBUG]	patch(2-4)="LineLLMCrossover(('source.cpp', 7), '#include<cstdio>\n#include<algorithm>\nusing namespace std;\ntypedef long long li;\nconst int maxn = 1e5;\nint n, a[maxn], b[maxn];\nint main(void) {\n    scanf("%d", &n);\n    for (int i = 0; i < n; ++i) {\n        scanf("%d%d", a + i, b + i);\n    }\n    li ans = 0;\n    for (int i = n - 1; i >= 0; --i) {\n        li cur = a[i] + ans;\n        li tar = (cur + b[i] - 1) / b[i] * b[i];\n        ans += tar - cur;\n    }\n    printf("%lld\n", ans);\n}')"
2025-01-27 02:22:28,352	[INFO]	Step: 24
2025-01-27 02:22:28,353	[INFO]	Stop Steps: 50
2025-01-27 02:22:29,443	[DEBUG]	EXEC>  SUCCESS 3161471.125
2025-01-27 02:22:29,444	[INFO]	2-5     SUCCESS              +3161471.12 (100.15%) [1 edit(s)]  
2025-01-27 02:22:29,444	[DEBUG]	patch(2-5)="LineLLMMutation(('source.cpp', 16), '#include <cstdio>\n#include <algorithm>\n#include <cstring>\n#include <cmath>\n#include <stack>\n#include <vector>\n#include <map>\n#include <set>\n#include <queue>\n#include <list>\n#include <sstream>\n#include <climits>\n#include <cfloat>\n#include <complex>\n#include <string>\n#include <iostream>\n\nusing namespace std;\n\ntypedef long long ll;\n\nll count_rooms_lesseq_than(ll newRoomNo)\n\n{\n\n\tint t[10], d;\n\n\tfor (d = 0; newRoomNo; ++d, newRoomNo /= 10)\n\n\t\tt[d] = newRoomNo % 10;\n\n\tfor (int i = d-1; i > 0; --i)\n\n\t{\n\n\t\tif (t[i] == 4 || t[i] == 6)\n\n\t\t{\n\n\t\t\t--t[i];\n\n\t\t\tfor (int j = 0; j < i; ++j)\n\n\t\t\t\tt[j] = 9;\n\n\t\t\tbreak;\n\n\t\t}\n\n\t}\n\n\n\n\tll res = 0;\n\n\tfor (int i = 0; i < d; ++i)\n\n\t{\n\n\t\tll a = 1;\n\n\t\tfor (int j = 0; j < i; ++j)\n\n\t\t\ta *= 8;\n\n\t\tres += (t[i] - (t[i] >= 6 ? 2 : t[i] >= 4 ? 1 : 0)) * a;\n\n\t}\n\n\treturn res;\n\n}\n\nint main()\n\n{\n\n\tint n;\n\n\twhile (scanf("%d", &n), n)\n\n\t{\n\n\t\tll l, u;\n\n\t\tl = 1;\n\n\t\tu = n * 10LL;\n\n\t\twhile (l < u)\n\n\t\t{\n\n\t\t\tll m = (l + u) / 2;\n\n\t\t\tll t = count_rooms_lesseq_than(m);\n\n\t\t\tif (t < n)\n\n\t\t\t\tl = m + 1;\n\n\t\t\telse\n\n\t\t\t\tu = m;\n\n\t\t}\n\n\t\tprintf("%lld\\n", l);\n\n\t}\n\n\n\n\treturn 0;\n\n}')"
2025-01-27 02:22:29,444	[INFO]	Step: 25
2025-01-27 02:22:29,444	[INFO]	Stop Steps: 50
2025-01-27 02:22:29,903	[DEBUG]	EXEC>  SUCCESS 1240011.875
2025-01-27 02:22:29,904	[INFO]	2-6     SUCCESS              *1240011.88 (39.28%) [1 edit(s)]  
2025-01-27 02:22:29,904	[DEBUG]	patch(2-6)="LineLLMMutation(('source.cpp', 17), '#include <cstdio>\n\ntypedef long long ll;\n\n\n\nll count_rooms_lesseq_than(ll newRoomNo)\n\n{\n\n\tint t[10], d;\n\n\tfor (d = 0; newRoomNo; ++d, newRoomNo /= 10)\n\n\t\tt[d] = newRoomNo % 10;\n\n\tfor (int i = d-1; i > 0; --i)\n\n\t{\n\n\t\tif (t[i] == 4 || t[i] == 6)\n\n\t\t{\n\n\t\t\t--t[i];\n\n\t\t\tfor (int j = 0; j < i; ++j)\n\n\t\t\t\tt[j] = 9;\n\n\t\t\tbreak;\n\n\t\t}\n\n\t}\n\n\n\n\tll res = 0;\n\n\tfor (int i = 0; i < d; ++i)\n\n\t{\n\n\t\tll a = 1;\n\n\t\tfor (int j = 0; j < i; ++j)\n\n\t\t\ta *= 8;\n\n\t\tres += (t[i] - (t[i] >= 6 ? 2 : t[i] >= 4 ? 1 : 0)) * a;\n\n\t}\n\n\treturn res;\n\n}\n\nint main()\n\n{\n\n\tint n;\n\n\twhile (scanf("%d", &n), n)\n\n\t{\n\n\t\tll l, u;\n\n\t\tl = 1;\n\n\t\tu = n * 10LL;\n\n\t\twhile (l < u)\n\n\t\t{\n\n\t\t\tll m = (l + u) / 2;\n\n\t\t\tll t = count_rooms_lesseq_than(m);\n\n\t\t\tif (t < n)\n\n\t\t\t\tl = m + 1;\n\n\t\t\telse\n\n\t\t\t\tu = m;\n\n\t\t}\n\n\t\tprintf("%lld\\n", l);\n\n\t}\n\n\n\n\treturn 0;\n\n}')"

2025-01-27 02:22:29,904	[INFO]	Step: 26
2025-01-27 02:22:29,904	[INFO]	Stop Steps: 50
2025-01-27 02:22:30,374	[DEBUG]	EXEC>  SUCCESS 1236256.9375
2025-01-27 02:22:30,375	[INFO]	2-7     SUCCESS              *1236256.94 (39.16%) [1 edit(s)]  
2025-01-27 02:22:30,375	[DEBUG]	patch(2-7)="LineLLMMutation(('source.cpp', 18), '#include <cstdio>\n\ntypedef long long ll;\n\n\n\nll count_rooms_lesseq_than(ll newRoomNo)\n\n{\n\n\tint t[10], d;\n\n\tfor (d = 0; newRoomNo; ++d, newRoomNo /= 10)\n\n\t\tt[d] = newRoomNo % 10;\n\n\tfor (int i = d-1; i > 0; --i)\n\n\t{\n\n\t\tif (t[i] == 4 || t[i] == 6)\n\n\t\t{\n\n\t\t\t--t[i];\n\n\t\t\tfor (int j = 0; j < i; ++j)\n\n\t\t\t\tt[j] = 9;\n\n\t\t\tbreak;\n\n\t\t}\n\n\t}\n\n\n\n\tll res = 0;\n\n\tfor (int i = 0; i < d; ++i)\n\n\t{\n\n\t\tll a = 1;\n\n\t\tfor (int j = 0; j < i; ++j)\n\n\t\t\ta *= 8;\n\n\t\tres += (t[i] - (t[i] >= 6 ? 2 : t[i] >= 4 ? 1 : 0)) * a;\n\n\t}\n\n\treturn res;\n\n}\n\nint main()\n\n{\n\n\tint n;\n\n\twhile (scanf("%d", &n), n)\n\n\t{\n\n\t\tll l = 1, u = n * 10LL;\n\n\t\twhile (l < u)\n\n\t\t{\n\n\t\t\tll m = (l + u) / 2;\n\n\t\t\tll t = count_rooms_lesseq_than(m);\n\n\t\t\tif (t < n)\n\n\t\t\t\tl = m + 1;\n\n\t\t\telse\n\n\t\t\t\tu = m;\n\n\t\t}\n\n\t\tprintf("%lld\\n", l);\n\n\t}\n\n\n\n\treturn 0;\n\n}')"

2025-01-27 02:22:30,375	[INFO]	Step: 27
2025-01-27 02:22:30,375	[INFO]	Stop Steps: 50
2025-01-27 02:22:30,844	[DEBUG]	EXEC>  SUCCESS 1240442.625
2025-01-27 02:22:30,844	[INFO]	2-8     SUCCESS               1240442.62 (39.29%) [1 edit(s)]  
2025-01-27 02:22:30,845	[DEBUG]	patch(2-8)="LineLLMMutation(('source.cpp', 19), '#include <cstdio>\n\ntypedef long long ll;\n\n\n\nll count_rooms_lesseq_than(ll roomNo)\n\n{\n\n\tint digits[10], d;\n\n\tfor (d = 0; roomNo; ++d, roomNo /= 10)\n\n\t\tdigits[d] = roomNo % 10;\n\n\tfor (int i = d-1; i > 0; --i)\n\n\t{\n\n\t\tif (digits[i] == 4 || digits[i] == 6)\n\n\t\t{\n\n\t\t\t--digits[i];\n\n\t\t\tfor (int j = 0; j < i; ++j)\n\n\t\t\t\tdigits[j] = 9;\n\n\t\t\tbreak;\n\n\t\t}\n\n\t}\n\n\n\n\tll res = 0;\n\n\tfor (int i = 0; i < d; ++i)\n\n\t{\n\n\t\tll a = 1;\n\n\t\tfor (int j = 0; j < i; ++j)\n\n\t\t\ta *= 8;\n\n\t\tres += (digits[i] - (digits[i] >= 6 ? 2 : digits[i] >= 4 ? 1 : 0)) * a;\n\n\t}\n\n\treturn res;\n\n}\n\nint main()\n\n{\n\n\tint n;\n\n\twhile (scanf("%d", &n), n)\n\n\t{\n\n\t\tll l = 1, u = n * 10LL;\n\n\t\twhile (l < u)\n\n\t\t{\n\n\t\t\tll m = (l + u) / 2;\n\n\t\t\tll t = count_rooms_lesseq_than(m);\n\n\t\t\tif (t < n)\n\n\t\t\t\tl = m + 1;\n\n\t\t\telse\n\n\t\t\t\tu = m;\n\n\t\t}\n\n\t\tprintf("%lld\\n", l);\n\n\t}\n\n\n\n\treturn 0;\n\n}')"
2025-01-27 02:22:30,845	[INFO]	Step: 28
2025-01-27 02:22:30,845	[INFO]	Stop Steps: 50
2025-01-27 02:22:31,311	[DEBUG]	EXEC>  SUCCESS 1245503.3125
2025-01-27 02:22:31,312	[INFO]	2-9     SUCCESS               1245503.31 (39.45%) [1 edit(s)]  
2025-01-27 02:22:31,312	[DEBUG]	patch(2-9)="LineLLMMutation(('source.cpp', 20), '#include <cstdio>\n\ntypedef long long ll;\n\n\n\nll count_rooms_lesseq_than(ll newRoomNo)\n\n{\n\n\tint t[10], d;\n\n\tfor (d = 0; newRoomNo; ++d, newRoomNo /= 10)\n\n\t\tt[d] = newRoomNo % 10;\n\n\tfor (int i = d-1; i > 0; --i)\n\n\t\tif (t[i] == 4 || t[i] == 6)\n\n\t\t{\n\n\t\t\t--t[i];\n\n\t\t\tfor (int j = 0; j < i; ++j)\n\n\t\t\t\tt[j] = 9;\n\n\t\t\tbreak;\n\n\t\t}\n\n\n\n\tll res = 0;\n\n\tfor (int i = 0; i < d; ++i)\n\n\t{\n\n\t\tll a = 1;\n\n\t\tfor (int j = 0; j < i; ++j)\n\n\t\t\ta *= 8;\n\n\t\tres += (t[i] - (t[i] >= 6 ? 2 : t[i] >= 4 ? 1 : 0)) * a;\n\n\t}\n\n\treturn res;\n\n}\n\nint main()\n\n{\n\n\tint n;\n\n\twhile (scanf("%d", &n), n)\n\n\t{\n\n\t\tll l, u;\n\n\t\tl = 1;\n\n\t\tu = n * 10LL;\n\n\t\twhile (l < u)\n\n\t\t{\n\n\t\t\tll m = (l + u) / 2;\n\n\t\t\tll t = count_rooms_lesseq_than(m);\n\n\t\t\tif (t < n)\n\n\t\t\t\tl = m + 1;\n\n\t\t\telse\n\n\t\t\t\tu = m;\n\n\t\t}\n\n\t\tprintf("%lld\\n", l);\n\n\t}\n\n\n\n\treturn 0;\n\n}')"
2025-01-27 02:22:31,312	[INFO]	Step: 29
2025-01-27 02:22:31,312	[INFO]	Stop Steps: 50
2025-01-27 02:22:31,778	[DEBUG]	EXEC>  SUCCESS 1225360.375
2025-01-27 02:22:31,779	[INFO]	2-10    SUCCESS              *1225360.38 (38.82%) [1 edit(s)]  
2025-01-27 02:22:31,779	[DEBUG]	patch(2-10)="LineLLMMutation(('source.cpp', 21), '#include <cstdio>\n\ntypedef long long ll;\n\n\n\nll count_rooms_lesseq_than(ll newRoomNo)\n\n{\n\n\tint t[10], d;\n\n\tfor (d = 0; newRoomNo; ++d, newRoomNo /= 10)\n\n\t\tt[d] = newRoomNo % 10;\n\n\tfor (int i = d-1; i > 0; --i)\n\n\t\tif (t[i] == 4 || t[i] == 6)\n\n\t\t{\n\n\t\t\t--t[i];\n\n\t\t\tfor (int j = 0; j < i; ++j)\n\n\t\t\t\tt[j] = 9;\n\n\t\t\tbreak;\n\n\t\t}\n\n\n\n\tll res = 0;\n\n\tfor (int i = 0; i < d; ++i)\n\n\t\tres += (t[i] - (t[i] >= 6 ? 2 : t[i] >= 4 ? 1 : 0)) * (1LL << (i * 3));\n\n\treturn res;\n\n}\n\nint main()\n\n{\n\n\tint n;\n\n\twhile (scanf("%d", &n), n)\n\n\t{\n\n\t\tll l = 1, u = n * 10LL;\n\n\t\twhile (l < u)\n\n\t\t{\n\n\t\t\tll m = (l + u) / 2;\n\n\t\t\tll t = count_rooms_lesseq_than(m);\n\n\t\t\tif (t < n)\n\n\t\t\t\tl = m + 1;\n\n\t\t\telse\n\n\t\t\t\tu = m;\n\n\t\t}\n\n\t\tprintf("%lld\\n", l);\n\n\t}\n\n\n\n\treturn 0;\n\n}')"

2025-01-27 02:22:31,779	[INFO]	Step: 30
2025-01-27 02:22:31,779	[INFO]	Stop Steps: 50
2025-01-27 02:22:33,698	[DEBUG]	EXEC>  SUCCESS 3161388.5625
2025-01-27 02:22:33,698	[INFO]	REF     SUCCESS               3161388.56 (--) [0 edit(s)]  
2025-01-27 02:22:33,700	[INFO]	Best patch: 21
2025-01-27 02:22:34,156	[DEBUG]	EXEC>  SUCCESS 1229306.9375
2025-01-27 02:22:34,156	[INFO]	BEST    SUCCESS              *1229306.94 (38.89%) [0 edit(s)]  
2025-01-27 02:22:34,157	[INFO]	Best patch step: 29
2025-01-27 02:23:17,648	[INFO]	Step: 30
2025-01-27 02:23:17,649	[INFO]	Stop Steps: 50
2025-01-27 02:23:18,231	[DEBUG]	EXEC>  SUCCESS 1222548.375
2025-01-27 02:23:18,231	[INFO]	3-1     SUCCESS              *1222548.38 (38.67%) [1 edit(s)]  
2025-01-27 02:23:18,231	[DEBUG]	patch(3-1)="LineLLMMutation(('source.cpp', 21), '#include <cstdio>\n\ntypedef long long ll;\n\n\n\nll count_rooms_lesseq_than(ll newRoomNo)\n\n{\n\n\tint t[10], d;\n\n\tfor (d = 0; newRoomNo; ++d, newRoomNo /= 10)\n\n\t\tt[d] = newRoomNo % 10;\n\n\tfor (int i = d-1; i > 0; --i)\n\n\t\tif (t[i] == 4 || t[i] == 6)\n\n\t\t{\n\n\t\t\t--t[i];\n\n\t\t\tfor (int j = 0; j < i; ++j)\n\n\t\t\t\tt[j] = 9;\n\n\t\t\tbreak;\n\n\t\t}\n\n\n\n\tll res = 0;\n\n\tfor (int i = 0; i < d; ++i)\n\n\t\tres += (t[i] - (t[i] >= 6 ? 2 : t[i] >= 4 ? 1 : 0)) * (1LL << (i * 3));\n\n\treturn res;\n\n}\n\nint main()\n\n{\n\n\tint n;\n\n\twhile (scanf("%d", &n), n)\n\n\t{\n\n\t\tll l = 1, u = n * 10LL;\n\n\t\twhile (l < u)\n\n\t\t{\n\n\t\t\tll m = (l + u) / 2;\n\n\t\t\tll t = count_rooms_lesseq_than(m);\n\n\t\t\tif (t < n)\n\n\t\t\t\tl = m + 1;\n\n\t\t\telse\n\n\t\t\t\tu = m;\n\n\t\t}\n\n\t\tprintf("%lld\\n", l);\n\n\t}\n\n\n\n\treturn 0;\n\n}')"

2025-01-27 02:23:18,232	[INFO]	Step: 31
2025-01-27 02:23:18,232	[INFO]	Stop Steps: 50
2025-01-27 02:23:18,703	[DEBUG]	EXEC>  SUCCESS 1235785.1875
2025-01-27 02:23:18,704	[INFO]	3-2     SUCCESS               1235785.19 (39.09%) [1 edit(s)]  
2025-01-27 02:23:18,704	[DEBUG]	patch(3-2)="LineLLMMutation(('source.cpp', 18), '#include <cstdio>\n\ntypedef long long ll;\n\n\n\nll count_rooms_lesseq_than(ll newRoomNo)\n\n{\n\n\tint t[10], d;\n\n\tfor (d = 0; newRoomNo; ++d, newRoomNo /= 10)\n\n\t\tt[d] = newRoomNo % 10;\n\n\tfor (int i = d-1; i > 0; --i)\n\n\t{\n\n\t\tif (t[i] == 4 || t[i] == 6)\n\n\t\t{\n\n\t\t\t--t[i];\n\n\t\t\tfor (int j = 0; j < i; ++j)\n\n\t\t\t\tt[j] = 9;\n\n\t\t\tbreak;\n\n\t\t}\n\n\t}\n\n\n\n\tll res = 0;\n\n\tfor (int i = 0; i < d; ++i)\n\n\t{\n\n\t\tll a = 1;\n\n\t\tfor (int j = 0; j < i; ++j)\n\n\t\t\ta *= 8;\n\n\t\tres += (t[i] - (t[i] >= 6 ? 2 : t[i] >= 4 ? 1 : 0)) * a;\n\n\t}\n\n\treturn res;\n\n}\n\nint main()\n\n{\n\n\tint n;\n\n\twhile (scanf("%d", &n), n)\n\n\t{\n\n\t\tll l = 1, u = n * 10LL;\n\n\t\twhile (l < u)\n\n\t\t{\n\n\t\t\tll m = (l + u) / 2;\n\n\t\t\tll t = count_rooms_lesseq_than(m);\n\n\t\t\tif (t < n)\n\n\t\t\t\tl = m + 1;\n\n\t\t\telse\n\n\t\t\t\tu = m;\n\n\t\t}\n\n\t\tprintf("%lld\\n", l);\n\n\t}\n\n\n\n\treturn 0;\n\n}')"
2025-01-27 02:23:18,704	[INFO]	Step: 32
2025-01-27 02:23:18,704	[INFO]	Stop Steps: 50
2025-01-27 02:23:19,170	[DEBUG]	EXEC>  SUCCESS 1235688.8125
2025-01-27 02:23:19,171	[INFO]	3-3     SUCCESS               1235688.81 (39.09%) [1 edit(s)]  
2025-01-27 02:23:19,171	[DEBUG]	patch(3-3)="LineLLMCrossover(('source.cpp', 8), '#include <cstdio>\n\ntypedef long long ll;\n\n\n\nll count_rooms_lesseq_than(ll newRoomNo)\n\n{\n\n\tint t[10], d;\n\n\tfor (d = 0; newRoomNo; ++d, newRoomNo /= 10)\n\n\t\tt[d] = newRoomNo % 10;\n\n\tfor (int i = d-1; i > 0; --i)\n\n\t{\n\n\t\tif (t[i] == 4 || t[i] == 6)\n\n\t\t{\n\n\t\t\t--t[i];\n\n\t\t\tfor (int j = 0; j < i; ++j)\n\n\t\t\t\tt[j] = 9;\n\n\t\t\tbreak;\n\n\t\t}\n\n\t}\n\n\n\n\tll res = 0;\n\n\tfor (int i = 0; i < d; ++i)\n\n\t{\n\n\t\tll a = 1;\n\n\t\tfor (int j = 0; j < i; ++j)\n\n\t\t\ta *= 8;\n\n\t\tres += (t[i] - (t[i] >= 6 ? 2 : t[i] >= 4 ? 1 : 0)) * a;\n\n\t}\n\n\treturn res;\n\n}\n\n\n\nint main()\n\n{\n\n\tint n;\n\n\twhile (scanf("%d", &n), n)\n\n\t{\n\n\t\tll l = 1, u = n * 10LL;\n\n\t\twhile (l < u)\n\n\t\t{\n\n\t\t\tll m = (l + u) / 2;\n\n\t\t\tll t = count_rooms_lesseq_than(m);\n\n\t\t\tif (t < n)\n\n\t\t\t\tl = m + 1;\n\n\t\t\telse\n\n\t\t\t\tu = m;\n\n\t\t}\n\n\t\tprintf("%lld\\n", l);\n\n\t}\n\n\n\n\treturn 0;\n\n}')"
2025-01-27 02:23:19,171	[INFO]	Step: 33
2025-01-27 02:23:19,171	[INFO]	Stop Steps: 50
2025-01-27 02:23:19,639	[DEBUG]	EXEC>  SUCCESS 1235981.375
2025-01-27 02:23:19,640	[INFO]	3-4     SUCCESS               1235981.38 (39.10%) [1 edit(s)]  
2025-01-27 02:23:19,640	[DEBUG]	patch(3-4)="LineLLMCrossover(('source.cpp', 9), '#include <cstdio>\n\ntypedef long long ll;\n\n\n\nll count_rooms_lesseq_than(ll roomNo)\n\n{\n\n\tint digits[10], d;\n\n\tfor (d = 0; roomNo; ++d, roomNo /= 10)\n\n\t\tdigits[d] = roomNo % 10;\n\n\tfor (int i = d-1; i > 0; --i)\n\n\t{\n\n\t\tif (digits[i] == 4 || digits[i] == 6)\n\n\t\t{\n\n\t\t\t--digits[i];\n\n\t\t\tfor (int j = 0; j < i; ++j)\n\n\t\t\t\tdigits[j] = 9;\n\n\t\t\tbreak;\n\n\t\t}\n\n\t}\n\n\n\n\tll res = 0;\n\n\tfor (int i = 0; i < d; ++i)\n\n\t{\n\n\t\tll a = 1;\n\n\t\tfor (int j = 0; j < i; ++j)\n\n\t\t\ta *= 8;\n\n\t\tres += (digits[i] - (digits[i] >= 6 ? 2 : digits[i] >= 4 ? 1 : 0)) * a;\n\n\t}\n\n\treturn res;\n\n}\n\n\n\nint main()\n\n{\n\n\tint n;\n\n\twhile (scanf("%d", &n), n)\n\n\t{\n\n\t\tll l = 1, u = n * 10LL;\n\n\t\twhile (l < u)\n\n\t\t{\n\n\t\t\tll m = (l + u) / 2;\n\n\t\t\tll t = count_rooms_lesseq_than(m);\n\n\t\t\tif (t < n)\n\n\t\t\t\tl = m + 1;\n\n\t\t\telse\n\n\t\t\t\tu = m;\n\n\t\t}\n\n\t\tprintf("%lld\\n", l);\n\n\t}\n\n\n\n\treturn 0;\n\n}')"
2025-01-27 02:23:19,640	[INFO]	Step: 34
2025-01-27 02:23:19,640	[INFO]	Stop Steps: 50
2025-01-27 02:23:20,112	[DEBUG]	EXEC>  SUCCESS 1230735.75
2025-01-27 02:23:20,113	[INFO]	3-5     SUCCESS               1230735.75 (38.93%) [1 edit(s)]  
2025-01-27 02:23:20,113	[DEBUG]	patch(3-5)="LineLLMCrossover(('source.cpp', 10), '#include <cstdio>\n\ntypedef long long ll;\n\n\n\nll count_rooms_lesseq_than(ll newRoomNo)\n\n{\n\n\tint t[10], d;\n\n\tfor (d = 0; newRoomNo; ++d, newRoomNo /= 10)\n\n\t\tt[d] = newRoomNo % 10;\n\n\tfor (int i = d-1; i > 0; --i)\n\n\t{\n\n\t\tif (t[i] == 4 || t[i] == 6)\n\n\t\t{\n\n\t\t\t--t[i];\n\n\t\t\tfor (int j = 0; j < i; ++j)\n\n\t\t\t\tt[j] = 9;\n\n\t\t\tbreak;\n\n\t\t}\n\n\t}\n\n\n\n\tll res = 0;\n\n\tfor (int i = 0; i < d; ++i)\n\n\t{\n\n\t\tll a = 1;\n\n\t\tfor (int j = 0; j < i; ++j)\n\n\t\t\ta *= 8;\n\n\t\tres += (t[i] - (t[i] >= 6 ? 2 : t[i] >= 4 ? 1 : 0)) * a;\n\n\t}\n\n\treturn res;\n\n}\n\n\n\nint main()\n\n{\n\n\tint n;\n\n\twhile (scanf("%d", &n), n)\n\n\t{\n\n\t\tll l = 1, u = n * 10LL;\n\n\t\twhile (l < u)\n\n\t\t{\n\n\t\t\tll m = (l + u) / 2;\n\n\t\t\tll t = count_rooms_lesseq_than(m);\n\n\t\t\tif (t < n)\n\n\t\t\t\tl = m + 1;\n\n\t\t\telse\n\n\t\t\t\tu = m;\n\n\t\t}\n\n\t\tprintf("%lld\\n", l);\n\n\t}\n\n\n\n\treturn 0;\n\n}')"
2025-01-27 02:23:20,113	[INFO]	Step: 35
2025-01-27 02:23:20,113	[INFO]	Stop Steps: 50
2025-01-27 02:23:20,573	[DEBUG]	EXEC>  SUCCESS 1239066.625
2025-01-27 02:23:20,573	[INFO]	3-6     SUCCESS               1239066.62 (39.19%) [1 edit(s)]  
2025-01-27 02:23:20,573	[DEBUG]	patch(3-6)="LineLLMCrossover(('source.cpp', 11), '#include <cstdio>\n\ntypedef long long ll;\n\n\n\nll count_rooms_lesseq_than(ll newRoomNo)\n\n{\n\n\tint t[10], d;\n\n\tfor (d = 0; newRoomNo; ++d, newRoomNo /= 10)\n\n\t\tt[d] = newRoomNo % 10;\n\n\tfor (int i = d-1; i > 0; --i)\n\n\t{\n\n\t\tif (t[i] == 4 || t[i] == 6)\n\n\t\t{\n\n\t\t\t--t[i];\n\n\t\t\tfor (int j = 0; j < i; ++j)\n\n\t\t\t\tt[j] = 9;\n\n\t\t\tbreak;\n\n\t\t}\n\n\t}\n\n\n\n\tll res = 0;\n\n\tfor (int i = 0; i < d; ++i)\n\n\t\tres += (t[i] - (t[i] >= 6 ? 2 : t[i] >= 4 ? 1 : 0)) * (1LL << (i * 3));\n\n\treturn res;\n\n}\n\n\n\nint main()\n\n{\n\n\tint n;\n\n\twhile (scanf("%d", &n), n)\n\n\t{\n\n\t\tll l = 1, u = n * 10LL;\n\n\t\twhile (l < u)\n\n\t\t{\n\n\t\t\tll m = (l + u) / 2;\n\n\t\t\tll t = count_rooms_lesseq_than(m);\n\n\t\t\tif (t < n)\n\n\t\t\t\tl = m + 1;\n\n\t\t\telse\n\n\t\t\t\tu = m;\n\n\t\t}\n\n\t\tprintf("%lld\\n", l);\n\n\t}\n\n\n\n\treturn 0;\n\n}')"
2025-01-27 02:23:20,573	[INFO]	Step: 36
2025-01-27 02:23:20,573	[INFO]	Stop Steps: 50
2025-01-27 02:23:20,774	[INFO]	3-7     TEST_CODE_ERROR       None (--) [2 edit(s)]  
2025-01-27 02:23:20,774	[DEBUG]	patch(3-7)="LineLLMMutation(('source.cpp', 21), '#include <cstdio>\n\ntypedef long long ll;\n\n\n\nll count_rooms_lesseq_than(ll newRoomNo)\n\n{\n\n\tint t[10], d;\n\n\tfor (d = 0; newRoomNo; ++d, newRoomNo /= 10)\n\n\t\tt[d] = newRoomNo % 10;\n\n\tfor (int i = d-1; i > 0; --i)\n\n\t\tif (t[i] == 4 || t[i] == 6)\n\n\t\t{\n\n\t\t\t--t[i];\n\n\t\t\tfor (int j = 0; j < i; ++j)\n\n\t\t\t\tt[j] = 9;\n\n\t\t\tbreak;\n\n\t\t}\n\n\n\n\tll res = 0;\n\n\tfor (int i = 0; i < d; ++i)\n\n\t\tres += (t[i] - (t[i] >= 6 ? 2 : t[i] >= 4 ? 1 : 0)) * (1LL << (i * 3));\n\n\treturn res;\n\n}\n\nint main()\n\n{\n\n\tint n;\n\n\twhile (scanf("%d", &n), n)\n\n\t{\n\n\t\tll l = 1, u = n * 10LL;\n\n\t\twhile (l < u)\n\n\t\t{\n\n\t\t\tll m = (l + u) / 2;\n\n\t\t\tll t = count_rooms_lesseq_than(m);\n\n\t\t\tif (t < n)\n\n\t\t\t\tl = m + 1;\n\n\t\t\telse\n\n\t\t\t\tu = m;\n\n\t\t}\n\n\t\tprintf("%lld\\n", l);\n\n\t}\n\n\n\n\treturn 0;\n\n}') | LineLLMMutation(('source.cpp', 22), '#include <cstdio>\n\ntypedef long long ll;\n\n\n\nll f(ll x) {\n\n\tll res = 0;\n\n\tfor (ll i = 1; i <= x; i *= 10) {\n\n\t\tll a = x / i, b = x % i;\n\n\t\tres += a * 10 - (a >= 4) * 2 - (a >= 6) * 1;\n\n\t\tif (a % 10 >= 4)\n\n\t\t\tres -= (a % 10 >= 6);\n\n\t\tres -= (b >= 4) - (b >= 6);\n\n\t}\n\n\treturn res;\n\n}\n\n\n\nint main()\n\n{\n\n\tint n;\n\n\twhile (scanf("%d", &n), n)\n\n\t{\n\n\t\tll l = 1, u = n * 10LL;\n\n\t\twhile (l < u)\n\n\t\t{\n\n\t\t\tll m = (l + u) / 2;\n\n\t\t\tll t = f(m);\n\n\t\t\tif (t < n)\n\n\t\t\t\tl = m + 1;\n\n\t\t\telse\n\n\t\t\t\tu = m;\n\n\t\t}\n\n\t\tprintf("%lld\\n", l);\n\n\t}\n\n\n\n\treturn 0;\n\n}')"
2025-01-27 02:23:20,774	[INFO]	Step: 37
2025-01-27 02:23:20,774	[INFO]	Stop Steps: 50
2025-01-27 02:23:21,240	[DEBUG]	EXEC>  SUCCESS 1236171.6875
2025-01-27 02:23:21,240	[INFO]	3-8     SUCCESS               1236171.69 (39.10%) [2 edit(s)]  
2025-01-27 02:23:21,240	[DEBUG]	patch(3-8)="LineLLMMutation(('source.cpp', 18), '#include <cstdio>\n\ntypedef long long ll;\n\n\n\nll count_rooms_lesseq_than(ll newRoomNo)\n\n{\n\n\tint t[10], d;\n\n\tfor (d = 0; newRoomNo; ++d, newRoomNo /= 10)\n\n\t\tt[d] = newRoomNo % 10;\n\n\tfor (int i = d-1; i > 0; --i)\n\n\t{\n\n\t\tif (t[i] == 4 || t[i] == 6)\n\n\t\t{\n\n\t\t\t--t[i];\n\n\t\t\tfor (int j = 0; j < i; ++j)\n\n\t\t\t\tt[j] = 9;\n\n\t\t\tbreak;\n\n\t\t}\n\n\t}\n\n\n\n\tll res = 0;\n\n\tfor (int i = 0; i < d; ++i)\n\n\t{\n\n\t\tll a = 1;\n\n\t\tfor (int j = 0; j < i; ++j)\n\n\t\t\ta *= 8;\n\n\t\tres += (t[i] - (t[i] >= 6 ? 2 : t[i] >= 4 ? 1 : 0)) * a;\n\n\t}\n\n\treturn res;\n\n}\n\nint main()\n\n{\n\n\tint n;\n\n\twhile (scanf("%d", &n), n)\n\n\t{\n\n\t\tll l = 1, u = n * 10LL;\n\n\t\twhile (l < u)\n\n\t\t{\n\n\t\t\tll m = (l + u) / 2;\n\n\t\t\tll t = count_rooms_lesseq_than(m);\n\n\t\t\tif (t < n)\n\n\t\t\t\tl = m + 1;\n\n\t\t\telse\n\n\t\t\t\tu = m;\n\n\t\t}\n\n\t\tprintf("%lld\\n", l);\n\n\t}\n\n\n\n\treturn 0;\n\n}') | LineLLMMutation(('source.cpp', 23), '#include <cstdio>\n\ntypedef long long ll;\n\n\n\nll count_rooms_less_than(ll newRoomNo)\n\n{\n\n\tint t[10], d;\n\n\tfor (d = 0; newRoomNo; ++d, newRoomNo /= 10)\n\n\t\tt[d] = newRoomNo % 10;\n\n\tfor (int i = d-1; i > 0; --i)\n\n\t{\n\n\t\tif (t[i] == 4 || t[i] == 6)\n\n\t\t{\n\n\t\t\t--t[i];\n\n\t\t\tfor (int j = 0; j < i; ++j)\n\n\t\t\t\tt[j] = 9;\n\n\t\t\tbreak;\n\n\t\t}\n\n\t}\n\n\n\n\tll res = 0;\n\n\tfor (int i = 0; i < d; ++i)\n\n\t{\n\n\t\tll a = 1;\n\n\t\tfor (int j = 0; j < i; ++j)\n\n\t\t\ta *= 8;\n\n\t\tres += (t[i] - (t[i] >= 6 ? 2 : t[i] >= 4 ? 1 : 0)) * a;\n\n\t}\n\n\treturn res;\n\n}\n\nint main()\n\n{\n\n\tint n;\n\n\twhile (scanf("%d", &n), n)\n\n\t{\n\n\t\tll l = 1, u = n * 10LL;\n\n\t\twhile (l < u)\n\n\t\t{\n\n\t\t\tll m = (l + u) / 2;\n\n\t\t\tll t = count_rooms_less_than(m);\n\n\t\t\tif (t < n)\n\n\t\t\t\tl = m + 1;\n\n\t\t\telse\n\n\t\t\t\tu = m;\n\n\t\t}\n\n\t\tprintf("%lld\\n", l);\n\n\t}\n\n\n\n\treturn 0;\n\n}')"
2025-01-27 02:23:21,240	[INFO]	Step: 38
2025-01-27 02:23:21,240	[INFO]	Stop Steps: 50
2025-01-27 02:23:21,707	[DEBUG]	EXEC>  SUCCESS 1244496.4375
2025-01-27 02:23:21,707	[INFO]	3-9     SUCCESS               1244496.44 (39.37%) [2 edit(s)]  
2025-01-27 02:23:21,708	[DEBUG]	patch(3-9)="LineLLMMutation(('source.cpp', 17), '#include <cstdio>\n\ntypedef long long ll;\n\n\n\nll count_rooms_lesseq_than(ll newRoomNo)\n\n{\n\n\tint t[10], d;\n\n\tfor (d = 0; newRoomNo; ++d, newRoomNo /= 10)\n\n\t\tt[d] = newRoomNo % 10;\n\n\tfor (int i = d-1; i > 0; --i)\n\n\t{\n\n\t\tif (t[i] == 4 || t[i] == 6)\n\n\t\t{\n\n\t\t\t--t[i];\n\n\t\t\tfor (int j = 0; j < i; ++j)\n\n\t\t\t\tt[j] = 9;\n\n\t\t\tbreak;\n\n\t\t}\n\n\t}\n\n\n\n\tll res = 0;\n\n\tfor (int i = 0; i < d; ++i)\n\n\t{\n\n\t\tll a = 1;\n\n\t\tfor (int j = 0; j < i; ++j)\n\n\t\t\ta *= 8;\n\n\t\tres += (t[i] - (t[i] >= 6 ? 2 : t[i] >= 4 ? 1 : 0)) * a;\n\n\t}\n\n\treturn res;\n\n}\n\nint main()\n\n{\n\n\tint n;\n\n\twhile (scanf("%d", &n), n)\n\n\t{\n\n\t\tll l, u;\n\n\t\tl = 1;\n\n\t\tu = n * 10LL;\n\n\t\twhile (l < u)\n\n\t\t{\n\n\t\t\tll m = (l + u) / 2;\n\n\t\t\tll t = count_rooms_lesseq_than(m);\n\n\t\t\tif (t < n)\n\n\t\t\t\tl = m + 1;\n\n\t\t\telse\n\n\t\t\t\tu = m;\n\n\t\t}\n\n\t\tprintf("%lld\\n", l);\n\n\t}\n\n\n\n\treturn 0;\n\n}') | LineLLMMutation(('source.cpp', 24), '#include <cstdio>\ntypedef long long ll;\nll count_rooms_lesseq_than(ll newRoomNo){\n\tint t[10], d;\n\tfor (d = 0; newRoomNo; ++d, newRoomNo /= 10)\n\t\tt[d] = newRoomNo % 10;\n\tfor (int i = d-1; i > 0; --i){\n\t\tif (t[i] == 4 || t[i] == 6){\n\t\t\t--t[i];\n\t\t\tfor (int j = 0; j < i; ++j)\n\t\t\t\tt[j] = 9;\n\t\t\tbreak;\n\t\t}\n\t}\n\tll res = 0;\n\tfor (int i = 0; i < d; ++i){\n\t\tll a = 1;\n\t\tfor (int j = 0; j < i; ++j)\n\t\t\ta *= 8;\n\t\tres += (t[i] - (t[i] >= 6 ? 2 : t[i] >= 4 ? 1 : 0)) * a;\n\t}\n\treturn res;\n}\nint main(){\n\tint n;\n\twhile (scanf("%d", &n), n){\n\t\tll l, u;\n\t\tl = 1;\n\t\tu = n * 10LL;\n\t\twhile (l < u){\n\t\t\tll m = (l + u) / 2;\n\t\t\tll t = count_rooms_lesseq_than(m);\n\t\t\tif (t < n)\n\t\t\t\tl = m + 1;\n\t\t\telse\n\t\t\t\tu = m;\n\t\t}\n\t\tprintf("%lld\\n", l);\n\t}\n\treturn 0;\n}')"
2025-01-27 02:23:21,708	[INFO]	Step: 39
2025-01-27 02:23:21,708	[INFO]	Stop Steps: 50
2025-01-27 02:23:22,171	[DEBUG]	EXEC>  SUCCESS 1252174.375
2025-01-27 02:23:22,171	[INFO]	3-10    SUCCESS               1252174.38 (39.61%) [2 edit(s)]  
2025-01-27 02:23:22,171	[DEBUG]	patch(3-10)="LineLLMMutation(('source.cpp', 19), '#include <cstdio>\n\ntypedef long long ll;\n\n\n\nll count_rooms_lesseq_than(ll roomNo)\n\n{\n\n\tint digits[10], d;\n\n\tfor (d = 0; roomNo; ++d, roomNo /= 10)\n\n\t\tdigits[d] = roomNo % 10;\n\n\tfor (int i = d-1; i > 0; --i)\n\n\t{\n\n\t\tif (digits[i] == 4 || digits[i] == 6)\n\n\t\t{\n\n\t\t\t--digits[i];\n\n\t\t\tfor (int j = 0; j < i; ++j)\n\n\t\t\t\tdigits[j] = 9;\n\n\t\t\tbreak;\n\n\t\t}\n\n\t}\n\n\n\n\tll res = 0;\n\n\tfor (int i = 0; i < d; ++i)\n\n\t{\n\n\t\tll a = 1;\n\n\t\tfor (int j = 0; j < i; ++j)\n\n\t\t\ta *= 8;\n\n\t\tres += (digits[i] - (digits[i] >= 6 ? 2 : digits[i] >= 4 ? 1 : 0)) * a;\n\n\t}\n\n\treturn res;\n\n}\n\nint main()\n\n{\n\n\tint n;\n\n\twhile (scanf("%d", &n), n)\n\n\t{\n\n\t\tll l = 1, u = n * 10LL;\n\n\t\twhile (l < u)\n\n\t\t{\n\n\t\t\tll m = (l + u) / 2;\n\n\t\t\tll t = count_rooms_lesseq_than(m);\n\n\t\t\tif (t < n)\n\n\t\t\t\tl = m + 1;\n\n\t\t\telse\n\n\t\t\t\tu = m;\n\n\t\t}\n\n\t\tprintf("%lld\\n", l);\n\n\t}\n\n\n\n\treturn 0;\n\n}') | LineLLMMutation(('source.cpp', 25), '#include <cstdio>\n\ntypedef long long ll;\n\n\n\nll count_rooms_lesseq_than(ll roomNo)\n\n{\n\n\tint digits[10], d;\n\n\tfor (d = 0; roomNo; ++d, roomNo /= 10)\n\n\t\tdigits[d] = roomNo % 10;\n\n\tfor (int i = d-1; i > 0; --i)\n\n\t{\n\n\t\tif (digits[i] == 4 || digits[i] == 6)\n\n\t\t{\n\n\t\t\t--digits[i];\n\n\t\t\tfor (int j = 0; j < i; ++j)\n\n\t\t\t\tdigits[j] = 9;\n\n\t\t\tbreak;\n\n\t\t}\n\n\t}\n\n\n\n\tll res = 0;\n\n\tfor (int i = 0; i < d; ++i)\n\n\t{\n\n\t\tll a = 1;\n\n\t\tfor (int j = 0; j < i; ++j)\n\n\t\t\ta *= 8;\n\n\t\tres += (digits[i] - (digits[i] >= 6 ? 2 : digits[i] >= 4 ? 1 : 0)) * a;\n\n\t}\n\n\treturn res;\n\n}\n\nint main()\n\n{\n\n\tint n;\n\n\twhile (scanf("%d", &n), n)\n\n\t{\n\n\t\tll l = 1, u = n * 10LL;\n\n\t\twhile (l < u)\n\n\t\t{\n\n\t\t\tll m = (l + u) / 2;\n\n\t\t\tll t = count_rooms_lesseq_than(m);\n\n\t\t\tif (t < n)\n\n\t\t\t\tl = m + 1;\n\n\t\t\telse\n\n\t\t\t\tu = m;\n\n\t\t}\n\n\t\tprintf("%lld\\n", l);\n\n\t}\n\n\n\n\treturn 0;\n\n}')"
2025-01-27 02:23:22,172	[INFO]	Step: 40
2025-01-27 02:23:22,172	[INFO]	Stop Steps: 50
2025-01-27 02:23:22,704	[DEBUG]	EXEC>  SUCCESS 1247280.5
2025-01-27 02:23:22,704	[INFO]	3-1     SUCCESS               1247280.50 (39.45%) [1 edit(s)]  
2025-01-27 02:23:22,704	[DEBUG]	patch(3-1)="LineLLMMutation(('source.cpp', 26), '#include <cstdio>\n\n#include <cstring>\n\n#include <algorithm>\n\nusing namespace std;\n\n\n\ntypedef long long ll;\n\n\n\nll count_rooms_lesseq_than(ll newRoomNo)\n\n{\n\n\tint t[10], d;\n\n\tfor (d = 0; newRoomNo; ++d, newRoomNo /= 10)\n\n\t\tt[d] = newRoomNo % 10;\n\n\tfor (int i = d-1; i > 0; --i)\n\n\t{\n\n\t\tif (t[i] == 4 || t[i] == 6)\n\n\t\t{\n\n\t\t\t--t[i];\n\n\t\t\tfor (int j = 0; j < i; ++j)\n\n\t\t\t\tt[j] = 9;\n\n\t\t\tbreak;\n\n\t\t}\n\n\t}\n\n\n\n\tll res = 0;\n\n\tfor (int i = 0; i < d; ++i)\n\n\t{\n\n\t\tll a = 1;\n\n\t\tfor (int j = 0; j < i; ++j)\n\n\t\t\ta *= 8;\n\n\t\tres += (t[i] - (t[i] >= 6 ? 2 : t[i] >= 4 ? 1 : 0)) * a;\n\n\t}\n\n\treturn res;\n\n}\n\nint main()\n\n{\n\n\tint n;\n\n\twhile (scanf("%d", &n), n)\n\n\t{\n\n\t\tll l, u;\n\n\t\tl = 1;\n\n\t\tu = n * 10LL;\n\n\t\twhile (l < u)\n\n\t\t{\n\n\t\t\tll m = (l + u) / 2;\n\n\t\t\tll t = count_rooms_lesseq_than(m);\n\n\t\t\tif (t < n)\n\n\t\t\t\tl = m + 1;\n\n\t\t\telse\n\n\t\t\t\tu = m;\n\n\t\t}\n\n\t\tprintf("%lld\\n", l);\n\n\t}\n\n\n\n\treturn 0;\n\n}')"
2025-01-27 02:23:22,704	[INFO]	Step: 41
2025-01-27 02:23:22,704	[INFO]	Stop Steps: 50
2025-01-27 02:23:24,649	[DEBUG]	EXEC>  SUCCESS 3160532.1875
2025-01-27 02:23:24,649	[INFO]	REF     SUCCESS               3160532.19 (--) [0 edit(s)]  
2025-01-27 02:23:24,649	[INFO]	Best patch: 21
2025-01-27 02:23:25,121	[DEBUG]	EXEC>  SUCCESS 1253038.0625
2025-01-27 02:23:25,121	[INFO]	BEST    SUCCESS              *1253038.06 (39.65%) [0 edit(s)]  
2025-01-27 02:23:25,121	[INFO]	Best patch step: 30
2025-01-27 02:24:01,370	[INFO]	Step: 41
2025-01-27 02:24:01,370	[INFO]	Stop Steps: 50
2025-01-27 02:24:01,954	[DEBUG]	EXEC>  SUCCESS 1225515.625
2025-01-27 02:24:01,954	[INFO]	4-2     SUCCESS              *1225515.62 (38.78%) [1 edit(s)]  
2025-01-27 02:24:01,954	[DEBUG]	patch(4-2)="LineLLMMutation(('source.cpp', 21), '#include <cstdio>\n\ntypedef long long ll;\n\n\n\nll count_rooms_lesseq_than(ll newRoomNo)\n\n{\n\n\tint t[10], d;\n\n\tfor (d = 0; newRoomNo; ++d, newRoomNo /= 10)\n\n\t\tt[d] = newRoomNo % 10;\n\n\tfor (int i = d-1; i > 0; --i)\n\n\t\tif (t[i] == 4 || t[i] == 6)\n\n\t\t{\n\n\t\t\t--t[i];\n\n\t\t\tfor (int j = 0; j < i; ++j)\n\n\t\t\t\tt[j] = 9;\n\n\t\t\tbreak;\n\n\t\t}\n\n\n\n\tll res = 0;\n\n\tfor (int i = 0; i < d; ++i)\n\n\t\tres += (t[i] - (t[i] >= 6 ? 2 : t[i] >= 4 ? 1 : 0)) * (1LL << (i * 3));\n\n\treturn res;\n\n}\n\nint main()\n\n{\n\n\tint n;\n\n\twhile (scanf("%d", &n), n)\n\n\t{\n\n\t\tll l = 1, u = n * 10LL;\n\n\t\twhile (l < u)\n\n\t\t{\n\n\t\t\tll m = (l + u) / 2;\n\n\t\t\tll t = count_rooms_lesseq_than(m);\n\n\t\t\tif (t < n)\n\n\t\t\t\tl = m + 1;\n\n\t\t\telse\n\n\t\t\t\tu = m;\n\n\t\t}\n\n\t\tprintf("%lld\\n", l);\n\n\t}\n\n\n\n\treturn 0;\n\n}')"

2025-01-27 02:24:01,954	[INFO]	Step: 42
2025-01-27 02:24:01,954	[INFO]	Stop Steps: 50
2025-01-27 02:24:02,461	[DEBUG]	EXEC>  SUCCESS 1250557.5625
2025-01-27 02:24:02,462	[INFO]	4-3     SUCCESS               1250557.56 (39.57%) [1 edit(s)]  
2025-01-27 02:24:02,462	[DEBUG]	patch(4-3)="LineLLMCrossover(('source.cpp', 10), '#include <cstdio>\n\ntypedef long long ll;\n\n\n\nll count_rooms_lesseq_than(ll newRoomNo)\n\n{\n\n\tint t[10], d;\n\n\tfor (d = 0; newRoomNo; ++d, newRoomNo /= 10)\n\n\t\tt[d] = newRoomNo % 10;\n\n\tfor (int i = d-1; i > 0; --i)\n\n\t{\n\n\t\tif (t[i] == 4 || t[i] == 6)\n\n\t\t{\n\n\t\t\t--t[i];\n\n\t\t\tfor (int j = 0; j < i; ++j)\n\n\t\t\t\tt[j] = 9;\n\n\t\t\tbreak;\n\n\t\t}\n\n\t}\n\n\n\n\tll res = 0;\n\n\tfor (int i = 0; i < d; ++i)\n\n\t{\n\n\t\tll a = 1;\n\n\t\tfor (int j = 0; j < i; ++j)\n\n\t\t\ta *= 8;\n\n\t\tres += (t[i] - (t[i] >= 6 ? 2 : t[i] >= 4 ? 1 : 0)) * a;\n\n\t}\n\n\treturn res;\n\n}\n\n\n\nint main()\n\n{\n\n\tint n;\n\n\twhile (scanf("%d", &n), n)\n\n\t{\n\n\t\tll l = 1, u = n * 10LL;\n\n\t\twhile (l < u)\n\n\t\t{\n\n\t\t\tll m = (l + u) / 2;\n\n\t\t\tll t = count_rooms_lesseq_than(m);\n\n\t\t\tif (t < n)\n\n\t\t\t\tl = m + 1;\n\n\t\t\telse\n\n\t\t\t\tu = m;\n\n\t\t}\n\n\t\tprintf("%lld\\n", l);\n\n\t}\n\n\n\n\treturn 0;\n\n}')"
2025-01-27 02:24:02,462	[INFO]	Step: 43
2025-01-27 02:24:02,462	[INFO]	Stop Steps: 50
2025-01-27 02:24:02,931	[DEBUG]	EXEC>  SUCCESS 1234677.5
2025-01-27 02:24:02,932	[INFO]	4-4     SUCCESS               1234677.50 (39.07%) [1 edit(s)]  
2025-01-27 02:24:02,932	[DEBUG]	patch(4-4)="LineLLMCrossover(('source.cpp', 12), '#include <cstdio>\n\ntypedef long long ll;\n\n\n\nll count_rooms_lesseq_than(ll newRoomNo)\n\n{\n\n\tint t[10], d;\n\n\tfor (d = 0; newRoomNo; ++d, newRoomNo /= 10)\n\n\t\tt[d] = newRoomNo % 10;\n\n\tfor (int i = d-1; i > 0; --i)\n\n\t\tif (t[i] == 4 || t[i] == 6)\n\n\t\t{\n\n\t\t\t--t[i];\n\n\t\t\tfor (int j = 0; j < i; ++j)\n\n\t\t\t\tt[j] = 9;\n\n\t\t\tbreak;\n\n\t\t}\n\n\n\n\tll res = 0;\n\n\tfor (int i = 0; i < d; ++i)\n\n\t\tres += (t[i] - (t[i] >= 6 ? 2 : t[i] >= 4 ? 1 : 0)) * (1LL << (i * 3));\n\n\treturn res;\n\n}\n\n\n\nint main()\n\n{\n\n\tint n;\n\n\twhile (scanf("%d", &n), n)\n\n\t{\n\n\t\tll l = 1, u = n * 10LL;\n\n\t\twhile (l < u)\n\n\t\t{\n\n\t\t\tll m = (l + u) / 2;\n\n\t\t\tll t = count_rooms_lesseq_than(m);\n\n\t\t\tif (t < n)\n\n\t\t\t\tl = m + 1;\n\n\t\t\telse\n\n\t\t\t\tu = m;\n\n\t\t}\n\n\t\tprintf("%lld\\n", l);\n\n\t}\n\n\n\n\treturn 0;\n\n}')"
2025-01-27 02:24:02,932	[INFO]	Step: 44
2025-01-27 02:24:02,932	[INFO]	Stop Steps: 50
2025-01-27 02:24:03,414	[DEBUG]	EXEC>  SUCCESS 1251695.75
2025-01-27 02:24:03,414	[INFO]	4-5     SUCCESS               1251695.75 (39.60%) [1 edit(s)]  
2025-01-27 02:24:03,415	[DEBUG]	patch(4-5)="LineLLMCrossover(('source.cpp', 13), '#include <cstdio>\n\ntypedef long long ll;\n\n\n\nll count_rooms_lesseq_than(ll newRoomNo)\n\n{\n\n\tint t[10], d;\n\n\tfor (d = 0; newRoomNo; ++d, newRoomNo /= 10)\n\n\t\tt[d] = newRoomNo % 10;\n\n\tfor (int i = d-1; i > 0; --i)\n\n\t{\n\n\t\tif (t[i] == 4 || t[i] == 6)\n\n\t\t{\n\n\t\t\t--t[i];\n\n\t\t\tfor (int j = 0; j < i; ++j)\n\n\t\t\t\tt[j] = 9;\n\n\t\t\tbreak;\n\n\t\t}\n\n\t}\n\n\n\n\tll res = 0;\n\n\tfor (int i = 0; i < d; ++i)\n\n\t{\n\n\t\tll a = 1;\n\n\t\tfor (int j = 0; j < i; ++j)\n\n\t\t\ta *= 8;\n\n\t\tres += (t[i] - (t[i] >= 6 ? 2 : t[i] >= 4 ? 1 : 0)) * a;\n\n\t}\n\n\treturn res;\n\n}\n\n\n\nint main()\n\n{\n\n\tint n;\n\n\twhile (scanf("%d", &n), n)\n\n\t{\n\n\t\tll l = 1, u = n * 10LL;\n\n\t\twhile (l < u)\n\n\t\t{\n\n\t\t\tll m = (l + u) / 2;\n\n\t\t\tll t = count_rooms_lesseq_than(m);\n\n\t\t\tif (t < n)\n\n\t\t\t\tl = m + 1;\n\n\t\t\telse\n\n\t\t\t\tu = m;\n\n\t\t}\n\n\t\tprintf("%lld\\n", l);\n\n\t}\n\n\n\n\treturn 0;\n\n}')"
2025-01-27 02:24:03,415	[INFO]	Step: 45
2025-01-27 02:24:03,415	[INFO]	Stop Steps: 50
2025-01-27 02:24:03,912	[DEBUG]	EXEC>  SUCCESS 1233527.75
2025-01-27 02:24:03,913	[INFO]	4-6     SUCCESS               1233527.75 (39.03%) [1 edit(s)]  
2025-01-27 02:24:03,913	[DEBUG]	patch(4-6)="LineLLMCrossover(('source.cpp', 14), '#include <cstdio>\n\ntypedef long long ll;\n\n\n\nll count_rooms_lesseq_than(ll newRoomNo)\n\n{\n\n\tint t[10], d;\n\n\tfor (d = 0; newRoomNo; ++d, newRoomNo /= 10)\n\n\t\tt[d] = newRoomNo % 10;\n\n\tfor (int i = d-1; i > 0; --i)\n\n\t\tif (t[i] == 4 || t[i] == 6)\n\n\t\t{\n\n\t\t\t--t[i];\n\n\t\t\tfor (int j = 0; j < i; ++j)\n\n\t\t\t\tt[j] = 9;\n\n\t\t\tbreak;\n\n\t\t}\n\n\n\n\tll res = 0;\n\n\tfor (int i = 0; i < d; ++i)\n\n\t\tres += (t[i] - (t[i] >= 6 ? 2 : t[i] >= 4 ? 1 : 0)) * (1LL << (i * 3));\n\n\treturn res;\n\n}\n\n\n\nint main()\n\n{\n\n\tint n;\n\n\twhile (scanf("%d", &n), n)\n\n\t{\n\n\t\tll l = 1, u = n * 10LL;\n\n\t\twhile (l < u)\n\n\t\t{\n\n\t\t\tll m = (l + u) / 2;\n\n\t\t\tll t = count_rooms_lesseq_than(m);\n\n\t\t\tif (t < n)\n\n\t\t\t\tl = m + 1;\n\n\t\t\telse\n\n\t\t\t\tu = m;\n\n\t\t}\n\n\t\tprintf("%lld\\n", l);\n\n\t}\n\n\n\n\treturn 0;\n\n}')"
2025-01-27 02:24:03,913	[INFO]	Step: 46
2025-01-27 02:24:03,913	[INFO]	Stop Steps: 50
2025-01-27 02:24:04,188	[INFO]	4-7     TEST_CODE_ERROR       None (--) [1 edit(s)]  
2025-01-27 02:24:04,189	[DEBUG]	patch(4-7)="LineLLMCrossover(('source.cpp', 15), '#include <cstdio>\n\ntypedef long long ll;\n\n\n\nll count_rooms_lesseq_than(ll newRoomNo)\n\n{\n\n\tint t[10], d;\n\n\tfor (d = 0; newRoomNo; ++d, newRoomNo /= 10)\n\n\t{\n\n\t\tif (newRoomNo % 10 == 4 || newRoomNo % 10 == 6)\n\n\t\t{\n\n\t\t\t--newRoomNo;\n\n\t\t\tfor (int j = 0; j < d; ++j)\n\n\t\t\t\tnewRoomNo = newRoomNo / 10 * 10 + 9;\n\n\t\t\tbreak;\n\n\t\t}\n\n\t\tt[d] = newRoomNo % 10;\n\n\t}\n\n\n\n\tll res = 0;\n\n\tfor (int i = 0; i < d; ++i)\n\n\t{\n\n\t\tll a = 1;\n\n\t\tfor (int j = 0; j < i; ++j)\n\n\t\t\ta *= 8;\n\n\t\tres += (t[i] - (t[i] >= 6 ? 2 : t[i] >= 4 ? 1 : 0)) * a;\n\n\t}\n\n\treturn res;\n\n}\n\n\n\nint main()\n\n{\n\n\tint n;\n\n\twhile (scanf("%d", &n), n)\n\n\t{\n\n\t\tll l = 1, u = n * 10LL;\n\n\t\twhile (l < u)\n\n\t\t{\n\n\t\t\tll m = (l + u) / 2;\n\n\t\t\tll t = count_rooms_lesseq_than(m);\n\n\t\t\tif (t < n)\n\n\t\t\t\tl = m + 1;\n\n\t\t\telse\n\n\t\t\t\tu = m;\n\n\t\t}\n\n\t\tprintf("%lld\\n", l);\n\n\t}\n\n\n\n\treturn 0;\n\n}')"
2025-01-27 02:24:04,189	[INFO]	Step: 47
2025-01-27 02:24:04,189	[INFO]	Stop Steps: 50
2025-01-27 02:24:04,639	[DEBUG]	EXEC>  SUCCESS 1223240.625
2025-01-27 02:24:04,640	[INFO]	4-8     SUCCESS              *1223240.62 (38.70%) [2 edit(s)]  
2025-01-27 02:24:04,640	[DEBUG]	patch(4-8)="LineLLMMutation(('source.cpp', 21), '#include <cstdio>\n\ntypedef long long ll;\n\n\n\nll count_rooms_lesseq_than(ll newRoomNo)\n\n{\n\n\tint t[10], d;\n\n\tfor (d = 0; newRoomNo; ++d, newRoomNo /= 10)\n\n\t\tt[d] = newRoomNo % 10;\n\n\tfor (int i = d-1; i > 0; --i)\n\n\t\tif (t[i] == 4 || t[i] == 6)\n\n\t\t{\n\n\t\t\t--t[i];\n\n\t\t\tfor (int j = 0; j < i; ++j)\n\n\t\t\t\tt[j] = 9;\n\n\t\t\tbreak;\n\n\t\t}\n\n\n\n\tll res = 0;\n\n\tfor (int i = 0; i < d; ++i)\n\n\t\tres += (t[i] - (t[i] >= 6 ? 2 : t[i] >= 4 ? 1 : 0)) * (1LL << (i * 3));\n\n\treturn res;\n\n}\n\nint main()\n\n{\n\n\tint n;\n\n\twhile (scanf("%d", &n), n)\n\n\t{\n\n\t\tll l = 1, u = n * 10LL;\n\n\t\twhile (l < u)\n\n\t\t{\n\n\t\t\tll m = (l + u) / 2;\n\n\t\t\tll t = count_rooms_lesseq_than(m);\n\n\t\t\tif (t < n)\n\n\t\t\t\tl = m + 1;\n\n\t\t\telse\n\n\t\t\t\tu = m;\n\n\t\t}\n\n\t\tprintf("%lld\\n", l);\n\n\t}\n\n\n\n\treturn 0;\n\n}') | LineLLMMutation(('source.cpp', 27), '#include <cstdio>\n\ntypedef long long ll;\n\n\n\nll count_rooms_lesseq_than(ll newRoomNo)\n\n{\n\n\tll d = 0, t[10], temp = newRoomNo;\n\n\twhile (temp)\n\n\t{\n\n\t\tt[d] = temp % 10;\n\n\t\t++d, temp /= 10;\n\n\t}\n\n\n\n\tfor (int i = d-1; i > 0; --i)\n\n\t\tif (t[i] == 4 || t[i] == 6)\n\n\t\t{\n\n\t\t\t--t[i];\n\n\t\t\tfor (int j = 0; j < i; ++j)\n\n\t\t\t\tt[j] = 9;\n\n\t\t\tbreak;\n\n\t\t}\n\n\n\n\tll res = 0;\n\n\tfor (int i = 0; i < d; ++i)\n\n\t\tres += (t[i] - (t[i] >= 6 ? 2 : t[i] >= 4 ? 1 : 0)) * (1LL << (i * 3));\n\n\treturn res;\n\n}\n\nint main()\n\n{\n\n\tint n;\n\n\twhile (scanf("%d", &n), n)\n\n\t{\n\n\t\tll l = 1, u = n * 10LL;\n\n\t\twhile (l < u)\n\n\t\t{\n\n\t\t\tll m = (l + u) / 2;\n\n\t\t\tll t = count_rooms_lesseq_than(m);\n\n\t\t\tif (t < n)\n\n\t\t\t\tl = m + 1;\n\n\t\t\telse\n\n\t\t\t\tu = m;\n\n\t\t}\n\n\t\tprintf("%lld\\n", l);\n\n\t}\n\n\n\n\treturn 0;\n\n}')"

2025-01-27 02:24:04,640	[INFO]	Step: 48
2025-01-27 02:24:04,640	[INFO]	Stop Steps: 50
2025-01-27 02:24:04,877	[INFO]	4-9     TEST_CODE_ERROR       None (--) [2 edit(s)]  
2025-01-27 02:24:04,878	[DEBUG]	patch(4-9)="LineLLMCrossover(('source.cpp', 10), '#include <cstdio>\n\ntypedef long long ll;\n\n\n\nll count_rooms_lesseq_than(ll newRoomNo)\n\n{\n\n\tint t[10], d;\n\n\tfor (d = 0; newRoomNo; ++d, newRoomNo /= 10)\n\n\t\tt[d] = newRoomNo % 10;\n\n\tfor (int i = d-1; i > 0; --i)\n\n\t{\n\n\t\tif (t[i] == 4 || t[i] == 6)\n\n\t\t{\n\n\t\t\t--t[i];\n\n\t\t\tfor (int j = 0; j < i; ++j)\n\n\t\t\t\tt[j] = 9;\n\n\t\t\tbreak;\n\n\t\t}\n\n\t}\n\n\n\n\tll res = 0;\n\n\tfor (int i = 0; i < d; ++i)\n\n\t{\n\n\t\tll a = 1;\n\n\t\tfor (int j = 0; j < i; ++j)\n\n\t\t\ta *= 8;\n\n\t\tres += (t[i] - (t[i] >= 6 ? 2 : t[i] >= 4 ? 1 : 0)) * a;\n\n\t}\n\n\treturn res;\n\n}\n\n\n\nint main()\n\n{\n\n\tint n;\n\n\twhile (scanf("%d", &n), n)\n\n\t{\n\n\t\tll l = 1, u = n * 10LL;\n\n\t\twhile (l < u)\n\n\t\t{\n\n\t\t\tll m = (l + u) / 2;\n\n\t\t\tll t = count_rooms_lesseq_than(m);\n\n\t\t\tif (t < n)\n\n\t\t\t\tl = m + 1;\n\n\t\t\telse\n\n\t\t\t\tu = m;\n\n\t\t}\n\n\t\tprintf("%lld\\n", l);\n\n\t}\n\n\n\n\treturn 0;\n\n}') | LineLLMMutation(('source.cpp', 28), '#include <cstdio>\n\ntypedef long long ll;\n\n\n\nll count_rooms_lesseq_than(ll newRoomNo)\n\n{\n\n\tint t[10], d;\n\n\tfor (d = 0; newRoomNo; ++d, newRoomNo /= 10)\n\n\t\tt[d] = newRoomNo % 10;\n\n\tfor (int i = d-1; i > 0; --i)\n\n\t{\n\n\t\tif (t[i] == 4 || t[i] == 6)\n\n\t\t{\n\n\t\t\t--t[i];\n\n\t\t\tfor (int j = 0; j < i; ++j)\n\n\t\t\t\tt[j] = 9;\n\n\t\t\tbreak;\n\n\t\t}\n\n\t}\n\n\n\n\tll res = 0;\n\n\tfor (int i = 0; i < d; ++i)\n\n\t{\n\n\t\tll a = 1;\n\n\t\tfor (int j = 0; j < i; ++j)\n\n\t\t\ta *= 9; // Changed line for speedup: 8 to 9\n\n\t\tres += (t[i] - (t[i] >= 6 ? 2 : t[i] >= 4 ? 1 : 0)) * a;\n\n\t}\n\n\treturn res;\n\n}\n\n\n\nint main()\n\n{\n\n\tint n;\n\n\twhile (scanf("%d", &n), n)\n\n\t{\n\n\t\tll l = 1, u = n * 10LL;\n\n\t\twhile (l < u)\n\n\t\t{\n\n\t\t\tll m = (l + u) / 2;\n\n\t\t\tll t = count_rooms_lesseq_than(m);\n\n\t\t\tif (t < n)\n\n\t\t\t\tl = m + 1;\n\n\t\t\telse\n\n\t\t\t\tu = m;\n\n\t\t}\n\n\t\tprintf("%lld\\n", l);\n\n\t}\n\n\n\n\treturn 0;\n\n}')"
2025-01-27 02:24:04,878	[INFO]	Step: 49
2025-01-27 02:24:04,878	[INFO]	Stop Steps: 50
2025-01-27 02:24:04,975	[INFO]	4-10    COMPILE_CODE_ERROR    None (--) [2 edit(s)]  
2025-01-27 02:24:04,975	[DEBUG]	patch(4-10)="LineLLMCrossover(('source.cpp', 8), '#include <cstdio>\n\ntypedef long long ll;\n\n\n\nll count_rooms_lesseq_than(ll newRoomNo)\n\n{\n\n\tint t[10], d;\n\n\tfor (d = 0; newRoomNo; ++d, newRoomNo /= 10)\n\n\t\tt[d] = newRoomNo % 10;\n\n\tfor (int i = d-1; i > 0; --i)\n\n\t{\n\n\t\tif (t[i] == 4 || t[i] == 6)\n\n\t\t{\n\n\t\t\t--t[i];\n\n\t\t\tfor (int j = 0; j < i; ++j)\n\n\t\t\t\tt[j] = 9;\n\n\t\t\tbreak;\n\n\t\t}\n\n\t}\n\n\n\n\tll res = 0;\n\n\tfor (int i = 0; i < d; ++i)\n\n\t{\n\n\t\tll a = 1;\n\n\t\tfor (int j = 0; j < i; ++j)\n\n\t\t\ta *= 8;\n\n\t\tres += (t[i] - (t[i] >= 6 ? 2 : t[i] >= 4 ? 1 : 0)) * a;\n\n\t}\n\n\treturn res;\n\n}\n\n\n\nint main()\n\n{\n\n\tint n;\n\n\twhile (scanf("%d", &n), n)\n\n\t{\n\n\t\tll l = 1, u = n * 10LL;\n\n\t\twhile (l < u)\n\n\t\t{\n\n\t\t\tll m = (l + u) / 2;\n\n\t\t\tll t = count_rooms_lesseq_than(m);\n\n\t\t\tif (t < n)\n\n\t\t\t\tl = m + 1;\n\n\t\t\telse\n\n\t\t\t\tu = m;\n\n\t\t}\n\n\t\tprintf("%lld\\n", l);\n\n\t}\n\n\n\n\treturn 0;\n\n}') | LineLLMMutation(('source.cpp', 29), '#include<cstdio>\ntypedef long long ll;\nll count_rooms_lesseq_than(ll newRoomNo){\n\tint t[10],d;\n\tfor(d=0;newRoomNo;++d,newRoomNo/=10)\n\t\tt[d]=newRoomNo%10;\n\tfor(int i=d-1;i>0;--i){\n\t\tif(t[i]==4||t[i]==6){\n\t\t\t--t[i];\n\t\t\tfor(int j=0;j<i;++j)\n\t\t\t\tt[j]=9;\n\t\t\tbreak;\n\t\t}\n\t}\n\tll res=0;\n\tfor(int i=0;i<d;++i){\n\t\tll a=1;\n\t\tfor(int j=0;j<i;++j)\n\t\t\ta*=8;\n\t\tres+=(t[i]-(t[i]>=6?2:t[i]>=4?1:0))*a;\n\t}\n\treturn res;\n}\nint main(){\n\tint n;\n\twhile(scanf("%d",&n),n){\n\t\tll l=1,u=n*10LL;\n\t\twhile(l<u){\n\t\t\tll m=(l+u)/2,ll t=count_rooms_lesseq_than(m);\n\t\t\tif(t<n)\n\t\t\t\tl=m+1;\n\t\t\telse\n\t\t\t\tu=m;\n\t\t}\n\t\tprintf("%lld\\n",l);\n\t}\n\treturn 0;\n}')"
2025-01-27 02:24:04,975	[INFO]	Step: 50
2025-01-27 02:24:04,975	[INFO]	Stop Steps: 50
2025-01-27 02:24:04,975	[INFO]	(Abstract Algorithm) Stopping Condition: step budget
2025-01-27 02:24:04,975	[INFO]	Step: 50
2025-01-27 02:24:04,975	[INFO]	Stop Steps: 50
2025-01-27 02:24:07,104	[INFO]	~~~~ END ~~~~
2025-01-27 02:24:07,104	[INFO]	Best patch step: 47
2025-01-27 02:24:07,104	[INFO]	
2025-01-27 02:24:07,104	[INFO]	==== REPORT ====
2025-01-27 02:24:07,104	[INFO]	Termination: step budget
2025-01-27 02:24:07,104	[INFO]	Log file: /home/ubuntu/eoc/magpie2/_magpie_logs/0061_1737944339.log
2025-01-27 02:24:07,104	[INFO]	Patch file: _magpie_logs/0061_1737944339.patch
2025-01-27 02:24:07,105	[INFO]	Diff file: _magpie_logs/0061_1737944339.diff
2025-01-27 02:24:07,105	[INFO]	Reference fitness: 3160532.19
2025-01-27 02:24:07,105	[INFO]	Best fitness: 1223240.62
2025-01-27 02:24:07,105	[INFO]	
2025-01-27 02:24:07,105	[INFO]	==== BEST PATCH ====
LineLLMMutation(('source.cpp', 21), '#include <cstdio>\n\ntypedef long long ll;\n\n\n\nll count_rooms_lesseq_than(ll newRoomNo)\n\n{\n\n\tint t[10], d;\n\n\tfor (d = 0; newRoomNo; ++d, newRoomNo /= 10)\n\n\t\tt[d] = newRoomNo % 10;\n\n\tfor (int i = d-1; i > 0; --i)\n\n\t\tif (t[i] == 4 || t[i] == 6)\n\n\t\t{\n\n\t\t\t--t[i];\n\n\t\t\tfor (int j = 0; j < i; ++j)\n\n\t\t\t\tt[j] = 9;\n\n\t\t\tbreak;\n\n\t\t}\n\n\n\n\tll res = 0;\n\n\tfor (int i = 0; i < d; ++i)\n\n\t\tres += (t[i] - (t[i] >= 6 ? 2 : t[i] >= 4 ? 1 : 0)) * (1LL << (i * 3));\n\n\treturn res;\n\n}\n\nint main()\n\n{\n\n\tint n;\n\n\twhile (scanf("%d", &n), n)\n\n\t{\n\n\t\tll l = 1, u = n * 10LL;\n\n\t\twhile (l < u)\n\n\t\t{\n\n\t\t\tll m = (l + u) / 2;\n\n\t\t\tll t = count_rooms_lesseq_than(m);\n\n\t\t\tif (t < n)\n\n\t\t\t\tl = m + 1;\n\n\t\t\telse\n\n\t\t\t\tu = m;\n\n\t\t}\n\n\t\tprintf("%lld\\n", l);\n\n\t}\n\n\n\n\treturn 0;\n\n}') + LineLLMMutation(('source.cpp', 27), '#include <cstdio>\n\ntypedef long long ll;\n\n\n\nll count_rooms_lesseq_than(ll newRoomNo)\n\n{\n\n\tll d = 0, t[10], temp = newRoomNo;\n\n\twhile (temp)\n\n\t{\n\n\t\tt[d] = temp % 10;\n\n\t\t++d, temp /= 10;\n\n\t}\n\n\n\n\tfor (int i = d-1; i > 0; --i)\n\n\t\tif (t[i] == 4 || t[i] == 6)\n\n\t\t{\n\n\t\t\t--t[i];\n\n\t\t\tfor (int j = 0; j < i; ++j)\n\n\t\t\t\tt[j] = 9;\n\n\t\t\tbreak;\n\n\t\t}\n\n\n\n\tll res = 0;\n\n\tfor (int i = 0; i < d; ++i)\n\n\t\tres += (t[i] - (t[i] >= 6 ? 2 : t[i] >= 4 ? 1 : 0)) * (1LL << (i * 3));\n\n\treturn res;\n\n}\n\nint main()\n\n{\n\n\tint n;\n\n\twhile (scanf("%d", &n), n)\n\n\t{\n\n\t\tll l = 1, u = n * 10LL;\n\n\t\twhile (l < u)\n\n\t\t{\n\n\t\t\tll m = (l + u) / 2;\n\n\t\t\tll t = count_rooms_lesseq_than(m);\n\n\t\t\tif (t < n)\n\n\t\t\t\tl = m + 1;\n\n\t\t\telse\n\n\t\t\t\tu = m;\n\n\t\t}\n\n\t\tprintf("%lld\\n", l);\n\n\t}\n\n\n\n\treturn 0;\n\n}')
2025-01-27 02:24:07,105	[INFO]	
2025-01-27 02:24:07,105	[INFO]	==== DIFF ====

