2025-02-24 21:29:08,333	[DEBUG]	==== CONFIG ====
[magpie]
import = 
seed = 5890011131030689
log_dir = _magpie_logs
work_dir = _magpie_work
local_original_copy = True
local_original_name = __original__
output_encoding = ascii
edit_retries = 10
default_timeout = 30
default_lengthout = 10000.0
diff_method = unified
trust_local_filesystem = True

[magpie.log]
color_output = True
format_info = {counter:<7} {status:<20} {best}{fitness} ({ratio}) [{size}] {cached} {log}
format_debug = patch({counter})="{patch}"{diffifbest}
format_fitness = {:.2f}
format_ratio = {:.2%%}
format_patchif = 
	 --> {patch}
format_diffif = 
	{diff}

[software]
path = dataset/magpie_dataset/train/0062
target_files = 
	source.cpp
software = BasicSoftware
model_rules = 
	*.params : ParamFileConfigModel
	*.xml : SrcmlModel
	* : LineModel
model_config = 
	*.params : [paramconfig]
	*.xml : [srcml]
init_cmd = 
init_timeout = 60
init_lengthout = -1
setup_cmd = bash setup.sh
setup_timeout = 
setup_lengthout = 
compile_cmd = bash compile.sh
compile_timeout = 
compile_lengthout = 
test_cmd = bash test.sh
test_timeout = 
test_lengthout = 
run_cmd = bash run.sh
run_timeout = 3
run_lengthout = 
batch_timeout = 
batch_lengthout = 
batch_bin_fitness_strategy = aggregate
batch_fitness_strategy = sum
fitness = time

[srcml]
rename = 
	stmt: break continue decl_stmt do expr_stmt for goto if return switch while
	number: literal_number
focus = block stmt operator_comp operator_arith number
internodes = block
process_pseudo_blocks = True
process_literals = True
process_operators = True

[paramconfig]
timing = test run
cli_prefix = --
cli_glue = =
cli_boolean = show
cli_boolean_prefix_true = 
cli_boolean_prefix_false = no-
cli_none = hide
silent_prefix = @
silent_suffix = $

[search]
protocol = BasicProtocol
algorithm = GeneticProgrammingLLM
possible_edits = 
	LineLLMMutation
	LineLLMCrossover
	LineDeletion
	LineInsertion
	LineReplacement
llm_prob = 1.0
warmup = 5
warmup_strategy = last
max_steps = 50
max_time = 20000
target_fitness = 
cache_maxsize = 100
cache_keep = 0.2
batch_instances = 
batch_shuffle = True
batch_bin_shuffle = False
batch_sample_size = 1

[search.ls]
delete_prob = 0.5
max_neighbours = 
when_trapped = continue
accept_fail = False
tabu_length = 10

[search.gp]
pop_size = 10
delete_prob = 0.0
offspring_elitism = 0.2
offspring_crossover = 0.4
offspring_mutation = 0.4
uniform_rate = 0.5
batch_reset = True
llm_type = baseline

[search.minify]
do_cleanup = True
do_rebuild = True
do_simplify = True
round_robin_limit = 3


2025-02-24 21:29:08,334	[DEBUG]	
2025-02-24 21:29:08,334	[INFO]	==== SEARCH: GeneticProgrammingLLM ====
2025-02-24 21:29:08,334	[INFO]	~~~~ WARMUP ~~~~
2025-02-24 21:29:09,318	[DEBUG]	EXEC>  SUCCESS 3125516.5
2025-02-24 21:29:09,318	[INFO]	WARM    SUCCESS               3125516.50 (--) [0 edit(s)]  
2025-02-24 21:29:09,862	[DEBUG]	EXEC>  SUCCESS 3125517.5
2025-02-24 21:29:09,862	[INFO]	WARM    SUCCESS               3125517.50 (--) [0 edit(s)]  
2025-02-24 21:29:10,424	[DEBUG]	EXEC>  SUCCESS 3125517.5
2025-02-24 21:29:10,424	[INFO]	WARM    SUCCESS               3125517.50 (--) [0 edit(s)]  
2025-02-24 21:29:10,981	[DEBUG]	EXEC>  SUCCESS 3125426.5
2025-02-24 21:29:10,981	[INFO]	WARM    SUCCESS               3125426.50 (--) [0 edit(s)]  
2025-02-24 21:29:11,547	[DEBUG]	EXEC>  SUCCESS 3125426.5
2025-02-24 21:29:11,547	[INFO]	WARM    SUCCESS               3125426.50 (--) [0 edit(s)]  
2025-02-24 21:29:11,547	[INFO]	REF     SUCCESS               3125426.50 (--) [0 edit(s)]  
2025-02-24 21:29:11,547	[INFO]	
2025-02-24 21:29:11,548	[INFO]	~~~~ START ~~~~
2025-02-24 21:29:44,998	[DEBUG]	EXEC>  SUCCESS 3059998.0
2025-02-24 21:29:44,998	[INFO]	0-1     SUCCESS              *3059998.00 (97.91%) [1 edit(s)]  
2025-02-24 21:29:44,998	[DEBUG]	patch(0-1)="LineLLMMutation(('source.cpp', 0), '#include <cstdio>\nusing namespace std;\n\ntypedef long long ll;\n\nll gcd(ll a, ll b) {\n    return (!b) ? a : gcd(b, a % b);\n}\n\nint main() {\n    int n;\n    ll d[10], v[10], t[10];\n\n    for (;;) {\n        scanf("%d", &n);\n        if (!n) break;\n\n        for (int i = 0; i < n; i++) scanf("%lld %lld", &d[i], &v[i]);\n        t[0] = 1;\n\n        for (int i = 1; i < n; i++) {\n            t[i] = t[i - 1] * d[i - 1] * v[i];\n            for (int j = 0; j < i; j++) t[j] *= d[i] * v[i - 1];\n            ll T = t[0];\n\n            for (int j = 1; j <= i; j++) T = gcd(T, t[j]);\n            for (int j = 0; j <= i; j++) t[j] /= T;\n        }\n\n        for (int i = 0; i < n; i++) printf("%lld\\n", t[i]);\n    }\n}')"

2025-02-24 21:29:46,606	[DEBUG]	EXEC>  SUCCESS 3132416.5
2025-02-24 21:29:46,606	[INFO]	0-2     SUCCESS               3132416.50 (100.22%) [1 edit(s)]  
2025-02-24 21:29:46,606	[DEBUG]	patch(0-2)="LineLLMMutation(('source.cpp', 1), '#include <iostream>\n#include <vector>\nusing namespace std;\n\ntypedef long long ll;\n\nll gcd(ll a, ll b) {\n    return (!b) ? a : gcd(b, a % b);\n}\n\nint main() {\n    int n;\n    while (true) {\n        cin >> n;\n        if (!n) break;\n\n        vector<ll> d(n), v(n), t(n);\n        for (int i = 0; i < n; i++) cin >> d[i] >> v[i];\n        t[0] = 1;\n\n        for (int i = 1; i < n; i++) {\n            t[i] = t[i - 1] * d[i - 1] * v[i];\n            for (int j = 0; j < i; j++) t[j] *= d[i] * v[i - 1];\n            ll T = t[0];\n\n            for (int j = 1; j <= i; j++) T = gcd(T, t[j]);\n            for (int j = 0; j <= i; j++) t[j] /= T;\n        }\n\n        for (int i = 0; i < n; i++) cout << t[i] << endl;\n    }\n}')"
2025-02-24 21:29:48,165	[DEBUG]	EXEC>  SUCCESS 3125485.5
2025-02-24 21:29:48,166	[INFO]	0-3     SUCCESS               3125485.50 (100.00%) [1 edit(s)]  
2025-02-24 21:29:48,166	[DEBUG]	patch(0-3)="LineLLMMutation(('source.cpp', 2), '#include <iostream>\nusing namespace std;\n\ntypedef long long ll;\n\nll gcd(ll a, ll b) {\n    while (b) {\n        ll temp = b;\n        b = a % b;\n        a = temp;\n    }\n    return a;\n}\n\nint main() {\n    int n;\n    ll d[10], v[10], t[10];\n\n    for (;;) {\n        cin >> n;\n        if (!n) break;\n\n        for (int i = 0; i < n; i++) cin >> d[i] >> v[i];\n        t[0] = 1;\n\n        for (int i = 1; i < n; i++) {\n            t[i] = t[i - 1] * d[i - 1] * v[i];\n            for (int j = 0; j < i; j++) t[j] *= d[i] * v[i - 1];\n            ll T = t[0];\n\n            for (int j = 1; j <= i; j++) T = gcd(T, t[j]);\n            for (int j = 0; j <= i; j++) t[j] /= T;\n        }\n\n        for (int i = 0; i < n; i++) cout << t[i] << endl;\n    }\n}')"
2025-02-24 21:29:49,675	[INFO]	0-4     TEST_CODE_ERROR       None (--) [1 edit(s)]  
2025-02-24 21:29:49,675	[DEBUG]	patch(0-4)="LineLLMMutation(('source.cpp', 3), '#include <iostream>\nusing namespace std;\n\ntypedef long long ll;\n\nll gcd(ll a, ll b) {\n    while (b) {\n        ll temp = b;\n        b = a % b;\n        a = temp;\n    }\n    return a;\n}\n\nint main() {\n    int n;\n    ll d[10], v[10], t[10];\n\n    for (;;) {\n        cin >> n;\n        if (!n) break;\n\n        for (int i = 0; i < n; i++) cin >> d[i] >> v[i];\n        \n        ll prod = 1;\n        t[0] = 1;\n\n        for (int i = 1; i < n; i++) {\n            prod *= d[i - 1] * v[i];\n            t[i] = prod;\n            ll T = t[0];\n\n            for (int j = 1; j <= i; j++) T = gcd(T, t[j]);\n            for (int j = 0; j <= i; j++) t[j] /= T;\n        }\n\n        for (int i = 0; i < n; i++) cout << t[i] << endl;\n    }\n}')"
2025-02-24 21:29:50,957	[DEBUG]	EXEC>  SUCCESS 3059876.0
2025-02-24 21:29:50,957	[INFO]	0-5     SUCCESS              *3059876.00 (97.90%) [1 edit(s)]  
2025-02-24 21:29:50,958	[DEBUG]	patch(0-5)="LineLLMMutation(('source.cpp', 4), '#include <cstdio>\nusing namespace std;\n\ntypedef long long ll;\n\nll gcd(ll a, ll b) {\n    while (b) {\n        ll temp = b;\n        b = a % b;\n        a = temp;\n    }\n    return a;\n}\n\nint main() {\n    int n;\n    ll d[10], v[10], t[10];\n\n    for (;;) {\n        scanf("%d", &n);\n        if (!n) break;\n\n        for (int i = 0; i < n; i++) scanf("%lld %lld", &d[i], &v[i]);\n        t[0] = 1;\n\n        for (int i = 1; i < n; i++) {\n            t[i] = t[i - 1] * d[i - 1] * v[i];\n            for (int j = 0; j < i; j++) t[j] *= d[i] * v[i - 1];\n            ll T = t[0];\n\n            for (int j = 1; j <= i; j++) T = gcd(T, t[j]);\n            for (int j = 0; j <= i; j++) t[j] /= T;\n        }\n\n        for (int i = 0; i < n; i++) printf("%lld\\n", t[i]);\n    }\n}')"

2025-02-24 21:29:52,467	[INFO]	0-6     TEST_CODE_ERROR       None (--) [1 edit(s)]  
2025-02-24 21:29:52,467	[DEBUG]	patch(0-6)="LineLLMMutation(('source.cpp', 5), '#include <iostream>\nusing namespace std;\n\ntypedef long long ll;\n\nll gcd(ll a, ll b) {\n    while (b) {\n        ll temp = b;\n        b = a % b;\n        a = temp;\n    }\n    return a;\n}\n\nint main() {\n    int n;\n    int d[10], v[10], t[10]; // Change to int where applicable\n\n    for (;;) {\n        cin >> n;\n        if (!n) break;\n\n        for (int i = 0; i < n; i++) cin >> d[i] >> v[i];\n        t[0] = 1;\n\n        for (int i = 1; i < n; i++) {\n            t[i] = t[i - 1] * d[i - 1] * v[i];\n            for (int j = 0; j < i; j++) t[j] *= d[i] * v[i - 1];\n            ll T = t[0];\n\n            for (int j = 1; j <= i; j++) T = gcd(T, t[j]);\n            for (int j = 0; j <= i; j++) t[j] /= T;\n        }\n\n        for (int i = 0; i < n; i++) cout << t[i] << endl;\n    }\n}')"
2025-02-24 21:29:53,826	[INFO]	0-7     COMPILE_CODE_ERROR    None (--) [1 edit(s)]  
2025-02-24 21:29:53,826	[DEBUG]	patch(0-7)="LineLLMMutation(('source.cpp', 6), '#include <iostream>\nusing namespace std;\n\ntypedef long long ll;\n\nint main() {\n    int n;\n    ll d[10], v[10], t[10];\n\n    for (;;) {\n        cin >> n;\n        if (!n) break;\n\n        for (int i = 0; i < n; i++) cin >> d[i] >> v[i];\n        t[0] = 1;\n\n        ll T = t[0];\n        for (int i = 1; i < n; i++) {\n            t[i] = t[i - 1] * d[i - 1] * v[i];\n            for (int j = 0; j < i; j++) t[j] *= d[i] * v[i - 1];\n            T = gcd(T, t[i]); // Update GCD in the same loop\n        }\n\n        for (int i = 0; i < n; i++) t[i] /= T; // Divide all by GCD\n\n        for (int i = 0; i < n; i++) cout << t[i] << endl;\n    }\n}')"
2025-02-24 21:29:55,550	[DEBUG]	EXEC>  SUCCESS 3166015.5
2025-02-24 21:29:55,550	[INFO]	0-8     SUCCESS               3166015.50 (101.30%) [1 edit(s)]  
2025-02-24 21:29:55,550	[DEBUG]	patch(0-8)="LineLLMMutation(('source.cpp', 7), '#include <iostream>\n#include <map>\nusing namespace std;\n\ntypedef long long ll;\nmap<pair<ll, ll>, ll> gcd_cache;\n\nll gcd(ll a, ll b) {\n    if (b == 0) return a;\n    if (gcd_cache.count({a, b})) return gcd_cache[{a, b}];\n    ll result = gcd(b, a % b);\n    gcd_cache[{a, b}] = result; // Cache result\n    return result;\n}\n\nint main() {\n    int n;\n    ll d[10], v[10], t[10];\n\n    for (;;) {\n        cin >> n;\n        if (!n) break;\n\n        for (int i = 0; i < n; i++) cin >> d[i] >> v[i];\n        t[0] = 1;\n\n        for (int i = 1; i < n; i++) {\n            t[i] = t[i - 1] * d[i - 1] * v[i];\n            for (int j = 0; j < i; j++) t[j] *= d[i] * v[i - 1];\n            ll T = t[0];\n\n            for (int j = 1; j <= i; j++) T = gcd(T, t[j]);\n            for (int j = 0; j <= i; j++) t[j] /= T;\n        }\n\n        for (int i = 0; i < n; i++) cout << t[i] << endl;\n    }\n}')"
2025-02-24 21:29:57,053	[INFO]	0-9     TEST_CODE_ERROR       None (--) [1 edit(s)]  
2025-02-24 21:29:57,053	[DEBUG]	patch(0-9)="LineLLMMutation(('source.cpp', 8), '#include <iostream>\nusing namespace std;\n\ntypedef long long ll;\n\nll gcd(ll a, ll b) {\n    while (b) {\n        ll temp = b;\n        b = a % b;\n        a = temp;\n    }\n    return a;\n}\n\nint main() {\n    int n;\n    ll d[10], v[10], t[10];\n\n    for (;;) {\n        cin >> n;\n        if (!n) break;\n\n        for (int i = 0; i < n; i++) cin >> d[i] >> v[i];\n        t[0] = 1;\n\n        for (int i = 1; i < n; i++) {\n            t[i] = t[i - 1] * d[i - 1] * v[i];\n            ll T = t[0];\n\n            for (int j = 1; j <= i; j++) T = gcd(T, t[j]);\n            t[i] /= T; // Divide only once\n        }\n\n        for (int i = 0; i < n; i++) cout << t[i] << endl;\n    }\n}')"
2025-02-24 21:29:58,721	[INFO]	0-10    TEST_CODE_ERROR       None (--) [1 edit(s)]  
2025-02-24 21:29:58,721	[DEBUG]	patch(0-10)="LineLLMMutation(('source.cpp', 9), '#include <iostream>\nusing namespace std;\n\ntypedef long long ll;\n\nll gcd(ll a, ll b) {\n    while (b) {\n        ll temp = b;\n        b = a % b;\n        a = temp;\n    }\n    return a;\n}\n\nint main() {\n    int n;\n    ll d[10], v[10];\n\n    for (;;) {\n        cin >> n;\n        if (!n) break;\n\n        for (int i = 0; i < n; i++) cin >> d[i] >> v[i];\n        ll T = 1;\n\n        for (int i = 1; i < n; i++) {\n            T *= d[i - 1] * v[i];\n            for (int j = 0; j < i; j++) {\n                ll cur_gcd = gcd(T, d[i] * v[i - 1]);\n                T /= cur_gcd; // Update T directly\n            }\n        }\n\n        cout << T << endl; // Output the final result directly\n    }\n}')"
2025-02-24 21:29:59,722	[INFO]	Step: 10
2025-02-24 21:29:59,722	[INFO]	Stop Steps: 50
2025-02-24 21:30:01,281	[DEBUG]	EXEC>  SUCCESS 3125426.5
2025-02-24 21:30:01,281	[INFO]	REF     SUCCESS               3125426.50 (--) [0 edit(s)]  
2025-02-24 21:30:01,282	[INFO]	Best patch: 4
2025-02-24 21:30:01,553	[DEBUG]	EXEC>  SUCCESS 3059965.0
2025-02-24 21:30:01,553	[INFO]	BEST    SUCCESS              *3059965.00 (97.91%) [0 edit(s)]  
2025-02-24 21:30:01,553	[INFO]	Best patch step: 4
2025-02-24 21:31:04,617	[INFO]	Step: 10
2025-02-24 21:31:04,618	[INFO]	Stop Steps: 50
2025-02-24 21:31:04,896	[DEBUG]	EXEC>  SUCCESS 3059965.5
2025-02-24 21:31:04,896	[INFO]	1-1     SUCCESS              +3059965.50 (97.91%) [1 edit(s)]  
2025-02-24 21:31:04,896	[DEBUG]	patch(1-1)="LineLLMMutation(('source.cpp', 4), '#include <cstdio>\nusing namespace std;\n\ntypedef long long ll;\n\nll gcd(ll a, ll b) {\n    while (b) {\n        ll temp = b;\n        b = a % b;\n        a = temp;\n    }\n    return a;\n}\n\nint main() {\n    int n;\n    ll d[10], v[10], t[10];\n\n    for (;;) {\n        scanf("%d", &n);\n        if (!n) break;\n\n        for (int i = 0; i < n; i++) scanf("%lld %lld", &d[i], &v[i]);\n        t[0] = 1;\n\n        for (int i = 1; i < n; i++) {\n            t[i] = t[i - 1] * d[i - 1] * v[i];\n            for (int j = 0; j < i; j++) t[j] *= d[i] * v[i - 1];\n            ll T = t[0];\n\n            for (int j = 1; j <= i; j++) T = gcd(T, t[j]);\n            for (int j = 0; j <= i; j++) t[j] /= T;\n        }\n\n        for (int i = 0; i < n; i++) printf("%lld\\n", t[i]);\n    }\n}')"
2025-02-24 21:31:04,897	[INFO]	Step: 11
2025-02-24 21:31:04,897	[INFO]	Stop Steps: 50
2025-02-24 21:31:05,169	[DEBUG]	EXEC>  SUCCESS 3059999.0
2025-02-24 21:31:05,170	[INFO]	1-2     SUCCESS               3059999.00 (97.91%) [1 edit(s)]  
2025-02-24 21:31:05,170	[DEBUG]	patch(1-2)="LineLLMMutation(('source.cpp', 0), '#include <cstdio>\nusing namespace std;\n\ntypedef long long ll;\n\nll gcd(ll a, ll b) {\n    return (!b) ? a : gcd(b, a % b);\n}\n\nint main() {\n    int n;\n    ll d[10], v[10], t[10];\n\n    for (;;) {\n        scanf("%d", &n);\n        if (!n) break;\n\n        for (int i = 0; i < n; i++) scanf("%lld %lld", &d[i], &v[i]);\n        t[0] = 1;\n\n        for (int i = 1; i < n; i++) {\n            t[i] = t[i - 1] * d[i - 1] * v[i];\n            for (int j = 0; j < i; j++) t[j] *= d[i] * v[i - 1];\n            ll T = t[0];\n\n            for (int j = 1; j <= i; j++) T = gcd(T, t[j]);\n            for (int j = 0; j <= i; j++) t[j] /= T;\n        }\n\n        for (int i = 0; i < n; i++) printf("%lld\\n", t[i]);\n    }\n}')"
2025-02-24 21:31:05,170	[INFO]	Step: 12
2025-02-24 21:31:05,170	[INFO]	Stop Steps: 50
2025-02-24 21:31:05,771	[DEBUG]	EXEC>  SUCCESS 3132440.5
2025-02-24 21:31:05,771	[INFO]	1-3     SUCCESS               3132440.50 (100.22%) [1 edit(s)]  
2025-02-24 21:31:05,771	[DEBUG]	patch(1-3)="LineLLMCrossover(('source.cpp', 0), '#include <iostream>\n#include <vector>\nusing namespace std;\n\ntypedef long long ll;\n\nll gcd(ll a, ll b) {\n    while (b) {\n        ll temp = b;\n        b = a % b;\n        a = temp;\n    }\n    return a;\n}\n\nint main() {\n    int n;\n    while (true) {\n        cin >> n;\n        if (!n) break;\n\n        vector<ll> d(n), v(n), t(n);\n        for (int i = 0; i < n; i++) cin >> d[i] >> v[i];\n        t[0] = 1;\n\n        for (int i = 1; i < n; i++) {\n            t[i] = t[i - 1] * d[i - 1] * v[i];\n            for (int j = 0; j < i; j++) t[j] *= d[i] * v[i - 1];\n            ll T = t[0];\n\n            for (int j = 1; j <= i; j++) T = gcd(T, t[j]);\n            for (int j = 0; j <= i; j++) t[j] /= T;\n        }\n\n        for (int i = 0; i < n; i++) cout << t[i] << endl;\n    }\n}')"
2025-02-24 21:31:05,771	[INFO]	Step: 13
2025-02-24 21:31:05,772	[INFO]	Stop Steps: 50
2025-02-24 21:31:05,953	[INFO]	1-4     COMPILE_CODE_ERROR    None (--) [1 edit(s)]  
2025-02-24 21:31:05,953	[DEBUG]	patch(1-4)="LineLLMCrossover(('source.cpp', 1), '#include <cstdio>\n#include <vector>\nusing namespace std;\n\ntypedef long long ll;\n\nll gcd(ll a, ll b) {\n    return (!b) ? a : gcd(b, a % b);\n}\n\nint main() {\n    int n;\n    while (true) {\n        cin >> n;\n        if (!n) break;\n\n        vector<ll> d(n), v(n), t(n);\n        for (int i = 0; i < n; i++) cin >> d[i] >> v[i];\n        t[0] = 1;\n\n        for (int i = 1; i < n; i++) {\n            t[i] = t[i - 1] * d[i - 1] * v[i];\n            for (int j = 0; j < i; j++) t[j] *= d[i] * v[i - 1];\n            ll T = t[0];\n\n            for (int j = 1; j <= i; j++) T = gcd(T, t[j]);\n            for (int j = 0; j <= i; j++) t[j] /= T;\n        }\n\n        for (int i = 0; i < n; i++) printf("%lld\\n", t[i]);\n    }\n}')"
2025-02-24 21:31:05,954	[INFO]	Step: 14
2025-02-24 21:31:05,954	[INFO]	Stop Steps: 50
2025-02-24 21:31:06,564	[DEBUG]	EXEC>  SUCCESS 3132440.5
2025-02-24 21:31:06,564	[INFO]	1-5     SUCCESS               3132440.50 (100.22%) [1 edit(s)]  
2025-02-24 21:31:06,564	[DEBUG]	patch(1-5)="LineLLMCrossover(('source.cpp', 2), '#include <iostream>\n#include <vector>\nusing namespace std;\n\ntypedef long long ll;\n\nll gcd(ll a, ll b) {\n    while (b) {\n        ll temp = b;\n        b = a % b;\n        a = temp;\n    }\n    return a;\n}\n\nint main() {\n    int n;\n    while (true) {\n        cin >> n;\n        if (!n) break;\n\n        vector<ll> d(n), v(n), t(n);\n        for (int i = 0; i < n; i++) cin >> d[i] >> v[i];\n        t[0] = 1;\n\n        for (int i = 1; i < n; i++) {\n            t[i] = t[i - 1] * d[i - 1] * v[i];\n            for (int j = 0; j < i; j++) t[j] *= d[i] * v[i - 1];\n            ll T = t[0];\n\n            for (int j = 1; j <= i; j++) T = gcd(T, t[j]);\n            for (int j = 0; j <= i; j++) t[j] /= T;\n        }\n\n        for (int i = 0; i < n; i++) cout << t[i] << endl;\n    }\n}')"
2025-02-24 21:31:06,564	[INFO]	Step: 15
2025-02-24 21:31:06,564	[INFO]	Stop Steps: 50
2025-02-24 21:31:06,953	[DEBUG]	EXEC>  SUCCESS 3068448.0
2025-02-24 21:31:06,954	[INFO]	1-6     SUCCESS               3068448.00 (98.18%) [1 edit(s)]  
2025-02-24 21:31:06,954	[DEBUG]	patch(1-6)="LineLLMCrossover(('source.cpp', 3), '#include <cstdio>\n#include <vector>\nusing namespace std;\n\ntypedef long long ll;\n\nll gcd(ll a, ll b) {\n    return (!b) ? a : gcd(b, a % b);\n}\n\nint main() {\n    int n;\n    while (true) {\n        scanf("%d", &n);\n        if (!n) break;\n\n        vector<ll> d(n), v(n), t(n);\n        for (int i = 0; i < n; i++) scanf("%lld %lld", &d[i], &v[i]);\n        t[0] = 1;\n\n        for (int i = 1; i < n; i++) {\n            t[i] = t[i - 1] * d[i - 1] * v[i];\n            for (int j = 0; j < i; j++) t[j] *= d[i] * v[i - 1];\n            ll T = t[0];\n\n            for (int j = 1; j <= i; j++) T = gcd(T, t[j]);\n            for (int j = 0; j <= i; j++) t[j] /= T;\n        }\n\n        for (int i = 0; i < n; i++) printf("%lld\\n", t[i]);\n    }\n}')"
2025-02-24 21:31:06,954	[INFO]	Step: 16
2025-02-24 21:31:06,954	[INFO]	Stop Steps: 50
2025-02-24 21:31:07,190	[INFO]	1-7     TEST_CODE_ERROR       None (--) [2 edit(s)]  
2025-02-24 21:31:07,190	[DEBUG]	patch(1-7)="LineLLMMutation(('source.cpp', 4), '#include <cstdio>\nusing namespace std;\n\ntypedef long long ll;\n\nll gcd(ll a, ll b) {\n    while (b) {\n        ll temp = b;\n        b = a % b;\n        a = temp;\n    }\n    return a;\n}\n\nint main() {\n    int n;\n    ll d[10], v[10], t[10];\n\n    for (;;) {\n        scanf("%d", &n);\n        if (!n) break;\n\n        for (int i = 0; i < n; i++) scanf("%lld %lld", &d[i], &v[i]);\n        t[0] = 1;\n\n        for (int i = 1; i < n; i++) {\n            t[i] = t[i - 1] * d[i - 1] * v[i];\n            for (int j = 0; j < i; j++) t[j] *= d[i] * v[i - 1];\n            ll T = t[0];\n\n            for (int j = 1; j <= i; j++) T = gcd(T, t[j]);\n            for (int j = 0; j <= i; j++) t[j] /= T;\n        }\n\n        for (int i = 0; i < n; i++) printf("%lld\\n", t[i]);\n    }\n}') | LineLLMMutation(('source.cpp', 10), '#include <cstdio>\nusing namespace std;\n\ntypedef long long ll;\n\nll gcd(ll a, ll b) {\n    while (b) {\n        ll temp = b;\n        b = a % b;\n        a = temp;\n    }\n    return a;\n}\n\nint main() {\n    int n;\n    ll d[10], v[10], t[10];\n\n    for (;;) {\n        scanf("%d", &n);\n        if (!n) break;\n\n        for (int i = 0; i < n; i++) scanf("%lld %lld", &d[i], &v[i]);\n        t[0] = 1;\n\n        ll current_product = 1; // To store the cumulative product\n        for (int i = 1; i < n; i++) {\n            current_product *= d[i - 1] * v[i];\n            t[i] = current_product;\n        }\n\n        ll T = t[0];\n        for (int i = 1; i < n; i++) {\n            T = gcd(T, t[i]);\n        }\n\n        for (int i = 0; i < n; i++) {\n            t[i] /= T; // Simplify the results in a single loop\n            printf("%lld\\n", t[i]);\n        }\n    }\n}')"
2025-02-24 21:31:07,190	[INFO]	Step: 17
2025-02-24 21:31:07,190	[INFO]	Stop Steps: 50
2025-02-24 21:31:07,468	[DEBUG]	EXEC>  SUCCESS 3059908.0
2025-02-24 21:31:07,468	[INFO]	1-8     SUCCESS              *3059908.00 (97.90%) [2 edit(s)]  
2025-02-24 21:31:07,468	[DEBUG]	patch(1-8)="LineLLMMutation(('source.cpp', 0), '#include <cstdio>\nusing namespace std;\n\ntypedef long long ll;\n\nll gcd(ll a, ll b) {\n    return (!b) ? a : gcd(b, a % b);\n}\n\nint main() {\n    int n;\n    ll d[10], v[10], t[10];\n\n    for (;;) {\n        scanf("%d", &n);\n        if (!n) break;\n\n        for (int i = 0; i < n; i++) scanf("%lld %lld", &d[i], &v[i]);\n        t[0] = 1;\n\n        for (int i = 1; i < n; i++) {\n            t[i] = t[i - 1] * d[i - 1] * v[i];\n            for (int j = 0; j < i; j++) t[j] *= d[i] * v[i - 1];\n            ll T = t[0];\n\n            for (int j = 1; j <= i; j++) T = gcd(T, t[j]);\n            for (int j = 0; j <= i; j++) t[j] /= T;\n        }\n\n        for (int i = 0; i < n; i++) printf("%lld\\n", t[i]);\n    }\n}') | LineLLMMutation(('source.cpp', 11), '#include <cstdio>\nusing namespace std;\n\ntypedef long long ll;\n\nll gcd(ll a, ll b) {\n    return (!b) ? a : gcd(b, a % b);\n}\n\nint main() {\n    int n;\n    ll d[10], v[10], t[10];\n\n    for (;;) {\n        scanf("%d", &n);\n        if (!n) break;\n\n        for (int i = 0; i < n; i++) scanf("%lld %lld", &d[i], &v[i]);\n        t[0] = 1;\n\n        for (int i = 1; i < n; i++) {\n            t[i] = t[i - 1] * d[i - 1] * v[i];\n            ll factor = d[i] * v[i - 1];\n            for (int j = 0; j < i; j++) t[j] *= factor;\n\n            ll T = t[0];\n            for (int j = 1; j <= i; j++) T = gcd(T, t[j]);\n            for (int j = 0; j <= i; j++) t[j] /= T;\n        }\n\n        for (int i = 0; i < n; i++) printf("%lld\\n", t[i]);\n    }\n}')"

2025-02-24 21:31:07,468	[INFO]	Step: 18
2025-02-24 21:31:07,468	[INFO]	Stop Steps: 50
2025-02-24 21:31:07,973	[INFO]	1-9     TEST_CODE_ERROR       None (--) [2 edit(s)]  
2025-02-24 21:31:07,973	[DEBUG]	patch(1-9)="LineLLMMutation(('source.cpp', 2), '#include <iostream>\nusing namespace std;\n\ntypedef long long ll;\n\nll gcd(ll a, ll b) {\n    while (b) {\n        ll temp = b;\n        b = a % b;\n        a = temp;\n    }\n    return a;\n}\n\nint main() {\n    int n;\n    ll d[10], v[10], t[10];\n\n    for (;;) {\n        cin >> n;\n        if (!n) break;\n\n        for (int i = 0; i < n; i++) cin >> d[i] >> v[i];\n        t[0] = 1;\n\n        for (int i = 1; i < n; i++) {\n            t[i] = t[i - 1] * d[i - 1] * v[i];\n            for (int j = 0; j < i; j++) t[j] *= d[i] * v[i - 1];\n            ll T = t[0];\n\n            for (int j = 1; j <= i; j++) T = gcd(T, t[j]);\n            for (int j = 0; j <= i; j++) t[j] /= T;\n        }\n\n        for (int i = 0; i < n; i++) cout << t[i] << endl;\n    }\n}') | LineLLMMutation(('source.cpp', 12), '#include <iostream>\nusing namespace std;\n\ntypedef long long ll;\n\nll gcd(ll a, ll b) {\n    while (b) {\n        ll temp = b;\n        b = a % b;\n        a = temp;\n    }\n    return a;\n}\n\nint main() {\n    int n;\n    ll d[10], v[10], t[10];\n\n    for (;;) {\n        cin >> n;\n        if (!n) break;\n\n        for (int i = 0; i < n; i++) cin >> d[i] >> v[i];\n        t[0] = 1;\n\n        for (int i = 1; i < n; i++) {\n            t[i] = t[i - 1] * d[i - 1] * v[i];\n            ll current_gcd = t[0];\n\n            for (int j = 1; j < i; j++) {\n                t[j] *= d[i] * v[i - 1];\n                current_gcd = gcd(current_gcd, t[j]);\n            }\n            current_gcd = gcd(current_gcd, t[0]); // include the first element\n\n            for (int j = 0; j <= i; j++) t[j] /= current_gcd;\n        }\n\n        for (int i = 0; i < n; i++) cout << t[i] << endl;\n    }\n}')"
2025-02-24 21:31:07,974	[INFO]	Step: 19
2025-02-24 21:31:07,974	[INFO]	Stop Steps: 50
2025-02-24 21:31:08,592	[DEBUG]	EXEC>  SUCCESS 3132429.5
2025-02-24 21:31:08,592	[INFO]	1-10    SUCCESS               3132429.50 (100.22%) [2 edit(s)]  
2025-02-24 21:31:08,593	[DEBUG]	patch(1-10)="LineLLMMutation(('source.cpp', 1), '#include <iostream>\n#include <vector>\nusing namespace std;\n\ntypedef long long ll;\n\nll gcd(ll a, ll b) {\n    return (!b) ? a : gcd(b, a % b);\n}\n\nint main() {\n    int n;\n    while (true) {\n        cin >> n;\n        if (!n) break;\n\n        vector<ll> d(n), v(n), t(n);\n        for (int i = 0; i < n; i++) cin >> d[i] >> v[i];\n        t[0] = 1;\n\n        for (int i = 1; i < n; i++) {\n            t[i] = t[i - 1] * d[i - 1] * v[i];\n            for (int j = 0; j < i; j++) t[j] *= d[i] * v[i - 1];\n            ll T = t[0];\n\n            for (int j = 1; j <= i; j++) T = gcd(T, t[j]);\n            for (int j = 0; j <= i; j++) t[j] /= T;\n        }\n\n        for (int i = 0; i < n; i++) cout << t[i] << endl;\n    }\n}') | LineLLMMutation(('source.cpp', 13), '#include <iostream>\n#include <vector>\n#include <numeric>  // For std::gcd\nusing namespace std;\n\ntypedef long long ll;\n\nll gcd(ll a, ll b) {\n    return (!b) ? a : gcd(b, a % b);\n}\n\nint main() {\n    int n;\n    while (true) {\n        cin >> n;\n        if (!n) break;\n\n        vector<ll> d(n), v(n), t(n);\n        for (int i = 0; i < n; i++) cin >> d[i] >> v[i];\n        t[0] = 1;\n\n        for (int i = 1; i < n; i++) {\n            t[i] = t[i - 1] * d[i - 1] * v[i];\n            ll current_dv = d[i] * v[i - 1]; // Store calculation to avoid redundancy\n            for (int j = 0; j < i; j++) t[j] *= current_dv; // Use pre-computed value\n            ll T = t[0];\n\n            for (int j = 1; j <= i; j++) T = gcd(T, t[j]);\n            for (int j = 0; j <= i; j++) t[j] /= T;\n        }\n\n        for (int i = 0; i < n; i++) cout << t[i] << endl;\n    }\n}')"
2025-02-24 21:31:08,593	[INFO]	Step: 20
2025-02-24 21:31:08,593	[INFO]	Stop Steps: 50
2025-02-24 21:31:08,864	[DEBUG]	EXEC>  SUCCESS 3059908.5
2025-02-24 21:31:08,864	[INFO]	1-1     SUCCESS               3059908.50 (97.90%) [1 edit(s)]  
2025-02-24 21:31:08,864	[DEBUG]	patch(1-1)="LineLLMMutation(('source.cpp', 14), '#include <cstdio>\n\nusing namespace std;\n\ntypedef long long ll;\n\nll gcd(ll a, ll b) {\n    return (!b) ? a : gcd(b, a % b);\n}\n\nint main() {\n    int n;\n    ll d[10], v[10], t[10];\n\n    for (;;) {\n        scanf("%d", &n);\n        if (!n) break;\n\n        for (int i = 0; i < n; i++) scanf("%lld %lld", &d[i], &v[i]);\n        t[0] = 1;\n        for (int i = 1; i < n; i++) {\n            t[i] = t[i - 1] * d[i - 1] * v[i];\n            for (int j = 0; j < i; j++) t[j] *= d[i] * v[i - 1];\n            ll T = t[0];\n            for (int j = 1; j <= i; j++) T = gcd(T, t[j]);\n            for (int j = 0; j <= i; j++) t[j] /= T;\n        }\n\n        for (int i = 0; i < n; i++) printf("%lld\\n", t[i]);\n    }\n}')"
2025-02-24 21:31:08,864	[INFO]	Step: 21
2025-02-24 21:31:08,864	[INFO]	Stop Steps: 50
2025-02-24 21:31:10,410	[DEBUG]	EXEC>  SUCCESS 3125425.5
2025-02-24 21:31:10,410	[INFO]	REF     SUCCESS               3125425.50 (--) [0 edit(s)]  
2025-02-24 21:31:10,411	[INFO]	Best patch: 0_11
2025-02-24 21:31:10,703	[DEBUG]	EXEC>  SUCCESS 3059999.0
2025-02-24 21:31:10,704	[INFO]	BEST    SUCCESS              *3059999.00 (97.91%) [0 edit(s)]  
2025-02-24 21:31:10,704	[INFO]	Best patch step: 17
2025-02-24 21:32:15,094	[INFO]	Step: 21
2025-02-24 21:32:15,094	[INFO]	Stop Steps: 50
2025-02-24 21:32:15,384	[DEBUG]	EXEC>  SUCCESS 3059907.5
2025-02-24 21:32:15,384	[INFO]	2-2     SUCCESS              *3059907.50 (97.90%) [2 edit(s)]  
2025-02-24 21:32:15,384	[DEBUG]	patch(2-2)="LineLLMMutation(('source.cpp', 0), '#include <cstdio>\nusing namespace std;\n\ntypedef long long ll;\n\nll gcd(ll a, ll b) {\n    return (!b) ? a : gcd(b, a % b);\n}\n\nint main() {\n    int n;\n    ll d[10], v[10], t[10];\n\n    for (;;) {\n        scanf("%d", &n);\n        if (!n) break;\n\n        for (int i = 0; i < n; i++) scanf("%lld %lld", &d[i], &v[i]);\n        t[0] = 1;\n\n        for (int i = 1; i < n; i++) {\n            t[i] = t[i - 1] * d[i - 1] * v[i];\n            for (int j = 0; j < i; j++) t[j] *= d[i] * v[i - 1];\n            ll T = t[0];\n\n            for (int j = 1; j <= i; j++) T = gcd(T, t[j]);\n            for (int j = 0; j <= i; j++) t[j] /= T;\n        }\n\n        for (int i = 0; i < n; i++) printf("%lld\\n", t[i]);\n    }\n}') | LineLLMMutation(('source.cpp', 11), '#include <cstdio>\nusing namespace std;\n\ntypedef long long ll;\n\nll gcd(ll a, ll b) {\n    return (!b) ? a : gcd(b, a % b);\n}\n\nint main() {\n    int n;\n    ll d[10], v[10], t[10];\n\n    for (;;) {\n        scanf("%d", &n);\n        if (!n) break;\n\n        for (int i = 0; i < n; i++) scanf("%lld %lld", &d[i], &v[i]);\n        t[0] = 1;\n\n        for (int i = 1; i < n; i++) {\n            t[i] = t[i - 1] * d[i - 1] * v[i];\n            ll factor = d[i] * v[i - 1];\n            for (int j = 0; j < i; j++) t[j] *= factor;\n\n            ll T = t[0];\n            for (int j = 1; j <= i; j++) T = gcd(T, t[j]);\n            for (int j = 0; j <= i; j++) t[j] /= T;\n        }\n\n        for (int i = 0; i < n; i++) printf("%lld\\n", t[i]);\n    }\n}')"

2025-02-24 21:32:15,384	[INFO]	Step: 22
2025-02-24 21:32:15,385	[INFO]	Stop Steps: 50
2025-02-24 21:32:15,657	[DEBUG]	EXEC>  SUCCESS 3059908.5
2025-02-24 21:32:15,657	[INFO]	2-3     SUCCESS               3059908.50 (97.90%) [1 edit(s)]  
2025-02-24 21:32:15,657	[DEBUG]	patch(2-3)="LineLLMMutation(('source.cpp', 14), '#include <cstdio>\n\nusing namespace std;\n\ntypedef long long ll;\n\nll gcd(ll a, ll b) {\n    return (!b) ? a : gcd(b, a % b);\n}\n\nint main() {\n    int n;\n    ll d[10], v[10], t[10];\n\n    for (;;) {\n        scanf("%d", &n);\n        if (!n) break;\n\n        for (int i = 0; i < n; i++) scanf("%lld %lld", &d[i], &v[i]);\n        t[0] = 1;\n        for (int i = 1; i < n; i++) {\n            t[i] = t[i - 1] * d[i - 1] * v[i];\n            for (int j = 0; j < i; j++) t[j] *= d[i] * v[i - 1];\n            ll T = t[0];\n            for (int j = 1; j <= i; j++) T = gcd(T, t[j]);\n            for (int j = 0; j <= i; j++) t[j] /= T;\n        }\n\n        for (int i = 0; i < n; i++) printf("%lld\\n", t[i]);\n    }\n}')"
2025-02-24 21:32:15,657	[INFO]	Step: 23
2025-02-24 21:32:15,657	[INFO]	Stop Steps: 50
2025-02-24 21:32:15,928	[DEBUG]	EXEC>  SUCCESS 3059966.0
2025-02-24 21:32:15,929	[INFO]	2-4     SUCCESS               3059966.00 (97.91%) [1 edit(s)]  
2025-02-24 21:32:15,929	[DEBUG]	patch(2-4)="LineLLMCrossover(('source.cpp', 4), '#include <cstdio>\nusing namespace std;\n\ntypedef long long ll;\n\nll gcd(ll a, ll b) {\n    while (b) {\n        ll temp = b;\n        b = a % b;\n        a = temp;\n    }\n    return a;\n}\n\nint main() {\n    int n;\n    ll d[10], v[10], t[10];\n\n    for (;;) {\n        scanf("%d", &n);\n        if (!n) break;\n\n        for (int i = 0; i < n; i++) scanf("%lld %lld", &d[i], &v[i]);\n        t[0] = 1;\n\n        for (int i = 1; i < n; i++) {\n            t[i] = t[i - 1] * d[i - 1] * v[i];\n            ll factor = d[i] * v[i - 1];\n            for (int j = 0; j < i; j++) t[j] *= factor;\n\n            ll T = t[0];\n            for (int j = 1; j <= i; j++) T = gcd(T, t[j]);\n            for (int j = 0; j <= i; j++) t[j] /= T;\n        }\n\n        for (int i = 0; i < n; i++) printf("%lld\\n", t[i]);\n    }\n}')"
2025-02-24 21:32:15,929	[INFO]	Step: 24
2025-02-24 21:32:15,929	[INFO]	Stop Steps: 50
2025-02-24 21:32:16,201	[DEBUG]	EXEC>  SUCCESS 3059909.0
2025-02-24 21:32:16,201	[INFO]	2-5     SUCCESS               3059909.00 (97.90%) [1 edit(s)]  
2025-02-24 21:32:16,201	[DEBUG]	patch(2-5)="LineLLMCrossover(('source.cpp', 5), '#include <cstdio>\nusing namespace std;\n\ntypedef long long ll;\n\nll gcd(ll a, ll b) {\n    return (!b) ? a : gcd(b, a % b);\n}\n\nint main() {\n    int n;\n    ll d[10], v[10], t[10];\n\n    for (;;) {\n        scanf("%d", &n);\n        if (!n) break;\n\n        for (int i = 0; i < n; i++) scanf("%lld %lld", &d[i], &v[i]);\n        t[0] = 1;\n\n        for (int i = 1; i < n; i++) {\n            t[i] = t[i - 1] * d[i - 1] * v[i];\n            for (int j = 0; j < i; j++) t[j] *= d[i] * v[i - 1];\n            ll T = t[0];\n            for (int j = 1; j <= i; j++) T = gcd(T, t[j]);\n            for (int j = 0; j <= i; j++) t[j] /= T;\n        }\n\n        for (int i = 0; i < n; i++) printf("%lld\\n", t[i]);\n    }\n}')"
2025-02-24 21:32:16,201	[INFO]	Step: 25
2025-02-24 21:32:16,201	[INFO]	Stop Steps: 50
2025-02-24 21:32:16,497	[DEBUG]	EXEC>  SUCCESS 3059910.0
2025-02-24 21:32:16,497	[INFO]	2-6     SUCCESS               3059910.00 (97.90%) [1 edit(s)]  
2025-02-24 21:32:16,497	[DEBUG]	patch(2-6)="LineLLMCrossover(('source.cpp', 6), '#include <cstdio>\nusing namespace std;\n\ntypedef long long ll;\n\nll gcd(ll a, ll b) {\n    return (!b) ? a : gcd(b, a % b);\n}\n\nint main() {\n    int n;\n    ll d[10], v[10], t[10];\n\n    for (;;) {\n        scanf("%d", &n);\n        if (!n) break;\n\n        for (int i = 0; i < n; i++) scanf("%lld %lld", &d[i], &v[i]);\n        t[0] = 1;\n\n        for (int i = 1; i < n; i++) {\n            t[i] = t[i - 1] * d[i - 1] * v[i];\n            for (int j = 0; j < i; j++) t[j] *= d[i] * v[i - 1];\n            ll T = t[0];\n            for (int j = 1; j <= i; j++) T = gcd(T, t[j]);\n            for (int j = 0; j <= i; j++) t[j] /= T;\n        }\n\n        for (int i = 0; i < n; i++) printf("%lld\\n", t[i]);\n    }\n}')"
2025-02-24 21:32:16,497	[INFO]	Step: 26
2025-02-24 21:32:16,497	[INFO]	Stop Steps: 50
2025-02-24 21:32:16,771	[DEBUG]	EXEC>  SUCCESS 3059963.5
2025-02-24 21:32:16,772	[INFO]	2-7     SUCCESS               3059963.50 (97.91%) [1 edit(s)]  
2025-02-24 21:32:16,772	[DEBUG]	patch(2-7)="LineLLMCrossover(('source.cpp', 7), '#include <cstdio>\nusing namespace std;\n\ntypedef long long ll;\n\nll gcd(ll a, ll b) {\n    while (b) {\n        ll temp = b;\n        b = a % b;\n        a = temp;\n    }\n    return a;\n}\n\nint main() {\n    int n;\n    ll d[10], v[10], t[10];\n\n    for (;;) {\n        scanf("%d", &n);\n        if (!n) break;\n\n        for (int i = 0; i < n; i++) scanf("%lld %lld", &d[i], &v[i]);\n        t[0] = 1;\n\n        for (int i = 1; i < n; i++) {\n            t[i] = t[i - 1] * d[i - 1] * v[i];\n            for (int j = 0; j < i; j++) t[j] *= d[i] * v[i - 1];\n            ll T = t[0];\n            for (int j = 1; j <= i; j++) T = gcd(T, t[j]);\n            for (int j = 0; j <= i; j++) t[j] /= T;\n        }\n\n        for (int i = 0; i < n; i++) printf("%lld\\n", t[i]);\n    }\n}')"
2025-02-24 21:32:16,772	[INFO]	Step: 27
2025-02-24 21:32:16,772	[INFO]	Stop Steps: 50
2025-02-24 21:32:17,044	[DEBUG]	EXEC>  SUCCESS 3059875.5
2025-02-24 21:32:17,044	[INFO]	2-8     SUCCESS              *3059875.50 (97.90%) [3 edit(s)]  
2025-02-24 21:32:17,044	[DEBUG]	patch(2-8)="LineLLMMutation(('source.cpp', 0), '#include <cstdio>\nusing namespace std;\n\ntypedef long long ll;\n\nll gcd(ll a, ll b) {\n    return (!b) ? a : gcd(b, a % b);\n}\n\nint main() {\n    int n;\n    ll d[10], v[10], t[10];\n\n    for (;;) {\n        scanf("%d", &n);\n        if (!n) break;\n\n        for (int i = 0; i < n; i++) scanf("%lld %lld", &d[i], &v[i]);\n        t[0] = 1;\n\n        for (int i = 1; i < n; i++) {\n            t[i] = t[i - 1] * d[i - 1] * v[i];\n            for (int j = 0; j < i; j++) t[j] *= d[i] * v[i - 1];\n            ll T = t[0];\n\n            for (int j = 1; j <= i; j++) T = gcd(T, t[j]);\n            for (int j = 0; j <= i; j++) t[j] /= T;\n        }\n\n        for (int i = 0; i < n; i++) printf("%lld\\n", t[i]);\n    }\n}') | LineLLMMutation(('source.cpp', 11), '#include <cstdio>\nusing namespace std;\n\ntypedef long long ll;\n\nll gcd(ll a, ll b) {\n    return (!b) ? a : gcd(b, a % b);\n}\n\nint main() {\n    int n;\n    ll d[10], v[10], t[10];\n\n    for (;;) {\n        scanf("%d", &n);\n        if (!n) break;\n\n        for (int i = 0; i < n; i++) scanf("%lld %lld", &d[i], &v[i]);\n        t[0] = 1;\n\n        for (int i = 1; i < n; i++) {\n            t[i] = t[i - 1] * d[i - 1] * v[i];\n            ll factor = d[i] * v[i - 1];\n            for (int j = 0; j < i; j++) t[j] *= factor;\n\n            ll T = t[0];\n            for (int j = 1; j <= i; j++) T = gcd(T, t[j]);\n            for (int j = 0; j <= i; j++) t[j] /= T;\n        }\n\n        for (int i = 0; i < n; i++) printf("%lld\\n", t[i]);\n    }\n}') | LineLLMMutation(('source.cpp', 15), '#include <cstdio>\nusing namespace std;\n\ntypedef long long ll;\n\nll gcd(ll a, ll b) {\n    while (b) {\n        ll temp = b;\n        b = a % b;\n        a = temp;\n    }\n    return a;\n}\n\nint main() {\n    int n;\n    ll d[10], v[10], t[10];\n\n    for (;;) {\n        scanf("%d", &n);\n        if (!n) break;\n\n        for (int i = 0; i < n; i++) scanf("%lld %lld", &d[i], &v[i]);\n        t[0] = 1;\n\n        for (int i = 1; i < n; i++) {\n            t[i] = t[i - 1] * d[i - 1] * v[i];\n            ll factor = d[i] * v[i - 1];\n\n            for (int j = 0; j < i; j++) {\n                t[j] *= factor; // Removed redundant multiplication\n            }\n\n            ll T = t[0];\n            for (int j = 1; j <= i; j++) {\n                T = gcd(T, t[j]);\n            }\n            for (int j = 0; j <= i; j++) {\n                t[j] /= T;\n            }\n        }\n\n        for (int i = 0; i < n; i++) printf("%lld\\n", t[i]);\n    }\n}')"

2025-02-24 21:32:17,044	[INFO]	Step: 28
2025-02-24 21:32:17,044	[INFO]	Stop Steps: 50
2025-02-24 21:32:17,325	[INFO]	2-9     TEST_CODE_ERROR       None (--) [2 edit(s)]  
2025-02-24 21:32:17,326	[DEBUG]	patch(2-9)="LineLLMMutation(('source.cpp', 14), '#include <cstdio>\n\nusing namespace std;\n\ntypedef long long ll;\n\nll gcd(ll a, ll b) {\n    return (!b) ? a : gcd(b, a % b);\n}\n\nint main() {\n    int n;\n    ll d[10], v[10], t[10];\n\n    for (;;) {\n        scanf("%d", &n);\n        if (!n) break;\n\n        for (int i = 0; i < n; i++) scanf("%lld %lld", &d[i], &v[i]);\n        t[0] = 1;\n        for (int i = 1; i < n; i++) {\n            t[i] = t[i - 1] * d[i - 1] * v[i];\n            for (int j = 0; j < i; j++) t[j] *= d[i] * v[i - 1];\n            ll T = t[0];\n            for (int j = 1; j <= i; j++) T = gcd(T, t[j]);\n            for (int j = 0; j <= i; j++) t[j] /= T;\n        }\n\n        for (int i = 0; i < n; i++) printf("%lld\\n", t[i]);\n    }\n}') | LineLLMMutation(('source.cpp', 16), '#include <cstdio>\n#include <numeric> // For std::gcd\n\nusing namespace std;\n\ntypedef long long ll;\n\nint main() {\n    int n;\n    ll d[10], v[10], t[10];\n\n    for (;;) {\n        scanf("%d", &n);\n        if (!n) break;\n\n        for (int i = 0; i < n; i++) scanf("%lld %lld", &d[i], &v[i]);\n        t[0] = 1;\n        for (int i = 1; i < n; i++) {\n            t[i] = t[i - 1] * d[i - 1] * v[i];\n        }\n\n        for (int i = 1; i < n; i++) {\n            ll T = t[0];\n            for (int j = 1; j <= i; j++) {\n                T = gcd(T, t[j]);\n            }\n            for (int j = 0; j <= i; j++) {\n                t[j] /= T;\n            }\n        }\n\n        for (int i = 0; i < n; i++) printf("%lld\\n", t[i]);\n    }\n}')"
2025-02-24 21:32:17,326	[INFO]	Step: 29
2025-02-24 21:32:17,326	[INFO]	Stop Steps: 50
2025-02-24 21:32:17,567	[INFO]	2-10    TEST_CODE_ERROR       None (--) [2 edit(s)]  
2025-02-24 21:32:17,567	[DEBUG]	patch(2-10)="LineLLMMutation(('source.cpp', 4), '#include <cstdio>\nusing namespace std;\n\ntypedef long long ll;\n\nll gcd(ll a, ll b) {\n    while (b) {\n        ll temp = b;\n        b = a % b;\n        a = temp;\n    }\n    return a;\n}\n\nint main() {\n    int n;\n    ll d[10], v[10], t[10];\n\n    for (;;) {\n        scanf("%d", &n);\n        if (!n) break;\n\n        for (int i = 0; i < n; i++) scanf("%lld %lld", &d[i], &v[i]);\n        t[0] = 1;\n\n        for (int i = 1; i < n; i++) {\n            t[i] = t[i - 1] * d[i - 1] * v[i];\n            for (int j = 0; j < i; j++) t[j] *= d[i] * v[i - 1];\n            ll T = t[0];\n\n            for (int j = 1; j <= i; j++) T = gcd(T, t[j]);\n            for (int j = 0; j <= i; j++) t[j] /= T;\n        }\n\n        for (int i = 0; i < n; i++) printf("%lld\\n", t[i]);\n    }\n}') | LineLLMMutation(('source.cpp', 17), '#include <cstdio>\nusing namespace std;\n\ntypedef long long ll;\n\nll gcd(ll a, ll b) {\n    while (b) {\n        ll temp = b;\n        b = a % b;\n        a = temp;\n    }\n    return a;\n}\n\nint main() {\n    int n;\n    ll d[10], v[10], t[10];\n\n    for (;;) {\n        scanf("%d", &n);\n        if (!n) break;\n\n        for (int i = 0; i < n; i++) scanf("%lld %lld", &d[i], &v[i]);\n        t[0] = 1;\n\n        for (int i = 1; i < n; i++) {\n            t[i] = t[i - 1] * d[i - 1] * v[i];\n            // Reducing the inner loop by calculating gcd in a single iteration\n            ll T = t[0];\n            for (int j = 1; j <= i; j++) {\n                t[j] *= d[i] * v[i - 1];\n                T = gcd(T, t[j]);\n            }\n            // Dividing by T only once after the inner loop\n            for (int j = 0; j <= i; j++) t[j] /= T;\n        }\n\n        for (int i = 0; i < n; i++) printf("%lld\\n", t[i]);\n    }\n}')"
2025-02-24 21:32:17,567	[INFO]	Step: 30
2025-02-24 21:32:17,567	[INFO]	Stop Steps: 50
2025-02-24 21:32:17,813	[INFO]	2-1     TEST_CODE_ERROR       None (--) [2 edit(s)]  
2025-02-24 21:32:17,814	[DEBUG]	patch(2-1)="LineLLMMutation(('source.cpp', 0), '#include <cstdio>\nusing namespace std;\n\ntypedef long long ll;\n\nll gcd(ll a, ll b) {\n    return (!b) ? a : gcd(b, a % b);\n}\n\nint main() {\n    int n;\n    ll d[10], v[10], t[10];\n\n    for (;;) {\n        scanf("%d", &n);\n        if (!n) break;\n\n        for (int i = 0; i < n; i++) scanf("%lld %lld", &d[i], &v[i]);\n        t[0] = 1;\n\n        for (int i = 1; i < n; i++) {\n            t[i] = t[i - 1] * d[i - 1] * v[i];\n            for (int j = 0; j < i; j++) t[j] *= d[i] * v[i - 1];\n            ll T = t[0];\n\n            for (int j = 1; j <= i; j++) T = gcd(T, t[j]);\n            for (int j = 0; j <= i; j++) t[j] /= T;\n        }\n\n        for (int i = 0; i < n; i++) printf("%lld\\n", t[i]);\n    }\n}') | LineLLMMutation(('source.cpp', 18), '#include <cstdio>\nusing namespace std;\n\ntypedef long long ll;\n\nll gcd(ll a, ll b) {\n    return (!b) ? a : gcd(b, a % b);\n}\n\nint main() {\n    int n;\n    ll d[10], v[10], t[10];\n\n    for (;;) {\n        scanf("%d", &n);\n        if (!n) break;\n\n        for (int i = 0; i < n; i++) scanf("%lld %lld", &d[i], &v[i]);\n        t[0] = 1;\n\n        for (int i = 1; i < n; i++) {\n            t[i] = t[i - 1] * d[i - 1] * v[i];\n            ll current_gcd = t[0];\n\n            // Update t[j] directly without a nested loop\n            for (int j = 0; j < i; j++) {\n                t[j] = t[j] * d[i] * v[i - 1] / current_gcd; // Calculate and divide in one go\n                current_gcd = gcd(current_gcd, t[j]); // Update gcd\n            }\n            for (int j = 0; j <= i; j++) t[j] /= current_gcd; // Normalize t[j] by gcd\n        }\n\n        for (int i = 0; i < n; i++) printf("%lld\\n", t[i]);\n    }\n}')"
2025-02-24 21:32:17,814	[INFO]	Step: 31
2025-02-24 21:32:17,814	[INFO]	Stop Steps: 50
2025-02-24 21:32:18,372	[DEBUG]	EXEC>  SUCCESS 3125516.0
2025-02-24 21:32:18,372	[INFO]	2-2     SUCCESS               3125516.00 (100.00%) [1 edit(s)]  
2025-02-24 21:32:18,372	[DEBUG]	patch(2-2)="LineLLMMutation(('source.cpp', 19), '#include<iostream>\n\nusing namespace std;\n\ntypedef long long ll;\n\nll gcd(ll a,ll b){\n  return (!b)?a:gcd(b,a%b);\n}\n\nint main(){\n  int n;\n  ll d[10],v[10],t[10];\n\n  for(;;){\n    cin >> n;\n    if(!n)break;\n\n    for(int i=0;i<n;i++)cin >> d[i] >> v[i];\n    t[0] = 1;\n\n    for(int i=1;i<n;i++){\n      t[i] = t[i-1]*d[i-1]*v[i];\n      for(int j=0;j<i;j++)t[j] *= d[i]*v[i-1];\n      ll T = t[0];\n      for(int j=1;j<=i;j++)T = gcd(T,t[j]);\n      for(int j=0;j<=i;j++)t[j]/=T;\n    }\n\n    for(int i=0;i<n;i++)cout << t[i] << endl;\n  }\n}')"
2025-02-24 21:32:18,372	[INFO]	Step: 32
2025-02-24 21:32:18,373	[INFO]	Stop Steps: 50
2025-02-24 21:32:19,933	[DEBUG]	EXEC>  SUCCESS 3125516.5
2025-02-24 21:32:19,933	[INFO]	REF     SUCCESS               3125516.50 (--) [0 edit(s)]  
2025-02-24 21:32:19,933	[INFO]	Best patch: 0_11_15
2025-02-24 21:32:20,206	[DEBUG]	EXEC>  SUCCESS 3059967.0
2025-02-24 21:32:20,206	[INFO]	BEST    SUCCESS              *3059967.00 (97.90%) [0 edit(s)]  
2025-02-24 21:32:20,206	[INFO]	Best patch step: 27
2025-02-24 21:33:31,512	[INFO]	Step: 32
2025-02-24 21:33:31,512	[INFO]	Stop Steps: 50
2025-02-24 21:33:31,798	[DEBUG]	EXEC>  SUCCESS 3059875.5
2025-02-24 21:33:31,798	[INFO]	3-3     SUCCESS              *3059875.50 (97.90%) [3 edit(s)]  
2025-02-24 21:33:31,799	[DEBUG]	patch(3-3)="LineLLMMutation(('source.cpp', 0), '#include <cstdio>\nusing namespace std;\n\ntypedef long long ll;\n\nll gcd(ll a, ll b) {\n    return (!b) ? a : gcd(b, a % b);\n}\n\nint main() {\n    int n;\n    ll d[10], v[10], t[10];\n\n    for (;;) {\n        scanf("%d", &n);\n        if (!n) break;\n\n        for (int i = 0; i < n; i++) scanf("%lld %lld", &d[i], &v[i]);\n        t[0] = 1;\n\n        for (int i = 1; i < n; i++) {\n            t[i] = t[i - 1] * d[i - 1] * v[i];\n            for (int j = 0; j < i; j++) t[j] *= d[i] * v[i - 1];\n            ll T = t[0];\n\n            for (int j = 1; j <= i; j++) T = gcd(T, t[j]);\n            for (int j = 0; j <= i; j++) t[j] /= T;\n        }\n\n        for (int i = 0; i < n; i++) printf("%lld\\n", t[i]);\n    }\n}') | LineLLMMutation(('source.cpp', 11), '#include <cstdio>\nusing namespace std;\n\ntypedef long long ll;\n\nll gcd(ll a, ll b) {\n    return (!b) ? a : gcd(b, a % b);\n}\n\nint main() {\n    int n;\n    ll d[10], v[10], t[10];\n\n    for (;;) {\n        scanf("%d", &n);\n        if (!n) break;\n\n        for (int i = 0; i < n; i++) scanf("%lld %lld", &d[i], &v[i]);\n        t[0] = 1;\n\n        for (int i = 1; i < n; i++) {\n            t[i] = t[i - 1] * d[i - 1] * v[i];\n            ll factor = d[i] * v[i - 1];\n            for (int j = 0; j < i; j++) t[j] *= factor;\n\n            ll T = t[0];\n            for (int j = 1; j <= i; j++) T = gcd(T, t[j]);\n            for (int j = 0; j <= i; j++) t[j] /= T;\n        }\n\n        for (int i = 0; i < n; i++) printf("%lld\\n", t[i]);\n    }\n}') | LineLLMMutation(('source.cpp', 15), '#include <cstdio>\nusing namespace std;\n\ntypedef long long ll;\n\nll gcd(ll a, ll b) {\n    while (b) {\n        ll temp = b;\n        b = a % b;\n        a = temp;\n    }\n    return a;\n}\n\nint main() {\n    int n;\n    ll d[10], v[10], t[10];\n\n    for (;;) {\n        scanf("%d", &n);\n        if (!n) break;\n\n        for (int i = 0; i < n; i++) scanf("%lld %lld", &d[i], &v[i]);\n        t[0] = 1;\n\n        for (int i = 1; i < n; i++) {\n            t[i] = t[i - 1] * d[i - 1] * v[i];\n            ll factor = d[i] * v[i - 1];\n\n            for (int j = 0; j < i; j++) {\n                t[j] *= factor; // Removed redundant multiplication\n            }\n\n            ll T = t[0];\n            for (int j = 1; j <= i; j++) {\n                T = gcd(T, t[j]);\n            }\n            for (int j = 0; j <= i; j++) {\n                t[j] /= T;\n            }\n        }\n\n        for (int i = 0; i < n; i++) printf("%lld\\n", t[i]);\n    }\n}')"

2025-02-24 21:33:31,799	[INFO]	Step: 33
2025-02-24 21:33:31,799	[INFO]	Stop Steps: 50
2025-02-24 21:33:32,071	[DEBUG]	EXEC>  SUCCESS 3059908.0
2025-02-24 21:33:32,071	[INFO]	3-4     SUCCESS               3059908.00 (97.90%) [2 edit(s)]  
2025-02-24 21:33:32,071	[DEBUG]	patch(3-4)="LineLLMMutation(('source.cpp', 0), '#include <cstdio>\nusing namespace std;\n\ntypedef long long ll;\n\nll gcd(ll a, ll b) {\n    return (!b) ? a : gcd(b, a % b);\n}\n\nint main() {\n    int n;\n    ll d[10], v[10], t[10];\n\n    for (;;) {\n        scanf("%d", &n);\n        if (!n) break;\n\n        for (int i = 0; i < n; i++) scanf("%lld %lld", &d[i], &v[i]);\n        t[0] = 1;\n\n        for (int i = 1; i < n; i++) {\n            t[i] = t[i - 1] * d[i - 1] * v[i];\n            for (int j = 0; j < i; j++) t[j] *= d[i] * v[i - 1];\n            ll T = t[0];\n\n            for (int j = 1; j <= i; j++) T = gcd(T, t[j]);\n            for (int j = 0; j <= i; j++) t[j] /= T;\n        }\n\n        for (int i = 0; i < n; i++) printf("%lld\\n", t[i]);\n    }\n}') | LineLLMMutation(('source.cpp', 11), '#include <cstdio>\nusing namespace std;\n\ntypedef long long ll;\n\nll gcd(ll a, ll b) {\n    return (!b) ? a : gcd(b, a % b);\n}\n\nint main() {\n    int n;\n    ll d[10], v[10], t[10];\n\n    for (;;) {\n        scanf("%d", &n);\n        if (!n) break;\n\n        for (int i = 0; i < n; i++) scanf("%lld %lld", &d[i], &v[i]);\n        t[0] = 1;\n\n        for (int i = 1; i < n; i++) {\n            t[i] = t[i - 1] * d[i - 1] * v[i];\n            ll factor = d[i] * v[i - 1];\n            for (int j = 0; j < i; j++) t[j] *= factor;\n\n            ll T = t[0];\n            for (int j = 1; j <= i; j++) T = gcd(T, t[j]);\n            for (int j = 0; j <= i; j++) t[j] /= T;\n        }\n\n        for (int i = 0; i < n; i++) printf("%lld\\n", t[i]);\n    }\n}')"
2025-02-24 21:33:32,071	[INFO]	Step: 34
2025-02-24 21:33:32,071	[INFO]	Stop Steps: 50
2025-02-24 21:33:32,344	[DEBUG]	EXEC>  SUCCESS 3059966.5
2025-02-24 21:33:32,344	[INFO]	3-5     SUCCESS               3059966.50 (97.90%) [1 edit(s)]  
2025-02-24 21:33:32,344	[DEBUG]	patch(3-5)="LineLLMCrossover(('source.cpp', 8), '#include <cstdio>\nusing namespace std;\n\ntypedef long long ll;\n\nll gcd(ll a, ll b) {\n    while (b) {\n        ll temp = b;\n        b = a % b;\n        a = temp;\n    }\n    return a;\n}\n\nint main() {\n    int n;\n    ll d[10], v[10], t[10];\n\n    while (true) {\n        scanf("%d", &n);\n        if (!n) break;\n\n        for (int i = 0; i < n; i++) scanf("%lld %lld", &d[i], &v[i]);\n        t[0] = 1;\n\n        for (int i = 1; i < n; i++) {\n            t[i] = t[i - 1] * d[i - 1] * v[i];\n            ll factor = d[i] * v[i - 1];\n\n            for (int j = 0; j < i; j++) {\n                t[j] *= factor; // Removed redundant multiplication\n            }\n\n            ll T = t[0];\n            for (int j = 1; j <= i; j++) {\n                T = gcd(T, t[j]);\n            }\n            for (int j = 0; j <= i; j++) {\n                t[j] /= T;\n            }\n        }\n\n        for (int i = 0; i < n; i++) printf("%lld\\n", t[i]);\n    }\n}')"
2025-02-24 21:33:32,344	[INFO]	Step: 35
2025-02-24 21:33:32,344	[INFO]	Stop Steps: 50
2025-02-24 21:33:32,618	[DEBUG]	EXEC>  SUCCESS 3059876.5
2025-02-24 21:33:32,618	[INFO]	3-6     SUCCESS               3059876.50 (97.90%) [1 edit(s)]  
2025-02-24 21:33:32,618	[DEBUG]	patch(3-6)="LineLLMCrossover(('source.cpp', 9), '#include <cstdio>\nusing namespace std;\n\ntypedef long long ll;\n\nll gcd(ll a, ll b) {\n    if (!b) return a;\n    return gcd(b, a % b);\n}\n\nint main() {\n    int n;\n    ll d[10], v[10], t[10];\n\n    for (;;) {\n        scanf("%d", &n);\n        if (!n) break;\n\n        for (int i = 0; i < n; i++) scanf("%lld %lld", &d[i], &v[i]);\n        t[0] = 1;\n\n        for (int i = 1; i < n; i++) {\n            t[i] = t[i - 1] * d[i - 1] * v[i];\n            ll factor = d[i] * v[i - 1];\n            for (int j = 0; j < i; j++) t[j] *= factor;\n\n            ll T = t[0];\n            for (int j = 1; j <= i; j++) T = gcd(T, t[j]);\n            for (int j = 0; j <= i; j++) t[j] /= T;\n        }\n\n        for (int i = 0; i < n; i++) printf("%lld\\n", t[i]);\n    }\n}')"
2025-02-24 21:33:32,618	[INFO]	Step: 36
2025-02-24 21:33:32,618	[INFO]	Stop Steps: 50
2025-02-24 21:33:32,898	[DEBUG]	EXEC>  SUCCESS 3059908.0
2025-02-24 21:33:32,898	[INFO]	3-7     SUCCESS               3059908.00 (97.90%) [1 edit(s)]  
2025-02-24 21:33:32,898	[DEBUG]	patch(3-7)="LineLLMCrossover(('source.cpp', 10), '#include <cstdio>\nusing namespace std;\n\ntypedef long long ll;\n\nll gcd(ll a, ll b) {\n    return (!b) ? a : gcd(b, a % b);\n}\n\nint main() {\n    int n;\n    ll d[10], v[10], t[10];\n\n    while (true) {\n        scanf("%d", &n);\n        if (!n) break;\n\n        for (int i = 0; i < n; i++) scanf("%lld %lld", &d[i], &v[i]);\n        t[0] = 1;\n\n        for (int i = 1; i < n; i++) {\n            t[i] = t[i - 1] * d[i - 1] * v[i];\n            ll factor = d[i] * v[i - 1];\n            for (int j = 0; j < i; j++) t[j] *= factor;\n\n            ll T = t[0];\n            for (int j = 1; j <= i; j++) T = gcd(T, t[j]);\n            for (int j = 0; j <= i; j++) t[j] /= T;\n        }\n\n        for (int i = 0; i < n; i++) printf("%lld\\n", t[i]);\n    }\n}')"
2025-02-24 21:33:32,898	[INFO]	Step: 37
2025-02-24 21:33:32,898	[INFO]	Stop Steps: 50
2025-02-24 21:33:33,172	[DEBUG]	EXEC>  SUCCESS 3059999.0
2025-02-24 21:33:33,172	[INFO]	3-8     SUCCESS               3059999.00 (97.90%) [1 edit(s)]  
2025-02-24 21:33:33,172	[DEBUG]	patch(3-8)="LineLLMCrossover(('source.cpp', 11), '#include <cstdio>\nusing namespace std;\n\ntypedef long long ll;\n\nll gcd(ll a, ll b) {\n    return (!b) ? a : gcd(b, a % b);\n}\n\nint main() {\n    int n;\n    ll d[10], v[10], t[10];\n\n    for (;;) {\n        scanf("%d", &n);\n        if (!n) break;\n\n        for (int i = 0; i < n; i++) scanf("%lld %lld", &d[i], &v[i]);\n        t[0] = 1;\n\n        for (int i = 1; i < n; i++) {\n            t[i] = t[i - 1] * d[i - 1] * v[i];\n            ll factor = d[i] * v[i - 1];\n            for (int j = 0; j < i; j++) t[j] *= factor;\n\n            ll T = t[0];\n            for (int j = 1; j <= i; j++) T = gcd(T, t[j]);\n            for (int j = 0; j <= i; j++) t[j] /= T;\n        }\n\n        for (int i = 0; i < n; i++) printf("%lld\\n", t[i]);\n    }\n}')"
2025-02-24 21:33:33,172	[INFO]	Step: 38
2025-02-24 21:33:33,172	[INFO]	Stop Steps: 50
2025-02-24 21:33:33,422	[INFO]	3-9     TEST_CODE_ERROR       None (--) [4 edit(s)]  
2025-02-24 21:33:33,422	[DEBUG]	patch(3-9)="LineLLMMutation(('source.cpp', 0), '#include <cstdio>\nusing namespace std;\n\ntypedef long long ll;\n\nll gcd(ll a, ll b) {\n    return (!b) ? a : gcd(b, a % b);\n}\n\nint main() {\n    int n;\n    ll d[10], v[10], t[10];\n\n    for (;;) {\n        scanf("%d", &n);\n        if (!n) break;\n\n        for (int i = 0; i < n; i++) scanf("%lld %lld", &d[i], &v[i]);\n        t[0] = 1;\n\n        for (int i = 1; i < n; i++) {\n            t[i] = t[i - 1] * d[i - 1] * v[i];\n            for (int j = 0; j < i; j++) t[j] *= d[i] * v[i - 1];\n            ll T = t[0];\n\n            for (int j = 1; j <= i; j++) T = gcd(T, t[j]);\n            for (int j = 0; j <= i; j++) t[j] /= T;\n        }\n\n        for (int i = 0; i < n; i++) printf("%lld\\n", t[i]);\n    }\n}') | LineLLMMutation(('source.cpp', 11), '#include <cstdio>\nusing namespace std;\n\ntypedef long long ll;\n\nll gcd(ll a, ll b) {\n    return (!b) ? a : gcd(b, a % b);\n}\n\nint main() {\n    int n;\n    ll d[10], v[10], t[10];\n\n    for (;;) {\n        scanf("%d", &n);\n        if (!n) break;\n\n        for (int i = 0; i < n; i++) scanf("%lld %lld", &d[i], &v[i]);\n        t[0] = 1;\n\n        for (int i = 1; i < n; i++) {\n            t[i] = t[i - 1] * d[i - 1] * v[i];\n            ll factor = d[i] * v[i - 1];\n            for (int j = 0; j < i; j++) t[j] *= factor;\n\n            ll T = t[0];\n            for (int j = 1; j <= i; j++) T = gcd(T, t[j]);\n            for (int j = 0; j <= i; j++) t[j] /= T;\n        }\n\n        for (int i = 0; i < n; i++) printf("%lld\\n", t[i]);\n    }\n}') | LineLLMMutation(('source.cpp', 15), '#include <cstdio>\nusing namespace std;\n\ntypedef long long ll;\n\nll gcd(ll a, ll b) {\n    while (b) {\n        ll temp = b;\n        b = a % b;\n        a = temp;\n    }\n    return a;\n}\n\nint main() {\n    int n;\n    ll d[10], v[10], t[10];\n\n    for (;;) {\n        scanf("%d", &n);\n        if (!n) break;\n\n        for (int i = 0; i < n; i++) scanf("%lld %lld", &d[i], &v[i]);\n        t[0] = 1;\n\n        for (int i = 1; i < n; i++) {\n            t[i] = t[i - 1] * d[i - 1] * v[i];\n            ll factor = d[i] * v[i - 1];\n\n            for (int j = 0; j < i; j++) {\n                t[j] *= factor; // Removed redundant multiplication\n            }\n\n            ll T = t[0];\n            for (int j = 1; j <= i; j++) {\n                T = gcd(T, t[j]);\n            }\n            for (int j = 0; j <= i; j++) {\n                t[j] /= T;\n            }\n        }\n\n        for (int i = 0; i < n; i++) printf("%lld\\n", t[i]);\n    }\n}') | LineLLMMutation(('source.cpp', 20), '#include <cstdio>\nusing namespace std;\n\ntypedef long long ll;\n\nll gcd(ll a, ll b) {\n    while (b) {\n        ll temp = b;\n        b = a % b;\n        a = temp;\n    }\n    return a;\n}\n\nint main() {\n    int n;\n    ll d[10], v[10], t[10];\n\n    for (;;) {\n        scanf("%d", &n);\n        if (!n) break;\n\n        for (int i = 0; i < n; i++) scanf("%lld %lld", &d[i], &v[i]);\n        t[0] = 1;\n\n        for (int i = 1; i < n; i++) {\n            t[i] = t[i - 1] * d[i - 1] * v[i];\n            ll factor = d[i] * v[i - 1];\n\n            // Removed redundant multiplication and used a single multiplication for all\n            ll accumulated = 1; \n            for (int j = 0; j < i; j++) {\n                accumulated *= d[j] * v[j];\n            }\n            t[i] *= accumulated; // Apply accumulated product\n\n            ll T = t[0];\n            for (int j = 1; j <= i; j++) {\n                T = gcd(T, t[j]);\n            }\n            for (int j = 0; j <= i; j++) {\n                t[j] /= T;\n            }\n        }\n\n        for (int i = 0; i < n; i++) printf("%lld\\n", t[i]);\n    }\n}')"
2025-02-24 21:33:33,422	[INFO]	Step: 39
2025-02-24 21:33:33,422	[INFO]	Stop Steps: 50
2025-02-24 21:33:33,694	[DEBUG]	EXEC>  SUCCESS 3059998.0
2025-02-24 21:33:33,694	[INFO]	3-10    SUCCESS               3059998.00 (97.90%) [3 edit(s)]  
2025-02-24 21:33:33,694	[DEBUG]	patch(3-10)="LineLLMMutation(('source.cpp', 0), '#include <cstdio>\nusing namespace std;\n\ntypedef long long ll;\n\nll gcd(ll a, ll b) {\n    return (!b) ? a : gcd(b, a % b);\n}\n\nint main() {\n    int n;\n    ll d[10], v[10], t[10];\n\n    for (;;) {\n        scanf("%d", &n);\n        if (!n) break;\n\n        for (int i = 0; i < n; i++) scanf("%lld %lld", &d[i], &v[i]);\n        t[0] = 1;\n\n        for (int i = 1; i < n; i++) {\n            t[i] = t[i - 1] * d[i - 1] * v[i];\n            for (int j = 0; j < i; j++) t[j] *= d[i] * v[i - 1];\n            ll T = t[0];\n\n            for (int j = 1; j <= i; j++) T = gcd(T, t[j]);\n            for (int j = 0; j <= i; j++) t[j] /= T;\n        }\n\n        for (int i = 0; i < n; i++) printf("%lld\\n", t[i]);\n    }\n}') | LineLLMMutation(('source.cpp', 11), '#include <cstdio>\nusing namespace std;\n\ntypedef long long ll;\n\nll gcd(ll a, ll b) {\n    return (!b) ? a : gcd(b, a % b);\n}\n\nint main() {\n    int n;\n    ll d[10], v[10], t[10];\n\n    for (;;) {\n        scanf("%d", &n);\n        if (!n) break;\n\n        for (int i = 0; i < n; i++) scanf("%lld %lld", &d[i], &v[i]);\n        t[0] = 1;\n\n        for (int i = 1; i < n; i++) {\n            t[i] = t[i - 1] * d[i - 1] * v[i];\n            ll factor = d[i] * v[i - 1];\n            for (int j = 0; j < i; j++) t[j] *= factor;\n\n            ll T = t[0];\n            for (int j = 1; j <= i; j++) T = gcd(T, t[j]);\n            for (int j = 0; j <= i; j++) t[j] /= T;\n        }\n\n        for (int i = 0; i < n; i++) printf("%lld\\n", t[i]);\n    }\n}') | LineLLMMutation(('source.cpp', 21), '#include <cstdio>\nusing namespace std;\n\ntypedef long long ll;\n\nll gcd(ll a, ll b) {\n    return (!b) ? a : gcd(b, a % b);\n}\n\nint main() {\n    int n;\n    ll d[10], v[10], t[10];\n\n    for (;;) {\n        scanf("%d", &n);\n        if (!n) break;\n\n        for (int i = 0; i < n; i++) scanf("%lld %lld", &d[i], &v[i]);\n        t[0] = 1;\n\n        for (int i = 1; i < n; i++) {\n            t[i] = t[i - 1] * d[i - 1] * v[i];\n            ll factor = d[i] * v[i - 1];\n\n            // Optimize multiplication\n            for (int j = 0; j < i; j++) {\n                t[j] *= factor;\n            }\n\n            ll T = t[0];\n            for (int j = 1; j <= i; j++) {\n                T = gcd(T, t[j]);\n            }\n\n            // Reduce t[j] by T\n            for (int j = 0; j <= i; j++) {\n                t[j] /= T;\n            }\n        }\n\n        for (int i = 0; i < n; i++) printf("%lld\\n", t[i]);\n    }\n}')"
2025-02-24 21:33:33,694	[INFO]	Step: 40
2025-02-24 21:33:33,694	[INFO]	Stop Steps: 50
2025-02-24 21:33:34,017	[DEBUG]	EXEC>  SUCCESS 3055885.0
2025-02-24 21:33:34,017	[INFO]	3-1     SUCCESS              *3055885.00 (97.77%) [2 edit(s)]  
2025-02-24 21:33:34,017	[DEBUG]	patch(3-1)="LineLLMMutation(('source.cpp', 14), '#include <cstdio>\n\nusing namespace std;\n\ntypedef long long ll;\n\nll gcd(ll a, ll b) {\n    return (!b) ? a : gcd(b, a % b);\n}\n\nint main() {\n    int n;\n    ll d[10], v[10], t[10];\n\n    for (;;) {\n        scanf("%d", &n);\n        if (!n) break;\n\n        for (int i = 0; i < n; i++) scanf("%lld %lld", &d[i], &v[i]);\n        t[0] = 1;\n        for (int i = 1; i < n; i++) {\n            t[i] = t[i - 1] * d[i - 1] * v[i];\n            for (int j = 0; j < i; j++) t[j] *= d[i] * v[i - 1];\n            ll T = t[0];\n            for (int j = 1; j <= i; j++) T = gcd(T, t[j]);\n            for (int j = 0; j <= i; j++) t[j] /= T;\n        }\n\n        for (int i = 0; i < n; i++) printf("%lld\\n", t[i]);\n    }\n}') | LineLLMMutation(('source.cpp', 22), '#include <cstdio>\n#include <numeric> // Include for std::gcd\n\nusing namespace std;\n\ntypedef long long ll;\n\nint main() {\n    int n;\n    ll d[10], v[10], t[10];\n\n    for (;;) {\n        scanf("%d", &n);\n        if (!n) break;\n\n        for (int i = 0; i < n; i++) scanf("%lld %lld", &d[i], &v[i]);\n        \n        t[0] = 1;\n        ll common_gcd;\n\n        for (int i = 1; i < n; i++) {\n            t[i] = t[i - 1] * d[i - 1] * v[i];\n            for (int j = 0; j < i; j++) {\n                t[j] *= d[i] * v[i - 1];\n            }\n            common_gcd = t[0];\n            for (int j = 1; j <= i; j++) {\n                common_gcd = gcd(common_gcd, t[j]);\n            }\n            for (int j = 0; j <= i; j++) t[j] /= common_gcd;\n        }\n\n        for (int i = 0; i < n; i++) printf("%lld\\n", t[i]);\n    }\n}')"

2025-02-24 21:33:34,017	[INFO]	Step: 41
2025-02-24 21:33:34,017	[INFO]	Stop Steps: 50
2025-02-24 21:33:34,284	[DEBUG]	EXEC>  SUCCESS 3059977.5
2025-02-24 21:33:34,284	[INFO]	3-2     SUCCESS               3059977.50 (97.90%) [2 edit(s)]  
2025-02-24 21:33:34,284	[DEBUG]	patch(3-2)="LineLLMCrossover(('source.cpp', 5), '#include <cstdio>\nusing namespace std;\n\ntypedef long long ll;\n\nll gcd(ll a, ll b) {\n    return (!b) ? a : gcd(b, a % b);\n}\n\nint main() {\n    int n;\n    ll d[10], v[10], t[10];\n\n    for (;;) {\n        scanf("%d", &n);\n        if (!n) break;\n\n        for (int i = 0; i < n; i++) scanf("%lld %lld", &d[i], &v[i]);\n        t[0] = 1;\n\n        for (int i = 1; i < n; i++) {\n            t[i] = t[i - 1] * d[i - 1] * v[i];\n            for (int j = 0; j < i; j++) t[j] *= d[i] * v[i - 1];\n            ll T = t[0];\n            for (int j = 1; j <= i; j++) T = gcd(T, t[j]);\n            for (int j = 0; j <= i; j++) t[j] /= T;\n        }\n\n        for (int i = 0; i < n; i++) printf("%lld\\n", t[i]);\n    }\n}') | LineLLMMutation(('source.cpp', 23), '#include <cstdio>\nusing namespace std;\n\ntypedef long long ll;\n\nll gcd(ll a, ll b) {\n    return (!b) ? a : gcd(b, a % b);\n}\n\nint main() {\n    int n;\n    ll d[10], v[10], t[10];\n\n    for (;;) {\n        scanf("%d", &n);\n        if (!n) break;\n\n        for (int i = 0; i < n; i++) scanf("%lld %lld", &d[i], &v[i]);\n        t[0] = 1;\n\n        for (int i = 1; i < n; i++) {\n            t[i] = t[i - 1] * d[i - 1] * v[i];\n            ll T = t[i];\n            for (int j = 0; j < i; j++) {\n                t[j] *= d[i] * v[i - 1];\n                T = gcd(T, t[j]);\n            }\n            for (int j = 0; j <= i; j++) t[j] /= T;\n        }\n\n        for (int i = 0; i < n; i++) printf("%lld\\n", t[i]);\n    }\n}')"
2025-02-24 21:33:34,284	[INFO]	Step: 42
2025-02-24 21:33:34,284	[INFO]	Stop Steps: 50
2025-02-24 21:33:34,826	[DEBUG]	EXEC>  SUCCESS 3125576.0
2025-02-24 21:33:34,827	[INFO]	3-3     SUCCESS               3125576.00 (100.00%) [1 edit(s)]  
2025-02-24 21:33:34,827	[DEBUG]	patch(3-3)="LineLLMMutation(('source.cpp', 24), '#include<iostream>\nusing namespace std;\n\ntypedef long long ll;\n\nll gcd(ll a, ll b) {\n    while (b != 0) {\n        ll temp = b;\n        b = a % b;\n        a = temp;\n    }\n    return a;\n}\n\nint main() {\n    int n;\n    ll d[10], v[10], t[10];\n\n    for (;;) {\n        cin >> n;\n        if (!n) break;\n\n        for (int i = 0; i < n; i++) cin >> d[i] >> v[i];\n        t[0] = 1;\n        for (int i = 1; i < n; i++) {\n            t[i] = t[i - 1] * d[i - 1] * v[i];\n            for (int j = 0; j < i; j++) t[j] *= d[i] * v[i - 1];\n            ll T = t[0];\n            for (int j = 1; j <= i; j++) T = gcd(T, t[j]);\n\n            for (int j = 0; j <= i; j++) t[j] /= T;\n        }\n\n        for (int i = 0; i < n; i++) cout << t[i] << endl;\n    }\n}')"
2025-02-24 21:33:34,827	[INFO]	Step: 43
2025-02-24 21:33:34,827	[INFO]	Stop Steps: 50
2025-02-24 21:33:36,369	[DEBUG]	EXEC>  SUCCESS 3125516.0
2025-02-24 21:33:36,370	[INFO]	REF     SUCCESS               3125516.00 (--) [0 edit(s)]  
2025-02-24 21:33:36,370	[INFO]	Best patch: 14_22
2025-02-24 21:33:36,740	[DEBUG]	EXEC>  SUCCESS 3055783.0
2025-02-24 21:33:36,740	[INFO]	BEST    SUCCESS              *3055783.00 (97.77%) [0 edit(s)]  
2025-02-24 21:33:36,740	[INFO]	Best patch step: 40
2025-02-24 21:34:26,485	[INFO]	Step: 43
2025-02-24 21:34:26,485	[INFO]	Stop Steps: 50
2025-02-24 21:34:26,805	[DEBUG]	EXEC>  SUCCESS 3055873.0
2025-02-24 21:34:26,805	[INFO]	4-4     SUCCESS              +3055873.00 (97.77%) [2 edit(s)]  
2025-02-24 21:34:26,805	[DEBUG]	patch(4-4)="LineLLMMutation(('source.cpp', 14), '#include <cstdio>\n\nusing namespace std;\n\ntypedef long long ll;\n\nll gcd(ll a, ll b) {\n    return (!b) ? a : gcd(b, a % b);\n}\n\nint main() {\n    int n;\n    ll d[10], v[10], t[10];\n\n    for (;;) {\n        scanf("%d", &n);\n        if (!n) break;\n\n        for (int i = 0; i < n; i++) scanf("%lld %lld", &d[i], &v[i]);\n        t[0] = 1;\n        for (int i = 1; i < n; i++) {\n            t[i] = t[i - 1] * d[i - 1] * v[i];\n            for (int j = 0; j < i; j++) t[j] *= d[i] * v[i - 1];\n            ll T = t[0];\n            for (int j = 1; j <= i; j++) T = gcd(T, t[j]);\n            for (int j = 0; j <= i; j++) t[j] /= T;\n        }\n\n        for (int i = 0; i < n; i++) printf("%lld\\n", t[i]);\n    }\n}') | LineLLMMutation(('source.cpp', 22), '#include <cstdio>\n#include <numeric> // Include for std::gcd\n\nusing namespace std;\n\ntypedef long long ll;\n\nint main() {\n    int n;\n    ll d[10], v[10], t[10];\n\n    for (;;) {\n        scanf("%d", &n);\n        if (!n) break;\n\n        for (int i = 0; i < n; i++) scanf("%lld %lld", &d[i], &v[i]);\n        \n        t[0] = 1;\n        ll common_gcd;\n\n        for (int i = 1; i < n; i++) {\n            t[i] = t[i - 1] * d[i - 1] * v[i];\n            for (int j = 0; j < i; j++) {\n                t[j] *= d[i] * v[i - 1];\n            }\n            common_gcd = t[0];\n            for (int j = 1; j <= i; j++) {\n                common_gcd = gcd(common_gcd, t[j]);\n            }\n            for (int j = 0; j <= i; j++) t[j] /= common_gcd;\n        }\n\n        for (int i = 0; i < n; i++) printf("%lld\\n", t[i]);\n    }\n}')"
2025-02-24 21:34:26,805	[INFO]	Step: 44
2025-02-24 21:34:26,805	[INFO]	Stop Steps: 50
2025-02-24 21:34:27,077	[DEBUG]	EXEC>  SUCCESS 3059965.0
2025-02-24 21:34:27,078	[INFO]	4-5     SUCCESS               3059965.00 (97.90%) [3 edit(s)]  
2025-02-24 21:34:27,078	[DEBUG]	patch(4-5)="LineLLMMutation(('source.cpp', 0), '#include <cstdio>\nusing namespace std;\n\ntypedef long long ll;\n\nll gcd(ll a, ll b) {\n    return (!b) ? a : gcd(b, a % b);\n}\n\nint main() {\n    int n;\n    ll d[10], v[10], t[10];\n\n    for (;;) {\n        scanf("%d", &n);\n        if (!n) break;\n\n        for (int i = 0; i < n; i++) scanf("%lld %lld", &d[i], &v[i]);\n        t[0] = 1;\n\n        for (int i = 1; i < n; i++) {\n            t[i] = t[i - 1] * d[i - 1] * v[i];\n            for (int j = 0; j < i; j++) t[j] *= d[i] * v[i - 1];\n            ll T = t[0];\n\n            for (int j = 1; j <= i; j++) T = gcd(T, t[j]);\n            for (int j = 0; j <= i; j++) t[j] /= T;\n        }\n\n        for (int i = 0; i < n; i++) printf("%lld\\n", t[i]);\n    }\n}') | LineLLMMutation(('source.cpp', 11), '#include <cstdio>\nusing namespace std;\n\ntypedef long long ll;\n\nll gcd(ll a, ll b) {\n    return (!b) ? a : gcd(b, a % b);\n}\n\nint main() {\n    int n;\n    ll d[10], v[10], t[10];\n\n    for (;;) {\n        scanf("%d", &n);\n        if (!n) break;\n\n        for (int i = 0; i < n; i++) scanf("%lld %lld", &d[i], &v[i]);\n        t[0] = 1;\n\n        for (int i = 1; i < n; i++) {\n            t[i] = t[i - 1] * d[i - 1] * v[i];\n            ll factor = d[i] * v[i - 1];\n            for (int j = 0; j < i; j++) t[j] *= factor;\n\n            ll T = t[0];\n            for (int j = 1; j <= i; j++) T = gcd(T, t[j]);\n            for (int j = 0; j <= i; j++) t[j] /= T;\n        }\n\n        for (int i = 0; i < n; i++) printf("%lld\\n", t[i]);\n    }\n}') | LineLLMMutation(('source.cpp', 15), '#include <cstdio>\nusing namespace std;\n\ntypedef long long ll;\n\nll gcd(ll a, ll b) {\n    while (b) {\n        ll temp = b;\n        b = a % b;\n        a = temp;\n    }\n    return a;\n}\n\nint main() {\n    int n;\n    ll d[10], v[10], t[10];\n\n    for (;;) {\n        scanf("%d", &n);\n        if (!n) break;\n\n        for (int i = 0; i < n; i++) scanf("%lld %lld", &d[i], &v[i]);\n        t[0] = 1;\n\n        for (int i = 1; i < n; i++) {\n            t[i] = t[i - 1] * d[i - 1] * v[i];\n            ll factor = d[i] * v[i - 1];\n\n            for (int j = 0; j < i; j++) {\n                t[j] *= factor; // Removed redundant multiplication\n            }\n\n            ll T = t[0];\n            for (int j = 1; j <= i; j++) {\n                T = gcd(T, t[j]);\n            }\n            for (int j = 0; j <= i; j++) {\n                t[j] /= T;\n            }\n        }\n\n        for (int i = 0; i < n; i++) printf("%lld\\n", t[i]);\n    }\n}')"
2025-02-24 21:34:27,078	[INFO]	Step: 45
2025-02-24 21:34:27,078	[INFO]	Stop Steps: 50
2025-02-24 21:34:27,350	[DEBUG]	EXEC>  SUCCESS 3059966.0
2025-02-24 21:34:27,350	[INFO]	4-6     SUCCESS               3059966.00 (97.90%) [1 edit(s)]  
2025-02-24 21:34:27,350	[DEBUG]	patch(4-6)="LineLLMCrossover(('source.cpp', 12), '#include <cstdio>\nusing namespace std;\n\ntypedef long long ll;\n\nll gcd(ll a, ll b) {\n    while (b) {\n        ll temp = b;\n        b = a % b;\n        a = temp;\n    }\n    return a;\n}\n\nint main() {\n    int n;\n    ll d[10], v[10], t[10];\n\n    while (true) {\n        scanf("%d", &n);\n        if (!n) break;\n\n        for (int i = 0; i < n; i++) scanf("%lld %lld", &d[i], &v[i]);\n        t[0] = 1;\n\n        for (int i = 1; i < n; i++) {\n            t[i] = t[i - 1] * d[i - 1] * v[i];\n            ll factor = d[i] * v[i - 1];\n            for (int j = 0; j < i; j++) t[j] *= factor;\n\n            ll common_gcd = t[0];\n            for (int j = 1; j <= i; j++) {\n                common_gcd = gcd(common_gcd, t[j]);\n            }\n            for (int j = 0; j <= i; j++) t[j] /= common_gcd;\n        }\n\n        for (int i = 0; i < n; i++) printf("%lld\\n", t[i]);\n    }\n}')"
2025-02-24 21:34:27,350	[INFO]	Step: 46
2025-02-24 21:34:27,350	[INFO]	Stop Steps: 50
2025-02-24 21:34:27,625	[DEBUG]	EXEC>  SUCCESS 3059909.0
2025-02-24 21:34:27,625	[INFO]	4-7     SUCCESS               3059909.00 (97.90%) [1 edit(s)]  
2025-02-24 21:34:27,625	[DEBUG]	patch(4-7)="LineLLMCrossover(('source.cpp', 13), '#include <cstdio>\nusing namespace std;\n\ntypedef long long ll;\n\nll gcd(ll a, ll b) {\n    return (!b) ? a : gcd(b, a % b);\n}\n\nint main() {\n    int n;\n    ll d[10], v[10], t[10];\n\n    for (;;) {\n        scanf("%d", &n);\n        if (!n) break;\n\n        for (int i = 0; i < n; i++) scanf("%lld %lld", &d[i], &v[i]);\n        t[0] = 1;\n\n        for (int i = 1; i < n; i++) {\n            t[i] = t[i - 1] * d[i - 1] * v[i];\n            ll factor = d[i] * v[i - 1];\n            for (int j = 0; j < i; j++) t[j] *= factor;\n\n            ll common_gcd = t[0];\n            for (int j = 1; j <= i; j++) common_gcd = gcd(common_gcd, t[j]);\n            for (int j = 0; j <= i; j++) t[j] /= common_gcd;\n        }\n\n        for (int i = 0; i < n; i++) printf("%lld\\n", t[i]);\n    }\n}')"
2025-02-24 21:34:27,625	[INFO]	Step: 47
2025-02-24 21:34:27,625	[INFO]	Stop Steps: 50
2025-02-24 21:34:27,916	[DEBUG]	EXEC>  SUCCESS 3060089.5
2025-02-24 21:34:27,917	[INFO]	4-8     SUCCESS               3060089.50 (97.91%) [1 edit(s)]  
2025-02-24 21:34:27,917	[DEBUG]	patch(4-8)="LineLLMCrossover(('source.cpp', 14), '#include <cstdio>\nusing namespace std;\n\ntypedef long long ll;\n\nll gcd(ll a, ll b) {\n    return (!b) ? a : gcd(b, a % b);\n}\n\nint main() {\n    int n;\n    ll d[10], v[10], t[10];\n\n    while (true) {\n        scanf("%d", &n);\n        if (!n) break;\n\n        for (int i = 0; i < n; i++) scanf("%lld %lld", &d[i], &v[i]);\n        t[0] = 1;\n\n        for (int i = 1; i < n; i++) {\n            t[i] = t[i - 1] * d[i - 1] * v[i];\n            ll factor = d[i] * v[i - 1];\n            for (int j = 0; j < i; j++) t[j] *= factor;\n\n            ll common_gcd = t[0];\n            for (int j = 1; j <= i; j++) {\n                common_gcd = gcd(common_gcd, t[j]);\n            }\n            for (int j = 0; j <= i; j++) t[j] /= common_gcd;\n        }\n\n        for (int i = 0; i < n; i++) printf("%lld\\n", t[i]);\n    }\n}')"
2025-02-24 21:34:27,917	[INFO]	Step: 48
2025-02-24 21:34:27,917	[INFO]	Stop Steps: 50
2025-02-24 21:34:28,222	[DEBUG]	EXEC>  SUCCESS 3059908.5
2025-02-24 21:34:28,222	[INFO]	4-9     SUCCESS               3059908.50 (97.90%) [1 edit(s)]  
2025-02-24 21:34:28,222	[DEBUG]	patch(4-9)="LineLLMCrossover(('source.cpp', 15), '#include <cstdio>\n#include <numeric>\nusing namespace std;\n\ntypedef long long ll;\n\nll gcd(ll a, ll b) {\n    return (!b) ? a : gcd(b, a % b);\n}\n\nint main() {\n    int n;\n    ll d[10], v[10], t[10];\n\n    for (;;) {\n        scanf("%d", &n);\n        if (!n) break;\n\n        for (int i = 0; i < n; i++) scanf("%lld %lld", &d[i], &v[i]);\n        t[0] = 1;\n\n        for (int i = 1; i < n; i++) {\n            t[i] = t[i - 1] * d[i - 1] * v[i];\n            ll factor = d[i] * v[i - 1];\n            for (int j = 0; j < i; j++) t[j] *= factor;\n\n            ll common_gcd = t[0];\n            for (int j = 1; j <= i; j++) {\n                common_gcd = gcd(common_gcd, t[j]);\n            }\n            for (int j = 0; j <= i; j++) t[j] /= common_gcd;\n        }\n\n        for (int i = 0; i < n; i++) printf("%lld\\n", t[i]);\n    }\n}')"
2025-02-24 21:34:28,223	[INFO]	Step: 49
2025-02-24 21:34:28,223	[INFO]	Stop Steps: 50
2025-02-24 21:34:28,531	[DEBUG]	EXEC>  SUCCESS 3055782.5
2025-02-24 21:34:28,531	[INFO]	4-10    SUCCESS              *3055782.50 (97.77%) [3 edit(s)]  
2025-02-24 21:34:28,531	[DEBUG]	patch(4-10)="LineLLMMutation(('source.cpp', 14), '#include <cstdio>\n\nusing namespace std;\n\ntypedef long long ll;\n\nll gcd(ll a, ll b) {\n    return (!b) ? a : gcd(b, a % b);\n}\n\nint main() {\n    int n;\n    ll d[10], v[10], t[10];\n\n    for (;;) {\n        scanf("%d", &n);\n        if (!n) break;\n\n        for (int i = 0; i < n; i++) scanf("%lld %lld", &d[i], &v[i]);\n        t[0] = 1;\n        for (int i = 1; i < n; i++) {\n            t[i] = t[i - 1] * d[i - 1] * v[i];\n            for (int j = 0; j < i; j++) t[j] *= d[i] * v[i - 1];\n            ll T = t[0];\n            for (int j = 1; j <= i; j++) T = gcd(T, t[j]);\n            for (int j = 0; j <= i; j++) t[j] /= T;\n        }\n\n        for (int i = 0; i < n; i++) printf("%lld\\n", t[i]);\n    }\n}') | LineLLMMutation(('source.cpp', 22), '#include <cstdio>\n#include <numeric> // Include for std::gcd\n\nusing namespace std;\n\ntypedef long long ll;\n\nint main() {\n    int n;\n    ll d[10], v[10], t[10];\n\n    for (;;) {\n        scanf("%d", &n);\n        if (!n) break;\n\n        for (int i = 0; i < n; i++) scanf("%lld %lld", &d[i], &v[i]);\n        \n        t[0] = 1;\n        ll common_gcd;\n\n        for (int i = 1; i < n; i++) {\n            t[i] = t[i - 1] * d[i - 1] * v[i];\n            for (int j = 0; j < i; j++) {\n                t[j] *= d[i] * v[i - 1];\n            }\n            common_gcd = t[0];\n            for (int j = 1; j <= i; j++) {\n                common_gcd = gcd(common_gcd, t[j]);\n            }\n            for (int j = 0; j <= i; j++) t[j] /= common_gcd;\n        }\n\n        for (int i = 0; i < n; i++) printf("%lld\\n", t[i]);\n    }\n}') | LineLLMMutation(('source.cpp', 25), '#include <cstdio>\n#include <numeric> // Include for std::gcd\nusing namespace std;\n\ntypedef long long ll;\n\nint main() {\n    int n;\n    ll d[10], v[10], t[10];\n\n    for (;;) {\n        scanf("%d", &n);\n        if (!n) break;\n\n        for (int i = 0; i < n; i++) scanf("%lld %lld", &d[i], &v[i]);\n        \n        t[0] = 1;\n        ll common_gcd;\n\n        for (int i = 1; i < n; i++) {\n            t[i] = t[i - 1] * d[i - 1] * v[i]; // Avoid unnecessary multiplication for t[i-1]\n\n            // Instead of updating all previous t[j] values, we can just calculate the new value directly\n            ll new_value = d[i] * v[i - 1];\n            for (int j = 0; j < i; j++) {\n                t[j] *= new_value; // Just multiply with the new_value once\n            }\n\n            common_gcd = t[0];\n            for (int j = 1; j <= i; j++) {\n                common_gcd = gcd(common_gcd, t[j]);\n            }\n            for (int j = 0; j <= i; j++) t[j] /= common_gcd;\n        }\n\n        for (int i = 0; i < n; i++) printf("%lld\\n", t[i]);\n    }\n}')"

2025-02-24 21:34:28,531	[INFO]	Step: 50
2025-02-24 21:34:28,531	[INFO]	Stop Steps: 50
2025-02-24 21:34:28,531	[INFO]	(Abstract Algorithm) Stopping Condition: step budget
2025-02-24 21:34:28,531	[INFO]	Step: 50
2025-02-24 21:34:28,531	[INFO]	Stop Steps: 50
2025-02-24 21:34:34,018	[INFO]	~~~~ END ~~~~
2025-02-24 21:34:34,019	[INFO]	Best patch step: 49
2025-02-24 21:34:34,019	[INFO]	
2025-02-24 21:34:34,019	[INFO]	==== REPORT ====
2025-02-24 21:34:34,019	[INFO]	Termination: step budget
2025-02-24 21:34:34,019	[INFO]	Log file: /home/luke/magpie/_magpie_logs/0062_1740432548.log
2025-02-24 21:34:34,019	[INFO]	Patch file: _magpie_logs/0062_1740432548.patch
2025-02-24 21:34:34,019	[INFO]	Diff file: _magpie_logs/0062_1740432548.diff
2025-02-24 21:34:34,019	[INFO]	Reference fitness: 3125516.00
2025-02-24 21:34:34,019	[INFO]	Best fitness: 3055782.50
2025-02-24 21:34:34,019	[INFO]	
2025-02-24 21:34:34,020	[INFO]	==== BEST PATCH ====
LineLLMMutation(('source.cpp', 14), '#include <cstdio>\n\nusing namespace std;\n\ntypedef long long ll;\n\nll gcd(ll a, ll b) {\n    return (!b) ? a : gcd(b, a % b);\n}\n\nint main() {\n    int n;\n    ll d[10], v[10], t[10];\n\n    for (;;) {\n        scanf("%d", &n);\n        if (!n) break;\n\n        for (int i = 0; i < n; i++) scanf("%lld %lld", &d[i], &v[i]);\n        t[0] = 1;\n        for (int i = 1; i < n; i++) {\n            t[i] = t[i - 1] * d[i - 1] * v[i];\n            for (int j = 0; j < i; j++) t[j] *= d[i] * v[i - 1];\n            ll T = t[0];\n            for (int j = 1; j <= i; j++) T = gcd(T, t[j]);\n            for (int j = 0; j <= i; j++) t[j] /= T;\n        }\n\n        for (int i = 0; i < n; i++) printf("%lld\\n", t[i]);\n    }\n}') + LineLLMMutation(('source.cpp', 22), '#include <cstdio>\n#include <numeric> // Include for std::gcd\n\nusing namespace std;\n\ntypedef long long ll;\n\nint main() {\n    int n;\n    ll d[10], v[10], t[10];\n\n    for (;;) {\n        scanf("%d", &n);\n        if (!n) break;\n\n        for (int i = 0; i < n; i++) scanf("%lld %lld", &d[i], &v[i]);\n        \n        t[0] = 1;\n        ll common_gcd;\n\n        for (int i = 1; i < n; i++) {\n            t[i] = t[i - 1] * d[i - 1] * v[i];\n            for (int j = 0; j < i; j++) {\n                t[j] *= d[i] * v[i - 1];\n            }\n            common_gcd = t[0];\n            for (int j = 1; j <= i; j++) {\n                common_gcd = gcd(common_gcd, t[j]);\n            }\n            for (int j = 0; j <= i; j++) t[j] /= common_gcd;\n        }\n\n        for (int i = 0; i < n; i++) printf("%lld\\n", t[i]);\n    }\n}') + LineLLMMutation(('source.cpp', 25), '#include <cstdio>\n#include <numeric> // Include for std::gcd\nusing namespace std;\n\ntypedef long long ll;\n\nint main() {\n    int n;\n    ll d[10], v[10], t[10];\n\n    for (;;) {\n        scanf("%d", &n);\n        if (!n) break;\n\n        for (int i = 0; i < n; i++) scanf("%lld %lld", &d[i], &v[i]);\n        \n        t[0] = 1;\n        ll common_gcd;\n\n        for (int i = 1; i < n; i++) {\n            t[i] = t[i - 1] * d[i - 1] * v[i]; // Avoid unnecessary multiplication for t[i-1]\n\n            // Instead of updating all previous t[j] values, we can just calculate the new value directly\n            ll new_value = d[i] * v[i - 1];\n            for (int j = 0; j < i; j++) {\n                t[j] *= new_value; // Just multiply with the new_value once\n            }\n\n            common_gcd = t[0];\n            for (int j = 1; j <= i; j++) {\n                common_gcd = gcd(common_gcd, t[j]);\n            }\n            for (int j = 0; j <= i; j++) t[j] /= common_gcd;\n        }\n\n        for (int i = 0; i < n; i++) printf("%lld\\n", t[i]);\n    }\n}')
2025-02-24 21:34:34,020	[INFO]	
2025-02-24 21:34:34,020	[INFO]	==== DIFF ====

