2025-02-24 22:28:25,835	[DEBUG]	==== CONFIG ====
[magpie]
import = 
seed = 4763010084671893
log_dir = _magpie_logs
work_dir = _magpie_work
local_original_copy = True
local_original_name = __original__
output_encoding = ascii
edit_retries = 10
default_timeout = 30
default_lengthout = 10000.0
diff_method = unified
trust_local_filesystem = True

[magpie.log]
color_output = True
format_info = {counter:<7} {status:<20} {best}{fitness} ({ratio}) [{size}] {cached} {log}
format_debug = patch({counter})="{patch}"{diffifbest}
format_fitness = {:.2f}
format_ratio = {:.2%%}
format_patchif = 
	 --> {patch}
format_diffif = 
	{diff}

[software]
path = dataset/magpie_dataset/train/0072
target_files = 
	source.cpp
software = BasicSoftware
model_rules = 
	*.params : ParamFileConfigModel
	*.xml : SrcmlModel
	* : LineModel
model_config = 
	*.params : [paramconfig]
	*.xml : [srcml]
init_cmd = 
init_timeout = 60
init_lengthout = -1
setup_cmd = bash setup.sh
setup_timeout = 
setup_lengthout = 
compile_cmd = bash compile.sh
compile_timeout = 
compile_lengthout = 
test_cmd = bash test.sh
test_timeout = 
test_lengthout = 
run_cmd = bash run.sh
run_timeout = 3
run_lengthout = 
batch_timeout = 
batch_lengthout = 
batch_bin_fitness_strategy = aggregate
batch_fitness_strategy = sum
fitness = time

[srcml]
rename = 
	stmt: break continue decl_stmt do expr_stmt for goto if return switch while
	number: literal_number
focus = block stmt operator_comp operator_arith number
internodes = block
process_pseudo_blocks = True
process_literals = True
process_operators = True

[paramconfig]
timing = test run
cli_prefix = --
cli_glue = =
cli_boolean = show
cli_boolean_prefix_true = 
cli_boolean_prefix_false = no-
cli_none = hide
silent_prefix = @
silent_suffix = $

[search]
protocol = BasicProtocol
algorithm = GeneticProgrammingLLM
possible_edits = 
	LineLLMMutation
	LineLLMCrossover
	LineDeletion
	LineInsertion
	LineReplacement
llm_prob = 1.0
warmup = 5
warmup_strategy = last
max_steps = 50
max_time = 20000
target_fitness = 
cache_maxsize = 100
cache_keep = 0.2
batch_instances = 
batch_shuffle = True
batch_bin_shuffle = False
batch_sample_size = 1

[search.ls]
delete_prob = 0.5
max_neighbours = 
when_trapped = continue
accept_fail = False
tabu_length = 10

[search.gp]
pop_size = 10
delete_prob = 0.0
offspring_elitism = 0.2
offspring_crossover = 0.4
offspring_mutation = 0.4
uniform_rate = 0.5
batch_reset = True
llm_type = baseline

[search.minify]
do_cleanup = True
do_rebuild = True
do_simplify = True
round_robin_limit = 3


2025-02-24 22:28:25,835	[DEBUG]	
2025-02-24 22:28:25,835	[INFO]	==== SEARCH: GeneticProgrammingLLM ====
2025-02-24 22:28:25,835	[INFO]	~~~~ WARMUP ~~~~
2025-02-24 22:28:26,835	[DEBUG]	EXEC>  SUCCESS 3123741.0
2025-02-24 22:28:26,835	[INFO]	WARM    SUCCESS               3123741.00 (--) [0 edit(s)]  
2025-02-24 22:28:27,397	[DEBUG]	EXEC>  SUCCESS 3123652.0
2025-02-24 22:28:27,397	[INFO]	WARM    SUCCESS               3123652.00 (--) [0 edit(s)]  
2025-02-24 22:28:27,974	[DEBUG]	EXEC>  SUCCESS 3123665.5
2025-02-24 22:28:27,974	[INFO]	WARM    SUCCESS               3123665.50 (--) [0 edit(s)]  
2025-02-24 22:28:28,536	[DEBUG]	EXEC>  SUCCESS 3123740.5
2025-02-24 22:28:28,536	[INFO]	WARM    SUCCESS               3123740.50 (--) [0 edit(s)]  
2025-02-24 22:28:29,128	[DEBUG]	EXEC>  SUCCESS 3123651.0
2025-02-24 22:28:29,128	[INFO]	WARM    SUCCESS               3123651.00 (--) [0 edit(s)]  
2025-02-24 22:28:29,128	[INFO]	REF     SUCCESS               3123651.00 (--) [0 edit(s)]  
2025-02-24 22:28:29,129	[INFO]	
2025-02-24 22:28:29,129	[INFO]	~~~~ START ~~~~
2025-02-24 22:30:21,870	[INFO]	0-1     COMPILE_CODE_ERROR    None (--) [1 edit(s)]  
2025-02-24 22:30:21,870	[DEBUG]	patch(0-1)="LineLLMMutation(('source.cpp', 0), '#include <cstdio>\nusing namespace std;\n\nbool visit[26], g[26][26];\n\nbool dfs(int v) {\n    visit[v] = true;\n    bool f = false;\n    for (int i = 0; i < 26; i++)\n        if (g[v][i]) {\n            f = true;\n            if (!visit[i]) dfs(i);\n        }\n    return f;\n}\n\nint graph_num(void) {\n    int res = 0;\n    for (int i = 0; i < 26; i++)\n        if (!visit[i] && dfs(i)) res++;\n    return res;\n}\n\nint main() {\n    int n, pre[26], suf[26], h, t;\n    char s[100];\n\n    while (scanf("%d", &n) && n) {\n        for (int i = 0; i < 26; i++) {\n            visit[i] = false;\n            pre[i] = suf[i] = 0;\n            for (int j = 0; j < 26; j++) g[i][j] = false;\n        }\n\n        for (int i = 0; i < n; i++) {\n            scanf("%s", s);\n            h = s[0] - \'a\', t = s[strlen(s) - 1] - \'a\';\n            pre[h]++;\n            suf[t]++;\n            g[h][t] = g[t][h] = true;\n        }\n\n        if (graph_num() != 1) printf("NG\\n");\n        else {\n            for (int i = 0; i < 26; i++) if (pre[i] != suf[i]) break;\n            if (i == 26) printf("OK\\n");\n            else printf("NG\\n");\n        }\n    }\n}')"
2025-02-24 22:30:23,231	[INFO]	0-2     COMPILE_CODE_ERROR    None (--) [1 edit(s)]  
2025-02-24 22:30:23,231	[DEBUG]	patch(0-2)="LineLLMMutation(('source.cpp', 1), '#include <iostream>\nusing namespace std;\n\nint g[26][26];\n\nbool dfs(int v, int &visit) {\n    visit |= (1 << v);\n    bool f = false;\n    for (int i = 0; i < 26; i++)\n        if (g[v][i]) {\n            f = true;\n            if (!(visit & (1 << i))) dfs(i, visit);\n        }\n    return f;\n}\n\nint graph_num(void) {\n    int res = 0;\n    int visit = 0;\n    for (int i = 0; i < 26; i++)\n        if (!(visit & (1 << i)) && dfs(i, visit)) res++;\n    return res;\n}\n\nint main() {\n    int n, pre[26], suf[26], h, t;\n    string s;\n\n    while (cin >> n && n) {\n        for (int i = 0; i < 26; i++) {\n            pre[i] = suf[i] = 0;\n            for (int j = 0; j < 26; j++) g[i][j] = false;\n        }\n\n        for (int i = 0; i < n; i++) {\n            cin >> s;\n            h = s[0] - \'a\', t = s[s.size() - 1] - \'a\';\n            pre[h]++;\n            suf[t]++;\n            g[h][t] = g[t][h] = true;\n        }\n\n        if (graph_num() != 1) printf("NG\\n");\n        else {\n            for (int i = 0; i < 26; i++) if (pre[i] != suf[i]) break;\n            if (i == 26) printf("OK\\n");\n            else printf("NG\\n");\n        }\n    }\n}')"
2025-02-24 22:30:24,643	[INFO]	0-3     COMPILE_CODE_ERROR    None (--) [1 edit(s)]  
2025-02-24 22:30:24,643	[DEBUG]	patch(0-3)="LineLLMMutation(('source.cpp', 2), '#include <iostream>\n#include <vector>\nusing namespace std;\n\nvector<vector<bool>> g(26, vector<bool>(26));\nvector<int> pre(26), suf(26);\n\nbool dfs(int v, vector<bool> &visit) {\n    visit[v] = true;\n    bool f = false;\n    for (int i = 0; i < 26; i++)\n        if (g[v][i]) {\n            f = true;\n            if (!visit[i]) dfs(i, visit);\n        }\n    return f;\n}\n\nint graph_num(void) {\n    int res = 0;\n    vector<bool> visit(26, false);\n    for (int i = 0; i < 26; i++)\n        if (!visit[i] && dfs(i, visit)) res++;\n    return res;\n}\n\nint main() {\n    int n;\n    string s;\n\n    while (cin >> n && n) {\n        fill(pre.begin(), pre.end(), 0);\n        fill(suf.begin(), suf.end(), 0);\n        for (int i = 0; i < 26; i++)\n            fill(g[i].begin(), g[i].end(), false);\n\n        for (int i = 0; i < n; i++) {\n            cin >> s;\n            int h = s[0] - \'a\', t = s[s.size() - 1] - \'a\';\n            pre[h]++;\n            suf[t]++;\n            g[h][t] = g[t][h] = true;\n        }\n\n        if (graph_num() != 1) printf("NG\\n");\n        else {\n            for (int i = 0; i < 26; i++) if (pre[i] != suf[i]) break;\n            if (i == 26) printf("OK\\n");\n            else printf("NG\\n");\n        }\n    }\n}')"
2025-02-24 22:30:26,228	[DEBUG]	EXEC>  SUCCESS 3123775.0
2025-02-24 22:30:26,228	[INFO]	0-4     SUCCESS              +3123775.00 (100.00%) [1 edit(s)]  
2025-02-24 22:30:26,228	[DEBUG]	patch(0-4)="LineLLMMutation(('source.cpp', 3), '#include <iostream>\n#include <array>\nusing namespace std;\n\narray<bool, 26> visit;\narray<array<bool, 26>, 26> g;\n\nbool dfs(int v) {\n    visit[v] = true;\n    bool f = false;\n    for (int i = 0; i < 26; i++)\n        if (g[v][i]) {\n            f = true;\n            if (!visit[i]) dfs(i);\n        }\n    return f;\n}\n\nint graph_num(void) {\n    int res = 0;\n    for (int i = 0; i < 26; i++)\n        if (!visit[i] && dfs(i)) res++;\n    return res;\n}\n\nint main() {\n    int n, h, t;\n    string s;\n\n    while (cin >> n && n) {\n        visit.fill(false);\n        for (int i = 0; i < 26; i++)\n            for (int j = 0; j < 26; j++) g[i][j] = false;\n\n        for (int i = 0; i < n; i++) {\n            cin >> s;\n            h = s[0] - \'a\', t = s[s.size() - 1] - \'a\';\n            g[h][t] = g[t][h] = true;\n        }\n\n        if (graph_num() != 1) printf("NG\\n");\n        else {\n            bool ok = true;\n            for (int i = 0; i < 26; i++) if (g[i][0] != g[0][i]) ok = false;\n            if (ok) printf("OK\\n");\n            else printf("NG\\n");\n        }\n    }\n}')"
2025-02-24 22:30:27,589	[INFO]	0-5     COMPILE_CODE_ERROR    None (--) [1 edit(s)]  
2025-02-24 22:30:27,589	[DEBUG]	patch(0-5)="LineLLMMutation(('source.cpp', 4), '#include <iostream>\nusing namespace std;\n\nbool visit[26], g[26][26];\n\nvoid initialize() {\n    for (int i = 0; i < 26; i++) {\n        visit[i] = false;\n        for (int j = 0; j < 26; j++) g[i][j] = false;\n    }\n}\n\nbool dfs(int v) {\n    visit[v] = true;\n    bool f = false;\n    for (int i = 0; i < 26; i++)\n        if (g[v][i]) {\n            f = true;\n            if (!visit[i]) dfs(i);\n        }\n    return f;\n}\n\nint graph_num(void) {\n    int res = 0;\n    for (int i = 0; i < 26; i++)\n        if (!visit[i] && dfs(i)) res++;\n    return res;\n}\n\nint main() {\n    int n, pre[26], suf[26], h, t;\n    string s;\n\n    while (cin >> n && n) {\n        initialize();\n        fill(pre, pre + 26, 0);\n        fill(suf, suf + 26, 0);\n\n        for (int i = 0; i < n; i++) {\n            cin >> s;\n            h = s[0] - \'a\', t = s[s.size() - 1] - \'a\';\n            pre[h]++;\n            suf[t]++;\n            g[h][t] = g[t][h] = true;\n        }\n\n        if (graph_num() != 1) printf("NG\\n");\n        else {\n            for (int i = 0; i < 26; i++) if (pre[i] != suf[i]) break;\n            if (i == 26) printf("OK\\n");\n            else printf("NG\\n");\n        }\n    }\n}')"
2025-02-24 22:30:28,952	[INFO]	0-6     COMPILE_CODE_ERROR    None (--) [1 edit(s)]  
2025-02-24 22:30:28,952	[DEBUG]	patch(0-6)="LineLLMMutation(('source.cpp', 5), '#include <iostream>\nusing namespace std;\n\nbool visit[26], g[26][26];\n\nbool dfs(int v) {\n    visit[v] = true;\n    bool f = false;\n    for (int i = 0; i < 26; i++)\n        if (g[v][i]) {\n            f = true;\n            if (!visit[i]) dfs(i);\n        }\n    return f;\n}\n\nint graph_num(void) {\n    int res = 0;\n    for (int i = 0; i < 26; i++)\n        if (!visit[i] && dfs(i)) res++;\n    return res;\n}\n\nint main() {\n    int n, pre[26], suf[26], h, t;\n    string s;\n\n    while (cin >> n && n) {\n        fill(visit, visit + 26, false);\n        fill(pre, pre + 26, 0);\n        fill(suf, suf + 26, 0);\n        for (int i = 0; i < 26; i++)\n            for (int j = 0; j < 26; j++) g[i][j] = false;\n\n        for (int i = 0; i < n; i++) {\n            cin >> s;\n            h = s[0] - \'a\', t = s[s.size() - 1] - \'a\';\n            pre[h]++;\n            suf[t]++;\n            g[h][t] = g[t][h] = true;\n        }\n\n        if (graph_num() != 1) cout << "NG\\n";\n        else {\n            for (int i = 0; i < 26; i++) if (pre[i] != suf[i]) break;\n            if (i == 26) cout << "OK\\n";\n            else cout << "NG\\n";\n        }\n    }\n}')"
2025-02-24 22:30:30,306	[INFO]	0-7     COMPILE_CODE_ERROR    None (--) [1 edit(s)]  
2025-02-24 22:30:30,306	[DEBUG]	patch(0-7)="LineLLMMutation(('source.cpp', 6), '#include <iostream>\nusing namespace std;\n\nbool visit[26], g[26][26];\n\nbool dfs(int v) {\n    visit[v] = true;\n    bool f = false;\n    for (int i = 0; i < 26; i++)\n        if (g[v][i]) {\n            f = true;\n            if (!visit[i]) dfs(i);\n        }\n    return f;\n}\n\nint graph_num(void) {\n    int res = 0;\n    for (int i = 0; i < 26; i++)\n        if (!visit[i] && dfs(i)) res++;\n    return res;\n}\n\nint main() {\n    int n, pre[26], suf[26], h, t;\n    string s;\n\n    while (cin >> n && n) {\n        fill(visit, visit + 26, false);\n        fill(pre, pre + 26, 0);\n        fill(suf, suf + 26, 0);\n        for (int i = 0; i < 26; i++)\n            for (int j = 0; j < 26; j++) g[i][j] = false;\n\n        for (int i = 0; i < n; i++) {\n            cin >> s;\n            h = s[0] - \'a\', t = s[s.size() - 1] - \'a\';\n            pre[h]++;\n            suf[t]++;\n            g[h][t] = g[t][h] = true;\n        }\n\n        int numGraphs = graph_num();\n        if (numGraphs != 1) cout << "NG\\n";\n        else {\n            for (int i = 0; i < 26; i++) if (pre[i] != suf[i]) break;\n            if (i == 26) cout << "OK\\n";\n            else cout << "NG\\n";\n        }\n    }\n}')"
2025-02-24 22:30:31,714	[INFO]	0-8     COMPILE_CODE_ERROR    None (--) [1 edit(s)]  
2025-02-24 22:30:31,714	[DEBUG]	patch(0-8)="LineLLMMutation(('source.cpp', 7), '#include <iostream>\n#include <vector>\nusing namespace std;\n\nvector<vector<int>> g(26);\nvector<bool> visit(26);\n\nbool dfs(int v) {\n    visit[v] = true;\n    bool f = false;\n    for (int i : g[v]) {\n        f = true;\n        if (!visit[i]) dfs(i);\n    }\n    return f;\n}\n\nint graph_num(void) {\n    int res = 0;\n    for (int i = 0; i < 26; i++)\n        if (!visit[i] && dfs(i)) res++;\n    return res;\n}\n\nint main() {\n    int n, pre[26], suf[26], h, t;\n    string s;\n\n    while (cin >> n && n) {\n        fill(visit.begin(), visit.end(), false);\n        fill(pre, pre + 26, 0);\n        fill(suf, suf + 26, 0);\n        for (int i = 0; i < 26; i++) g[i].clear();\n\n        for (int i = 0; i < n; i++) {\n            cin >> s;\n            h = s[0] - \'a\', t = s[s.size() - 1] - \'a\';\n            pre[h]++;\n            suf[t]++;\n            g[h].push_back(t);\n            g[t].push_back(h);\n        }\n\n        if (graph_num() != 1) cout << "NG\\n";\n        else {\n            for (int i = 0; i < 26; i++) if (pre[i] != suf[i]) break;\n            if (i == 26) cout << "OK\\n";\n            else cout << "NG\\n";\n        }\n    }\n}')"
2025-02-24 22:30:33,095	[INFO]	0-9     COMPILE_CODE_ERROR    None (--) [1 edit(s)]  
2025-02-24 22:30:33,095	[DEBUG]	patch(0-9)="LineLLMMutation(('source.cpp', 8), '#include <iostream>\n#include <sstream>\nusing namespace std;\n\nbool visit[26], g[26][26];\n\nbool dfs(int v) {\n    visit[v] = true;\n    bool f = false;\n    for (int i = 0; i < 26; i++)\n        if (g[v][i]) {\n            f = true;\n            if (!visit[i]) dfs(i);\n        }\n    return f;\n}\n\nint graph_num(void) {\n    int res = 0;\n    for (int i = 0; i < 26; i++)\n        if (!visit[i] && dfs(i)) res++;\n    return res;\n}\n\nint main() {\n    int n, pre[26], suf[26], h, t;\n    string s;\n    stringstream output;\n\n    while (cin >> n && n) {\n        fill(visit, visit + 26, false);\n        fill(pre, pre + 26, 0);\n        fill(suf, suf + 26, 0);\n        for (int i = 0; i < 26; i++)\n            for (int j = 0; j < 26; j++) g[i][j] = false;\n\n        for (int i = 0; i < n; i++) {\n            cin >> s;\n            h = s[0] - \'a\', t = s[s.size() - 1] - \'a\';\n            pre[h]++;\n            suf[t]++;\n            g[h][t] = g[t][h] = true;\n        }\n\n        if (graph_num() != 1) output << "NG\\n";\n        else {\n            for (int i = 0; i < 26; i++) if (pre[i] != suf[i]) break;\n            if (i == 26) output << "OK\\n";\n            else output << "NG\\n";\n        }\n    }\n\n    cout << output.str();\n}')"
2025-02-24 22:30:34,618	[INFO]	0-10    COMPILE_CODE_ERROR    None (--) [1 edit(s)]  
2025-02-24 22:30:34,619	[DEBUG]	patch(0-10)="LineLLMMutation(('source.cpp', 9), '#include <iostream>\n#include <unordered_map>\n#include <vector>\nusing namespace std;\n\nunordered_map<int, vector<int>> g;\nvector<bool> visit(26);\n\nbool dfs(int v) {\n    visit[v] = true;\n    bool f = false;\n    for (int i : g[v]) {\n        f = true;\n        if (!visit[i]) dfs(i);\n    }\n    return f;\n}\n\nint graph_num(void) {\n    int res = 0;\n    for (int i = 0; i < 26; i++)\n        if (!visit[i] && dfs(i)) res++;\n    return res;\n}\n\nint main() {\n    int n, pre[26], suf[26], h, t;\n    string s;\n\n    while (cin >> n && n) {\n        fill(visit.begin(), visit.end(), false);\n        fill(pre, pre + 26, 0);\n        fill(suf, suf + 26, 0);\n        g.clear();\n\n        for (int i = 0; i < n; i++) {\n            cin >> s;\n            h = s[0] - \'a\', t = s[s.size() - 1] - \'a\';\n            pre[h]++;\n            suf[t]++;\n            g[h].push_back(t);\n            g[t].push_back(h);\n        }\n\n        if (graph_num() != 1) cout << "NG\\n";\n        else {\n            for (int i = 0; i < 26; i++) if (pre[i] != suf[i]) break;\n            if (i == 26) cout << "OK\\n";\n            else cout << "NG\\n";\n        }\n    }\n}')"
2025-02-24 22:30:35,619	[INFO]	Step: 10
2025-02-24 22:30:35,619	[INFO]	Stop Steps: 50
2025-02-24 22:30:37,203	[DEBUG]	EXEC>  SUCCESS 3123651.0
2025-02-24 22:30:37,203	[INFO]	REF     SUCCESS               3123651.00 (--) [0 edit(s)]  
2025-02-24 22:30:37,203	[INFO]	Best patch step: None
2025-02-24 22:31:51,587	[INFO]	Step: 10
2025-02-24 22:31:51,587	[INFO]	Stop Steps: 50
2025-02-24 22:31:52,174	[DEBUG]	EXEC>  SUCCESS 3123863.5
2025-02-24 22:31:52,175	[INFO]	1-1     SUCCESS              +3123863.50 (100.01%) [1 edit(s)]  
2025-02-24 22:31:52,175	[DEBUG]	patch(1-1)="LineLLMMutation(('source.cpp', 3), '#include <iostream>\n#include <array>\nusing namespace std;\n\narray<bool, 26> visit;\narray<array<bool, 26>, 26> g;\n\nbool dfs(int v) {\n    visit[v] = true;\n    bool f = false;\n    for (int i = 0; i < 26; i++)\n        if (g[v][i]) {\n            f = true;\n            if (!visit[i]) dfs(i);\n        }\n    return f;\n}\n\nint graph_num(void) {\n    int res = 0;\n    for (int i = 0; i < 26; i++)\n        if (!visit[i] && dfs(i)) res++;\n    return res;\n}\n\nint main() {\n    int n, h, t;\n    string s;\n\n    while (cin >> n && n) {\n        visit.fill(false);\n        for (int i = 0; i < 26; i++)\n            for (int j = 0; j < 26; j++) g[i][j] = false;\n\n        for (int i = 0; i < n; i++) {\n            cin >> s;\n            h = s[0] - \'a\', t = s[s.size() - 1] - \'a\';\n            g[h][t] = g[t][h] = true;\n        }\n\n        if (graph_num() != 1) printf("NG\\n");\n        else {\n            bool ok = true;\n            for (int i = 0; i < 26; i++) if (g[i][0] != g[0][i]) ok = false;\n            if (ok) printf("OK\\n");\n            else printf("NG\\n");\n        }\n    }\n}')"
2025-02-24 22:31:52,175	[INFO]	Step: 11
2025-02-24 22:31:52,175	[INFO]	Stop Steps: 50
2025-02-24 22:31:53,019	[INFO]	1-2     TEST_CODE_ERROR       None (--) [1 edit(s)]  
2025-02-24 22:31:53,019	[DEBUG]	patch(1-2)="LineLLMCrossover(('source.cpp', 0), '#include <iostream>\n#include <array>\n#include <vector>\n#include <sstream>\nusing namespace std;\n\narray<bool, 26> visit;\narray<array<bool, 26>, 26> g;\n\nbool dfs(int v) {\n    visit[v] = true;\n    for (int i = 0; i < 26; i++) {\n        if (g[v][i] && !visit[i]) dfs(i);\n    }\n}\n\nint graph_num(void) {\n    int res = 0;\n    for (int i = 0; i < 26; i++) {\n        if (!visit[i]) {\n            dfs(i);\n            res++;\n        }\n    }\n    return res;\n}\n\nint main() {\n    int n;\n    string input;\n    while (getline(cin, input)) {\n        stringstream ss(input);\n        ss >> n;\n        if (n == 0) break;\n\n        visit.fill(false);\n        for (int i = 0; i < 26; i++)\n            fill(g[i].begin(), g[i].end(), false);\n\n        for (int i = 0; i < n; i++) {\n            string s;\n            ss >> s;\n            int h = s[0] - \'a\', t = s[s.size() - 1] - \'a\';\n            g[h][t] = g[t][h] = true;\n        }\n\n        cout << (graph_num() == 1 ? "OK" : "NG") << endl;\n    }\n}')"
2025-02-24 22:31:53,019	[INFO]	Step: 12
2025-02-24 22:31:53,019	[INFO]	Stop Steps: 50
2025-02-24 22:31:53,597	[INFO]	1-3     TEST_CODE_ERROR       None (--) [1 edit(s)]  
2025-02-24 22:31:53,597	[DEBUG]	patch(1-3)="LineLLMCrossover(('source.cpp', 1), '#include <iostream>\n#include <array>\n#include <vector>\nusing namespace std;\n\narray<bool, 26> visit;\narray<array<bool, 26>, 26> g;\n\nvoid dfs(int v) {\n    visit[v] = true;\n    for (int i = 0; i < 26; i++) {\n        if (g[v][i] && !visit[i]) dfs(i);\n    }\n}\n\nint count_components() {\n    int res = 0;\n    for (int i = 0; i < 26; i++) {\n        if (!visit[i]) {\n            dfs(i);\n            res++;\n        }\n    }\n    return res;\n}\n\nint main() {\n    int n;\n    string s;\n\n    while (cin >> n && n) {\n        visit.fill(false);\n        for (auto &row : g) row.fill(false);\n\n        for (int i = 0; i < n; i++) {\n            cin >> s;\n            int h = s[0] - \'a\', t = s.back() - \'a\';\n            g[h][t] = g[t][h] = true;\n        }\n\n        cout << (count_components() == 1 ? "OK" : "NG") << endl;\n    }\n}')"
2025-02-24 22:31:53,598	[INFO]	Step: 13
2025-02-24 22:31:53,598	[INFO]	Stop Steps: 50
2025-02-24 22:31:54,152	[INFO]	1-4     TEST_CODE_ERROR       None (--) [1 edit(s)]  
2025-02-24 22:31:54,152	[DEBUG]	patch(1-4)="LineLLMCrossover(('source.cpp', 2), '#include <iostream>\n#include <array>\nusing namespace std;\n\narray<bool, 26> visited;\narray<array<bool, 26>, 26> graph;\n\nvoid traverse(int node) {\n    visited[node] = true;\n    for (int neighbor = 0; neighbor < 26; neighbor++) {\n        if (graph[node][neighbor] && !visited[neighbor]) traverse(neighbor);\n    }\n}\n\nint component_count() {\n    int count = 0;\n    for (int i = 0; i < 26; i++) {\n        if (!visited[i]) {\n            traverse(i);\n            count++;\n        }\n    }\n    return count;\n}\n\nint main() {\n    int edge_count;\n    string line;\n\n    while (cin >> edge_count && edge_count) {\n        visited.fill(false);\n        for (auto &row : graph) row.fill(false);\n\n        for (int i = 0; i < edge_count; i++) {\n            string str;\n            cin >> str;\n            int start = str[0] - \'a\';\n            int end = str.back() - \'a\';\n            graph[start][end] = graph[end][start] = true;\n        }\n\n        cout << (component_count() == 1 ? "OK" : "NG") << endl;\n    }\n}')"
2025-02-24 22:31:54,152	[INFO]	Step: 14
2025-02-24 22:31:54,152	[INFO]	Stop Steps: 50
2025-02-24 22:31:54,701	[INFO]	1-5     TEST_CODE_ERROR       None (--) [1 edit(s)]  
2025-02-24 22:31:54,701	[DEBUG]	patch(1-5)="LineLLMCrossover(('source.cpp', 3), '#include <iostream>\n#include <array>\nusing namespace std;\n\narray<bool, 26> visited_nodes;\narray<array<bool, 26>, 26> adjacency_matrix;\n\nvoid depth_first_search(int current_node) {\n    visited_nodes[current_node] = true;\n    for (int next_node = 0; next_node < 26; next_node++) {\n        if (adjacency_matrix[current_node][next_node] && !visited_nodes[next_node]) {\n            depth_first_search(next_node);\n        }\n    }\n}\n\nint count_connected_components() {\n    int component_count = 0;\n    for (int i = 0; i < 26; i++) {\n        if (!visited_nodes[i]) {\n            depth_first_search(i);\n            component_count++;\n        }\n    }\n    return component_count;\n}\n\nint main() {\n    int number_of_edges;\n    string input_string;\n\n    while (cin >> number_of_edges && number_of_edges) {\n        visited_nodes.fill(false);\n        for (auto &row : adjacency_matrix) row.fill(false);\n\n        for (int i = 0; i < number_of_edges; i++) {\n            cin >> input_string;\n            int start_node = input_string[0] - \'a\';\n            int end_node = input_string.back() - \'a\';\n            adjacency_matrix[start_node][end_node] = adjacency_matrix[end_node][start_node] = true;\n        }\n\n        cout << (count_connected_components() == 1 ? "OK" : "NG") << endl;\n    }\n}')"
2025-02-24 22:31:54,701	[INFO]	Step: 15
2025-02-24 22:31:54,701	[INFO]	Stop Steps: 50
2025-02-24 22:31:55,245	[INFO]	1-6     TEST_CODE_ERROR       None (--) [2 edit(s)]  
2025-02-24 22:31:55,245	[DEBUG]	patch(1-6)="LineLLMMutation(('source.cpp', 3), '#include <iostream>\n#include <array>\nusing namespace std;\n\narray<bool, 26> visit;\narray<array<bool, 26>, 26> g;\n\nbool dfs(int v) {\n    visit[v] = true;\n    bool f = false;\n    for (int i = 0; i < 26; i++)\n        if (g[v][i]) {\n            f = true;\n            if (!visit[i]) dfs(i);\n        }\n    return f;\n}\n\nint graph_num(void) {\n    int res = 0;\n    for (int i = 0; i < 26; i++)\n        if (!visit[i] && dfs(i)) res++;\n    return res;\n}\n\nint main() {\n    int n, h, t;\n    string s;\n\n    while (cin >> n && n) {\n        visit.fill(false);\n        for (int i = 0; i < 26; i++)\n            for (int j = 0; j < 26; j++) g[i][j] = false;\n\n        for (int i = 0; i < n; i++) {\n            cin >> s;\n            h = s[0] - \'a\', t = s[s.size() - 1] - \'a\';\n            g[h][t] = g[t][h] = true;\n        }\n\n        if (graph_num() != 1) printf("NG\\n");\n        else {\n            bool ok = true;\n            for (int i = 0; i < 26; i++) if (g[i][0] != g[0][i]) ok = false;\n            if (ok) printf("OK\\n");\n            else printf("NG\\n");\n        }\n    }\n}') | LineLLMMutation(('source.cpp', 10), '#include <iostream>\n#include <array>\nusing namespace std;\n\narray<bool, 26> visit;\narray<array<bool, 26>, 26> g;\n\nbool dfs(int v) {\n    visit[v] = true;\n    for (int i = 0; i < 26; i++)\n        if (g[v][i] && !visit[i]) {\n            dfs(i);\n        }\n    return true; // Return true if we visit any node\n}\n\nint graph_num(void) {\n    int res = 0;\n    for (int i = 0; i < 26; i++)\n        if (!visit[i]) {\n            dfs(i);\n            res++;\n        }\n    return res;\n}\n\nint main() {\n    int n, h, t;\n    string s;\n\n    while (cin >> n && n) {\n        visit.fill(false);\n        g.fill(array<bool, 26>{}); // More efficient way to clear the adjacency matrix\n\n        for (int i = 0; i < n; i++) {\n            cin >> s;\n            h = s[0] - \'a\', t = s[s.size() - 1] - \'a\';\n            g[h][t] = g[t][h] = true;\n        }\n\n        if (graph_num() != 1) printf("NG\\n");\n        else {\n            bool ok = true;\n            for (int i = 0; i < 26; i++) if (g[i][0] != g[0][i]) ok = false;\n            printf(ok ? "OK\\n" : "NG\\n");\n        }\n    }\n}')"
2025-02-24 22:31:55,245	[INFO]	Step: 16
2025-02-24 22:31:55,246	[INFO]	Stop Steps: 50
2025-02-24 22:31:55,608	[INFO]	1-7     COMPILE_CODE_ERROR    None (--) [1 edit(s)]  
2025-02-24 22:31:55,608	[DEBUG]	patch(1-7)="LineLLMMutation(('source.cpp', 11), '#include<iostream>\nusing namespace std;\n\nbool visit[26], g[26][26];\n\nbool dfs(int v) {\n    visit[v] = true;\n    bool f = false;\n    for (int i = 0; i < 26; i++) {\n        if (g[v][i]) {\n            f = true;\n            if (!visit[i]) dfs(i);\n        }\n    }\n    return f;\n}\n\nint graph_num(void) {\n    int res = 0;\n    for (int i = 0; i < 26; i++)\n        if (!visit[i] && dfs(i)) res++;\n    return res;\n}\n\nint main() {\n    int n, h, t;\n    string s;\n\n    while (cin >> n && n) {\n        fill_n(visit, 26, false);\n        fill_n(pre, 26, 0);\n        fill_n(suf, 26, 0);\n        for (int i = 0; i < 26; i++) fill_n(g[i], 26, false);\n\n        for (int i = 0; i < n; i++) {\n            cin >> s;\n            h = s[0] - \'a\', t = s[s.size() - 1] - \'a\';\n            pre[h]++;\n            suf[t]++;\n            g[h][t] = g[t][h] = true;\n        }\n\n        if (graph_num() != 1) printf("NG\\n");\n        else {\n            int i;\n            for (i = 0; i < 26; i++) if (pre[i] != suf[i]) break;\n\n            if (i == 26) printf("OK\\n");\n            else printf("NG\\n");\n        }\n    }\n}')"
2025-02-24 22:31:55,608	[INFO]	Step: 17
2025-02-24 22:31:55,608	[INFO]	Stop Steps: 50
2025-02-24 22:31:55,702	[INFO]	1-8     COMPILE_CODE_ERROR    None (--) [1 edit(s)]  
2025-02-24 22:31:55,703	[DEBUG]	patch(1-8)="LineLLMMutation(('source.cpp', 12), '#include <cstdio>\nusing namespace std;\n\nbool visit[26], g[26][26];\n\nbool dfs(int v) {\n    visit[v] = true;\n    bool f = false;\n    for (int i = 0; i < 26; i++) {\n        if (g[v][i]) {\n            f = true;\n            if (!visit[i]) dfs(i);\n        }\n    }\n    return f;\n}\n\nint graph_num(void) {\n    int res = 0;\n    for (int i = 0; i < 26; i++)\n        if (!visit[i] && dfs(i)) res++;\n    return res;\n}\n\nint main() {\n    int n, h, t;\n    char s[100];\n\n    while (scanf("%d", &n) && n) {\n        fill_n(visit, 26, false);\n        fill_n(pre, 26, 0);\n        fill_n(suf, 26, 0);\n        for (int i = 0; i < 26; i++) fill_n(g[i], 26, false);\n\n        for (int i = 0; i < n; i++) {\n            scanf("%s", s);\n            h = s[0] - \'a\', t = s[strlen(s) - 1] - \'a\';\n            pre[h]++;\n            suf[t]++;\n            g[h][t] = g[t][h] = true;\n        }\n\n        if (graph_num() != 1) printf("NG\\n");\n        else {\n            int i;\n            for (i = 0; i < 26; i++) if (pre[i] != suf[i]) break;\n\n            if (i == 26) printf("OK\\n");\n            else printf("NG\\n");\n        }\n    }\n}')"
2025-02-24 22:31:55,703	[INFO]	Step: 18
2025-02-24 22:31:55,703	[INFO]	Stop Steps: 50
2025-02-24 22:31:56,464	[DEBUG]	EXEC>  SUCCESS 3126538.0
2025-02-24 22:31:56,464	[INFO]	1-9     SUCCESS               3126538.00 (100.09%) [1 edit(s)]  
2025-02-24 22:31:56,464	[DEBUG]	patch(1-9)="LineLLMMutation(('source.cpp', 13), '#include <iostream>\n#include <vector>\n#include <set>\nusing namespace std;\n\nvector<set<int>> g(26);\nbool visit[26];\n\nbool dfs(int v) {\n    visit[v] = true;\n    for (int neighbor : g[v]) {\n        if (!visit[neighbor]) dfs(neighbor);\n    }\n    return !g[v].empty();\n}\n\nint graph_num(void) {\n    int res = 0;\n    for (int i = 0; i < 26; i++)\n        if (!visit[i] && dfs(i)) res++;\n    return res;\n}\n\nint main() {\n    int n, h, t;\n    string s;\n\n    while (cin >> n && n) {\n        fill_n(visit, 26, false);\n        for (int i = 0; i < 26; i++) g[i].clear();\n        vector<int> pre(26, 0), suf(26, 0);\n\n        for (int i = 0; i < n; i++) {\n            cin >> s;\n            h = s[0] - \'a\', t = s[s.size() - 1] - \'a\';\n            pre[h]++;\n            suf[t]++;\n            g[h].insert(t);\n            g[t].insert(h);\n        }\n\n        if (graph_num() != 1) printf("NG\\n");\n        else {\n            int i;\n            for (i = 0; i < 26; i++) if (pre[i] != suf[i]) break;\n\n            if (i == 26) printf("OK\\n");\n            else printf("NG\\n");\n        }\n    }\n}')"
2025-02-24 22:31:56,464	[INFO]	Step: 19
2025-02-24 22:31:56,464	[INFO]	Stop Steps: 50
2025-02-24 22:31:56,849	[INFO]	1-10    COMPILE_CODE_ERROR    None (--) [1 edit(s)]  
2025-02-24 22:31:56,849	[DEBUG]	patch(1-10)="LineLLMMutation(('source.cpp', 14), '#include <iostream>\n#include <vector>\nusing namespace std;\n\nbool visit[26], g[26][26];\n\nbool dfs(int v) {\n    visit[v] = true;\n    for (int i = 0; i < 26; i++) {\n        if (g[v][i] && !visit[i]) {\n            dfs(i);\n        }\n    }\n    return true;\n}\n\nint graph_num(void) {\n    int res = 0;\n    for (int i = 0; i < 26; i++) {\n        if (!visit[i]) {\n            dfs(i);\n            res++;\n        }\n    }\n    return res;\n}\n\nint main() {\n    int n, h, t;\n    string s;\n\n    while (cin >> n && n) {\n        fill_n(visit, 26, false);\n        fill_n(pre, 26, 0);\n        fill_n(suf, 26, 0);\n        for (int i = 0; i < 26; i++) fill_n(g[i], 26, false);\n\n        for (int i = 0; i < n; i++) {\n            cin >> s;\n            h = s[0] - \'a\', t = s[s.size() - 1] - \'a\';\n            pre[h]++;\n            suf[t]++;\n            g[h][t] = g[t][h] = true;\n        }\n\n        if (graph_num() != 1) printf("NG\\n");\n        else {\n            int i;\n            for (i = 0; i < 26; i++) if (pre[i] != suf[i]) break;\n\n            if (i == 26) printf("OK\\n");\n            else printf("NG\\n");\n        }\n    }\n}')"
2025-02-24 22:31:56,849	[INFO]	Step: 20
2025-02-24 22:31:56,849	[INFO]	Stop Steps: 50
2025-02-24 22:31:58,423	[DEBUG]	EXEC>  SUCCESS 3123651.5
2025-02-24 22:31:58,423	[INFO]	REF     SUCCESS               3123651.50 (--) [0 edit(s)]  
2025-02-24 22:31:58,423	[INFO]	Best patch step: None
2025-02-24 22:32:41,914	[INFO]	Step: 20
2025-02-24 22:32:41,914	[INFO]	Stop Steps: 50
2025-02-24 22:32:42,505	[DEBUG]	EXEC>  SUCCESS 3123864.5
2025-02-24 22:32:42,505	[INFO]	2-1     SUCCESS              +3123864.50 (100.01%) [1 edit(s)]  
2025-02-24 22:32:42,505	[DEBUG]	patch(2-1)="LineLLMMutation(('source.cpp', 3), '#include <iostream>\n#include <array>\nusing namespace std;\n\narray<bool, 26> visit;\narray<array<bool, 26>, 26> g;\n\nbool dfs(int v) {\n    visit[v] = true;\n    bool f = false;\n    for (int i = 0; i < 26; i++)\n        if (g[v][i]) {\n            f = true;\n            if (!visit[i]) dfs(i);\n        }\n    return f;\n}\n\nint graph_num(void) {\n    int res = 0;\n    for (int i = 0; i < 26; i++)\n        if (!visit[i] && dfs(i)) res++;\n    return res;\n}\n\nint main() {\n    int n, h, t;\n    string s;\n\n    while (cin >> n && n) {\n        visit.fill(false);\n        for (int i = 0; i < 26; i++)\n            for (int j = 0; j < 26; j++) g[i][j] = false;\n\n        for (int i = 0; i < n; i++) {\n            cin >> s;\n            h = s[0] - \'a\', t = s[s.size() - 1] - \'a\';\n            g[h][t] = g[t][h] = true;\n        }\n\n        if (graph_num() != 1) printf("NG\\n");\n        else {\n            bool ok = true;\n            for (int i = 0; i < 26; i++) if (g[i][0] != g[0][i]) ok = false;\n            if (ok) printf("OK\\n");\n            else printf("NG\\n");\n        }\n    }\n}')"
2025-02-24 22:32:42,505	[INFO]	Step: 21
2025-02-24 22:32:42,505	[INFO]	Stop Steps: 50
2025-02-24 22:32:43,237	[DEBUG]	EXEC>  SUCCESS 3126448.5
2025-02-24 22:32:43,238	[INFO]	2-2     SUCCESS               3126448.50 (100.09%) [1 edit(s)]  
2025-02-24 22:32:43,238	[DEBUG]	patch(2-2)="LineLLMMutation(('source.cpp', 13), '#include <iostream>\n#include <vector>\n#include <set>\nusing namespace std;\n\nvector<set<int>> g(26);\nbool visit[26];\n\nbool dfs(int v) {\n    visit[v] = true;\n    for (int neighbor : g[v]) {\n        if (!visit[neighbor]) dfs(neighbor);\n    }\n    return !g[v].empty();\n}\n\nint graph_num(void) {\n    int res = 0;\n    for (int i = 0; i < 26; i++)\n        if (!visit[i] && dfs(i)) res++;\n    return res;\n}\n\nint main() {\n    int n, h, t;\n    string s;\n\n    while (cin >> n && n) {\n        fill_n(visit, 26, false);\n        for (int i = 0; i < 26; i++) g[i].clear();\n        vector<int> pre(26, 0), suf(26, 0);\n\n        for (int i = 0; i < n; i++) {\n            cin >> s;\n            h = s[0] - \'a\', t = s[s.size() - 1] - \'a\';\n            pre[h]++;\n            suf[t]++;\n            g[h].insert(t);\n            g[t].insert(h);\n        }\n\n        if (graph_num() != 1) printf("NG\\n");\n        else {\n            int i;\n            for (i = 0; i < 26; i++) if (pre[i] != suf[i]) break;\n\n            if (i == 26) printf("OK\\n");\n            else printf("NG\\n");\n        }\n    }\n}')"
2025-02-24 22:32:43,238	[INFO]	Step: 22
2025-02-24 22:32:43,238	[INFO]	Stop Steps: 50
2025-02-24 22:32:43,969	[DEBUG]	EXEC>  SUCCESS 3125538.0
2025-02-24 22:32:43,969	[INFO]	2-3     SUCCESS               3125538.00 (100.06%) [1 edit(s)]  
2025-02-24 22:32:43,969	[DEBUG]	patch(2-3)="LineLLMCrossover(('source.cpp', 4), '#include <iostream>\n#include <array>\n#include <vector>\n#include <set>\nusing namespace std;\n\narray<set<int>, 26> g; // Using set for dynamic graph representation\nbool visit[26];\n\nbool dfs(int v) {\n    visit[v] = true;\n    for (int neighbor : g[v]) {\n        if (!visit[neighbor]) dfs(neighbor);\n    }\n    return !g[v].empty();\n}\n\nint graph_num(void) {\n    int res = 0;\n    for (int i = 0; i < 26; i++)\n        if (!visit[i] && dfs(i)) res++;\n    return res;\n}\n\nint main() {\n    int n, h, t;\n    string s;\n\n    while (cin >> n && n) {\n        fill_n(visit, 26, false);\n        for (int i = 0; i < 26; i++) g[i].clear(); // Clear graph for each input\n        for (int i = 0; i < n; i++) {\n            cin >> s;\n            h = s[0] - \'a\', t = s[s.size() - 1] - \'a\';\n            g[h].insert(t);\n            g[t].insert(h);\n        }\n\n        if (graph_num() != 1) printf("NG\\n");\n        else printf("OK\\n");\n    }\n}')"
2025-02-24 22:32:43,969	[INFO]	Step: 23
2025-02-24 22:32:43,970	[INFO]	Stop Steps: 50
2025-02-24 22:32:44,521	[INFO]	2-4     TEST_CODE_ERROR       None (--) [1 edit(s)]  
2025-02-24 22:32:44,521	[DEBUG]	patch(2-4)="LineLLMCrossover(('source.cpp', 5), '#include <iostream>\n#include <vector>\n#include <array>\nusing namespace std;\n\narray<bool, 26> visit;\narray<array<bool, 26>, 26> g;\n\nbool dfs(int v) {\n    visit[v] = true;\n    for (int i = 0; i < 26; i++) {\n        if (g[v][i] && !visit[i]) dfs(i);\n    }\n    return true;\n}\n\nint graph_num(void) {\n    int res = 0;\n    for (int i = 0; i < 26; i++)\n        if (!visit[i]) {\n            dfs(i);\n            res++;\n        }\n    return res;\n}\n\nint main() {\n    int n, h, t;\n    string s;\n\n    while (cin >> n && n) {\n        visit.fill(false);\n        for (int i = 0; i < 26; i++)\n            for (int j = 0; j < 26; j++) g[i][j] = false;\n\n        for (int i = 0; i < n; i++) {\n            cin >> s;\n            h = s[0] - \'a\', t = s[s.size() - 1] - \'a\';\n            g[h][t] = g[t][h] = true;\n        }\n\n        if (graph_num() != 1) printf("NG\\n");\n        else printf("OK\\n");\n    }\n}')"
2025-02-24 22:32:44,521	[INFO]	Step: 24
2025-02-24 22:32:44,521	[INFO]	Stop Steps: 50
2025-02-24 22:32:45,151	[INFO]	2-5     TEST_CODE_ERROR       None (--) [1 edit(s)]  
2025-02-24 22:32:45,151	[DEBUG]	patch(2-5)="LineLLMCrossover(('source.cpp', 6), '#include <iostream>\n#include <vector>\n#include <array>\nusing namespace std;\n\nvector<vector<int>> g(26);\nbool visit[26];\n\nbool dfs(int v) {\n    visit[v] = true;\n    for (int neighbor : g[v]) {\n        if (!visit[neighbor]) dfs(neighbor);\n    }\n    return true;\n}\n\nint graph_num(void) {\n    int res = 0;\n    for (int i = 0; i < 26; i++)\n        if (!visit[i] && dfs(i)) res++;\n    return res;\n}\n\nint main() {\n    int n, h, t;\n    string s;\n\n    while (cin >> n && n) {\n        fill_n(visit, 26, false);\n        for (int i = 0; i < 26; i++) g[i].clear();\n\n        for (int i = 0; i < n; i++) {\n            cin >> s;\n            h = s[0] - \'a\', t = s[s.size() - 1] - \'a\';\n            g[h].push_back(t);\n            g[t].push_back(h);\n        }\n\n        if (graph_num() != 1) printf("NG\\n");\n        else printf("OK\\n");\n    }\n}')"
2025-02-24 22:32:45,151	[INFO]	Step: 25
2025-02-24 22:32:45,151	[INFO]	Stop Steps: 50
2025-02-24 22:32:45,692	[INFO]	2-6     TEST_CODE_ERROR       None (--) [1 edit(s)]  
2025-02-24 22:32:45,692	[DEBUG]	patch(2-6)="LineLLMCrossover(('source.cpp', 7), '#include <iostream>\n#include <array>\nusing namespace std;\n\narray<bool, 26> visit;\narray<array<bool, 26>, 26> g;\n\nbool dfs(int v) {\n    visit[v] = true;\n    for (int i = 0; i < 26; i++) {\n        if (g[v][i] && !visit[i]) dfs(i);\n    }\n    return true;\n}\n\nint graph_num(void) {\n    int res = 0;\n    for (int i = 0; i < 26; i++)\n        if (!visit[i]) {\n            dfs(i);\n            res++;\n        }\n    return res;\n}\n\nint main() {\n    int n, h, t;\n    string s;\n\n    while (cin >> n && n) {\n        visit.fill(false);\n        for (int i = 0; i < 26; i++)\n            for (int j = 0; j < 26; j++) g[i][j] = false;\n\n        for (int i = 0; i < n; i++) {\n            cin >> s;\n            h = s[0] - \'a\', t = s[s.size() - 1] - \'a\';\n            g[h][t] = g[t][h] = true;\n        }\n\n        if (graph_num() != 1) printf("NG\\n");\n        else printf("OK\\n");\n    }\n}')"
2025-02-24 22:32:45,692	[INFO]	Step: 26
2025-02-24 22:32:45,692	[INFO]	Stop Steps: 50
2025-02-24 22:32:46,304	[INFO]	2-7     TEST_CODE_ERROR       None (--) [2 edit(s)]  
2025-02-24 22:32:46,304	[DEBUG]	patch(2-7)="LineLLMMutation(('source.cpp', 3), '#include <iostream>\n#include <array>\nusing namespace std;\n\narray<bool, 26> visit;\narray<array<bool, 26>, 26> g;\n\nbool dfs(int v) {\n    visit[v] = true;\n    bool f = false;\n    for (int i = 0; i < 26; i++)\n        if (g[v][i]) {\n            f = true;\n            if (!visit[i]) dfs(i);\n        }\n    return f;\n}\n\nint graph_num(void) {\n    int res = 0;\n    for (int i = 0; i < 26; i++)\n        if (!visit[i] && dfs(i)) res++;\n    return res;\n}\n\nint main() {\n    int n, h, t;\n    string s;\n\n    while (cin >> n && n) {\n        visit.fill(false);\n        for (int i = 0; i < 26; i++)\n            for (int j = 0; j < 26; j++) g[i][j] = false;\n\n        for (int i = 0; i < n; i++) {\n            cin >> s;\n            h = s[0] - \'a\', t = s[s.size() - 1] - \'a\';\n            g[h][t] = g[t][h] = true;\n        }\n\n        if (graph_num() != 1) printf("NG\\n");\n        else {\n            bool ok = true;\n            for (int i = 0; i < 26; i++) if (g[i][0] != g[0][i]) ok = false;\n            if (ok) printf("OK\\n");\n            else printf("NG\\n");\n        }\n    }\n}') | LineLLMMutation(('source.cpp', 15), '#include <iostream>\n#include <array>\n#include <stack>\nusing namespace std;\n\narray<bool, 26> visit;\narray<array<bool, 26>, 26> g;\n\nvoid dfs(int v) {\n    stack<int> s;\n    s.push(v);\n    visit[v] = true;\n\n    while (!s.empty()) {\n        int current = s.top();\n        s.pop();\n        for (int i = 0; i < 26; i++) {\n            if (g[current][i] && !visit[i]) {\n                visit[i] = true;\n                s.push(i);\n            }\n        }\n    }\n}\n\nint graph_num(void) {\n    int res = 0;\n    for (int i = 0; i < 26; i++)\n        if (!visit[i]) {\n            dfs(i);\n            res++;\n        }\n    return res;\n}\n\nint main() {\n    int n, h, t;\n    string s;\n\n    while (cin >> n && n) {\n        visit.fill(false);\n        for (int i = 0; i < 26; i++)\n            for (int j = 0; j < 26; j++) g[i][j] = false;\n\n        for (int i = 0; i < n; i++) {\n            cin >> s;\n            h = s[0] - \'a\', t = s[s.size() - 1] - \'a\';\n            g[h][t] = g[t][h] = true;\n        }\n\n        if (graph_num() != 1) printf("NG\\n");\n        else {\n            bool ok = true;\n            for (int i = 0; i < 26; i++) if (g[i][0] != g[0][i]) ok = false;\n            if (ok) printf("OK\\n");\n            else printf("NG\\n");\n        }\n    }\n}')"
2025-02-24 22:32:46,304	[INFO]	Step: 27
2025-02-24 22:32:46,304	[INFO]	Stop Steps: 50
2025-02-24 22:32:46,954	[INFO]	2-8     TEST_CODE_ERROR       None (--) [2 edit(s)]  
2025-02-24 22:32:46,954	[DEBUG]	patch(2-8)="LineLLMMutation(('source.cpp', 13), '#include <iostream>\n#include <vector>\n#include <set>\nusing namespace std;\n\nvector<set<int>> g(26);\nbool visit[26];\n\nbool dfs(int v) {\n    visit[v] = true;\n    for (int neighbor : g[v]) {\n        if (!visit[neighbor]) dfs(neighbor);\n    }\n    return !g[v].empty();\n}\n\nint graph_num(void) {\n    int res = 0;\n    for (int i = 0; i < 26; i++)\n        if (!visit[i] && dfs(i)) res++;\n    return res;\n}\n\nint main() {\n    int n, h, t;\n    string s;\n\n    while (cin >> n && n) {\n        fill_n(visit, 26, false);\n        for (int i = 0; i < 26; i++) g[i].clear();\n        vector<int> pre(26, 0), suf(26, 0);\n\n        for (int i = 0; i < n; i++) {\n            cin >> s;\n            h = s[0] - \'a\', t = s[s.size() - 1] - \'a\';\n            pre[h]++;\n            suf[t]++;\n            g[h].insert(t);\n            g[t].insert(h);\n        }\n\n        if (graph_num() != 1) printf("NG\\n");\n        else {\n            int i;\n            for (i = 0; i < 26; i++) if (pre[i] != suf[i]) break;\n\n            if (i == 26) printf("OK\\n");\n            else printf("NG\\n");\n        }\n    }\n}') | LineLLMMutation(('source.cpp', 16), '#include <iostream>\n#include <vector>\nusing namespace std;\n\nvector<vector<int>> g(26);\nbool visit[26];\n\nvoid dfs(int v) {\n    visit[v] = true;\n    for (int neighbor : g[v]) {\n        if (!visit[neighbor]) \n            dfs(neighbor);\n    }\n}\n\nint graph_num(void) {\n    int res = 0;\n    for (int i = 0; i < 26; i++) {\n        if (!visit[i]) {\n            dfs(i);\n            res++;\n        }\n    }\n    return res;\n}\n\nint main() {\n    int n, h, t;\n    string s;\n\n    while (cin >> n && n) {\n        fill_n(visit, 26, false);\n        for (int i = 0; i < 26; i++) g[i].clear();\n        vector<int> pre(26, 0), suf(26, 0);\n\n        for (int i = 0; i < n; i++) {\n            cin >> s;\n            h = s[0] - \'a\', t = s[s.size() - 1] - \'a\';\n            pre[h]++;\n            suf[t]++;\n            g[h].push_back(t);\n            g[t].push_back(h);\n        }\n\n        if (graph_num() != 1) printf("NG\\n");\n        else {\n            int i;\n            for (i = 0; i < 26; i++) if (pre[i] != suf[i]) break;\n\n            if (i == 26) printf("OK\\n");\n            else printf("NG\\n");\n        }\n    }\n}')"
2025-02-24 22:32:46,954	[INFO]	Step: 28
2025-02-24 22:32:46,954	[INFO]	Stop Steps: 50
2025-02-24 22:32:47,591	[INFO]	2-9     TEST_CODE_ERROR       None (--) [1 edit(s)]  
2025-02-24 22:32:47,591	[DEBUG]	patch(2-9)="LineLLMMutation(('source.cpp', 17), '#include <iostream>\n#include <vector>\n#include <stack>\nusing namespace std;\n\nbool visit[26], g[26][26];\n\nvoid iterative_dfs(int start) {\n    stack<int> s;\n    s.push(start);\n    visit[start] = true;\n\n    while (!s.empty()) {\n        int v = s.top();\n        s.pop();\n        for (int i = 0; i < 26; i++) {\n            if (g[v][i] && !visit[i]) {\n                visit[i] = true;\n                s.push(i);\n            }\n        }\n    }\n}\n\nint graph_num(void) {\n    int res = 0;\n    for (int i = 0; i < 26; i++) {\n        if (!visit[i]) {\n            iterative_dfs(i);\n            res++;\n        }\n    }\n    return res;\n}\n\nint main() {\n    int i, n, pre[26], suf[26], h, t;\n    string s;\n\n    while (cin >> n && n) {\n        fill(visit, visit + 26, false);\n        fill(pre, pre + 26, 0);\n        fill(suf, suf + 26, 0);\n        for (int j = 0; j < 26; j++) g[i][j] = false;\n\n        for (i = 0; i < n; i++) {\n            cin >> s;\n            h = s[0] - \'a\', t = s[(int)s.size() - 1] - \'a\';\n            pre[h]++;\n            suf[t]++;\n            g[h][t] = g[t][h] = true;\n        }\n\n        if (graph_num() != 1) printf("NG\\n");\n        else {\n            for (i = 0; i < 26; i++) if (pre[i] != suf[i]) break;\n            if (i == 26) printf("OK\\n");\n            else printf("NG\\n");\n        }\n    }\n}')"
2025-02-24 22:32:47,591	[INFO]	Step: 29
2025-02-24 22:32:47,591	[INFO]	Stop Steps: 50
2025-02-24 22:32:47,901	[DEBUG]	EXEC>  SUCCESS 3052353.5
2025-02-24 22:32:47,901	[INFO]	2-10    SUCCESS              *3052353.50 (97.72%) [1 edit(s)]  
2025-02-24 22:32:47,901	[DEBUG]	patch(2-10)="LineLLMMutation(('source.cpp', 18), '#include <cstdio>\n#include <cstring>\nusing namespace std;\n\nbool visit[26], g[26][26];\n\nbool dfs(int v) {\n    visit[v] = true;\n    bool f = false;\n    for (int i = 0; i < 26; i++) {\n        if (g[v][i]) {\n            f = true;\n            if (!visit[i]) dfs(i);\n        }\n    }\n    return f;\n}\n\nint graph_num(void) {\n    int res = 0;\n    for (int i = 0; i < 26; i++) {\n        if (!visit[i] && dfs(i)) res++;\n    }\n    return res;\n}\n\nint main() {\n    int i, n, pre[26], suf[26], h, t;\n    char s[100]; // buffer for input strings\n\n    while (scanf("%d", &n) && n) {\n        memset(visit, false, sizeof(visit));\n        memset(pre, 0, sizeof(pre));\n        memset(suf, 0, sizeof(suf));\n        memset(g, false, sizeof(g));\n\n        for (i = 0; i < n; i++) {\n            scanf("%s", s);\n            h = s[0] - \'a\', t = s[(int)strlen(s) - 1] - \'a\';\n            pre[h]++;\n            suf[t]++;\n            g[h][t] = g[t][h] = true;\n        }\n\n        if (graph_num() != 1) printf("NG\\n");\n        else {\n            for (i = 0; i < 26; i++) if (pre[i] != suf[i]) break;\n            if (i == 26) printf("OK\\n");\n            else printf("NG\\n");\n        }\n    }\n}')"

2025-02-24 22:32:47,901	[INFO]	Step: 30
2025-02-24 22:32:47,901	[INFO]	Stop Steps: 50
2025-02-24 22:32:49,512	[DEBUG]	EXEC>  SUCCESS 3123743.5
2025-02-24 22:32:49,512	[INFO]	REF     SUCCESS               3123743.50 (--) [0 edit(s)]  
2025-02-24 22:32:49,512	[INFO]	Best patch: 18
2025-02-24 22:32:49,807	[DEBUG]	EXEC>  SUCCESS 3052262.0
2025-02-24 22:32:49,807	[INFO]	BEST    SUCCESS              *3052262.00 (97.71%) [0 edit(s)]  
2025-02-24 22:32:49,807	[INFO]	Best patch step: 29
2025-02-24 22:33:37,161	[INFO]	Step: 30
2025-02-24 22:33:37,162	[INFO]	Stop Steps: 50
2025-02-24 22:33:37,470	[DEBUG]	EXEC>  SUCCESS 3052263.5
2025-02-24 22:33:37,470	[INFO]	3-1     SUCCESS              +3052263.50 (97.71%) [1 edit(s)]  
2025-02-24 22:33:37,470	[DEBUG]	patch(3-1)="LineLLMMutation(('source.cpp', 18), '#include <cstdio>\n#include <cstring>\nusing namespace std;\n\nbool visit[26], g[26][26];\n\nbool dfs(int v) {\n    visit[v] = true;\n    bool f = false;\n    for (int i = 0; i < 26; i++) {\n        if (g[v][i]) {\n            f = true;\n            if (!visit[i]) dfs(i);\n        }\n    }\n    return f;\n}\n\nint graph_num(void) {\n    int res = 0;\n    for (int i = 0; i < 26; i++) {\n        if (!visit[i] && dfs(i)) res++;\n    }\n    return res;\n}\n\nint main() {\n    int i, n, pre[26], suf[26], h, t;\n    char s[100]; // buffer for input strings\n\n    while (scanf("%d", &n) && n) {\n        memset(visit, false, sizeof(visit));\n        memset(pre, 0, sizeof(pre));\n        memset(suf, 0, sizeof(suf));\n        memset(g, false, sizeof(g));\n\n        for (i = 0; i < n; i++) {\n            scanf("%s", s);\n            h = s[0] - \'a\', t = s[(int)strlen(s) - 1] - \'a\';\n            pre[h]++;\n            suf[t]++;\n            g[h][t] = g[t][h] = true;\n        }\n\n        if (graph_num() != 1) printf("NG\\n");\n        else {\n            for (i = 0; i < 26; i++) if (pre[i] != suf[i]) break;\n            if (i == 26) printf("OK\\n");\n            else printf("NG\\n");\n        }\n    }\n}')"
2025-02-24 22:33:37,471	[INFO]	Step: 31
2025-02-24 22:33:37,471	[INFO]	Stop Steps: 50
2025-02-24 22:33:38,036	[DEBUG]	EXEC>  SUCCESS 3123955.0
2025-02-24 22:33:38,037	[INFO]	3-2     SUCCESS               3123955.00 (100.01%) [1 edit(s)]  
2025-02-24 22:33:38,037	[DEBUG]	patch(3-2)="LineLLMMutation(('source.cpp', 3), '#include <iostream>\n#include <array>\nusing namespace std;\n\narray<bool, 26> visit;\narray<array<bool, 26>, 26> g;\n\nbool dfs(int v) {\n    visit[v] = true;\n    bool f = false;\n    for (int i = 0; i < 26; i++)\n        if (g[v][i]) {\n            f = true;\n            if (!visit[i]) dfs(i);\n        }\n    return f;\n}\n\nint graph_num(void) {\n    int res = 0;\n    for (int i = 0; i < 26; i++)\n        if (!visit[i] && dfs(i)) res++;\n    return res;\n}\n\nint main() {\n    int n, h, t;\n    string s;\n\n    while (cin >> n && n) {\n        visit.fill(false);\n        for (int i = 0; i < 26; i++)\n            for (int j = 0; j < 26; j++) g[i][j] = false;\n\n        for (int i = 0; i < n; i++) {\n            cin >> s;\n            h = s[0] - \'a\', t = s[s.size() - 1] - \'a\';\n            g[h][t] = g[t][h] = true;\n        }\n\n        if (graph_num() != 1) printf("NG\\n");\n        else {\n            bool ok = true;\n            for (int i = 0; i < 26; i++) if (g[i][0] != g[0][i]) ok = false;\n            if (ok) printf("OK\\n");\n            else printf("NG\\n");\n        }\n    }\n}')"
2025-02-24 22:33:38,037	[INFO]	Step: 32
2025-02-24 22:33:38,037	[INFO]	Stop Steps: 50
2025-02-24 22:33:38,689	[INFO]	3-3     TEST_CODE_ERROR       None (--) [1 edit(s)]  
2025-02-24 22:33:38,689	[DEBUG]	patch(3-3)="LineLLMCrossover(('source.cpp', 8), '#include <iostream>\n#include <array>\n#include <set>\nusing namespace std;\n\narray<set<int>, 26> g; // Using set for dynamic graph representation\nbool visit[26];\n\nbool dfs(int v) {\n    visit[v] = true;\n    for (int neighbor : g[v]) {\n        if (!visit[neighbor]) dfs(neighbor);\n    }\n    return !g[v].empty();\n}\n\nint graph_num(void) {\n    int res = 0;\n    for (int i = 0; i < 26; i++)\n        if (!visit[i] && dfs(i)) res++;\n    return res;\n}\n\nint main() {\n    int n, h, t;\n    string s;\n    array<int, 26> pre = {0}, suf = {0}; // Using array for pre and suf counts\n\n    while (cin >> n && n) {\n        fill_n(visit, 26, false);\n        for (int i = 0; i < 26; i++) g[i].clear(); // Clear graph for each input\n\n        for (int i = 0; i < n; i++) {\n            cin >> s;\n            h = s[0] - \'a\', t = s[s.size() - 1] - \'a\';\n            pre[h]++;\n            suf[t]++;\n            g[h].insert(t);\n            g[t].insert(h);\n        }\n\n        if (graph_num() != 1) printf("NG\\n");\n        else {\n            int i;\n            for (i = 0; i < 26; i++) if (pre[i] != suf[i]) break;\n            if (i == 26) printf("OK\\n");\n            else printf("NG\\n");\n        }\n    }\n}')"
2025-02-24 22:33:38,689	[INFO]	Step: 33
2025-02-24 22:33:38,689	[INFO]	Stop Steps: 50
2025-02-24 22:33:39,361	[DEBUG]	EXEC>  SUCCESS 3125537.0
2025-02-24 22:33:39,361	[INFO]	3-4     SUCCESS               3125537.00 (100.06%) [1 edit(s)]  
2025-02-24 22:33:39,361	[DEBUG]	patch(3-4)="LineLLMCrossover(('source.cpp', 9), '#include <iostream>\n#include <array>\n#include <set>\nusing namespace std;\n\narray<set<int>, 26> g; // Using set for dynamic graph representation\narray<bool, 26> visit;\n\nbool dfs(int v) {\n    visit[v] = true;\n    for (int neighbor : g[v]) {\n        if (!visit[neighbor]) dfs(neighbor);\n    }\n    return !g[v].empty();\n}\n\nint graph_num(void) {\n    int res = 0;\n    for (int i = 0; i < 26; i++)\n        if (!visit[i] && dfs(i)) res++;\n    return res;\n}\n\nint main() {\n    int n, h, t;\n    string s;\n\n    while (cin >> n && n) {\n        visit.fill(false);\n        for (int i = 0; i < 26; i++) g[i].clear(); // Clear graph for each input\n\n        for (int i = 0; i < n; i++) {\n            cin >> s;\n            h = s[0] - \'a\', t = s[s.size() - 1] - \'a\';\n            g[h].insert(t);\n            g[t].insert(h);\n        }\n\n        if (graph_num() != 1) printf("NG\\n");\n        else printf("OK\\n");\n    }\n}')"
2025-02-24 22:33:39,362	[INFO]	Step: 34
2025-02-24 22:33:39,362	[INFO]	Stop Steps: 50
2025-02-24 22:33:40,078	[INFO]	3-5     TEST_CODE_ERROR       None (--) [1 edit(s)]  
2025-02-24 22:33:40,078	[DEBUG]	patch(3-5)="LineLLMCrossover(('source.cpp', 10), '#include <iostream>\n#include <vector>\n#include <set>\nusing namespace std;\n\nvector<set<int>> g(26);\nbool visit[26];\n\nbool dfs(int v) {\n    visit[v] = true;\n    for (int neighbor : g[v]) {\n        if (!visit[neighbor]) dfs(neighbor);\n    }\n    return !g[v].empty();\n}\n\nint graph_num(void) {\n    int res = 0;\n    for (int i = 0; i < 26; i++)\n        if (!visit[i] && dfs(i)) res++;\n    return res;\n}\n\nint main() {\n    int n, h, t;\n    string s;\n    vector<int> pre(26, 0), suf(26, 0);\n\n    while (cin >> n && n) {\n        fill_n(visit, 26, false);\n        for (int i = 0; i < 26; i++) g[i].clear();\n\n        for (int i = 0; i < n; i++) {\n            cin >> s;\n            h = s[0] - \'a\', t = s[s.size() - 1] - \'a\';\n            pre[h]++;\n            suf[t]++;\n            g[h].insert(t);\n            g[t].insert(h);\n        }\n\n        if (graph_num() != 1) printf("NG\\n");\n        else {\n            int i;\n            for (i = 0; i < 26; i++) if (pre[i] != suf[i]) break;\n            if (i == 26) printf("OK\\n");\n            else printf("NG\\n");\n        }\n    }\n}')"
2025-02-24 22:33:40,078	[INFO]	Step: 35
2025-02-24 22:33:40,078	[INFO]	Stop Steps: 50
2025-02-24 22:33:40,810	[DEBUG]	EXEC>  SUCCESS 3125257.0
2025-02-24 22:33:40,810	[INFO]	3-6     SUCCESS               3125257.00 (100.05%) [1 edit(s)]  
2025-02-24 22:33:40,810	[DEBUG]	patch(3-6)="LineLLMCrossover(('source.cpp', 11), '#include <iostream>\n#include <vector>\n#include <set>\nusing namespace std;\n\nvector<set<int>> g(26);\nbool visit[26];\n\nbool dfs(int v) {\n    visit[v] = true;\n    for (int neighbor : g[v]) {\n        if (!visit[neighbor]) dfs(neighbor);\n    }\n    return !g[v].empty();\n}\n\nint graph_num(void) {\n    int res = 0;\n    for (int i = 0; i < 26; i++)\n        if (!visit[i] && dfs(i)) res++;\n    return res;\n}\n\nint main() {\n    int n, h, t;\n    string s;\n\n    while (cin >> n && n) {\n        fill_n(visit, 26, false);\n        for (int i = 0; i < 26; i++) g[i].clear();\n\n        for (int i = 0; i < n; i++) {\n            cin >> s;\n            h = s[0] - \'a\', t = s[s.size() - 1] - \'a\';\n            g[h].insert(t);\n            g[t].insert(h);\n        }\n\n        if (graph_num() != 1) printf("NG\\n");\n        else printf("OK\\n");\n    }\n}')"
2025-02-24 22:33:40,810	[INFO]	Step: 36
2025-02-24 22:33:40,810	[INFO]	Stop Steps: 50
2025-02-24 22:33:41,639	[DEBUG]	EXEC>  SUCCESS 3175159.5
2025-02-24 22:33:41,639	[INFO]	3-7     SUCCESS               3175159.50 (101.65%) [2 edit(s)]  
2025-02-24 22:33:41,639	[DEBUG]	patch(3-7)="LineLLMMutation(('source.cpp', 18), '#include <cstdio>\n#include <cstring>\nusing namespace std;\n\nbool visit[26], g[26][26];\n\nbool dfs(int v) {\n    visit[v] = true;\n    bool f = false;\n    for (int i = 0; i < 26; i++) {\n        if (g[v][i]) {\n            f = true;\n            if (!visit[i]) dfs(i);\n        }\n    }\n    return f;\n}\n\nint graph_num(void) {\n    int res = 0;\n    for (int i = 0; i < 26; i++) {\n        if (!visit[i] && dfs(i)) res++;\n    }\n    return res;\n}\n\nint main() {\n    int i, n, pre[26], suf[26], h, t;\n    char s[100]; // buffer for input strings\n\n    while (scanf("%d", &n) && n) {\n        memset(visit, false, sizeof(visit));\n        memset(pre, 0, sizeof(pre));\n        memset(suf, 0, sizeof(suf));\n        memset(g, false, sizeof(g));\n\n        for (i = 0; i < n; i++) {\n            scanf("%s", s);\n            h = s[0] - \'a\', t = s[(int)strlen(s) - 1] - \'a\';\n            pre[h]++;\n            suf[t]++;\n            g[h][t] = g[t][h] = true;\n        }\n\n        if (graph_num() != 1) printf("NG\\n");\n        else {\n            for (i = 0; i < 26; i++) if (pre[i] != suf[i]) break;\n            if (i == 26) printf("OK\\n");\n            else printf("NG\\n");\n        }\n    }\n}') | LineLLMMutation(('source.cpp', 19), '#include <iostream>\n#include <vector>\n#include <cstring>\nusing namespace std;\n\nvector<bool> visit(26, false);\nvector<vector<bool>> g(26, vector<bool>(26, false));\n\nbool dfs(int v) {\n    visit[v] = true;\n    bool f = false;\n    for (int i = 0; i < 26; i++) {\n        if (g[v][i]) {\n            f = true;\n            if (!visit[i]) dfs(i);\n        }\n    }\n    return f;\n}\n\nint graph_num(void) {\n    int res = 0;\n    for (int i = 0; i < 26; i++) {\n        if (!visit[i] && dfs(i)) res++;\n    }\n    return res;\n}\n\nint main() {\n    int n, h, t;\n    string s; // Use std::string for dynamic input\n\n    while (cin >> n && n) {\n        visit.assign(26, false); // Reset visit array\n        vector<int> pre(26, 0), suf(26, 0); // Use vector for dynamic size\n        g.assign(26, vector<bool>(26, false)); // Reset graph\n\n        for (int i = 0; i < n; i++) {\n            cin >> s; // Use std::cin for input\n            h = s[0] - \'a\', t = s[s.size() - 1] - \'a\';\n            pre[h]++;\n            suf[t]++;\n            g[h][t] = g[t][h] = true;\n        }\n\n        if (graph_num() != 1) cout << "NG\\n";\n        else {\n            bool balanced = true;\n            for (int i = 0; i < 26; i++) {\n                if (pre[i] != suf[i]) {\n                    balanced = false;\n                    break;\n                }\n            }\n            cout << (balanced ? "OK\\n" : "NG\\n");\n        }\n    }\n}')"
2025-02-24 22:33:41,640	[INFO]	Step: 37
2025-02-24 22:33:41,640	[INFO]	Stop Steps: 50
2025-02-24 22:33:42,177	[INFO]	3-8     TEST_CODE_ERROR       None (--) [2 edit(s)]  
2025-02-24 22:33:42,177	[DEBUG]	patch(3-8)="LineLLMMutation(('source.cpp', 3), '#include <iostream>\n#include <array>\nusing namespace std;\n\narray<bool, 26> visit;\narray<array<bool, 26>, 26> g;\n\nbool dfs(int v) {\n    visit[v] = true;\n    bool f = false;\n    for (int i = 0; i < 26; i++)\n        if (g[v][i]) {\n            f = true;\n            if (!visit[i]) dfs(i);\n        }\n    return f;\n}\n\nint graph_num(void) {\n    int res = 0;\n    for (int i = 0; i < 26; i++)\n        if (!visit[i] && dfs(i)) res++;\n    return res;\n}\n\nint main() {\n    int n, h, t;\n    string s;\n\n    while (cin >> n && n) {\n        visit.fill(false);\n        for (int i = 0; i < 26; i++)\n            for (int j = 0; j < 26; j++) g[i][j] = false;\n\n        for (int i = 0; i < n; i++) {\n            cin >> s;\n            h = s[0] - \'a\', t = s[s.size() - 1] - \'a\';\n            g[h][t] = g[t][h] = true;\n        }\n\n        if (graph_num() != 1) printf("NG\\n");\n        else {\n            bool ok = true;\n            for (int i = 0; i < 26; i++) if (g[i][0] != g[0][i]) ok = false;\n            if (ok) printf("OK\\n");\n            else printf("NG\\n");\n        }\n    }\n}') | LineLLMMutation(('source.cpp', 20), '#include <iostream>\n#include <array>\nusing namespace std;\n\narray<bool, 26> visit;\narray<array<bool, 26>, 26> g;\n\nbool dfs(int v) {\n    visit[v] = true;\n    for (int i = 0; i < 26; i++) {\n        if (g[v][i] && !visit[i]) {\n            dfs(i);\n        }\n    }\n    return true;\n}\n\nint graph_num(void) {\n    int res = 0;\n    for (int i = 0; i < 26; i++) {\n        if (!visit[i]) {\n            dfs(i);\n            res++;\n        }\n    }\n    return res;\n}\n\nint main() {\n    int n, h, t;\n    string s;\n\n    while (cin >> n && n) {\n        visit.fill(false);\n        g.fill({false}); // Efficiently reset the graph in one call\n\n        for (int i = 0; i < n; i++) {\n            cin >> s;\n            h = s[0] - \'a\', t = s[s.size() - 1] - \'a\';\n            g[h][t] = g[t][h] = true; // Unidirectional connection\n        }\n\n        if (graph_num() != 1) printf("NG\\n");\n        else {\n            bool ok = true;\n            for (int i = 1; i < 26; i++) {\n                if (g[i][0] != g[0][i]) {\n                    ok = false;\n                    break; // Early exit on inconsistency\n                }\n            }\n            printf(ok ? "OK\\n" : "NG\\n");\n        }\n    }\n}')"
2025-02-24 22:33:42,177	[INFO]	Step: 38
2025-02-24 22:33:42,177	[INFO]	Stop Steps: 50
2025-02-24 22:33:42,876	[DEBUG]	EXEC>  SUCCESS 3119002.5
2025-02-24 22:33:42,877	[INFO]	3-9     SUCCESS               3119002.50 (99.85%) [2 edit(s)]  
2025-02-24 22:33:42,877	[DEBUG]	patch(3-9)="LineLLMCrossover(('source.cpp', 4), '#include <iostream>\n#include <array>\n#include <vector>\n#include <set>\nusing namespace std;\n\narray<set<int>, 26> g; // Using set for dynamic graph representation\nbool visit[26];\n\nbool dfs(int v) {\n    visit[v] = true;\n    for (int neighbor : g[v]) {\n        if (!visit[neighbor]) dfs(neighbor);\n    }\n    return !g[v].empty();\n}\n\nint graph_num(void) {\n    int res = 0;\n    for (int i = 0; i < 26; i++)\n        if (!visit[i] && dfs(i)) res++;\n    return res;\n}\n\nint main() {\n    int n, h, t;\n    string s;\n\n    while (cin >> n && n) {\n        fill_n(visit, 26, false);\n        for (int i = 0; i < 26; i++) g[i].clear(); // Clear graph for each input\n        for (int i = 0; i < n; i++) {\n            cin >> s;\n            h = s[0] - \'a\', t = s[s.size() - 1] - \'a\';\n            g[h].insert(t);\n            g[t].insert(h);\n        }\n\n        if (graph_num() != 1) printf("NG\\n");\n        else printf("OK\\n");\n    }\n}') | LineLLMMutation(('source.cpp', 21), '#include <iostream>\n#include <array>\n#include <vector>\nusing namespace std;\n\narray<vector<int>, 26> g; // Using vector for better performance\nbool visit[26];\n\nbool dfs(int v) {\n    visit[v] = true;\n    for (int neighbor : g[v]) {\n        if (!visit[neighbor]) dfs(neighbor);\n    }\n    return !g[v].empty();\n}\n\nint graph_num(void) {\n    int res = 0;\n    for (int i = 0; i < 26; i++)\n        if (!visit[i] && dfs(i)) res++;\n    return res;\n}\n\nint main() {\n    int n, h, t;\n    string s;\n\n    while (cin >> n && n) {\n        fill_n(visit, 26, false);\n        for (int i = 0; i < 26; i++) g[i].clear(); // Clear graph for each input\n        for (int i = 0; i < n; i++) {\n            cin >> s;\n            h = s[0] - \'a\', t = s[s.size() - 1] - \'a\';\n            g[h].push_back(t); // Use push_back instead of insert\n            g[t].push_back(h); // Use push_back instead of insert\n        }\n\n        if (graph_num() != 1) printf("NG\\n");\n        else printf("OK\\n");\n    }\n}')"
2025-02-24 22:33:42,877	[INFO]	Step: 39
2025-02-24 22:33:42,877	[INFO]	Stop Steps: 50
2025-02-24 22:33:43,608	[DEBUG]	EXEC>  SUCCESS 3126268.5
2025-02-24 22:33:43,608	[INFO]	3-10    SUCCESS               3126268.50 (100.08%) [2 edit(s)]  
2025-02-24 22:33:43,608	[DEBUG]	patch(3-10)="LineLLMMutation(('source.cpp', 13), '#include <iostream>\n#include <vector>\n#include <set>\nusing namespace std;\n\nvector<set<int>> g(26);\nbool visit[26];\n\nbool dfs(int v) {\n    visit[v] = true;\n    for (int neighbor : g[v]) {\n        if (!visit[neighbor]) dfs(neighbor);\n    }\n    return !g[v].empty();\n}\n\nint graph_num(void) {\n    int res = 0;\n    for (int i = 0; i < 26; i++)\n        if (!visit[i] && dfs(i)) res++;\n    return res;\n}\n\nint main() {\n    int n, h, t;\n    string s;\n\n    while (cin >> n && n) {\n        fill_n(visit, 26, false);\n        for (int i = 0; i < 26; i++) g[i].clear();\n        vector<int> pre(26, 0), suf(26, 0);\n\n        for (int i = 0; i < n; i++) {\n            cin >> s;\n            h = s[0] - \'a\', t = s[s.size() - 1] - \'a\';\n            pre[h]++;\n            suf[t]++;\n            g[h].insert(t);\n            g[t].insert(h);\n        }\n\n        if (graph_num() != 1) printf("NG\\n");\n        else {\n            int i;\n            for (i = 0; i < 26; i++) if (pre[i] != suf[i]) break;\n\n            if (i == 26) printf("OK\\n");\n            else printf("NG\\n");\n        }\n    }\n}') | LineLLMMutation(('source.cpp', 22), '#include <iostream>\n#include <vector>\n#include <set>\nusing namespace std;\n\nvector<set<int>> g(26);\nbool visit[26];\n\nvoid dfs(int v) {\n    visit[v] = true;\n    for (int neighbor : g[v]) {\n        if (!visit[neighbor]) {\n            dfs(neighbor);\n        }\n    }\n}\n\nint graph_num(void) {\n    int res = 0;\n    for (int i = 0; i < 26; i++) {\n        if (!visit[i] && !g[i].empty()) {\n            dfs(i);\n            res++;\n        }\n    }\n    return res;\n}\n\nint main() {\n    int n, h, t;\n    string s;\n\n    while (cin >> n && n) {\n        fill_n(visit, 26, false);\n        for (int i = 0; i < 26; i++) g[i].clear();\n        vector<int> pre(26, 0), suf(26, 0);\n\n        for (int i = 0; i < n; i++) {\n            cin >> s;\n            h = s[0] - \'a\', t = s[s.size() - 1] - \'a\';\n            pre[h]++;\n            suf[t]++;\n            g[h].insert(t);\n            g[t].insert(h);\n        }\n\n        if (graph_num() != 1) printf("NG\\n");\n        else {\n            int i;\n            for (i = 0; i < 26; i++) if (pre[i] != suf[i]) break;\n\n            if (i == 26) printf("OK\\n");\n            else printf("NG\\n");\n        }\n    }\n}')"
2025-02-24 22:33:43,608	[INFO]	Step: 40
2025-02-24 22:33:43,608	[INFO]	Stop Steps: 50
2025-02-24 22:33:44,183	[DEBUG]	EXEC>  SUCCESS 3123740.5
2025-02-24 22:33:44,184	[INFO]	3-1     SUCCESS               3123740.50 (100.00%) [1 edit(s)]  
2025-02-24 22:33:44,184	[DEBUG]	patch(3-1)="LineLLMMutation(('source.cpp', 23), '#include<iostream>\n\nusing namespace std;\n\nbool visit[26],g[26][26];\n\nbool dfs(int v){\n  visit[v] = true;\n  bool f = false;\n  for(int i=0;i<26;i++)\n    if(g[v][i]){\n      f = true;\n      if(!visit[i])dfs(i);\n    }\n  return f;\n}\n\nint graph_num(void){\n  int res = 0;\n  for(int i=0;i<26;i++)\n    if(!visit[i] && dfs(i))res++;\n  return res;\n}\n\nint main(){\n  int i,n,pre[26],suf[26],h,t;\n  string s;\n\n  while(cin>>n && n){\n    for(i=0;i<26;i++){\n      visit[i] = false;\n      pre[i] = suf[i] = 0;\n      for(int j=0;j<26;j++)g[i][j] = false;\n    }\n\n    for(i=0;i<n;i++){\n      cin >> s;\n      h = s[0]-\'a\', t = s[(int)s.size()-1]-\'a\';\n      pre[h]++;\n      suf[t]++;\n      g[h][t] = g[t][h] = true;\n    }\n\n    if(graph_num() != 1)printf("NG\\n");\n    else{\n      for(i=0;i<26;i++)if(pre[i] != suf[i])break;\n      if(i==26)printf("OK\\n");\n      else printf("NG\\n");\n    }\n  }\n}')"
2025-02-24 22:33:44,184	[INFO]	Step: 41
2025-02-24 22:33:44,184	[INFO]	Stop Steps: 50
2025-02-24 22:33:45,757	[DEBUG]	EXEC>  SUCCESS 3123741.5
2025-02-24 22:33:45,757	[INFO]	REF     SUCCESS               3123741.50 (--) [0 edit(s)]  
2025-02-24 22:33:45,757	[INFO]	Best patch: 18
2025-02-24 22:33:46,049	[DEBUG]	EXEC>  SUCCESS 3052354.0
2025-02-24 22:33:46,049	[INFO]	BEST    SUCCESS              *3052354.00 (97.71%) [0 edit(s)]  
2025-02-24 22:33:46,049	[INFO]	Best patch step: 29
2025-02-24 22:34:38,714	[INFO]	Step: 41
2025-02-24 22:34:38,714	[INFO]	Stop Steps: 50
2025-02-24 22:34:39,029	[DEBUG]	EXEC>  SUCCESS 3052354.0
2025-02-24 22:34:39,029	[INFO]	4-2     SUCCESS              +3052354.00 (97.71%) [1 edit(s)]  
2025-02-24 22:34:39,029	[DEBUG]	patch(4-2)="LineLLMMutation(('source.cpp', 18), '#include <cstdio>\n#include <cstring>\nusing namespace std;\n\nbool visit[26], g[26][26];\n\nbool dfs(int v) {\n    visit[v] = true;\n    bool f = false;\n    for (int i = 0; i < 26; i++) {\n        if (g[v][i]) {\n            f = true;\n            if (!visit[i]) dfs(i);\n        }\n    }\n    return f;\n}\n\nint graph_num(void) {\n    int res = 0;\n    for (int i = 0; i < 26; i++) {\n        if (!visit[i] && dfs(i)) res++;\n    }\n    return res;\n}\n\nint main() {\n    int i, n, pre[26], suf[26], h, t;\n    char s[100]; // buffer for input strings\n\n    while (scanf("%d", &n) && n) {\n        memset(visit, false, sizeof(visit));\n        memset(pre, 0, sizeof(pre));\n        memset(suf, 0, sizeof(suf));\n        memset(g, false, sizeof(g));\n\n        for (i = 0; i < n; i++) {\n            scanf("%s", s);\n            h = s[0] - \'a\', t = s[(int)strlen(s) - 1] - \'a\';\n            pre[h]++;\n            suf[t]++;\n            g[h][t] = g[t][h] = true;\n        }\n\n        if (graph_num() != 1) printf("NG\\n");\n        else {\n            for (i = 0; i < 26; i++) if (pre[i] != suf[i]) break;\n            if (i == 26) printf("OK\\n");\n            else printf("NG\\n");\n        }\n    }\n}')"
2025-02-24 22:34:39,029	[INFO]	Step: 42
2025-02-24 22:34:39,030	[INFO]	Stop Steps: 50
2025-02-24 22:34:39,680	[DEBUG]	EXEC>  SUCCESS 3119002.5
2025-02-24 22:34:39,680	[INFO]	4-3     SUCCESS               3119002.50 (99.85%) [2 edit(s)]  
2025-02-24 22:34:39,680	[DEBUG]	patch(4-3)="LineLLMCrossover(('source.cpp', 4), '#include <iostream>\n#include <array>\n#include <vector>\n#include <set>\nusing namespace std;\n\narray<set<int>, 26> g; // Using set for dynamic graph representation\nbool visit[26];\n\nbool dfs(int v) {\n    visit[v] = true;\n    for (int neighbor : g[v]) {\n        if (!visit[neighbor]) dfs(neighbor);\n    }\n    return !g[v].empty();\n}\n\nint graph_num(void) {\n    int res = 0;\n    for (int i = 0; i < 26; i++)\n        if (!visit[i] && dfs(i)) res++;\n    return res;\n}\n\nint main() {\n    int n, h, t;\n    string s;\n\n    while (cin >> n && n) {\n        fill_n(visit, 26, false);\n        for (int i = 0; i < 26; i++) g[i].clear(); // Clear graph for each input\n        for (int i = 0; i < n; i++) {\n            cin >> s;\n            h = s[0] - \'a\', t = s[s.size() - 1] - \'a\';\n            g[h].insert(t);\n            g[t].insert(h);\n        }\n\n        if (graph_num() != 1) printf("NG\\n");\n        else printf("OK\\n");\n    }\n}') | LineLLMMutation(('source.cpp', 21), '#include <iostream>\n#include <array>\n#include <vector>\nusing namespace std;\n\narray<vector<int>, 26> g; // Using vector for better performance\nbool visit[26];\n\nbool dfs(int v) {\n    visit[v] = true;\n    for (int neighbor : g[v]) {\n        if (!visit[neighbor]) dfs(neighbor);\n    }\n    return !g[v].empty();\n}\n\nint graph_num(void) {\n    int res = 0;\n    for (int i = 0; i < 26; i++)\n        if (!visit[i] && dfs(i)) res++;\n    return res;\n}\n\nint main() {\n    int n, h, t;\n    string s;\n\n    while (cin >> n && n) {\n        fill_n(visit, 26, false);\n        for (int i = 0; i < 26; i++) g[i].clear(); // Clear graph for each input\n        for (int i = 0; i < n; i++) {\n            cin >> s;\n            h = s[0] - \'a\', t = s[s.size() - 1] - \'a\';\n            g[h].push_back(t); // Use push_back instead of insert\n            g[t].push_back(h); // Use push_back instead of insert\n        }\n\n        if (graph_num() != 1) printf("NG\\n");\n        else printf("OK\\n");\n    }\n}')"
2025-02-24 22:34:39,680	[INFO]	Step: 43
2025-02-24 22:34:39,680	[INFO]	Stop Steps: 50
2025-02-24 22:34:40,355	[DEBUG]	EXEC>  SUCCESS 3119002.5
2025-02-24 22:34:40,356	[INFO]	4-4     SUCCESS               3119002.50 (99.85%) [1 edit(s)]  
2025-02-24 22:34:40,356	[DEBUG]	patch(4-4)="LineLLMCrossover(('source.cpp', 12), '#include <iostream>\n#include <array>\n#include <vector>\nusing namespace std;\n\narray<vector<int>, 26> g; // Using vector for better performance\nbool visit[26];\n\nbool dfs(int v) {\n    visit[v] = true;\n    for (int neighbor : g[v]) {\n        if (!visit[neighbor]) dfs(neighbor);\n    }\n    return !g[v].empty();\n}\n\nint graph_num(void) {\n    int res = 0;\n    for (int i = 0; i < 26; i++)\n        if (!visit[i] && dfs(i)) res++;\n    return res;\n}\n\nint main() {\n    int n, h, t;\n    string s;\n    \n    while (cin >> n && n) {\n        fill_n(visit, 26, false);\n        for (int i = 0; i < 26; i++) g[i].clear(); // Clear graph for each input\n        for (int i = 0; i < n; i++) {\n            cin >> s;\n            h = s[0] - \'a\', t = s[s.size() - 1] - \'a\';\n            g[h].push_back(t); // Use push_back for better performance\n            g[t].push_back(h);\n        }\n\n        if (graph_num() != 1) printf("NG\\n");\n        else printf("OK\\n");\n    }\n}')"
2025-02-24 22:34:40,356	[INFO]	Step: 44
2025-02-24 22:34:40,356	[INFO]	Stop Steps: 50
2025-02-24 22:34:40,932	[DEBUG]	EXEC>  SUCCESS 3123934.5
2025-02-24 22:34:40,932	[INFO]	4-5     SUCCESS               3123934.50 (100.01%) [1 edit(s)]  
2025-02-24 22:34:40,933	[DEBUG]	patch(4-5)="LineLLMCrossover(('source.cpp', 13), '#include <iostream>\n#include <array>\nusing namespace std;\n\narray<bool, 26> visit;\narray<array<bool, 26>, 26> g;\n\nbool dfs(int v) {\n    visit[v] = true;\n    bool f = false;\n    for (int i = 0; i < 26; i++)\n        if (g[v][i]) {\n            f = true;\n            if (!visit[i]) dfs(i);\n        }\n    return f;\n}\n\nint graph_num(void) {\n    int res = 0;\n    for (int i = 0; i < 26; i++)\n        if (!visit[i] && dfs(i)) res++;\n    return res;\n}\n\nint main() {\n    int n, h, t;\n    string s;\n\n    while (cin >> n && n) {\n        visit.fill(false);\n        g.fill({}); // Clear graph using fill\n        for (int i = 0; i < n; i++) {\n            cin >> s;\n            h = s[0] - \'a\', t = s[s.size() - 1] - \'a\';\n            g[h][t] = g[t][h] = true;\n        }\n\n        if (graph_num() != 1) printf("NG\\n");\n        else printf("OK\\n");\n    }\n}')"
2025-02-24 22:34:40,933	[INFO]	Step: 45
2025-02-24 22:34:40,933	[INFO]	Stop Steps: 50
2025-02-24 22:34:41,522	[DEBUG]	EXEC>  SUCCESS 3123933.5
2025-02-24 22:34:41,522	[INFO]	4-6     SUCCESS               3123933.50 (100.01%) [1 edit(s)]  
2025-02-24 22:34:41,522	[DEBUG]	patch(4-6)="LineLLMCrossover(('source.cpp', 14), '#include <iostream>\n#include <array>\nusing namespace std;\n\narray<array<bool, 26>, 26> g;\nbool visit[26];\n\nbool dfs(int v) {\n    visit[v] = true;\n    bool f = false;\n    for (int i = 0; i < 26; i++)\n        if (g[v][i]) {\n            f = true;\n            if (!visit[i]) dfs(i);\n        }\n    return f;\n}\n\nint graph_num(void) {\n    int res = 0;\n    for (int i = 0; i < 26; i++)\n        if (!visit[i] && dfs(i)) res++;\n    return res;\n}\n\nint main() {\n    int n, h, t;\n    string s;\n\n    while (cin >> n && n) {\n        fill_n(visit, 26, false);\n        g.fill({}); // Clear graph using fill\n        for (int i = 0; i < n; i++) {\n            cin >> s;\n            h = s[0] - \'a\', t = s[s.size() - 1] - \'a\';\n            g[h][t] = true;\n            g[t][h] = true;\n        }\n\n        if (graph_num() != 1) printf("NG\\n");\n        else printf("OK\\n");\n    }\n}')"
2025-02-24 22:34:41,522	[INFO]	Step: 46
2025-02-24 22:34:41,523	[INFO]	Stop Steps: 50
2025-02-24 22:34:42,103	[DEBUG]	EXEC>  SUCCESS 3124024.5
2025-02-24 22:34:42,103	[INFO]	4-7     SUCCESS               3124024.50 (100.01%) [1 edit(s)]  
2025-02-24 22:34:42,103	[DEBUG]	patch(4-7)="LineLLMCrossover(('source.cpp', 15), '#include <iostream>\n#include <array>\nusing namespace std;\n\narray<bool, 26> visit;\narray<array<bool, 26>, 26> g;\n\nbool dfs(int v) {\n    visit[v] = true;\n    bool f = false;\n    for (int i = 0; i < 26; i++)\n        if (g[v][i]) {\n            f = true;\n            if (!visit[i]) dfs(i);\n        }\n    return f;\n}\n\nint graph_num(void) {\n    int res = 0;\n    for (int i = 0; i < 26; i++)\n        if (!visit[i] && dfs(i)) res++;\n    return res;\n}\n\nint main() {\n    int n, h, t;\n    string s;\n\n    while (cin >> n && n) {\n        visit.fill(false);\n        g.fill({}); // Clear graph using fill\n        for (int i = 0; i < n; i++) {\n            cin >> s;\n            h = s[0] - \'a\', t = s[s.size() - 1] - \'a\';\n            g[h][t] = g[t][h] = true; // Efficient edge representation\n        }\n\n        if (graph_num() != 1) printf("NG\\n");\n        else printf("OK\\n");\n    }\n}')"
2025-02-24 22:34:42,103	[INFO]	Step: 47
2025-02-24 22:34:42,103	[INFO]	Stop Steps: 50
2025-02-24 22:34:42,520	[DEBUG]	EXEC>  SUCCESS 3060426.5
2025-02-24 22:34:42,521	[INFO]	4-8     SUCCESS               3060426.50 (97.97%) [2 edit(s)]  
2025-02-24 22:34:42,521	[DEBUG]	patch(4-8)="LineLLMMutation(('source.cpp', 18), '#include <cstdio>\n#include <cstring>\nusing namespace std;\n\nbool visit[26], g[26][26];\n\nbool dfs(int v) {\n    visit[v] = true;\n    bool f = false;\n    for (int i = 0; i < 26; i++) {\n        if (g[v][i]) {\n            f = true;\n            if (!visit[i]) dfs(i);\n        }\n    }\n    return f;\n}\n\nint graph_num(void) {\n    int res = 0;\n    for (int i = 0; i < 26; i++) {\n        if (!visit[i] && dfs(i)) res++;\n    }\n    return res;\n}\n\nint main() {\n    int i, n, pre[26], suf[26], h, t;\n    char s[100]; // buffer for input strings\n\n    while (scanf("%d", &n) && n) {\n        memset(visit, false, sizeof(visit));\n        memset(pre, 0, sizeof(pre));\n        memset(suf, 0, sizeof(suf));\n        memset(g, false, sizeof(g));\n\n        for (i = 0; i < n; i++) {\n            scanf("%s", s);\n            h = s[0] - \'a\', t = s[(int)strlen(s) - 1] - \'a\';\n            pre[h]++;\n            suf[t]++;\n            g[h][t] = g[t][h] = true;\n        }\n\n        if (graph_num() != 1) printf("NG\\n");\n        else {\n            for (i = 0; i < 26; i++) if (pre[i] != suf[i]) break;\n            if (i == 26) printf("OK\\n");\n            else printf("NG\\n");\n        }\n    }\n}') | LineLLMMutation(('source.cpp', 24), '#include <cstdio>\n#include <cstring>\n#include <vector>\nusing namespace std;\n\nvector<bool> visit(26);\nbool g[26][26];\n\nbool dfs(int v) {\n    visit[v] = true;\n    bool f = false;\n    for (int i = 0; i < 26; i++) {\n        if (g[v][i]) {\n            f = true;\n            if (!visit[i]) dfs(i);\n        }\n    }\n    return f;\n}\n\nint graph_num(void) {\n    int res = 0;\n    for (int i = 0; i < 26; i++) {\n        if (!visit[i] && dfs(i)) res++;\n    }\n    return res;\n}\n\nint main() {\n    int i, n, pre[26], suf[26], h, t;\n    char s[100]; // buffer for input strings\n\n    while (scanf("%d", &n) && n) {\n        fill(visit.begin(), visit.end(), false);\n        memset(pre, 0, sizeof(pre));\n        memset(suf, 0, sizeof(suf));\n        memset(g, false, sizeof(g));\n\n        for (i = 0; i < n; i++) {\n            scanf("%s", s);\n            h = s[0] - \'a\', t = s[(int)strlen(s) - 1] - \'a\';\n            pre[h]++;\n            suf[t]++;\n            g[h][t] = g[t][h] = true;\n        }\n\n        if (graph_num() != 1) printf("NG\\n");\n        else {\n            for (i = 0; i < 26; i++) if (pre[i] != suf[i]) break;\n            if (i == 26) printf("OK\\n");\n            else printf("NG\\n");\n        }\n    }\n}')"
2025-02-24 22:34:42,521	[INFO]	Step: 48
2025-02-24 22:34:42,521	[INFO]	Stop Steps: 50
2025-02-24 22:34:43,204	[DEBUG]	EXEC>  SUCCESS 3119822.0
2025-02-24 22:34:43,205	[INFO]	4-9     SUCCESS               3119822.00 (99.87%) [3 edit(s)]  
2025-02-24 22:34:43,205	[DEBUG]	patch(4-9)="LineLLMCrossover(('source.cpp', 4), '#include <iostream>\n#include <array>\n#include <vector>\n#include <set>\nusing namespace std;\n\narray<set<int>, 26> g; // Using set for dynamic graph representation\nbool visit[26];\n\nbool dfs(int v) {\n    visit[v] = true;\n    for (int neighbor : g[v]) {\n        if (!visit[neighbor]) dfs(neighbor);\n    }\n    return !g[v].empty();\n}\n\nint graph_num(void) {\n    int res = 0;\n    for (int i = 0; i < 26; i++)\n        if (!visit[i] && dfs(i)) res++;\n    return res;\n}\n\nint main() {\n    int n, h, t;\n    string s;\n\n    while (cin >> n && n) {\n        fill_n(visit, 26, false);\n        for (int i = 0; i < 26; i++) g[i].clear(); // Clear graph for each input\n        for (int i = 0; i < n; i++) {\n            cin >> s;\n            h = s[0] - \'a\', t = s[s.size() - 1] - \'a\';\n            g[h].insert(t);\n            g[t].insert(h);\n        }\n\n        if (graph_num() != 1) printf("NG\\n");\n        else printf("OK\\n");\n    }\n}') | LineLLMMutation(('source.cpp', 21), '#include <iostream>\n#include <array>\n#include <vector>\nusing namespace std;\n\narray<vector<int>, 26> g; // Using vector for better performance\nbool visit[26];\n\nbool dfs(int v) {\n    visit[v] = true;\n    for (int neighbor : g[v]) {\n        if (!visit[neighbor]) dfs(neighbor);\n    }\n    return !g[v].empty();\n}\n\nint graph_num(void) {\n    int res = 0;\n    for (int i = 0; i < 26; i++)\n        if (!visit[i] && dfs(i)) res++;\n    return res;\n}\n\nint main() {\n    int n, h, t;\n    string s;\n\n    while (cin >> n && n) {\n        fill_n(visit, 26, false);\n        for (int i = 0; i < 26; i++) g[i].clear(); // Clear graph for each input\n        for (int i = 0; i < n; i++) {\n            cin >> s;\n            h = s[0] - \'a\', t = s[s.size() - 1] - \'a\';\n            g[h].push_back(t); // Use push_back instead of insert\n            g[t].push_back(h); // Use push_back instead of insert\n        }\n\n        if (graph_num() != 1) printf("NG\\n");\n        else printf("OK\\n");\n    }\n}') | LineLLMMutation(('source.cpp', 25), '#include <iostream>\n#include <array>\n#include <vector>\nusing namespace std;\n\narray<vector<int>, 26> g; // Using vector for better performance\nbool visit[26];\n\nbool dfs(int v) {\n    visit[v] = true;\n    for (int neighbor : g[v]) {\n        if (!visit[neighbor]) dfs(neighbor);\n    }\n    return !g[v].empty();\n}\n\nint graph_num(void) {\n    int res = 0;\n    for (int i = 0; i < 26; i++)\n        if (!visit[i] && dfs(i)) res++;\n    return res;\n}\n\nint main() {\n    int n, h, t;\n    string s;\n\n    while (cin >> n && n) {\n        fill_n(visit, 26, false);\n        for (int i = 0; i < 26; i++) g[i].resize(0); // Use resize instead of clear for potential performance improvement\n        for (int i = 0; i < n; i++) {\n            cin >> s;\n            h = s[0] - \'a\', t = s[s.size() - 1] - \'a\';\n            g[h].push_back(t); // Use push_back instead of insert\n            g[t].push_back(h); // Use push_back instead of insert\n        }\n\n        if (graph_num() != 1) printf("NG\\n");\n        else printf("OK\\n");\n    }\n}')"
2025-02-24 22:34:43,205	[INFO]	Step: 49
2025-02-24 22:34:43,205	[INFO]	Stop Steps: 50
2025-02-24 22:34:43,836	[DEBUG]	EXEC>  SUCCESS 3143728.5
2025-02-24 22:34:43,836	[INFO]	4-10    SUCCESS               3143728.50 (100.64%) [2 edit(s)]  
2025-02-24 22:34:43,836	[DEBUG]	patch(4-10)="LineLLMMutation(('source.cpp', 23), '#include<iostream>\n\nusing namespace std;\n\nbool visit[26],g[26][26];\n\nbool dfs(int v){\n  visit[v] = true;\n  bool f = false;\n  for(int i=0;i<26;i++)\n    if(g[v][i]){\n      f = true;\n      if(!visit[i])dfs(i);\n    }\n  return f;\n}\n\nint graph_num(void){\n  int res = 0;\n  for(int i=0;i<26;i++)\n    if(!visit[i] && dfs(i))res++;\n  return res;\n}\n\nint main(){\n  int i,n,pre[26],suf[26],h,t;\n  string s;\n\n  while(cin>>n && n){\n    for(i=0;i<26;i++){\n      visit[i] = false;\n      pre[i] = suf[i] = 0;\n      for(int j=0;j<26;j++)g[i][j] = false;\n    }\n\n    for(i=0;i<n;i++){\n      cin >> s;\n      h = s[0]-\'a\', t = s[(int)s.size()-1]-\'a\';\n      pre[h]++;\n      suf[t]++;\n      g[h][t] = g[t][h] = true;\n    }\n\n    if(graph_num() != 1)printf("NG\\n");\n    else{\n      for(i=0;i<26;i++)if(pre[i] != suf[i])break;\n      if(i==26)printf("OK\\n");\n      else printf("NG\\n");\n    }\n  }\n}') | LineLLMMutation(('source.cpp', 26), '#include<iostream>\n#include<stack>\n\nusing namespace std;\n\nbool visit[26], g[26][26];\n\nbool iterative_dfs(int start) {\n    stack<int> s;\n    s.push(start);\n    visit[start] = true;\n    bool f = false;\n\n    while (!s.empty()) {\n        int v = s.top();\n        s.pop();\n        for (int i = 0; i < 26; i++) {\n            if (g[v][i]) {\n                f = true;\n                if (!visit[i]) {\n                    visit[i] = true;\n                    s.push(i);\n                }\n            }\n        }\n    }\n    return f;\n}\n\nint graph_num(void) {\n    int res = 0;\n    for (int i = 0; i < 26; i++)\n        if (!visit[i] && iterative_dfs(i)) res++;\n    return res;\n}\n\nint main() {\n    int i, n, pre[26], suf[26], h, t;\n    string s;\n\n    while (cin >> n && n) {\n        for (i = 0; i < 26; i++) {\n            visit[i] = false;\n            pre[i] = suf[i] = 0;\n            for (int j = 0; j < 26; j++) g[i][j] = false;\n        }\n\n        for (i = 0; i < n; i++) {\n            cin >> s;\n            h = s[0] - \'a\', t = s[(int)s.size() - 1] - \'a\';\n            pre[h]++;\n            suf[t]++;\n            g[h][t] = g[t][h] = true;\n        }\n\n        if (graph_num() != 1) printf("NG\\n");\n        else {\n            for (i = 0; i < 26; i++) if (pre[i] != suf[i]) break;\n            if (i == 26) printf("OK\\n");\n            else printf("NG\\n");\n        }\n    }\n}')"
2025-02-24 22:34:43,836	[INFO]	Step: 50
2025-02-24 22:34:43,837	[INFO]	Stop Steps: 50
2025-02-24 22:34:43,837	[INFO]	(Abstract Algorithm) Stopping Condition: step budget
2025-02-24 22:34:43,837	[INFO]	Step: 50
2025-02-24 22:34:43,837	[INFO]	Stop Steps: 50
2025-02-24 22:34:48,466	[INFO]	~~~~ END ~~~~
2025-02-24 22:34:48,467	[INFO]	Best patch step: 29
2025-02-24 22:34:48,467	[INFO]	
2025-02-24 22:34:48,467	[INFO]	==== REPORT ====
2025-02-24 22:34:48,467	[INFO]	Termination: step budget
2025-02-24 22:34:48,467	[INFO]	Log file: /home/luke/magpie/_magpie_logs/0072_1740436105.log
2025-02-24 22:34:48,467	[INFO]	Patch file: _magpie_logs/0072_1740436105.patch
2025-02-24 22:34:48,467	[INFO]	Diff file: _magpie_logs/0072_1740436105.diff
2025-02-24 22:34:48,467	[INFO]	Reference fitness: 3123741.50
2025-02-24 22:34:48,467	[INFO]	Best fitness: 3052354.00
2025-02-24 22:34:48,467	[INFO]	
2025-02-24 22:34:48,468	[INFO]	==== BEST PATCH ====
LineLLMMutation(('source.cpp', 18), '#include <cstdio>\n#include <cstring>\nusing namespace std;\n\nbool visit[26], g[26][26];\n\nbool dfs(int v) {\n    visit[v] = true;\n    bool f = false;\n    for (int i = 0; i < 26; i++) {\n        if (g[v][i]) {\n            f = true;\n            if (!visit[i]) dfs(i);\n        }\n    }\n    return f;\n}\n\nint graph_num(void) {\n    int res = 0;\n    for (int i = 0; i < 26; i++) {\n        if (!visit[i] && dfs(i)) res++;\n    }\n    return res;\n}\n\nint main() {\n    int i, n, pre[26], suf[26], h, t;\n    char s[100]; // buffer for input strings\n\n    while (scanf("%d", &n) && n) {\n        memset(visit, false, sizeof(visit));\n        memset(pre, 0, sizeof(pre));\n        memset(suf, 0, sizeof(suf));\n        memset(g, false, sizeof(g));\n\n        for (i = 0; i < n; i++) {\n            scanf("%s", s);\n            h = s[0] - \'a\', t = s[(int)strlen(s) - 1] - \'a\';\n            pre[h]++;\n            suf[t]++;\n            g[h][t] = g[t][h] = true;\n        }\n\n        if (graph_num() != 1) printf("NG\\n");\n        else {\n            for (i = 0; i < 26; i++) if (pre[i] != suf[i]) break;\n            if (i == 26) printf("OK\\n");\n            else printf("NG\\n");\n        }\n    }\n}')
2025-02-24 22:34:48,468	[INFO]	
2025-02-24 22:34:48,468	[INFO]	==== DIFF ====

