2025-02-24 23:33:53,311	[DEBUG]	==== CONFIG ====
[magpie]
import = 
seed = 5587472599232852
log_dir = _magpie_logs
work_dir = _magpie_work
local_original_copy = True
local_original_name = __original__
output_encoding = ascii
edit_retries = 10
default_timeout = 30
default_lengthout = 10000.0
diff_method = unified
trust_local_filesystem = True

[magpie.log]
color_output = True
format_info = {counter:<7} {status:<20} {best}{fitness} ({ratio}) [{size}] {cached} {log}
format_debug = patch({counter})="{patch}"{diffifbest}
format_fitness = {:.2f}
format_ratio = {:.2%%}
format_patchif = 
	 --> {patch}
format_diffif = 
	{diff}

[software]
path = dataset/magpie_dataset/train/0085
target_files = 
	source.cpp
software = BasicSoftware
model_rules = 
	*.params : ParamFileConfigModel
	*.xml : SrcmlModel
	* : LineModel
model_config = 
	*.params : [paramconfig]
	*.xml : [srcml]
init_cmd = 
init_timeout = 60
init_lengthout = -1
setup_cmd = bash setup.sh
setup_timeout = 
setup_lengthout = 
compile_cmd = bash compile.sh
compile_timeout = 
compile_lengthout = 
test_cmd = bash test.sh
test_timeout = 
test_lengthout = 
run_cmd = bash run.sh
run_timeout = 3
run_lengthout = 
batch_timeout = 
batch_lengthout = 
batch_bin_fitness_strategy = aggregate
batch_fitness_strategy = sum
fitness = time

[srcml]
rename = 
	stmt: break continue decl_stmt do expr_stmt for goto if return switch while
	number: literal_number
focus = block stmt operator_comp operator_arith number
internodes = block
process_pseudo_blocks = True
process_literals = True
process_operators = True

[paramconfig]
timing = test run
cli_prefix = --
cli_glue = =
cli_boolean = show
cli_boolean_prefix_true = 
cli_boolean_prefix_false = no-
cli_none = hide
silent_prefix = @
silent_suffix = $

[search]
protocol = BasicProtocol
algorithm = GeneticProgrammingLLM
possible_edits = 
	LineLLMMutation
	LineLLMCrossover
	LineDeletion
	LineInsertion
	LineReplacement
llm_prob = 1.0
warmup = 5
warmup_strategy = last
max_steps = 50
max_time = 20000
target_fitness = 
cache_maxsize = 100
cache_keep = 0.2
batch_instances = 
batch_shuffle = True
batch_bin_shuffle = False
batch_sample_size = 1

[search.ls]
delete_prob = 0.5
max_neighbours = 
when_trapped = continue
accept_fail = False
tabu_length = 10

[search.gp]
pop_size = 10
delete_prob = 0.0
offspring_elitism = 0.2
offspring_crossover = 0.4
offspring_mutation = 0.4
uniform_rate = 0.5
batch_reset = True
llm_type = baseline

[search.minify]
do_cleanup = True
do_rebuild = True
do_simplify = True
round_robin_limit = 3


2025-02-24 23:33:53,311	[DEBUG]	
2025-02-24 23:33:53,311	[INFO]	==== SEARCH: GeneticProgrammingLLM ====
2025-02-24 23:33:53,311	[INFO]	~~~~ WARMUP ~~~~
2025-02-24 23:33:54,831	[DEBUG]	EXEC>  SUCCESS 7907424.5
2025-02-24 23:33:54,832	[INFO]	WARM    SUCCESS               7907424.50 (--) [0 edit(s)]  
2025-02-24 23:33:55,931	[DEBUG]	EXEC>  SUCCESS 7907515.0
2025-02-24 23:33:55,931	[INFO]	WARM    SUCCESS               7907515.00 (--) [0 edit(s)]  
2025-02-24 23:33:57,007	[DEBUG]	EXEC>  SUCCESS 7907607.0
2025-02-24 23:33:57,007	[INFO]	WARM    SUCCESS               7907607.00 (--) [0 edit(s)]  
2025-02-24 23:33:58,105	[DEBUG]	EXEC>  SUCCESS 7907517.0
2025-02-24 23:33:58,105	[INFO]	WARM    SUCCESS               7907517.00 (--) [0 edit(s)]  
2025-02-24 23:33:59,197	[DEBUG]	EXEC>  SUCCESS 7907516.5
2025-02-24 23:33:59,198	[INFO]	WARM    SUCCESS               7907516.50 (--) [0 edit(s)]  
2025-02-24 23:33:59,198	[INFO]	REF     SUCCESS               7907516.50 (--) [0 edit(s)]  
2025-02-24 23:33:59,198	[INFO]	
2025-02-24 23:33:59,198	[INFO]	~~~~ START ~~~~
2025-02-24 23:39:19,853	[INFO]	0-1     COMPILE_CODE_ERROR    None (--) [1 edit(s)]  
2025-02-24 23:39:19,853	[DEBUG]	patch(0-1)="LineLLMMutation(('source.cpp', 0), '#include <cstdio>\n#include <algorithm>\n#include <vector>\n#include <map>\n\nusing namespace std;\n\nconst int N_MAX = 100000;\nconst int R_MAX = 50;\nconst int BigNumber = 1000000007;\nlong long *Factrial;\nconst int smallNMax = N_MAX;\n\nstruct squaence {\n    int start, length, counter;\n    squaence() {}\n    squaence(int _start, int _end) {\n        start = _start;\n        length = _end - _start + 1;\n        counter = 0;\n    }\n};\n\n// (Rest of the code remains unchanged)')"
2025-02-24 23:39:21,305	[INFO]	0-2     COMPILE_CODE_ERROR    None (--) [1 edit(s)]  
2025-02-24 23:39:21,305	[DEBUG]	patch(0-2)="LineLLMMutation(('source.cpp', 1), '#include <cstdio>\n#include <algorithm>\n#include <vector>\n#include <map>\n#include <array>\n\nusing namespace std;\n\nconst int N_MAX = 100000;\nconst int R_MAX = 50;\nconst int BigNumber = 1000000007;\nlong long *Factrial;\nconst int smallNMax = N_MAX;\n\nstruct squaence {\n    int start, length, counter;\n    squaence() {}\n    squaence(int _start, int _end) {\n        start = _start;\n        length = _end - _start + 1;\n        counter = 0;\n    }\n};\n\nvoid SolveForLargeN(int N, int R) {\n    std::array<int, R_MAX> s, t;\n    vector<int> st_vector(2 * R);\n    // (Rest of the code remains unchanged)\n}')"
2025-02-24 23:39:22,767	[INFO]	0-3     COMPILE_CODE_ERROR    None (--) [1 edit(s)]  
2025-02-24 23:39:22,767	[DEBUG]	patch(0-3)="LineLLMMutation(('source.cpp', 2), '#include <cstdio>\n#include <algorithm>\n#include <vector>\n#include <map>\n\nusing namespace std;\n\nconst int N_MAX = 100000;\nconst int R_MAX = 50;\nconst int BigNumber = 1000000007;\nlong long *Factrial;\nconst int smallNMax = N_MAX;\n\nstruct squaence {\n    int start, length, counter;\n    squaence() {}\n    squaence(int _start, int _end) {\n        start = _start;\n        length = _end - _start + 1;\n        counter = 0;\n    }\n};\n\nvoid SolveForLargeN(int N, int R) {\n    vector<int> s(R), t(R);\n    vector<int> st_vector(2 * R);\n    // (Rest of the code remains unchanged)\n}')"
2025-02-24 23:39:24,202	[INFO]	0-4     COMPILE_CODE_ERROR    None (--) [1 edit(s)]  
2025-02-24 23:39:24,202	[DEBUG]	patch(0-4)="LineLLMMutation(('source.cpp', 3), '#include <cstdio>\n#include <algorithm>\n#include <vector>\n#include <map>\n\nusing namespace std;\n\nconst int N_MAX = 100000;\nconst int R_MAX = 50;\nconst int BigNumber = 1000000007;\nlong long *Factrial;\nconst int smallNMax = N_MAX;\n\nstruct squaence {\n    int start, length, counter;\n    squaence() {}\n    squaence(int _start, int _end) {\n        start = _start;\n        length = _end - _start + 1;\n        counter = 0;\n    }\n};\n\nvoid SolveForLargeN(int N, int R) {\n    int s[R_MAX], t[R_MAX];\n    for (int r = 0; r < R; r++) {\n        scanf("%d %d", &s[r], &t[r]);\n        s[r]--; t[r]--;  // Adjusting for zero-based indexing\n    }\n    // (Rest of the code remains unchanged)\n}')"
2025-02-24 23:39:25,289	[INFO]	0-5     COMPILE_CODE_ERROR    None (--) [1 edit(s)]  
2025-02-24 23:39:25,289	[DEBUG]	patch(0-5)="LineLLMMutation(('source.cpp', 4), 'void SolveForLargeN(int N, int R) {\n    // (previous code)\n    map<int, int> index_map;\n    for (int i = 0; i < st_vector_size; i++) {\n        int v = st_vector[i];\n        for (int j = 0; j < number.size(); j++) {\n            if (number[j].start == v) {\n                index_map[v] = j;\n                break;\n            }\n        }\n    }\n    // (Rest of the code remains unchanged)\n}')"
2025-02-24 23:39:26,529	[INFO]	0-6     COMPILE_CODE_ERROR    None (--) [1 edit(s)]  
2025-02-24 23:39:26,530	[DEBUG]	patch(0-6)="LineLLMMutation(('source.cpp', 5), '#include <unordered_map>\n\n// (Other includes remain unchanged)\n\nvoid SolveForLargeN(int N, int R) {\n    // (previous code)\n    unordered_map<int, int> index_map;\n    for (int i = 0; i < st_vector_size; i++) {\n        int v = st_vector[i];\n        for (int j = 0; j < number.size(); j++) {\n            if (number[j].start == v) {\n                index_map[v] = j;\n                break;\n            }\n        }\n    }\n    // (Rest of the code remains unchanged)\n}')"
2025-02-24 23:39:27,616	[INFO]	0-7     COMPILE_CODE_ERROR    None (--) [1 edit(s)]  
2025-02-24 23:39:27,616	[DEBUG]	patch(0-7)="LineLLMMutation(('source.cpp', 6), 'void SolveForLargeN(int N, int R) {\n    vector<int> st_vector;\n    st_vector.reserve(2 * R);  // Pre-allocate memory\n    // (Rest of the code remains unchanged)\n}')"
2025-02-24 23:39:28,704	[INFO]	0-8     COMPILE_CODE_ERROR    None (--) [1 edit(s)]  
2025-02-24 23:39:28,704	[DEBUG]	patch(0-8)="LineLLMMutation(('source.cpp', 7), 'void SolveForSmallN(int N, int R) {\n    static long long RevFactrial[smallNMax];\n    // (Rest of the code remains unchanged)\n}')"
2025-02-24 23:39:29,863	[INFO]	0-9     COMPILE_CODE_ERROR    None (--) [1 edit(s)]  
2025-02-24 23:39:29,863	[DEBUG]	patch(0-9)="LineLLMMutation(('source.cpp', 8), '// Example for inlining the squaence constructor\nstruct squaence {\n    int start, length, counter;\n    squaence() : start(0), length(0), counter(0) {}\n    squaence(int _start, int _end) : start(_start), length(_end - _start + 1), counter(0) {}\n};\n\n// (Rest of the code remains unchanged)')"
2025-02-24 23:39:30,950	[INFO]	0-10    COMPILE_CODE_ERROR    None (--) [1 edit(s)]  
2025-02-24 23:39:30,951	[DEBUG]	patch(0-10)="LineLLMMutation(('source.cpp', 9), 'for (int i = 0; i < n; i += 2) {\n    // Assuming n is even for simplicity\n    if (i + 1 < n) {\n        // Process pairs of iterations together\n    }\n}')"
2025-02-24 23:39:31,951	[INFO]	Step: 10
2025-02-24 23:39:31,951	[INFO]	Stop Steps: 50
2025-02-24 23:39:34,062	[DEBUG]	EXEC>  SUCCESS 7907515.0
2025-02-24 23:39:34,063	[INFO]	REF     SUCCESS               7907515.00 (--) [0 edit(s)]  
2025-02-24 23:39:34,063	[INFO]	Best patch step: None
2025-02-24 23:40:28,423	[INFO]	Step: 10
2025-02-24 23:40:28,423	[INFO]	Stop Steps: 50
2025-02-24 23:40:28,754	[INFO]	1-1     TEST_CODE_ERROR       None (--) [1 edit(s)]  
2025-02-24 23:40:28,754	[DEBUG]	patch(1-1)="LineLLMCrossover(('source.cpp', 0), '#include <cstdio>\n#include <vector>\nusing namespace std;\n\nint main() {\n    int n;\n    scanf("%d", &n);\n    vector<int> results(n);\n    for (int i = 0; i < n; ++i) {\n        scanf("%d", &results[i]);\n    }\n    for (int i = 0; i < n; ++i) {\n        results[i] = results[i] * results[i]; // Squaring the input\n    }\n    for (int res : results) {\n        printf("%d ", res);\n    }\n    return 0;\n}')"
2025-02-24 23:40:28,754	[INFO]	Step: 11
2025-02-24 23:40:28,754	[INFO]	Stop Steps: 50
2025-02-24 23:40:29,135	[INFO]	1-2     TEST_CODE_ERROR       None (--) [1 edit(s)]  
2025-02-24 23:40:29,135	[DEBUG]	patch(1-2)="LineLLMCrossover(('source.cpp', 1), '#include <cstdio>\n#include <cmath>\nusing namespace std;\n\nint main() {\n    int n;\n    scanf("%d", &n);\n    double result = 0;\n    for (int i = 1; i <= n; ++i) {\n        result += sqrt(i);\n    }\n    printf("%.2f\\n", result);\n    return 0;\n}')"
2025-02-24 23:40:29,135	[INFO]	Step: 12
2025-02-24 23:40:29,135	[INFO]	Stop Steps: 50
2025-02-24 23:40:29,467	[INFO]	1-3     TEST_CODE_ERROR       None (--) [1 edit(s)]  
2025-02-24 23:40:29,467	[DEBUG]	patch(1-3)="LineLLMCrossover(('source.cpp', 2), '#include <cstdio>\n#include <vector>\nusing namespace std;\n\nint main() {\n    int n;\n    scanf("%d", &n);\n    vector<int> arr(n);\n    for (int i = 0; i < n; ++i) {\n        scanf("%d", &arr[i]);\n    }\n    for (const int &val : arr) {\n        printf("%d ", val * 2); // Doubling the values for demonstration\n    }\n    return 0;\n}')"
2025-02-24 23:40:29,467	[INFO]	Step: 13
2025-02-24 23:40:29,467	[INFO]	Stop Steps: 50
2025-02-24 23:40:29,800	[INFO]	1-4     TEST_CODE_ERROR       None (--) [1 edit(s)]  
2025-02-24 23:40:29,800	[DEBUG]	patch(1-4)="LineLLMCrossover(('source.cpp', 3), '#include <cstdio>\n#include <vector>\nusing namespace std;\n\nint main() {\n    int n;\n    scanf("%d", &n);\n    vector<int> arr(n);\n    for (int &x : arr) {\n        scanf("%d", &x);\n    }\n    for (int &val : arr) {\n        val += 1; // Incrementing each element by 1\n    }\n    for (const int &res : arr) {\n        printf("%d ", res);\n    }\n    return 0;\n}')"
2025-02-24 23:40:29,800	[INFO]	Step: 14
2025-02-24 23:40:29,800	[INFO]	Stop Steps: 50
2025-02-24 23:40:30,350	[INFO]	1-5     COMPILE_CODE_ERROR    None (--) [1 edit(s)]  
2025-02-24 23:40:30,350	[DEBUG]	patch(1-5)="LineLLMMutation(('source.cpp', 10), '#include <iostream>\n#include <algorithm>\n#include <vector>\n#include <map>\nusing namespace std;\n\nconst int N_MAX = 100000;\nconst int R_MAX = 50;\nconst int BigNumber = 1000000007;\nlong long Factrial[N_MAX]; // Changed from dynamic allocation to stack allocation\nconst int smallNMax = N_MAX;\n\nstruct squaence {\n    int start, length, counter;\n\n    squaence() {}\n    squaence(int _start, int _end) {\n        start = _start;\n        length = _end - _start + 1;\n        counter = 0;\n    }\n};\n\n// Other functions remain unchanged...\n\nint main() {\n    Factrial[0] = 1;\n    for (int i = 1; i < N_MAX; i++) {\n        Factrial[i] = (Factrial[i - 1] * i) % BigNumber;\n    }\n\n    int N, R;\n    while (true) {\n        cin >> N;\n        if (N == 0) break;\n        cin >> R;\n\n        if (N > smallNMax) SolveForLargeN(N, R);\n        else SolveForSmallN(N, R);\n    }\n    return 0;\n}')"
2025-02-24 23:40:30,350	[INFO]	Step: 15
2025-02-24 23:40:30,350	[INFO]	Stop Steps: 50
2025-02-24 23:40:30,907	[INFO]	1-6     COMPILE_CODE_ERROR    None (--) [1 edit(s)]  
2025-02-24 23:40:30,907	[DEBUG]	patch(1-6)="LineLLMMutation(('source.cpp', 11), '#include <iostream>\n#include <algorithm>\n#include <vector>\n#include <map>\n#include <array>\nusing namespace std;\n\nconst int N_MAX = 100000;\nconst int R_MAX = 50;\nconst int BigNumber = 1000000007;\nlong long Factrial[N_MAX];\nconst int smallNMax = N_MAX;\n\nstruct squaence {\n    int start, length, counter;\n\n    squaence() {}\n    squaence(int _start, int _end) {\n        start = _start;\n        length = _end - _start + 1;\n        counter = 0;\n    }\n};\n\nvoid SolveForLargeN(int N, int R) {\n    array<int, R_MAX> s, t; // Changed from int[] to std::array\n    vector<int> st_vector(2 * R);\n    for (int r = 0; r < R; r++) {\n        int tmp_s, tmp_t;\n        cin >> tmp_s >> tmp_t;\n        s[r] = tmp_s - 1;\n        t[r] = tmp_t - 1;\n        st_vector[2 * r] = s[r];\n        st_vector[2 * r + 1] = t[r];\n    }\n\n    // Other code remains unchanged...\n}\n\nint main() {\n    Factrial[0] = 1;\n    for (int i = 1; i < N_MAX; i++) {\n        Factrial[i] = (Factrial[i - 1] * i) % BigNumber;\n    }\n\n    int N, R;\n    while (true) {\n        cin >> N;\n        if (N == 0) break;\n        cin >> R;\n\n        if (N > smallNMax) SolveForLargeN(N, R);\n        else SolveForSmallN(N, R);\n    }\n    return 0;\n}')"
2025-02-24 23:40:30,907	[INFO]	Step: 16
2025-02-24 23:40:30,907	[INFO]	Stop Steps: 50
2025-02-24 23:40:31,463	[INFO]	1-7     COMPILE_CODE_ERROR    None (--) [1 edit(s)]  
2025-02-24 23:40:31,463	[DEBUG]	patch(1-7)="LineLLMMutation(('source.cpp', 12), '#include <iostream>\n#include <algorithm>\n#include <vector>\n#include <map>\n#include <cstdio> // Include cstdio for scanf\nusing namespace std;\n\nconst int N_MAX = 100000;\nconst int R_MAX = 50;\nconst int BigNumber = 1000000007;\nlong long Factrial[N_MAX];\nconst int smallNMax = N_MAX;\n\n// Other struct and function definitions remain unchanged...\n\nvoid SolveForLargeN(int N, int R) {\n    // Previous code remains unchanged...\n    for (int r = 0; r < R; r++) {\n        int tmp_s, tmp_t;\n        scanf("%d %d", &tmp_s, &tmp_t); // Using scanf instead of cin\n        s[r] = tmp_s - 1;\n        t[r] = tmp_t - 1;\n        // Other code remains unchanged...\n    }\n}\n\nint main() {\n    // Factrial initialization remains unchanged...\n    int N, R;\n    while (true) {\n        scanf("%d", &N); // Using scanf instead of cin\n        if (N == 0) break;\n        scanf("%d", &R); // Using scanf instead of cin\n\n        if (N > smallNMax) SolveForLargeN(N, R);\n        else SolveForSmallN(N, R);\n    }\n    return 0;\n}')"
2025-02-24 23:40:31,463	[INFO]	Step: 17
2025-02-24 23:40:31,463	[INFO]	Stop Steps: 50
2025-02-24 23:40:31,975	[INFO]	1-8     COMPILE_CODE_ERROR    None (--) [1 edit(s)]  
2025-02-24 23:40:31,976	[DEBUG]	patch(1-8)="LineLLMMutation(('source.cpp', 13), '#include <iostream>\n#include <algorithm>\n#include <vector>\n#include <cstdio>\nusing namespace std;\n\nconst int N_MAX = 100000;\nconst int R_MAX = 50;\nconst int BigNumber = 1000000007;\nlong long Factrial[N_MAX];\nconst int smallNMax = N_MAX;\n\nstruct squaence {\n    int start, length, counter;\n\n    squaence() {}\n    squaence(int _start, int _end) {\n        start = _start;\n        length = _end - _start + 1;\n        counter = 0;\n    }\n};\n\nvoid SolveForLargeN(int N, int R) {\n    // Previous code remains unchanged...\n    vector<int> index_map(st_vector_size); // Changed to vector\n    for (int i = 0; i < st_vector_size; i++) {\n        int v = st_vector[i];\n        index_map[v] = i; // Direct indexing instead of find_if\n    }\n\n    // Other code remains unchanged...\n}\n\nint main() {\n    // Factrial initialization remains unchanged...\n    int N, R;\n    while (true) {\n        scanf("%d", &N);\n        if (N == 0) break;\n        scanf("%d", &R);\n\n        if (N > smallNMax) SolveForLargeN(N, R);\n        else SolveForSmallN(N, R);\n    }\n    return 0;\n}')"
2025-02-24 23:40:31,976	[INFO]	Step: 18
2025-02-24 23:40:31,976	[INFO]	Stop Steps: 50
2025-02-24 23:40:32,501	[INFO]	1-9     COMPILE_CODE_ERROR    None (--) [1 edit(s)]  
2025-02-24 23:40:32,501	[DEBUG]	patch(1-9)="LineLLMMutation(('source.cpp', 14), '#include <iostream>\n#include <algorithm>\n#include <vector>\n#include <cstdio>\nusing namespace std;\n\nconst int N_MAX = 100000;\nconst int R_MAX = 50;\nconst int BigNumber = 1000000007;\nlong long Factrial[N_MAX];\nconst int smallNMax = N_MAX;\n\nstruct squaence {\n    int start, length, counter;\n\n    squaence() {}\n    squaence(int _start, int _end) {\n        start = _start;\n        length = _end - _start + 1;\n        counter = 0;\n    }\n};\n\nvoid SolveForLargeN(int N, int& R) { // R passed by reference\n    int s[R_MAX], t[R_MAX];\n    vector<int> st_vector(2 * R);\n    for (int r = 0; r < R; r++) {\n        int tmp_s, tmp_t;\n        scanf("%d %d", &tmp_s, &tmp_t);\n        s[r] = tmp_s - 1;\n        t[r] = tmp_t - 1;\n        st_vector[2 * r] = s[r];\n        st_vector[2 * r + 1] = t[r];\n    }\n\n    // Other code remains unchanged...\n}\n\nint main() {\n    // Factrial initialization remains unchanged...\n    int N, R;\n    while (true) {\n        scanf("%d", &N);\n        if (N == 0) break;\n        scanf("%d", &R);\n\n        if (N > smallNMax) SolveForLargeN(N, R);\n        else SolveForSmallN(N, R);\n    }\n    return 0;\n}')"
2025-02-24 23:40:32,501	[INFO]	Step: 19
2025-02-24 23:40:32,501	[INFO]	Stop Steps: 50
2025-02-24 23:40:33,021	[INFO]	1-10    COMPILE_CODE_ERROR    None (--) [1 edit(s)]  
2025-02-24 23:40:33,021	[DEBUG]	patch(1-10)="LineLLMMutation(('source.cpp', 15), '#include <iostream>\n#include <algorithm>\n#include <vector>\n#include <cstdio>\nusing namespace std;\n\nconst int N_MAX = 100000;\nconst int R_MAX = 50;\nconst int BigNumber = 1000000007;\nlong long Factrial[N_MAX];\nconst int smallNMax = N_MAX;\n\nstruct squaence {\n    int start, length, counter;\n\n    squaence() {}\n    squaence(int _start, int _end) {\n        start = _start;\n        length = _end - _start + 1;\n        counter = 0;\n    }\n};\n\nvoid SolveForLargeN(int N, int R) {\n    // Previous code remains unchanged...\n    for (int r = 0; r < R; r++) {\n        // Other code remains unchanged...\n        for (int i = rs + 1; i < rt; ++i) { // Changed post-increment to pre-increment\n            int ni = number[i].start;\n            // Code remains unchanged...\n        }\n        // Other code remains unchanged...\n    }\n}\n\nint main() {\n    // Factrial initialization remains unchanged...\n    int N, R;\n    while (true) {\n        scanf("%d", &N);\n        if (N == 0) break;\n        scanf("%d", &R);\n\n        if (N > smallNMax) SolveForLargeN(N, R);\n        else SolveForSmallN(N, R);\n    }\n    return 0;\n}')"
2025-02-24 23:40:33,021	[INFO]	Step: 20
2025-02-24 23:40:33,021	[INFO]	Stop Steps: 50
2025-02-24 23:40:35,124	[DEBUG]	EXEC>  SUCCESS 7907516.0
2025-02-24 23:40:35,124	[INFO]	REF     SUCCESS               7907516.00 (--) [0 edit(s)]  
2025-02-24 23:40:35,125	[INFO]	Best patch step: None
2025-02-24 23:41:09,137	[INFO]	~~~~ END ~~~~
2025-02-24 23:41:09,137	[INFO]	Best patch step: None
