2025-01-24 13:45:18,930	[DEBUG]	==== CONFIG ====
[magpie]
import = 
seed = 3946594682635212
log_dir = _magpie_logs
work_dir = _magpie_work
local_original_copy = True
local_original_name = __original__
output_encoding = ascii
edit_retries = 10
default_timeout = 30
default_lengthout = 10000.0
diff_method = unified
trust_local_filesystem = True

[magpie.log]
color_output = True
format_info = {counter:<7} {status:<20} {best}{fitness} ({ratio}) [{size}] {cached} {log}
format_debug = patch({counter})="{patch}"{diffifbest}
format_fitness = {:.2f}
format_ratio = {:.2%%}
format_patchif = 
	 --> {patch}
format_diffif = 
	{diff}

[software]
path = dataset/magpie_dataset/train/0085
target_files = 
	source.cpp
software = BasicSoftware
model_rules = 
	*.params : ParamFileConfigModel
	*.xml : SrcmlModel
	* : LineModel
model_config = 
	*.params : [paramconfig]
	*.xml : [srcml]
init_cmd = 
init_timeout = 60
init_lengthout = -1
setup_cmd = bash setup.sh
setup_timeout = 
setup_lengthout = 
compile_cmd = bash compile.sh
compile_timeout = 
compile_lengthout = 
test_cmd = bash test.sh
test_timeout = 
test_lengthout = 
run_cmd = bash run.sh
run_timeout = 3
run_lengthout = 
batch_timeout = 
batch_lengthout = 
batch_bin_fitness_strategy = aggregate
batch_fitness_strategy = sum
fitness = time

[srcml]
rename = 
	stmt: break continue decl_stmt do expr_stmt for goto if return switch while
	number: literal_number
focus = block stmt operator_comp operator_arith number
internodes = block
process_pseudo_blocks = True
process_literals = True
process_operators = True

[paramconfig]
timing = test run
cli_prefix = --
cli_glue = =
cli_boolean = show
cli_boolean_prefix_true = 
cli_boolean_prefix_false = no-
cli_none = hide
silent_prefix = @
silent_suffix = $

[search]
protocol = BasicProtocol
algorithm = GeneticProgrammingLLM
possible_edits = 
	LineLLMMutation
	LineLLMCrossover
	LineDeletion
	LineInsertion
	LineReplacement
llm_prob = 1.0
warmup = 5
warmup_strategy = last
max_steps = 100
max_time = 20000
target_fitness = 
cache_maxsize = 100
cache_keep = 0.2
batch_instances = 
batch_shuffle = True
batch_bin_shuffle = False
batch_sample_size = 1

[search.ls]
delete_prob = 0.5
max_neighbours = 
when_trapped = continue
accept_fail = False
tabu_length = 10

[search.gp]
pop_size = 10
delete_prob = 0.0
offspring_elitism = 0.2
offspring_crossover = 0.4
offspring_mutation = 0.4
uniform_rate = 0.5
batch_reset = True

[search.minify]
do_cleanup = True
do_rebuild = True
do_simplify = True
round_robin_limit = 3


2025-01-24 13:45:18,930	[DEBUG]	
2025-01-24 13:45:18,930	[INFO]	==== SEARCH: GeneticProgrammingLLM ====
2025-01-24 13:45:18,932	[INFO]	~~~~ WARMUP ~~~~
2025-01-24 13:45:20,931	[DEBUG]	EXEC>  SUCCESS 11789540.8125
2025-01-24 13:45:20,932	[INFO]	WARM    SUCCESS               11789540.81 (--) [0 edit(s)]  
2025-01-24 13:45:22,218	[DEBUG]	EXEC>  SUCCESS 11866720.4375
2025-01-24 13:45:22,219	[INFO]	WARM    SUCCESS               11866720.44 (--) [0 edit(s)]  
2025-01-24 13:45:23,213	[DEBUG]	EXEC>  SUCCESS 9841812.1875
2025-01-24 13:45:23,213	[INFO]	WARM    SUCCESS               9841812.19 (--) [0 edit(s)]  
2025-01-24 13:45:24,053	[DEBUG]	EXEC>  SUCCESS 9876160.0
2025-01-24 13:45:24,053	[INFO]	WARM    SUCCESS               9876160.00 (--) [0 edit(s)]  
2025-01-24 13:45:24,898	[DEBUG]	EXEC>  SUCCESS 9884525.375
2025-01-24 13:45:24,898	[INFO]	WARM    SUCCESS               9884525.38 (--) [0 edit(s)]  
2025-01-24 13:45:24,898	[INFO]	REF     SUCCESS               9884525.38 (--) [0 edit(s)]  
2025-01-24 13:45:24,899	[INFO]	
2025-01-24 13:45:24,899	[INFO]	~~~~ START ~~~~
2025-01-24 13:45:51,539	[INFO]	0-1     COMPILE_CODE_ERROR    None (--) [1 edit(s)]  
2025-01-24 13:45:51,539	[DEBUG]	patch(0-1)="LineLLMMutation(('source.cpp', 0), '#include <cstdio>\n#include <algorithm>\n#include <vector>\n#include <map>\nusing namespace std;\n\n// ... (rest of the code remains unchanged)')"
2025-01-24 13:45:52,861	[INFO]	0-2     COMPILE_CODE_ERROR    None (--) [1 edit(s)]  
2025-01-24 13:45:52,861	[DEBUG]	patch(0-2)="LineLLMMutation(('source.cpp', 1), '#include <iostream>\n#include <algorithm>\n#include <vector>\n#include <map>\n#include <array> // Added for std::array\nusing namespace std;\n\nconst int N_MAX = 100000;\nconst int R_MAX = 50;\nconst int BigNumber = 1000000007;\nlong long *Factrial;\nconst int smallNMax = N_MAX;\n\nstruct squaence {\n    int start, length, counter;\n    squaence() {}\n    squaence(int _start, int _end) {\n        start = _start;\n        length = _end - _start + 1;\n        counter = 0;\n    }\n};\n\nvoid SolveForLargeN(int N, int R) {\n    std::array<int, R_MAX> s; // Changed to std::array\n    std::array<int, R_MAX> t; // Changed to std::array\n    // ... (rest of the code remains unchanged)\n}')"
2025-01-24 13:45:54,204	[INFO]	0-3     COMPILE_CODE_ERROR    None (--) [1 edit(s)]  
2025-01-24 13:45:54,205	[DEBUG]	patch(0-3)="LineLLMMutation(('source.cpp', 2), '#include <iostream>\n#include <algorithm>\n#include <vector>\n#include <unordered_map> // Changed to unordered_map\nusing namespace std;\n\n// ... (rest of the code remains unchanged)\n\nvoid SolveForLargeN(int N, int R) {\n    // ...\n    unordered_map<int, int> index_map; // Changed to unordered_map\n    // ... (rest of the code remains unchanged)\n}')"
2025-01-24 13:45:55,468	[INFO]	0-4     COMPILE_CODE_ERROR    None (--) [1 edit(s)]  
2025-01-24 13:45:55,468	[DEBUG]	patch(0-4)="LineLLMMutation(('source.cpp', 3), '#include <iostream>\n#include <algorithm>\n#include <vector>\n#include <map>\nusing namespace std;\n\n// ... (rest of the code remains unchanged)\n\nvoid SolveForLargeN(int N, int R) {\n    vector<int> st_vector(2 * R);\n    vector<int> input(2 * R); // Buffer for input\n    for (int r = 0; r < R; r++) {\n        cin >> input[2 * r] >> input[2 * r + 1]; // Read into buffer\n    }\n    for (int r = 0; r < R; r++) {\n        s[r] = input[2 * r] - 1;\n        t[r] = input[2 * r + 1] - 1;\n        st_vector[2 * r] = s[r];\n        st_vector[2 * r + 1] = t[r];\n    }\n    // ... (rest of the code remains unchanged)\n}')"
2025-01-24 13:45:56,727	[INFO]	0-5     COMPILE_CODE_ERROR    None (--) [1 edit(s)]  
2025-01-24 13:45:56,727	[DEBUG]	patch(0-5)="LineLLMMutation(('source.cpp', 4), '#include <iostream>\n#include <algorithm>\n#include <vector>\n#include <map>\nusing namespace std;\n\n// ... (rest of the code remains unchanged)\n\nvoid SolveForLargeN(int N, int R) {\n    // ...\n    for (int i = 0; i < st_vector_size; i++) {\n        int v = st_vector[i];\n        auto it = lower_bound(number.begin(), number.end(), squaence{v, v}); // Changed to lower_bound\n        index_map[v] = distance(number.begin(), it);\n    }\n    // ... (rest of the code remains unchanged)\n}')"
2025-01-24 13:45:57,784	[INFO]	0-6     COMPILE_CODE_ERROR    None (--) [1 edit(s)]  
2025-01-24 13:45:57,784	[DEBUG]	patch(0-6)="LineLLMMutation(('source.cpp', 5), 'void SolveForSmallN(int N, int R) {\n    long long RevFactrial[smallNMax];\n    int number[smallNMax], counter[smallNMax];\n\n    // ... (rest of the code remains unchanged)\n    \n    for(int r = 0; r < R; r++) {\n        int s, t;\n        cin >> s >> t;\n        s--; t--;\n        int ns = number[s];\n        int nt = number[t];\n        int cs = counter[t];\n        int ct = counter[s];\n\n        if(ns < nt) cs++;\n        else ct--;\n        for(int i = s + 1; i < t; i++) {\n            int ni = number[i];\n            if(ni < nt) {\n                cs++;\n                if(ns < ni) counter[i]++;\n            }\n            if(ni < ns) {\n                ct--;\n                if(nt < ni) counter[i]--;\n            }\n        }\n\n        counter[s] = cs;\n        counter[t] = ct;\n        number[s] = nt;\n        number[t] = ns;\n    }\n    // ... (rest of the code remains unchanged)\n}')"
2025-01-24 13:45:59,156	[INFO]	0-7     TEST_CODE_ERROR       None (--) [1 edit(s)]  
2025-01-24 13:45:59,156	[DEBUG]	patch(0-7)="LineLLMMutation(('source.cpp', 6), '#include <iostream>\n#include <algorithm>\n#include <vector>\n#include <map>\nusing namespace std;\n\nconst int N_MAX = 100000;\nconst int R_MAX = 50;\nconst int BigNumber = 1000000007;\nvector<long long> Factrial(N_MAX); // Changed to std::vector\n\n// ... (rest of the code remains unchanged)\n\nint main() {\n    Factrial[0] = 1;\n    for (int i = 1; i < N_MAX; i++) {\n        Factrial[i] = (Factrial[i - 1] * i) % BigNumber;\n    }\n    // ... (rest of the code remains unchanged)\n}')"
2025-01-24 13:46:00,235	[INFO]	0-8     COMPILE_CODE_ERROR    None (--) [1 edit(s)]  
2025-01-24 13:46:00,235	[DEBUG]	patch(0-8)="LineLLMMutation(('source.cpp', 7), '#include <numeric> // Added for std::accumulate\n\nvoid SolveForSmallN(int N, int R) {\n    // ... (initial setup remains unchanged)\n\n    long long index = accumulate(counter, counter + N - 1, 0LL, [&](long long acc, int c) {\n        return acc + c * RevFactrial[smallNMax - N + i] % BigNumber;\n    });\n\n    cout << index % BigNumber << endl;\n}')"
2025-01-24 13:46:01,293	[INFO]	0-9     COMPILE_CODE_ERROR    None (--) [1 edit(s)]  
2025-01-24 13:46:01,293	[DEBUG]	patch(0-9)="LineLLMMutation(('source.cpp', 8), 'void SolveForSmallN(int N, int R) {\n    // ... (initial setup remains unchanged)\n\n    long long index = 0;\n    for(int i = 0; i < N - 1; i++) {\n        index = (index + counter[i] * RevFactrial[smallNMax - N + i]) % BigNumber; // Directly apply modulo\n    }\n    cout << index << endl;\n}')"
2025-01-24 13:46:02,442	[INFO]	0-10    COMPILE_CODE_ERROR    None (--) [1 edit(s)]  
2025-01-24 13:46:02,442	[DEBUG]	patch(0-10)="LineLLMMutation(('source.cpp', 9), '#include <memory> // Added for std::unique_ptr\n\nint main() {\n    auto Factrial = make_unique<long long[]>(N_MAX); // Changed to std::unique_ptr\n\n    Factrial[0] = 1;\n    for(int i = 1; i < N_MAX; i++) {\n        Factrial[i] = (Factrial[i - 1] * i) % BigNumber;\n    }\n    // ... (rest of the code remains unchanged)\n}')"
2025-01-24 13:46:03,442	[INFO]	Step: 10
2025-01-24 13:46:03,442	[INFO]	Stop Steps: 100
2025-01-24 13:46:05,391	[DEBUG]	EXEC>  SUCCESS 9847484.3125
2025-01-24 13:46:05,392	[INFO]	REF     SUCCESS               9847484.31 (--) [0 edit(s)]  
2025-01-24 13:46:05,392	[INFO]	Best patch step: None
2025-01-24 13:46:46,374	[INFO]	~~~~ END ~~~~
2025-01-24 13:46:46,375	[INFO]	Best patch step: None
