2025-02-24 23:41:11,135	[DEBUG]	==== CONFIG ====
[magpie]
import = 
seed = 6813456999032839
log_dir = _magpie_logs
work_dir = _magpie_work
local_original_copy = True
local_original_name = __original__
output_encoding = ascii
edit_retries = 10
default_timeout = 30
default_lengthout = 10000.0
diff_method = unified
trust_local_filesystem = True

[magpie.log]
color_output = True
format_info = {counter:<7} {status:<20} {best}{fitness} ({ratio}) [{size}] {cached} {log}
format_debug = patch({counter})="{patch}"{diffifbest}
format_fitness = {:.2f}
format_ratio = {:.2%%}
format_patchif = 
	 --> {patch}
format_diffif = 
	{diff}

[software]
path = dataset/magpie_dataset/train/0086
target_files = 
	source.cpp
software = BasicSoftware
model_rules = 
	*.params : ParamFileConfigModel
	*.xml : SrcmlModel
	* : LineModel
model_config = 
	*.params : [paramconfig]
	*.xml : [srcml]
init_cmd = 
init_timeout = 60
init_lengthout = -1
setup_cmd = bash setup.sh
setup_timeout = 
setup_lengthout = 
compile_cmd = bash compile.sh
compile_timeout = 
compile_lengthout = 
test_cmd = bash test.sh
test_timeout = 
test_lengthout = 
run_cmd = bash run.sh
run_timeout = 3
run_lengthout = 
batch_timeout = 
batch_lengthout = 
batch_bin_fitness_strategy = aggregate
batch_fitness_strategy = sum
fitness = time

[srcml]
rename = 
	stmt: break continue decl_stmt do expr_stmt for goto if return switch while
	number: literal_number
focus = block stmt operator_comp operator_arith number
internodes = block
process_pseudo_blocks = True
process_literals = True
process_operators = True

[paramconfig]
timing = test run
cli_prefix = --
cli_glue = =
cli_boolean = show
cli_boolean_prefix_true = 
cli_boolean_prefix_false = no-
cli_none = hide
silent_prefix = @
silent_suffix = $

[search]
protocol = BasicProtocol
algorithm = GeneticProgrammingLLM
possible_edits = 
	LineLLMMutation
	LineLLMCrossover
	LineDeletion
	LineInsertion
	LineReplacement
llm_prob = 1.0
warmup = 5
warmup_strategy = last
max_steps = 50
max_time = 20000
target_fitness = 
cache_maxsize = 100
cache_keep = 0.2
batch_instances = 
batch_shuffle = True
batch_bin_shuffle = False
batch_sample_size = 1

[search.ls]
delete_prob = 0.5
max_neighbours = 
when_trapped = continue
accept_fail = False
tabu_length = 10

[search.gp]
pop_size = 10
delete_prob = 0.0
offspring_elitism = 0.2
offspring_crossover = 0.4
offspring_mutation = 0.4
uniform_rate = 0.5
batch_reset = True
llm_type = baseline

[search.minify]
do_cleanup = True
do_rebuild = True
do_simplify = True
round_robin_limit = 3


2025-02-24 23:41:11,135	[DEBUG]	
2025-02-24 23:41:11,135	[INFO]	==== SEARCH: GeneticProgrammingLLM ====
2025-02-24 23:41:11,135	[INFO]	~~~~ WARMUP ~~~~
2025-02-24 23:41:12,761	[DEBUG]	EXEC>  SUCCESS 3982906.0
2025-02-24 23:41:12,761	[INFO]	WARM    SUCCESS               3982906.00 (--) [0 edit(s)]  
2025-02-24 23:41:13,931	[DEBUG]	EXEC>  SUCCESS 3982726.0
2025-02-24 23:41:13,931	[INFO]	WARM    SUCCESS               3982726.00 (--) [0 edit(s)]  
2025-02-24 23:41:15,095	[DEBUG]	EXEC>  SUCCESS 3982855.0
2025-02-24 23:41:15,095	[INFO]	WARM    SUCCESS               3982855.00 (--) [0 edit(s)]  
2025-02-24 23:41:16,264	[DEBUG]	EXEC>  SUCCESS 3982816.0
2025-02-24 23:41:16,264	[INFO]	WARM    SUCCESS               3982816.00 (--) [0 edit(s)]  
2025-02-24 23:41:17,437	[DEBUG]	EXEC>  SUCCESS 3982816.5
2025-02-24 23:41:17,437	[INFO]	WARM    SUCCESS               3982816.50 (--) [0 edit(s)]  
2025-02-24 23:41:17,437	[INFO]	REF     SUCCESS               3982816.50 (--) [0 edit(s)]  
2025-02-24 23:41:17,438	[INFO]	
2025-02-24 23:41:17,438	[INFO]	~~~~ START ~~~~
2025-02-24 23:42:34,985	[INFO]	0-1     COMPILE_CODE_ERROR    None (--) [1 edit(s)]  
2025-02-24 23:42:34,985	[DEBUG]	patch(0-1)="LineLLMMutation(('source.cpp', 0), '#include <iostream>\n#include <vector>\n#include <cstring>\n#include <algorithm>\nusing namespace std;\n\ntypedef long long ll;\n\n#define MAX_N 100005\n\nll mod=1e9+7;\n\n// ... (rest of the code remains unchanged)')"
2025-02-24 23:42:36,583	[INFO]	0-2     COMPILE_CODE_ERROR    None (--) [1 edit(s)]  
2025-02-24 23:42:36,583	[DEBUG]	patch(0-2)="LineLLMMutation(('source.cpp', 1), '#include <iostream>\n#include <vector>\n#include <cstring>\n#include <algorithm>\nusing namespace std;\n\ntypedef long long ll;\n\n#define MAX_N 100005\n\nll mod=1e9+7;\n\ninline ll mul(ll a,ll b) {\n    return (a*b)%mod;\n}\n\n// ... (rest of the code remains unchanged)')"
2025-02-24 23:42:37,668	[INFO]	0-3     COMPILE_CODE_ERROR    None (--) [1 edit(s)]  
2025-02-24 23:42:37,669	[DEBUG]	patch(0-3)="LineLLMMutation(('source.cpp', 2), '// ... (previous includes and definitions remain unchanged)\n\nint main() {\n    fact[0] = 1;\n    for(int i = 1; i < MAX_N; i++)\n        fact[i] = mul(fact[i-1], i);\n\n    // ... (rest of the code remains unchanged)\n}')"
2025-02-24 23:42:38,755	[INFO]	0-4     COMPILE_CODE_ERROR    None (--) [1 edit(s)]  
2025-02-24 23:42:38,755	[DEBUG]	patch(0-4)="LineLLMMutation(('source.cpp', 3), '// ... (previous includes and definitions remain unchanged)\n\nint bit[MAX_N]; // Change to a smaller type if possible\n\n// ... (rest of the code remains unchanged)')"
2025-02-24 23:42:39,839	[INFO]	0-5     COMPILE_CODE_ERROR    None (--) [1 edit(s)]  
2025-02-24 23:42:39,840	[DEBUG]	patch(0-5)="LineLLMMutation(('source.cpp', 4), '// ... (previous includes and definitions remain unchanged)\n\nint main() {\n    // ... (initialize fact array)\n\n    while(1) {\n        ll N, R, a, b; // Declare variables here\n        scanf("%lld", &N);\n        if(N == 0) break;\n\n        // ... (rest of the code remains unchanged)\n    }\n}')"
2025-02-24 23:42:40,925	[INFO]	0-6     COMPILE_CODE_ERROR    None (--) [1 edit(s)]  
2025-02-24 23:42:40,926	[DEBUG]	patch(0-6)="LineLLMMutation(('source.cpp', 5), '// ... (previous includes and definitions remain unchanged)\n\nint main() {\n    // ... (initialize fact array)\n\n    while(1) {\n        ll N, R, a, b;\n        scanf("%lld", &N);\n        if(N == 0) break;\n\n        // Efficiently reset bit array\n        for(int i = 0; i < MAX_N; ++i) bit[i] = 0;\n\n        // ... (rest of the code remains unchanged)\n    }\n}')"
2025-02-24 23:42:42,011	[INFO]	0-7     COMPILE_CODE_ERROR    None (--) [1 edit(s)]  
2025-02-24 23:42:42,011	[DEBUG]	patch(0-7)="LineLLMMutation(('source.cpp', 6), '// ... (previous includes and definitions remain unchanged)\n\nint main() {\n    // ... (initialize fact array)\n\n    while(1) {\n        ll N, R, a, b;\n        scanf("%lld", &N);\n        if(N == 0) break;\n\n        // Move R input closer to usage\n        scanf("%lld", &R);\n        for(int i = 0; i < N; i++) t[i] = i;\n\n        // ... (rest of the code remains unchanged)\n    }\n}')"
2025-02-24 23:42:43,099	[INFO]	0-8     COMPILE_CODE_ERROR    None (--) [1 edit(s)]  
2025-02-24 23:42:43,099	[DEBUG]	patch(0-8)="LineLLMMutation(('source.cpp', 7), '// ... (previous includes and definitions remain unchanged)\n\nint sum(int i) {\n    i++;\n    int res = 0;\n    while(i) {\n        res += bit[i];\n        i -= (i & -i);\n    }\n    return res;\n}\n\n// (rest of the code remains unchanged)')"
2025-02-24 23:42:44,235	[INFO]	0-9     COMPILE_CODE_ERROR    None (--) [1 edit(s)]  
2025-02-24 23:42:44,235	[DEBUG]	patch(0-9)="LineLLMMutation(('source.cpp', 8), '#include <array>\n// ... (previous includes and definitions remain unchanged)\n\nstd::array<ll, MAX_N> fact;\n\n// ... (rest of the code remains unchanged)')"
2025-02-24 23:42:45,577	[INFO]	0-10    COMPILE_CODE_ERROR    None (--) [1 edit(s)]  
2025-02-24 23:42:45,577	[DEBUG]	patch(0-10)="LineLLMMutation(('source.cpp', 9), '#include <iostream>\n// ... (previous includes and definitions remain unchanged)\n\nint main() {\n    // ... (initialize fact array)\n\n    while(1) {\n        ll N, R, a, b;\n        scanf("%lld", &N);\n        if(N == 0) break;\n\n        // ... (rest of the code remains unchanged)\n\n        cout << ans << endl; // Using cout instead of printf\n    }\n}')"
2025-02-24 23:42:46,577	[INFO]	Step: 10
2025-02-24 23:42:46,577	[INFO]	Stop Steps: 50
2025-02-24 23:42:48,752	[DEBUG]	EXEC>  SUCCESS 3982725.0
2025-02-24 23:42:48,752	[INFO]	REF     SUCCESS               3982725.00 (--) [0 edit(s)]  
2025-02-24 23:42:48,752	[INFO]	Best patch step: None
2025-02-24 23:43:28,053	[INFO]	~~~~ END ~~~~
2025-02-24 23:43:28,053	[INFO]	Best patch step: None
