2025-02-25 00:21:32,048	[DEBUG]	==== CONFIG ====
[magpie]
import = 
seed = 462557137189141
log_dir = _magpie_logs
work_dir = _magpie_work
local_original_copy = True
local_original_name = __original__
output_encoding = ascii
edit_retries = 10
default_timeout = 30
default_lengthout = 10000.0
diff_method = unified
trust_local_filesystem = True

[magpie.log]
color_output = True
format_info = {counter:<7} {status:<20} {best}{fitness} ({ratio}) [{size}] {cached} {log}
format_debug = patch({counter})="{patch}"{diffifbest}
format_fitness = {:.2f}
format_ratio = {:.2%%}
format_patchif = 
	 --> {patch}
format_diffif = 
	{diff}

[software]
path = dataset/magpie_dataset/train/0096
target_files = 
	source.cpp
software = BasicSoftware
model_rules = 
	*.params : ParamFileConfigModel
	*.xml : SrcmlModel
	* : LineModel
model_config = 
	*.params : [paramconfig]
	*.xml : [srcml]
init_cmd = 
init_timeout = 60
init_lengthout = -1
setup_cmd = bash setup.sh
setup_timeout = 
setup_lengthout = 
compile_cmd = bash compile.sh
compile_timeout = 
compile_lengthout = 
test_cmd = bash test.sh
test_timeout = 
test_lengthout = 
run_cmd = bash run.sh
run_timeout = 3
run_lengthout = 
batch_timeout = 
batch_lengthout = 
batch_bin_fitness_strategy = aggregate
batch_fitness_strategy = sum
fitness = time

[srcml]
rename = 
	stmt: break continue decl_stmt do expr_stmt for goto if return switch while
	number: literal_number
focus = block stmt operator_comp operator_arith number
internodes = block
process_pseudo_blocks = True
process_literals = True
process_operators = True

[paramconfig]
timing = test run
cli_prefix = --
cli_glue = =
cli_boolean = show
cli_boolean_prefix_true = 
cli_boolean_prefix_false = no-
cli_none = hide
silent_prefix = @
silent_suffix = $

[search]
protocol = BasicProtocol
algorithm = GeneticProgrammingLLM
possible_edits = 
	LineLLMMutation
	LineLLMCrossover
	LineDeletion
	LineInsertion
	LineReplacement
llm_prob = 1.0
warmup = 5
warmup_strategy = last
max_steps = 50
max_time = 20000
target_fitness = 
cache_maxsize = 100
cache_keep = 0.2
batch_instances = 
batch_shuffle = True
batch_bin_shuffle = False
batch_sample_size = 1

[search.ls]
delete_prob = 0.5
max_neighbours = 
when_trapped = continue
accept_fail = False
tabu_length = 10

[search.gp]
pop_size = 10
delete_prob = 0.0
offspring_elitism = 0.2
offspring_crossover = 0.4
offspring_mutation = 0.4
uniform_rate = 0.5
batch_reset = True
llm_type = baseline

[search.minify]
do_cleanup = True
do_rebuild = True
do_simplify = True
round_robin_limit = 3


2025-02-25 00:21:32,049	[DEBUG]	
2025-02-25 00:21:32,049	[INFO]	==== SEARCH: GeneticProgrammingLLM ====
2025-02-25 00:21:32,049	[INFO]	~~~~ WARMUP ~~~~
2025-02-25 00:21:33,735	[DEBUG]	EXEC>  SUCCESS 3774557.0
2025-02-25 00:21:33,735	[INFO]	WARM    SUCCESS               3774557.00 (--) [0 edit(s)]  
2025-02-25 00:21:34,963	[DEBUG]	EXEC>  SUCCESS 3774377.0
2025-02-25 00:21:34,963	[INFO]	WARM    SUCCESS               3774377.00 (--) [0 edit(s)]  
2025-02-25 00:21:36,228	[DEBUG]	EXEC>  SUCCESS 3774560.0
2025-02-25 00:21:36,228	[INFO]	WARM    SUCCESS               3774560.00 (--) [0 edit(s)]  
2025-02-25 00:21:37,552	[DEBUG]	EXEC>  SUCCESS 3774378.0
2025-02-25 00:21:37,552	[INFO]	WARM    SUCCESS               3774378.00 (--) [0 edit(s)]  
2025-02-25 00:21:38,845	[DEBUG]	EXEC>  SUCCESS 3774377.0
2025-02-25 00:21:38,845	[INFO]	WARM    SUCCESS               3774377.00 (--) [0 edit(s)]  
2025-02-25 00:21:38,846	[INFO]	REF     SUCCESS               3774377.00 (--) [0 edit(s)]  
2025-02-25 00:21:38,846	[INFO]	
2025-02-25 00:21:38,846	[INFO]	~~~~ START ~~~~
2025-02-25 00:22:53,677	[DEBUG]	EXEC>  SUCCESS 3774557.0
2025-02-25 00:22:53,678	[INFO]	0-1     SUCCESS              +3774557.00 (100.00%) [1 edit(s)]  
2025-02-25 00:22:53,678	[DEBUG]	patch(0-1)="LineLLMMutation(('source.cpp', 0), '#include <iostream>\n#include <vector>\n#include <algorithm>\nusing namespace std;\n\nint d, n;\nvector<int> a, e, r;\nvector<vector<int>> memo;\nconst int INF = 1000000000;\n\nvoid rec(int c = 0, int exp = 0, int end = d) {\n    if (memo[exp][end] <= c) return;\n    memo[exp][end] = c;\n\n    for (int i = 0; i < n; i++) {\n        if (exp < r[i]) continue;\n        rec(c + 1, min(exp + e[i], 100), max(end - a[i], 0));\n    }\n}\n\nint main() {\n    while (cin >> d >> n, d) {\n        a = e = r = vector<int>(n);\n        for (int i = 0; i < n; i++) cin >> a[i] >> e[i] >> r[i];\n        memo = vector<vector<int>>(105, vector<int>(105, INF));\n        rec();\n        int ans = INF;\n        for (int i = 0; i < 101; i++) ans = min(ans, memo[i][0]);\n        cout << (ans == INF ? "NA" : to_string(ans)) << endl;\n    }\n    return 0;\n}')"
2025-02-25 00:22:55,309	[INFO]	0-2     TEST_CODE_ERROR       None (--) [1 edit(s)]  
2025-02-25 00:22:55,309	[DEBUG]	patch(0-2)="LineLLMMutation(('source.cpp', 1), '#include <iostream>\n#include <vector>\n#include <array>\nusing namespace std;\n\nint d, n;\nvector<int> a, e, r;\narray<array<int, 105>, 105> memo;\nconst int INF = 1000000000;\n\nvoid rec(int c = 0, int exp = 0, int end = d) {\n    if (memo[exp][end] <= c) return;\n    memo[exp][end] = c;\n\n    for (int i = 0; i < n; i++) {\n        if (exp < r[i]) continue;\n        rec(c + 1, min(exp + e[i], 100), max(end - a[i], 0));\n    }\n}\n\nint main() {\n    while (cin >> d >> n, d) {\n        a = e = r = vector<int>(n);\n        for (int i = 0; i < n; i++) cin >> a[i] >> e[i] >> r[i];\n        memo.fill(array<int, 105>{INF});\n        rec();\n        int ans = INF;\n        for (int i = 0; i < 101; i++) ans = min(ans, memo[i][0]);\n        cout << (ans == INF ? "NA" : to_string(ans)) << endl;\n    }\n    return 0;\n}')"
2025-02-25 00:22:56,849	[INFO]	0-3     TEST_CODE_ERROR       None (--) [1 edit(s)]  
2025-02-25 00:22:56,849	[DEBUG]	patch(0-3)="LineLLMMutation(('source.cpp', 2), '#include <iostream>\n#include <array>\nusing namespace std;\n\nconst int MAXN = 105;\nint d, n;\narray<int, MAXN> a, e, r;\narray<array<int, MAXN>, MAXN> memo;\nconst int INF = 1000000000;\n\nvoid rec(int c = 0, int exp = 0, int end = d) {\n    if (memo[exp][end] <= c) return;\n    memo[exp][end] = c;\n\n    for (int i = 0; i < n; i++) {\n        if (exp < r[i]) continue;\n        rec(c + 1, min(exp + e[i], 100), max(end - a[i], 0));\n    }\n}\n\nint main() {\n    while (cin >> d >> n, d) {\n        for (int i = 0; i < n; i++) cin >> a[i] >> e[i] >> r[i];\n        memo.fill(array<int, MAXN>{INF});\n        rec();\n        int ans = INF;\n        for (int i = 0; i < 101; i++) ans = min(ans, memo[i][0]);\n        cout << (ans == INF ? "NA" : to_string(ans)) << endl;\n    }\n    return 0;\n}')"
2025-02-25 00:22:58,611	[DEBUG]	EXEC>  SUCCESS 3774395.0
2025-02-25 00:22:58,611	[INFO]	0-4     SUCCESS              +3774395.00 (100.00%) [1 edit(s)]  
2025-02-25 00:22:58,612	[DEBUG]	patch(0-4)="LineLLMMutation(('source.cpp', 3), '#include <iostream>\n#include <vector>\n#include <tuple>\nusing namespace std;\n\nint d, n;\nvector<int> a, e, r;\nvector<vector<int>> memo;\nconst int INF = 1000000000;\n\nvoid rec(int c = 0, int exp = 0, int end = d) {\n    if (memo[exp][end] <= c) return;\n    memo[exp][end] = c;\n\n    for (int i = 0; i < n; i++) {\n        if (exp < r[i]) continue;\n        rec(c + 1, min(exp + e[i], 100), max(end - a[i], 0));\n    }\n}\n\nint main() {\n    while (cin >> d >> n, d) {\n        a = e = r = vector<int>(n);\n        for (int i = 0; i < n; i++) cin >> a[i] >> e[i] >> r[i];\n        memo = vector<vector<int>>(105, vector<int>(105, INF));\n        rec();\n        int ans = INF;\n        for (int i = 0; i < 101; i++) ans = min(ans, memo[i][0]);\n        cout << (ans == INF ? "NA" : to_string(ans)) << endl;\n    }\n    return 0;\n}')"
2025-02-25 00:23:00,295	[DEBUG]	EXEC>  SUCCESS 3750656.0
2025-02-25 00:23:00,295	[INFO]	0-5     SUCCESS              *3750656.00 (99.37%) [1 edit(s)]  
2025-02-25 00:23:00,295	[DEBUG]	patch(0-5)="LineLLMMutation(('source.cpp', 4), '#include <iostream>\n#include <vector>\nusing namespace std;\n\nint d, n;\nvector<int> a, e, r;\nvector<vector<int>> memo;\nconst int INF = 1000000000;\n\nvoid rec(int c = 0, int exp = 0, int end = d) {\n    if (memo[exp][end] <= c) return;\n    memo[exp][end] = c;\n\n    for (int i = 0; i < n; i++) {\n        if (exp < r[i]) continue;\n        rec(c + 1, min(exp + e[i], 100), max(end - a[i], 0));\n    }\n}\n\nint main() {\n    while (scanf("%d %d", &d, &n), d) {\n        a = e = r = vector<int>(n);\n        for (int i = 0; i < n; i++) scanf("%d %d %d", &a[i], &e[i], &r[i]);\n        memo = vector<vector<int>>(105, vector<int>(105, INF));\n        rec();\n        int ans = INF;\n        for (int i = 0; i < 101; i++) ans = min(ans, memo[i][0]);\n        printf("%s\\n", ans == INF ? "NA" : to_string(ans).c_str());\n    }\n    return 0;\n}')"

2025-02-25 00:23:01,942	[DEBUG]	EXEC>  SUCCESS 3693649.0
2025-02-25 00:23:01,943	[INFO]	0-6     SUCCESS              *3693649.00 (97.86%) [1 edit(s)]  
2025-02-25 00:23:01,943	[DEBUG]	patch(0-6)="LineLLMMutation(('source.cpp', 5), '#include <iostream>\n#include <vector>\nusing namespace std;\n\nconst int MAX_EXP = 105;\nconst int MAX_END = 105;\nint d, n;\nvector<int> a, e, r;\nint memo[MAX_EXP][MAX_END];\n\nconst int INF = 1000000000;\n\nvoid rec(int c = 0, int exp = 0, int end = d) {\n    if (memo[exp][end] <= c) return;\n    memo[exp][end] = c;\n\n    for (int i = 0; i < n; i++) {\n        if (exp < r[i]) continue;\n        rec(c + 1, min(exp + e[i], 100), max(end - a[i], 0));\n    }\n}\n\nint main() {\n    while (cin >> d >> n, d) {\n        a = e = r = vector<int>(n);\n        for (int i = 0; i < n; i++) cin >> a[i] >> e[i] >> r[i];\n        fill(&memo[0][0], &memo[0][0] + sizeof(memo) / sizeof(int), INF);\n        rec();\n        int ans = INF;\n        for (int i = 0; i < 101; i++) ans = min(ans, memo[i][0]);\n        cout << (ans == INF ? "NA" : to_string(ans)) << endl;\n    }\n    return 0;\n}')"

2025-02-25 00:23:03,659	[DEBUG]	EXEC>  SUCCESS 3768539.0
2025-02-25 00:23:03,659	[INFO]	0-7     SUCCESS               3768539.00 (99.85%) [1 edit(s)]  
2025-02-25 00:23:03,659	[DEBUG]	patch(0-7)="LineLLMMutation(('source.cpp', 6), '#include <iostream>\n#include <vector>\nusing namespace std;\n\nint d, n;\nvector<int> a, e, r;\nvector<vector<int>> memo;\nconst int INF = 1000000000;\n\ninline void rec(int c = 0, int exp = 0, int end = d) {\n    if (memo[exp][end] <= c) return;\n    memo[exp][end] = c;\n\n    for (int i = 0; i < n; i++) {\n        if (exp < r[i]) continue;\n        rec(c + 1, min(exp + e[i], 100), max(end - a[i], 0));\n    }\n}\n\nint main() {\n    while (cin >> d >> n, d) {\n        a = e = r = vector<int>(n);\n        for (int i = 0; i < n; i++) cin >> a[i] >> e[i] >> r[i];\n        memo = vector<vector<int>>(105, vector<int>(105, INF));\n        rec();\n        int ans = INF;\n        for (int i = 0; i < 101; i++) ans = min(ans, memo[i][0]);\n        cout << (ans == INF ? "NA" : to_string(ans)) << endl;\n    }\n    return 0;\n}')"
2025-02-25 00:23:05,062	[INFO]	0-8     COMPILE_CODE_ERROR    None (--) [1 edit(s)]  
2025-02-25 00:23:05,062	[DEBUG]	patch(0-8)="LineLLMMutation(('source.cpp', 7), '#include <iostream>\n#include <vector>\nusing namespace std;\n\nconst int MAXN = 100;\nint d, n;\nvector<int> a(MAXN), e(MAXN), r(MAXN);\nvector<vector<int>> memo(105, vector<int>(105, INF));\nconst int INF = 1000000000;\n\nvoid rec(int c = 0, int exp = 0, int end = d) {\n    if (memo[exp][end] <= c) return;\n    memo[exp][end] = c;\n\n    for (int i = 0; i < n; i++) {\n        if (exp < r[i]) continue;\n        rec(c + 1, min(exp + e[i], 100), max(end - a[i], 0));\n    }\n}\n\nint main() {\n    while (cin >> d >> n, d) {\n        for (int i = 0; i < n; i++) cin >> a[i] >> e[i] >> r[i];\n        rec();\n        int ans = INF;\n        for (int i = 0; i < 101; i++) ans = min(ans, memo[i][0]);\n        cout << (ans == INF ? "NA" : to_string(ans)) << endl;\n    }\n    return 0;\n}')"
2025-02-25 00:23:06,483	[INFO]	0-9     COMPILE_LENGTHOUT     None (--) [1 edit(s)]  
2025-02-25 00:23:06,483	[DEBUG]	patch(0-9)="LineLLMMutation(('source.cpp', 8), '#include <iostream>\n#include <vector>\n#include <stack>\nusing namespace std;\n\nint d, n;\nvector<int> a, e, r;\nvector<vector<int>> memo;\nconst int INF = 1000000000;\n\nvoid rec() {\n    stack<tuple<int, int, int>> stk;\n    stk.push({0, 0, d});\n\n    while (!stk.empty()) {\n        auto [c, exp, end] = stk.top();\n        stk.pop();\n\n        if (memo[exp][end] <= c) continue;\n        memo[exp][end] = c;\n\n        for (int i = 0; i < n; i++) {\n            if (exp >= r[i]) {\n                stk.push({c + 1, min(exp + e[i], 100), max(end - a[i], 0)});\n            }\n        }\n    }\n}\n\nint main() {\n    while (cin >> d >> n, d) {\n        a = e = r = vector<int>(n);\n        for (int i = 0; i < n; i++) cin >> a[i] >> e[i] >> r[i];\n        memo = vector<vector<int>>(105, vector<int>(105, INF));\n        rec();\n        int ans = INF;\n        for (int i = 0; i < 101; i++) ans = min(ans, memo[i][0]);\n        cout << (ans == INF ? "NA" : to_string(ans)) << endl;\n    }\n    return 0;\n}')"
2025-02-25 00:23:08,165	[DEBUG]	EXEC>  SUCCESS 3748222.0
2025-02-25 00:23:08,165	[INFO]	0-10    SUCCESS               3748222.00 (99.31%) [1 edit(s)]  
2025-02-25 00:23:08,165	[DEBUG]	patch(0-10)="LineLLMMutation(('source.cpp', 9), '#include <iostream>\n#include <vector>\n#include <cstdio>\nusing namespace std;\n\nconst int MAXN = 105;\nint d, n;\nvector<int> a, e, r;\nvector<vector<int>> memo;\nconst int INF = 1000000000;\n\nvoid rec(int c = 0, int exp = 0, int end = d) {\n    if (memo[exp][end] <= c) return;\n    memo[exp][end] = c;\n\n    for (int i = 0; i < n; i++) {\n        if (exp < r[i]) continue;\n        rec(c + 1, min(exp + e[i], 100), max(end - a[i], 0));\n    }\n}\n\nint main() {\n    while (scanf("%d %d", &d, &n), d) {\n        a.resize(n);\n        e.resize(n);\n        r.resize(n);\n        for (int i = 0; i < n; i++) scanf("%d %d %d", &a[i], &e[i], &r[i]);\n        memo = vector<vector<int>>(105, vector<int>(105, INF));\n        rec();\n        int ans = INF;\n        for (int i = 0; i < 101; i++) ans = min(ans, memo[i][0]);\n        printf("%s\\n", ans == INF ? "NA" : to_string(ans).c_str());\n    }\n    return 0;\n}')"
2025-02-25 00:23:09,166	[INFO]	Step: 10
2025-02-25 00:23:09,166	[INFO]	Stop Steps: 50
2025-02-25 00:23:11,462	[DEBUG]	EXEC>  SUCCESS 3774379.0
2025-02-25 00:23:11,462	[INFO]	REF     SUCCESS               3774379.00 (--) [0 edit(s)]  
2025-02-25 00:23:11,463	[INFO]	Best patch: 5
2025-02-25 00:23:12,121	[DEBUG]	EXEC>  SUCCESS 3693647.0
2025-02-25 00:23:12,121	[INFO]	BEST    SUCCESS              *3693647.00 (97.86%) [0 edit(s)]  
2025-02-25 00:23:12,121	[INFO]	Best patch step: 5
2025-02-25 00:24:02,630	[INFO]	Step: 10
2025-02-25 00:24:02,630	[INFO]	Stop Steps: 50
2025-02-25 00:24:03,294	[DEBUG]	EXEC>  SUCCESS 3693645.0
2025-02-25 00:24:03,294	[INFO]	1-1     SUCCESS              *3693645.00 (97.86%) [1 edit(s)]  
2025-02-25 00:24:03,294	[DEBUG]	patch(1-1)="LineLLMMutation(('source.cpp', 5), '#include <iostream>\n#include <vector>\nusing namespace std;\n\nconst int MAX_EXP = 105;\nconst int MAX_END = 105;\nint d, n;\nvector<int> a, e, r;\nint memo[MAX_EXP][MAX_END];\n\nconst int INF = 1000000000;\n\nvoid rec(int c = 0, int exp = 0, int end = d) {\n    if (memo[exp][end] <= c) return;\n    memo[exp][end] = c;\n\n    for (int i = 0; i < n; i++) {\n        if (exp < r[i]) continue;\n        rec(c + 1, min(exp + e[i], 100), max(end - a[i], 0));\n    }\n}\n\nint main() {\n    while (cin >> d >> n, d) {\n        a = e = r = vector<int>(n);\n        for (int i = 0; i < n; i++) cin >> a[i] >> e[i] >> r[i];\n        fill(&memo[0][0], &memo[0][0] + sizeof(memo) / sizeof(int), INF);\n        rec();\n        int ans = INF;\n        for (int i = 0; i < 101; i++) ans = min(ans, memo[i][0]);\n        cout << (ans == INF ? "NA" : to_string(ans)) << endl;\n    }\n    return 0;\n}')"

2025-02-25 00:24:03,294	[INFO]	Step: 11
2025-02-25 00:24:03,295	[INFO]	Stop Steps: 50
2025-02-25 00:24:03,963	[DEBUG]	EXEC>  SUCCESS 3748221.0
2025-02-25 00:24:03,963	[INFO]	1-2     SUCCESS               3748221.00 (99.31%) [1 edit(s)]  
2025-02-25 00:24:03,963	[DEBUG]	patch(1-2)="LineLLMMutation(('source.cpp', 9), '#include <iostream>\n#include <vector>\n#include <cstdio>\nusing namespace std;\n\nconst int MAXN = 105;\nint d, n;\nvector<int> a, e, r;\nvector<vector<int>> memo;\nconst int INF = 1000000000;\n\nvoid rec(int c = 0, int exp = 0, int end = d) {\n    if (memo[exp][end] <= c) return;\n    memo[exp][end] = c;\n\n    for (int i = 0; i < n; i++) {\n        if (exp < r[i]) continue;\n        rec(c + 1, min(exp + e[i], 100), max(end - a[i], 0));\n    }\n}\n\nint main() {\n    while (scanf("%d %d", &d, &n), d) {\n        a.resize(n);\n        e.resize(n);\n        r.resize(n);\n        for (int i = 0; i < n; i++) scanf("%d %d %d", &a[i], &e[i], &r[i]);\n        memo = vector<vector<int>>(105, vector<int>(105, INF));\n        rec();\n        int ans = INF;\n        for (int i = 0; i < 101; i++) ans = min(ans, memo[i][0]);\n        printf("%s\\n", ans == INF ? "NA" : to_string(ans).c_str());\n    }\n    return 0;\n}')"
2025-02-25 00:24:03,963	[INFO]	Step: 12
2025-02-25 00:24:03,963	[INFO]	Stop Steps: 50
2025-02-25 00:24:04,645	[DEBUG]	EXEC>  SUCCESS 3748255.0
2025-02-25 00:24:04,645	[INFO]	1-3     SUCCESS               3748255.00 (99.31%) [1 edit(s)]  
2025-02-25 00:24:04,645	[DEBUG]	patch(1-3)="LineLLMCrossover(('source.cpp', 0), '#include <iostream>\n#include <vector>\n#include <cstdio>\nusing namespace std;\n\nconst int MAXN = 105;\nint d, n;\nvector<int> a, e, r;\nvector<vector<int>> memo;\nconst int INF = 1000000000;\n\nvoid rec(int c = 0, int exp = 0, int end = d) {\n    if (memo[exp][end] <= c) return;\n    memo[exp][end] = c;\n\n    for (int i = 0; i < n; i++) {\n        if (exp < r[i]) continue;\n        rec(c + 1, min(exp + e[i], 100), max(end - a[i], 0));\n    }\n}\n\nint main() {\n    while (scanf("%d %d", &d, &n), d) {\n        a.resize(n);\n        e.resize(n);\n        r.resize(n);\n        for (int i = 0; i < n; i++) scanf("%d %d %d", &a[i], &e[i], &r[i]);\n        memo = vector<vector<int>>(105, vector<int>(105, INF));\n        rec();\n        int ans = INF;\n        for (int i = 0; i < 101; i++) ans = min(ans, memo[i][0]);\n        printf("%s\\n", ans == INF ? "NA" : to_string(ans).c_str());\n    }\n    return 0;\n}')"
2025-02-25 00:24:04,645	[INFO]	Step: 13
2025-02-25 00:24:04,646	[INFO]	Stop Steps: 50
2025-02-25 00:24:05,357	[DEBUG]	EXEC>  SUCCESS 3768540.0
2025-02-25 00:24:05,358	[INFO]	1-4     SUCCESS               3768540.00 (99.85%) [1 edit(s)]  
2025-02-25 00:24:05,358	[DEBUG]	patch(1-4)="LineLLMCrossover(('source.cpp', 1), '#include <iostream>\n#include <vector>\nusing namespace std;\n\nint d, n;\nvector<int> a, e, r;\nvector<vector<int>> memo;\nconst int INF = 1000000000;\n\ninline void rec(int c = 0, int exp = 0, int end = d) {\n    if (memo[exp][end] <= c) return;\n    memo[exp][end] = c;\n\n    for (int i = 0; i < n; i++) {\n        if (exp < r[i]) continue;\n        rec(c + 1, min(exp + e[i], 100), max(end - a[i], 0));\n    }\n}\n\nint main() {\n    while (cin >> d >> n, d) {\n        a = e = r = vector<int>(n);\n        for (int i = 0; i < n; i++) cin >> a[i] >> e[i] >> r[i];\n        memo = vector<vector<int>>(105, vector<int>(105, INF));\n        rec();\n        int ans = INF;\n        for (int i = 0; i < 101; i++) ans = min(ans, memo[i][0]);\n        cout << (ans == INF ? "NA" : to_string(ans)) << endl;\n    }\n    return 0;\n}')"
2025-02-25 00:24:05,358	[INFO]	Step: 14
2025-02-25 00:24:05,358	[INFO]	Stop Steps: 50
2025-02-25 00:24:06,057	[DEBUG]	EXEC>  SUCCESS 3741182.0
2025-02-25 00:24:06,058	[INFO]	1-5     SUCCESS               3741182.00 (99.12%) [1 edit(s)]  
2025-02-25 00:24:06,058	[DEBUG]	patch(1-5)="LineLLMCrossover(('source.cpp', 2), '#include <iostream>\n#include <vector>\n#include <cstdio>\nusing namespace std;\n\nconst int MAXN = 105;\nint d, n;\nvector<int> a, e, r;\nvector<vector<int>> memo;\nconst int INF = 1000000000;\n\ninline void rec(int c = 0, int exp = 0, int end = d) {\n    if (memo[exp][end] <= c) return;\n    memo[exp][end] = c;\n\n    for (int i = 0; i < n; i++) {\n        if (exp < r[i]) continue;\n        rec(c + 1, min(exp + e[i], 100), max(end - a[i], 0));\n    }\n}\n\nint main() {\n    while (scanf("%d %d", &d, &n), d) {\n        a.resize(n);\n        e.resize(n);\n        r.resize(n);\n        for (int i = 0; i < n; i++) scanf("%d %d %d", &a[i], &e[i], &r[i]);\n        memo = vector<vector<int>>(MAXN, vector<int>(MAXN, INF));\n        rec();\n        int ans = INF;\n        for (int i = 0; i < 101; i++) ans = min(ans, memo[i][0]);\n        printf("%s\\n", ans == INF ? "NA" : to_string(ans).c_str());\n    }\n    return 0;\n}')"
2025-02-25 00:24:06,058	[INFO]	Step: 15
2025-02-25 00:24:06,058	[INFO]	Stop Steps: 50
2025-02-25 00:24:06,759	[DEBUG]	EXEC>  SUCCESS 3743927.0
2025-02-25 00:24:06,759	[INFO]	1-6     SUCCESS               3743927.00 (99.19%) [1 edit(s)]  
2025-02-25 00:24:06,759	[DEBUG]	patch(1-6)="LineLLMCrossover(('source.cpp', 3), '#include <iostream>\n#include <vector>\n#include <cstdio>\nusing namespace std;\n\nconst int MAXN = 105;\nint d, n;\nvector<int> a, e, r;\nvector<vector<int>> memo;\nconst int INF = 1000000000;\n\ninline void rec(int c = 0, int exp = 0, int end = d) {\n    if (memo[exp][end] <= c) return;\n    memo[exp][end] = c;\n\n    for (int i = 0; i < n; i++) {\n        if (exp < r[i]) continue;\n        rec(c + 1, min(exp + e[i], 100), max(end - a[i], 0));\n    }\n}\n\nint main() {\n    while (scanf("%d %d", &d, &n), d) {\n        a = e = r = vector<int>(n);\n        for (int i = 0; i < n; i++) scanf("%d %d %d", &a[i], &e[i], &r[i]);\n        memo = vector<vector<int>>(MAXN, vector<int>(MAXN, INF));\n        rec();\n        int ans = INF;\n        for (int i = 0; i < 101; i++) ans = min(ans, memo[i][0]);\n        printf("%s\\n", ans == INF ? "NA" : to_string(ans).c_str());\n    }\n    return 0;\n}')"
2025-02-25 00:24:06,759	[INFO]	Step: 16
2025-02-25 00:24:06,759	[INFO]	Stop Steps: 50
2025-02-25 00:24:07,443	[INFO]	1-7     COMPILE_LENGTHOUT     None (--) [2 edit(s)]  
2025-02-25 00:24:07,444	[DEBUG]	patch(1-7)="LineLLMMutation(('source.cpp', 5), '#include <iostream>\n#include <vector>\nusing namespace std;\n\nconst int MAX_EXP = 105;\nconst int MAX_END = 105;\nint d, n;\nvector<int> a, e, r;\nint memo[MAX_EXP][MAX_END];\n\nconst int INF = 1000000000;\n\nvoid rec(int c = 0, int exp = 0, int end = d) {\n    if (memo[exp][end] <= c) return;\n    memo[exp][end] = c;\n\n    for (int i = 0; i < n; i++) {\n        if (exp < r[i]) continue;\n        rec(c + 1, min(exp + e[i], 100), max(end - a[i], 0));\n    }\n}\n\nint main() {\n    while (cin >> d >> n, d) {\n        a = e = r = vector<int>(n);\n        for (int i = 0; i < n; i++) cin >> a[i] >> e[i] >> r[i];\n        fill(&memo[0][0], &memo[0][0] + sizeof(memo) / sizeof(int), INF);\n        rec();\n        int ans = INF;\n        for (int i = 0; i < 101; i++) ans = min(ans, memo[i][0]);\n        cout << (ans == INF ? "NA" : to_string(ans)) << endl;\n    }\n    return 0;\n}') | LineLLMMutation(('source.cpp', 10), '#include <iostream>\n#include <vector>\n#include <queue>\nusing namespace std;\n\nconst int MAX_EXP = 105;\nconst int MAX_END = 105;\nint d, n;\nvector<int> a, e, r;\nint memo[MAX_EXP][MAX_END];\n\nconst int INF = 1000000000;\n\nvoid bfs() {\n    fill(&memo[0][0], &memo[0][0] + sizeof(memo) / sizeof(int), INF);\n    queue<tuple<int, int, int>> q; // (c, exp, end)\n    q.push({0, 0, d});\n    memo[0][d] = 0;\n\n    while (!q.empty()) {\n        auto [c, exp, end] = q.front();\n        q.pop();\n\n        for (int i = 0; i < n; i++) {\n            if (exp < r[i]) continue;\n            int newExp = min(exp + e[i], 100);\n            int newEnd = max(end - a[i], 0);\n            int newC = c + 1;\n\n            if (memo[newExp][newEnd] > newC) {\n                memo[newExp][newEnd] = newC;\n                q.push({newC, newExp, newEnd});\n            }\n        }\n    }\n}\n\nint main() {\n    while (cin >> d >> n, d) {\n        a = e = r = vector<int>(n);\n        for (int i = 0; i < n; i++) cin >> a[i] >> e[i] >> r[i];\n        bfs();\n        int ans = INF;\n        for (int i = 0; i < 101; i++) ans = min(ans, memo[i][0]);\n        cout << (ans == INF ? "NA" : to_string(ans)) << endl;\n    }\n    return 0;\n}')"
2025-02-25 00:24:07,444	[INFO]	Step: 17
2025-02-25 00:24:07,444	[INFO]	Stop Steps: 50
2025-02-25 00:24:08,165	[INFO]	1-8     COMPILE_CODE_ERROR    None (--) [2 edit(s)]  
2025-02-25 00:24:08,165	[DEBUG]	patch(1-8)="LineLLMMutation(('source.cpp', 9), '#include <iostream>\n#include <vector>\n#include <cstdio>\nusing namespace std;\n\nconst int MAXN = 105;\nint d, n;\nvector<int> a, e, r;\nvector<vector<int>> memo;\nconst int INF = 1000000000;\n\nvoid rec(int c = 0, int exp = 0, int end = d) {\n    if (memo[exp][end] <= c) return;\n    memo[exp][end] = c;\n\n    for (int i = 0; i < n; i++) {\n        if (exp < r[i]) continue;\n        rec(c + 1, min(exp + e[i], 100), max(end - a[i], 0));\n    }\n}\n\nint main() {\n    while (scanf("%d %d", &d, &n), d) {\n        a.resize(n);\n        e.resize(n);\n        r.resize(n);\n        for (int i = 0; i < n; i++) scanf("%d %d %d", &a[i], &e[i], &r[i]);\n        memo = vector<vector<int>>(105, vector<int>(105, INF));\n        rec();\n        int ans = INF;\n        for (int i = 0; i < 101; i++) ans = min(ans, memo[i][0]);\n        printf("%s\\n", ans == INF ? "NA" : to_string(ans).c_str());\n    }\n    return 0;\n}') | LineLLMMutation(('source.cpp', 11), '#include <iostream>\n#include <vector>\n#include <cstdio>\n#include <stack>\nusing namespace std;\n\nconst int MAXN = 105;\nint d, n;\nvector<int> a, e, r;\nvector<vector<int>> memo;\nconst int INF = 1000000000;\n\nvoid iterativeRec() {\n    stack<tuple<int, int, int>> s;\n    s.emplace(0, 0, d); // (c, exp, end)\n\n    while (!s.empty()) {\n        auto [c, exp, end] = s.top();\n        s.pop();\n\n        if (memo[exp][end] <= c) continue;\n        memo[exp][end] = c;\n\n        for (int i = 0; i < n; i++) {\n            if (exp < r[i]) continue;\n            s.emplace(c + 1, min(exp + e[i], 100), max(end - a[i], 0));\n        }\n    }\n}\n\nint main() {\n    while (scanf("%d %d", &d, &n), d) {\n        a.resize(n);\n        e.resize(n);\n        r.resize(n);\n        for (int i = 0; i < n; i++) scanf("%d %d %d", &a[i], &e[i], &r[i]);\n        memo = vector<vector<int>>(105, vector<int>(105, INF));\n        iterativeRec();\n        int ans = INF;\n        for (int i = 0; i < 101; i++) ans = min(ans, memo[i][0]);\n        printf("%s\\n", ans == INF ? "NA" : to_string(ans).c_str());\n    }\n    return 0;\n}')"
2025-02-25 00:24:08,165	[INFO]	Step: 18
2025-02-25 00:24:08,165	[INFO]	Stop Steps: 50
2025-02-25 00:24:08,909	[DEBUG]	EXEC>  SUCCESS 3773046.0
2025-02-25 00:24:08,909	[INFO]	1-9     SUCCESS               3773046.00 (99.96%) [2 edit(s)]  
2025-02-25 00:24:08,910	[DEBUG]	patch(1-9)="LineLLMMutation(('source.cpp', 4), '#include <iostream>\n#include <vector>\nusing namespace std;\n\nint d, n;\nvector<int> a, e, r;\nvector<vector<int>> memo;\nconst int INF = 1000000000;\n\nvoid rec(int c = 0, int exp = 0, int end = d) {\n    if (memo[exp][end] <= c) return;\n    memo[exp][end] = c;\n\n    for (int i = 0; i < n; i++) {\n        if (exp < r[i]) continue;\n        rec(c + 1, min(exp + e[i], 100), max(end - a[i], 0));\n    }\n}\n\nint main() {\n    while (scanf("%d %d", &d, &n), d) {\n        a = e = r = vector<int>(n);\n        for (int i = 0; i < n; i++) scanf("%d %d %d", &a[i], &e[i], &r[i]);\n        memo = vector<vector<int>>(105, vector<int>(105, INF));\n        rec();\n        int ans = INF;\n        for (int i = 0; i < 101; i++) ans = min(ans, memo[i][0]);\n        printf("%s\\n", ans == INF ? "NA" : to_string(ans).c_str());\n    }\n    return 0;\n}') | LineLLMMutation(('source.cpp', 12), '#include <iostream>\n#include <vector>\n#include <limits>\nusing namespace std;\n\nint d, n;\nvector<int> a, e, r;\nvector<vector<int>> memo;\nconst int INF = numeric_limits<int>::max();\n\nvoid rec(int c = 0, int exp = 0, int end = d) {\n    if (memo[exp][end] <= c) return;\n    memo[exp][end] = c;\n\n    for (int i = 0; i < n; i++) {\n        if (exp < r[i]) continue;\n        rec(c + 1, min(exp + e[i], 100), max(end - a[i], 0));\n    }\n}\n\nint main() {\n    while (scanf("%d %d", &d, &n), d) {\n        a = e = r = vector<int>(n);\n        for (int i = 0; i < n; i++) scanf("%d %d %d", &a[i], &e[i], &r[i]);\n        \n        // Reduce the size of memoization array to fit our needs\n        memo.assign(101, vector<int>(d + 1, INF)); \n        rec();\n        int ans = INF;\n        for (int i = 0; i <= 100; i++) ans = min(ans, memo[i][0]);\n        printf("%s\\n", ans == INF ? "NA" : to_string(ans).c_str());\n    }\n    return 0;\n}')"
2025-02-25 00:24:08,910	[INFO]	Step: 19
2025-02-25 00:24:08,910	[INFO]	Stop Steps: 50
2025-02-25 00:24:09,702	[DEBUG]	EXEC>  SUCCESS 3447021.0
2025-02-25 00:24:09,702	[INFO]	1-10    SUCCESS              *3447021.00 (91.33%) [2 edit(s)]  
2025-02-25 00:24:09,702	[DEBUG]	patch(1-10)="LineLLMMutation(('source.cpp', 6), '#include <iostream>\n#include <vector>\nusing namespace std;\n\nint d, n;\nvector<int> a, e, r;\nvector<vector<int>> memo;\nconst int INF = 1000000000;\n\ninline void rec(int c = 0, int exp = 0, int end = d) {\n    if (memo[exp][end] <= c) return;\n    memo[exp][end] = c;\n\n    for (int i = 0; i < n; i++) {\n        if (exp < r[i]) continue;\n        rec(c + 1, min(exp + e[i], 100), max(end - a[i], 0));\n    }\n}\n\nint main() {\n    while (cin >> d >> n, d) {\n        a = e = r = vector<int>(n);\n        for (int i = 0; i < n; i++) cin >> a[i] >> e[i] >> r[i];\n        memo = vector<vector<int>>(105, vector<int>(105, INF));\n        rec();\n        int ans = INF;\n        for (int i = 0; i < 101; i++) ans = min(ans, memo[i][0]);\n        cout << (ans == INF ? "NA" : to_string(ans)) << endl;\n    }\n    return 0;\n}') | LineLLMMutation(('source.cpp', 13), '#include <iostream>\n#include <vector>\n#include <queue>\nusing namespace std;\n\nint d, n;\nvector<int> a, e, r;\nvector<vector<int>> memo;\nconst int INF = 1000000000;\n\nvoid iterative(int start) {\n    queue<pair<int, pair<int, int>>> q;\n    q.push({start, {0, d}});\n\n    while (!q.empty()) {\n        auto [c, exp_end] = q.front();\n        int exp = exp_end.first;\n        int end = exp_end.second;\n        q.pop();\n\n        if (memo[exp][end] <= c) continue;\n        memo[exp][end] = c;\n\n        for (int i = 0; i < n; i++) {\n            if (exp < r[i]) continue;\n            q.push({c + 1, {min(exp + e[i], 100), max(end - a[i], 0)}});\n        }\n    }\n}\n\nint main() {\n    while (cin >> d >> n, d) {\n        a = e = r = vector<int>(n);\n        for (int i = 0; i < n; i++) cin >> a[i] >> e[i] >> r[i];\n        memo = vector<vector<int>>(105, vector<int>(105, INF));\n        iterative(0);\n        int ans = INF;\n        for (int i = 0; i < 101; i++) ans = min(ans, memo[i][0]);\n        cout << (ans == INF ? "NA" : to_string(ans)) << endl;\n    }\n    return 0;\n}')"

2025-02-25 00:24:09,702	[INFO]	Step: 20
2025-02-25 00:24:09,702	[INFO]	Stop Steps: 50
2025-02-25 00:24:11,014	[DEBUG]	EXEC>  SUCCESS 3774376.0
2025-02-25 00:24:11,014	[INFO]	1-1     SUCCESS               3774376.00 (100.00%) [1 edit(s)]  
2025-02-25 00:24:11,014	[DEBUG]	patch(1-1)="LineLLMMutation(('source.cpp', 14), '#include "stdc++.h"\n\n#define range(i, a, b) for(int i = (a); i < (b); i++)\n\n#define rep(i, a) range(i, 0, a)\n\nusing namespace std;\n\nint d, n;\n\nvector <int> a, e, r;\n\nvector <vector <int>> memo;\n\nconst int INF = 1000000000;\n\nvoid rec(int c = 0, int exp = 0, int end = d) {\n    if (memo[exp][end] <= c) return;\n    memo[exp][end] = c;\n\n    rep (i, n) {\n        if (exp < r[i]) continue;\n        rec(c + 1, min(exp + e[i], 100), max(end - a[i], 0));\n    }\n}\n\nint main() {\n    while (cin >> d >> n, d) {\n        a = e = r = vector <int> (n);\n        rep (i, n) cin >> a[i] >> e[i] >> r[i];\n        memo = vector <vector <int>> (105, vector <int> (105, INF));\n        rec();\n        int ans = INF;\n        rep (i, 101) ans = min(ans, memo[i][0]);\n        cout << (ans == INF ? "NA" : to_string(ans)) << endl;\n    }\n    return 0;\n}')"
2025-02-25 00:24:11,015	[INFO]	Step: 21
2025-02-25 00:24:11,015	[INFO]	Stop Steps: 50
2025-02-25 00:24:13,326	[DEBUG]	EXEC>  SUCCESS 3774378.0
2025-02-25 00:24:13,326	[INFO]	REF     SUCCESS               3774378.00 (--) [0 edit(s)]  
2025-02-25 00:24:13,327	[INFO]	Best patch: 6_13
2025-02-25 00:24:14,125	[DEBUG]	EXEC>  SUCCESS 3447183.0
2025-02-25 00:24:14,126	[INFO]	BEST    SUCCESS              *3447183.00 (91.33%) [0 edit(s)]  
2025-02-25 00:24:14,126	[INFO]	Best patch step: 19
2025-02-25 00:25:03,215	[INFO]	Step: 21
2025-02-25 00:25:03,215	[INFO]	Stop Steps: 50
2025-02-25 00:25:04,011	[DEBUG]	EXEC>  SUCCESS 3447185.0
2025-02-25 00:25:04,012	[INFO]	2-2     SUCCESS              +3447185.00 (91.33%) [2 edit(s)]  
2025-02-25 00:25:04,012	[DEBUG]	patch(2-2)="LineLLMMutation(('source.cpp', 6), '#include <iostream>\n#include <vector>\nusing namespace std;\n\nint d, n;\nvector<int> a, e, r;\nvector<vector<int>> memo;\nconst int INF = 1000000000;\n\ninline void rec(int c = 0, int exp = 0, int end = d) {\n    if (memo[exp][end] <= c) return;\n    memo[exp][end] = c;\n\n    for (int i = 0; i < n; i++) {\n        if (exp < r[i]) continue;\n        rec(c + 1, min(exp + e[i], 100), max(end - a[i], 0));\n    }\n}\n\nint main() {\n    while (cin >> d >> n, d) {\n        a = e = r = vector<int>(n);\n        for (int i = 0; i < n; i++) cin >> a[i] >> e[i] >> r[i];\n        memo = vector<vector<int>>(105, vector<int>(105, INF));\n        rec();\n        int ans = INF;\n        for (int i = 0; i < 101; i++) ans = min(ans, memo[i][0]);\n        cout << (ans == INF ? "NA" : to_string(ans)) << endl;\n    }\n    return 0;\n}') | LineLLMMutation(('source.cpp', 13), '#include <iostream>\n#include <vector>\n#include <queue>\nusing namespace std;\n\nint d, n;\nvector<int> a, e, r;\nvector<vector<int>> memo;\nconst int INF = 1000000000;\n\nvoid iterative(int start) {\n    queue<pair<int, pair<int, int>>> q;\n    q.push({start, {0, d}});\n\n    while (!q.empty()) {\n        auto [c, exp_end] = q.front();\n        int exp = exp_end.first;\n        int end = exp_end.second;\n        q.pop();\n\n        if (memo[exp][end] <= c) continue;\n        memo[exp][end] = c;\n\n        for (int i = 0; i < n; i++) {\n            if (exp < r[i]) continue;\n            q.push({c + 1, {min(exp + e[i], 100), max(end - a[i], 0)}});\n        }\n    }\n}\n\nint main() {\n    while (cin >> d >> n, d) {\n        a = e = r = vector<int>(n);\n        for (int i = 0; i < n; i++) cin >> a[i] >> e[i] >> r[i];\n        memo = vector<vector<int>>(105, vector<int>(105, INF));\n        iterative(0);\n        int ans = INF;\n        for (int i = 0; i < 101; i++) ans = min(ans, memo[i][0]);\n        cout << (ans == INF ? "NA" : to_string(ans)) << endl;\n    }\n    return 0;\n}')"
2025-02-25 00:25:04,012	[INFO]	Step: 22
2025-02-25 00:25:04,012	[INFO]	Stop Steps: 50
2025-02-25 00:25:04,639	[DEBUG]	EXEC>  SUCCESS 3693647.0
2025-02-25 00:25:04,639	[INFO]	2-3     SUCCESS               3693647.00 (97.86%) [1 edit(s)]  
2025-02-25 00:25:04,639	[DEBUG]	patch(2-3)="LineLLMMutation(('source.cpp', 5), '#include <iostream>\n#include <vector>\nusing namespace std;\n\nconst int MAX_EXP = 105;\nconst int MAX_END = 105;\nint d, n;\nvector<int> a, e, r;\nint memo[MAX_EXP][MAX_END];\n\nconst int INF = 1000000000;\n\nvoid rec(int c = 0, int exp = 0, int end = d) {\n    if (memo[exp][end] <= c) return;\n    memo[exp][end] = c;\n\n    for (int i = 0; i < n; i++) {\n        if (exp < r[i]) continue;\n        rec(c + 1, min(exp + e[i], 100), max(end - a[i], 0));\n    }\n}\n\nint main() {\n    while (cin >> d >> n, d) {\n        a = e = r = vector<int>(n);\n        for (int i = 0; i < n; i++) cin >> a[i] >> e[i] >> r[i];\n        fill(&memo[0][0], &memo[0][0] + sizeof(memo) / sizeof(int), INF);\n        rec();\n        int ans = INF;\n        for (int i = 0; i < 101; i++) ans = min(ans, memo[i][0]);\n        cout << (ans == INF ? "NA" : to_string(ans)) << endl;\n    }\n    return 0;\n}')"
2025-02-25 00:25:04,639	[INFO]	Step: 23
2025-02-25 00:25:04,639	[INFO]	Stop Steps: 50
2025-02-25 00:25:05,042	[INFO]	2-4     COMPILE_CODE_ERROR    None (--) [1 edit(s)]  
2025-02-25 00:25:05,042	[DEBUG]	patch(2-4)="LineLLMCrossover(('source.cpp', 4), '#include <iostream>\n#include <vector>\n#include <cstdio>\nusing namespace std;\n\nconst int MAX_EXP = 105;\nconst int MAX_END = 105;\nint d, n;\nvector<int> a, e, r;\nint memo[MAX_EXP][MAX_END];\nconst int INF = 1000000000;\n\nvoid iterative(int start) {\n    queue<pair<int, pair<int, int>>> q;\n    q.push({start, {0, d}});\n\n    while (!q.empty()) {\n        auto [c, exp_end] = q.front();\n        int exp = exp_end.first;\n        int end = exp_end.second;\n        q.pop();\n\n        if (memo[exp][end] <= c) continue;\n        memo[exp][end] = c;\n\n        for (int i = 0; i < n; i++) {\n            if (exp < r[i]) continue;\n            q.push({c + 1, {min(exp + e[i], 100), max(end - a[i], 0)}});\n        }\n    }\n}\n\nint main() {\n    while (scanf("%d %d", &d, &n), d) {\n        a.resize(n);\n        e.resize(n);\n        r.resize(n);\n        for (int i = 0; i < n; i++) scanf("%d %d %d", &a[i], &e[i], &r[i]);\n        fill(&memo[0][0], &memo[0][0] + sizeof(memo) / sizeof(int), INF);\n        iterative(0);\n        int ans = INF;\n        for (int i = 0; i < 101; i++) ans = min(ans, memo[i][0]);\n        printf("%s\\n", ans == INF ? "NA" : to_string(ans).c_str());\n    }\n    return 0;\n}')"
2025-02-25 00:25:05,042	[INFO]	Step: 24
2025-02-25 00:25:05,042	[INFO]	Stop Steps: 50
2025-02-25 00:25:05,687	[DEBUG]	EXEC>  SUCCESS 3634763.0
2025-02-25 00:25:05,688	[INFO]	2-5     SUCCESS               3634763.00 (96.30%) [1 edit(s)]  
2025-02-25 00:25:05,688	[DEBUG]	patch(2-5)="LineLLMCrossover(('source.cpp', 5), '#include <iostream>\n#include <vector>\n#include <cstdio>\nusing namespace std;\n\nconst int MAXN = 105;\nint d, n;\nvector<int> a, e, r;\nint memo[MAXN][MAXN];\nconst int INF = 1000000000;\n\ninline void rec(int c = 0, int exp = 0, int end = d) {\n    if (memo[exp][end] <= c) return;\n    memo[exp][end] = c;\n\n    for (int i = 0; i < n; i++) {\n        if (exp < r[i]) continue;\n        rec(c + 1, min(exp + e[i], 100), max(end - a[i], 0));\n    }\n}\n\nint main() {\n    while (scanf("%d %d", &d, &n), d) {\n        a.resize(n);\n        e.resize(n);\n        r.resize(n);\n        for (int i = 0; i < n; i++) scanf("%d %d %d", &a[i], &e[i], &r[i]);\n        fill(&memo[0][0], &memo[0][0] + sizeof(memo) / sizeof(int), INF);\n        rec();\n        int ans = INF;\n        for (int i = 0; i < 101; i++) ans = min(ans, memo[i][0]);\n        printf("%s\\n", ans == INF ? "NA" : to_string(ans).c_str());\n    }\n    return 0;\n}')"
2025-02-25 00:25:05,688	[INFO]	Step: 25
2025-02-25 00:25:05,688	[INFO]	Stop Steps: 50
2025-02-25 00:25:06,405	[DEBUG]	EXEC>  SUCCESS 3327101.0
2025-02-25 00:25:06,406	[INFO]	2-6     SUCCESS              *3327101.00 (88.15%) [1 edit(s)]  
2025-02-25 00:25:06,406	[DEBUG]	patch(2-6)="LineLLMCrossover(('source.cpp', 6), '#include <iostream>\n#include <vector>\n#include <queue>\n#include <cstdio>\nusing namespace std;\n\nconst int MAX_EXP = 105;\nconst int MAX_END = 105;\nint d, n;\nvector<int> a, e, r;\nint memo[MAX_EXP][MAX_END];\nconst int INF = 1000000000;\n\nvoid iterative() {\n    queue<pair<int, pair<int, int>>> q;\n    q.push({0, {0, d}});\n\n    while (!q.empty()) {\n        auto [c, exp_end] = q.front();\n        int exp = exp_end.first;\n        int end = exp_end.second;\n        q.pop();\n\n        if (memo[exp][end] <= c) continue;\n        memo[exp][end] = c;\n\n        for (int i = 0; i < n; i++) {\n            if (exp < r[i]) continue;\n            q.push({c + 1, {min(exp + e[i], 100), max(end - a[i], 0)}});\n        }\n    }\n}\n\nint main() {\n    while (scanf("%d %d", &d, &n), d) {\n        a.resize(n);\n        e.resize(n);\n        r.resize(n);\n        for (int i = 0; i < n; i++) scanf("%d %d %d", &a[i], &e[i], &r[i]);\n        fill(&memo[0][0], &memo[0][0] + sizeof(memo) / sizeof(int), INF);\n        iterative();\n        int ans = INF;\n        for (int i = 0; i < 101; i++) ans = min(ans, memo[i][0]);\n        printf("%s\\n", ans == INF ? "NA" : to_string(ans).c_str());\n    }\n    return 0;\n}')"

2025-02-25 00:25:06,406	[INFO]	Step: 26
2025-02-25 00:25:06,406	[INFO]	Stop Steps: 50
2025-02-25 00:25:07,214	[DEBUG]	EXEC>  SUCCESS 3634928.0
2025-02-25 00:25:07,214	[INFO]	2-7     SUCCESS               3634928.00 (96.31%) [1 edit(s)]  
2025-02-25 00:25:07,214	[DEBUG]	patch(2-7)="LineLLMCrossover(('source.cpp', 7), '#include <iostream>\n#include <vector>\n#include <cstdio>\n#include <algorithm>\nusing namespace std;\n\nconst int MAXN = 105;\nint d, n;\nvector<int> a, e, r;\nint memo[MAXN][MAXN];\nconst int INF = 1000000000;\n\ninline void rec(int c = 0, int exp = 0, int end = d) {\n    if (memo[exp][end] <= c) return;\n    memo[exp][end] = c;\n\n    for (int i = 0; i < n; i++) {\n        if (exp < r[i]) continue;\n        rec(c + 1, min(exp + e[i], 100), max(end - a[i], 0));\n    }\n}\n\nint main() {\n    while (scanf("%d %d", &d, &n), d) {\n        a.resize(n);\n        e.resize(n);\n        r.resize(n);\n        for (int i = 0; i < n; i++) scanf("%d %d %d", &a[i], &e[i], &r[i]);\n        fill(&memo[0][0], &memo[0][0] + sizeof(memo) / sizeof(int), INF);\n        rec();\n        int ans = INF;\n        for (int i = 0; i < 101; i++) ans = min(ans, memo[i][0]);\n        printf("%s\\n", ans == INF ? "NA" : to_string(ans).c_str());\n    }\n    return 0;\n}')"
2025-02-25 00:25:07,214	[INFO]	Step: 27
2025-02-25 00:25:07,215	[INFO]	Stop Steps: 50
2025-02-25 00:25:08,266	[DEBUG]	EXEC>  SUCCESS 3389846.0
2025-02-25 00:25:08,266	[INFO]	2-8     SUCCESS               3389846.00 (89.81%) [3 edit(s)]  
2025-02-25 00:25:08,266	[DEBUG]	patch(2-8)="LineLLMMutation(('source.cpp', 6), '#include <iostream>\n#include <vector>\nusing namespace std;\n\nint d, n;\nvector<int> a, e, r;\nvector<vector<int>> memo;\nconst int INF = 1000000000;\n\ninline void rec(int c = 0, int exp = 0, int end = d) {\n    if (memo[exp][end] <= c) return;\n    memo[exp][end] = c;\n\n    for (int i = 0; i < n; i++) {\n        if (exp < r[i]) continue;\n        rec(c + 1, min(exp + e[i], 100), max(end - a[i], 0));\n    }\n}\n\nint main() {\n    while (cin >> d >> n, d) {\n        a = e = r = vector<int>(n);\n        for (int i = 0; i < n; i++) cin >> a[i] >> e[i] >> r[i];\n        memo = vector<vector<int>>(105, vector<int>(105, INF));\n        rec();\n        int ans = INF;\n        for (int i = 0; i < 101; i++) ans = min(ans, memo[i][0]);\n        cout << (ans == INF ? "NA" : to_string(ans)) << endl;\n    }\n    return 0;\n}') | LineLLMMutation(('source.cpp', 13), '#include <iostream>\n#include <vector>\n#include <queue>\nusing namespace std;\n\nint d, n;\nvector<int> a, e, r;\nvector<vector<int>> memo;\nconst int INF = 1000000000;\n\nvoid iterative(int start) {\n    queue<pair<int, pair<int, int>>> q;\n    q.push({start, {0, d}});\n\n    while (!q.empty()) {\n        auto [c, exp_end] = q.front();\n        int exp = exp_end.first;\n        int end = exp_end.second;\n        q.pop();\n\n        if (memo[exp][end] <= c) continue;\n        memo[exp][end] = c;\n\n        for (int i = 0; i < n; i++) {\n            if (exp < r[i]) continue;\n            q.push({c + 1, {min(exp + e[i], 100), max(end - a[i], 0)}});\n        }\n    }\n}\n\nint main() {\n    while (cin >> d >> n, d) {\n        a = e = r = vector<int>(n);\n        for (int i = 0; i < n; i++) cin >> a[i] >> e[i] >> r[i];\n        memo = vector<vector<int>>(105, vector<int>(105, INF));\n        iterative(0);\n        int ans = INF;\n        for (int i = 0; i < 101; i++) ans = min(ans, memo[i][0]);\n        cout << (ans == INF ? "NA" : to_string(ans)) << endl;\n    }\n    return 0;\n}') | LineLLMMutation(('source.cpp', 15), '#include <iostream>\n#include <vector>\n#include <queue>\nusing namespace std;\n\nint d, n;\nvector<int> a, e, r;\nvector<vector<int>> memo;\nconst int INF = 1000000000;\n\nvoid iterative(int start) {\n    queue<pair<int, pair<int, int>>> q;\n    q.push({start, {0, d}});\n\n    while (!q.empty()) {\n        auto [c, exp_end] = q.front();\n        int exp = exp_end.first;\n        int end = exp_end.second;\n        q.pop();\n\n        if (memo[exp][end] <= c) continue;\n        memo[exp][end] = c;\n\n        for (int i = 0; i < n; i++) {\n            if (exp < r[i]) continue;\n            q.push({c + 1, {min(exp + e[i], 100), max(end - a[i], 0)}});\n        }\n    }\n}\n\nint main() {\n    while (cin >> d >> n, d) {\n        a.resize(n);\n        e.resize(n);\n        r.resize(n);\n        for (int i = 0; i < n; i++) cin >> a[i] >> e[i] >> r[i];\n        memo.assign(105, vector<int>(105, INF)); // Optimize memory allocation\n        iterative(0);\n        int ans = INF;\n        for (int i = 0; i <= 100; i++) ans = min(ans, memo[i][0]); // Adjust loop to avoid unnecessary iterations\n        cout << (ans == INF ? "NA" : to_string(ans)) << endl;\n    }\n    return 0;\n}')"
2025-02-25 00:25:08,267	[INFO]	Step: 28
2025-02-25 00:25:08,267	[INFO]	Stop Steps: 50
2025-02-25 00:25:08,711	[INFO]	2-9     COMPILE_LENGTHOUT     None (--) [2 edit(s)]  
2025-02-25 00:25:08,711	[DEBUG]	patch(2-9)="LineLLMMutation(('source.cpp', 5), '#include <iostream>\n#include <vector>\nusing namespace std;\n\nconst int MAX_EXP = 105;\nconst int MAX_END = 105;\nint d, n;\nvector<int> a, e, r;\nint memo[MAX_EXP][MAX_END];\n\nconst int INF = 1000000000;\n\nvoid rec(int c = 0, int exp = 0, int end = d) {\n    if (memo[exp][end] <= c) return;\n    memo[exp][end] = c;\n\n    for (int i = 0; i < n; i++) {\n        if (exp < r[i]) continue;\n        rec(c + 1, min(exp + e[i], 100), max(end - a[i], 0));\n    }\n}\n\nint main() {\n    while (cin >> d >> n, d) {\n        a = e = r = vector<int>(n);\n        for (int i = 0; i < n; i++) cin >> a[i] >> e[i] >> r[i];\n        fill(&memo[0][0], &memo[0][0] + sizeof(memo) / sizeof(int), INF);\n        rec();\n        int ans = INF;\n        for (int i = 0; i < 101; i++) ans = min(ans, memo[i][0]);\n        cout << (ans == INF ? "NA" : to_string(ans)) << endl;\n    }\n    return 0;\n}') | LineLLMMutation(('source.cpp', 16), '#include <iostream>\n#include <vector>\n#include <queue>\nusing namespace std;\n\nconst int MAX_EXP = 105;\nconst int MAX_END = 105;\nint d, n;\nvector<int> a, e, r;\nint memo[MAX_EXP][MAX_END];\n\nconst int INF = 1000000000;\n\nvoid iterativeRec() {\n    queue<tuple<int, int, int>> q;\n    q.emplace(0, 0, d);\n    \n    while (!q.empty()) {\n        auto [c, exp, end] = q.front();\n        q.pop();\n        \n        if (memo[exp][end] <= c) continue;\n        memo[exp][end] = c;\n        \n        for (int i = 0; i < n; i++) {\n            if (exp >= r[i]) {\n                q.emplace(c + 1, min(exp + e[i], 100), max(end - a[i], 0));\n            }\n        }\n    }\n}\n\nint main() {\n    while (cin >> d >> n, d) {\n        a = e = r = vector<int>(n);\n        for (int i = 0; i < n; i++) cin >> a[i] >> e[i] >> r[i];\n        fill(&memo[0][0], &memo[0][0] + sizeof(memo) / sizeof(int), INF);\n        iterativeRec();\n        int ans = INF;\n        for (int i = 0; i < 101; i++) ans = min(ans, memo[i][0]);\n        cout << (ans == INF ? "NA" : to_string(ans)) << endl;\n    }\n    return 0;\n}')"
2025-02-25 00:25:08,711	[INFO]	Step: 29
2025-02-25 00:25:08,711	[INFO]	Stop Steps: 50
2025-02-25 00:25:09,548	[DEBUG]	EXEC>  SUCCESS 3741987.0
2025-02-25 00:25:09,549	[INFO]	2-10    SUCCESS               3741987.00 (99.14%) [2 edit(s)]  
2025-02-25 00:25:09,549	[DEBUG]	patch(2-10)="LineLLMCrossover(('source.cpp', 2), '#include <iostream>\n#include <vector>\n#include <cstdio>\nusing namespace std;\n\nconst int MAXN = 105;\nint d, n;\nvector<int> a, e, r;\nvector<vector<int>> memo;\nconst int INF = 1000000000;\n\ninline void rec(int c = 0, int exp = 0, int end = d) {\n    if (memo[exp][end] <= c) return;\n    memo[exp][end] = c;\n\n    for (int i = 0; i < n; i++) {\n        if (exp < r[i]) continue;\n        rec(c + 1, min(exp + e[i], 100), max(end - a[i], 0));\n    }\n}\n\nint main() {\n    while (scanf("%d %d", &d, &n), d) {\n        a.resize(n);\n        e.resize(n);\n        r.resize(n);\n        for (int i = 0; i < n; i++) scanf("%d %d %d", &a[i], &e[i], &r[i]);\n        memo = vector<vector<int>>(MAXN, vector<int>(MAXN, INF));\n        rec();\n        int ans = INF;\n        for (int i = 0; i < 101; i++) ans = min(ans, memo[i][0]);\n        printf("%s\\n", ans == INF ? "NA" : to_string(ans).c_str());\n    }\n    return 0;\n}') | LineLLMMutation(('source.cpp', 17), '#include <iostream>\n#include <vector>\n#include <cstdio>\n#include <algorithm>\nusing namespace std;\n\nconst int MAXN = 105;\nint d, n;\nvector<int> a, e, r;\nvector<vector<int>> memo;\nconst int INF = 1000000000;\n\ninline void rec(int exp, int end, int c) {\n    if (memo[exp][end] <= c) return;\n    memo[exp][end] = c;\n\n    for (int i = 0; i < n; i++) {\n        if (exp < r[i]) continue;\n        rec(min(exp + e[i], 100), max(end - a[i], 0), c + 1);\n    }\n}\n\nint main() {\n    while (scanf("%d %d", &d, &n), d) {\n        a.resize(n);\n        e.resize(n);\n        r.resize(n);\n        for (int i = 0; i < n; i++) scanf("%d %d %d", &a[i], &e[i], &r[i]);\n        memo = vector<vector<int>>(MAXN, vector<int>(MAXN, INF));\n        rec(0, d, 0);\n        int ans = INF;\n        for (int i = 0; i < 101; i++) ans = min(ans, memo[i][0]);\n        printf("%s\\n", ans == INF ? "NA" : to_string(ans).c_str());\n    }\n    return 0;\n}')"
2025-02-25 00:25:09,549	[INFO]	Step: 30
2025-02-25 00:25:09,549	[INFO]	Stop Steps: 50
2025-02-25 00:25:10,242	[DEBUG]	EXEC>  SUCCESS 3746053.0
2025-02-25 00:25:10,242	[INFO]	2-1     SUCCESS               3746053.00 (99.25%) [2 edit(s)]  
2025-02-25 00:25:10,242	[DEBUG]	patch(2-1)="LineLLMCrossover(('source.cpp', 3), '#include <iostream>\n#include <vector>\n#include <cstdio>\nusing namespace std;\n\nconst int MAXN = 105;\nint d, n;\nvector<int> a, e, r;\nvector<vector<int>> memo;\nconst int INF = 1000000000;\n\ninline void rec(int c = 0, int exp = 0, int end = d) {\n    if (memo[exp][end] <= c) return;\n    memo[exp][end] = c;\n\n    for (int i = 0; i < n; i++) {\n        if (exp < r[i]) continue;\n        rec(c + 1, min(exp + e[i], 100), max(end - a[i], 0));\n    }\n}\n\nint main() {\n    while (scanf("%d %d", &d, &n), d) {\n        a = e = r = vector<int>(n);\n        for (int i = 0; i < n; i++) scanf("%d %d %d", &a[i], &e[i], &r[i]);\n        memo = vector<vector<int>>(MAXN, vector<int>(MAXN, INF));\n        rec();\n        int ans = INF;\n        for (int i = 0; i < 101; i++) ans = min(ans, memo[i][0]);\n        printf("%s\\n", ans == INF ? "NA" : to_string(ans).c_str());\n    }\n    return 0;\n}') | LineLLMMutation(('source.cpp', 18), '#include <iostream>\n#include <vector>\n#include <cstdio>\nusing namespace std;\n\nconst int MAXN = 105;\nint d, n;\nvector<int> a, e, r;\nvector<vector<int>> memo;\nconst int INF = 1000000000;\n\ninline void rec(int c = 0, int exp = 0, int end = d) {\n    if (exp > 100 || end < 0) return; // Early exit condition to prevent unnecessary recursion\n    if (memo[exp][end] <= c) return;\n    memo[exp][end] = c;\n\n    for (int i = 0; i < n; i++) {\n        if (exp < r[i]) continue;\n        rec(c + 1, min(exp + e[i], 100), max(end - a[i], 0));\n    }\n}\n\nint main() {\n    while (scanf("%d %d", &d, &n), d) {\n        a = e = r = vector<int>(n);\n        for (int i = 0; i < n; i++) scanf("%d %d %d", &a[i], &e[i], &r[i]);\n        memo = vector<vector<int>>(MAXN, vector<int>(MAXN, INF));\n        rec();\n        int ans = INF;\n        for (int i = 0; i <= 100; i++) ans = min(ans, memo[i][0]);\n        printf("%s\\n", ans == INF ? "NA" : to_string(ans).c_str());\n    }\n    return 0;\n}')"
2025-02-25 00:25:10,242	[INFO]	Step: 31
2025-02-25 00:25:10,242	[INFO]	Stop Steps: 50
2025-02-25 00:25:11,524	[DEBUG]	EXEC>  SUCCESS 3774379.0
2025-02-25 00:25:11,524	[INFO]	2-2     SUCCESS               3774379.00 (100.00%) [1 edit(s)]  
2025-02-25 00:25:11,524	[DEBUG]	patch(2-2)="LineLLMMutation(('source.cpp', 19), '#include "stdc++.h"\n\n#define range(i, a, b) for(int i = (a); i < (b); i++)\n\n#define rep(i, a) range(i, 0, a)\n\nusing namespace std;\n\nint d, n;\n\nvector <int> a, e, r;\n\nvector <vector <int>> memo;\n\nconst int INF = 1000000000;\n\nvoid rec(int c = 0, int exp = 0, int end = d) {\n    if (memo[exp][end] <= c) return;\n    memo[exp][end] = c;\n\n    rep (i, n) {\n        if (exp < r[i]) continue;\n        rec(c + 1, min(exp + e[i], 100), max(end - a[i], 0));\n    }\n}\n\nint main() {\n    while (cin >> d >> n, d) {\n        a = e = r = vector <int> (n);\n        rep (i, n) cin >> a[i] >> e[i] >> r[i];\n        memo = vector <vector <int>> (105, vector <int> (105, INF));\n        rec();\n        int ans = INF;\n        rep (i, 101) ans = min(ans, memo[i][0]);\n        cout << (ans == INF ? "NA" : to_string(ans)) << endl;\n    }\n    return 0;\n}')"
2025-02-25 00:25:11,524	[INFO]	Step: 32
2025-02-25 00:25:11,524	[INFO]	Stop Steps: 50
2025-02-25 00:25:13,808	[DEBUG]	EXEC>  SUCCESS 3774376.0
2025-02-25 00:25:13,808	[INFO]	REF     SUCCESS               3774376.00 (--) [0 edit(s)]  
2025-02-25 00:25:13,808	[INFO]	Best patch: 6
2025-02-25 00:25:14,515	[DEBUG]	EXEC>  SUCCESS 3327101.0
2025-02-25 00:25:14,515	[INFO]	BEST    SUCCESS              *3327101.00 (88.15%) [0 edit(s)]  
2025-02-25 00:25:14,515	[INFO]	Best patch step: 25
2025-02-25 00:26:03,911	[INFO]	Step: 32
2025-02-25 00:26:03,912	[INFO]	Stop Steps: 50
2025-02-25 00:26:04,642	[DEBUG]	EXEC>  SUCCESS 3327099.0
2025-02-25 00:26:04,643	[INFO]	3-3     SUCCESS              *3327099.00 (88.15%) [1 edit(s)]  
2025-02-25 00:26:04,643	[DEBUG]	patch(3-3)="LineLLMCrossover(('source.cpp', 6), '#include <iostream>\n#include <vector>\n#include <queue>\n#include <cstdio>\nusing namespace std;\n\nconst int MAX_EXP = 105;\nconst int MAX_END = 105;\nint d, n;\nvector<int> a, e, r;\nint memo[MAX_EXP][MAX_END];\nconst int INF = 1000000000;\n\nvoid iterative() {\n    queue<pair<int, pair<int, int>>> q;\n    q.push({0, {0, d}});\n\n    while (!q.empty()) {\n        auto [c, exp_end] = q.front();\n        int exp = exp_end.first;\n        int end = exp_end.second;\n        q.pop();\n\n        if (memo[exp][end] <= c) continue;\n        memo[exp][end] = c;\n\n        for (int i = 0; i < n; i++) {\n            if (exp < r[i]) continue;\n            q.push({c + 1, {min(exp + e[i], 100), max(end - a[i], 0)}});\n        }\n    }\n}\n\nint main() {\n    while (scanf("%d %d", &d, &n), d) {\n        a.resize(n);\n        e.resize(n);\n        r.resize(n);\n        for (int i = 0; i < n; i++) scanf("%d %d %d", &a[i], &e[i], &r[i]);\n        fill(&memo[0][0], &memo[0][0] + sizeof(memo) / sizeof(int), INF);\n        iterative();\n        int ans = INF;\n        for (int i = 0; i < 101; i++) ans = min(ans, memo[i][0]);\n        printf("%s\\n", ans == INF ? "NA" : to_string(ans).c_str());\n    }\n    return 0;\n}')"

2025-02-25 00:26:04,643	[INFO]	Step: 33
2025-02-25 00:26:04,643	[INFO]	Stop Steps: 50
2025-02-25 00:26:05,479	[DEBUG]	EXEC>  SUCCESS 3389665.0
2025-02-25 00:26:05,479	[INFO]	3-4     SUCCESS               3389665.00 (89.81%) [3 edit(s)]  
2025-02-25 00:26:05,479	[DEBUG]	patch(3-4)="LineLLMMutation(('source.cpp', 6), '#include <iostream>\n#include <vector>\nusing namespace std;\n\nint d, n;\nvector<int> a, e, r;\nvector<vector<int>> memo;\nconst int INF = 1000000000;\n\ninline void rec(int c = 0, int exp = 0, int end = d) {\n    if (memo[exp][end] <= c) return;\n    memo[exp][end] = c;\n\n    for (int i = 0; i < n; i++) {\n        if (exp < r[i]) continue;\n        rec(c + 1, min(exp + e[i], 100), max(end - a[i], 0));\n    }\n}\n\nint main() {\n    while (cin >> d >> n, d) {\n        a = e = r = vector<int>(n);\n        for (int i = 0; i < n; i++) cin >> a[i] >> e[i] >> r[i];\n        memo = vector<vector<int>>(105, vector<int>(105, INF));\n        rec();\n        int ans = INF;\n        for (int i = 0; i < 101; i++) ans = min(ans, memo[i][0]);\n        cout << (ans == INF ? "NA" : to_string(ans)) << endl;\n    }\n    return 0;\n}') | LineLLMMutation(('source.cpp', 13), '#include <iostream>\n#include <vector>\n#include <queue>\nusing namespace std;\n\nint d, n;\nvector<int> a, e, r;\nvector<vector<int>> memo;\nconst int INF = 1000000000;\n\nvoid iterative(int start) {\n    queue<pair<int, pair<int, int>>> q;\n    q.push({start, {0, d}});\n\n    while (!q.empty()) {\n        auto [c, exp_end] = q.front();\n        int exp = exp_end.first;\n        int end = exp_end.second;\n        q.pop();\n\n        if (memo[exp][end] <= c) continue;\n        memo[exp][end] = c;\n\n        for (int i = 0; i < n; i++) {\n            if (exp < r[i]) continue;\n            q.push({c + 1, {min(exp + e[i], 100), max(end - a[i], 0)}});\n        }\n    }\n}\n\nint main() {\n    while (cin >> d >> n, d) {\n        a = e = r = vector<int>(n);\n        for (int i = 0; i < n; i++) cin >> a[i] >> e[i] >> r[i];\n        memo = vector<vector<int>>(105, vector<int>(105, INF));\n        iterative(0);\n        int ans = INF;\n        for (int i = 0; i < 101; i++) ans = min(ans, memo[i][0]);\n        cout << (ans == INF ? "NA" : to_string(ans)) << endl;\n    }\n    return 0;\n}') | LineLLMMutation(('source.cpp', 15), '#include <iostream>\n#include <vector>\n#include <queue>\nusing namespace std;\n\nint d, n;\nvector<int> a, e, r;\nvector<vector<int>> memo;\nconst int INF = 1000000000;\n\nvoid iterative(int start) {\n    queue<pair<int, pair<int, int>>> q;\n    q.push({start, {0, d}});\n\n    while (!q.empty()) {\n        auto [c, exp_end] = q.front();\n        int exp = exp_end.first;\n        int end = exp_end.second;\n        q.pop();\n\n        if (memo[exp][end] <= c) continue;\n        memo[exp][end] = c;\n\n        for (int i = 0; i < n; i++) {\n            if (exp < r[i]) continue;\n            q.push({c + 1, {min(exp + e[i], 100), max(end - a[i], 0)}});\n        }\n    }\n}\n\nint main() {\n    while (cin >> d >> n, d) {\n        a.resize(n);\n        e.resize(n);\n        r.resize(n);\n        for (int i = 0; i < n; i++) cin >> a[i] >> e[i] >> r[i];\n        memo.assign(105, vector<int>(105, INF)); // Optimize memory allocation\n        iterative(0);\n        int ans = INF;\n        for (int i = 0; i <= 100; i++) ans = min(ans, memo[i][0]); // Adjust loop to avoid unnecessary iterations\n        cout << (ans == INF ? "NA" : to_string(ans)) << endl;\n    }\n    return 0;\n}')"
2025-02-25 00:26:05,479	[INFO]	Step: 34
2025-02-25 00:26:05,479	[INFO]	Stop Steps: 50
2025-02-25 00:26:06,278	[INFO]	3-5     TEST_CODE_ERROR       None (--) [1 edit(s)]  
2025-02-25 00:26:06,278	[DEBUG]	patch(3-5)="LineLLMCrossover(('source.cpp', 8), '#include <iostream>\n#include <vector>\n#include <queue>\n#include <cstdio>\nusing namespace std;\n\nconst int MAX_EXP = 105;\nconst int MAX_END = 105;\nint d, n;\nvector<int> a, e, r;\nvector<vector<int>> memo;\nconst int INF = 1000000000;\n\nvoid iterative(int start) {\n    queue<pair<int, pair<int, int>>> q;\n    q.push({start, {0, d}});\n\n    while (!q.empty()) {\n        auto [c, exp_end] = q.front();\n        int exp = exp_end.first;\n        int end = exp_end.second;\n        q.pop();\n\n        if (memo[exp][end] <= c) continue;\n        memo[exp][end] = c;\n\n        for (int i = 0; i < n; i++) {\n            if (exp < r[i]) continue;\n            q.push({c + 1, {min(exp + e[i], 100), max(end - a[i], 0)}});\n        }\n    }\n}\n\nint main() {\n    while (cin >> d >> n, d) {\n        a.resize(n);\n        e.resize(n);\n        r.resize(n);\n        memo.assign(MAX_EXP, vector<int>(MAX_END, INF));\n        iterative(0);\n        int ans = INF;\n        for (int i = 0; i <= 100; i++) ans = min(ans, memo[i][0]);\n        cout << (ans == INF ? "NA" : to_string(ans)) << endl;\n    }\n    return 0;\n}')"
2025-02-25 00:26:06,279	[INFO]	Step: 35
2025-02-25 00:26:06,279	[INFO]	Stop Steps: 50
2025-02-25 00:26:06,935	[DEBUG]	EXEC>  SUCCESS 3634748.0
2025-02-25 00:26:06,935	[INFO]	3-6     SUCCESS               3634748.00 (96.30%) [1 edit(s)]  
2025-02-25 00:26:06,936	[DEBUG]	patch(3-6)="LineLLMCrossover(('source.cpp', 9), '#include <iostream>\n#include <vector>\n#include <cstdio>\nusing namespace std;\n\nconst int MAXN = 105;\nint d, n;\nvector<int> a, e, r;\nint memo[MAXN][MAXN];\nconst int INF = 1000000000;\n\ninline void rec(int c = 0, int exp = 0, int end = d) {\n    if (memo[exp][end] <= c) return;\n    memo[exp][end] = c;\n\n    for (int i = 0; i < n; i++) {\n        if (exp < r[i]) continue;\n        rec(c + 1, min(exp + e[i], 100), max(end - a[i], 0));\n    }\n}\n\nint main() {\n    while (scanf("%d %d", &d, &n), d) {\n        a.resize(n);\n        e.resize(n);\n        r.resize(n);\n        for (int i = 0; i < n; i++) scanf("%d %d %d", &a[i], &e[i], &r[i]);\n        fill(&memo[0][0], &memo[0][0] + sizeof(memo) / sizeof(int), INF);\n        rec();\n        int ans = INF;\n        for (int i = 0; i <= 100; i++) ans = min(ans, memo[i][0]);\n        printf("%s\\n", ans == INF ? "NA" : to_string(ans).c_str());\n    }\n    return 0;\n}')"
2025-02-25 00:26:06,936	[INFO]	Step: 36
2025-02-25 00:26:06,936	[INFO]	Stop Steps: 50
2025-02-25 00:26:07,952	[INFO]	3-7     TEST_CODE_ERROR       None (--) [1 edit(s)]  
2025-02-25 00:26:07,952	[DEBUG]	patch(3-7)="LineLLMCrossover(('source.cpp', 10), '#include <iostream>\n#include <vector>\n#include <queue>\n#include <cstdio>\nusing namespace std;\n\nconst int MAX_EXP = 105;\nconst int MAX_END = 105;\nint d, n;\nvector<int> a, e, r;\nvector<vector<int>> memo(MAX_EXP, vector<int>(MAX_END, 1000000000));\n\nvoid iterative() {\n    queue<pair<int, pair<int, int>>> q;\n    q.push({0, {0, d}});\n\n    while (!q.empty()) {\n        auto [c, exp_end] = q.front();\n        int exp = exp_end.first;\n        int end = exp_end.second;\n        q.pop();\n\n        if (memo[exp][end] <= c) continue;\n        memo[exp][end] = c;\n\n        for (int i = 0; i < n; i++) {\n            if (exp < r[i]) continue;\n            q.push({c + 1, {min(exp + e[i], 100), max(end - a[i], 0)}});\n        }\n    }\n}\n\nint main() {\n    while (cin >> d >> n, d) {\n        a.resize(n);\n        e.resize(n);\n        r.resize(n);\n        for (int i = 0; i < n; i++) cin >> a[i] >> e[i] >> r[i];\n        iterative();\n        int ans = 1000000000;\n        for (int i = 0; i <= 100; i++) ans = min(ans, memo[i][0]);\n        cout << (ans == 1000000000 ? "NA" : to_string(ans)) << endl;\n    }\n    return 0;\n}')"
2025-02-25 00:26:07,952	[INFO]	Step: 37
2025-02-25 00:26:07,952	[INFO]	Stop Steps: 50
2025-02-25 00:26:08,688	[INFO]	3-8     TEST_CODE_ERROR       None (--) [1 edit(s)]  
2025-02-25 00:26:08,688	[DEBUG]	patch(3-8)="LineLLMCrossover(('source.cpp', 11), '#include <iostream>\n#include <vector>\n#include <queue>\n#include <cstdio>\nusing namespace std;\n\nconst int MAX_EXP = 105;\nconst int MAX_END = 105;\nint d, n;\nvector<int> a, e, r;\nvector<vector<int>> memo(MAX_EXP, vector<int>(MAX_END, 1000000000));\n\nvoid iterative() {\n    queue<pair<int, pair<int, int>>> q;\n    q.push({0, {0, d}});\n\n    while (!q.empty()) {\n        auto [c, exp_end] = q.front();\n        int exp = exp_end.first;\n        int end = exp_end.second;\n        q.pop();\n\n        if (memo[exp][end] <= c) continue;\n        memo[exp][end] = c;\n\n        for (int i = 0; i < n; i++) {\n            if (exp < r[i]) continue;\n            q.push({c + 1, {min(exp + e[i], 100), max(end - a[i], 0)}});\n        }\n    }\n}\n\nint main() {\n    while (scanf("%d %d", &d, &n), d) {\n        a.resize(n);\n        e.resize(n);\n        r.resize(n);\n        for (int i = 0; i < n; i++) scanf("%d %d %d", &a[i], &e[i], &r[i]);\n        iterative();\n        int ans = 1000000000;\n        for (int i = 0; i <= 100; i++) ans = min(ans, memo[i][0]);\n        printf("%s\\n", ans == 1000000000 ? "NA" : to_string(ans).c_str());\n    }\n    return 0;\n}')"
2025-02-25 00:26:08,688	[INFO]	Step: 38
2025-02-25 00:26:08,688	[INFO]	Stop Steps: 50
2025-02-25 00:26:39,427	[INFO]	3-9     TEST_TIMEOUT          None (--) [2 edit(s)]  
2025-02-25 00:26:39,427	[DEBUG]	patch(3-9)="LineLLMCrossover(('source.cpp', 6), '#include <iostream>\n#include <vector>\n#include <queue>\n#include <cstdio>\nusing namespace std;\n\nconst int MAX_EXP = 105;\nconst int MAX_END = 105;\nint d, n;\nvector<int> a, e, r;\nint memo[MAX_EXP][MAX_END];\nconst int INF = 1000000000;\n\nvoid iterative() {\n    queue<pair<int, pair<int, int>>> q;\n    q.push({0, {0, d}});\n\n    while (!q.empty()) {\n        auto [c, exp_end] = q.front();\n        int exp = exp_end.first;\n        int end = exp_end.second;\n        q.pop();\n\n        if (memo[exp][end] <= c) continue;\n        memo[exp][end] = c;\n\n        for (int i = 0; i < n; i++) {\n            if (exp < r[i]) continue;\n            q.push({c + 1, {min(exp + e[i], 100), max(end - a[i], 0)}});\n        }\n    }\n}\n\nint main() {\n    while (scanf("%d %d", &d, &n), d) {\n        a.resize(n);\n        e.resize(n);\n        r.resize(n);\n        for (int i = 0; i < n; i++) scanf("%d %d %d", &a[i], &e[i], &r[i]);\n        fill(&memo[0][0], &memo[0][0] + sizeof(memo) / sizeof(int), INF);\n        iterative();\n        int ans = INF;\n        for (int i = 0; i < 101; i++) ans = min(ans, memo[i][0]);\n        printf("%s\\n", ans == INF ? "NA" : to_string(ans).c_str());\n    }\n    return 0;\n}') | LineLLMMutation(('source.cpp', 20), '#include <iostream>\n#include <vector>\n#include <cstdio>\n#include <algorithm>\nusing namespace std;\n\nconst int MAX_EXP = 105;\nconst int MAX_END = 105;\nint d, n;\nvector<int> a, e, r;\nint memo[MAX_EXP][MAX_END];\nconst int INF = 1000000000;\n\nvoid iterative() {\n    for (int exp = 0; exp < MAX_EXP; exp++) {\n        for (int end = 0; end < MAX_END; end++) {\n            memo[exp][end] = INF; // Initialize memo table\n        }\n    }\n    memo[0][d] = 0; // Starting point\n\n    for (int c = 0; c < INF; c++) { // Iterate until a maximum count or until no updates\n        for (int i = 0; i < n; i++) {\n            for (int exp = r[i]; exp < MAX_EXP; exp++) {\n                int new_exp = min(exp + e[i], 100);\n                int new_end = max(d - a[i], 0);\n                if (memo[new_exp][new_end] > c + 1) {\n                    memo[new_exp][new_end] = c + 1;\n                }\n            }\n        }\n    }\n}\n\nint main() {\n    while (scanf("%d %d", &d, &n), d) {\n        a.resize(n);\n        e.resize(n);\n        r.resize(n);\n        for (int i = 0; i < n; i++) scanf("%d %d %d", &a[i], &e[i], &r[i]);\n        iterative();\n        int ans = INF;\n        for (int i = 0; i < 101; i++) ans = min(ans, memo[i][0]);\n        printf("%s\\n", ans == INF ? "NA" : to_string(ans).c_str());\n    }\n    return 0;\n}')"
2025-02-25 00:26:39,427	[INFO]	Step: 39
2025-02-25 00:26:39,427	[INFO]	Stop Steps: 50
2025-02-25 00:26:40,168	[DEBUG]	EXEC>  SUCCESS 3351390.0
2025-02-25 00:26:40,169	[INFO]	3-10    SUCCESS               3351390.00 (88.79%) [4 edit(s)]  
2025-02-25 00:26:40,169	[DEBUG]	patch(3-10)="LineLLMMutation(('source.cpp', 6), '#include <iostream>\n#include <vector>\nusing namespace std;\n\nint d, n;\nvector<int> a, e, r;\nvector<vector<int>> memo;\nconst int INF = 1000000000;\n\ninline void rec(int c = 0, int exp = 0, int end = d) {\n    if (memo[exp][end] <= c) return;\n    memo[exp][end] = c;\n\n    for (int i = 0; i < n; i++) {\n        if (exp < r[i]) continue;\n        rec(c + 1, min(exp + e[i], 100), max(end - a[i], 0));\n    }\n}\n\nint main() {\n    while (cin >> d >> n, d) {\n        a = e = r = vector<int>(n);\n        for (int i = 0; i < n; i++) cin >> a[i] >> e[i] >> r[i];\n        memo = vector<vector<int>>(105, vector<int>(105, INF));\n        rec();\n        int ans = INF;\n        for (int i = 0; i < 101; i++) ans = min(ans, memo[i][0]);\n        cout << (ans == INF ? "NA" : to_string(ans)) << endl;\n    }\n    return 0;\n}') | LineLLMMutation(('source.cpp', 13), '#include <iostream>\n#include <vector>\n#include <queue>\nusing namespace std;\n\nint d, n;\nvector<int> a, e, r;\nvector<vector<int>> memo;\nconst int INF = 1000000000;\n\nvoid iterative(int start) {\n    queue<pair<int, pair<int, int>>> q;\n    q.push({start, {0, d}});\n\n    while (!q.empty()) {\n        auto [c, exp_end] = q.front();\n        int exp = exp_end.first;\n        int end = exp_end.second;\n        q.pop();\n\n        if (memo[exp][end] <= c) continue;\n        memo[exp][end] = c;\n\n        for (int i = 0; i < n; i++) {\n            if (exp < r[i]) continue;\n            q.push({c + 1, {min(exp + e[i], 100), max(end - a[i], 0)}});\n        }\n    }\n}\n\nint main() {\n    while (cin >> d >> n, d) {\n        a = e = r = vector<int>(n);\n        for (int i = 0; i < n; i++) cin >> a[i] >> e[i] >> r[i];\n        memo = vector<vector<int>>(105, vector<int>(105, INF));\n        iterative(0);\n        int ans = INF;\n        for (int i = 0; i < 101; i++) ans = min(ans, memo[i][0]);\n        cout << (ans == INF ? "NA" : to_string(ans)) << endl;\n    }\n    return 0;\n}') | LineLLMMutation(('source.cpp', 15), '#include <iostream>\n#include <vector>\n#include <queue>\nusing namespace std;\n\nint d, n;\nvector<int> a, e, r;\nvector<vector<int>> memo;\nconst int INF = 1000000000;\n\nvoid iterative(int start) {\n    queue<pair<int, pair<int, int>>> q;\n    q.push({start, {0, d}});\n\n    while (!q.empty()) {\n        auto [c, exp_end] = q.front();\n        int exp = exp_end.first;\n        int end = exp_end.second;\n        q.pop();\n\n        if (memo[exp][end] <= c) continue;\n        memo[exp][end] = c;\n\n        for (int i = 0; i < n; i++) {\n            if (exp < r[i]) continue;\n            q.push({c + 1, {min(exp + e[i], 100), max(end - a[i], 0)}});\n        }\n    }\n}\n\nint main() {\n    while (cin >> d >> n, d) {\n        a.resize(n);\n        e.resize(n);\n        r.resize(n);\n        for (int i = 0; i < n; i++) cin >> a[i] >> e[i] >> r[i];\n        memo.assign(105, vector<int>(105, INF)); // Optimize memory allocation\n        iterative(0);\n        int ans = INF;\n        for (int i = 0; i <= 100; i++) ans = min(ans, memo[i][0]); // Adjust loop to avoid unnecessary iterations\n        cout << (ans == INF ? "NA" : to_string(ans)) << endl;\n    }\n    return 0;\n}') | LineLLMMutation(('source.cpp', 21), '#include <iostream>\n#include <vector>\n#include <queue>\nusing namespace std;\n\nint d, n;\nvector<int> a, e, r;\nint memo[105][105]; // Use a static 2D array instead of a vector\nconst int INF = 1000000000;\n\nvoid iterative(int start) {\n    queue<pair<int, pair<int, int>>> q;\n    q.push({start, {0, d}});\n\n    while (!q.empty()) {\n        auto [c, exp_end] = q.front();\n        int exp = exp_end.first;\n        int end = exp_end.second;\n        q.pop();\n\n        if (memo[exp][end] <= c) continue;\n        memo[exp][end] = c;\n\n        for (int i = 0; i < n; i++) {\n            if (exp < r[i]) continue;\n            q.push({c + 1, {min(exp + e[i], 100), max(end - a[i], 0)}});\n        }\n    }\n}\n\nint main() {\n    while (cin >> d >> n, d) {\n        a.resize(n);\n        e.resize(n);\n        r.resize(n);\n        for (int i = 0; i < n; i++) cin >> a[i] >> e[i] >> r[i];\n        fill(&memo[0][0], &memo[0][0] + sizeof(memo) / sizeof(int), INF); // Optimize memory initialization\n        iterative(0);\n        int ans = INF;\n        for (int i = 0; i <= 100; i++) ans = min(ans, memo[i][0]); // Adjust loop to avoid unnecessary iterations\n        cout << (ans == INF ? "NA" : to_string(ans)) << endl;\n    }\n    return 0;\n}')"
2025-02-25 00:26:40,169	[INFO]	Step: 40
2025-02-25 00:26:40,169	[INFO]	Stop Steps: 50
2025-02-25 00:26:41,007	[DEBUG]	EXEC>  SUCCESS 3389665.0
2025-02-25 00:26:41,008	[INFO]	3-1     SUCCESS               3389665.00 (89.81%) [3 edit(s)]  
2025-02-25 00:26:41,008	[DEBUG]	patch(3-1)="LineLLMMutation(('source.cpp', 6), '#include <iostream>\n#include <vector>\nusing namespace std;\n\nint d, n;\nvector<int> a, e, r;\nvector<vector<int>> memo;\nconst int INF = 1000000000;\n\ninline void rec(int c = 0, int exp = 0, int end = d) {\n    if (memo[exp][end] <= c) return;\n    memo[exp][end] = c;\n\n    for (int i = 0; i < n; i++) {\n        if (exp < r[i]) continue;\n        rec(c + 1, min(exp + e[i], 100), max(end - a[i], 0));\n    }\n}\n\nint main() {\n    while (cin >> d >> n, d) {\n        a = e = r = vector<int>(n);\n        for (int i = 0; i < n; i++) cin >> a[i] >> e[i] >> r[i];\n        memo = vector<vector<int>>(105, vector<int>(105, INF));\n        rec();\n        int ans = INF;\n        for (int i = 0; i < 101; i++) ans = min(ans, memo[i][0]);\n        cout << (ans == INF ? "NA" : to_string(ans)) << endl;\n    }\n    return 0;\n}') | LineLLMMutation(('source.cpp', 13), '#include <iostream>\n#include <vector>\n#include <queue>\nusing namespace std;\n\nint d, n;\nvector<int> a, e, r;\nvector<vector<int>> memo;\nconst int INF = 1000000000;\n\nvoid iterative(int start) {\n    queue<pair<int, pair<int, int>>> q;\n    q.push({start, {0, d}});\n\n    while (!q.empty()) {\n        auto [c, exp_end] = q.front();\n        int exp = exp_end.first;\n        int end = exp_end.second;\n        q.pop();\n\n        if (memo[exp][end] <= c) continue;\n        memo[exp][end] = c;\n\n        for (int i = 0; i < n; i++) {\n            if (exp < r[i]) continue;\n            q.push({c + 1, {min(exp + e[i], 100), max(end - a[i], 0)}});\n        }\n    }\n}\n\nint main() {\n    while (cin >> d >> n, d) {\n        a = e = r = vector<int>(n);\n        for (int i = 0; i < n; i++) cin >> a[i] >> e[i] >> r[i];\n        memo = vector<vector<int>>(105, vector<int>(105, INF));\n        iterative(0);\n        int ans = INF;\n        for (int i = 0; i < 101; i++) ans = min(ans, memo[i][0]);\n        cout << (ans == INF ? "NA" : to_string(ans)) << endl;\n    }\n    return 0;\n}') | LineLLMMutation(('source.cpp', 22), '#include <iostream>\n#include <vector>\n#include <queue>\nusing namespace std;\n\nint d, n;\nvector<int> a, e, r;\nvector<vector<int>> memo;\nconst int INF = 1000000000;\n\nvoid iterative(int start) {\n    queue<pair<int, pair<int, int>>> q;\n    q.push({start, {0, d}});\n\n    while (!q.empty()) {\n        auto [c, exp_end] = q.front();\n        int exp = exp_end.first;\n        int end = exp_end.second;\n        q.pop();\n\n        if (memo[exp][end] <= c) continue;\n        memo[exp][end] = c;\n\n        for (int i = 0; i < n; i++) {\n            if (exp < r[i]) continue;\n            q.push({c + 1, {min(exp + e[i], 100), max(end - a[i], 0)}});\n        }\n    }\n}\n\nint main() {\n    while (cin >> d >> n, d) {\n        a.resize(n);\n        e.resize(n);\n        r.resize(n);\n        for (int i = 0; i < n; i++) cin >> a[i] >> e[i] >> r[i];\n        memo.assign(105, vector<int>(105, INF));\n        iterative(0);\n        int ans = INF;\n        for (int i = 0; i < 101; i++) ans = min(ans, memo[i][0]);\n        cout << (ans == INF ? "NA" : to_string(ans)) << endl;\n    }\n    return 0;\n}')"
2025-02-25 00:26:41,008	[INFO]	Step: 41
2025-02-25 00:26:41,008	[INFO]	Stop Steps: 50
2025-02-25 00:26:41,632	[DEBUG]	EXEC>  SUCCESS 3574714.0
2025-02-25 00:26:41,632	[INFO]	3-2     SUCCESS               3574714.00 (94.71%) [2 edit(s)]  
2025-02-25 00:26:41,632	[DEBUG]	patch(3-2)="LineLLMCrossover(('source.cpp', 5), '#include <iostream>\n#include <vector>\n#include <cstdio>\nusing namespace std;\n\nconst int MAXN = 105;\nint d, n;\nvector<int> a, e, r;\nint memo[MAXN][MAXN];\nconst int INF = 1000000000;\n\ninline void rec(int c = 0, int exp = 0, int end = d) {\n    if (memo[exp][end] <= c) return;\n    memo[exp][end] = c;\n\n    for (int i = 0; i < n; i++) {\n        if (exp < r[i]) continue;\n        rec(c + 1, min(exp + e[i], 100), max(end - a[i], 0));\n    }\n}\n\nint main() {\n    while (scanf("%d %d", &d, &n), d) {\n        a.resize(n);\n        e.resize(n);\n        r.resize(n);\n        for (int i = 0; i < n; i++) scanf("%d %d %d", &a[i], &e[i], &r[i]);\n        fill(&memo[0][0], &memo[0][0] + sizeof(memo) / sizeof(int), INF);\n        rec();\n        int ans = INF;\n        for (int i = 0; i < 101; i++) ans = min(ans, memo[i][0]);\n        printf("%s\\n", ans == INF ? "NA" : to_string(ans).c_str());\n    }\n    return 0;\n}') | LineLLMMutation(('source.cpp', 23), '#include <iostream>\n#include <vector>\n#include <cstdio>\nusing namespace std;\n\nconst int MAXN = 105;\nint d, n;\nvector<int> a, e, r;\nint memo[MAXN * MAXN];\nconst int INF = 1000000000;\n\ninline void rec(int c = 0, int exp = 0, int end = d) {\n    int index = exp * (MAXN) + end; // Use a single index for memoization\n    if (memo[index] <= c) return;\n    memo[index] = c;\n\n    for (int i = 0; i < n; i++) {\n        if (exp < r[i]) continue;\n        rec(c + 1, min(exp + e[i], 100), max(end - a[i], 0));\n    }\n}\n\nint main() {\n    while (scanf("%d %d", &d, &n), d) {\n        a.resize(n);\n        e.resize(n);\n        r.resize(n);\n        for (int i = 0; i < n; i++) scanf("%d %d %d", &a[i], &e[i], &r[i]);\n        fill(memo, memo + sizeof(memo) / sizeof(int), INF);\n        rec();\n        int ans = INF;\n        for (int i = 0; i < MAXN; i++) ans = min(ans, memo[i * MAXN]);\n        printf("%s\\n", ans == INF ? "NA" : to_string(ans).c_str());\n    }\n    return 0;\n}')"
2025-02-25 00:26:41,633	[INFO]	Step: 42
2025-02-25 00:26:41,633	[INFO]	Stop Steps: 50
2025-02-25 00:26:42,884	[DEBUG]	EXEC>  SUCCESS 3774378.0
2025-02-25 00:26:42,884	[INFO]	3-3     SUCCESS               3774378.00 (100.00%) [1 edit(s)]  
2025-02-25 00:26:42,884	[DEBUG]	patch(3-3)="LineLLMMutation(('source.cpp', 24), '#include "stdc++.h"\n\n#define range(i, a, b) for(int i = (a); i < (b); i++)\n\n#define rep(i, a) range(i, 0, a)\n\nusing namespace std;\n\nint d, n;\n\nvector <int> a, e, r;\n\nvector <vector <int>> memo;\n\nconst int INF = 1000000000;\n\n\n\nvoid rec(int c = 0, int exp = 0, int end = d) {\n\n\tif (memo[exp][end] <= c) return;\n\n\tmemo[exp][end] = c;\n\n\n\n\trep (i, n) {\n\n\t\tif (exp < r[i]) continue;\n\n\t\trec(c + 1, min(exp + e[i], 100), max(end - a[i], 0));\n\n\t}\n\n}\n\n\n\nint main() {\n\n\twhile (cin >> d >> n, d) {\n\n\t\ta = e = r = vector <int> (n);\n\n\t\trep (i, n) cin >> a[i] >> e[i] >> r[i];\n\n\t\tmemo = vector <vector <int>> (105, vector <int> (105, INF));\n\n\t\trec();\n\n\t\tint ans = INF;\n\n\t\trep (i, 101) ans = min(ans, memo[i][0]);\n\n\t\tcout << (ans == INF ? "NA" : to_string(ans)) << endl;\n\n\t}\n\n\treturn 0;\n\n}')"
2025-02-25 00:26:42,885	[INFO]	Step: 43
2025-02-25 00:26:42,885	[INFO]	Stop Steps: 50
2025-02-25 00:26:45,168	[DEBUG]	EXEC>  SUCCESS 3774403.0
2025-02-25 00:26:45,168	[INFO]	REF     SUCCESS               3774403.00 (--) [0 edit(s)]  
2025-02-25 00:26:45,169	[INFO]	Best patch: 6
2025-02-25 00:26:45,881	[DEBUG]	EXEC>  SUCCESS 3327099.0
2025-02-25 00:26:45,882	[INFO]	BEST    SUCCESS              *3327099.00 (88.15%) [0 edit(s)]  
2025-02-25 00:26:45,882	[INFO]	Best patch step: 32
2025-02-25 00:27:40,969	[INFO]	Step: 43
2025-02-25 00:27:40,969	[INFO]	Stop Steps: 50
2025-02-25 00:27:41,820	[DEBUG]	EXEC>  SUCCESS 3327101.0
2025-02-25 00:27:41,821	[INFO]	4-4     SUCCESS              +3327101.00 (88.15%) [1 edit(s)]  
2025-02-25 00:27:41,821	[DEBUG]	patch(4-4)="LineLLMCrossover(('source.cpp', 6), '#include <iostream>\n#include <vector>\n#include <queue>\n#include <cstdio>\nusing namespace std;\n\nconst int MAX_EXP = 105;\nconst int MAX_END = 105;\nint d, n;\nvector<int> a, e, r;\nint memo[MAX_EXP][MAX_END];\nconst int INF = 1000000000;\n\nvoid iterative() {\n    queue<pair<int, pair<int, int>>> q;\n    q.push({0, {0, d}});\n\n    while (!q.empty()) {\n        auto [c, exp_end] = q.front();\n        int exp = exp_end.first;\n        int end = exp_end.second;\n        q.pop();\n\n        if (memo[exp][end] <= c) continue;\n        memo[exp][end] = c;\n\n        for (int i = 0; i < n; i++) {\n            if (exp < r[i]) continue;\n            q.push({c + 1, {min(exp + e[i], 100), max(end - a[i], 0)}});\n        }\n    }\n}\n\nint main() {\n    while (scanf("%d %d", &d, &n), d) {\n        a.resize(n);\n        e.resize(n);\n        r.resize(n);\n        for (int i = 0; i < n; i++) scanf("%d %d %d", &a[i], &e[i], &r[i]);\n        fill(&memo[0][0], &memo[0][0] + sizeof(memo) / sizeof(int), INF);\n        iterative();\n        int ans = INF;\n        for (int i = 0; i < 101; i++) ans = min(ans, memo[i][0]);\n        printf("%s\\n", ans == INF ? "NA" : to_string(ans).c_str());\n    }\n    return 0;\n}')"
2025-02-25 00:27:41,821	[INFO]	Step: 44
2025-02-25 00:27:41,821	[INFO]	Stop Steps: 50
2025-02-25 00:27:42,549	[DEBUG]	EXEC>  SUCCESS 3351388.0
2025-02-25 00:27:42,549	[INFO]	4-5     SUCCESS               3351388.00 (88.79%) [4 edit(s)]  
2025-02-25 00:27:42,549	[DEBUG]	patch(4-5)="LineLLMMutation(('source.cpp', 6), '#include <iostream>\n#include <vector>\nusing namespace std;\n\nint d, n;\nvector<int> a, e, r;\nvector<vector<int>> memo;\nconst int INF = 1000000000;\n\ninline void rec(int c = 0, int exp = 0, int end = d) {\n    if (memo[exp][end] <= c) return;\n    memo[exp][end] = c;\n\n    for (int i = 0; i < n; i++) {\n        if (exp < r[i]) continue;\n        rec(c + 1, min(exp + e[i], 100), max(end - a[i], 0));\n    }\n}\n\nint main() {\n    while (cin >> d >> n, d) {\n        a = e = r = vector<int>(n);\n        for (int i = 0; i < n; i++) cin >> a[i] >> e[i] >> r[i];\n        memo = vector<vector<int>>(105, vector<int>(105, INF));\n        rec();\n        int ans = INF;\n        for (int i = 0; i < 101; i++) ans = min(ans, memo[i][0]);\n        cout << (ans == INF ? "NA" : to_string(ans)) << endl;\n    }\n    return 0;\n}') | LineLLMMutation(('source.cpp', 13), '#include <iostream>\n#include <vector>\n#include <queue>\nusing namespace std;\n\nint d, n;\nvector<int> a, e, r;\nvector<vector<int>> memo;\nconst int INF = 1000000000;\n\nvoid iterative(int start) {\n    queue<pair<int, pair<int, int>>> q;\n    q.push({start, {0, d}});\n\n    while (!q.empty()) {\n        auto [c, exp_end] = q.front();\n        int exp = exp_end.first;\n        int end = exp_end.second;\n        q.pop();\n\n        if (memo[exp][end] <= c) continue;\n        memo[exp][end] = c;\n\n        for (int i = 0; i < n; i++) {\n            if (exp < r[i]) continue;\n            q.push({c + 1, {min(exp + e[i], 100), max(end - a[i], 0)}});\n        }\n    }\n}\n\nint main() {\n    while (cin >> d >> n, d) {\n        a = e = r = vector<int>(n);\n        for (int i = 0; i < n; i++) cin >> a[i] >> e[i] >> r[i];\n        memo = vector<vector<int>>(105, vector<int>(105, INF));\n        iterative(0);\n        int ans = INF;\n        for (int i = 0; i < 101; i++) ans = min(ans, memo[i][0]);\n        cout << (ans == INF ? "NA" : to_string(ans)) << endl;\n    }\n    return 0;\n}') | LineLLMMutation(('source.cpp', 15), '#include <iostream>\n#include <vector>\n#include <queue>\nusing namespace std;\n\nint d, n;\nvector<int> a, e, r;\nvector<vector<int>> memo;\nconst int INF = 1000000000;\n\nvoid iterative(int start) {\n    queue<pair<int, pair<int, int>>> q;\n    q.push({start, {0, d}});\n\n    while (!q.empty()) {\n        auto [c, exp_end] = q.front();\n        int exp = exp_end.first;\n        int end = exp_end.second;\n        q.pop();\n\n        if (memo[exp][end] <= c) continue;\n        memo[exp][end] = c;\n\n        for (int i = 0; i < n; i++) {\n            if (exp < r[i]) continue;\n            q.push({c + 1, {min(exp + e[i], 100), max(end - a[i], 0)}});\n        }\n    }\n}\n\nint main() {\n    while (cin >> d >> n, d) {\n        a.resize(n);\n        e.resize(n);\n        r.resize(n);\n        for (int i = 0; i < n; i++) cin >> a[i] >> e[i] >> r[i];\n        memo.assign(105, vector<int>(105, INF)); // Optimize memory allocation\n        iterative(0);\n        int ans = INF;\n        for (int i = 0; i <= 100; i++) ans = min(ans, memo[i][0]); // Adjust loop to avoid unnecessary iterations\n        cout << (ans == INF ? "NA" : to_string(ans)) << endl;\n    }\n    return 0;\n}') | LineLLMMutation(('source.cpp', 21), '#include <iostream>\n#include <vector>\n#include <queue>\nusing namespace std;\n\nint d, n;\nvector<int> a, e, r;\nint memo[105][105]; // Use a static 2D array instead of a vector\nconst int INF = 1000000000;\n\nvoid iterative(int start) {\n    queue<pair<int, pair<int, int>>> q;\n    q.push({start, {0, d}});\n\n    while (!q.empty()) {\n        auto [c, exp_end] = q.front();\n        int exp = exp_end.first;\n        int end = exp_end.second;\n        q.pop();\n\n        if (memo[exp][end] <= c) continue;\n        memo[exp][end] = c;\n\n        for (int i = 0; i < n; i++) {\n            if (exp < r[i]) continue;\n            q.push({c + 1, {min(exp + e[i], 100), max(end - a[i], 0)}});\n        }\n    }\n}\n\nint main() {\n    while (cin >> d >> n, d) {\n        a.resize(n);\n        e.resize(n);\n        r.resize(n);\n        for (int i = 0; i < n; i++) cin >> a[i] >> e[i] >> r[i];\n        fill(&memo[0][0], &memo[0][0] + sizeof(memo) / sizeof(int), INF); // Optimize memory initialization\n        iterative(0);\n        int ans = INF;\n        for (int i = 0; i <= 100; i++) ans = min(ans, memo[i][0]); // Adjust loop to avoid unnecessary iterations\n        cout << (ans == INF ? "NA" : to_string(ans)) << endl;\n    }\n    return 0;\n}')"
2025-02-25 00:27:42,550	[INFO]	Step: 45
2025-02-25 00:27:42,550	[INFO]	Stop Steps: 50
2025-02-25 00:27:43,294	[DEBUG]	EXEC>  SUCCESS 3351185.0
2025-02-25 00:27:43,294	[INFO]	4-6     SUCCESS               3351185.00 (88.79%) [1 edit(s)]  
2025-02-25 00:27:43,294	[DEBUG]	patch(4-6)="LineLLMCrossover(('source.cpp', 12), '#include <iostream>\n#include <vector>\n#include <queue>\nusing namespace std;\n\nconst int MAX_EXP = 105;\nconst int MAX_END = 105;\nint d, n;\nvector<int> a, e, r;\nint memo[MAX_EXP][MAX_END]; // Static array for memoization\nconst int INF = 1000000000;\n\nvoid iterative() {\n    queue<pair<int, pair<int, int>>> q;\n    q.push({0, {0, d}});\n\n    while (!q.empty()) {\n        auto [c, exp_end] = q.front();\n        int exp = exp_end.first;\n        int end = exp_end.second;\n        q.pop();\n\n        if (memo[exp][end] <= c) continue;\n        memo[exp][end] = c;\n\n        for (int i = 0; i < n; i++) {\n            if (exp < r[i]) continue;\n            q.push({c + 1, {min(exp + e[i], 100), max(end - a[i], 0)}});\n        }\n    }\n}\n\nint main() {\n    while (cin >> d >> n, d) {\n        a.resize(n);\n        e.resize(n);\n        r.resize(n);\n        for (int i = 0; i < n; i++) cin >> a[i] >> e[i] >> r[i];\n        fill(&memo[0][0], &memo[0][0] + sizeof(memo) / sizeof(int), INF);\n        iterative();\n        int ans = INF;\n        for (int i = 0; i <= 100; i++) ans = min(ans, memo[i][0]);\n        cout << (ans == INF ? "NA" : to_string(ans)) << endl;\n    }\n    return 0;\n}')"
2025-02-25 00:27:43,294	[INFO]	Step: 46
2025-02-25 00:27:43,294	[INFO]	Stop Steps: 50
2025-02-25 00:27:44,129	[DEBUG]	EXEC>  SUCCESS 3389657.0
2025-02-25 00:27:44,130	[INFO]	4-7     SUCCESS               3389657.00 (89.81%) [1 edit(s)]  
2025-02-25 00:27:44,130	[DEBUG]	patch(4-7)="LineLLMCrossover(('source.cpp', 13), '#include <iostream>\n#include <vector>\n#include <queue>\nusing namespace std;\n\nint d, n;\nvector<int> a, e, r;\nvector<vector<int>> memo;\nconst int INF = 1000000000;\n\nvoid iterative(int start) {\n    queue<pair<int, pair<int, int>>> q;\n    q.push({start, {0, d}});\n\n    while (!q.empty()) {\n        auto [c, exp_end] = q.front();\n        int exp = exp_end.first;\n        int end = exp_end.second;\n        q.pop();\n\n        if (memo[exp][end] <= c) continue;\n        memo[exp][end] = c;\n\n        for (int i = 0; i < n; i++) {\n            if (exp < r[i]) continue;\n            q.push({c + 1, {min(exp + e[i], 100), max(end - a[i], 0)}});\n        }\n    }\n}\n\nint main() {\n    while (cin >> d >> n, d) {\n        a.resize(n);\n        e.resize(n);\n        r.resize(n);\n        memo.assign(105, vector<int>(105, INF)); // Optimize memory allocation\n        for (int i = 0; i < n; i++) cin >> a[i] >> e[i] >> r[i];\n        iterative(0);\n        int ans = INF;\n        for (int i = 0; i <= 100; i++) ans = min(ans, memo[i][0]);\n        cout << (ans == INF ? "NA" : to_string(ans)) << endl;\n    }\n    return 0;\n}')"
2025-02-25 00:27:44,130	[INFO]	Step: 47
2025-02-25 00:27:44,130	[INFO]	Stop Steps: 50
2025-02-25 00:27:44,833	[INFO]	4-8     TEST_CODE_ERROR       None (--) [1 edit(s)]  
2025-02-25 00:27:44,833	[DEBUG]	patch(4-8)="LineLLMCrossover(('source.cpp', 14), '#include <iostream>\n#include <vector>\n#include <queue>\nusing namespace std;\n\nint d, n;\nvector<int> a, e, r;\nint memo[105][105]; // Use a static 2D array for memoization\nconst int INF = 1000000000;\n\nvoid iterative() {\n    queue<pair<int, pair<int, int>>> q;\n    q.push({0, {0, d}});\n\n    while (!q.empty()) {\n        auto [c, exp_end] = q.front();\n        int exp = exp_end.first;\n        int end = exp_end.second;\n        q.pop();\n\n        if (memo[exp][end] <= c) continue;\n        memo[exp][end] = c;\n\n        for (int i = 0; i < n; i++) {\n            if (exp < r[i]) continue;\n            q.push({c + 1, {min(exp + e[i], 100), max(end - a[i], 0)}});\n        }\n    }\n}\n\nint main() {\n    while (cin >> d >> n, d) {\n        a.resize(n);\n        e.resize(n);\n        r.resize(n);\n        fill(&memo[0][0], &memo[0][0] + sizeof(memo) / sizeof(int), INF);\n        iterative();\n        int ans = INF;\n        for (int i = 0; i <= 100; i++) ans = min(ans, memo[i][0]);\n        cout << (ans == INF ? "NA" : to_string(ans)) << endl;\n    }\n    return 0;\n}')"
2025-02-25 00:27:44,833	[INFO]	Step: 48
2025-02-25 00:27:44,833	[INFO]	Stop Steps: 50
2025-02-25 00:27:45,652	[INFO]	4-9     TEST_CODE_ERROR       None (--) [1 edit(s)]  
2025-02-25 00:27:45,652	[DEBUG]	patch(4-9)="LineLLMCrossover(('source.cpp', 15), '#include <iostream>\n#include <vector>\n#include <queue>\nusing namespace std;\n\nint d, n;\nvector<int> a, e, r;\nvector<vector<int>> memo;\nconst int INF = 1000000000;\n\nvoid iterative() {\n    queue<pair<int, pair<int, int>>> q;\n    q.push({0, {0, d}});\n\n    while (!q.empty()) {\n        auto [c, exp_end] = q.front();\n        int exp = exp_end.first;\n        int end = exp_end.second;\n        q.pop();\n\n        if (memo[exp][end] <= c) continue;\n        memo[exp][end] = c;\n\n        for (int i = 0; i < n; i++) {\n            if (exp < r[i]) continue;\n            q.push({c + 1, {min(exp + e[i], 100), max(end - a[i], 0)}});\n        }\n    }\n}\n\nint main() {\n    while (cin >> d >> n, d) {\n        a.resize(n);\n        e.resize(n);\n        r.resize(n);\n        memo.assign(105, vector<int>(105, INF)); // Effective memory initialization\n        iterative();\n        int ans = INF;\n        for (int i = 0; i <= 100; i++) ans = min(ans, memo[i][0]);\n        cout << (ans == INF ? "NA" : to_string(ans)) << endl;\n    }\n    return 0;\n}')"
2025-02-25 00:27:45,652	[INFO]	Step: 49
2025-02-25 00:27:45,652	[INFO]	Stop Steps: 50
2025-02-25 00:27:46,370	[DEBUG]	EXEC>  SUCCESS 3324823.0
2025-02-25 00:27:46,371	[INFO]	4-10    SUCCESS              *3324823.00 (88.09%) [2 edit(s)]  
2025-02-25 00:27:46,371	[DEBUG]	patch(4-10)="LineLLMCrossover(('source.cpp', 6), '#include <iostream>\n#include <vector>\n#include <queue>\n#include <cstdio>\nusing namespace std;\n\nconst int MAX_EXP = 105;\nconst int MAX_END = 105;\nint d, n;\nvector<int> a, e, r;\nint memo[MAX_EXP][MAX_END];\nconst int INF = 1000000000;\n\nvoid iterative() {\n    queue<pair<int, pair<int, int>>> q;\n    q.push({0, {0, d}});\n\n    while (!q.empty()) {\n        auto [c, exp_end] = q.front();\n        int exp = exp_end.first;\n        int end = exp_end.second;\n        q.pop();\n\n        if (memo[exp][end] <= c) continue;\n        memo[exp][end] = c;\n\n        for (int i = 0; i < n; i++) {\n            if (exp < r[i]) continue;\n            q.push({c + 1, {min(exp + e[i], 100), max(end - a[i], 0)}});\n        }\n    }\n}\n\nint main() {\n    while (scanf("%d %d", &d, &n), d) {\n        a.resize(n);\n        e.resize(n);\n        r.resize(n);\n        for (int i = 0; i < n; i++) scanf("%d %d %d", &a[i], &e[i], &r[i]);\n        fill(&memo[0][0], &memo[0][0] + sizeof(memo) / sizeof(int), INF);\n        iterative();\n        int ans = INF;\n        for (int i = 0; i < 101; i++) ans = min(ans, memo[i][0]);\n        printf("%s\\n", ans == INF ? "NA" : to_string(ans).c_str());\n    }\n    return 0;\n}') | LineLLMMutation(('source.cpp', 25), '#include <iostream>\n#include <vector>\n#include <queue>\n#include <cstdio>\nusing namespace std;\n\nconst int MAX_EXP = 105;\nconst int MAX_END = 105;\nint d, n;\nvector<int> a, e, r;\nint memo[MAX_EXP][MAX_END];\nconst int INF = 1000000000;\n\nstruct State {\n    int cost;\n    int exp;\n    int end;\n};\n\nvoid iterative() {\n    queue<State> q;\n    q.push({0, 0, d});\n\n    while (!q.empty()) {\n        State current = q.front();\n        q.pop();\n\n        if (memo[current.exp][current.end] <= current.cost) continue;\n        memo[current.exp][current.end] = current.cost;\n\n        for (int i = 0; i < n; i++) {\n            if (current.exp < r[i]) continue;\n            q.push({current.cost + 1, min(current.exp + e[i], 100), max(current.end - a[i], 0)});\n        }\n    }\n}\n\nint main() {\n    while (scanf("%d %d", &d, &n), d) {\n        a.resize(n);\n        e.resize(n);\n        r.resize(n);\n        for (int i = 0; i < n; i++) scanf("%d %d %d", &a[i], &e[i], &r[i]);\n        fill(&memo[0][0], &memo[0][0] + sizeof(memo) / sizeof(int), INF);\n        iterative();\n        int ans = INF;\n        for (int i = 0; i < 101; i++) ans = min(ans, memo[i][0]);\n        printf("%s\\n", ans == INF ? "NA" : to_string(ans).c_str());\n    }\n    return 0;\n}')"

2025-02-25 00:27:46,371	[INFO]	Step: 50
2025-02-25 00:27:46,371	[INFO]	Stop Steps: 50
2025-02-25 00:27:46,371	[INFO]	(Abstract Algorithm) Stopping Condition: step budget
2025-02-25 00:27:46,371	[INFO]	Step: 50
2025-02-25 00:27:46,371	[INFO]	Stop Steps: 50
2025-02-25 00:27:52,789	[INFO]	~~~~ END ~~~~
2025-02-25 00:27:52,789	[INFO]	Best patch step: 49
2025-02-25 00:27:52,789	[INFO]	
2025-02-25 00:27:52,789	[INFO]	==== REPORT ====
2025-02-25 00:27:52,790	[INFO]	Termination: step budget
2025-02-25 00:27:52,790	[INFO]	Log file: /home/luke/magpie/_magpie_logs/0096_1740442892.log
2025-02-25 00:27:52,790	[INFO]	Patch file: _magpie_logs/0096_1740442892.patch
2025-02-25 00:27:52,790	[INFO]	Diff file: _magpie_logs/0096_1740442892.diff
2025-02-25 00:27:52,790	[INFO]	Reference fitness: 3774403.00
2025-02-25 00:27:52,790	[INFO]	Best fitness: 3324823.00
2025-02-25 00:27:52,790	[INFO]	
2025-02-25 00:27:52,791	[INFO]	==== BEST PATCH ====
LineLLMCrossover(('source.cpp', 6), '#include <iostream>\n#include <vector>\n#include <queue>\n#include <cstdio>\nusing namespace std;\n\nconst int MAX_EXP = 105;\nconst int MAX_END = 105;\nint d, n;\nvector<int> a, e, r;\nint memo[MAX_EXP][MAX_END];\nconst int INF = 1000000000;\n\nvoid iterative() {\n    queue<pair<int, pair<int, int>>> q;\n    q.push({0, {0, d}});\n\n    while (!q.empty()) {\n        auto [c, exp_end] = q.front();\n        int exp = exp_end.first;\n        int end = exp_end.second;\n        q.pop();\n\n        if (memo[exp][end] <= c) continue;\n        memo[exp][end] = c;\n\n        for (int i = 0; i < n; i++) {\n            if (exp < r[i]) continue;\n            q.push({c + 1, {min(exp + e[i], 100), max(end - a[i], 0)}});\n        }\n    }\n}\n\nint main() {\n    while (scanf("%d %d", &d, &n), d) {\n        a.resize(n);\n        e.resize(n);\n        r.resize(n);\n        for (int i = 0; i < n; i++) scanf("%d %d %d", &a[i], &e[i], &r[i]);\n        fill(&memo[0][0], &memo[0][0] + sizeof(memo) / sizeof(int), INF);\n        iterative();\n        int ans = INF;\n        for (int i = 0; i < 101; i++) ans = min(ans, memo[i][0]);\n        printf("%s\\n", ans == INF ? "NA" : to_string(ans).c_str());\n    }\n    return 0;\n}') + LineLLMMutation(('source.cpp', 25), '#include <iostream>\n#include <vector>\n#include <queue>\n#include <cstdio>\nusing namespace std;\n\nconst int MAX_EXP = 105;\nconst int MAX_END = 105;\nint d, n;\nvector<int> a, e, r;\nint memo[MAX_EXP][MAX_END];\nconst int INF = 1000000000;\n\nstruct State {\n    int cost;\n    int exp;\n    int end;\n};\n\nvoid iterative() {\n    queue<State> q;\n    q.push({0, 0, d});\n\n    while (!q.empty()) {\n        State current = q.front();\n        q.pop();\n\n        if (memo[current.exp][current.end] <= current.cost) continue;\n        memo[current.exp][current.end] = current.cost;\n\n        for (int i = 0; i < n; i++) {\n            if (current.exp < r[i]) continue;\n            q.push({current.cost + 1, min(current.exp + e[i], 100), max(current.end - a[i], 0)});\n        }\n    }\n}\n\nint main() {\n    while (scanf("%d %d", &d, &n), d) {\n        a.resize(n);\n        e.resize(n);\n        r.resize(n);\n        for (int i = 0; i < n; i++) scanf("%d %d %d", &a[i], &e[i], &r[i]);\n        fill(&memo[0][0], &memo[0][0] + sizeof(memo) / sizeof(int), INF);\n        iterative();\n        int ans = INF;\n        for (int i = 0; i < 101; i++) ans = min(ans, memo[i][0]);\n        printf("%s\\n", ans == INF ? "NA" : to_string(ans).c_str());\n    }\n    return 0;\n}')
2025-02-25 00:27:52,791	[INFO]	
2025-02-25 00:27:52,791	[INFO]	==== DIFF ====

