2025-01-24 22:47:52,662	[DEBUG]	==== CONFIG ====
[magpie]
import = 
seed = 5932686101683422
log_dir = _magpie_logs
work_dir = _magpie_work
local_original_copy = True
local_original_name = __original__
output_encoding = ascii
edit_retries = 10
default_timeout = 30
default_lengthout = 10000.0
diff_method = unified
trust_local_filesystem = True

[magpie.log]
color_output = True
format_info = {counter:<7} {status:<20} {best}{fitness} ({ratio}) [{size}] {cached} {log}
format_debug = patch({counter})="{patch}"{diffifbest}
format_fitness = {:.2f}
format_ratio = {:.2%%}
format_patchif = 
	 --> {patch}
format_diffif = 
	{diff}

[software]
path = dataset/magpie_dataset/train/0139
target_files = 
	source.cpp
software = BasicSoftware
model_rules = 
	*.params : ParamFileConfigModel
	*.xml : SrcmlModel
	* : LineModel
model_config = 
	*.params : [paramconfig]
	*.xml : [srcml]
init_cmd = 
init_timeout = 60
init_lengthout = -1
setup_cmd = bash setup.sh
setup_timeout = 
setup_lengthout = 
compile_cmd = bash compile.sh
compile_timeout = 
compile_lengthout = 
test_cmd = bash test.sh
test_timeout = 
test_lengthout = 
run_cmd = bash run.sh
run_timeout = 3
run_lengthout = 
batch_timeout = 
batch_lengthout = 
batch_bin_fitness_strategy = aggregate
batch_fitness_strategy = sum
fitness = time

[srcml]
rename = 
	stmt: break continue decl_stmt do expr_stmt for goto if return switch while
	number: literal_number
focus = block stmt operator_comp operator_arith number
internodes = block
process_pseudo_blocks = True
process_literals = True
process_operators = True

[paramconfig]
timing = test run
cli_prefix = --
cli_glue = =
cli_boolean = show
cli_boolean_prefix_true = 
cli_boolean_prefix_false = no-
cli_none = hide
silent_prefix = @
silent_suffix = $

[search]
protocol = BasicProtocol
algorithm = GeneticProgrammingLLM
possible_edits = 
	LineLLMMutation
	LineLLMCrossover
	LineDeletion
	LineInsertion
	LineReplacement
llm_prob = 1.0
warmup = 5
warmup_strategy = last
max_steps = 100
max_time = 20000
target_fitness = 
cache_maxsize = 100
cache_keep = 0.2
batch_instances = 
batch_shuffle = True
batch_bin_shuffle = False
batch_sample_size = 1

[search.ls]
delete_prob = 0.5
max_neighbours = 
when_trapped = continue
accept_fail = False
tabu_length = 10

[search.gp]
pop_size = 10
delete_prob = 0.0
offspring_elitism = 0.2
offspring_crossover = 0.4
offspring_mutation = 0.4
uniform_rate = 0.5
batch_reset = True

[search.minify]
do_cleanup = True
do_rebuild = True
do_simplify = True
round_robin_limit = 3


2025-01-24 22:47:52,662	[DEBUG]	
2025-01-24 22:47:52,662	[INFO]	==== SEARCH: GeneticProgrammingLLM ====
2025-01-24 22:47:52,662	[INFO]	~~~~ WARMUP ~~~~
2025-01-24 22:47:54,062	[DEBUG]	EXEC>  SUCCESS 2619110.5625
2025-01-24 22:47:54,062	[INFO]	WARM    SUCCESS               2619110.56 (--) [0 edit(s)]  
2025-01-24 22:47:55,073	[DEBUG]	EXEC>  SUCCESS 3195347.4375
2025-01-24 22:47:55,074	[INFO]	WARM    SUCCESS               3195347.44 (--) [0 edit(s)]  
2025-01-24 22:47:56,357	[DEBUG]	EXEC>  SUCCESS 3196999.25
2025-01-24 22:47:56,357	[INFO]	WARM    SUCCESS               3196999.25 (--) [0 edit(s)]  
2025-01-24 22:47:57,473	[DEBUG]	EXEC>  SUCCESS 2976504.3125
2025-01-24 22:47:57,473	[INFO]	WARM    SUCCESS               2976504.31 (--) [0 edit(s)]  
2025-01-24 22:47:58,411	[DEBUG]	EXEC>  SUCCESS 2637244.0
2025-01-24 22:47:58,411	[INFO]	WARM    SUCCESS               2637244.00 (--) [0 edit(s)]  
2025-01-24 22:47:58,411	[INFO]	REF     SUCCESS               2637244.00 (--) [0 edit(s)]  
2025-01-24 22:47:58,412	[INFO]	
2025-01-24 22:47:58,412	[INFO]	~~~~ START ~~~~
2025-01-24 22:48:40,744	[INFO]	0-1     COMPILE_CODE_ERROR    None (--) [1 edit(s)]  
2025-01-24 22:48:40,744	[DEBUG]	patch(0-1)="LineLLMMutation(('source.cpp', 0), '#include <cstdio>\n#include <queue>\n#include <tuple>\n#include <vector>\n#include <algorithm>\n\nusing namespace std;\n\nint n, m, c, a, b;\n\nint main() {\n    ios::sync_with_stdio(false);\n    \n    while (scanf("%d %d", &n, &m), n | m) {\n        vector<vector<pair<int, int>>> v(n);\n        \n        for (int i = 0; i < n; i++) {\n            scanf("%d", &c);\n            for (int j = 0; j < c; j++) {\n                scanf("%d %d", &a, &b);\n                v[i].emplace_back(a, b);\n            }\n        }\n\n        // Rest of the code...\n    }\n}')"
2025-01-24 22:48:41,934	[INFO]	0-2     COMPILE_CODE_ERROR    None (--) [1 edit(s)]  
2025-01-24 22:48:41,934	[DEBUG]	patch(0-2)="LineLLMMutation(('source.cpp', 1), '#include <cstdio>\n#include <queue>\n#include <tuple>\n#include <vector>\n#include <algorithm>\n\nusing namespace std;\n\nint n, m, c, a, b;\n\nint main() {\n    ios::sync_with_stdio(false);\n    \n    while (scanf("%d %d", &n, &m), n | m) {\n        vector<vector<pair<int, int>>> v(n);\n        \n        for (int i = 0; i < n; i++) {\n            scanf("%d", &c);\n            for (int j = 0; j < c; j++) {\n                scanf("%d %d", &a, &b);\n                v[i].emplace_back(a, b);\n            }\n        }\n\n        // Rest of the code...\n    }\n}')"
2025-01-24 22:48:43,178	[INFO]	0-3     COMPILE_CODE_ERROR    None (--) [1 edit(s)]  
2025-01-24 22:48:43,178	[DEBUG]	patch(0-3)="LineLLMMutation(('source.cpp', 2), '#include <cstdio>\n#include <queue>\n#include <tuple>\n#include <vector>\n#include <algorithm>\n\nusing namespace std;\n\nint n, m, c, a, b;\n\nint main() {\n    ios::sync_with_stdio(false);\n    \n    while (scanf("%d %d", &n, &m), n | m) {\n        vector<vector<pair<int, int>>> v(n);\n        \n        for (int i = 0; i < n; i++) {\n            scanf("%d", &c);\n            for (int j = 0; j < c; j++) {\n                scanf("%d %d", &a, &b);\n                v[i].emplace_back(a, b);\n            }\n        }\n\n        vector<vector<vector<int>>> d(n);\n        for (int i = 0; i < n; i++) d[i] = vector<vector<int>>(v[i].size(), vector<int>(m + 1, INT_MAX));\n\n        priority_queue<tuple<int, int, int, int>, vector<tuple<int, int, int, int>>, greater<tuple<int, int, int, int>>> que; // (dist, y, x, z)\n\n        // Rest of the code...\n    }\n}')"
2025-01-24 22:48:44,418	[INFO]	0-4     COMPILE_CODE_ERROR    None (--) [1 edit(s)]  
2025-01-24 22:48:44,418	[DEBUG]	patch(0-4)="LineLLMMutation(('source.cpp', 3), '#include <cstdio>\n#include <queue>\n#include <tuple>\n#include <vector>\n#include <algorithm>\n#include <limits>\n\nusing namespace std;\n\nint n, m, c, a, b;\n\nint main() {\n    ios::sync_with_stdio(false);\n    \n    while (scanf("%d %d", &n, &m), n | m) {\n        vector<vector<pair<int, int>>> v(n);\n        \n        for (int i = 0; i < n; i++) {\n            scanf("%d", &c);\n            for (int j = 0; j < c; j++) {\n                scanf("%d %d", &a, &b);\n                v[i].emplace_back(a, b);\n            }\n        }\n\n        vector<vector<vector<int>>> d(n);\n        for (int i = 0; i < n; i++) d[i] = vector<vector<int>>(v[i].size(), vector<int>(m + 1, INT_MAX));\n\n        priority_queue<tuple<int, int, int, int>, vector<tuple<int, int, int, int>>, greater<tuple<int, int, int, int>>> que;\n\n        // Rest of the code...\n    }\n}')"
2025-01-24 22:48:45,672	[INFO]	0-5     COMPILE_CODE_ERROR    None (--) [1 edit(s)]  
2025-01-24 22:48:45,672	[DEBUG]	patch(0-5)="LineLLMMutation(('source.cpp', 4), '#include <cstdio>\n#include <queue>\n#include <tuple>\n#include <vector>\n#include <algorithm>\n#include <limits>\n\nusing namespace std;\n\nint n, m, c, a, b;\n\nint main() {\n    ios::sync_with_stdio(false);\n    \n    while (scanf("%d %d", &n, &m), n | m) {\n        vector<vector<pair<int, int>>> v(n);\n        \n        for (int i = 0; i < n; i++) {\n            scanf("%d", &c);\n            for (int j = 0; j < c; j++) {\n                scanf("%d %d", &a, &b);\n                v[i].emplace_back(a, b);\n            }\n        }\n\n        vector<vector<vector<int>>> d(n, vector<vector<int>>(v[0].size(), vector<int>(m + 1, INT_MAX)));\n\n        priority_queue<tuple<int, int, int, int>, vector<tuple<int, int, int, int>>, greater<tuple<int, int, int, int>>> que;\n\n        // Rest of the code...\n    }\n}')"
2025-01-24 22:48:46,903	[INFO]	0-6     COMPILE_CODE_ERROR    None (--) [1 edit(s)]  
2025-01-24 22:48:46,903	[DEBUG]	patch(0-6)="LineLLMMutation(('source.cpp', 5), '#include <cstdio>\n#include <queue>\n#include <vector>\n#include <algorithm>\n#include <limits>\n\nusing namespace std;\n\nint n, m, c, a, b;\n\nint main() {\n    ios::sync_with_stdio(false);\n    \n    while (scanf("%d %d", &n, &m), n | m) {\n        vector<vector<pair<int, int>>> v(n);\n        \n        for (int i = 0; i < n; i++) {\n            scanf("%d", &c);\n            for (int j = 0; j < c; j++) {\n                scanf("%d %d", &a, &b);\n                v[i].emplace_back(a, b);\n            }\n        }\n\n        vector<vector<vector<int>>> d(n, vector<vector<int>>(v[0].size(), vector<int>(m + 1, INT_MAX)));\n\n        priority_queue<tuple<int, int, int, int>, vector<tuple<int, int, int, int>>, greater<tuple<int, int, int, int>>> que;\n\n        // Rest of the code...\n    }\n}')"
2025-01-24 22:48:48,216	[INFO]	0-7     COMPILE_CODE_ERROR    None (--) [1 edit(s)]  
2025-01-24 22:48:48,216	[DEBUG]	patch(0-7)="LineLLMMutation(('source.cpp', 6), '#include <cstdio>\n#include <queue>\n#include <vector>\n#include <algorithm>\n#include <limits>\n\nusing namespace std;\n\nint n, m, c, a, b;\n\nint main() {\n    ios::sync_with_stdio(false);\n    \n    while (scanf("%d %d", &n, &m), n | m) {\n        vector<vector<pair<int, int>>> v(n);\n        \n        for (int i = 0; i < n; i++) {\n            scanf("%d", &c);\n            for (int j = 0; j < c; j++) {\n                scanf("%d %d", &a, &b);\n                v[i].emplace_back(a, b); // using emplace_back\n            }\n        }\n\n        vector<vector<vector<int>>> d(n, vector<vector<int>>(v[0].size(), vector<int>(m + 1, INT_MAX)));\n\n        priority_queue<tuple<int, int, int, int>, vector<tuple<int, int, int, int>>, greater<tuple<int, int, int, int>>> que;\n\n        // Rest of the code...\n    }\n}')"
2025-01-24 22:48:49,382	[INFO]	0-8     COMPILE_CODE_ERROR    None (--) [1 edit(s)]  
2025-01-24 22:48:49,382	[DEBUG]	patch(0-8)="LineLLMMutation(('source.cpp', 7), '#include <cstdio>\n#include <queue>\n#include <array>\n#include <algorithm>\n#include <limits>\n\nusing namespace std;\n\nconst int MAXN = 100; // Example size, adjust based on actual needs\n\nint n, m, c, a, b;\n\nint main() {\n    ios::sync_with_stdio(false);\n    \n    while (scanf("%d %d", &n, &m), n | m) {\n        array<array<pair<int, int>, MAXN>, MAXN> v; // Fixed size array\n        \n        for (int i = 0; i < n; i++) {\n            scanf("%d", &c);\n            for (int j = 0; j < c; j++) {\n                scanf("%d %d", &a, &b);\n                v[i][j] = make_pair(a, b);\n            }\n        }\n\n        // Rest of the code...\n    }\n}')"
2025-01-24 22:48:50,574	[INFO]	0-9     COMPILE_CODE_ERROR    None (--) [1 edit(s)]  
2025-01-24 22:48:50,574	[DEBUG]	patch(0-9)="LineLLMMutation(('source.cpp', 8), '#include <cstdio>\n#include <queue>\n#include <vector>\n#include <algorithm>\n#include <limits>\n\nusing namespace std;\n\nstruct Node {\n    int dist, y, x, z;\n    bool operator>(const Node& other) const {\n        return dist > other.dist; // Min-heap based on dist\n    }\n};\n\nint n, m, c, a, b;\n\nint main() {\n    ios::sync_with_stdio(false);\n    \n    while (scanf("%d %d", &n, &m), n | m) {\n        vector<vector<pair<int, int>>> v(n);\n        \n        for (int i = 0; i < n; i++) {\n            scanf("%d", &c);\n            for (int j = 0; j < c; j++) {\n                scanf("%d %d", &a, &b);\n                v[i].emplace_back(a, b);\n            }\n        }\n\n        vector<vector<vector<int>>> d(n, vector<vector<int>>(v[0].size(), vector<int>(m + 1, INT_MAX)));\n\n        priority_queue<Node, vector<Node>, greater<Node>> que;\n\n        // Rest of the code...\n    }\n}')"
2025-01-24 22:48:51,780	[INFO]	0-10    COMPILE_CODE_ERROR    None (--) [1 edit(s)]  
2025-01-24 22:48:51,780	[DEBUG]	patch(0-10)="LineLLMMutation(('source.cpp', 9), '#include <cstdio>\n#include <queue>\n#include <vector>\n#include <algorithm>\n#include <limits>\n\nusing namespace std;\n\nint n, m, c, a, b;\n\nint main() {\n    ios::sync_with_stdio(false);\n    \n    while (scanf("%d %d", &n, &m), n | m) {\n        vector<vector<pair<int, int>>> v(n);\n        \n        for (int i = 0; i < n; i++) {\n            scanf("%d", &c);\n            for (int j = 0; j < c; j++) {\n                scanf("%d %d", &a, &b);\n                v[i].emplace_back(a, b);\n            }\n        }\n\n        vector<vector<vector<int>>> d(n, vector<vector<int>>(v[0].size(), vector<int>(m + 1, INT_MAX)));\n\n        priority_queue<tuple<int, int, int, int>, vector<tuple<int, int, int, int>>, greater<tuple<int, int, int, int>>> que;\n\n        // Using range-based loops for better readability\n        for (auto& vertex : v) {\n            for (auto& p : vertex) {\n                // Process pairs\n            }\n        }\n    }\n}')"
2025-01-24 22:48:52,780	[INFO]	Step: 10
2025-01-24 22:48:52,782	[INFO]	Stop Steps: 100
2025-01-24 22:48:54,889	[DEBUG]	EXEC>  SUCCESS 2942947.375
2025-01-24 22:48:54,889	[INFO]	REF     SUCCESS               2942947.38 (--) [0 edit(s)]  
2025-01-24 22:48:54,890	[INFO]	Best patch step: None
2025-01-24 22:49:05,284	[INFO]	Step: 10
2025-01-24 22:49:05,284	[INFO]	Stop Steps: 100
2025-01-24 22:49:05,482	[INFO]	1-1     TEST_CODE_ERROR       None (--) [1 edit(s)]  
2025-01-24 22:49:05,482	[DEBUG]	patch(1-1)="LineLLMCrossover(('source.cpp', 0), '#include <cstdio>\n#include <algorithm>\nusing namespace std;\n\nchar str[200005];\nint main() {\n    scanf("%s", str);\n    int ans = 0, a = -1;\n    for(int i = 0; str[i]; i++) {\n        if(str[i] == \'Z\') {\n            if(a != -1)\n                ans = max(ans, i - a);\n        } else if(str[i] == \'A\' && a == -1) {\n            a = i;\n        }\n    }\n    printf("%d\\n", ans + 1);\n    return 0;\n}')"
2025-01-24 22:49:05,482	[INFO]	Step: 11
2025-01-24 22:49:05,482	[INFO]	Stop Steps: 100
2025-01-24 22:49:05,726	[INFO]	1-2     TEST_CODE_ERROR       None (--) [1 edit(s)]  
2025-01-24 22:49:05,727	[DEBUG]	patch(1-2)="LineLLMCrossover(('source.cpp', 1), '#include <cstdio>\n#include <algorithm>\nusing namespace std;\n\nconst int maxn = 200005;\nchar str[maxn];\nint main() {\n    scanf("%s", str);\n    int ans = 0, a = -1;\n    for(int i = 0; str[i]; i++) {\n        if(str[i] == \'Z\') {\n            if(a != -1)\n                ans = max(ans, i - a);\n        } else if(str[i] == \'A\' && a == -1) {\n            a = i;\n        }\n    }\n    printf("%d\\n", ans + 1);\n    return 0;\n}')"
2025-01-24 22:49:05,727	[INFO]	Step: 12
2025-01-24 22:49:05,727	[INFO]	Stop Steps: 100
2025-01-24 22:49:05,913	[INFO]	1-3     TEST_CODE_ERROR       None (--) [1 edit(s)]  
2025-01-24 22:49:05,913	[DEBUG]	patch(1-3)="LineLLMCrossover(('source.cpp', 2), '#include <cstdio>\n#include <algorithm>\nusing namespace std;\n\ntypedef long long li;\nconst int maxn = 1e5;\nint n, a[maxn], b[maxn];\n\nint main(void) {\n    scanf("%d", &n);\n    for (int i = 0; i < n; ++i) {\n        scanf("%d%d", a + i, b + i);\n    }\n    li ans = 0;\n    for (int i = n - 1; i >= 0; --i) {\n        li cur = a[i] + ans;\n        li tar = (cur + b[i] - 1) / b[i] * b[i];\n        ans += tar - cur;\n    }\n    printf("%lld\\n", ans);\n    return 0;\n}')"
2025-01-24 22:49:05,913	[INFO]	Step: 13
2025-01-24 22:49:05,913	[INFO]	Stop Steps: 100
2025-01-24 22:49:06,099	[INFO]	1-4     TEST_CODE_ERROR       None (--) [1 edit(s)]  
2025-01-24 22:49:06,099	[DEBUG]	patch(1-4)="LineLLMCrossover(('source.cpp', 3), '#include <cstdio>\n#include <cstring>\n#include <algorithm>\nusing namespace std;\n\ntypedef long long li;\nconst int maxn = 200005;\nchar str[maxn];\n\nint main() {\n    scanf("%s", str);\n    int ans = 0, a = -1;\n    for(int i = 0; str[i]; i++) {\n        if(str[i] == \'Z\') {\n            if(a != -1)\n                ans = max(ans, i - a);\n        } else if(str[i] == \'A\' && a == -1) {\n            a = i;\n        }\n    }\n    printf("%d\\n", ans + 1);\n    return 0;\n}')"
2025-01-24 22:49:06,099	[INFO]	Step: 14
2025-01-24 22:49:06,099	[INFO]	Stop Steps: 100
2025-01-24 22:49:08,487	[DEBUG]	EXEC>  SUCCESS 3250326.8125
2025-01-24 22:49:08,487	[INFO]	REF     SUCCESS               3250326.81 (--) [0 edit(s)]  
2025-01-24 22:49:08,487	[INFO]	Best patch step: None
2025-01-24 22:49:46,359	[INFO]	~~~~ END ~~~~
2025-01-24 22:49:46,359	[INFO]	Best patch step: None
