2025-01-24 23:40:39,468	[DEBUG]	==== CONFIG ====
[magpie]
import = 
seed = 7408312361409894
log_dir = _magpie_logs
work_dir = _magpie_work
local_original_copy = True
local_original_name = __original__
output_encoding = ascii
edit_retries = 10
default_timeout = 30
default_lengthout = 10000.0
diff_method = unified
trust_local_filesystem = True

[magpie.log]
color_output = True
format_info = {counter:<7} {status:<20} {best}{fitness} ({ratio}) [{size}] {cached} {log}
format_debug = patch({counter})="{patch}"{diffifbest}
format_fitness = {:.2f}
format_ratio = {:.2%%}
format_patchif = 
	 --> {patch}
format_diffif = 
	{diff}

[software]
path = dataset/magpie_dataset/train/0144
target_files = 
	source.cpp
software = BasicSoftware
model_rules = 
	*.params : ParamFileConfigModel
	*.xml : SrcmlModel
	* : LineModel
model_config = 
	*.params : [paramconfig]
	*.xml : [srcml]
init_cmd = 
init_timeout = 60
init_lengthout = -1
setup_cmd = bash setup.sh
setup_timeout = 
setup_lengthout = 
compile_cmd = bash compile.sh
compile_timeout = 
compile_lengthout = 
test_cmd = bash test.sh
test_timeout = 
test_lengthout = 
run_cmd = bash run.sh
run_timeout = 3
run_lengthout = 
batch_timeout = 
batch_lengthout = 
batch_bin_fitness_strategy = aggregate
batch_fitness_strategy = sum
fitness = time

[srcml]
rename = 
	stmt: break continue decl_stmt do expr_stmt for goto if return switch while
	number: literal_number
focus = block stmt operator_comp operator_arith number
internodes = block
process_pseudo_blocks = True
process_literals = True
process_operators = True

[paramconfig]
timing = test run
cli_prefix = --
cli_glue = =
cli_boolean = show
cli_boolean_prefix_true = 
cli_boolean_prefix_false = no-
cli_none = hide
silent_prefix = @
silent_suffix = $

[search]
protocol = BasicProtocol
algorithm = GeneticProgrammingLLM
possible_edits = 
	LineLLMMutation
	LineLLMCrossover
	LineDeletion
	LineInsertion
	LineReplacement
llm_prob = 1.0
warmup = 5
warmup_strategy = last
max_steps = 100
max_time = 20000
target_fitness = 
cache_maxsize = 100
cache_keep = 0.2
batch_instances = 
batch_shuffle = True
batch_bin_shuffle = False
batch_sample_size = 1

[search.ls]
delete_prob = 0.5
max_neighbours = 
when_trapped = continue
accept_fail = False
tabu_length = 10

[search.gp]
pop_size = 10
delete_prob = 0.0
offspring_elitism = 0.2
offspring_crossover = 0.4
offspring_mutation = 0.4
uniform_rate = 0.5
batch_reset = True

[search.minify]
do_cleanup = True
do_rebuild = True
do_simplify = True
round_robin_limit = 3


2025-01-24 23:40:39,468	[DEBUG]	
2025-01-24 23:40:39,468	[INFO]	==== SEARCH: GeneticProgrammingLLM ====
2025-01-24 23:40:39,468	[INFO]	~~~~ WARMUP ~~~~
2025-01-24 23:40:40,847	[DEBUG]	EXEC>  SUCCESS 2725704.5
2025-01-24 23:40:40,848	[INFO]	WARM    SUCCESS               2725704.50 (--) [0 edit(s)]  
2025-01-24 23:40:41,467	[DEBUG]	EXEC>  SUCCESS 2844473.0625
2025-01-24 23:40:41,468	[INFO]	WARM    SUCCESS               2844473.06 (--) [0 edit(s)]  
2025-01-24 23:40:42,090	[DEBUG]	EXEC>  SUCCESS 2956529.5625
2025-01-24 23:40:42,090	[INFO]	WARM    SUCCESS               2956529.56 (--) [0 edit(s)]  
2025-01-24 23:40:42,689	[DEBUG]	EXEC>  SUCCESS 2819635.9375
2025-01-24 23:40:42,689	[INFO]	WARM    SUCCESS               2819635.94 (--) [0 edit(s)]  
2025-01-24 23:40:43,314	[DEBUG]	EXEC>  SUCCESS 2894405.25
2025-01-24 23:40:43,314	[INFO]	WARM    SUCCESS               2894405.25 (--) [0 edit(s)]  
2025-01-24 23:40:43,314	[INFO]	REF     SUCCESS               2894405.25 (--) [0 edit(s)]  
2025-01-24 23:40:43,315	[INFO]	
2025-01-24 23:40:43,315	[INFO]	~~~~ START ~~~~
2025-01-24 23:41:29,122	[INFO]	0-1     COMPILE_CODE_ERROR    None (--) [1 edit(s)]  
2025-01-24 23:41:29,122	[DEBUG]	patch(0-1)="LineLLMMutation(('source.cpp', 0), '#include <cstdio>\n#include <cstring>\n#include <algorithm>\nusing namespace std;\n\nint chain(int idx, int col);\nint model[10002];\nint n;\n\nint main(void) {\n    while (scanf("%d", &n), n) {\n        int mi = n;\n        memset(model, 0, sizeof(model));\n        scanf("%d", &model[0]); // Read first element outside the loop\n\n        for (int i = 1; i < n; i++) {\n            scanf("%d", &model[i]);\n        }\n\n        for (int i = 0; i < n; i++) {\n            for (int j = 1; j <= 3; j++) {\n                mi = min(mi, chain(i, j));\n            }\n        }\n\n        printf("%d\\n", mi);\n    }\n    return 0;\n}')"
2025-01-24 23:41:30,323	[INFO]	0-2     TEST_CODE_ERROR       None (--) [1 edit(s)]  
2025-01-24 23:41:30,323	[DEBUG]	patch(0-2)="LineLLMMutation(('source.cpp', 1), '#include <cstdio>\n#include <cstring>\n#include <algorithm>\nusing namespace std;\n\nint chain(int idx, int col);\nint model[10002];\nint n;\n\nint main(void) {\n    while (scanf("%d", &n), n) {\n        int mi = n;\n        memset(model, 0, sizeof(model));\n        for (int i = 0; i < n; i++) {\n            scanf("%d", &model[i]);\n        }\n\n        for (int i = 0; i < n; i++) {\n            for (int j = 1; j <= 3; j++) {\n                mi = min(mi, chain(i, j));\n            }\n        }\n\n        printf("%d\\n", mi);\n    }\n    return 0;\n}\n\nint chain(int idx, int col) {\n    if (model[idx] == col) return n;\n\n    int cnt = 0, curr = model[idx], currentCount = 1;\n\n    for (int i = 0; i < n; i++) {\n        if (model[i] == curr) currentCount++;\n        else {\n            if (currentCount >= 4) cnt += currentCount - 3; // Count excess\n            curr = model[i];\n            currentCount = 1;\n        }\n    }\n\n    return cnt;\n}')"
2025-01-24 23:41:31,550	[INFO]	0-3     TEST_CODE_ERROR       None (--) [1 edit(s)]  
2025-01-24 23:41:31,550	[DEBUG]	patch(0-3)="LineLLMMutation(('source.cpp', 2), '#include <cstdio>\n#include <cstring>\n#include <algorithm>\nusing namespace std;\n\nint chain(int idx, int col);\nint model[10002];\nint n;\n\nint main(void) {\n    while (scanf("%d", &n), n) {\n        int mi = n;\n        memset(model, 0, sizeof(model));\n        for (int i = 0; i < n; i++) {\n            scanf("%d", &model[i]);\n        }\n\n        for (int i = 0; i < n; i++) {\n            for (int j = 1; j <= 3; j++) {\n                mi = min(mi, chain(i, j));\n            }\n        }\n\n        printf("%d\\n", mi);\n    }\n    return 0;\n}\n\nint chain(int idx, int col) {\n    if (model[idx] == col) return n;\n\n    int count = 0, currentCount = 0;\n    int previous = -1;\n\n    for (int i = 0; i < n; i++) {\n        if (model[i] == col) continue;\n\n        if (model[i] == previous) {\n            currentCount++;\n            if (currentCount >= 4) {\n                count += currentCount - 3; // Count excess\n            }\n        } else {\n            previous = model[i];\n            currentCount = 1;\n        }\n    }\n\n    return count;\n}')"
2025-01-24 23:41:32,662	[INFO]	0-4     COMPILE_CODE_ERROR    None (--) [1 edit(s)]  
2025-01-24 23:41:32,662	[DEBUG]	patch(0-4)="LineLLMMutation(('source.cpp', 3), '#include <cstdio>\n#include <cstring>\n#include <algorithm>\nusing namespace std;\n\nint chain(int idx, int col);\nint model[10002];\nint n;\n\nint main(void) {\n    ios::sync_with_stdio(false);\n    cin.tie(0);\n\n    while (scanf("%d", &n), n) {\n        int mi = n;\n        memset(model, 0, sizeof(model));\n        for (int i = 0; i < n; i++) {\n            scanf("%d", &model[i]);\n        }\n\n        for (int i = 0; i < n; i++) {\n            for (int j = 1; j <= 3; j++) {\n                mi = min(mi, chain(i, j));\n            }\n        }\n\n        printf("%d\\n", mi);\n    }\n    return 0;\n}')"
2025-01-24 23:41:33,871	[INFO]	0-5     TEST_CODE_ERROR       None (--) [1 edit(s)]  
2025-01-24 23:41:33,872	[DEBUG]	patch(0-5)="LineLLMMutation(('source.cpp', 4), '#include <cstdio>\n#include <cstring>\n#include <algorithm>\nusing namespace std;\n\nint chain(int idx, int col);\nint model[10002];\nint n;\n\nint main(void) {\n    while (scanf("%d", &n), n) {\n        int mi = n;\n        memset(model, 0, sizeof(model));\n        for (int i = 0; i < n; i++) {\n            scanf("%d", &model[i]);\n        }\n\n        for (int i = 0; i < n; i++) {\n            for (int j = 1; j <= 3; j++) {\n                mi = min(mi, chain(i, j));\n            }\n        }\n\n        printf("%d\\n", mi);\n    }\n    return 0;\n}\n\nint chain(int idx, int col) {\n    if (model[idx] == col) return n;\n\n    int cnt = 0;\n    for (int i = 0; i < n; i++) {\n        if (model[i] == col) cnt++;\n    }\n\n    return cnt;\n}')"
2025-01-24 23:41:35,000	[INFO]	0-6     COMPILE_CODE_ERROR    None (--) [1 edit(s)]  
2025-01-24 23:41:35,000	[DEBUG]	patch(0-6)="LineLLMMutation(('source.cpp', 5), '#include <cstdio>\n#include <cstring>\n#include <algorithm>\nusing namespace std;\n\nint chain(int idx, int col);\nint model[10002];\nint n;\n\nint main(void) {\n    while (scanf("%d", &n), n) {\n        int mi = n;\n        fill(begin(model), end(model), 0); // Using fill instead of memset\n        for (int i = 0; i < n; i++) {\n            scanf("%d", &model[i]);\n        }\n\n        for (int i = 0; i < n; i++) {\n            for (int j = 1; j <= 3; j++) {\n                mi = min(mi, chain(i, j));\n            }\n        }\n\n        printf("%d\\n", mi);\n    }\n    return 0;\n}\n\nint chain(int idx, int col) {\n    if (model[idx] == col) return n;\n\n    int cnt = 0, curr = model[idx];\n    for (int i = 0; i < n; i++) {\n        if (model[i] == curr) cnt++;\n    }\n\n    return cnt;\n}')"
2025-01-24 23:41:36,319	[INFO]	0-7     TEST_CODE_ERROR       None (--) [1 edit(s)]  
2025-01-24 23:41:36,320	[DEBUG]	patch(0-7)="LineLLMMutation(('source.cpp', 6), '#include <cstdio>\n#include <cstring>\n#include <algorithm>\nusing namespace std;\n\nint chain(int idx, int col);\nint model[10002];\nint n;\n\nint main(void) {\n    while (scanf("%d", &n), n) {\n        int mi = n;\n        memset(model, 0, sizeof(model));\n        for (int i = 0; i < n; i++) {\n            scanf("%d", &model[i]);\n        }\n\n        for (int i = 0; i < n; i++) {\n            for (int j = 1; j <= 3; j++) {\n                mi = min(mi, chain(i, j));\n            }\n        }\n\n        printf("%d\\n", mi);\n    }\n    return 0;\n}\n\nint chain(int idx, int col) {\n    if (model[idx] == col) return n;\n\n    int cnt = 0, lastValue = -1, currentCount = 0;\n\n    for (int i = 0; i < n; i++) {\n        if (model[i] == lastValue) {\n            currentCount++;\n            if (currentCount >= 4) cnt++;\n        } else {\n            lastValue = model[i];\n            currentCount = 1;\n        }\n    }\n\n    return cnt;\n}')"
2025-01-24 23:41:37,557	[INFO]	0-8     TEST_CODE_ERROR       None (--) [1 edit(s)]  
2025-01-24 23:41:37,557	[DEBUG]	patch(0-8)="LineLLMMutation(('source.cpp', 7), '#include <cstdio>\n#include <cstring>\n#include <algorithm>\nusing namespace std;\n\nint chain(int idx, int col);\nint model[10002];\nint n;\n\nint main(void) {\n    while (scanf("%d", &n), n) {\n        int mi = n;\n        memset(model, 0, sizeof(model));\n        for (int i = 0; i < n; i++) {\n            scanf("%d", &model[i]);\n        }\n\n        for (int i = 0; i < n; i++) {\n            for (int j = 1; j <= 3; j++) {\n                mi = min(mi, chain(i, j));\n            }\n        }\n\n        printf("%d\\n", mi);\n    }\n    return 0;\n}\n\nint chain(int idx, int col) {\n    if (model[idx] == col) return n;\n\n    int cnt = 0, lastValue = model[idx], currentCount = 0;\n\n    for (int i = 0; i < n; i++) {\n        if (model[i] != lastValue) {\n            if (currentCount >= 4) cnt += currentCount - 3;\n            lastValue = model[i];\n            currentCount = 1;\n        } else {\n            currentCount++;\n        }\n    }\n\n    return cnt;\n}')"
2025-01-24 23:41:38,837	[INFO]	0-9     TEST_CODE_ERROR       None (--) [1 edit(s)]  
2025-01-24 23:41:38,838	[DEBUG]	patch(0-9)="LineLLMMutation(('source.cpp', 8), '#include <cstdio>\n#include <cstring>\n#include <algorithm>\nusing namespace std;\n\nint chain(int idx, int col);\nint model[10002];\nint n;\n\nint main(void) {\n    while (scanf("%d", &n), n) {\n        int mi = n;\n        memset(model, 0, sizeof(model));\n        for (int i = 0; i < n; i++) {\n            scanf("%d", &model[i]);\n        }\n\n        for (int i = 0; i < n; i++) {\n            for (int j = 1; j <= 3; j++) {\n                mi = min(mi, chain(i, j));\n            }\n        }\n        printf("%d\\n", mi);\n    }\n    return 0;\n}\n\nint chain(int idx, int col) {\n    if (model[idx] == col) return n;\n\n    int cnt = 0, currentCount = 0, currentValue = model[idx];\n\n    for (int i = 0; i < n; i++) {\n        if (model[i] == currentValue) {\n            currentCount++;\n        } else {\n            if (currentCount >= 4) cnt += currentCount - 3;\n            currentValue = model[i];\n            currentCount = 1;\n        }\n    }\n\n    return cnt;\n}')"
2025-01-24 23:41:40,172	[INFO]	0-10    TEST_CODE_ERROR       None (--) [1 edit(s)]  
2025-01-24 23:41:40,172	[DEBUG]	patch(0-10)="LineLLMMutation(('source.cpp', 9), '#include <cstdio>\n#include <cstring>\n#include <algorithm>\nusing namespace std;\n\nint chain(int idx, int col);\nint model[10002];\nint n;\n\nint main(void) {\n    while (scanf("%d", &n), n) {\n        int mi = n;\n        memset(model, 0, sizeof(model));\n        for (int i = 0; i < n; i++) {\n            scanf("%d", &model[i]);\n        }\n\n        for (int i = 0; i < n; i++) {\n            for (int j = 1; j <= 3; j++) {\n                mi = min(mi, chain(i, j));\n            }\n        }\n        printf("%d\\n", mi);\n    }\n    return 0;\n}\n\nint chain(int idx, int col) {\n    if (model[idx] == col) return n;\n\n    int cnt = 0, currentCount = 0, lastValue = model[idx];\n\n    for (int i = 0; i < n; i++) {\n        if (model[i] == lastValue) {\n            currentCount++;\n            if (currentCount == 4) {\n                cnt++; // Increment when 4 or more found\n                currentCount = 0; // Reset count\n            }\n        } else {\n            lastValue = model[i];\n            currentCount = 1;\n        }\n    }\n\n    return cnt;\n}')"
2025-01-24 23:41:41,173	[INFO]	Step: 10
2025-01-24 23:41:41,173	[INFO]	Stop Steps: 100
2025-01-24 23:41:42,968	[DEBUG]	EXEC>  SUCCESS 3302118.6875
2025-01-24 23:41:42,968	[INFO]	REF     SUCCESS               3302118.69 (--) [0 edit(s)]  
2025-01-24 23:41:42,968	[INFO]	Best patch step: None
2025-01-24 23:41:53,884	[INFO]	Step: 10
2025-01-24 23:41:53,885	[INFO]	Stop Steps: 100
2025-01-24 23:41:54,280	[INFO]	1-1     TEST_CODE_ERROR       None (--) [1 edit(s)]  
2025-01-24 23:41:54,281	[DEBUG]	patch(1-1)="LineLLMCrossover(('source.cpp', 0), '#include <iostream>\n#include <vector>\nusing namespace std;\n\nint main() {\n    int n;\n    cin >> n;\n    vector<int> arr(n);\n    int sum = 0;\n    for (int i = 0; i < n; i++) {\n        cin >> arr[i];\n        sum += arr[i];\n    }\n    cout << sum << endl;\n}')"
2025-01-24 23:41:54,281	[INFO]	Step: 11
2025-01-24 23:41:54,281	[INFO]	Stop Steps: 100
2025-01-24 23:41:54,759	[INFO]	1-2     TEST_CODE_ERROR       None (--) [1 edit(s)]  
2025-01-24 23:41:54,759	[DEBUG]	patch(1-2)="LineLLMCrossover(('source.cpp', 1), '#include <algorithm>\n#include <iostream>\n#include <vector>\nusing namespace std;\n\nint main() {\n    int n;\n    cin >> n;\n    vector<int> arr(n);\n    for (int i = 0; i < n; i++) {\n        cin >> arr[i];\n    }\n    sort(arr.begin(), arr.end());\n    // Further processing...\n}')"
2025-01-24 23:41:54,759	[INFO]	Step: 12
2025-01-24 23:41:54,759	[INFO]	Stop Steps: 100
2025-01-24 23:41:55,209	[INFO]	1-3     TEST_CODE_ERROR       None (--) [1 edit(s)]  
2025-01-24 23:41:55,209	[DEBUG]	patch(1-3)="LineLLMCrossover(('source.cpp', 2), '#include <iostream>\n#include <vector>\n#include <numeric>\nusing namespace std;\n\nint main() {\n    int n;\n    cin >> n;\n    vector<int> arr(n);\n    for (int i = 0; i < n; i++) {\n        cin >> arr[i];\n    }\n    int sum = accumulate(arr.begin(), arr.end(), 0);\n    cout << sum << endl;\n}')"
2025-01-24 23:41:55,209	[INFO]	Step: 13
2025-01-24 23:41:55,209	[INFO]	Stop Steps: 100
2025-01-24 23:41:55,719	[INFO]	1-4     TEST_CODE_ERROR       None (--) [1 edit(s)]  
2025-01-24 23:41:55,719	[DEBUG]	patch(1-4)="LineLLMCrossover(('source.cpp', 3), '#include <algorithm>\n#include <iostream>\n#include <vector>\n#include <numeric>\nusing namespace std;\n\nint main() {\n    int n;\n    cin >> n;\n    vector<int> arr(n);\n    for (int i = 0; i < n; i++) {\n        cin >> arr[i];\n    }\n    sort(arr.begin(), arr.end());\n    int sum = accumulate(arr.begin(), arr.end(), 0);\n    cout << sum << endl;\n}')"
2025-01-24 23:41:55,719	[INFO]	Step: 14
2025-01-24 23:41:55,719	[INFO]	Stop Steps: 100
2025-01-24 23:41:57,488	[DEBUG]	EXEC>  SUCCESS 2748585.0
2025-01-24 23:41:57,488	[INFO]	REF     SUCCESS               2748585.00 (--) [0 edit(s)]  
2025-01-24 23:41:57,489	[INFO]	Best patch step: None
2025-01-24 23:42:17,808	[INFO]	Step: 14
2025-01-24 23:42:17,809	[INFO]	Stop Steps: 100
2025-01-24 23:42:18,234	[INFO]	2-5     TEST_CODE_ERROR       None (--) [1 edit(s)]  
2025-01-24 23:42:18,234	[DEBUG]	patch(2-5)="LineLLMCrossover(('source.cpp', 4), "#include <cstdio>\n#include <algorithm>\n#include <iostream>\nusing namespace std;\nchar str[200005];\nint main() {\n    cin >> str; // using cin for input, as in Parent 1\n    int ans = 0, a = -1;\n    for (int i = 0; str[i]; i++) {\n        if (str[i] == 'Z') {\n            if (a != -1)\n                ans = max(ans, i - a);\n        } else if (str[i] == 'A' && a == -1)\n            a = i;\n    }\n    cout << ans + 1 << endl; // output using cout for consistency with Parent 1\n    return 0;\n}")"
2025-01-24 23:42:18,234	[INFO]	Step: 15
2025-01-24 23:42:18,234	[INFO]	Stop Steps: 100
2025-01-24 23:42:18,441	[INFO]	2-6     TEST_CODE_ERROR       None (--) [1 edit(s)]  
2025-01-24 23:42:18,441	[DEBUG]	patch(2-6)="LineLLMCrossover(('source.cpp', 5), '#include <cstdio>\n#include <cstring>\n#include <algorithm>\nusing namespace std;\ntypedef long long ll;\nconst int maxn = 1e5;\nint n, a[maxn], b[maxn];\nint main(void) {\n    scanf("%d", &n); // using scanf for optimized input\n    for (int i = 0; i < n; ++i) {\n        scanf("%d%d", a + i, b + i); // batch reading for efficiency\n    }\n    ll ans = 0;\n    for (int i = n - 1; i >= 0; --i) {\n        ll cur = a[i] + ans;\n        ll tar = (cur + b[i] - 1) / b[i] * b[i];\n        ans += tar - cur;\n    }\n    printf("%lld\\n", ans); // optimized output\n}')"
2025-01-24 23:42:18,442	[INFO]	Step: 16
2025-01-24 23:42:18,442	[INFO]	Stop Steps: 100
2025-01-24 23:42:18,838	[INFO]	2-7     TEST_CODE_ERROR       None (--) [1 edit(s)]  
2025-01-24 23:42:18,838	[DEBUG]	patch(2-7)="LineLLMCrossover(('source.cpp', 6), '#include <cstdio>\n#include <iostream>\nusing namespace std;\nchar str[200005];\nint main() {\n    scanf("%s", str); // optimized input\n    int ans = 0, firstA = -1;\n    for (int i = 0; str[i]; i++) {\n        if (str[i] == \'A\' && firstA == -1) {\n            firstA = i; // store position of first \'A\'\n        }\n        if (str[i] == \'Z\' && firstA != -1) {\n            ans = max(ans, i - firstA); // calculate distance to \'Z\'\n        }\n    }\n    printf("%d\\n", ans + 1); // output result\n    return 0;\n}')"
2025-01-24 23:42:18,838	[INFO]	Step: 17
2025-01-24 23:42:18,838	[INFO]	Stop Steps: 100
2025-01-24 23:42:19,027	[INFO]	2-8     TEST_CODE_ERROR       None (--) [1 edit(s)]  
2025-01-24 23:42:19,027	[DEBUG]	patch(2-8)="LineLLMCrossover(('source.cpp', 7), '#include <cstdio>\n#include <algorithm>\nusing namespace std;\ntypedef long long ll;\nconst int maxn = 1e5;\nint n, a[maxn], b[maxn];\nint main(void) {\n    scanf("%d", &n); // optimized input\n    for (int i = 0; i < n; ++i) {\n        scanf("%d%d", a + i, b + i); // batch reading for efficiency\n    }\n    ll total = 0;\n    for (int i = n - 1; i >= 0; --i) {\n        ll current = a[i] + total;\n        ll target = (current + b[i] - 1) / b[i] * b[i];\n        total += target - current; // calculate total adjustments\n    }\n    printf("%lld\\n", total); // output result\n}')"
2025-01-24 23:42:19,027	[INFO]	Step: 18
2025-01-24 23:42:19,027	[INFO]	Stop Steps: 100
2025-01-24 23:42:20,929	[DEBUG]	EXEC>  SUCCESS 3405073.625
2025-01-24 23:42:20,930	[INFO]	REF     SUCCESS               3405073.62 (--) [0 edit(s)]  
2025-01-24 23:42:20,930	[INFO]	Best patch step: None
2025-01-24 23:42:40,245	[INFO]	Step: 18
2025-01-24 23:42:40,245	[INFO]	Stop Steps: 100
2025-01-24 23:42:40,499	[INFO]	3-9     TEST_CODE_ERROR       None (--) [1 edit(s)]  
2025-01-24 23:42:40,499	[DEBUG]	patch(3-9)="LineLLMCrossover(('source.cpp', 8), '#include <cstdio>\n#include <algorithm>\nusing namespace std;\nchar str[200005];\n\nint main() {\n    scanf("%s", str);\n    int ans = 0;\n    int a = -1;\n    for(int i = 0; str[i]; i++) {\n        if(str[i] == \'Z\') {\n            if(a != -1)\n                ans = max(ans, i - a);\n        } else if(str[i] == \'A\' && a == -1) {\n            a = i;\n        }\n    }\n    printf("%d\\n", ans + 1);\n    return 0;\n}')"
2025-01-24 23:42:40,499	[INFO]	Step: 19
2025-01-24 23:42:40,499	[INFO]	Stop Steps: 100
2025-01-24 23:42:40,685	[INFO]	3-10    TEST_CODE_ERROR       None (--) [1 edit(s)]  
2025-01-24 23:42:40,685	[DEBUG]	patch(3-10)="LineLLMCrossover(('source.cpp', 9), '#include <cstdio>\n#include <algorithm>\nusing namespace std;\ntypedef long long li;\nconst int maxn = 200000;\nint n, a[maxn], b[maxn];\n\nint main(void) {\n    scanf("%d", &n);\n    for (int i = 0; i < n; ++i) {\n        scanf("%d %d", &a[i], &b[i]);\n    }\n    li ans = 0;\n    for (int i = n - 1; i >= 0; --i) {\n        li cur = a[i] + ans;\n        li tar = (cur + b[i] - 1) / b[i] * b[i];\n        ans += tar - cur;\n    }\n    printf("%lld\\n", ans);\n}')"
2025-01-24 23:42:40,685	[INFO]	Step: 20
2025-01-24 23:42:40,685	[INFO]	Stop Steps: 100
2025-01-24 23:42:40,913	[INFO]	3-1     TEST_CODE_ERROR       None (--) [1 edit(s)]  
2025-01-24 23:42:40,916	[DEBUG]	patch(3-1)="LineLLMCrossover(('source.cpp', 10), '#include <cstdio>\n#include <algorithm>\nusing namespace std;\nchar str[200005];\n\nint main() {\n    scanf("%s", str);\n    int ans = 0;\n    int a = -1;\n    for (int i = 0; str[i]; i++) {\n        if (str[i] == \'Z\') {\n            if (a != -1)\n                ans = max(ans, i - a);\n        } else if (str[i] == \'A\' && a == -1) {\n            a = i;\n        }\n    }\n    printf("%d\\n", ans + 1);\n    return 0;\n}')"
2025-01-24 23:42:40,916	[INFO]	Step: 21
2025-01-24 23:42:40,916	[INFO]	Stop Steps: 100
2025-01-24 23:42:41,182	[INFO]	3-2     TEST_CODE_ERROR       None (--) [1 edit(s)]  
2025-01-24 23:42:41,182	[DEBUG]	patch(3-2)="LineLLMCrossover(('source.cpp', 11), '#include <cstdio>\n#include <algorithm>\nusing namespace std;\ntypedef long long li;\nconst int maxn = 200000;\nint n, a[maxn], b[maxn];\n\nint main(void) {\n    scanf("%d", &n);\n    for (int i = 0; i < n; ++i) {\n        scanf("%d %d", a + i, b + i);\n    }\n    li ans = 0;\n    for (int i = n - 1; i >= 0; --i) {\n        li cur = a[i] + ans;\n        li tar = (cur + b[i] - 1) / b[i] * b[i];\n        ans += tar - cur;\n    }\n    printf("%lld\\n", ans);\n}')"
2025-01-24 23:42:41,182	[INFO]	Step: 22
2025-01-24 23:42:41,182	[INFO]	Stop Steps: 100
2025-01-24 23:42:42,962	[DEBUG]	EXEC>  SUCCESS 3064679.375
2025-01-24 23:42:42,962	[INFO]	REF     SUCCESS               3064679.38 (--) [0 edit(s)]  
2025-01-24 23:42:42,962	[INFO]	Best patch step: None
2025-01-24 23:42:56,998	[INFO]	Step: 22
2025-01-24 23:42:56,998	[INFO]	Stop Steps: 100
2025-01-24 23:42:57,178	[INFO]	4-3     TEST_CODE_ERROR       None (--) [1 edit(s)]  
2025-01-24 23:42:57,178	[DEBUG]	patch(4-3)="LineLLMCrossover(('source.cpp', 12), '#include <cstdio>\n#include <algorithm>\nusing namespace std;\nconst int maxn = 1e5;\nint n, a[maxn], b[maxn];\n\nint main(void) {\n    scanf("%d", &n);\n    for (int i = 0; i < n; ++i) {\n        scanf("%d%d", a + i, b + i);\n    }\n    // Further optimized logic can be added here if needed\n    return 0;\n}')"
2025-01-24 23:42:57,179	[INFO]	Step: 23
2025-01-24 23:42:57,179	[INFO]	Stop Steps: 100
2025-01-24 23:42:57,371	[INFO]	4-4     TEST_CODE_ERROR       None (--) [1 edit(s)]  
2025-01-24 23:42:57,371	[DEBUG]	patch(4-4)="LineLLMCrossover(('source.cpp', 13), '#include <cstdio>\n#include <algorithm>\nusing namespace std;\nchar str[200005];\n\nint main() {\n    scanf("%s", str);\n    int ans = 0, a = -1;\n    for (int i = 0; str[i]; i++) {\n        if (str[i] == \'Z\') {\n            if (a != -1)\n                ans = max(ans, i - a);\n        } else if (str[i] == \'A\' && a == -1) {\n            a = i;\n        }\n    }\n    printf("%d\\n", ans + 1);\n    return 0;\n}')"
2025-01-24 23:42:57,372	[INFO]	Step: 24
2025-01-24 23:42:57,372	[INFO]	Stop Steps: 100
2025-01-24 23:42:57,623	[INFO]	4-5     TEST_CODE_ERROR       None (--) [1 edit(s)]  
2025-01-24 23:42:57,624	[DEBUG]	patch(4-5)="LineLLMCrossover(('source.cpp', 14), '#include <cstdio>\n#include <algorithm>\nusing namespace std;\ntypedef long long li;\nconst int maxn = 1e5;\nint n, a[maxn], b[maxn];\n\nint main(void) {\n    scanf("%d", &n);\n    for (int i = 0; i < n; ++i) {\n        scanf("%d%d", a + i, b + i);\n    }\n    li ans = 0;\n    for (int i = n - 1; i >= 0; --i) {\n        li cur = a[i] + ans;\n        li tar = (cur + b[i] - 1) / b[i] * b[i];\n        ans += tar - cur;\n    }\n    printf("%lld\\n", ans);\n    return 0;\n}')"
2025-01-24 23:42:57,624	[INFO]	Step: 25
2025-01-24 23:42:57,624	[INFO]	Stop Steps: 100
2025-01-24 23:42:57,822	[INFO]	4-6     TEST_CODE_ERROR       None (--) [1 edit(s)]  
2025-01-24 23:42:57,822	[DEBUG]	patch(4-6)="LineLLMCrossover(('source.cpp', 15), '#include <cstdio>\n#include <cstring>\n#include <algorithm>\nusing namespace std;\ntypedef long long li;\nconst int maxn = 1e5;\nint n, a[maxn], b[maxn];\n\nint main(void) {\n    scanf("%d", &n);\n    for (int i = 0; i < n; ++i) {\n        scanf("%d%d", a + i, b + i);\n    }\n    li ans = 0;\n    for (int i = 0; i < n; ++i) {\n        // Additional processing logic can be added here\n    }\n    printf("%lld\\n", ans);\n    return 0;\n}')"
2025-01-24 23:42:57,822	[INFO]	Step: 26
2025-01-24 23:42:57,822	[INFO]	Stop Steps: 100
2025-01-24 23:42:59,733	[DEBUG]	EXEC>  SUCCESS 3530482.25
2025-01-24 23:42:59,733	[INFO]	REF     SUCCESS               3530482.25 (--) [0 edit(s)]  
2025-01-24 23:42:59,733	[INFO]	Best patch step: None
2025-01-24 23:43:47,470	[INFO]	Step: 26
2025-01-24 23:43:47,471	[INFO]	Stop Steps: 100
2025-01-24 23:43:47,739	[INFO]	5-7     TEST_CODE_ERROR       None (--) [1 edit(s)]  
2025-01-24 23:43:47,739	[DEBUG]	patch(5-7)="LineLLMCrossover(('source.cpp', 16), '#include <cstdio>\n#include <algorithm>\nusing namespace std;\n\nchar str[200005];\n\nint main() {\n    scanf("%s", str);\n    int ans = 0, a = -1;\n    for (int i = 0; str[i]; i++) {\n        if (str[i] == \'Z\') {\n            if (a != -1)\n                ans = max(ans, i - a);\n        } else if (str[i] == \'A\' && a == -1) {\n            a = i;\n        }\n    }\n    printf("%d\\n", ans + 1);\n    return 0;\n}')"
2025-01-24 23:43:47,739	[INFO]	Step: 27
2025-01-24 23:43:47,739	[INFO]	Stop Steps: 100
2025-01-24 23:43:47,920	[INFO]	5-8     TEST_CODE_ERROR       None (--) [1 edit(s)]  
2025-01-24 23:43:47,920	[DEBUG]	patch(5-8)="LineLLMCrossover(('source.cpp', 17), '#include <cstdio>\n#include <algorithm>\nusing namespace std;\n\ntypedef long long ll;\nconst int maxn = 200000;\nint n;\nll a[maxn], b[maxn];\n\nint main(void) {\n    scanf("%d", &n);\n    for (int i = 0; i < n; ++i) {\n        scanf("%lld%lld", &a[i], &b[i]);\n    }\n    ll ans = 0;\n    for (int i = n - 1; i >= 0; --i) {\n        ll cur = a[i] + ans;\n        ll tar = (cur + b[i] - 1) / b[i] * b[i];\n        ans += tar - cur;\n    }\n    printf("%lld\\n", ans);\n    return 0;\n}')"
2025-01-24 23:43:47,920	[INFO]	Step: 28
2025-01-24 23:43:47,920	[INFO]	Stop Steps: 100
2025-01-24 23:43:48,130	[INFO]	5-9     TEST_CODE_ERROR       None (--) [1 edit(s)]  
2025-01-24 23:43:48,130	[DEBUG]	patch(5-9)="LineLLMCrossover(('source.cpp', 18), '#include <cstdio>\n#include <algorithm>\nusing namespace std;\n\nchar str[200005];\n\nint main() {\n    scanf("%s", str);\n    int ans = 0, firstA = -1;\n    for (int i = 0; str[i]; i++) {\n        if (str[i] == \'A\' && firstA == -1) {\n            firstA = i;\n        } else if (str[i] == \'Z\' && firstA != -1) {\n            ans = max(ans, i - firstA);\n        }\n    }\n    printf("%d\\n", ans + 1);\n    return 0;\n}')"
2025-01-24 23:43:48,130	[INFO]	Step: 29
2025-01-24 23:43:48,130	[INFO]	Stop Steps: 100
2025-01-24 23:43:48,408	[INFO]	5-10    TEST_CODE_ERROR       None (--) [1 edit(s)]  
2025-01-24 23:43:48,408	[DEBUG]	patch(5-10)="LineLLMCrossover(('source.cpp', 19), '#include <cstdio>\n#include <algorithm>\nusing namespace std;\n\ntypedef long long ll;\nconst int maxn = 1e5;\nint n;\nll a[maxn], b[maxn];\n\nint main(void) {\n    scanf("%d", &n);\n    for (int i = 0; i < n; ++i) {\n        scanf("%lld%lld", &a[i], &b[i]);\n    }\n    ll ans = 0;\n    for (int i = n - 1; i >= 0; --i) {\n        ll cur = a[i] + ans;\n        ll tar = (cur + b[i] - 1) / b[i] * b[i];\n        ans += tar - cur;\n    }\n    printf("%lld\\n", ans);\n    return 0;\n}')"
2025-01-24 23:43:48,409	[INFO]	Step: 30
2025-01-24 23:43:48,409	[INFO]	Stop Steps: 100
2025-01-24 23:43:50,143	[DEBUG]	EXEC>  SUCCESS 2611797.3125
2025-01-24 23:43:50,143	[INFO]	REF     SUCCESS               2611797.31 (--) [0 edit(s)]  
2025-01-24 23:43:50,143	[INFO]	Best patch step: None
2025-01-24 23:44:29,105	[INFO]	~~~~ END ~~~~
2025-01-24 23:44:29,106	[INFO]	Best patch step: None
