2025-03-04 13:47:51,852	[DEBUG]	==== CONFIG ====
[magpie]
import = 
seed = 2658593253897924
log_dir = _magpie_logs
work_dir = _magpie_work
local_original_copy = True
local_original_name = __original__
output_encoding = ascii
edit_retries = 10
default_timeout = 100
default_lengthout = 1e6
diff_method = unified
trust_local_filesystem = True
run_timeout = 100

[magpie.log]
color_output = True
format_info = {counter:<7} {status:<20} {best}{fitness} ({ratio}) [{size}] {cached} {log}
format_debug = patch({counter})="{patch}"{diffifbest}
format_fitness = {:.2f}
format_ratio = {:.2%%}
format_patchif = 
	 --> {patch}
format_diffif = 
	{diff}

[software]
path = dataset/minisat
target_files = 
	core/Solver.cc
software = BasicSoftware
model_rules = 
	*.params : ParamFileConfigModel
	*.xml : SrcmlModel
	* : LineModel
model_config = 
	*.params : [paramconfig]
	*.xml : [srcml]
init_cmd = bash init.sh
init_timeout = 60
init_lengthout = -1
setup_cmd = bash compile.sh
setup_timeout = 
setup_lengthout = 
compile_cmd = bash compile.sh
compile_timeout = 
compile_lengthout = 
test_cmd = bash test.sh
test_timeout = 
test_lengthout = 
run_cmd = bash run_fixed.sh
run_timeout = 
run_lengthout = 
batch_timeout = 
batch_lengthout = 
batch_bin_fitness_strategy = aggregate
batch_fitness_strategy = sum
fitness = time
retries = 1

[srcml]
rename = 
	stmt: break continue decl_stmt do expr_stmt for goto if return switch while
	number: literal_number
focus = block stmt operator_comp operator_arith number
internodes = block
process_pseudo_blocks = True
process_literals = True
process_operators = True

[paramconfig]
timing = test run
cli_prefix = --
cli_glue = =
cli_boolean = show
cli_boolean_prefix_true = 
cli_boolean_prefix_false = no-
cli_none = hide
silent_prefix = @
silent_suffix = $

[search]
protocol = BasicProtocol
algorithm = GeneticProgrammingLLM
possible_edits = 
	LineLLMMutation
llm_prob = 1.0
warmup = 3
warmup_strategy = last
max_steps = 10
max_time = 20000
target_fitness = 
cache_maxsize = 100
cache_keep = 0.2
batch_instances = 
batch_shuffle = True
batch_bin_shuffle = False
batch_sample_size = 1

[search.ls]
delete_prob = 0.5
max_neighbours = 
when_trapped = continue
accept_fail = False
tabu_length = 10

[search.gp]
pop_size = 3
delete_prob = 0.0
offspring_elitism = 0.1
offspring_crossover = 0.0
offspring_mutation = 1.0
uniform_rate = 0.5
batch_reset = True
llm_type = baseline

[search.minify]
do_cleanup = True
do_rebuild = True
do_simplify = True
round_robin_limit = 3


2025-03-04 13:47:51,852	[DEBUG]	
2025-03-04 13:47:51,852	[INFO]	==== SEARCH: GeneticProgrammingLLM ====
2025-03-04 13:47:51,852	[INFO]	~~~~ WARMUP ~~~~
2025-03-04 13:48:06,983	[DEBUG]	EXEC>  SUCCESS 0.7328501000000001
2025-03-04 13:48:06,983	[INFO]	WARM    SUCCESS               0.73 (--) [0 edit(s)]  
2025-03-04 13:48:22,421	[DEBUG]	EXEC>  SUCCESS 0.7532209
2025-03-04 13:48:22,445	[INFO]	WARM    SUCCESS               0.75 (--) [0 edit(s)]  
2025-03-04 13:48:37,837	[DEBUG]	EXEC>  SUCCESS 0.7474062000000001
2025-03-04 13:48:37,837	[INFO]	WARM    SUCCESS               0.75 (--) [0 edit(s)]  
2025-03-04 13:48:37,837	[INFO]	REF     SUCCESS               0.75 (--) [0 edit(s)]  
2025-03-04 13:48:37,839	[INFO]	
2025-03-04 13:48:37,839	[INFO]	~~~~ START ~~~~
2025-03-04 13:49:10,795	[INFO]	0-1     COMPILE_CODE_ERROR    None (--) [1 edit(s)]  
2025-03-04 13:49:10,796	[DEBUG]	patch(0-1)="LineLLMMutation(('core/Solver.cc', 0), 'CRef Solver::propagate() {\n    CRef confl = CRef_Undef;\n    int num_props = 0;\n\n    watches.cleanAll();\n\n    for (; qhead < trail.size(); ++qhead) {\n        Lit p = trail[qhead];\n        vec<Watcher>& ws = watches[p];\n        Watcher* i;\n        Watcher* end = ws.end();\n        num_props++;\n\n        for (i = ws.begin(); i != end; ++i) {\n            Lit blocker = i->blocker;\n            if (value(blocker) == l_True) continue;\n\n            CRef cr = i->cref;\n            Clause& c = ca[cr];\n            Lit false_lit = ~p;\n\n            if (c[0] == false_lit) std::swap(c[0], c[1]);\n            Lit first = c[0];\n            if (value(first) == l_True) continue;\n\n            // Look for new watch:\n            bool foundWatch = false;\n            for (int k = 2; k < c.size(); k++) {\n                if (value(c[k]) != l_False) {\n                    std::swap(c[1], c[k]);\n                    watches[~c[1]].push_back(Watcher(cr, c[1]));\n                    foundWatch = true;\n                    break;\n                }\n            }\n\n            if (!foundWatch) {\n                if (value(first) == l_False) {\n                    confl = cr;\n                    qhead = trail.size();\n                    break;\n                } else {\n                    uncheckedEnqueue(first, cr);\n                }\n            }\n        }\n    }\n\n    propagations += num_props;\n    simpDB_props -= num_props;\n\n    return confl;\n}', '448:506')"
2025-03-04 13:49:28,761	[DEBUG]	EXEC>  SUCCESS 0.7499155
2025-03-04 13:49:28,762	[INFO]	0-2     SUCCESS              +0.75 (100.34%) [1 edit(s)]  
2025-03-04 13:49:28,762	[DEBUG]	patch(0-2)="LineLLMMutation(('core/Solver.cc', 1), ', learntsize_factor(1.0 / 3.0), learntsize_inc(1.1)', '70')"
2025-03-04 13:49:46,181	[DEBUG]	EXEC>  SUCCESS 0.72395525
2025-03-04 13:49:46,181	[INFO]	0-3     SUCCESS              *0.72 (96.86%) [1 edit(s)]  
2025-03-04 13:49:46,181	[DEBUG]	patch(0-3)="LineLLMMutation(('core/Solver.cc', 2), 'lbool Solver::search(int nof_conflicts) {\n    assert(ok);\n    int backtrack_level;\n    int conflictC = 0;\n    vec<Lit> learnt_clause;\n    starts++;\n\n    while (true) {\n        CRef confl = propagate();\n        if (confl != CRef_Undef) {\n            conflicts++;\n            conflictC++;\n            if (decisionLevel() == 0) return l_False;\n\n            learnt_clause.clear();\n            analyze(confl, learnt_clause, backtrack_level);\n            cancelUntil(backtrack_level);\n\n            if (learnt_clause.size() == 1) {\n                uncheckedEnqueue(learnt_clause[0]);\n            } else {\n                CRef cr = ca.alloc(learnt_clause, true);\n                learnts.push(cr);\n                attachClause(cr);\n                claBumpActivity(ca[cr]);\n                uncheckedEnqueue(learnt_clause[0], cr);\n            }\n\n            varDecayActivity();\n            claDecayActivity();\n\n            if (--learntsize_adjust_cnt == 0) {\n                learntsize_adjust_confl *= learntsize_adjust_inc;\n                learntsize_adjust_cnt = (int)learntsize_adjust_confl;\n                max_learnts *= learntsize_inc;\n            }\n\n        } else {\n            if (nof_conflicts >= 0 && conflictC >= nof_conflicts) {\n                progress_estimate = progressEstimate();\n                cancelUntil(0);\n                return l_Undef;\n            }\n\n            if (decisionLevel() == 0 && !simplify()) return l_False;\n\n            if (learnts.size() - nAssigns() >= max_learnts) reduceDB();\n\n            Lit next = lit_Undef;\n            while (decisionLevel() < assumptions.size()) {\n                Lit p = assumptions[decisionLevel()];\n                if (value(p) == l_True) {\n                    newDecisionLevel();\n                } else if (value(p) == l_False) {\n                    analyzeFinal(~p, conflict);\n                    return l_False;\n                } else {\n                    next = p;\n                    break;\n                }\n            }\n\n            if (next == lit_Undef) {\n                decisions++;\n                next = pickBranchLit();\n                if (next == lit_Undef) return l_True;\n            }\n\n            newDecisionLevel();\n            uncheckedEnqueue(next);\n        }\n    }\n}', '613:705')"

2025-03-04 13:49:47,182	[INFO]	Step: 3
2025-03-04 13:49:47,182	[INFO]	Stop Steps: 10
2025-03-04 13:50:03,249	[DEBUG]	EXEC>  SUCCESS 0.73541005
2025-03-04 13:50:03,249	[INFO]	REF     SUCCESS               0.74 (--) [0 edit(s)]  
2025-03-04 13:50:03,249	[INFO]	Best patch: 2
2025-03-04 13:50:19,691	[DEBUG]	EXEC>  SUCCESS 0.7244965999999999
2025-03-04 13:50:19,692	[INFO]	BEST    SUCCESS              *0.72 (98.52%) [0 edit(s)]  
2025-03-04 13:50:19,692	[INFO]	Best patch step: 2
2025-03-04 13:50:37,913	[INFO]	Step: 3
2025-03-04 13:50:37,913	[INFO]	Stop Steps: 10
2025-03-04 13:50:38,257	[INFO]	1-1     COMPILE_CODE_ERROR    None (--) [2 edit(s)]  
2025-03-04 13:50:38,257	[DEBUG]	patch(1-1)="LineLLMMutation(('core/Solver.cc', 2), 'lbool Solver::search(int nof_conflicts) {\n    assert(ok);\n    int backtrack_level;\n    int conflictC = 0;\n    vec<Lit> learnt_clause;\n    starts++;\n\n    while (true) {\n        CRef confl = propagate();\n        if (confl != CRef_Undef) {\n            conflicts++;\n            conflictC++;\n            if (decisionLevel() == 0) return l_False;\n\n            learnt_clause.clear();\n            analyze(confl, learnt_clause, backtrack_level);\n            cancelUntil(backtrack_level);\n\n            if (learnt_clause.size() == 1) {\n                uncheckedEnqueue(learnt_clause[0]);\n            } else {\n                CRef cr = ca.alloc(learnt_clause, true);\n                learnts.push(cr);\n                attachClause(cr);\n                claBumpActivity(ca[cr]);\n                uncheckedEnqueue(learnt_clause[0], cr);\n            }\n\n            varDecayActivity();\n            claDecayActivity();\n\n            if (--learntsize_adjust_cnt == 0) {\n                learntsize_adjust_confl *= learntsize_adjust_inc;\n                learntsize_adjust_cnt = (int)learntsize_adjust_confl;\n                max_learnts *= learntsize_inc;\n            }\n\n        } else {\n            if (nof_conflicts >= 0 && conflictC >= nof_conflicts) {\n                progress_estimate = progressEstimate();\n                cancelUntil(0);\n                return l_Undef;\n            }\n\n            if (decisionLevel() == 0 && !simplify()) return l_False;\n\n            if (learnts.size() - nAssigns() >= max_learnts) reduceDB();\n\n            Lit next = lit_Undef;\n            while (decisionLevel() < assumptions.size()) {\n                Lit p = assumptions[decisionLevel()];\n                if (value(p) == l_True) {\n                    newDecisionLevel();\n                } else if (value(p) == l_False) {\n                    analyzeFinal(~p, conflict);\n                    return l_False;\n                } else {\n                    next = p;\n                    break;\n                }\n            }\n\n            if (next == lit_Undef) {\n                decisions++;\n                next = pickBranchLit();\n                if (next == lit_Undef) return l_True;\n            }\n\n            newDecisionLevel();\n            uncheckedEnqueue(next);\n        }\n    }\n}', '613:705') | LineLLMMutation(('core/Solver.cc', 3), "CRef Solver::propagate()\n{\n    CRef confl = CRef_Undef;\n    int num_props = 0;\n    watches.cleanAll();\n\n    while (qhead < trail.size()) {\n        Lit p = trail[qhead++];     // 'p' is enqueued fact to propagate.\n        vec<Watcher>& ws = watches[p];\n        Watcher* i, *j, *end;\n        num_props++;\n\n        for (i = j = (Watcher*)ws, end = i + ws.size(); i != end; i++) {\n            Lit blocker = i->blocker;\n            if (value(blocker) == l_True) {\n                *j++ = *i; continue;\n            }\n\n            CRef cr = i->cref;\n            Clause& c = ca[cr];\n            Lit false_lit = ~p;\n            if (c[0] == false_lit)\n                std::swap(c[0], c[1]);\n            assert(c[1] == false_lit);\n\n            Lit first = c[0];\n            if (value(first) == l_True) {\n                *j++ = *i; continue;\n            }\n\n            for (int k = 2; k < c.size(); k++) {\n                if (value(c[k]) != l_False) {\n                    std::swap(c[1], c[k]);\n                    watches[~c[1]].push(*i);\n                    goto NextClause;\n                }\n            }\n\n            *j++ = *i;\n            if (value(first) == l_False) {\n                confl = cr;\n                qhead = trail.size();\n                while (i != end)\n                    *j++ = *i++;\n            } else {\n                uncheckedEnqueue(first, cr);\n            }\n\n        NextClause:;\n        }\n        ws.shrink(i - j);\n    }\n    propagations += num_props;\n    simpDB_props -= num_props;\n\n    return confl;\n}", '448:505')"
2025-03-04 13:50:38,257	[INFO]	Step: 4
2025-03-04 13:50:38,257	[INFO]	Stop Steps: 10
2025-03-04 13:50:54,432	[DEBUG]	EXEC>  SUCCESS 0.7125648
2025-03-04 13:50:54,433	[INFO]	1-2     SUCCESS              *0.71 (96.89%) [2 edit(s)]  
2025-03-04 13:50:54,433	[DEBUG]	patch(1-2)="LineLLMMutation(('core/Solver.cc', 1), ', learntsize_factor(1.0 / 3.0), learntsize_inc(1.1)', '70') | LineLLMMutation(('core/Solver.cc', 4), 'activity.push(rnd_init_act ? std::rand() * 0.00001 : 0);', '121')"

2025-03-04 13:50:54,433	[INFO]	Step: 5
2025-03-04 13:50:54,433	[INFO]	Stop Steps: 10
2025-03-04 13:50:54,766	[INFO]	1-3     COMPILE_CODE_ERROR    None (--) [1 edit(s)]  
2025-03-04 13:50:54,766	[DEBUG]	patch(1-3)="LineLLMMutation(('core/Solver.cc', 5), 'double progressEstimate() const {\n        double progress = 0;\n        double F = 1.0 / nVars();\n        double current_F = 1.0; // Initialize to F^0\n\n        for (int i = 0; i <= decisionLevel(); i++) {\n            int beg = i == 0 ? 0 : trail_lim[i - 1];\n            int end = i == decisionLevel() ? trail.size() : trail_lim[i];\n            progress += current_F * (end - beg);\n            current_F *= F; // Update F^i to F^(i+1) without calling pow\n        }\n\n        return progress / nVars();\n    }', '709:719')"
2025-03-04 13:50:54,766	[INFO]	Step: 6
2025-03-04 13:50:54,766	[INFO]	Stop Steps: 10
2025-03-04 13:51:10,981	[DEBUG]	EXEC>  SUCCESS 0.74034285
2025-03-04 13:51:10,981	[INFO]	REF     SUCCESS               0.74 (--) [0 edit(s)]  
2025-03-04 13:51:10,981	[INFO]	Best patch: 1_4
2025-03-04 13:51:27,656	[DEBUG]	EXEC>  SUCCESS 0.7189996
2025-03-04 13:51:27,656	[INFO]	BEST    SUCCESS              *0.72 (97.12%) [0 edit(s)]  
2025-03-04 13:51:27,657	[INFO]	Best patch step: 4
2025-03-04 13:51:44,286	[INFO]	Step: 6
2025-03-04 13:51:44,286	[INFO]	Stop Steps: 10
2025-03-04 13:52:01,017	[DEBUG]	EXEC>  SUCCESS 0.7366319
2025-03-04 13:52:01,017	[INFO]	2-1     SUCCESS              +0.74 (99.50%) [3 edit(s)]  
2025-03-04 13:52:01,017	[DEBUG]	patch(2-1)="LineLLMMutation(('core/Solver.cc', 1), ', learntsize_factor(1.0 / 3.0), learntsize_inc(1.1)', '70') | LineLLMMutation(('core/Solver.cc', 4), 'activity.push(rnd_init_act ? std::rand() * 0.00001 : 0);', '121') | LineLLMMutation(('core/Solver.cc', 6), 'activity.push(0);', '121')"
2025-03-04 13:52:01,017	[INFO]	Step: 7
2025-03-04 13:52:01,017	[INFO]	Stop Steps: 10
2025-03-04 13:52:01,635	[INFO]	2-2     COMPILE_CODE_ERROR    None (--) [1 edit(s)]  
2025-03-04 13:52:01,635	[DEBUG]	patch(2-2)="LineLLMMutation(('core/Solver.cc', 7), '#include <cmath>\n#include "mtl/Vec.h"\n#include "utils/Options.h"', '20:23')"
2025-03-04 13:52:01,635	[INFO]	Step: 8
2025-03-04 13:52:01,635	[INFO]	Stop Steps: 10
2025-03-04 13:52:01,981	[INFO]	2-3     COMPILE_CODE_ERROR    None (--) [1 edit(s)]  
2025-03-04 13:52:01,982	[DEBUG]	patch(2-3)="LineLLMMutation(('core/Solver.cc', 8), 'Lit Solver::pickBranchLit()\n{\n    static vec<Var> decision_cache;\n    if (decision_cache.size() != nVars()) {\n        decision_cache.growTo(nVars(), var_Undef);\n    }\n    \n    Var next = var_Undef;\n    if (drand(random_seed) < random_var_freq && !order_heap.empty()){\n        next = order_heap[irand(random_seed,order_heap.size())];\n        if (value(next) == l_Undef && decision[next])\n            rnd_decisions++;\n    }\n    \n    while (next == var_Undef || value(next) != l_Undef || !decision[next]) {\n        if (order_heap.empty()) {\n            next = var_Undef;\n            break;\n        } else {\n            next = order_heap.removeMin();\n            if (decision_cache[next] != var_Undef) {\n                next = decision_cache[next];\n                break;\n            }\n            decision_cache[next] = next;\n        }\n    }\n    \n    return next == var_Undef ? lit_Undef : mkLit(next, rnd_pol ? drand(random_seed) < 0.5 : polarity[next]);\n}', '225:243')"
2025-03-04 13:52:01,982	[INFO]	Step: 9
2025-03-04 13:52:01,982	[INFO]	Stop Steps: 10
2025-03-04 13:52:17,883	[DEBUG]	EXEC>  SUCCESS 0.72752285
2025-03-04 13:52:17,883	[INFO]	REF     SUCCESS               0.73 (--) [0 edit(s)]  
2025-03-04 13:52:17,883	[INFO]	Best patch: 1_4
2025-03-04 13:52:35,350	[DEBUG]	EXEC>  SUCCESS 0.7697798500000002
2025-03-04 13:52:35,350	[INFO]	BEST    SUCCESS               0.77 (105.81%) [0 edit(s)]  
2025-03-04 13:52:35,351	[INFO]	Best patch step: 4
2025-03-04 13:52:46,497	[INFO]	Step: 9
2025-03-04 13:52:46,497	[INFO]	Stop Steps: 10
2025-03-04 13:52:46,915	[INFO]	3-1     COMPILE_CODE_ERROR    None (--) [4 edit(s)]  
2025-03-04 13:52:46,915	[DEBUG]	patch(3-1)="LineLLMMutation(('core/Solver.cc', 1), ', learntsize_factor(1.0 / 3.0), learntsize_inc(1.1)', '70') | LineLLMMutation(('core/Solver.cc', 4), 'activity.push(rnd_init_act ? std::rand() * 0.00001 : 0);', '121') | LineLLMMutation(('core/Solver.cc', 6), 'activity.push(0);', '121') | LineLLMMutation(('core/Solver.cc', 9), 'static double luby(double y, int x){\n    static vector<int> luby_sequence;\n    if (luby_sequence.empty()) {\n        int size, seq;\n        for (size = 1, seq = 0; size <= x; seq++, size = 2*size+1) {\n            for (int i = 0; i < 1 << seq; ++i)\n                luby_sequence.push_back(1 << seq);\n        }\n    }\n    return pow(y, luby_sequence[x]);\n}', '733:748')"
2025-03-04 13:52:46,916	[INFO]	Step: 10
2025-03-04 13:52:46,916	[INFO]	Stop Steps: 10
2025-03-04 13:52:46,916	[INFO]	(Abstract Algorithm) Stopping Condition: step budget
2025-03-04 13:52:46,916	[INFO]	Step: 10
2025-03-04 13:52:46,916	[INFO]	Stop Steps: 10
2025-03-04 13:52:49,002	[INFO]	~~~~ END ~~~~
2025-03-04 13:52:49,002	[INFO]	Best patch step: 4
2025-03-04 13:52:49,002	[INFO]	
2025-03-04 13:52:49,002	[INFO]	==== REPORT ====
2025-03-04 13:52:49,003	[INFO]	Termination: step budget
2025-03-04 13:52:49,003	[INFO]	Log file: /home/luke/magpie/_magpie_logs/minisat_1741096071.log
2025-03-04 13:52:49,003	[INFO]	Patch file: _magpie_logs/minisat_1741096071.patch
2025-03-04 13:52:49,003	[INFO]	Diff file: _magpie_logs/minisat_1741096071.diff
2025-03-04 13:52:49,003	[INFO]	Reference fitness: 0.73
2025-03-04 13:52:49,003	[INFO]	Best fitness: 0.73
2025-03-04 13:52:49,003	[INFO]	
2025-03-04 13:52:49,004	[INFO]	==== BEST PATCH ====
LineLLMMutation(('core/Solver.cc', 1), ', learntsize_factor(1.0 / 3.0), learntsize_inc(1.1)', '70') + LineLLMMutation(('core/Solver.cc', 4), 'activity.push(rnd_init_act ? std::rand() * 0.00001 : 0);', '121')
2025-03-04 13:52:49,004	[INFO]	
2025-03-04 13:52:49,004	[INFO]	==== DIFF ====

