2025-03-05 16:36:37,818	[DEBUG]	==== CONFIG ====
[magpie]
import = 
seed = 6291736711064181
log_dir = _magpie_logs
work_dir = _magpie_work
local_original_copy = True
local_original_name = __original__
output_encoding = ascii
edit_retries = 10
default_timeout = 100
default_lengthout = 1e6
diff_method = unified
trust_local_filesystem = True
run_timeout = 100

[magpie.log]
color_output = True
format_info = {counter:<7} {status:<20} {best}{fitness} ({ratio}) [{size}] {cached} {log}
format_debug = patch({counter})="{patch}"{diffifbest}
format_fitness = {:.2f}
format_ratio = {:.2%%}
format_patchif = 
	 --> {patch}
format_diffif = 
	{diff}

[software]
path = dataset/minisat
target_files = 
	core/Solver.cc
software = BasicSoftware
model_rules = 
	*.params : ParamFileConfigModel
	*.xml : SrcmlModel
	* : LineModel
model_config = 
	*.params : [paramconfig]
	*.xml : [srcml]
init_cmd = bash init.sh
init_timeout = 60
init_lengthout = -1
setup_cmd = bash compile.sh
setup_timeout = 
setup_lengthout = 
compile_cmd = bash compile.sh
compile_timeout = 
compile_lengthout = 
test_cmd = bash test.sh
test_timeout = 
test_lengthout = 
run_cmd = bash run_fixed.sh
run_timeout = 
run_lengthout = 
batch_timeout = 
batch_lengthout = 
batch_bin_fitness_strategy = aggregate
batch_fitness_strategy = sum
fitness = time
retries = 1

[srcml]
rename = 
	stmt: break continue decl_stmt do expr_stmt for goto if return switch while
	number: literal_number
focus = block stmt operator_comp operator_arith number
internodes = block
process_pseudo_blocks = True
process_literals = True
process_operators = True

[paramconfig]
timing = test run
cli_prefix = --
cli_glue = =
cli_boolean = show
cli_boolean_prefix_true = 
cli_boolean_prefix_false = no-
cli_none = hide
silent_prefix = @
silent_suffix = $

[search]
protocol = BasicProtocol
algorithm = GeneticProgrammingLLM
possible_edits = 
	LineLLMMutation
llm_prob = 1.0
warmup = 0
warmup_strategy = last
max_steps = 200
max_time = 20000
target_fitness = 
cache_maxsize = 100
cache_keep = 0.2
batch_instances = 
batch_shuffle = True
batch_bin_shuffle = False
batch_sample_size = 1

[search.ls]
delete_prob = 0.5
max_neighbours = 
when_trapped = continue
accept_fail = False
tabu_length = 10

[search.gp]
pop_size = 1
delete_prob = 0.0
offspring_elitism = 0.1
offspring_crossover = 0.9
offspring_mutation = 0.1
uniform_rate = 0.5
batch_reset = False
llm_type = baseline

[search.minify]
do_cleanup = True
do_rebuild = True
do_simplify = True
round_robin_limit = 3


2025-03-05 16:36:37,819	[DEBUG]	
2025-03-05 16:36:37,819	[INFO]	==== SEARCH: GeneticProgrammingLLM ====
2025-03-05 16:36:37,819	[INFO]	~~~~ WARMUP ~~~~
2025-03-05 16:36:38,174	[DEBUG]	EXEC>  SUCCESS 0.0
2025-03-05 16:36:38,175	[INFO]	WARM    SUCCESS               0.00 (--) [0 edit(s)]  
2025-03-05 16:36:38,175	[INFO]	REF     SUCCESS               0.00 (--) [0 edit(s)]  
2025-03-05 16:36:38,177	[INFO]	
2025-03-05 16:36:38,177	[INFO]	~~~~ START ~~~~
2025-03-05 16:36:51,016	[INFO]	0-1     COMPILE_CODE_ERROR    None (--) [1 edit(s)]  
2025-03-05 16:36:51,016	[DEBUG]	patch(0-1)="LineLLMMutation(('core/Solver.cc', 0), [{'start_line_number': 872, 'start_line_code': '// Garbage Collection methods:', 'end_line_number': 880, 'end_line_code': 'watches.cleanAll();', 'new_code': 'void Solver::relocAll(ClauseAllocator& to)\n{\n    // All watchers:\n    //\n    for (int v = 0; v < nVars(); v++)\n        for (int s = 0; s < 2; s++){\n            Lit p = mkLit(v, s);\n            vec<Watcher>& ws = watches[p];\n            for (int j = 0; j < ws.size(); j++)\n                ca.reloc(ws[j].cref, to);\n        }\n\n    // All reasons:\n    //\n    for (int i = 0; i < trail.size(); i++){\n        Var v = var(trail[i]);\n\n        if (reason(v) != CRef_Undef && (ca[reason(v)].reloced() || locked(ca[reason(v)])))\n            ca.reloc(vardata[v].reason, to);\n    }\n\n    // All learnt:\n    //\n    for (int i = 0; i < learnts.size(); i++)\n        ca.reloc(learnts[i], to);\n\n    // All original:\n    //\n    for (int i = 0; i < clauses.size(); i++)\n        ca.reloc(clauses[i], to);\n}'}])"
2025-03-05 16:36:52,017	[INFO]	Step: 1
2025-03-05 16:36:52,017	[INFO]	Stop Steps: 200
2025-03-05 16:37:08,559	[INFO]	Step: 1
2025-03-05 16:37:08,559	[INFO]	Stop Steps: 200
2025-03-05 16:37:10,367	[DEBUG]	EXEC>  SUCCESS 0.00189
2025-03-05 16:37:10,367	[INFO]	~~~~ END ~~~~
2025-03-05 16:37:10,367	[INFO]	Best patch step: None
