2025-03-04 14:11:34,736	[DEBUG]	==== CONFIG ====
[magpie]
import = 
seed = 971144421734969
log_dir = _magpie_logs
work_dir = _magpie_work
local_original_copy = True
local_original_name = __original__
output_encoding = ascii
edit_retries = 10
default_timeout = 100
default_lengthout = 1e6
diff_method = unified
trust_local_filesystem = True
run_timeout = 100

[magpie.log]
color_output = True
format_info = {counter:<7} {status:<20} {best}{fitness} ({ratio}) [{size}] {cached} {log}
format_debug = patch({counter})="{patch}"{diffifbest}
format_fitness = {:.2f}
format_ratio = {:.2%%}
format_patchif = 
	 --> {patch}
format_diffif = 
	{diff}

[software]
path = dataset/minisat
target_files = 
	core/Solver.cc
software = BasicSoftware
model_rules = 
	*.params : ParamFileConfigModel
	*.xml : SrcmlModel
	* : LineModel
model_config = 
	*.params : [paramconfig]
	*.xml : [srcml]
init_cmd = bash init.sh
init_timeout = 60
init_lengthout = -1
setup_cmd = bash compile.sh
setup_timeout = 
setup_lengthout = 
compile_cmd = bash compile.sh
compile_timeout = 
compile_lengthout = 
test_cmd = bash test.sh
test_timeout = 
test_lengthout = 
run_cmd = bash run_fixed.sh
run_timeout = 
run_lengthout = 
batch_timeout = 
batch_lengthout = 
batch_bin_fitness_strategy = aggregate
batch_fitness_strategy = sum
fitness = time
retries = 1

[srcml]
rename = 
	stmt: break continue decl_stmt do expr_stmt for goto if return switch while
	number: literal_number
focus = block stmt operator_comp operator_arith number
internodes = block
process_pseudo_blocks = True
process_literals = True
process_operators = True

[paramconfig]
timing = test run
cli_prefix = --
cli_glue = =
cli_boolean = show
cli_boolean_prefix_true = 
cli_boolean_prefix_false = no-
cli_none = hide
silent_prefix = @
silent_suffix = $

[search]
protocol = BasicProtocol
algorithm = GeneticProgrammingLLM
possible_edits = 
	LineLLMMutation
llm_prob = 1.0
warmup = 1
warmup_strategy = last
max_steps = 10
max_time = 20000
target_fitness = 
cache_maxsize = 100
cache_keep = 0.2
batch_instances = 
batch_shuffle = True
batch_bin_shuffle = False
batch_sample_size = 1

[search.ls]
delete_prob = 0.5
max_neighbours = 
when_trapped = continue
accept_fail = False
tabu_length = 10

[search.gp]
pop_size = 3
delete_prob = 0.0
offspring_elitism = 0.1
offspring_crossover = 0.0
offspring_mutation = 1.0
uniform_rate = 0.5
batch_reset = False
llm_type = baseline

[search.minify]
do_cleanup = True
do_rebuild = True
do_simplify = True
round_robin_limit = 3


2025-03-04 14:11:34,737	[DEBUG]	
2025-03-04 14:11:34,737	[INFO]	==== SEARCH: GeneticProgrammingLLM ====
2025-03-04 14:11:34,737	[INFO]	~~~~ WARMUP ~~~~
2025-03-04 14:11:40,749	[DEBUG]	EXEC>  SUCCESS 0.5590369
2025-03-04 14:11:40,749	[INFO]	WARM    SUCCESS               0.56 (--) [0 edit(s)]  
2025-03-04 14:11:40,749	[INFO]	REF     SUCCESS               0.56 (--) [0 edit(s)]  
2025-03-04 14:11:40,752	[INFO]	
2025-03-04 14:11:40,752	[INFO]	~~~~ START ~~~~
2025-03-04 14:11:53,598	[INFO]	0-1     COMPILE_CODE_ERROR    None (--) [1 edit(s)]  
2025-03-04 14:11:53,598	[DEBUG]	patch(0-1)="LineLLMMutation(('core/Solver.cc', 0), '#include <cmath>\n#include "Sort.h"\n#include "Solver.h"', '20:23')"
2025-03-04 14:11:54,931	[INFO]	0-2     COMPILE_CODE_ERROR    None (--) [1 edit(s)]  
2025-03-04 14:11:54,932	[DEBUG]	patch(0-2)="LineLLMMutation(('core/Solver.cc', 1), 'bool Solver::addClause_(vec<Lit>& ps)\n{\n    assert(decisionLevel() == 0);\n    if (!ok) return false;\n\n    sort(ps);\n    Lit p = lit_Undef;\n    auto j = ps.begin();\n    for (auto i = ps.begin(); i != ps.end(); i++) {\n        if (value(*i) == l_True || *i == ~p)\n            return true;\n        else if (value(*i) != l_False && *i != p)\n            *j++ = p = *i;\n    }\n    ps.resize(j - ps.begin());\n\n    if (ps.empty())\n        return ok = false;\n    else if (ps.size() == 1) {\n        uncheckedEnqueue(ps[0]);\n        return ok = (propagate() == CRef_Undef);\n    } else {\n        CRef cr = ca.alloc(ps, false);\n        clauses.push(cr);\n        attachClause(cr);\n    }\n\n    return true;\n}', '131:153')"
2025-03-04 14:11:58,861	[INFO]	0-3     COMPILE_CODE_ERROR    None (--) [1 edit(s)]  
2025-03-04 14:11:58,861	[DEBUG]	patch(0-3)="LineLLMMutation(('core/Solver.cc', 2), '#include <execution>\n#include <algorithm>\n\nvoid Solver::reduceDB()\n{\n    int     i, j;\n    double  extra_lim = cla_inc / learnts.size();\n\n    std::sort(std::execution::par, learnts.begin(), learnts.end(), reduceDB_lt(ca));\n\n    for (i = j = 0; i < learnts.size(); i++){\n        Clause& c = ca[learnts[i]];\n        if (c.size() > 2 && !locked(c) && (i < learnts.size() / 2 || c.activity() < extra_lim))\n            removeClause(learnts[i]);\n        else\n            learnts[j++] = learnts[i];\n    }\n    learnts.shrink(i - j);\n    checkGarbage();\n}', '510:539')"
2025-03-04 14:11:59,861	[INFO]	Step: 3
2025-03-04 14:11:59,861	[INFO]	Stop Steps: 10
2025-03-04 14:12:10,165	[INFO]	Step: 3
2025-03-04 14:12:10,165	[INFO]	Stop Steps: 10
2025-03-04 14:12:17,319	[DEBUG]	EXEC>  SUCCESS 0.5264055
2025-03-04 14:12:17,320	[INFO]	1-1     SUCCESS              *0.53 (94.16%) [1 edit(s)]  
2025-03-04 14:12:17,320	[DEBUG]	patch(1-1)="LineLLMMutation(('core/Solver.cc', 3), 'CRef confl = CRef_Undef;\nint num_props = 0;', '450:452')"

2025-03-04 14:12:17,320	[INFO]	Step: 4
2025-03-04 14:12:17,320	[INFO]	Stop Steps: 10
2025-03-04 14:12:17,854	[INFO]	1-2     COMPILE_CODE_ERROR    None (--) [1 edit(s)]  
2025-03-04 14:12:17,854	[DEBUG]	patch(1-2)="LineLLMMutation(('core/Solver.cc', 4), 'for (i = j = 0; i < learnts.size(); i++){\n    Clause& c = ca[learnts[i]];\n    if (c.size() > 2 && !locked(c) && (c.activity() < extra_lim))\n        removeClause(learnts[i]);\n    else\n        learnts[j++] = learnts[i];\n}', '531:534')"
2025-03-04 14:12:17,854	[INFO]	Step: 5
2025-03-04 14:12:17,854	[INFO]	Stop Steps: 10
2025-03-04 14:12:18,383	[INFO]	1-3     COMPILE_CODE_ERROR    None (--) [1 edit(s)]  
2025-03-04 14:12:18,383	[DEBUG]	patch(1-3)="LineLLMMutation(('core/Solver.cc', 5), 'if (!ok || propagate() != CRef_Undef)\n    return ok = false;\n\nif (nAssigns() != simpDB_assigns && simpDB_props <= 0) {\n    for (int i = 0; i < clauses.size(); i++) {\n        Clause& c = ca[clauses[i]];\n        if (satisfied(c))\n            removeClause(clauses[i]);\n        else if (remove_satisfied)\n            clauses[j++] = clauses[i];\n    }\n    clauses.shrink(clauses.size() - j);\n    rebuildOrderHeap();\n    simpDB_assigns = nAssigns();\n    simpDB_props = clauses_literals + learnts_literals;\n}\nreturn true;', '578:592')"
2025-03-04 14:12:18,383	[INFO]	Step: 6
2025-03-04 14:12:18,383	[INFO]	Stop Steps: 10
2025-03-04 14:12:25,375	[INFO]	~~~~ END ~~~~
2025-03-04 14:12:25,375	[INFO]	Best patch step: 3
2025-03-04 14:12:25,375	[INFO]	
2025-03-04 14:12:25,375	[INFO]	==== REPORT ====
2025-03-04 14:12:25,375	[INFO]	Termination: keyboard interrupt
2025-03-04 14:12:25,375	[INFO]	Log file: /home/luke/magpie/_magpie_logs/minisat_1741097494.log
2025-03-04 14:12:25,375	[INFO]	Patch file: _magpie_logs/minisat_1741097494.patch
2025-03-04 14:12:25,375	[INFO]	Diff file: _magpie_logs/minisat_1741097494.diff
2025-03-04 14:12:25,375	[INFO]	Reference fitness: 0.56
2025-03-04 14:12:25,376	[INFO]	Best fitness: 0.53
2025-03-04 14:12:25,376	[INFO]	
2025-03-04 14:12:25,376	[INFO]	==== BEST PATCH ====
LineLLMMutation(('core/Solver.cc', 3), 'CRef confl = CRef_Undef;\nint num_props = 0;', '450:452')
2025-03-04 14:12:25,377	[INFO]	
2025-03-04 14:12:25,377	[INFO]	==== DIFF ====

