2025-03-05 13:19:53,782	[DEBUG]	==== CONFIG ====
[magpie]
import = 
seed = 2475308623293788
log_dir = _magpie_logs
work_dir = _magpie_work
local_original_copy = True
local_original_name = __original__
output_encoding = ascii
edit_retries = 10
default_timeout = 100
default_lengthout = 1e6
diff_method = unified
trust_local_filesystem = True
run_timeout = 100

[magpie.log]
color_output = True
format_info = {counter:<7} {status:<20} {best}{fitness} ({ratio}) [{size}] {cached} {log}
format_debug = patch({counter})="{patch}"{diffifbest}
format_fitness = {:.2f}
format_ratio = {:.2%%}
format_patchif = 
	 --> {patch}
format_diffif = 
	{diff}

[software]
path = dataset/minisat
target_files = 
	core/Solver.cc
software = BasicSoftware
model_rules = 
	*.params : ParamFileConfigModel
	*.xml : SrcmlModel
	* : LineModel
model_config = 
	*.params : [paramconfig]
	*.xml : [srcml]
init_cmd = bash init.sh
init_timeout = 60
init_lengthout = -1
setup_cmd = bash compile.sh
setup_timeout = 
setup_lengthout = 
compile_cmd = bash compile.sh
compile_timeout = 
compile_lengthout = 
test_cmd = bash test.sh
test_timeout = 
test_lengthout = 
run_cmd = bash run_fixed.sh
run_timeout = 
run_lengthout = 
batch_timeout = 
batch_lengthout = 
batch_bin_fitness_strategy = aggregate
batch_fitness_strategy = sum
fitness = time
retries = 1

[srcml]
rename = 
	stmt: break continue decl_stmt do expr_stmt for goto if return switch while
	number: literal_number
focus = block stmt operator_comp operator_arith number
internodes = block
process_pseudo_blocks = True
process_literals = True
process_operators = True

[paramconfig]
timing = test run
cli_prefix = --
cli_glue = =
cli_boolean = show
cli_boolean_prefix_true = 
cli_boolean_prefix_false = no-
cli_none = hide
silent_prefix = @
silent_suffix = $

[search]
protocol = BasicProtocol
algorithm = GeneticProgrammingLLM
possible_edits = 
	LineLLMMutation
llm_prob = 1.0
warmup = 3
warmup_strategy = last
max_steps = 200
max_time = 20000
target_fitness = 
cache_maxsize = 100
cache_keep = 0.2
batch_instances = 
batch_shuffle = True
batch_bin_shuffle = False
batch_sample_size = 1

[search.ls]
delete_prob = 0.5
max_neighbours = 
when_trapped = continue
accept_fail = False
tabu_length = 10

[search.gp]
pop_size = 20
delete_prob = 0.0
offspring_elitism = 0.1
offspring_crossover = 0.0
offspring_mutation = 1.0
uniform_rate = 0.5
batch_reset = False
llm_type = baseline

[search.minify]
do_cleanup = True
do_rebuild = True
do_simplify = True
round_robin_limit = 3


2025-03-05 13:19:53,782	[DEBUG]	
2025-03-05 13:19:53,782	[INFO]	==== SEARCH: GeneticProgrammingLLM ====
2025-03-05 13:19:53,782	[INFO]	~~~~ WARMUP ~~~~
2025-03-05 13:19:59,271	[DEBUG]	EXEC>  SUCCESS 0.5113475000000001
2025-03-05 13:19:59,271	[INFO]	WARM    SUCCESS               0.51 (--) [0 edit(s)]  
2025-03-05 13:20:04,620	[DEBUG]	EXEC>  SUCCESS 0.5105900999999999
2025-03-05 13:20:04,620	[INFO]	WARM    SUCCESS               0.51 (--) [0 edit(s)]  
2025-03-05 13:20:09,973	[DEBUG]	EXEC>  SUCCESS 0.5112628
2025-03-05 13:20:09,973	[INFO]	WARM    SUCCESS               0.51 (--) [0 edit(s)]  
2025-03-05 13:20:09,973	[INFO]	REF     SUCCESS               0.51 (--) [0 edit(s)]  
2025-03-05 13:20:09,975	[INFO]	
2025-03-05 13:20:09,975	[INFO]	~~~~ START ~~~~
2025-03-05 13:21:52,001	[DEBUG]	EXEC>  SUCCESS 0.5272962000000001
2025-03-05 13:21:52,002	[INFO]	0-1     SUCCESS              +0.53 (103.14%) [1 edit(s)]  
2025-03-05 13:21:52,002	[DEBUG]	patch(0-1)="LineLLMMutation(('core/Solver.cc', 0), [{'start_line_number': 20, 'start_line_code': '#include <math.h>', 'end_line_number': 20, 'end_line_code': '#include <math.h>', 'new_code': '// Removed unnecessary math header as math functions are not used'}])"
2025-03-05 13:21:53,333	[INFO]	0-2     COMPILE_CODE_ERROR    None (--) [1 edit(s)]  
2025-03-05 13:21:53,333	[DEBUG]	patch(0-2)="LineLLMMutation(('core/Solver.cc', 1), [{'start_line_number': 454, 'start_line_code': 'while (qhead < trail.size()){', 'end_line_number': 502, 'end_line_code': 'ws.shrink(i - j);', 'new_code': 'while (qhead < trail.size()){\n    Lit p = trail[qhead++]; \n    vec<Watcher>& ws = watches[p];\n    Watcher* i = (Watcher*)ws;\n    Watcher* end = i + ws.size();\n    num_props++;\n\n    for (Watcher* j = i; i != end;){\n        // Try to avoid inspecting the clause:\n        Lit blocker = i->blocker;\n        if (value(blocker) == l_True){\n            *j++ = *i++; continue;\n        }\n\n        // Make sure the false literal is data[1]:\n        CRef cr = i->cref;\n        Clause& c = ca[cr];\n        Lit false_lit = ~p;\n        if (c[0] == false_lit) std::swap(c[0], c[1]);\n        assert(c[1] == false_lit);\n        i++;\n\n        // If 0th watch is true, then clause is already satisfied.\n        Lit first = c[0];\n        if (first != blocker && value(first) == l_True){\n            *j++ = Watcher(cr, first); continue;\n        }\n\n        // Look for new watch:\n        for (int k = 2; k < c.size(); k++){\n            if (value(c[k]) != l_False){\n                c[1] = c[k]; c[k] = false_lit;\n                watches[~c[1]].push(Watcher(cr, first));\n                goto NextClause;\n            }\n        }\n\n        // Did not find watch -- clause is unit under assignment:\n        *j++ = Watcher(cr, first);\n        if (value(first) == l_False){\n            confl = cr;\n            qhead = trail.size();\n            while (i < end) *j++ = *i++;\n        } else\n            uncheckedEnqueue(first, cr);\n\n    NextClause:;\n    }\n    ws.shrink(i - j);\n}'}])"
2025-03-05 13:22:01,395	[DEBUG]	EXEC>  SUCCESS 0.5238508000000001
2025-03-05 13:22:01,395	[INFO]	0-3     SUCCESS              +0.52 (102.46%) [1 edit(s)]  
2025-03-05 13:22:01,395	[DEBUG]	patch(0-3)="LineLLMMutation(('core/Solver.cc', 2), [{'start_line_number': 432, 'start_line_code': 'vardata[var(p)] = mkVarData(from, decisionLevel());', 'end_line_number': 432, 'end_line_code': 'vardata[var(p)] = mkVarData(from, decisionLevel());', 'new_code': 'vardata[var(p)] = VarData{from, decisionLevel()};'}])"
2025-03-05 13:22:02,722	[INFO]	0-4     COMPILE_CODE_ERROR    None (--) [1 edit(s)]  
2025-03-05 13:22:02,722	[DEBUG]	patch(0-4)="LineLLMMutation(('core/Solver.cc', 3), [{'start_line_number': 432, 'start_line_code': 'vardata[var(p)] = mkVarData(from, decisionLevel());', 'end_line_number': 432, 'end_line_code': 'vardata[var(p)] = mkVarData(from, decisionLevel());', 'new_code': '#define MKVARDATA(from, level) VarData{from, level}\nvardata[var(p)] = MKVARDATA(from, decisionLevel());'}])"
2025-03-05 13:22:04,055	[INFO]	0-5     COMPILE_CODE_ERROR    None (--) [1 edit(s)]  
2025-03-05 13:22:04,055	[DEBUG]	patch(0-5)="LineLLMMutation(('core/Solver.cc', 4), [{'start_line_number': 89, 'start_line_code': ', order_heap         (VarOrderLt(activity))', 'end_line_number': 89, 'end_line_code': ', order_heap         (VarOrderLt(activity))', 'new_code': ', order_map         ()'}, {'start_line_number': 561, 'start_line_code': 'order_heap.build(vs);', 'end_line_number': 564, 'end_line_code': 'vs.push(v);', 'new_code': 'for (Var v : vs) order_map[v] = true;'}])"
2025-03-05 13:22:05,378	[INFO]	0-6     COMPILE_CODE_ERROR    None (--) [1 edit(s)]  
2025-03-05 13:22:05,378	[DEBUG]	patch(0-6)="LineLLMMutation(('core/Solver.cc', 5), [{'start_line_number': 335, 'start_line_code': 'tot_literals += out_learnt.size();', 'end_line_number': 335, 'end_line_code': 'tot_literals += out_learnt.size();', 'new_code': 'tot_literals += std::accumulate(out_learnt.begin(), out_learnt.end(), 0);'}])"
2025-03-05 13:22:13,592	[DEBUG]	EXEC>  SUCCESS 0.5380350999999999
2025-03-05 13:22:13,592	[INFO]	0-7     SUCCESS               0.54 (105.24%) [1 edit(s)]  
2025-03-05 13:22:13,592	[DEBUG]	patch(0-7)="LineLLMMutation(('core/Solver.cc', 6), [{'start_line_number': 471, 'start_line_code': 'c[0] = c[1], c[1] = false_lit;', 'end_line_number': 471, 'end_line_code': 'c[0] = c[1], c[1] = false_lit;', 'new_code': 'std::swap(c[0], c[1]);'}])"
2025-03-05 13:22:14,914	[INFO]	0-8     COMPILE_CODE_ERROR    None (--) [1 edit(s)]  
2025-03-05 13:22:14,914	[DEBUG]	patch(0-8)="LineLLMMutation(('core/Solver.cc', 7), [{'start_line_number': 525, 'start_line_code': 'int i, j;', 'end_line_number': 539, 'end_line_code': 'checkGarbage();', 'new_code': '#pragma omp parallel for\nfor (int i = 0; i < learnts.size(); i++){\n    Clause& c = ca[learnts[i]];\n    if (c.size() > 2 && !locked(c) && (i < learnts.size() / 2 || c.activity() < extra_lim))\n        removeClause(learnts[i]);\n    else\n        learnts[j++] = learnts[i];\n}\nlearnts.shrink(i - j);\ncheckGarbage();'}])"
2025-03-05 13:22:16,236	[INFO]	0-9     COMPILE_CODE_ERROR    None (--) [1 edit(s)]  
2025-03-05 13:22:16,236	[DEBUG]	patch(0-9)="LineLLMMutation(('core/Solver.cc', 8), [{'start_line_number': 268, 'start_line_code': 'do{', 'end_line_number': 300, 'end_line_code': 'pathC--;', 'new_code': 'out_learnt.reserve(trail.size());\ndo{\n    assert(confl != CRef_Undef);\n    Clause& c = ca[confl];\n\n    if (c.learnt()) claBumpActivity(c);\n\n    for (int j = (p == lit_Undef) ? 0 : 1; j < c.size(); j++){\n        Lit q = c[j];\n        if (!seen[var(q)] && level(var(q)) > 0){\n            varBumpActivity(var(q));\n            seen[var(q)] = 1;\n            if (level(var(q)) >= decisionLevel()) pathC++;\n            else out_learnt.push(q);\n        }\n    }\n\n    while (!seen[var(trail[index--])]);\n    p = trail[index+1];\n    confl = reason(var(p));\n    seen[var(p)] = 0;\n    pathC--;\n\n} while (pathC > 0);\nout_learnt[0] = ~p;'}])"
2025-03-05 13:22:17,576	[INFO]	0-10    COMPILE_CODE_ERROR    None (--) [1 edit(s)]  
2025-03-05 13:22:17,576	[DEBUG]	patch(0-10)="LineLLMMutation(('core/Solver.cc', 9), [{'start_line_number': 31, 'start_line_code': 'static const char* _cat = "CORE";', 'end_line_number': 31, 'end_line_code': 'static const char* _cat = "CORE";', 'new_code': '// Removed unused variable _cat'}])"
2025-03-05 13:22:18,900	[INFO]	0-11    COMPILE_CODE_ERROR    None (--) [1 edit(s)]  
2025-03-05 13:22:18,900	[DEBUG]	patch(0-11)="LineLLMMutation(('core/Solver.cc', 10), [{'start_line_number': 50, 'start_line_code': 'Solver::Solver() :', 'end_line_number': 98, 'end_line_code': '{}', 'new_code': 'Solver::Solver() : \n    verbosity(0), \n    var_decay(opt_var_decay), \n    // ... other initializations ...\n    asynch_interrupt(false)\n{\n    trail = std::make_unique<std::vector<Lit>>();\n    // ... other allocations ...\n}'}])"
2025-03-05 13:22:20,222	[INFO]	0-12    COMPILE_CODE_ERROR    None (--) [1 edit(s)]  
2025-03-05 13:22:20,222	[DEBUG]	patch(0-12)="LineLLMMutation(('core/Solver.cc', 11), [{'start_line_number': 263, 'start_line_code': 'void Solver::analyze(CRef confl, vec<Lit>& out_learnt, int& out_btlevel)', 'end_line_number': 356, 'end_line_code': 'seen[var(analyze_toclear[j])] = 0;', 'new_code': 'void Solver::analyze(CRef confl, vec<Lit>&& out_learnt, int& out_btlevel)\n{\n    int pathC = 0;\n    Lit p = lit_Undef;\n    out_learnt.push(); \n    int index = trail.size() - 1;\n    // ... rest of the code ...\n}'}])"
2025-03-05 13:22:28,324	[DEBUG]	EXEC>  SUCCESS 0.527493
2025-03-05 13:22:28,325	[INFO]	0-13    SUCCESS               0.53 (103.17%) [1 edit(s)]  
2025-03-05 13:22:28,325	[DEBUG]	patch(0-13)="LineLLMMutation(('core/Solver.cc', 12), [{'start_line_number': 212, 'start_line_code': 'if (phase_saving > 1 || (phase_saving == 1) && c > trail_lim.last())', 'end_line_number': 212, 'end_line_code': 'if (phase_saving > 1 || (phase_saving == 1) && c > trail_lim.last())', 'new_code': 'if ((phase_saving > 1) || ((phase_saving == 1) && (c > trail_lim.last())))'}])"
2025-03-05 13:22:29,657	[INFO]	0-14    COMPILE_CODE_ERROR    None (--) [1 edit(s)]  
2025-03-05 13:22:29,657	[DEBUG]	patch(0-14)="LineLLMMutation(('core/Solver.cc', 13), [{'start_line_number': 113, 'start_line_code': 'Var Solver::newVar(bool sign, bool dvar)', 'end_line_number': 128, 'end_line_code': 'return v;', 'new_code': 'inline Var Solver::newVar(bool sign, bool dvar)\n{\n    int v = nVars();\n    // ... rest of the code ...\n    return v;\n}'}])"
2025-03-05 13:22:30,984	[INFO]	0-15    COMPILE_CODE_ERROR    None (--) [1 edit(s)]  
2025-03-05 13:22:30,984	[DEBUG]	patch(0-15)="LineLLMMutation(('core/Solver.cc', 14), [{'start_line_number': 101, 'start_line_code': 'Solver::~Solver()', 'end_line_number': 103, 'end_line_code': '{}', 'new_code': 'Solver::~Solver() noexcept\n{\n}'}])"
2025-03-05 13:22:32,310	[INFO]	0-16    COMPILE_CODE_ERROR    None (--) [1 edit(s)]  
2025-03-05 13:22:32,310	[DEBUG]	patch(0-16)="LineLLMMutation(('core/Solver.cc', 15), [{'start_line_number': 558, 'start_line_code': 'vec<Var> vs;', 'end_line_number': 558, 'end_line_code': 'vec<Var> vs;', 'new_code': 'vec<Var> vs;\nvs.reserve(nVars());'}])"
2025-03-05 13:22:40,305	[DEBUG]	EXEC>  SUCCESS 0.5158098
2025-03-05 13:22:40,306	[INFO]	0-17    SUCCESS              +0.52 (100.89%) [1 edit(s)]  
2025-03-05 13:22:40,306	[DEBUG]	patch(0-17)="LineLLMMutation(('core/Solver.cc', 16), [{'start_line_number': 225, 'start_line_code': 'Lit Solver::pickBranchLit()', 'end_line_number': 243, 'end_line_code': 'return next == var_Undef ? lit_Undef : mkLit(next, rnd_pol ? drand(random_seed) < 0.5 : polarity[next]);', 'new_code': 'Lit Solver::pickBranchLit()\n{\n    Var next = var_Undef;\n\n    if (!order_heap.empty() && drand(random_seed) < random_var_freq){\n        next = order_heap[irand(random_seed, order_heap.size())];\n        if (value(next) == l_Undef && decision[next])\n            rnd_decisions++; \n    }\n\n    while (next == var_Undef || value(next) != l_Undef || !decision[next]){\n        if (order_heap.empty()){\n            next = var_Undef;\n            break;\n        } else {\n            next = order_heap.removeMin();\n        }\n    }\n\n    return next == var_Undef ? lit_Undef : mkLit(next, rnd_pol ? drand(random_seed) < 0.5 : polarity[next]);\n}'}])"
2025-03-05 13:22:41,643	[INFO]	0-18    COMPILE_CODE_ERROR    None (--) [1 edit(s)]  
2025-03-05 13:22:41,643	[DEBUG]	patch(0-18)="LineLLMMutation(('core/Solver.cc', 17), [{'start_line_number': 880, 'start_line_code': 'for (int v = 0; v < nVars(); v++)', 'end_line_number': 888, 'end_line_code': 'ca.reloc(ws[j].cref, to);', 'new_code': 'for (int v = 0; v < nVars(); ++v){\n    for (int s = 0; s < 2; ++s){\n        Lit p = mkLit(v, s);\n        vec<Watcher>& ws = watches[p];\n        for (Watcher& w : ws)\n            ca.reloc(w.cref, to);\n    }\n}'}])"
2025-03-05 13:22:42,972	[INFO]	0-19    COMPILE_CODE_ERROR    None (--) [1 edit(s)]  
2025-03-05 13:22:42,972	[DEBUG]	patch(0-19)="LineLLMMutation(('core/Solver.cc', 18), [{'start_line_number': 916, 'start_line_code': 'ClauseAllocator to(ca.size() - ca.wasted());', 'end_line_number': 916, 'end_line_code': 'ClauseAllocator to(ca.size() - ca.wasted());', 'new_code': 'std::unique_ptr<ClauseAllocator> to = std::make_unique<ClauseAllocator>(ca.size() - ca.wasted());'}])"
2025-03-05 13:22:44,296	[INFO]	0-20    COMPILE_CODE_ERROR    None (--) [1 edit(s)]  
2025-03-05 13:22:44,296	[DEBUG]	patch(0-20)="LineLLMMutation(('core/Solver.cc', 19), [{'start_line_number': 196, 'start_line_code': 'bool Solver::satisfied(const Clause& c) const {', 'end_line_number': 201, 'end_line_code': 'return false; }', 'new_code': 'bool Solver::satisfied(const Clause& c) const noexcept {\n    for (int i = 0; i < c.size(); ++i)\n        if (value(c[i]) == l_True)\n            return true;\n    return false;\n}'}])"
2025-03-05 13:22:45,297	[INFO]	Step: 20
2025-03-05 13:22:45,297	[INFO]	Stop Steps: 200
2025-03-05 13:24:54,780	[INFO]	Step: 20
2025-03-05 13:24:54,780	[INFO]	Stop Steps: 200
2025-03-05 13:25:01,886	[DEBUG]	EXEC>  SUCCESS 0.5246204
2025-03-05 13:25:01,887	[INFO]	1-1     SUCCESS              +0.52 (102.61%) [1 edit(s)]  
2025-03-05 13:25:01,887	[DEBUG]	patch(1-1)="LineLLMMutation(('core/Solver.cc', 16), [{'start_line_number': 225, 'start_line_code': 'Lit Solver::pickBranchLit()', 'end_line_number': 243, 'end_line_code': 'return next == var_Undef ? lit_Undef : mkLit(next, rnd_pol ? drand(random_seed) < 0.5 : polarity[next]);', 'new_code': 'Lit Solver::pickBranchLit()\n{\n    Var next = var_Undef;\n\n    if (!order_heap.empty() && drand(random_seed) < random_var_freq){\n        next = order_heap[irand(random_seed, order_heap.size())];\n        if (value(next) == l_Undef && decision[next])\n            rnd_decisions++; \n    }\n\n    while (next == var_Undef || value(next) != l_Undef || !decision[next]){\n        if (order_heap.empty()){\n            next = var_Undef;\n            break;\n        } else {\n            next = order_heap.removeMin();\n        }\n    }\n\n    return next == var_Undef ? lit_Undef : mkLit(next, rnd_pol ? drand(random_seed) < 0.5 : polarity[next]);\n}'}])"
2025-03-05 13:25:01,887	[INFO]	Step: 21
2025-03-05 13:25:01,887	[INFO]	Stop Steps: 200
2025-03-05 13:25:09,097	[DEBUG]	EXEC>  SUCCESS 0.5203184
2025-03-05 13:25:09,098	[INFO]	1-2     SUCCESS              +0.52 (101.77%) [1 edit(s)]  
2025-03-05 13:25:09,098	[DEBUG]	patch(1-2)="LineLLMMutation(('core/Solver.cc', 2), [{'start_line_number': 432, 'start_line_code': 'vardata[var(p)] = mkVarData(from, decisionLevel());', 'end_line_number': 432, 'end_line_code': 'vardata[var(p)] = mkVarData(from, decisionLevel());', 'new_code': 'vardata[var(p)] = VarData{from, decisionLevel()};'}])"
2025-03-05 13:25:09,098	[INFO]	Step: 22
2025-03-05 13:25:09,098	[INFO]	Stop Steps: 200
2025-03-05 13:25:09,415	[INFO]	1-3     COMPILE_CODE_ERROR    None (--) [2 edit(s)]  
2025-03-05 13:25:09,415	[DEBUG]	patch(1-3)="LineLLMMutation(('core/Solver.cc', 16), [{'start_line_number': 225, 'start_line_code': 'Lit Solver::pickBranchLit()', 'end_line_number': 243, 'end_line_code': 'return next == var_Undef ? lit_Undef : mkLit(next, rnd_pol ? drand(random_seed) < 0.5 : polarity[next]);', 'new_code': 'Lit Solver::pickBranchLit()\n{\n    Var next = var_Undef;\n\n    if (!order_heap.empty() && drand(random_seed) < random_var_freq){\n        next = order_heap[irand(random_seed, order_heap.size())];\n        if (value(next) == l_Undef && decision[next])\n            rnd_decisions++; \n    }\n\n    while (next == var_Undef || value(next) != l_Undef || !decision[next]){\n        if (order_heap.empty()){\n            next = var_Undef;\n            break;\n        } else {\n            next = order_heap.removeMin();\n        }\n    }\n\n    return next == var_Undef ? lit_Undef : mkLit(next, rnd_pol ? drand(random_seed) < 0.5 : polarity[next]);\n}'}]) | LineLLMMutation(('core/Solver.cc', 20), [{'start_line_number': 453, 'start_line_code': 'while (qhead < trail.size()){', 'end_line_number': 505, 'end_line_code': 'return confl;', 'new_code': "while (qhead < trail.size()) {\n    Lit p = trail[qhead++];     // 'p' is enqueued fact to propagate.\n    vec<Watcher>& ws = watches[p];\n    Watcher* i, * j, * end;\n    num_props++;\n\n    for (i = j = (Watcher*)ws, end = i + ws.size(); i != end;) {\n        // Make sure the false literal is data[1]:\n        CRef cr = i->cref;\n        Clause& c = ca[cr];\n        Lit false_lit = ~p;\n        if (c[0] == false_lit)\n            c[0] = c[1], c[1] = false_lit;\n        assert(c[1] == false_lit);\n        i++;\n\n        // If 0th watch is true, then clause is already satisfied.\n        Lit first = c[0];\n        if (value(first) == l_True) {\n            *j++ = Watcher(cr, first);\n            continue;\n        }\n\n        // Try to avoid inspecting the clause:\n        Lit blocker = i->blocker;\n        if (value(blocker) == l_True) {\n            *j++ = *i++;\n            continue;\n        }\n\n        // Look for new watch:\n        for (int k = 2; k < c.size(); k++) {\n            if (value(c[k]) != l_False) {\n                c[1] = c[k]; c[k] = false_lit;\n                watches[~c[1]].push(Watcher(cr, c[1]));\n                goto NextClause;\n            }\n        }\n\n        // Did not find watch -- clause is unit under assignment:\n        *j++ = Watcher(cr, first);\n        if (value(first) == l_False) {\n            confl = cr;\n            qhead = trail.size();\n            // Copy the remaining watches:\n            while (i < end)\n                *j++ = *i++;\n        } else {\n            uncheckedEnqueue(first, cr);\n        }\n\n    NextClause:;\n    }\n    ws.shrink(i - j);\n}"}])"
2025-03-05 13:25:09,415	[INFO]	Step: 23
2025-03-05 13:25:09,415	[INFO]	Stop Steps: 200
2025-03-05 13:25:09,742	[INFO]	1-4     COMPILE_CODE_ERROR    None (--) [2 edit(s)]  
2025-03-05 13:25:09,742	[DEBUG]	patch(1-4)="LineLLMMutation(('core/Solver.cc', 2), [{'start_line_number': 432, 'start_line_code': 'vardata[var(p)] = mkVarData(from, decisionLevel());', 'end_line_number': 432, 'end_line_code': 'vardata[var(p)] = mkVarData(from, decisionLevel());', 'new_code': 'vardata[var(p)] = VarData{from, decisionLevel()};'}]) | LineLLMMutation(('core/Solver.cc', 21), [{'start_line_number': 20, 'start_line_code': '#include <math.h>', 'end_line_number': 20, 'end_line_code': '#include <math.h>', 'new_code': '// Removed unnecessary include directive'}, {'start_line_number': 199, 'start_line_code': 'if (value(c[i]) == l_True)', 'end_line_number': 200, 'end_line_code': 'return true;', 'new_code': 'if (assigns[var(c[i])] == l_True)\n    return true;'}, {'start_line_number': 284, 'start_line_code': 'if (!seen[var(q)] && level(var(q)) > 0){', 'end_line_number': 284, 'end_line_code': 'if (!seen[var(q)] && level(var(q)) > 0){', 'new_code': 'if (!seen[var(q)] && vardata[var(q)].level > 0){'}, {'start_line_number': 708, 'start_line_code': 'double  F = 1.0 / nVars();', 'end_line_number': 708, 'end_line_code': 'double  F = 1.0 / nVars();', 'new_code': '// No change needed here, as this line is essential for progress estimation.'}])"
2025-03-05 13:25:09,742	[INFO]	Step: 24
2025-03-05 13:25:09,742	[INFO]	Stop Steps: 200
2025-03-05 13:25:10,066	[INFO]	1-5     COMPILE_CODE_ERROR    None (--) [2 edit(s)]  
2025-03-05 13:25:10,066	[DEBUG]	patch(1-5)="LineLLMMutation(('core/Solver.cc', 0), [{'start_line_number': 20, 'start_line_code': '#include <math.h>', 'end_line_number': 20, 'end_line_code': '#include <math.h>', 'new_code': '// Removed unnecessary math header as math functions are not used'}]) | LineLLMMutation(('core/Solver.cc', 22), [{'start_line_number': 525, 'start_line_code': 'sort(learnts, reduceDB_lt(ca));', 'end_line_number': 525, 'end_line_code': 'sort(learnts, reduceDB_lt(ca));', 'new_code': 'std::make_heap(learnts.begin(), learnts.end(), reduceDB_lt(ca));\nstd::sort_heap(learnts.begin(), learnts.end(), reduceDB_lt(ca));'}])"
2025-03-05 13:25:10,067	[INFO]	Step: 25
2025-03-05 13:25:10,067	[INFO]	Stop Steps: 200
2025-03-05 13:25:17,108	[DEBUG]	EXEC>  SUCCESS 0.5211345000000001
2025-03-05 13:25:17,109	[INFO]	1-6     SUCCESS               0.52 (101.93%) [2 edit(s)]  
2025-03-05 13:25:17,109	[DEBUG]	patch(1-6)="LineLLMMutation(('core/Solver.cc', 12), [{'start_line_number': 212, 'start_line_code': 'if (phase_saving > 1 || (phase_saving == 1) && c > trail_lim.last())', 'end_line_number': 212, 'end_line_code': 'if (phase_saving > 1 || (phase_saving == 1) && c > trail_lim.last())', 'new_code': 'if ((phase_saving > 1) || ((phase_saving == 1) && (c > trail_lim.last())))'}]) | LineLLMMutation(('core/Solver.cc', 23), [{'start_line_number': 705, 'start_line_code': 'double Solver::progressEstimate() const', 'end_line_number': 717, 'end_line_code': 'return progress / nVars();', 'new_code': 'double Solver::progressEstimate() const\n{\n    double progress = 0;\n    double F = 1.0 / nVars();\n    double Fi = 1.0; // Start with F^0 which is 1\n\n    for (int i = 0; i <= decisionLevel(); i++){\n        int beg = i == 0 ? 0 : trail_lim[i - 1];\n        int end = i == decisionLevel() ? trail.size() : trail_lim[i];\n        progress += Fi * (end - beg);\n        Fi *= F; // Equivalent to Fi = pow(F, i+1)\n    }\n\n    return progress / nVars();\n}'}, {'start_line_number': 730, 'start_line_code': 'static double luby(double y, int x){', 'end_line_number': 745, 'end_line_code': 'return pow(y, seq);', 'new_code': "static double luby(double y, int x){\n\n    // Find the finite subsequence that contains index 'x', and the\n    // size of that subsequence:\n    int size, seq;\n    for (size = 1, seq = 0; size < x+1; seq++, size = 2*size+1);\n\n    while (size-1 != x){\n        size = (size-1)>>1;\n        seq--;\n        x = x % size;\n    }\n\n    double result = 1.0;\n    while (seq > 0) {\n        result *= y;\n        seq--;\n    }\n\n    return result; // Equivalent to pow(y, seq) using multiplication\n}"}])"
2025-03-05 13:25:17,109	[INFO]	Step: 26
2025-03-05 13:25:17,109	[INFO]	Stop Steps: 200
2025-03-05 13:25:17,440	[INFO]	1-7     COMPILE_CODE_ERROR    None (--) [2 edit(s)]  
2025-03-05 13:25:17,441	[DEBUG]	patch(1-7)="LineLLMMutation(('core/Solver.cc', 6), [{'start_line_number': 471, 'start_line_code': 'c[0] = c[1], c[1] = false_lit;', 'end_line_number': 471, 'end_line_code': 'c[0] = c[1], c[1] = false_lit;', 'new_code': 'std::swap(c[0], c[1]);'}]) | LineLLMMutation(('core/Solver.cc', 24), [{'start_line_number': 528, 'start_line_code': 'sort(learnts, reduceDB_lt(ca));', 'end_line_number': 528, 'end_line_code': 'sort(learnts, reduceDB_lt(ca));', 'new_code': 'std::nth_element(learnts.begin(), learnts.begin() + learnts.size() / 2, learnts.end(), reduceDB_lt(ca));'}])"
2025-03-05 13:25:17,441	[INFO]	Step: 27
2025-03-05 13:25:17,441	[INFO]	Stop Steps: 200
2025-03-05 13:25:17,773	[INFO]	1-8     COMPILE_CODE_ERROR    None (--) [1 edit(s)]  
2025-03-05 13:25:17,773	[DEBUG]	patch(1-8)="LineLLMMutation(('core/Solver.cc', 25), [{'start_line_number': 121, 'start_line_code': 'activity .push(rnd_init_act ? drand(random_seed) * 0.00001 : 0);', 'end_line_number': 121, 'end_line_code': 'activity .push(rnd_init_act ? drand(random_seed) * 0.00001 : 0);', 'new_code': 'static std::vector<double> random_values;\nif (random_values.empty()) {\n    std::srand(random_seed); // Seed the random number generator\n    for (int i = 0; i < 100; ++i) {\n        random_values.push_back(static_cast<double>(rand()) / RAND_MAX);\n    }\n}\nactivity .push(rnd_init_act ? random_values[v % 100] * 0.00001 : 0);'}])"
2025-03-05 13:25:17,773	[INFO]	Step: 28
2025-03-05 13:25:17,774	[INFO]	Stop Steps: 200
2025-03-05 13:25:18,097	[INFO]	1-9     COMPILE_CODE_ERROR    None (--) [1 edit(s)]  
2025-03-05 13:25:18,097	[DEBUG]	patch(1-9)="LineLLMMutation(('core/Solver.cc', 26), [{'start_line_number': 114, 'start_line_code': 'Var Solver::newVar(bool sign, bool dvar)', 'end_line_number': 114, 'end_line_code': 'Var Solver::newVar(bool sign, bool dvar)', 'new_code': 'Var Solver::newVar(bool sign, bool dvar) {\n    if (watches.capacity() < nVars() + 2) {\n        watches.reserve(nVars() + 100);\n    }\n    if (assigns.capacity() < nVars() + 1) {\n        assigns.reserve(nVars() + 100);\n    }\n    if (vardata.capacity() < nVars() + 1) {\n        vardata.reserve(nVars() + 100);\n    }'}])"
2025-03-05 13:25:18,097	[INFO]	Step: 29
2025-03-05 13:25:18,097	[INFO]	Stop Steps: 200
2025-03-05 13:25:18,227	[INFO]	1-10    COMPILE_CODE_ERROR    None (--) [1 edit(s)]  
2025-03-05 13:25:18,227	[DEBUG]	patch(1-10)="LineLLMMutation(('core/Solver.cc', 27), [{'start_line_number': 89, 'start_line_code': 'order_heap         (VarOrderLt(activity))', 'end_line_number': 89, 'end_line_code': 'order_heap         (VarOrderLt(activity))', 'new_code': '#include <queue>\nstd::priority_queue<Var, std::vector<Var>, VarOrderLt> order_heap(activity);'}, {'start_line_number': 240, 'start_line_code': 'next = order_heap.removeMin();', 'end_line_number': 240, 'end_line_code': 'next = order_heap.removeMin();', 'new_code': 'next = order_heap.top();\norder_heap.pop();'}])"
2025-03-05 13:25:18,227	[INFO]	Step: 30
2025-03-05 13:25:18,227	[INFO]	Stop Steps: 200
2025-03-05 13:25:25,243	[DEBUG]	EXEC>  SUCCESS 0.5168183
2025-03-05 13:25:25,244	[INFO]	1-11    SUCCESS              +0.52 (101.09%) [1 edit(s)]  
2025-03-05 13:25:25,244	[DEBUG]	patch(1-11)="LineLLMMutation(('core/Solver.cc', 28), [{'start_line_number': 799, 'start_line_code': 'static Var mapVar(Var x, vec<Var>& map, Var& max)', 'end_line_number': 806, 'end_line_code': 'return map[x];', 'new_code': 'inline static Var mapVar(Var x, vec<Var>& map, Var& max) {\n    if (map.size() <= x || map[x] == -1) {\n        map.growTo(x + 1, -1);\n        map[x] = max++;\n    }\n    return map[x];\n}'}])"
2025-03-05 13:25:25,244	[INFO]	Step: 31
2025-03-05 13:25:25,245	[INFO]	Stop Steps: 200
2025-03-05 13:25:32,330	[DEBUG]	EXEC>  SUCCESS 0.5171829
2025-03-05 13:25:32,330	[INFO]	1-12    SUCCESS               0.52 (101.16%) [1 edit(s)]  
2025-03-05 13:25:32,330	[DEBUG]	patch(1-12)="LineLLMMutation(('core/Solver.cc', 29), [{'start_line_number': 33, 'start_line_code': 'static DoubleOption  opt_var_decay         (_cat, "var-decay",   "The variable activity decay factor",            0.95,     DoubleRange(0, false, 1, false));', 'end_line_number': 33, 'end_line_code': 'static DoubleOption  opt_var_decay         (_cat, "var-decay",   "The variable activity decay factor",            0.95,     DoubleRange(0, false, 1, false));', 'new_code': 'constexpr double VAR_DECAY_DEFAULT = 0.95;\nstatic DoubleOption  opt_var_decay         (_cat, "var-decay",   "The variable activity decay factor",            VAR_DECAY_DEFAULT,     DoubleRange(0, false, 1, false));'}])"
2025-03-05 13:25:32,330	[INFO]	Step: 32
2025-03-05 13:25:32,330	[INFO]	Stop Steps: 200
2025-03-05 13:25:32,745	[INFO]	1-13    COMPILE_CODE_ERROR    None (--) [1 edit(s)]  
2025-03-05 13:25:32,745	[DEBUG]	patch(1-13)="LineLLMMutation(('core/Solver.cc', 30), [{'start_line_number': 454, 'start_line_code': 'while (qhead < trail.size()){', 'end_line_number': 502, 'end_line_code': 'ws.shrink(i - j);', 'new_code': "while (qhead < trail.size()) {\n    Lit p = trail[qhead++]; // 'p' is enqueued fact to propagate.\n    vec<Watcher>& ws = watches[p];\n    num_props++;\n\n    for (Watcher* i = ws.data(), *j = ws.data(), *end = i + ws.size(); i != end; i++) {\n        Lit blocker = i->blocker;\n        if (value(blocker) == l_True) {\n            *j++ = *i;\n            continue;\n        }\n\n        CRef cr = i->cref;\n        Clause& c = ca[cr];\n        Lit false_lit = ~p;\n\n        // Ensure the false literal is data[1]:\n        if (c[0] == false_lit) std::swap(c[0], c[1]);\n        assert(c[1] == false_lit);\n\n        Lit first = c[0];\n        Watcher w = Watcher(cr, first);\n\n        if (first != blocker && value(first) == l_True) {\n            *j++ = w;\n            continue;\n        }\n\n        // Look for new watch:\n        for (int k = 2; k < c.size(); k++) {\n            if (value(c[k]) != l_False) {\n                c[1] = c[k];\n                c[k] = false_lit;\n                watches[~c[1]].push(w);\n                goto NextClause;\n            }\n        }\n\n        // Clause is unit under assignment:\n        *j++ = w;\n        if (value(first) == l_False) {\n            confl = cr;\n            qhead = trail.size();\n            while (++i != end) *j++ = *i;\n        } else {\n            uncheckedEnqueue(first, cr);\n        }\n    NextClause:;\n    }\n    ws.shrink(i - j);\n}"}])"
2025-03-05 13:25:32,745	[INFO]	Step: 33
2025-03-05 13:25:32,745	[INFO]	Stop Steps: 200
2025-03-05 13:25:39,981	[DEBUG]	EXEC>  SUCCESS 0.538551
2025-03-05 13:25:39,981	[INFO]	1-14    SUCCESS               0.54 (105.34%) [1 edit(s)]  
2025-03-05 13:25:39,981	[DEBUG]	patch(1-14)="LineLLMMutation(('core/Solver.cc', 31), [{'start_line_number': 911, 'start_line_code': 'void Solver::garbageCollect()', 'end_line_number': 922, 'end_line_code': 'to.moveTo(ca);', 'new_code': 'void Solver::garbageCollect() {\n    ClauseAllocator to(ca.size() - ca.wasted());\n    relocAll(to);\n    if (verbosity >= 2)\n        printf("|  Garbage collection:   %12d bytes => %12d bytes             |\\n",\n               ca.size() * ClauseAllocator::Unit_Size, to.size() * ClauseAllocator::Unit_Size);\n    to.moveTo(ca);\n}'}])"
2025-03-05 13:25:39,981	[INFO]	Step: 34
2025-03-05 13:25:39,981	[INFO]	Stop Steps: 200
2025-03-05 13:25:40,113	[INFO]	1-15    COMPILE_CODE_ERROR    None (--) [1 edit(s)]  
2025-03-05 13:25:40,113	[DEBUG]	patch(1-15)="LineLLMMutation(('core/Solver.cc', 32), [{'start_line_number': 85, 'start_line_code': 'watches            (WatcherDeleted(ca))', 'end_line_number': 85, 'end_line_code': 'watches            (WatcherDeleted(ca))', 'new_code': 'std::unordered_map<Lit, vec<Watcher>> watches;'}])"
2025-03-05 13:25:40,113	[INFO]	Step: 35
2025-03-05 13:25:40,113	[INFO]	Stop Steps: 200
2025-03-05 13:25:40,440	[INFO]	1-16    COMPILE_CODE_ERROR    None (--) [1 edit(s)]  
2025-03-05 13:25:40,440	[DEBUG]	patch(1-16)="LineLLMMutation(('core/Solver.cc', 33), [{'start_line_number': 137, 'start_line_code': 'sort(ps);', 'end_line_number': 145, 'end_line_code': 'ps.shrink(i - j);', 'new_code': 'std::sort(ps.begin(), ps.end());\nps.erase(std::unique(ps.begin(), ps.end()), ps.end());\nauto end_it = std::remove_if(ps.begin(), ps.end(), [&](Lit l) { return value(l) == l_True || (l == ~p); });\nps.erase(end_it, ps.end());\nif (ps.empty()) return ok = false;\nif (ps.size() == 1) {\n    uncheckedEnqueue(ps[0]);\n    return ok = (propagate() == CRef_Undef);\n}\nCRef cr = ca.alloc(ps, false);\nclauses.push(cr);\nattachClause(cr);\nreturn true;'}])"
2025-03-05 13:25:40,441	[INFO]	Step: 36
2025-03-05 13:25:40,441	[INFO]	Stop Steps: 200
2025-03-05 13:25:40,772	[INFO]	1-17    COMPILE_CODE_ERROR    None (--) [1 edit(s)]  
2025-03-05 13:25:40,772	[DEBUG]	patch(1-17)="LineLLMMutation(('core/Solver.cc', 34), [{'start_line_number': 732, 'start_line_code': 'static double luby(double y, int x){', 'end_line_number': 748, 'end_line_code': 'return pow(y, seq);', 'new_code': 'static std::vector<double> luby_powers;\nstatic double luby(double y, int x) {\n    if (luby_powers.empty()) {\n        luby_powers.push_back(1);\n        for (int i = 1; i < 30; ++i) {\n            luby_powers.push_back(pow(y, i));\n        }\n    }\n    int size, seq;\n    for (size = 1, seq = 0; size < x + 1; seq++, size = 2 * size + 1);\n    while (size - 1 != x) {\n        size = (size - 1) >> 1;\n        seq--;\n        x = x % size;\n    }\n    return luby_powers[seq];\n}'}])"
2025-03-05 13:25:40,772	[INFO]	Step: 37
2025-03-05 13:25:40,772	[INFO]	Stop Steps: 200
2025-03-05 13:25:47,915	[DEBUG]	EXEC>  SUCCESS 0.5314129999999999
2025-03-05 13:25:47,916	[INFO]	1-18    SUCCESS               0.53 (103.94%) [1 edit(s)]  
2025-03-05 13:25:47,916	[DEBUG]	patch(1-18)="LineLLMMutation(('core/Solver.cc', 35), [{'start_line_number': 40, 'start_line_code': 'static IntOption     opt_restart_first     (_cat, "rfirst",      "The base restart interval", 100, IntRange(1, INT32_MAX));', 'end_line_number': 40, 'end_line_code': 'static IntOption     opt_restart_first     (_cat, "rfirst",      "The base restart interval", 100, IntRange(1, INT32_MAX));', 'new_code': 'constexpr int RESTART_FIRST_DEFAULT = 100;\nstatic IntOption     opt_restart_first     (_cat, "rfirst",      "The base restart interval", RESTART_FIRST_DEFAULT, IntRange(1, INT32_MAX));'}])"
2025-03-05 13:25:47,916	[INFO]	Step: 38
2025-03-05 13:25:47,916	[INFO]	Stop Steps: 200
2025-03-05 13:25:54,882	[DEBUG]	EXEC>  SUCCESS 0.5108018999999999
2025-03-05 13:25:54,882	[INFO]	1-19    SUCCESS              *0.51 (99.91%) [1 edit(s)]  
2025-03-05 13:25:54,882	[DEBUG]	patch(1-19)="LineLLMMutation(('core/Solver.cc', 36), [{'start_line_number': 36, 'start_line_code': 'static DoubleOption  opt_random_seed       (_cat, "rnd-seed",    "Used by the random variable selection",         91648253, DoubleRange(0, false, HUGE_VAL, false));', 'end_line_number': 36, 'end_line_code': 'static DoubleOption  opt_random_seed       (_cat, "rnd-seed",    "Used by the random variable selection",         91648253, DoubleRange(0, false, HUGE_VAL, false));', 'new_code': 'thread_local static DoubleOption  opt_random_seed       (_cat, "rnd-seed",    "Used by the random variable selection",         91648253, DoubleRange(0, false, HUGE_VAL, false));'}])"

2025-03-05 13:25:54,882	[INFO]	Step: 39
2025-03-05 13:25:54,882	[INFO]	Stop Steps: 200
2025-03-05 13:26:01,925	[DEBUG]	EXEC>  SUCCESS 0.5204428
2025-03-05 13:26:01,925	[INFO]	1-20    SUCCESS               0.52 (101.80%) [1 edit(s)]  
2025-03-05 13:26:01,925	[DEBUG]	patch(1-20)="LineLLMMutation(('core/Solver.cc', 37), [{'start_line_number': 575, 'start_line_code': 'bool Solver::simplify()', 'end_line_number': 596, 'end_line_code': 'return true;', 'new_code': "bool Solver::simplify() {\n    assert(decisionLevel() == 0);\n\n    if (!ok || propagate() != CRef_Undef)\n        return ok = false;\n\n    if (nAssigns() == simpDB_assigns || simpDB_props > 0)\n        return true;\n\n    removeSatisfied(learnts);\n    if (remove_satisfied)        // Can be turned off.\n        removeSatisfied(clauses);\n    checkGarbage();\n    rebuildOrderHeap();\n\n    simpDB_assigns = nAssigns();\n    simpDB_props   = clauses_literals + learnts_literals;   // (shouldn't depend on stats really, but it will do for now)\n\n    return true;\n}"}])"
2025-03-05 13:26:01,925	[INFO]	Step: 40
2025-03-05 13:26:01,925	[INFO]	Stop Steps: 200
2025-03-05 13:26:53,580	[INFO]	~~~~ END ~~~~
2025-03-05 13:26:53,580	[INFO]	Best patch step: 38
2025-03-05 13:26:53,581	[INFO]	
2025-03-05 13:26:53,581	[INFO]	==== REPORT ====
2025-03-05 13:26:53,581	[INFO]	Termination: keyboard interrupt
2025-03-05 13:26:53,581	[INFO]	Log file: /home/luke/magpie/_magpie_logs/minisat_1741180793.log
2025-03-05 13:26:53,581	[INFO]	Patch file: _magpie_logs/minisat_1741180793.patch
2025-03-05 13:26:53,581	[INFO]	Diff file: _magpie_logs/minisat_1741180793.diff
2025-03-05 13:26:53,581	[INFO]	Reference fitness: 0.51
2025-03-05 13:26:53,581	[INFO]	Best fitness: 0.51
2025-03-05 13:26:53,581	[INFO]	
2025-03-05 13:26:53,582	[INFO]	==== BEST PATCH ====
LineLLMMutation(('core/Solver.cc', 36), [{'start_line_number': 36, 'start_line_code': 'static DoubleOption  opt_random_seed       (_cat, "rnd-seed",    "Used by the random variable selection",         91648253, DoubleRange(0, false, HUGE_VAL, false));', 'end_line_number': 36, 'end_line_code': 'static DoubleOption  opt_random_seed       (_cat, "rnd-seed",    "Used by the random variable selection",         91648253, DoubleRange(0, false, HUGE_VAL, false));', 'new_code': 'thread_local static DoubleOption  opt_random_seed       (_cat, "rnd-seed",    "Used by the random variable selection",         91648253, DoubleRange(0, false, HUGE_VAL, false));'}])
2025-03-05 13:26:53,582	[INFO]	
2025-03-05 13:26:53,582	[INFO]	==== DIFF ====

