2025-03-04 12:33:56,887	[DEBUG]	==== CONFIG ====
[magpie]
import = 
seed = 3385315869813939
log_dir = _magpie_logs
work_dir = _magpie_work
local_original_copy = True
local_original_name = __original__
output_encoding = ascii
edit_retries = 10
default_timeout = 100
default_lengthout = 1e6
diff_method = unified
trust_local_filesystem = True
run_timeout = 100

[magpie.log]
color_output = True
format_info = {counter:<7} {status:<20} {best}{fitness} ({ratio}) [{size}] {cached} {log}
format_debug = patch({counter})="{patch}"{diffifbest}
format_fitness = {:.2f}
format_ratio = {:.2%%}
format_patchif = 
	 --> {patch}
format_diffif = 
	{diff}

[software]
path = dataset/minisat
target_files = 
	core/Solver.cc
software = BasicSoftware
model_rules = 
	*.params : ParamFileConfigModel
	*.xml : SrcmlModel
	* : LineModel
model_config = 
	*.params : [paramconfig]
	*.xml : [srcml]
init_cmd = bash init.sh
init_timeout = 60
init_lengthout = -1
setup_cmd = bash compile.sh
setup_timeout = 
setup_lengthout = 
compile_cmd = bash compile.sh
compile_timeout = 
compile_lengthout = 
test_cmd = bash test.sh
test_timeout = 
test_lengthout = 
run_cmd = bash run_fixed.sh
run_timeout = 
run_lengthout = 
batch_timeout = 
batch_lengthout = 
batch_bin_fitness_strategy = aggregate
batch_fitness_strategy = sum
fitness = time
retries = 1

[srcml]
rename = 
	stmt: break continue decl_stmt do expr_stmt for goto if return switch while
	number: literal_number
focus = block stmt operator_comp operator_arith number
internodes = block
process_pseudo_blocks = True
process_literals = True
process_operators = True

[paramconfig]
timing = test run
cli_prefix = --
cli_glue = =
cli_boolean = show
cli_boolean_prefix_true = 
cli_boolean_prefix_false = no-
cli_none = hide
silent_prefix = @
silent_suffix = $

[search]
protocol = BasicProtocol
algorithm = GeneticProgrammingLLM
possible_edits = 
	LineLLMMutation
llm_prob = 1.0
warmup = 3
warmup_strategy = last
max_steps = 10
max_time = 20000
target_fitness = 
cache_maxsize = 100
cache_keep = 0.2
batch_instances = 
batch_shuffle = True
batch_bin_shuffle = False
batch_sample_size = 1

[search.ls]
delete_prob = 0.5
max_neighbours = 
when_trapped = continue
accept_fail = False
tabu_length = 10

[search.gp]
pop_size = 3
delete_prob = 0.0
offspring_elitism = 0.1
offspring_crossover = 0.0
offspring_mutation = 1.0
uniform_rate = 0.5
batch_reset = True
llm_type = baseline

[search.minify]
do_cleanup = True
do_rebuild = True
do_simplify = True
round_robin_limit = 3


2025-03-04 12:33:56,888	[DEBUG]	
2025-03-04 12:33:56,888	[INFO]	==== SEARCH: GeneticProgrammingLLM ====
2025-03-04 12:33:56,888	[INFO]	~~~~ WARMUP ~~~~
2025-03-04 12:33:57,443	[DEBUG]	EXEC>  SUCCESS 0.017885857142857144
2025-03-04 12:33:57,444	[INFO]	WARM    SUCCESS               0.02 (--) [0 edit(s)]  
2025-03-04 12:33:57,894	[DEBUG]	EXEC>  SUCCESS 0.019529571428571427
2025-03-04 12:33:57,896	[INFO]	WARM    SUCCESS               0.02 (--) [0 edit(s)]  
2025-03-04 12:33:58,360	[DEBUG]	EXEC>  SUCCESS 0.017059857142857144
2025-03-04 12:33:58,360	[INFO]	WARM    SUCCESS               0.02 (--) [0 edit(s)]  
2025-03-04 12:33:58,360	[INFO]	REF     SUCCESS               0.02 (--) [0 edit(s)]  
2025-03-04 12:33:58,362	[INFO]	
2025-03-04 12:33:58,362	[INFO]	~~~~ START ~~~~
2025-03-04 12:34:18,485	[INFO]	0-1     TEST_CODE_ERROR       None (--) [1 edit(s)]  
2025-03-04 12:34:18,486	[DEBUG]	patch(0-1)="LineLLMMutation(('core/Solver.cc', 0), "while (qhead < trail.size()) {\n    Lit p = trail[qhead++];  // 'p' is enqueued fact to propagate.\n    vec<Watcher> &ws = watches[p];\n    Watcher *i, *end;\n    num_props++;\n\n    for (i = (Watcher *) ws, end = i + ws.size(); i != end; i++) {\n        Lit blocker = i->blocker;\n        if (value(blocker) == l_True) continue;\n\n        CRef cr = i->cref;\n        Clause &c = ca[cr];\n        Lit false_lit = ~p;\n        if (c[0] != false_lit) std::swap(c[0], c[1]);\n        assert(c[1] == false_lit);\n\n        Lit first = c[0];\n        if (first != blocker && value(first) == l_True) continue;\n\n        for (int k = 2; k < c.size(); k++) {\n            if (value(c[k]) != l_False) {\n                std::swap(c[1], c[k]);\n                watches[~c[1]].push(Watcher(cr, first));\n                break;\n            }\n        }\n\n        if (value(first) == l_False) {\n            confl = cr;\n            qhead = trail.size();\n            break;\n        } else {\n            uncheckedEnqueue(first, cr);\n        }\n    }\n    ws.shrink(i - (Watcher *) ws);\n}", '454:505')"
2025-03-04 12:34:19,844	[INFO]	0-2     COMPILE_CODE_ERROR    None (--) [1 edit(s)]  
2025-03-04 12:34:19,844	[DEBUG]	patch(0-2)="LineLLMMutation(('core/Solver.cc', 1), 'ClauseAllocator to((ca.size() - ca.wasted()) * 1.1);  // Preallocate a bit more space to reduce reallocations\nrelocAll(to);\nif (verbosity >= 2)\n    printf("|  Garbage collection:   %12d bytes => %12d bytes             |\\n",\n           ca.size() * ClauseAllocator::Unit_Size, to.size() * ClauseAllocator::Unit_Size);\nto.moveTo(ca);', '911:922')"
2025-03-04 12:34:21,195	[INFO]	0-3     COMPILE_CODE_ERROR    None (--) [1 edit(s)]  
2025-03-04 12:34:21,195	[DEBUG]	patch(0-3)="LineLLMMutation(('core/Solver.cc', 2), 'assert(decisionLevel() == 0);\n\nif (!ok || propagate() != CRef_Undef)\n    return ok = false;\n\nif (nAssigns() == simpDB_assigns || (simpDB_props > 0))\n    return true;\n\n// Remove satisfied clauses with a threshold to avoid frequent rebuilds:\nif (remove_satisfied && simpDB_props > 1000) {\n    removeSatisfied(learnts);\n    removeSatisfied(clauses);\n    simpDB_props = 0;  // Reset after a significant rebuild\n}\ncheckGarbage();\nrebuildOrderHeap();\n\nsimpDB_assigns = nAssigns();\nsimpDB_props = clauses_literals + learnts_literals;\n\nreturn true;', '576:596')"
2025-03-04 12:34:22,196	[INFO]	Step: 3
2025-03-04 12:34:22,196	[INFO]	Stop Steps: 10
2025-03-04 12:34:23,617	[DEBUG]	EXEC>  SUCCESS 0.021847857142857145
2025-03-04 12:34:23,617	[INFO]	REF     SUCCESS               0.02 (--) [0 edit(s)]  
2025-03-04 12:34:23,617	[INFO]	Best patch step: None
2025-03-04 12:34:48,567	[INFO]	Step: 3
2025-03-04 12:34:48,567	[INFO]	Stop Steps: 10
2025-03-04 12:34:48,907	[INFO]	1-1     COMPILE_CODE_ERROR    None (--) [1 edit(s)]  
2025-03-04 12:34:48,907	[DEBUG]	patch(1-1)="LineLLMMutation(('core/Solver.cc', 3), 'CRef Solver::propagate() {\n    CRef confl = CRef_Undef;\n    int num_props = 0;\n    watches.cleanAll();\n\n    while (qhead < trail.size()) {\n        Lit p = trail[qhead++];\n        auto& ws = watches[p];\n        Watcher *i, *j, *end;\n        num_props++;\n\n        for (i = j = ws.begin(), end = ws.end(); i != end;) {\n            Lit blocker = i->blocker;\n            if (value(blocker) == l_True) {\n                *j++ = *i++; continue;\n            }\n\n            CRef cr = i->cref;\n            Clause& c = ca[cr];\n            Lit false_lit = ~p;\n            if (c[0] == false_lit)\n                std::swap(c[0], c[1]);\n            assert(c[1] == false_lit);\n            i++;\n\n            Lit first = c[0];\n            Watcher w = Watcher(cr, first);\n            if (first != blocker && value(first) == l_True) {\n                *j++ = w; continue;\n            }\n\n            for (int k = 2; k < c.size(); k++)\n                if (value(c[k]) != l_False) {\n                    std::swap(c[1], c[k]);\n                    watches[~c[1]].push(w);\n                    goto NextClause;\n                }\n\n            *j++ = w;\n            if (value(first) == l_False) {\n                confl = cr;\n                qhead = trail.size();\n                while (i < end)\n                    *j++ = *i++;\n            } else\n                uncheckedEnqueue(first, cr);\n\n        NextClause:;\n        }\n        ws.shrink(i - j);\n    }\n    propagations += num_props;\n    simpDB_props -= num_props;\n\n    return confl;\n}', '448:507')"
2025-03-04 12:34:48,907	[INFO]	Step: 4
2025-03-04 12:34:48,907	[INFO]	Stop Steps: 10
2025-03-04 12:34:49,247	[INFO]	1-2     COMPILE_CODE_ERROR    None (--) [1 edit(s)]  
2025-03-04 12:34:49,247	[DEBUG]	patch(1-2)="LineLLMMutation(('core/Solver.cc', 4), 'void Solver::rebuildOrderHeap() {\n    std::vector<Var> vs;\n    vs.reserve(nVars());\n    for (Var v = 0; v < nVars(); v++) {\n        if (decision[v] && value(v) == l_Undef) {\n            vs.push_back(v);\n        }\n    }\n    std::make_heap(vs.begin(), vs.end(), VarOrderLt(activity));\n    order_heap.clear();\n    order_heap.insert(order_heap.end(), vs.begin(), vs.end());\n}', '558:565')"
2025-03-04 12:34:49,247	[INFO]	Step: 5
2025-03-04 12:34:49,248	[INFO]	Stop Steps: 10
2025-03-04 12:34:51,409	[DEBUG]	EXEC>  SUCCESS 0.019476428571428568
2025-03-04 12:34:51,410	[INFO]	1-3     SUCCESS              *0.02 (89.15%) [1 edit(s)]  
2025-03-04 12:34:51,410	[DEBUG]	patch(1-3)="LineLLMMutation(('core/Solver.cc', 5), 'static Var mapVar(Var x, vec<Var>& map, Var& max) {\n    if (x >= map.size()) {\n        map.growTo(x + 1, -1);\n    }\n    if (map[x] == -1) {\n        map[x] = max++;\n    }\n    return map[x];\n}', '799:808')"

2025-03-04 12:34:51,410	[INFO]	Step: 6
2025-03-04 12:34:51,410	[INFO]	Stop Steps: 10
2025-03-04 12:34:52,837	[DEBUG]	EXEC>  SUCCESS 0.01948714285714286
2025-03-04 12:34:52,837	[INFO]	REF     SUCCESS               0.02 (--) [0 edit(s)]  
2025-03-04 12:34:52,838	[INFO]	Best patch: 5
2025-03-04 12:34:54,996	[DEBUG]	EXEC>  SUCCESS 0.017168142857142858
2025-03-04 12:34:54,996	[INFO]	BEST    SUCCESS              *0.02 (88.10%) [0 edit(s)]  
2025-03-04 12:34:54,996	[INFO]	Best patch step: 5
2025-03-04 12:35:06,612	[INFO]	Step: 6
2025-03-04 12:35:06,613	[INFO]	Stop Steps: 10
2025-03-04 12:35:09,015	[INFO]	2-1     TEST_CODE_ERROR       None (--) [2 edit(s)]  
2025-03-04 12:35:09,015	[DEBUG]	patch(2-1)="LineLLMMutation(('core/Solver.cc', 5), 'static Var mapVar(Var x, vec<Var>& map, Var& max) {\n    if (x >= map.size()) {\n        map.growTo(x + 1, -1);\n    }\n    if (map[x] == -1) {\n        map[x] = max++;\n    }\n    return map[x];\n}', '799:808') | LineLLMMutation(('core/Solver.cc', 6), '// Activity based decision using heap more efficiently:\n    while (next == var_Undef) {\n        if (order_heap.empty()) {\n            break;\n        }\n        next = order_heap.removeMin();\n        if (value(next) == l_Undef && decision[next]) {\n            break;\n        }\n    }', '233:240')"
2025-03-04 12:35:09,015	[INFO]	Step: 7
2025-03-04 12:35:09,015	[INFO]	Stop Steps: 10
2025-03-04 12:35:09,501	[INFO]	2-2     COMPILE_CODE_ERROR    None (--) [1 edit(s)]  
2025-03-04 12:35:09,501	[DEBUG]	patch(2-2)="LineLLMMutation(('core/Solver.cc', 7), '#include <cstdio>\n#include <cmath>', '20:23')"
2025-03-04 12:35:09,501	[INFO]	Step: 8
2025-03-04 12:35:09,501	[INFO]	Stop Steps: 10
2025-03-04 12:35:11,639	[DEBUG]	EXEC>  SUCCESS 0.018481285714285717
2025-03-04 12:35:11,639	[INFO]	2-3     SUCCESS              +0.02 (94.84%) [1 edit(s)]  
2025-03-04 12:35:11,639	[DEBUG]	patch(2-3)="LineLLMMutation(('core/Solver.cc', 8), 'void Solver::garbageCollect()\n{\n    // Estimate the next region size to minimize reallocations\n    ClauseAllocator to(ca.size() - ca.wasted());\n    relocAll(to);\n\n    to.moveTo(ca);\n}', '911:923')"
2025-03-04 12:35:11,639	[INFO]	Step: 9
2025-03-04 12:35:11,639	[INFO]	Stop Steps: 10
2025-03-04 12:35:13,026	[DEBUG]	EXEC>  SUCCESS 0.01695057142857143
2025-03-04 12:35:13,026	[INFO]	REF     SUCCESS               0.02 (--) [0 edit(s)]  
2025-03-04 12:35:13,026	[INFO]	Best patch: 5
2025-03-04 12:35:15,158	[DEBUG]	EXEC>  SUCCESS 0.018084571428571426
2025-03-04 12:35:15,158	[INFO]	BEST    SUCCESS               0.02 (106.69%) [0 edit(s)]  
2025-03-04 12:35:15,158	[INFO]	Best patch step: 5
2025-03-04 12:35:33,535	[INFO]	Step: 9
2025-03-04 12:35:33,535	[INFO]	Stop Steps: 10
2025-03-04 12:35:35,527	[DEBUG]	EXEC>  SUCCESS 0.01751542857142857
2025-03-04 12:35:35,527	[INFO]	3-1     SUCCESS              +0.02 (103.33%) [2 edit(s)]  
2025-03-04 12:35:35,527	[DEBUG]	patch(3-1)="LineLLMMutation(('core/Solver.cc', 8), 'void Solver::garbageCollect()\n{\n    // Estimate the next region size to minimize reallocations\n    ClauseAllocator to(ca.size() - ca.wasted());\n    relocAll(to);\n\n    to.moveTo(ca);\n}', '911:923') | LineLLMMutation(('core/Solver.cc', 9), '#include "mtl/Sort.h"\n#include "core/Solver.h"', '20:24')"
2025-03-04 12:35:35,528	[INFO]	Step: 10
2025-03-04 12:35:35,528	[INFO]	Stop Steps: 10
2025-03-04 12:35:35,528	[INFO]	(Abstract Algorithm) Stopping Condition: step budget
2025-03-04 12:35:35,528	[INFO]	Step: 10
2025-03-04 12:35:35,528	[INFO]	Stop Steps: 10
2025-03-04 12:35:35,552	[INFO]	~~~~ END ~~~~
2025-03-04 12:35:35,553	[INFO]	Best patch step: 5
