2025-03-04 16:27:21,931	[DEBUG]	==== CONFIG ====
[magpie]
import = 
seed = 2504525886430810
log_dir = _magpie_logs
work_dir = _magpie_work
local_original_copy = True
local_original_name = __original__
output_encoding = ascii
edit_retries = 10
default_timeout = 100
default_lengthout = 1e6
diff_method = unified
trust_local_filesystem = True
run_timeout = 100

[magpie.log]
color_output = True
format_info = {counter:<7} {status:<20} {best}{fitness} ({ratio}) [{size}] {cached} {log}
format_debug = patch({counter})="{patch}"{diffifbest}
format_fitness = {:.2f}
format_ratio = {:.2%%}
format_patchif = 
	 --> {patch}
format_diffif = 
	{diff}

[software]
path = dataset/minisat
target_files = 
	core/Solver.cc
software = BasicSoftware
model_rules = 
	*.params : ParamFileConfigModel
	*.xml : SrcmlModel
	* : LineModel
model_config = 
	*.params : [paramconfig]
	*.xml : [srcml]
init_cmd = bash init.sh
init_timeout = 60
init_lengthout = -1
setup_cmd = bash compile.sh
setup_timeout = 
setup_lengthout = 
compile_cmd = bash compile.sh
compile_timeout = 
compile_lengthout = 
test_cmd = bash test.sh
test_timeout = 
test_lengthout = 
run_cmd = bash run_fixed.sh
run_timeout = 
run_lengthout = 
batch_timeout = 
batch_lengthout = 
batch_bin_fitness_strategy = aggregate
batch_fitness_strategy = sum
fitness = time
retries = 1

[srcml]
rename = 
	stmt: break continue decl_stmt do expr_stmt for goto if return switch while
	number: literal_number
focus = block stmt operator_comp operator_arith number
internodes = block
process_pseudo_blocks = True
process_literals = True
process_operators = True

[paramconfig]
timing = test run
cli_prefix = --
cli_glue = =
cli_boolean = show
cli_boolean_prefix_true = 
cli_boolean_prefix_false = no-
cli_none = hide
silent_prefix = @
silent_suffix = $

[search]
protocol = BasicProtocol
algorithm = GeneticProgrammingLLM
possible_edits = 
	LineLLMMutation
llm_prob = 1.0
warmup = 1
warmup_strategy = last
max_steps = 10
max_time = 20000
target_fitness = 
cache_maxsize = 100
cache_keep = 0.2
batch_instances = 
batch_shuffle = True
batch_bin_shuffle = False
batch_sample_size = 1

[search.ls]
delete_prob = 0.5
max_neighbours = 
when_trapped = continue
accept_fail = False
tabu_length = 10

[search.gp]
pop_size = 3
delete_prob = 0.0
offspring_elitism = 0.1
offspring_crossover = 0.0
offspring_mutation = 1.0
uniform_rate = 0.5
batch_reset = False
llm_type = baseline

[search.minify]
do_cleanup = True
do_rebuild = True
do_simplify = True
round_robin_limit = 3


2025-03-04 16:27:21,931	[DEBUG]	
2025-03-04 16:27:21,931	[INFO]	==== SEARCH: GeneticProgrammingLLM ====
2025-03-04 16:27:21,931	[INFO]	~~~~ WARMUP ~~~~
2025-03-04 16:27:27,726	[DEBUG]	EXEC>  SUCCESS 0.5301113
2025-03-04 16:27:27,726	[INFO]	WARM    SUCCESS               0.53 (--) [0 edit(s)]  
2025-03-04 16:27:27,727	[INFO]	REF     SUCCESS               0.53 (--) [0 edit(s)]  
2025-03-04 16:27:27,729	[INFO]	
2025-03-04 16:27:27,729	[INFO]	~~~~ START ~~~~
2025-03-04 16:27:55,812	[INFO]	0-1     COMPILE_CODE_ERROR    None (--) [1 edit(s)]  
2025-03-04 16:27:55,812	[DEBUG]	patch(0-1)="LineLLMMutation(('core/Solver.cc', 0), [{'start_line_number': 454, 'start_line_code': 'while (qhead < trail.size()){', 'end_line_number': 502, 'end_line_code': 'ws.shrink(i - j);', 'new_code': "```\nwhile (qhead < trail.size()){\n    Lit p = trail[qhead++]; // 'p' is enqueued fact to propagate.\n    vec<Watcher>& ws = watches[p];\n    Watcher* i, *end;\n    num_props++;\n\n    for (i = (Watcher*)ws.begin(), end = i + ws.size(); i != end;){\n        Lit blocker = i->blocker;\n        if (value(blocker) == l_True){\n            ++i; continue;\n        }\n\n        CRef cr = i->cref;\n        Clause& c = ca[cr];\n        Lit false_lit = ~p;\n        if (c[0] == false_lit)\n            c[0] = c[1], c[1] = false_lit;\n        assert(c[1] == false_lit);\n        ++i;\n\n        Lit first = c[0];\n        if (value(first) == l_True){\n            continue;\n        }\n\n        for (int k = 2; k < c.size(); k++) {\n            if (value(c[k]) != l_False){\n                c[1] = c[k]; c[k] = false_lit;\n                watches[~c[1]].push(Watcher(cr, first));\n                goto NextClause;\n            }\n        }\n\n        if (value(first) == l_False){\n            confl = cr;\n            qhead = trail.size();\n            break;\n        } else {\n            uncheckedEnqueue(first, cr);\n        }\n\n    NextClause:;\n    }\n}\n```"}])"
2025-03-04 16:27:57,184	[INFO]	0-2     COMPILE_CODE_ERROR    None (--) [1 edit(s)]  
2025-03-04 16:27:57,184	[DEBUG]	patch(0-2)="LineLLMMutation(('core/Solver.cc', 1), [{'start_line_number': 525, 'start_line_code': 'void Solver::reduceDB()', 'end_line_number': 539, 'end_line_code': 'learnts.shrink(i - j);', 'new_code': '```\nvoid Solver::reduceDB()\n{\n    int i, j;\n    double extra_lim = cla_inc / learnts.size(); // Remove any clause below this activity\n\n    sort(learnts, reduceDB_lt(ca));\n    int limit = learnts.size() / 2;\n    for (i = j = 0; i < learnts.size(); i++){\n        Clause& c = ca[learnts[i]];\n        if (c.size() > 2 && !locked(c) && (i < limit || c.activity() < extra_lim)){\n            removeClause(learnts[i]);\n        } else {\n            learnts[j++] = learnts[i];\n        }\n    }\n    learnts.shrink(i - j);\n    checkGarbage();\n}\n```'}])"
2025-03-04 16:27:58,555	[INFO]	0-3     COMPILE_CODE_ERROR    None (--) [1 edit(s)]  
2025-03-04 16:27:58,555	[DEBUG]	patch(0-3)="LineLLMMutation(('core/Solver.cc', 2), [{'start_line_number': 559, 'start_line_code': 'void Solver::rebuildOrderHeap()', 'end_line_number': 565, 'end_line_code': 'order_heap.build(vs);', 'new_code': '```\nvoid Solver::rebuildOrderHeap()\n{\n    vec<Var> vs;\n    vs.capacity(nVars());\n    for (Var v = 0; v < nVars(); v++){\n        if (decision[v] && value(v) == l_Undef)\n            vs.push(v);\n    }\n    if (!order_heap.empty())\n        order_heap.clear();\n\n    order_heap.build(vs);\n}\n```'}])"
2025-03-04 16:27:59,555	[INFO]	Step: 3
2025-03-04 16:27:59,556	[INFO]	Stop Steps: 10
2025-03-04 16:28:29,242	[INFO]	~~~~ END ~~~~
2025-03-04 16:28:29,242	[INFO]	Best patch step: None
2025-03-04 16:28:29,243	[INFO]	
2025-03-04 16:28:29,243	[INFO]	==== REPORT ====
2025-03-04 16:28:29,243	[INFO]	Termination: keyboard interrupt
2025-03-04 16:28:29,243	[INFO]	Log file: /home/luke/magpie/_magpie_logs/minisat_1741105641.log
