2025-03-04 12:30:31,825	[DEBUG]	==== CONFIG ====
[magpie]
import = 
seed = 7698855225291695
log_dir = _magpie_logs
work_dir = _magpie_work
local_original_copy = True
local_original_name = __original__
output_encoding = ascii
edit_retries = 10
default_timeout = 100
default_lengthout = 1e6
diff_method = unified
trust_local_filesystem = True
run_timeout = 100

[magpie.log]
color_output = True
format_info = {counter:<7} {status:<20} {best}{fitness} ({ratio}) [{size}] {cached} {log}
format_debug = patch({counter})="{patch}"{diffifbest}
format_fitness = {:.2f}
format_ratio = {:.2%%}
format_patchif = 
	 --> {patch}
format_diffif = 
	{diff}

[software]
path = dataset/minisat
target_files = 
	core/Solver.cc
software = BasicSoftware
model_rules = 
	*.params : ParamFileConfigModel
	*.xml : SrcmlModel
	* : LineModel
model_config = 
	*.params : [paramconfig]
	*.xml : [srcml]
init_cmd = bash init.sh
init_timeout = 60
init_lengthout = -1
setup_cmd = bash compile.sh
setup_timeout = 
setup_lengthout = 
compile_cmd = bash compile.sh
compile_timeout = 
compile_lengthout = 
test_cmd = bash test.sh
test_timeout = 
test_lengthout = 
run_cmd = bash run_fixed.sh
run_timeout = 
run_lengthout = 
batch_timeout = 
batch_lengthout = 
batch_bin_fitness_strategy = aggregate
batch_fitness_strategy = sum
fitness = time
retries = 1

[srcml]
rename = 
	stmt: break continue decl_stmt do expr_stmt for goto if return switch while
	number: literal_number
focus = block stmt operator_comp operator_arith number
internodes = block
process_pseudo_blocks = True
process_literals = True
process_operators = True

[paramconfig]
timing = test run
cli_prefix = --
cli_glue = =
cli_boolean = show
cli_boolean_prefix_true = 
cli_boolean_prefix_false = no-
cli_none = hide
silent_prefix = @
silent_suffix = $

[search]
protocol = BasicProtocol
algorithm = GeneticProgrammingLLM
possible_edits = 
	LineLLMMutation
llm_prob = 1.0
warmup = 3
warmup_strategy = last
max_steps = 10
max_time = 20000
target_fitness = 
cache_maxsize = 100
cache_keep = 0.2
batch_instances = 
batch_shuffle = True
batch_bin_shuffle = False
batch_sample_size = 1

[search.ls]
delete_prob = 0.5
max_neighbours = 
when_trapped = continue
accept_fail = False
tabu_length = 10

[search.gp]
pop_size = 3
delete_prob = 0.0
offspring_elitism = 0.1
offspring_crossover = 0.0
offspring_mutation = 1.0
uniform_rate = 0.5
batch_reset = True
llm_type = baseline

[search.minify]
do_cleanup = True
do_rebuild = True
do_simplify = True
round_robin_limit = 3


2025-03-04 12:30:31,825	[DEBUG]	
2025-03-04 12:30:31,825	[INFO]	==== SEARCH: GeneticProgrammingLLM ====
2025-03-04 12:30:31,826	[INFO]	~~~~ WARMUP ~~~~
2025-03-04 12:30:32,328	[DEBUG]	EXEC>  SUCCESS 0.017316142857142856
2025-03-04 12:30:32,328	[INFO]	WARM    SUCCESS               0.02 (--) [0 edit(s)]  
2025-03-04 12:30:32,705	[DEBUG]	EXEC>  SUCCESS 0.01759257142857143
2025-03-04 12:30:32,705	[INFO]	WARM    SUCCESS               0.02 (--) [0 edit(s)]  
2025-03-04 12:30:33,082	[DEBUG]	EXEC>  SUCCESS 0.016517285714285714
2025-03-04 12:30:33,082	[INFO]	WARM    SUCCESS               0.02 (--) [0 edit(s)]  
2025-03-04 12:30:33,083	[INFO]	REF     SUCCESS               0.02 (--) [0 edit(s)]  
2025-03-04 12:30:33,085	[INFO]	
2025-03-04 12:30:33,085	[INFO]	~~~~ START ~~~~
2025-03-04 12:30:57,716	[DEBUG]	EXEC>  SUCCESS 0.017975714285714286
2025-03-04 12:30:57,716	[INFO]	0-1     SUCCESS              +0.02 (108.83%) [1 edit(s)]  
2025-03-04 12:30:57,716	[DEBUG]	patch(0-1)="LineLLMMutation(('core/Solver.cc', 0), '#include <cmath>\n#include "mtl/Sort.h"\n#include "core/Solver.h"', '20:23')"
2025-03-04 12:30:59,053	[INFO]	0-2     COMPILE_CODE_ERROR    None (--) [1 edit(s)]  
2025-03-04 12:30:59,053	[DEBUG]	patch(0-2)="LineLLMMutation(('core/Solver.cc', 1), 'bool Solver::addClause_(vec<Lit>& ps)\n{\n    assert(decisionLevel() == 0);\n    if (!ok) return false;\n\n    // Use a set to check and remove duplicates and false literals\n    std::unordered_set<Lit> unique_lits;\n    for (int i = 0; i < ps.size(); i++) {\n        if (value(ps[i]) == l_True || unique_lits.count(~ps[i]))\n            return true;\n        else if (value(ps[i]) != l_False)\n            unique_lits.insert(ps[i]);\n    }\n\n    ps.clear();\n    for (const auto& lit : unique_lits)\n        ps.push(lit);\n\n    if (ps.size() == 0)\n        return ok = false;\n    else if (ps.size() == 1){\n        uncheckedEnqueue(ps[0]);\n        return ok = (propagate() == CRef_Undef);\n    }else{\n        CRef cr = ca.alloc(ps, false);\n        clauses.push(cr);\n        attachClause(cr);\n    }\n\n    return true;\n}', '131:158')"
2025-03-04 12:31:00,387	[INFO]	0-3     COMPILE_CODE_ERROR    None (--) [1 edit(s)]  
2025-03-04 12:31:00,387	[DEBUG]	patch(0-3)="LineLLMMutation(('core/Solver.cc', 2), 'void Solver::reduceDB()\n{\n    int i, j;\n    double extra_lim = cla_inc / learnts.size();\n\n    sort(learnts, reduceDB_lt(ca));\n    // Prioritize removing clauses with lower activity and those not locked\n    for (i = j = 0; i < learnts.size(); i++){\n        Clause& c = ca[learnts[i]];\n        if (c.size() > 2 && !locked(c) && (c.activity() < extra_lim))\n            removeClause(learnts[i]);\n        else\n            learnts[j++] = learnts[i];\n    }\n    learnts.shrink(i - j);\n    checkGarbage();\n}', '510:539')"
2025-03-04 12:31:01,388	[INFO]	Step: 3
2025-03-04 12:31:01,388	[INFO]	Stop Steps: 10
2025-03-04 12:31:02,755	[DEBUG]	EXEC>  SUCCESS 0.016835428571428574
2025-03-04 12:31:02,755	[INFO]	REF     SUCCESS               0.02 (--) [0 edit(s)]  
2025-03-04 12:31:02,755	[INFO]	Best patch step: None
2025-03-04 12:31:42,690	[INFO]	Step: 3
2025-03-04 12:31:42,691	[INFO]	Stop Steps: 10
2025-03-04 12:31:43,031	[INFO]	1-1     COMPILE_CODE_ERROR    None (--) [2 edit(s)]  
2025-03-04 12:31:43,031	[DEBUG]	patch(1-1)="LineLLMMutation(('core/Solver.cc', 0), '#include <cmath>\n#include "mtl/Sort.h"\n#include "core/Solver.h"', '20:23') | LineLLMMutation(('core/Solver.cc', 3), "CRef Solver::propagate()\n{\n    CRef confl = CRef_Undef;\n    int num_props = 0;\n    watches.cleanAll();\n\n    while (qhead < trail.size()) {\n        Lit p = trail[qhead++]; // 'p' is enqueued fact to propagate.\n        vec<Watcher>& ws = watches[p];\n        Watcher* i, * j, * end;\n        num_props++;\n\n        for (i = j = ws.data(), end = i + ws.size(); i != end;) {\n            Lit blocker = i->blocker;\n            if (value(blocker) == l_True) {\n                *j++ = *i++;\n                continue;\n            }\n\n            CRef cr = i->cref;\n            Clause& c = ca[cr];\n            Lit false_lit = ~p;\n            if (c[0] == false_lit)\n                std::swap(c[0], c[1]);\n            assert(c[1] == false_lit);\n            i++;\n\n            Lit first = c[0];\n            Watcher w = Watcher(cr, first);\n            if (first != blocker && value(first) == l_True) {\n                *j++ = w;\n                continue;\n            }\n\n            bool found_watch = false;\n            for (int k = 2; k < c.size(); k++) {\n                if (value(c[k]) != l_False) {\n                    std::swap(c[1], c[k]);\n                    watches[~c[1]].push(w);\n                    found_watch = true;\n                    break;\n                }\n            }\n\n            if (!found_watch) {\n                *j++ = w;\n                if (value(first) == l_False) {\n                    confl = cr;\n                    qhead = trail.size();\n                    while (i < end)\n                        *j++ = *i++;\n                } else {\n                    uncheckedEnqueue(first, cr);\n                }\n            }\n        }\n        ws.shrink(i - j);\n    }\n    propagations += num_props;\n    simpDB_props -= num_props;\n\n    return confl;\n}", '447:506')"
2025-03-04 12:31:43,031	[INFO]	Step: 4
2025-03-04 12:31:43,031	[INFO]	Stop Steps: 10
2025-03-04 12:31:43,372	[INFO]	1-2     COMPILE_CODE_ERROR    None (--) [1 edit(s)]  
2025-03-04 12:31:43,372	[DEBUG]	patch(1-2)="LineLLMMutation(('core/Solver.cc', 4), 'CRef Solver::propagate()\n{\n    CRef confl = CRef_Undef;\n    int num_props = 0;\n    watches.cleanAll();\n\n    // Avoid unnecessary increment and checks in the loop\n    for (; qhead < trail.size(); ++qhead) {\n        Lit p = trail[qhead];\n        vec<Watcher>& ws = watches[p];\n        Watcher* i, * j = ws.begin(), * end = ws.end();\n        num_props++;\n\n        for (i = ws.begin(); i != end; ++i) {\n            // Skip clauses with satisfied first literals\n            Lit blocker = i->blocker;\n            if (value(blocker) == l_True) {\n                *j++ = *i; continue;\n            }\n\n            // Ensure the false literal is the second in the clause\n            CRef cr = i->cref;\n            Clause& c = ca[cr];\n            Lit false_lit = ~p;\n            if (c[0] == false_lit) {\n                c[0] = c[1], c[1] = false_lit;\n            }\n            assert(c[1] == false_lit);\n\n            // Check if the clause is already satisfied\n            Lit first = c[0];\n            if (first != blocker && value(first) == l_True) {\n                *j++ = *i; continue;\n            }\n\n            // Search for a new watch\n            for (int k = 2; k < c.size(); ++k) {\n                if (value(c[k]) != l_False) {\n                    c[1] = c[k]; c[k] = false_lit;\n                    watches[~c[1]].push(Watcher(cr, first));\n                    goto NextClause;\n                }\n            }\n\n            // Clause is unit under the assignment\n            *j++ = *i;\n            if (value(first) == l_False) {\n                confl = cr;\n                qhead = trail.size();\n                while (i != end) *j++ = *i++;\n            } else {\n                uncheckedEnqueue(first, cr);\n            }\n\n        NextClause:;\n        }\n        ws.shrink(i - j);\n    }\n    propagations += num_props;\n    simpDB_props -= num_props;\n\n    return confl;\n}', '448:505')"
2025-03-04 12:31:43,372	[INFO]	Step: 5
2025-03-04 12:31:43,372	[INFO]	Stop Steps: 10
2025-03-04 12:31:43,711	[INFO]	1-3     COMPILE_CODE_ERROR    None (--) [1 edit(s)]  
2025-03-04 12:31:43,712	[DEBUG]	patch(1-3)="LineLLMMutation(('core/Solver.cc', 5), 'lbool Solver::search(int nof_conflicts)\n{\n    assert(ok);\n    int backtrack_level, conflictC = 0;\n    vec<Lit> learnt_clause;\n    starts++;\n\n    for (;;) {\n        CRef confl = propagate();\n        if (confl != CRef_Undef) {\n            // Conflict handling\n            conflicts++; conflictC++;\n            if (decisionLevel() == 0) return l_False;\n\n            learnt_clause.clear();\n            analyze(confl, learnt_clause, backtrack_level);\n            cancelUntil(backtrack_level);\n\n            if (learnt_clause.size() == 1) {\n                uncheckedEnqueue(learnt_clause[0]);\n            } else {\n                CRef cr = ca.alloc(learnt_clause, true);\n                learnts.push(cr);\n                attachClause(cr);\n                claBumpActivity(ca[cr]);\n                uncheckedEnqueue(learnt_clause[0], cr);\n            }\n\n            varDecayActivity();\n            claDecayActivity();\n            if (--learntsize_adjust_cnt == 0) {\n                learntsize_adjust_confl *= learntsize_adjust_inc;\n                learntsize_adjust_cnt = (int)learntsize_adjust_confl;\n                max_learnts *= learntsize_inc;\n            }\n        } else {\n            // No conflict\n            if ((nof_conflicts >= 0 && conflictC >= nof_conflicts) || !withinBudget()) {\n                progress_estimate = progressEstimate();\n                cancelUntil(0);\n                return l_Undef;\n            }\n\n            if (decisionLevel() == 0 && !simplify())\n                return l_False;\n\n            if (learnts.size() - nAssigns() >= max_learnts)\n                reduceDB();\n\n            Lit next = lit_Undef;\n            while (decisionLevel() < assumptions.size()) {\n                // Perform user provided assumption\n                Lit p = assumptions[decisionLevel()];\n                if (value(p) == l_True) {\n                    newDecisionLevel();\n                } else if (value(p) == l_False) {\n                    analyzeFinal(~p, conflict);\n                    return l_False;\n                } else {\n                    next = p;\n                    break;\n                }\n            }\n\n            if (next == lit_Undef) {\n                decisions++;\n                next = pickBranchLit();\n                if (next == lit_Undef)\n                    return l_True;\n            }\n\n            newDecisionLevel();\n            uncheckedEnqueue(next);\n        }\n    }\n}', '613:703')"
2025-03-04 12:31:43,712	[INFO]	Step: 6
2025-03-04 12:31:43,712	[INFO]	Stop Steps: 10
2025-03-04 12:31:45,079	[DEBUG]	EXEC>  SUCCESS 0.016788142857142856
2025-03-04 12:31:45,079	[INFO]	REF     SUCCESS               0.02 (--) [0 edit(s)]  
2025-03-04 12:31:45,079	[INFO]	Best patch step: None
2025-03-04 12:32:05,782	[INFO]	Step: 6
2025-03-04 12:32:05,782	[INFO]	Stop Steps: 10
2025-03-04 12:32:06,144	[INFO]	2-1     COMPILE_CODE_ERROR    None (--) [1 edit(s)]  
2025-03-04 12:32:06,144	[DEBUG]	patch(2-1)="LineLLMMutation(('core/Solver.cc', 6), 'Solver::Solver() :\n    verbosity(0),\n    var_decay(opt_var_decay),\n    clause_decay(opt_clause_decay),\n    random_var_freq(opt_random_var_freq),\n    random_seed(opt_random_seed),\n    luby_restart(opt_luby_restart),\n    ccmin_mode(opt_ccmin_mode),\n    phase_saving(opt_phase_saving),\n    rnd_pol(false),\n    rnd_init_act(opt_rnd_init_act),\n    garbage_frac(opt_garbage_frac),\n    restart_first(opt_restart_first),\n    restart_inc(opt_restart_inc),\n    learntsize_factor(1.0 / 3.0),\n    learntsize_inc(1.1),\n    learntsize_adjust_start_confl(100),\n    learntsize_adjust_inc(1.5),\n    solves(0),\n    starts(0),\n    decisions(0),\n    rnd_decisions(0),\n    propagations(0),\n    conflicts(0),\n    dec_vars(0),\n    clauses_literals(0),\n    learnts_literals(0),\n    max_literals(0),\n    tot_literals(0),\n    ok(true),\n    cla_inc(1),\n    var_inc(1),\n    watches(WatcherDeleted(ca)),\n    qhead(0),\n    simpDB_assigns(-1),\n    simpDB_props(0),\n    order_heap(VarOrderLt(activity)),\n    progress_estimate(0),\n    remove_satisfied(true),\n    conflict_budget(-1),\n    propagation_budget(-1),\n    asynch_interrupt(false)\n{}', '55:66')"
2025-03-04 12:32:06,144	[INFO]	Step: 7
2025-03-04 12:32:06,144	[INFO]	Stop Steps: 10
2025-03-04 12:32:08,173	[DEBUG]	EXEC>  SUCCESS 0.01671814285714286
2025-03-04 12:32:08,173	[INFO]	2-2     SUCCESS              *0.02 (99.58%) [1 edit(s)]  
2025-03-04 12:32:08,173	[DEBUG]	patch(2-2)="LineLLMMutation(('core/Solver.cc', 7), "CRef Solver::propagate() {\n    CRef confl = CRef_Undef;\n    int num_props = 0;\n    watches.cleanAll();\n    while (qhead < trail.size()) {\n        Lit p = trail[qhead++]; // 'p' is enqueued fact to propagate.\n        vec<Watcher>& ws = watches[p];\n        Watcher* i, * j, * end;\n        num_props++;\n\n        for (i = j = (Watcher*)ws, end = i + ws.size(); i != end;) {\n            Lit blocker = i->blocker;\n            if (value(blocker) == l_True) {\n                *j++ = *i++; continue;\n            }\n\n            CRef cr = i->cref;\n            Clause& c = ca[cr];\n            Lit false_lit = ~p;\n            if (c[0] == false_lit)\n                std::swap(c[0], c[1]);\n            assert(c[1] == false_lit);\n            i++;\n\n            Lit first = c[0];\n            Watcher w = Watcher(cr, first);\n            if (first != blocker && value(first) == l_True) {\n                *j++ = w; continue;\n            }\n\n            for (int k = 2; k < c.size(); k++) {\n                if (value(c[k]) != l_False) {\n                    std::swap(c[1], c[k]);\n                    watches[~c[1]].push(w);\n                    goto NextClause;\n                }\n            }\n\n            *j++ = w;\n            if (value(first) == l_False) {\n                confl = cr;\n                qhead = trail.size();\n                while (i < end)\n                    *j++ = *i++;\n            } else {\n                uncheckedEnqueue(first, cr);\n            }\n\n        NextClause:;\n        }\n        ws.shrink(i - j);\n    }\n    propagations += num_props;\n    simpDB_props -= num_props;\n    return confl;\n}", '448:507')"

2025-03-04 12:32:08,173	[INFO]	Step: 8
2025-03-04 12:32:08,173	[INFO]	Stop Steps: 10
2025-03-04 12:32:08,530	[INFO]	2-3     COMPILE_CODE_ERROR    None (--) [1 edit(s)]  
2025-03-04 12:32:08,530	[DEBUG]	patch(2-3)="LineLLMMutation(('core/Solver.cc', 8), "bool Solver::simplify() {\n    assert(decisionLevel() == 0);\n\n    if (!ok || propagate() != CRef_Undef)\n        return ok = false;\n\n    if (nAssigns() != simpDB_assigns && simpDB_props <= 0) {\n        removeSatisfied(learnts);\n        if (remove_satisfied) // Can be turned off.\n            removeSatisfied(clauses);\n        checkGarbage();\n        rebuildOrderHeap();\n        simpDB_assigns = nAssigns();\n        simpDB_props = clauses_literals + learnts_literals; // (shouldn't depend on stats really, but it will do for now)\n    }\n\n    return true;\n}", '576:596')"
2025-03-04 12:32:08,530	[INFO]	Step: 9
2025-03-04 12:32:08,530	[INFO]	Stop Steps: 10
2025-03-04 12:32:09,911	[DEBUG]	EXEC>  SUCCESS 0.016918
2025-03-04 12:32:09,911	[INFO]	REF     SUCCESS               0.02 (--) [0 edit(s)]  
2025-03-04 12:32:09,911	[INFO]	Best patch: 7
2025-03-04 12:32:11,927	[DEBUG]	EXEC>  SUCCESS 0.017458571428571427
2025-03-04 12:32:11,927	[INFO]	BEST    SUCCESS               0.02 (103.20%) [0 edit(s)]  
2025-03-04 12:32:11,927	[INFO]	Best patch step: 7
2025-03-04 12:32:30,549	[INFO]	~~~~ END ~~~~
2025-03-04 12:32:30,550	[INFO]	Best patch step: 7
