2025-03-05 18:36:12,350	[DEBUG]	==== CONFIG ====
[magpie]
import = 
seed = 7857938210136089
log_dir = _magpie_logs
work_dir = _magpie_work
local_original_copy = True
local_original_name = __original__
output_encoding = ascii
edit_retries = 10
default_timeout = 100
default_lengthout = 1e6
diff_method = unified
trust_local_filesystem = True
run_timeout = 100

[magpie.log]
color_output = True
format_info = {counter:<7} {status:<20} {best}{fitness} ({ratio}) [{size}] {cached} {log}
format_debug = patch({counter})="{patch}"{diffifbest}
format_fitness = {:.2f}
format_ratio = {:.2%%}
format_patchif = 
	 --> {patch}
format_diffif = 
	{diff}

[software]
path = dataset/minisat
target_files = 
	core/Solver.cc
software = BasicSoftware
model_rules = 
	*.params : ParamFileConfigModel
	*.xml : SrcmlModel
	* : LineModel
model_config = 
	*.params : [paramconfig]
	*.xml : [srcml]
init_cmd = bash init.sh
init_timeout = 60
init_lengthout = -1
setup_cmd = bash compile.sh
setup_timeout = 
setup_lengthout = 
compile_cmd = bash compile.sh
compile_timeout = 
compile_lengthout = 
test_cmd = bash test.sh
test_timeout = 
test_lengthout = 
run_cmd = bash run_fixed.sh
run_timeout = 
run_lengthout = 
batch_timeout = 
batch_lengthout = 
batch_bin_fitness_strategy = aggregate
batch_fitness_strategy = sum
fitness = time
retries = 1

[srcml]
rename = 
	stmt: break continue decl_stmt do expr_stmt for goto if return switch while
	number: literal_number
focus = block stmt operator_comp operator_arith number
internodes = block
process_pseudo_blocks = True
process_literals = True
process_operators = True

[paramconfig]
timing = test run
cli_prefix = --
cli_glue = =
cli_boolean = show
cli_boolean_prefix_true = 
cli_boolean_prefix_false = no-
cli_none = hide
silent_prefix = @
silent_suffix = $

[search]
protocol = BasicProtocol
algorithm = GeneticProgrammingLLM
possible_edits = 
	LineLLMMutation
llm_prob = 1.0
warmup = 1
warmup_strategy = last
max_steps = 200
max_time = 20000
target_fitness = 
cache_maxsize = 100
cache_keep = 0.2
batch_instances = 
batch_shuffle = True
batch_bin_shuffle = False
batch_sample_size = 1

[search.ls]
delete_prob = 0.5
max_neighbours = 
when_trapped = continue
accept_fail = False
tabu_length = 10

[search.gp]
pop_size = 4
delete_prob = 0.0
offspring_elitism = 0.1
offspring_crossover = 1.0
offspring_mutation = 0.0
uniform_rate = 0.5
batch_reset = False
llm_type = baseline

[search.minify]
do_cleanup = True
do_rebuild = True
do_simplify = True
round_robin_limit = 3


2025-03-05 18:36:12,350	[DEBUG]	
2025-03-05 18:36:12,350	[INFO]	==== SEARCH: GeneticProgrammingLLM ====
2025-03-05 18:36:12,350	[INFO]	~~~~ WARMUP ~~~~
2025-03-05 18:36:12,706	[DEBUG]	EXEC>  SUCCESS 0.001032
2025-03-05 18:36:12,706	[INFO]	WARM    SUCCESS               0.00 (--) [0 edit(s)]  
2025-03-05 18:36:12,706	[INFO]	REF     SUCCESS               0.00 (--) [0 edit(s)]  
2025-03-05 18:36:12,708	[INFO]	
2025-03-05 18:36:12,708	[INFO]	~~~~ START ~~~~
2025-03-05 18:36:39,076	[DEBUG]	EXEC>  SUCCESS 0.0
2025-03-05 18:36:39,077	[INFO]	0-1     SUCCESS              *0.00 (0.00%) [1 edit(s)]  
2025-03-05 18:36:39,077	[DEBUG]	patch(0-1)="LineLLMMutation(('core/Solver.cc', 0), [{'start_line_number': 459, 'start_line_code': 'for (i = j = (Watcher*)ws, end = i + ws.size();  i != end;){', 'end_line_number': 501, 'end_line_code': 'ws.shrink(i - j);', 'new_code': 'for (i = j = (Watcher*)ws, end = i + ws.size(); i != end;){\n    Lit blocker = i->blocker;\n    if (value(blocker) == l_True){\n        *j++ = *i++; continue;\n    }\n    CRef cr = i->cref;\n    Clause& c = ca[cr];\n    if (c.size() > 2){\n        Lit false_lit = ~p;\n        if (c[0] == false_lit) c[0] = c[1], c[1] = false_lit;\n        assert(c[1] == false_lit); i++;\n        Lit first = c[0];\n        if (first != blocker && value(first) == l_True){\n            *j++ = Watcher(cr, first); continue;\n        }\n        for (int k = 2; k < c.size(); k++){\n            if (value(c[k]) != l_False){\n                c[1] = c[k]; c[k] = false_lit;\n                watches[~c[1]].push(Watcher(cr, first));\n                goto NextClause;\n            }\n        }\n        *j++ = Watcher(cr, first);\n        if (value(first) == l_False){\n            confl = cr; qhead = trail.size();\n            while (i < end) *j++ = *i++;\n        } else uncheckedEnqueue(first, cr);\n    } else {\n        *j++ = *i++;\n    }\nNextClause:;\n}\nws.shrink(i - j);'}])"

2025-03-05 18:36:41,886	[DEBUG]	EXEC>  SUCCESS 0.0
2025-03-05 18:36:41,887	[INFO]	0-2     SUCCESS               0.00 (0.00%) [1 edit(s)]  
2025-03-05 18:36:41,887	[DEBUG]	patch(0-2)="LineLLMMutation(('core/Solver.cc', 1), [{'start_line_number': 529, 'start_line_code': 'sort(learnts, reduceDB_lt(ca));', 'end_line_number': 539, 'end_line_code': 'checkGarbage();', 'new_code': 'if (learnts.size() > 1000) { // Arbitrary threshold to avoid sorting small sets\n    sort(learnts, reduceDB_lt(ca));\n    double extra_lim = cla_inc / learnts.size();\n    int j = 0;\n    for (int i = 0; i < learnts.size(); i++){\n        Clause& c = ca[learnts[i]];\n        if (c.size() > 2 && !locked(c) && (i < learnts.size() / 2 || c.activity() < extra_lim))\n            removeClause(learnts[i]);\n        else\n            learnts[j++] = learnts[i];\n    }\n    learnts.shrink(learnts.size() - j);\n}\ncheckGarbage();'}])"
2025-03-05 18:36:44,612	[INFO]	0-3     TEST_CODE_ERROR       None (--) [1 edit(s)]  
2025-03-05 18:36:44,612	[DEBUG]	patch(0-3)="LineLLMMutation(('core/Solver.cc', 2), [{'start_line_number': 225, 'start_line_code': 'Lit Solver::pickBranchLit()', 'end_line_number': 243, 'end_line_code': 'return next == var_Undef ? lit_Undef : mkLit(next, rnd_pol ? drand(random_seed) < 0.5 : polarity[next]);', 'new_code': 'Lit Solver::pickBranchLit()\n{\n    Var next = var_Undef;\n    if (!order_heap.empty()){\n        do {\n            next = order_heap.removeMin();\n        } while (value(next) != l_Undef && !decision[next] && !order_heap.empty());\n        if (value(next) == l_Undef && decision[next])\n            return mkLit(next, rnd_pol ? drand(random_seed) < 0.5 : polarity[next]);\n    }\n    return lit_Undef;\n}'}])"
2025-03-05 18:36:47,419	[DEBUG]	EXEC>  SUCCESS 0.00121
2025-03-05 18:36:47,420	[INFO]	0-4     SUCCESS               0.00 (117.25%) [1 edit(s)]  
2025-03-05 18:36:47,420	[DEBUG]	patch(0-4)="LineLLMMutation(('core/Solver.cc', 3), [{'start_line_number': 587, 'start_line_code': 'removeSatisfied(learnts);', 'end_line_number': 592, 'end_line_code': 'rebuildOrderHeap();', 'new_code': 'removeSatisfied(learnts);\nif (remove_satisfied) removeSatisfied(clauses);\nif (clauses_literals + learnts_literals > simpDB_props) {\n    checkGarbage();\n    rebuildOrderHeap();\n    simpDB_assigns = nAssigns();\n    simpDB_props = clauses_literals + learnts_literals; \n}'}])"
2025-03-05 18:36:48,420	[INFO]	Step: 4
2025-03-05 18:36:48,420	[INFO]	Stop Steps: 200
2025-03-05 18:36:59,008	[INFO]	~~~~ END ~~~~
2025-03-05 18:36:59,008	[INFO]	Best patch step: 0
2025-03-05 18:36:59,009	[INFO]	
2025-03-05 18:36:59,009	[INFO]	==== REPORT ====
2025-03-05 18:36:59,009	[INFO]	Termination: keyboard interrupt
2025-03-05 18:36:59,009	[INFO]	Log file: /home/luke/magpie/_magpie_logs/minisat_1741199772.log
2025-03-05 18:36:59,009	[INFO]	Patch file: _magpie_logs/minisat_1741199772.patch
2025-03-05 18:36:59,009	[INFO]	Diff file: _magpie_logs/minisat_1741199772.diff
2025-03-05 18:36:59,009	[INFO]	Reference fitness: 0.00
2025-03-05 18:36:59,009	[INFO]	Best fitness: 0.00
2025-03-05 18:36:59,009	[INFO]	
2025-03-05 18:36:59,010	[INFO]	==== BEST PATCH ====
LineLLMMutation(('core/Solver.cc', 0), [{'start_line_number': 459, 'start_line_code': 'for (i = j = (Watcher*)ws, end = i + ws.size();  i != end;){', 'end_line_number': 501, 'end_line_code': 'ws.shrink(i - j);', 'new_code': 'for (i = j = (Watcher*)ws, end = i + ws.size(); i != end;){\n    Lit blocker = i->blocker;\n    if (value(blocker) == l_True){\n        *j++ = *i++; continue;\n    }\n    CRef cr = i->cref;\n    Clause& c = ca[cr];\n    if (c.size() > 2){\n        Lit false_lit = ~p;\n        if (c[0] == false_lit) c[0] = c[1], c[1] = false_lit;\n        assert(c[1] == false_lit); i++;\n        Lit first = c[0];\n        if (first != blocker && value(first) == l_True){\n            *j++ = Watcher(cr, first); continue;\n        }\n        for (int k = 2; k < c.size(); k++){\n            if (value(c[k]) != l_False){\n                c[1] = c[k]; c[k] = false_lit;\n                watches[~c[1]].push(Watcher(cr, first));\n                goto NextClause;\n            }\n        }\n        *j++ = Watcher(cr, first);\n        if (value(first) == l_False){\n            confl = cr; qhead = trail.size();\n            while (i < end) *j++ = *i++;\n        } else uncheckedEnqueue(first, cr);\n    } else {\n        *j++ = *i++;\n    }\nNextClause:;\n}\nws.shrink(i - j);'}])
2025-03-05 18:36:59,010	[INFO]	
2025-03-05 18:36:59,010	[INFO]	==== DIFF ====

