2025-03-04 11:50:55,728	[DEBUG]	==== CONFIG ====
[magpie]
import = 
seed = 6065882500119348
log_dir = _magpie_logs
work_dir = _magpie_work
local_original_copy = True
local_original_name = __original__
output_encoding = ascii
edit_retries = 10
default_timeout = 100
default_lengthout = 1e6
diff_method = unified
trust_local_filesystem = True
run_timeout = 100

[magpie.log]
color_output = True
format_info = {counter:<7} {status:<20} {best}{fitness} ({ratio}) [{size}] {cached} {log}
format_debug = patch({counter})="{patch}"{diffifbest}
format_fitness = {:.2f}
format_ratio = {:.2%%}
format_patchif = 
	 --> {patch}
format_diffif = 
	{diff}

[software]
path = dataset/minisat
target_files = 
	core/Solver.cc
software = BasicSoftware
model_rules = 
	*.params : ParamFileConfigModel
	*.xml : SrcmlModel
	* : LineModel
model_config = 
	*.params : [paramconfig]
	*.xml : [srcml]
init_cmd = bash init.sh
init_timeout = 60
init_lengthout = -1
setup_cmd = bash compile.sh
setup_timeout = 
setup_lengthout = 
compile_cmd = bash compile.sh
compile_timeout = 
compile_lengthout = 
test_cmd = bash test.sh
test_timeout = 
test_lengthout = 
run_cmd = bash run_fixed.sh
run_timeout = 
run_lengthout = 
batch_timeout = 
batch_lengthout = 
batch_bin_fitness_strategy = aggregate
batch_fitness_strategy = sum
fitness = time
retries = 1

[srcml]
rename = 
	stmt: break continue decl_stmt do expr_stmt for goto if return switch while
	number: literal_number
focus = block stmt operator_comp operator_arith number
internodes = block
process_pseudo_blocks = True
process_literals = True
process_operators = True

[paramconfig]
timing = test run
cli_prefix = --
cli_glue = =
cli_boolean = show
cli_boolean_prefix_true = 
cli_boolean_prefix_false = no-
cli_none = hide
silent_prefix = @
silent_suffix = $

[search]
protocol = BasicProtocol
algorithm = GeneticProgrammingLLM
possible_edits = 
	LineLLMMutation
	LineLLMCrossover
llm_prob = 1.0
warmup = 1
warmup_strategy = last
max_steps = 10
max_time = 20000
target_fitness = 
cache_maxsize = 100
cache_keep = 0.2
batch_instances = 
batch_shuffle = True
batch_bin_shuffle = False
batch_sample_size = 1

[search.ls]
delete_prob = 0.5
max_neighbours = 
when_trapped = continue
accept_fail = False
tabu_length = 10

[search.gp]
pop_size = 1
delete_prob = 0.0
offspring_elitism = 0.1
offspring_crossover = 0.5
offspring_mutation = 1.0
uniform_rate = 0.5
batch_reset = True
llm_type = baseline

[search.minify]
do_cleanup = True
do_rebuild = True
do_simplify = True
round_robin_limit = 3


2025-03-04 11:50:55,728	[DEBUG]	
2025-03-04 11:50:55,729	[INFO]	==== SEARCH: GeneticProgrammingLLM ====
2025-03-04 11:50:55,729	[INFO]	~~~~ WARMUP ~~~~
2025-03-04 11:50:56,122	[DEBUG]	EXEC>  SUCCESS 0.0011375
2025-03-04 11:50:56,122	[INFO]	WARM    SUCCESS               0.00 (--) [0 edit(s)]  
2025-03-04 11:50:56,122	[INFO]	REF     SUCCESS               0.00 (--) [0 edit(s)]  
2025-03-04 11:50:56,124	[INFO]	
2025-03-04 11:50:56,124	[INFO]	~~~~ START ~~~~
2025-03-04 11:50:58,048	[DEBUG]	EXEC>  SUCCESS 0.001101
2025-03-04 11:50:58,049	[INFO]	0-1     SUCCESS              *0.00 (96.79%) [1 edit(s)]  
2025-03-04 11:50:58,049	[DEBUG]	patch(0-1)="LineLLMMutation(('core/Solver.cc', 0), '/***************************************************************************************[Solver.cc]\nCopyright (c) 2003-2006, Niklas Een, Niklas Sorensson\nCopyright (c) 2007-2010, Niklas Sorensson\n\nPermission is hereby granted, free of charge, to any person obtaining a copy of this software and\nassociated documentation files (the "Software"), to deal in the Software without restriction,\nincluding without limitation the rights to use, copy, modify, merge, publish, distribute,\nsublicense, and/or sell copies of the Software, and to permit persons to whom the Software is\nfurnished to do so, subject to the following conditions:\n\nThe above copyright notice and this permission notice shall be included in all copies or\nsubstantial portions of the Software.\n\nTHE SOFTWARE IS PROVIDED "AS IS", WITHOUT WARRANTY OF ANY KIND, EXPRESS OR IMPLIED, INCLUDING BUT\nNOT LIMITED TO THE WARRANTIES OF MERCHANTABILITY, FITNESS FOR A PARTICULAR PURPOSE AND\nNONINFRINGEMENT. IN NO EVENT SHALL THE AUTHORS OR COPYRIGHT HOLDERS BE LIABLE FOR ANY CLAIM,\nDAMAGES OR OTHER LIABILITY, WHETHER IN AN ACTION OF CONTRACT, TORT OR OTHERWISE, ARISING FROM, OUT\nOF OR IN CONNECTION WITH THE SOFTWARE OR THE USE OR OTHER DEALINGS IN THE SOFTWARE.\n**************************************************************************************************/\n\n#include <math.h>\n\n#include "mtl/Sort.h"\n#include "core/Solver.h"\n\nusing namespace Minisat;\n\n//=================================================================================================\n// Options:\n\n\nstatic const char* _cat = "CORE";\n\nstatic DoubleOption  opt_var_decay         (_cat, "var-decay",   "The variable activity decay factor",            0.95,     DoubleRange(0, false, 1, false));\nstatic DoubleOption  opt_clause_decay      (_cat, "cla-decay",   "The clause activity decay factor",              0.999,    DoubleRange(0, false, 1, false));\nstatic DoubleOption  opt_random_var_freq   (_cat, "rnd-freq",    "The frequency with which the decision heuristic tries to choose a random variable", 0, DoubleRange(0, true, 1, true));\nstatic DoubleOption  opt_random_seed       (_cat, "rnd-seed",    "Used by the random variable selection",         91648253, DoubleRange(0, false, HUGE_VAL, false));\nstatic IntOption     opt_ccmin_mode        (_cat, "ccmin-mode",  "Controls conflict clause minimization (0=none, 1=basic, 2=deep)", 2, IntRange(0, 2));\nstatic IntOption     opt_phase_saving      (_cat, "phase-saving", "Controls the level of phase saving (0=none, 1=limited, 2=full)", 2, IntRange(0, 2));\nstatic BoolOption    opt_rnd_init_act      (_cat, "rnd-init",    "Randomize the initial activity", false);\nstatic BoolOption    opt_luby_restart      (_cat, "luby",        "Use the Luby restart sequence", true);\nstatic IntOption     opt_restart_first     (_cat, "rfirst",      "The base restart interval", 100, IntRange(1, INT32_MAX));\nstatic DoubleOption  opt_restart_inc       (_cat, "rinc",        "Restart interval increase factor", 2, DoubleRange(1, false, HUGE_VAL, false));\nstatic DoubleOption  opt_garbage_frac      (_cat, "gc-frac",     "The fraction of wasted memory allowed before a garbage collection is triggered",  0.20, DoubleRange(0, false, HUGE_VAL, false));\n\n\n//=================================================================================================\n// Constructor/Destructor:\n\n\nSolver::Solver() :\n\n    // Parameters (user settable):\n    //\n    verbosity        (0)\n  , var_decay        (opt_var_decay)\n  , clause_decay     (opt_clause_decay)\n  , random_var_freq  (opt_random_var_freq)\n  , random_seed      (opt_random_seed)\n  , luby_restart     (opt_luby_restart)\n  , ccmin_mode       (opt_ccmin_mode)\n  , phase_saving     (opt_phase_saving)\n  , rnd_pol          (false)\n  , rnd_init_act     (opt_rnd_init_act)\n  , garbage_frac     (opt_garbage_frac)\n  , restart_first    (opt_restart_first)\n  , restart_inc      (opt_restart_inc)\n\n    // Parameters (the rest):\n    //\n  , learntsize_factor((double)1/(double)3), learntsize_inc(1.1)\n\n    // Parameters (experimental):\n    //\n  , learntsize_adjust_start_confl (100)\n  , learntsize_adjust_inc         (1.5)\n\n    // Statistics: (formerly in \'SolverStats\')\n    //\n  , solves(0), starts(0), decisions(0), rnd_decisions(0), propagations(0), conflicts(0)\n  , dec_vars(0), clauses_literals(0), learnts_literals(0), max_literals(0), tot_literals(0)\n\n  , ok                 (true)\n  , cla_inc            (1)\n  , var_inc            (1)\n  , watches            (WatcherDeleted(ca))\n  , qhead              (0)\n  , simpDB_assigns     (-1)\n  , simpDB_props       (0)\n  , order_heap         (VarOrderLt(activity))\n  , progress_estimate  (0)\n  , remove_satisfied   (true)\n\n    // Resource constraints:\n    //\n  , conflict_budget    (-1)\n  , propagation_budget (-1)\n  , asynch_interrupt   (false)\n{}\n\n\nSolver::~Solver()\n{\n}\n\n\n//=================================================================================================\n// Minor methods:\n\n\n// Creates a new SAT variable in the solver. If \'decision\' is cleared, variable will not be\n// used as a decision variable (NOTE! This has effects on the meaning of a SATISFIABLE result).\n//\nVar Solver::newVar(bool sign, bool dvar)\n{\n    int v = nVars();\n    watches  .init(mkLit(v, false));\n    watches  .init(mkLit(v, true ));\n    assigns  .push(l_Undef);\n    vardata  .push(mkVarData(CRef_Undef, 0));\n    //activity .push(0);\n    activity .push(rnd_init_act ? drand(random_seed) * 0.00001 : 0);\n    seen     .push(0);\n    polarity .push(sign);\n    decision .push();\n    trail    .capacity(v+1);\n    setDecisionVar(v, dvar);\n    return v;\n}\n\n\nbool Solver::addClause_(vec<Lit>& ps)\n{\n    assert(decisionLevel() == 0);\n    if (!ok) return false;\n\n    // Check if clause is satisfied and remove false/duplicate literals:\n    sort(ps);\n    Lit p; int i, j;\n    for (i = j = 0, p = lit_Undef; i < ps.size(); i++)\n        if (value(ps[i]) == l_True || ps[i] == ~p)\n            return true;\n        else if (value(ps[i]) != l_False && ps[i] != p)\n            ps[j++] = p = ps[i];\n    ps.shrink(i - j);\n\n    if (ps.size() == 0)\n        return ok = false;\n    else if (ps.size() == 1){\n        uncheckedEnqueue(ps[0]);\n        return ok = (propagate() == CRef_Undef);\n    }else{\n        CRef cr = ca.alloc(ps, false);\n        clauses.push(cr);\n        attachClause(cr);\n    }\n\n    return true;\n}\n\n\nvoid Solver::attachClause(CRef cr) {\n    const Clause& c = ca[cr];\n    assert(c.size() > 1);\n    watches[~c[0]].push(Watcher(cr, c[1]));\n    watches[~c[1]].push(Watcher(cr, c[0]));\n    if (c.learnt()) learnts_literals += c.size();\n    else            clauses_literals += c.size(); }\n\n\nvoid Solver::detachClause(CRef cr, bool strict) {\n    const Clause& c = ca[cr];\n    assert(c.size() > 1);\n\n    if (strict){\n        remove(watches[~c[0]], Watcher(cr, c[1]));\n        remove(watches[~c[1]], Watcher(cr, c[0]));\n    }else{\n        // Lazy detaching: (NOTE! Must clean all watcher lists before garbage collecting this clause)\n        watches.smudge(~c[0]);\n        watches.smudge(~c[1]);\n    }\n\n    if (c.learnt()) learnts_literals -= c.size();\n    else            clauses_literals -= c.size(); }\n\n\nvoid Solver::removeClause(CRef cr) {\n    Clause& c = ca[cr];\n    detachClause(cr);\n    // Don\'t leave pointers to free\'d memory!\n    if (locked(c)) vardata[var(c[0])].reason = CRef_Undef;\n    c.mark(1);\n    ca.free(cr);\n}\n\n\nbool Solver::satisfied(const Clause& c) const {\n    for (int i = 0; i < c.size(); i++)\n        if (value(c[i]) == l_True)\n            return true;\n    return false; }\n\n\n// Revert to the state at given level (keeping all assignment at \'level\' but not beyond).\n//\nvoid Solver::cancelUntil(int level) {\n    if (decisionLevel() > level){\n        for (int c = trail.size()-1; c >= trail_lim[level]; c--){\n            Var      x  = var(trail[c]);\n            assigns [x] = l_Undef;\n            if (phase_saving > 1 || (phase_saving == 1) && c > trail_lim.last())\n                polarity[x] = sign(trail[c]);\n            insertVarOrder(x); }\n        qhead = trail_lim[level];\n        trail.shrink(trail.size() - trail_lim[level]);\n        trail_lim.shrink(trail_lim.size() - level);\n    } }\n\n\n//=================================================================================================\n// Major methods:\n\n\nLit Solver::pickBranchLit()\n{\n    Var next = var_Undef;\n\n    // Random decision:\n    if (drand(random_seed) < random_var_freq && !order_heap.empty()){\n        next = order_heap[irand(random_seed,order_heap.size())];\n        if (value(next) == l_Undef && decision[next])\n            rnd_decisions++; }\n\n    // Activity based decision:\n    while (next == var_Undef || value(next) != l_Undef || !decision[next])\n        if (order_heap.empty()){\n            next = var_Undef;\n            break;\n        }else\n            next = order_heap.removeMin();\n\n    return next == var_Undef ? lit_Undef : mkLit(next, rnd_pol ? drand(random_seed) < 0.5 : polarity[next]);\n}\n\n\n/*_________________________________________________________________________________________________\n|\n|  analyze : (confl : Clause*) (out_learnt : vec<Lit>&) (out_btlevel : int&)  ->  [void]\n|\n|  Description:\n|    Analyze conflict and produce a reason clause.\n|\n|    Pre-conditions:\n|      * \'out_learnt\' is assumed to be cleared.\n|      * Current decision level must be greater than root level.\n|\n|    Post-conditions:\n|      * \'out_learnt[0]\' is the asserting literal at level \'out_btlevel\'.\n|      * If out_learnt.size() > 1 then \'out_learnt[1]\' has the greatest decision level of the\n|        rest of literals. There may be others from the same level though.\n|\n|________________________________________________________________________________________________@*/\nvoid Solver::analyze(CRef confl, vec<Lit>& out_learnt, int& out_btlevel)\n{\n    int pathC = 0;\n    Lit p     = lit_Undef;\n\n    // Generate conflict clause:\n    //\n    out_learnt.push();      // (leave room for the asserting literal)\n    int index   = trail.size() - 1;\n\n    do{\n        assert(confl != CRef_Undef); // (otherwise should be UIP)\n        Clause& c = ca[confl];\n\n        if (c.learnt())\n            claBumpActivity(c);\n\n        for (int j = (p == lit_Undef) ? 0 : 1; j < c.size(); j++){\n            Lit q = c[j];\n\n            if (!seen[var(q)] && level(var(q)) > 0){\n                varBumpActivity(var(q));\n                seen[var(q)] = 1;\n                if (level(var(q)) >= decisionLevel())\n                    pathC++;\n                else\n                    out_learnt.push(q);\n            }\n        }\n\n        // Select next clause to look at:\n        while (!seen[var(trail[index--])]);\n        p     = trail[index+1];\n        confl = reason(var(p));\n        seen[var(p)] = 0;\n        pathC--;\n\n    }while (pathC > 0);\n    out_learnt[0] = ~p;\n\n    // Simplify conflict clause:\n    //\n    int i, j;\n    out_learnt.copyTo(analyze_toclear);\n    if (ccmin_mode == 2){\n        uint32_t abstract_level = 0;\n        for (i = 1; i < out_learnt.size(); i++)\n            abstract_level |= abstractLevel(var(out_learnt[i])); // (maintain an abstraction of levels involved in conflict)\n\n        for (i = j = 1; i < out_learnt.size(); i++)\n            if (reason(var(out_learnt[i])) == CRef_Undef || !litRedundant(out_learnt[i], abstract_level))\n                out_learnt[j++] = out_learnt[i];\n\n    }else if (ccmin_mode == 1){\n        for (i = j = 1; i < out_learnt.size(); i++){\n            Var x = var(out_learnt[i]);\n\n            if (reason(x) == CRef_Undef)\n                out_learnt[j++] = out_learnt[i];\n            else{\n                Clause& c = ca[reason(var(out_learnt[i]))];\n                for (int k = 1; k < c.size(); k++)\n                    if (!seen[var(c[k])] && level(var(c[k])) > 0){\n                        out_learnt[j++] = out_learnt[i];\n                        break; }\n            }\n        }\n    }else\n        i = j = out_learnt.size();\n\n    max_literals += out_learnt.size();\n    out_learnt.shrink(i - j);\n    tot_literals += out_learnt.size();\n\n    // Find correct backtrack level:\n    //\n    if (out_learnt.size() == 1)\n        out_btlevel = 0;\n    else{\n        int max_i = 1;\n        // Find the first literal assigned at the next-highest level:\n        for (int i = 2; i < out_learnt.size(); i++)\n            if (level(var(out_learnt[i])) > level(var(out_learnt[max_i])))\n                max_i = i;\n        // Swap-in this literal at index 1:\n        Lit p             = out_learnt[max_i];\n        out_learnt[max_i] = out_learnt[1];\n        out_learnt[1]     = p;\n        out_btlevel       = level(var(p));\n    }\n\n    for (int j = 0; j < analyze_toclear.size(); j++) seen[var(analyze_toclear[j])] = 0;    // (\'seen[]\' is now cleared)\n}\n\n\n// Check if \'p\' can be removed. \'abstract_levels\' is used to abort early if the algorithm is\n// visiting literals at levels that cannot be removed later.\nbool Solver::litRedundant(Lit p, uint32_t abstract_levels)\n{\n    analyze_stack.clear(); analyze_stack.push(p);\n    int top = analyze_toclear.size();\n    while (analyze_stack.size() > 0){\n        assert(reason(var(analyze_stack.last())) != CRef_Undef);\n        Clause& c = ca[reason(var(analyze_stack.last()))]; analyze_stack.pop();\n\n        for (int i = 1; i < c.size(); i++){\n            Lit p  = c[i];\n            if (!seen[var(p)] && level(var(p)) > 0){\n                if (reason(var(p)) != CRef_Undef && (abstractLevel(var(p)) & abstract_levels) != 0){\n                    seen[var(p)] = 1;\n                    analyze_stack.push(p);\n                    analyze_toclear.push(p);\n                }else{\n                    for (int j = top; j < analyze_toclear.size(); j++)\n                        seen[var(analyze_toclear[j])] = 0;\n                    analyze_toclear.shrink(analyze_toclear.size() - top);\n                    return false;\n                }\n            }\n        }\n    }\n\n    return true;\n}\n\n\n/*_________________________________________________________________________________________________\n|\n|  analyzeFinal : (p : Lit)  ->  [void]\n|\n|  Description:\n|    Specialized analysis procedure to express the final conflict in terms of assumptions.\n|    Calculates the (possibly empty) set of assumptions that led to the assignment of \'p\', and\n|    stores the result in \'out_conflict\'.\n|________________________________________________________________________________________________@*/\nvoid Solver::analyzeFinal(Lit p, vec<Lit>& out_conflict)\n{\n    out_conflict.clear();\n    out_conflict.push(p);\n\n    if (decisionLevel() == 0)\n        return;\n\n    seen[var(p)] = 1;\n\n    for (int i = trail.size()-1; i >= trail_lim[0]; i--){\n        Var x = var(trail[i]);\n        if (seen[x]){\n            if (reason(x) == CRef_Undef){\n                assert(level(x) > 0);\n                out_conflict.push(~trail[i]);\n            }else{\n                Clause& c = ca[reason(x)];\n                for (int j = 1; j < c.size(); j++)\n                    if (level(var(c[j])) > 0)\n                        seen[var(c[j])] = 1;\n            }\n            seen[x] = 0;\n        }\n    }\n\n    seen[var(p)] = 0;\n}\n\n\nvoid Solver::uncheckedEnqueue(Lit p, CRef from)\n{\n    assert(value(p) == l_Undef);\n    assigns[var(p)] = lbool(!sign(p));\n    vardata[var(p)] = mkVarData(from, decisionLevel());\n    trail.push_(p);\n}\n\n\n/*_________________________________________________________________________________________________\n|\n|  propagate : [void]  ->  [Clause*]\n|\n|  Description:\n|    Propagates all enqueued facts. If a conflict arises, the conflicting clause is returned,\n|    otherwise CRef_Undef.\n|\n|    Post-conditions:\n|      * the propagation queue is empty, even if there was a conflict.\n|________________________________________________________________________________________________@*/\nCRef Solver::propagate()\n{\n    CRef    confl     = CRef_Undef;\n    int     num_props = 0;\n    watches.cleanAll();\n\n    while (qhead < trail.size()){\n        Lit            p   = trail[qhead++];     // \'p\' is enqueued fact to propagate.\n        vec<Watcher>&  ws  = watches[p];\n        Watcher        *i, *j, *end;\n        num_props++;\n\n        for (i = j = (Watcher*)ws, end = i + ws.size();  i != end;){\n            // Try to avoid inspecting the clause:\n            Lit blocker = i->blocker;\n            if (value(blocker) == l_True){\n                *j++ = *i++; continue; }\n\n            // Make sure the false literal is data[1]:\n            CRef     cr        = i->cref;\n            Clause&  c         = ca[cr];\n            Lit      false_lit = ~p;\n            if (c[0] == false_lit)\n                c[0] = c[1], c[1] = false_lit;\n            assert(c[1] == false_lit);\n            i++;\n\n            // If 0th watch is true, then clause is already satisfied.\n            Lit     first = c[0];\n            Watcher w     = Watcher(cr, first);\n            if (first != blocker && value(first) == l_True){\n                *j++ = w; continue; }\n\n            // Look for new watch:\n            for (int k = 2; k < c.size(); k++)\n                if (value(c[k]) != l_False){\n                    c[1] = c[k]; c[k] = false_lit;\n                    watches[~c[1]].push(w);\n                    goto NextClause; }\n\n            // Did not find watch -- clause is unit under assignment:\n            *j++ = w;\n            if (value(first) == l_False){\n                confl = cr;\n                qhead = trail.size();\n                // Copy the remaining watches:\n                while (i < end)\n                    *j++ = *i++;\n            }else\n                uncheckedEnqueue(first, cr);\n\n        NextClause:;\n        }\n        ws.shrink(i - j);\n    }\n    propagations += num_props;\n    simpDB_props -= num_props;\n\n    return confl;\n}\n\n\n/*_________________________________________________________________________________________________\n|\n|  reduceDB : ()  ->  [void]\n|\n|  Description:\n|    Remove half of the learnt clauses, minus the clauses locked by the current assignment. Locked\n|    clauses are clauses that are reason to some assignment. Binary clauses are never removed.\n|________________________________________________________________________________________________@*/\nstruct reduceDB_lt {\n    ClauseAllocator& ca;\n    reduceDB_lt(ClauseAllocator& ca_) : ca(ca_) {}\n    bool operator () (CRef x, CRef y) {\n        return ca[x].size() > 2 && (ca[y].size() == 2 || ca[x].activity() < ca[y].activity()); }\n};\nvoid Solver::reduceDB()\n{\n    int     i, j;\n    double  extra_lim = cla_inc / learnts.size();    // Remove any clause below this activity\n\n    sort(learnts, reduceDB_lt(ca));\n    // Don\'t delete binary or locked clauses. From the rest, delete clauses from the first half\n    // and clauses with activity smaller than \'extra_lim\':\n    for (i = j = 0; i < learnts.size(); i++){\n        Clause& c = ca[learnts[i]];\n        if (c.size() > 2 && !locked(c) && (i < learnts.size() / 2 || c.activity() < extra_lim))\n            removeClause(learnts[i]);\n        else\n            learnts[j++] = learnts[i];\n    }\n    learnts.shrink(i - j);\n    checkGarbage();\n}\n\n\nvoid Solver::removeSatisfied(vec<CRef>& cs)\n{\n    int i, j;\n    for (i = j = 0; i < cs.size(); i++){\n        Clause& c = ca[cs[i]];\n        if (satisfied(c))\n            removeClause(cs[i]);\n        else\n            cs[j++] = cs[i];\n    }\n    cs.shrink(i - j);\n}\n\n\nvoid Solver::rebuildOrderHeap()\n{\n    vec<Var> vs;\n    for (Var v = 0; v < nVars(); v++)\n        if (decision[v] && value(v) == l_Undef)\n            vs.push(v);\n    order_heap.build(vs);\n}\n\n\n/*_________________________________________________________________________________________________\n|\n|  simplify : [void]  ->  [bool]\n|\n|  Description:\n|    Simplify the clause database according to the current top-level assigment. Currently, the only\n|    thing done here is the removal of satisfied clauses, but more things can be put here.\n|________________________________________________________________________________________________@*/\nbool Solver::simplify()\n{\n    assert(decisionLevel() == 0);\n\n    if (!ok || propagate() != CRef_Undef)\n        return ok = false;\n\n    if (nAssigns() == simpDB_assigns || (simpDB_props > 0))\n        return true;\n\n    // Remove satisfied clauses:\n    removeSatisfied(learnts);\n    if (remove_satisfied)        // Can be turned off.\n        removeSatisfied(clauses);\n    checkGarbage();\n    rebuildOrderHeap();\n\n    simpDB_assigns = nAssigns();\n    simpDB_props   = clauses_literals + learnts_literals;   // (shouldn\'t depend on stats really, but it will do for now)\n\n    return true;\n}\n\n\n/*_________________________________________________________________________________________________\n|\n|  search : (nof_conflicts : int) (params : const SearchParams&)  ->  [lbool]\n|\n|  Description:\n|    Search for a model the specified number of conflicts.\n|    NOTE! Use negative value for \'nof_conflicts\' indicate infinity.\n|\n|  Output:\n|    \'l_True\' if a partial assigment that is consistent with respect to the clauseset is found. If\n|    all variables are decision variables, this means that the clause set is satisfiable. \'l_False\'\n|    if the clause set is unsatisfiable. \'l_Undef\' if the bound on number of conflicts is reached.\n|________________________________________________________________________________________________@*/\nlbool Solver::search(int nof_conflicts)\n{\n    assert(ok);\n    int         backtrack_level;\n    int         conflictC = 0;\n    vec<Lit>    learnt_clause;\n    starts++;\n\n    for (;;){\n        CRef confl = propagate();\n        if (confl != CRef_Undef){\n            // CONFLICT\n            conflicts++; conflictC++;\n            if (decisionLevel() == 0) return l_False;\n\n            learnt_clause.clear();\n            analyze(confl, learnt_clause, backtrack_level);\n            cancelUntil(backtrack_level);\n\n            if (learnt_clause.size() == 1){\n                uncheckedEnqueue(learnt_clause[0]);\n            }else{\n                CRef cr = ca.alloc(learnt_clause, true);\n                learnts.push(cr);\n                attachClause(cr);\n                claBumpActivity(ca[cr]);\n                uncheckedEnqueue(learnt_clause[0], cr);\n            }\n\n            varDecayActivity();\n            claDecayActivity();\n\n            if (--learntsize_adjust_cnt == 0){\n                learntsize_adjust_confl *= learntsize_adjust_inc;\n                learntsize_adjust_cnt    = (int)learntsize_adjust_confl;\n                max_learnts             *= learntsize_inc;\n\n                if (verbosity >= 1)\n                    printf("| %9d | %7d %8d %8d | %8d %8d %6.0f | %6.3f %% |\\n",\n                           (int)conflicts,\n                           (int)dec_vars - (trail_lim.size() == 0 ? trail.size() : trail_lim[0]), nClauses(), (int)clauses_literals,\n                           (int)max_learnts, nLearnts(), (double)learnts_literals/nLearnts(), progressEstimate()*100);\n            }\n\n        }else{\n            // NO CONFLICT\n            if (nof_conflicts >= 0 && conflictC >= nof_conflicts || !withinBudget()){\n                // Reached bound on number of conflicts:\n                progress_estimate = progressEstimate();\n                cancelUntil(0);\n                return l_Undef; }\n\n            // Simplify the set of problem clauses:\n            if (decisionLevel() == 0 && !simplify())\n                return l_False;\n\n            if (learnts.size()-nAssigns() >= max_learnts)\n                // Reduce the set of learnt clauses:\n                reduceDB();\n\n            Lit next = lit_Undef;\n            while (decisionLevel() < assumptions.size()){\n                // Perform user provided assumption:\n                Lit p = assumptions[decisionLevel()];\n                if (value(p) == l_True){\n                    // Dummy decision level:\n                    newDecisionLevel();\n                }else if (value(p) == l_False){\n                    analyzeFinal(~p, conflict);\n                    return l_False;\n                }else{\n                    next = p;\n                    break;\n                }\n            }\n\n            if (next == lit_Undef){\n                // New variable decision:\n                decisions++;\n                next = pickBranchLit();\n\n                if (next == lit_Undef)\n                    // Model found:\n                    return l_True;\n            }\n\n            // Increase decision level and enqueue \'next\'\n            newDecisionLevel();\n            uncheckedEnqueue(next);\n        }\n    }\n}\n\n\ndouble Solver::progressEstimate() const\n{\n    double  progress = 0;\n    double  F = 1.0 / nVars();\n\n    for (int i = 0; i <= decisionLevel(); i++){\n        int beg = i == 0 ? 0 : trail_lim[i - 1];\n        int end = i == decisionLevel() ? trail.size() : trail_lim[i];\n        progress += pow(F, i) * (end - beg);\n    }\n\n    return progress / nVars();\n}\n\n/*\n  Finite subsequences of the Luby-sequence:\n\n  0: 1\n  1: 1 1 2\n  2: 1 1 2 1 1 2 4\n  3: 1 1 2 1 1 2 4 1 1 2 1 1 2 4 8\n  ...\n\n\n */\n\nstatic double luby(double y, int x){\n\n    // Find the finite subsequence that contains index \'x\', and the\n    // size of that subsequence:\n    int size, seq;\n    for (size = 1, seq = 0; size < x+1; seq++, size = 2*size+1);\n\n    while (size-1 != x){\n        size = (size-1)>>1;\n        seq--;\n        x = x % size;\n    }\n\n    return pow(y, seq);\n}\n\n// NOTE: assumptions passed in member-variable \'assumptions\'.\nlbool Solver::solve_()\n{\n    model.clear();\n    conflict.clear();\n    if (!ok) return l_False;\n\n    solves++;\n\n    max_learnts               = nClauses() * learntsize_factor;\n    learntsize_adjust_confl   = learntsize_adjust_start_confl;\n    learntsize_adjust_cnt     = (int)learntsize_adjust_confl;\n    lbool   status            = l_Undef;\n\n    if (verbosity >= 1){\n        printf("============================[ Search Statistics ]==============================\\n");\n        printf("| Conflicts |          ORIGINAL         |          LEARNT          | Progress |\\n");\n        printf("|           |    Vars  Clauses Literals |    Limit  Clauses Lit/Cl |          |\\n");\n        printf("===============================================================================\\n");\n    }\n\n    // Search:\n    int curr_restarts = 0;\n    while (status == l_Undef){\n        double rest_base = luby_restart ? luby(restart_inc, curr_restarts) : pow(restart_inc, curr_restarts);\n        status = search(rest_base * restart_first);\n        if (!withinBudget()) break;\n        curr_restarts++;\n    }\n\n    if (verbosity >= 1)\n        printf("===============================================================================\\n");\n\n\n    if (status == l_True){\n        // Extend & copy model:\n        model.growTo(nVars());\n        for (int i = 0; i < nVars(); i++) model[i] = value(i);\n    }else if (status == l_False && conflict.size() == 0)\n        ok = false;\n\n    cancelUntil(0);\n    return status;\n}\n\n//=================================================================================================\n// Writing CNF to DIMACS:\n//\n// FIXME: this needs to be rewritten completely.\n\nstatic Var mapVar(Var x, vec<Var>& map, Var& max)\n{\n    if (map.size() <= x || map[x] == -1){\n        map.growTo(x+1, -1);\n        map[x] = max++;\n    }\n    return map[x];\n}\n\n\nvoid Solver::toDimacs(FILE* f, Clause& c, vec<Var>& map, Var& max)\n{\n    if (satisfied(c)) return;\n\n    for (int i = 0; i < c.size(); i++)\n        if (value(c[i]) != l_False)\n            fprintf(f, "%s%d ", sign(c[i]) ? "-" : "", mapVar(var(c[i]), map, max)+1);\n    fprintf(f, "0\\n");\n}\n\n\nvoid Solver::toDimacs(const char *file, const vec<Lit>& assumps)\n{\n    FILE* f = fopen(file, "wr");\n    if (f == NULL)\n        fprintf(stderr, "could not open file %s\\n", file), exit(1);\n    toDimacs(f, assumps);\n    fclose(f);\n}\n\n\nvoid Solver::toDimacs(FILE* f, const vec<Lit>& assumps)\n{\n    // Handle case when solver is in contradictory state:\n    if (!ok){\n        fprintf(f, "p cnf 1 2\\n1 0\\n-1 0\\n");\n        return; }\n\n    vec<Var> map; Var max = 0;\n\n    // Cannot use removeClauses here because it is not safe\n    // to deallocate them at this point. Could be improved.\n    int cnt = 0;\n    for (int i = 0; i < clauses.size(); i++)\n        if (!satisfied(ca[clauses[i]]))\n            cnt++;\n\n    for (int i = 0; i < clauses.size(); i++)\n        if (!satisfied(ca[clauses[i]])){\n            Clause& c = ca[clauses[i]];\n            for (int j = 0; j < c.size(); j++)\n                if (value(c[j]) != l_False)\n                    mapVar(var(c[j]), map, max);\n        }\n\n    // Assumptions are added as unit clauses:\n    cnt += assumptions.size();\n\n    fprintf(f, "p cnf %d %d\\n", max, cnt);\n\n    for (int i = 0; i < assumptions.size(); i++){\n        assert(value(assumptions[i]) != l_False);\n        fprintf(f, "%s%d 0\\n", sign(assumptions[i]) ? "-" : "", mapVar(var(assumptions[i]), map, max)+1);\n    }\n\n    for (int i = 0; i < clauses.size(); i++)\n        toDimacs(f, ca[clauses[i]], map, max);\n\n    if (verbosity > 0)\n        printf("Wrote %d clauses with %d variables.\\n", cnt, max);\n}\n\n\n//=================================================================================================\n// Garbage Collection methods:\n\nvoid Solver::relocAll(ClauseAllocator& to)\n{\n    // All watchers:\n    //\n    // for (int i = 0; i < watches.size(); i++)\n    watches.cleanAll();\n    for (int v = 0; v < nVars(); v++)\n        for (int s = 0; s < 2; s++){\n            Lit p = mkLit(v, s);\n            // printf(" >>> RELOCING: %s%d\\n", sign(p)?"-":"", var(p)+1);\n            vec<Watcher>& ws = watches[p];\n            for (int j = 0; j < ws.size(); j++)\n                ca.reloc(ws[j].cref, to);\n        }\n\n    // All reasons:\n    //\n    for (int i = 0; i < trail.size(); i++){\n        Var v = var(trail[i]);\n\n        if (reason(v) != CRef_Undef && (ca[reason(v)].reloced() || locked(ca[reason(v)])))\n            ca.reloc(vardata[v].reason, to);\n    }\n\n    // All learnt:\n    //\n    for (int i = 0; i < learnts.size(); i++)\n        ca.reloc(learnts[i], to);\n\n    // All original:\n    //\n    for (int i = 0; i < clauses.size(); i++)\n        ca.reloc(clauses[i], to);\n}\n\n\nvoid Solver::garbageCollect()\n{\n    // Initialize the next region to a size corresponding to the estimated utilization degree. This\n    // is not precise but should avoid some unnecessary reallocations for the new region:\n    ClauseAllocator to(ca.size() - ca.wasted());\n\n    relocAll(to);\n    if (verbosity >= 2)\n        printf("|  Garbage collection:   %12d bytes => %12d bytes             |\\n",\n               ca.size()*ClauseAllocator::Unit_Size, to.size()*ClauseAllocator::Unit_Size);\n    to.moveTo(ca);\n}\n')"

2025-03-04 11:50:59,051	[INFO]	Step: 1
2025-03-04 11:50:59,051	[INFO]	Stop Steps: 10
2025-03-04 11:51:00,327	[DEBUG]	EXEC>  SUCCESS 0.0014655
2025-03-04 11:51:00,327	[INFO]	REF     SUCCESS               0.00 (--) [0 edit(s)]  
2025-03-04 11:51:00,327	[INFO]	Best patch: 0
2025-03-04 11:51:02,223	[DEBUG]	EXEC>  SUCCESS 0.000942
2025-03-04 11:51:02,223	[INFO]	BEST    SUCCESS              *0.00 (64.28%) [0 edit(s)]  
2025-03-04 11:51:02,223	[INFO]	Best patch step: 0
2025-03-04 11:51:08,290	[INFO]	~~~~ END ~~~~
2025-03-04 11:51:08,291	[INFO]	Best patch step: 0
