2025-03-13 16:08:12,843	[DEBUG]	==== CONFIG ====
[magpie]
import = 
seed = 7163378267236651
log_dir = _magpie_logs
work_dir = _magpie_work
local_original_copy = True
local_original_name = __original__
output_encoding = ascii
edit_retries = 10
default_timeout = 100
default_lengthout = 1e6
diff_method = unified
trust_local_filesystem = True
run_timeout = 100

[magpie.log]
color_output = True
format_info = {counter:<7} {status:<20} {best}{fitness} ({ratio}) [{size}] {cached} {log}
format_debug = patch({counter})="{patch}"{diffifbest}
format_fitness = {:.2f}
format_ratio = {:.2%%}
format_patchif = 
	 --> {patch}
format_diffif = 
	{diff}

[software]
path = dataset/minisat
target_files = 
	core/Solver.cc
software = BasicSoftware
model_rules = 
	*.params : ParamFileConfigModel
	*.xml : SrcmlModel
	* : LineModel
model_config = 
	*.params : [paramconfig]
	*.xml : [srcml]
init_cmd = bash init.sh
init_timeout = 60
init_lengthout = -1
setup_cmd = bash compile.sh
setup_timeout = 
setup_lengthout = 
compile_cmd = bash compile.sh
compile_timeout = 
compile_lengthout = 
test_cmd = bash test.sh
test_timeout = 
test_lengthout = 
run_cmd = bash run_fixed.sh
run_timeout = 
run_lengthout = 
batch_timeout = 
batch_lengthout = 
batch_bin_fitness_strategy = aggregate
batch_fitness_strategy = sum
fitness = time
retries = 1

[srcml]
rename = 
	stmt: break continue decl_stmt do expr_stmt for goto if return switch while
	number: literal_number
focus = block stmt operator_comp operator_arith number
internodes = block
process_pseudo_blocks = True
process_literals = True
process_operators = True

[paramconfig]
timing = test run
cli_prefix = --
cli_glue = =
cli_boolean = show
cli_boolean_prefix_true = 
cli_boolean_prefix_false = no-
cli_none = hide
silent_prefix = @
silent_suffix = $

[search]
protocol = BasicProtocol
algorithm = GeneticProgrammingLLM
possible_edits = 
	LineLLMMutation
	LineLLMCrossover
llm_prob = 1.0
warmup = 3
warmup_strategy = last
max_steps = 200
max_time = 20000
target_fitness = 
cache_maxsize = 100
cache_keep = 0.2
batch_instances = 
batch_shuffle = True
batch_bin_shuffle = False
batch_sample_size = 1

[search.ls]
delete_prob = 0.5
max_neighbours = 
when_trapped = continue
accept_fail = False
tabu_length = 10

[search.gp]
pop_size = 20
delete_prob = 0.0
offspring_elitism = 0.1
offspring_crossover = 0.4
offspring_mutation = 0.6
uniform_rate = 0.5
batch_reset = False
llm_type = baseline
reflection = SUCCESSFUL

[search.minify]
do_cleanup = True
do_rebuild = True
do_simplify = True
round_robin_limit = 3


2025-03-13 16:08:12,843	[DEBUG]	
2025-03-13 16:08:12,843	[INFO]	==== SEARCH: GeneticProgrammingLLM ====
2025-03-13 16:08:12,843	[INFO]	~~~~ WARMUP ~~~~
2025-03-13 16:08:26,773	[DEBUG]	EXEC>  SUCCESS 0.6754564000000001
2025-03-13 16:08:26,773	[INFO]	WARM    SUCCESS               0.68 (--) [0 edit(s)]  
2025-03-13 16:08:40,485	[DEBUG]	EXEC>  SUCCESS 0.6714382
2025-03-13 16:08:40,485	[INFO]	WARM    SUCCESS               0.67 (--) [0 edit(s)]  
2025-03-13 16:08:54,295	[DEBUG]	EXEC>  SUCCESS 0.6759586499999999
2025-03-13 16:08:54,295	[INFO]	WARM    SUCCESS               0.68 (--) [0 edit(s)]  
2025-03-13 16:08:54,295	[INFO]	REF     SUCCESS               0.68 (--) [0 edit(s)]  
2025-03-13 16:08:54,297	[INFO]	
2025-03-13 16:08:54,297	[INFO]	~~~~ START ~~~~
2025-03-13 16:10:06,269	[DEBUG]	EXEC>  SUCCESS 0.6900802500000001
2025-03-13 16:10:12,220	[INFO]	0-1     SUCCESS              +0.69 (102.09%) [1 edit(s)]  
2025-03-13 16:10:12,220	[DEBUG]	patch(0-1)="LineLLMMutation(('core/Solver.cc', 0), '-            Lit blocker = i->blocker;\n-            if (value(blocker) == l_True){\n+            Lit blocker = i->blocker;\n+            lbool blocker_val = value(blocker);\n+            if (blocker_val == l_True){')"
2025-03-13 16:10:28,985	[DEBUG]	EXEC>  SUCCESS 0.6939208499999999
2025-03-13 16:10:35,041	[INFO]	0-2     SUCCESS               0.69 (102.66%) [1 edit(s)]  
2025-03-13 16:10:35,042	[DEBUG]	patch(0-2)="LineLLMMutation(('core/Solver.cc', 1), '-    double  F = 1.0 / nVars();\n+    int nVarsCached = nVars();\n+    double F = 1.0 / nVarsCached;')"
2025-03-13 16:10:51,677	[DEBUG]	EXEC>  SUCCESS 0.6880884999999999
2025-03-13 16:10:57,215	[INFO]	0-3     SUCCESS              +0.69 (101.79%) [1 edit(s)]  
2025-03-13 16:10:57,215	[DEBUG]	patch(0-3)="LineLLMMutation(('core/Solver.cc', 2), '-    activity .push(rnd_init_act ? drand(random_seed) * 0.00001 : 0);\n+    activity.push(rnd_init_act ? drand(random_seed) * 1e-5 : 0);')"
2025-03-13 16:11:13,708	[DEBUG]	EXEC>  SUCCESS 0.68097125
2025-03-13 16:11:20,745	[INFO]	0-4     SUCCESS              +0.68 (100.74%) [1 edit(s)]  
2025-03-13 16:11:20,745	[DEBUG]	patch(0-4)="LineLLMMutation(('core/Solver.cc', 3), '-            for (int j = (p == lit_Undef) ? 0 : 1; j < c.size(); j++){\n+            int csize = c.size();\n+            for (int j = (p == lit_Undef) ? 0 : 1; j < csize; j++){')"
2025-03-13 16:11:37,328	[DEBUG]	EXEC>  SUCCESS 0.6854565499999999
2025-03-13 16:11:42,123	[INFO]	0-5     SUCCESS               0.69 (101.41%) [1 edit(s)]  
2025-03-13 16:11:42,123	[DEBUG]	patch(0-5)="LineLLMMutation(('core/Solver.cc', 4), '-    while (next == var_Undef || value(next) != l_Undef || !decision[next])\n-        if (order_heap.empty()){\n-            next = var_Undef;\n-            break;\n-        }else\n-            next = order_heap.removeMin();\n+    while (next == var_Undef || (value(next) != l_Undef) || !decision[next]) {\n+        if (order_heap.empty()){\n+            next = var_Undef;\n+            break;\n+        } else {\n+            next = order_heap.removeMin();\n+        }\n+    }')"
2025-03-13 16:11:47,841	[INFO]	0-6     COMPILE_CODE_ERROR    None (--) [1 edit(s)]  
2025-03-13 16:11:47,841	[DEBUG]	patch(0-6)="LineLLMMutation(('core/Solver.cc', 5), '-    sort(learnts, reduceDB_lt(ca));\n+    std::nth_element(learnts.begin(), learnts.begin() + learnts.size()/2, learnts.end(), reduceDB_lt(ca));')"
2025-03-13 16:12:04,580	[DEBUG]	EXEC>  SUCCESS 0.6932519000000001
2025-03-13 16:12:09,802	[INFO]	~~~~ END ~~~~
2025-03-13 16:12:09,802	[INFO]	Best patch step: None
2025-03-13 16:12:09,803	[INFO]	
2025-03-13 16:12:09,803	[INFO]	==== REPORT ====
2025-03-13 16:12:09,803	[INFO]	Termination: keyboard interrupt
2025-03-13 16:12:09,803	[INFO]	Log file: /home/luke/magpie/_magpie_logs/minisat_1741882092.log
