2025-03-04 11:21:43,099	[INFO]	!*!*!*!*!*!*!*!*!*!*!*!*!*!*!*!*!*!*!*!*!*!*!*!*!*!*!*!*!*!*!*!*!*!*!*!*!*!*!*!*
2025-03-04 11:21:43,099	[INFO]	Unable to run and evaluate the target software.
2025-03-04 11:21:43,099	[INFO]	Self-diagnostic:
2025-03-04 11:21:43,099	[INFO]	The "init_cmd" command failed with a nonzero exit code
2025-03-04 11:21:43,099	[INFO]	--> try to run it manually
2025-03-04 11:21:43,099	[INFO]	!*!*!*!*!*!*!*!*!*!*!*!*!*!*!*!*!*!*!*!*!*!*!*!*!*!*!*!*!*!*!*!*!*!*!*!*!*!*!*!*
2025-03-04 11:21:43,099	[INFO]	CWD: /home/luke/magpie/_magpie_work/minisat_1741087302/minisat
2025-03-04 11:21:43,099	[INFO]	CMD: ['bash', 'init.sh']
2025-03-04 11:21:43,099	[INFO]	STATUS: SUCCESS
2025-03-04 11:21:43,100	[INFO]	RETURN_CODE: 1
2025-03-04 11:21:43,100	[INFO]	RUNTIME: 0.02386951446533203
2025-03-04 11:21:43,100	[INFO]	STDOUT: (see log file)
2025-03-04 11:21:43,100	[DEBUG]	STDOUT:
patching file core/Dimacs.h

2025-03-04 11:21:43,100	[INFO]	STDERR: (see log file)
2025-03-04 11:21:43,100	[DEBUG]	STDERR:
CMake Warning:
  Ignoring extra path from command line:

   ".."


CMake Error: The source directory "/home/luke/magpie/_magpie_work/minisat_1741087302/__original__" does not appear to contain CMakeLists.txt.
Specify --help for usage, or press the help button on the CMake GUI.

2025-03-04 11:21:43,100	[INFO]	!*!*!*!*!*!*!*!*!*!*!*!*!*!*!*!*!*!*!*!*!*!*!*!*!*!*!*!*!*!*!*!*!*!*!*!*!*!*!*!*
