2025-01-23 15:20:25,681	[DEBUG]	==== CONFIG ====
[magpie]
import = 
seed = 1006132360869143
log_dir = _magpie_logs
work_dir = _magpie_work
local_original_copy = True
local_original_name = __original__
output_encoding = ascii
edit_retries = 10
default_timeout = 30
default_lengthout = 10000.0
diff_method = unified
trust_local_filesystem = True

[magpie.log]
color_output = True
format_info = {counter:<7} {status:<20} {best}{fitness} ({ratio}) [{size}] {cached} {log}
format_debug = patch({counter})="{patch}"{diffifbest}
format_fitness = {:.2f}
format_ratio = {:.2%%}
format_patchif = 
	 --> {patch}
format_diffif = 
	{diff}

[software]
path = dataset/magpie_dataset/train/0011
target_files = 
	source.cpp
software = BasicSoftware
model_rules = 
	*.params : ParamFileConfigModel
	*.xml : SrcmlModel
	* : LineModel
model_config = 
	*.params : [paramconfig]
	*.xml : [srcml]
init_cmd = 
init_timeout = 60
init_lengthout = -1
setup_cmd = bash setup.sh
setup_timeout = 
setup_lengthout = 
compile_cmd = bash compile.sh
compile_timeout = 
compile_lengthout = 
test_cmd = bash test.sh
test_timeout = 
test_lengthout = 
run_cmd = bash run.sh
run_timeout = 3
run_lengthout = 
batch_timeout = 
batch_lengthout = 
batch_bin_fitness_strategy = aggregate
batch_fitness_strategy = sum
fitness = time

[srcml]
rename = 
	stmt: break continue decl_stmt do expr_stmt for goto if return switch while
	number: literal_number
focus = block stmt operator_comp operator_arith number
internodes = block
process_pseudo_blocks = True
process_literals = True
process_operators = True

[paramconfig]
timing = test run
cli_prefix = --
cli_glue = =
cli_boolean = show
cli_boolean_prefix_true = 
cli_boolean_prefix_false = no-
cli_none = hide
silent_prefix = @
silent_suffix = $

[search]
protocol = BasicProtocol
algorithm = GeneticProgrammingLLM
possible_edits = 
	LineLLMMutation
	LineLLMCrossover
	LineDeletion
	LineInsertion
	LineReplacement
llm_prob = 1.0
warmup = 5
warmup_strategy = last
max_steps = 100
max_time = 20000
target_fitness = 
cache_maxsize = 100
cache_keep = 0.2
batch_instances = 
batch_shuffle = True
batch_bin_shuffle = False
batch_sample_size = 1

[search.ls]
delete_prob = 0.5
max_neighbours = 
when_trapped = continue
accept_fail = False
tabu_length = 10

[search.gp]
pop_size = 10
delete_prob = 0.0
offspring_elitism = 0.2
offspring_crossover = 0.4
offspring_mutation = 0.4
uniform_rate = 0.5
batch_reset = True

[search.minify]
do_cleanup = True
do_rebuild = True
do_simplify = True
round_robin_limit = 3


2025-01-23 15:20:25,681	[DEBUG]	
2025-01-23 15:20:25,681	[INFO]	==== SEARCH: GeneticProgrammingLLM ====
2025-01-23 15:20:25,681	[INFO]	~~~~ WARMUP ~~~~
2025-01-23 15:20:27,087	[DEBUG]	EXEC>  SUCCESS 4359346.625
2025-01-23 15:20:27,088	[INFO]	WARM    SUCCESS               4359346.62 (--) [0 edit(s)]  
2025-01-23 15:20:27,861	[DEBUG]	EXEC>  SUCCESS 4251308.0625
2025-01-23 15:20:27,861	[INFO]	WARM    SUCCESS               4251308.06 (--) [0 edit(s)]  
2025-01-23 15:20:28,641	[DEBUG]	EXEC>  SUCCESS 4230836.8125
2025-01-23 15:20:28,641	[INFO]	WARM    SUCCESS               4230836.81 (--) [0 edit(s)]  
2025-01-23 15:20:29,415	[DEBUG]	EXEC>  SUCCESS 4277087.8125
2025-01-23 15:20:29,415	[INFO]	WARM    SUCCESS               4277087.81 (--) [0 edit(s)]  
2025-01-23 15:20:30,206	[DEBUG]	EXEC>  SUCCESS 4228568.4375
2025-01-23 15:20:30,206	[INFO]	WARM    SUCCESS               4228568.44 (--) [0 edit(s)]  
2025-01-23 15:20:30,207	[INFO]	REF     SUCCESS               4228568.44 (--) [0 edit(s)]  
2025-01-23 15:20:30,207	[INFO]	
2025-01-23 15:20:30,207	[INFO]	~~~~ START ~~~~
2025-01-23 15:20:59,001	[INFO]	0-1     COMPILE_CODE_ERROR    None (--) [1 edit(s)]  
2025-01-23 15:20:59,001	[DEBUG]	patch(0-1)="LineLLMMutation(('source.cpp', 0), '#include <iostream>\n#include <vector>\n#include <string>\n#include <set>\n#include <sstream>\nusing namespace std;\n\nclass AffineCipher {\npublic:\n    string decode(string, vector<int>);\n    vector<int> make_alpha(void);\nprivate:\n    int gcd(int, int);\n    bool decide_variable(int, int, string);\n    bool check_code(string);\n};\n\n// ... (rest of the code remains unchanged)')"
2025-01-23 15:21:00,541	[INFO]	0-2     COMPILE_CODE_ERROR    None (--) [1 edit(s)]  
2025-01-23 15:21:00,541	[DEBUG]	patch(0-2)="LineLLMMutation(('source.cpp', 1), "#include <iostream>\n#include <vector>\n#include <string>\n#include <unordered_set>\n#include <sstream>\nusing namespace std;\n\nclass AffineCipher {\npublic:\n    string decode(string, vector<int>);\n    vector<int> make_alpha(void);\nprivate:\n    int gcd(int, int);\n    bool decide_variable(int, int, string);\n    bool check_code(string);\n};\n\n// ... (rest of the code remains unchanged)\n\nbool AffineCipher::decide_variable(int a, int b, string str) {\n    unordered_set<char> code;\n    unordered_set<char> source;\n    int i;\n\n    for (i = 0; i < str.length(); ++i) {\n        if (isalpha(str[i])) {\n            source.insert(str[i]);\n        }\n    }\n    for (char c : source) {\n        char transformed = (a * (c - 'a') + b) % 26 + 'a';\n        if (code.count(transformed)) {\n            return false;\n        } else {\n            code.insert(transformed);\n        }\n    }\n    return true;\n}\n\n// ... (rest of the code remains unchanged)")"
2025-01-23 15:21:01,600	[INFO]	0-3     COMPILE_CODE_ERROR    None (--) [1 edit(s)]  
2025-01-23 15:21:01,601	[DEBUG]	patch(0-3)="LineLLMMutation(('source.cpp', 2), 'int AffineCipher::gcd(int a, int b) {\n    while (b) {\n        a %= b;\n        swap(a, b);\n    }\n    return a;\n}')"
2025-01-23 15:21:02,665	[INFO]	0-4     COMPILE_CODE_ERROR    None (--) [1 edit(s)]  
2025-01-23 15:21:02,665	[DEBUG]	patch(0-4)="LineLLMMutation(('source.cpp', 3), "bool AffineCipher::decide_variable(int a, int b, string str) {\n    vector<bool> code(26, false);\n    vector<bool> source(26, false);\n    int i;\n\n    for (i = 0; i < str.length(); ++i) {\n        if (isalpha(str[i])) {\n            source[str[i] - 'a'] = true;\n        }\n    }\n    for (char c = 'a'; c <= 'z'; ++c) {\n        if (source[c - 'a']) {\n            char transformed = (a * (c - 'a') + b) % 26 + 'a';\n            if (code[transformed - 'a']) {\n                return false;\n            }\n            code[transformed - 'a'] = true;\n        }\n    }\n    return true;\n}")"
2025-01-23 15:21:03,723	[INFO]	0-5     COMPILE_CODE_ERROR    None (--) [1 edit(s)]  
2025-01-23 15:21:03,723	[DEBUG]	patch(0-5)="LineLLMMutation(('source.cpp', 4), 'vector<int> AffineCipher::make_alpha(void) {\n    vector<int> alpha;\n    for (int i = 1; i < 26; ++i) {\n        if (gcd(i, 26) == 1) {\n            alpha.push_back(i);\n        }\n    }\n    return alpha;\n}')"
2025-01-23 15:21:04,787	[INFO]	0-6     COMPILE_CODE_ERROR    None (--) [1 edit(s)]  
2025-01-23 15:21:04,787	[DEBUG]	patch(0-6)="LineLLMMutation(('source.cpp', 5), 'int main() {\n    AffineCipher AC;\n    string str;\n    int n;\n\n    getline(cin, str);\n    n = stoi(str); // Reading integer directly\n\n    vector<int> alpha = AC.make_alpha();\n    for (int i = 0; i < n; ++i) {\n        getline(cin, str);\n        string res = AC.decode(str, alpha);\n        cout << res << endl;\n    }\n    return 0;\n}')"
2025-01-23 15:21:05,963	[INFO]	0-7     COMPILE_CODE_ERROR    None (--) [1 edit(s)]  
2025-01-23 15:21:05,963	[DEBUG]	patch(0-7)="LineLLMMutation(('source.cpp', 6), '#include <vector>\n#include <utility>\n// ... (rest of the includes)\nstring AffineCipher::decode(string str, vector<int> alpha) {\n    int len = str.length();\n    int a, b;\n    vector<pair<int, int>> table; // Changed to vector<pair>\n\n    for (int i = 0; i < alpha.size(); ++i) {\n        a = alpha[i];\n        for (b = 0; b < 26; ++b) {\n            if (!decide_variable(a, b, str)) {\n                continue;\n            } else {\n                table.emplace_back(a, b); // Use emplace_back\n            }\n        }\n    }\n\n    // ... (rest of the code remains unchanged)\n}')"
2025-01-23 15:21:07,022	[INFO]	0-8     COMPILE_CODE_ERROR    None (--) [1 edit(s)]  
2025-01-23 15:21:07,022	[DEBUG]	patch(0-8)="LineLLMMutation(('source.cpp', 7), "string AffineCipher::decode(string str, vector<int> alpha) {\n    int len = str.length();\n    int a, b;\n    vector<pair<int, int>> table;\n\n    // ... (rest of the code remains unchanged)\n\n    string res; // Declare outside the loop\n    res.reserve(len); // Reserve space for the result\n\n    for (i = 0; i < len; ++i) {\n        char c = 0;\n        if (isalpha(str[i])) {\n            c = (a * (str[i] - 'a') + b) % 26 + 'a';\n        } else {\n            c = str[i];\n        }\n        res += c;\n    }\n    // ... (rest of the code remains unchanged)\n}")"
2025-01-23 15:21:08,080	[INFO]	0-9     COMPILE_CODE_ERROR    None (--) [1 edit(s)]  
2025-01-23 15:21:08,080	[DEBUG]	patch(0-9)="LineLLMMutation(('source.cpp', 8), 'bool AffineCipher::check_code(string str) {\n    const string keyword[] = { "this", "that" };\n\n    for (const auto& kw : keyword) {\n        if (str.find(kw) != string::npos) {\n            return true;\n        }\n    }\n    return false;\n}')"
2025-01-23 15:21:09,139	[INFO]	0-10    COMPILE_CODE_ERROR    None (--) [1 edit(s)]  
2025-01-23 15:21:09,139	[DEBUG]	patch(0-10)="LineLLMMutation(('source.cpp', 9), 'class AffineCipher {\npublic:\n    string decode(string, vector<int>);\n    vector<int> make_alpha(void);\n    static int gcd(int, int); // Changed to static\n    // ... (rest of the class remains unchanged)\n};\n\n// ... (rest of the code remains unchanged)\n\nint AffineCipher::gcd(int a, int b) {\n    while (b) {\n        a %= b;\n        swap(a, b);\n    }\n    return a;\n}')"
2025-01-23 15:21:10,140	[INFO]	Step: 10
2025-01-23 15:21:10,140	[INFO]	Stop Steps: 100
2025-01-23 15:21:12,043	[DEBUG]	EXEC>  SUCCESS 4259694.5625
2025-01-23 15:21:12,043	[INFO]	REF     SUCCESS               4259694.56 (--) [0 edit(s)]  
2025-01-23 15:21:12,043	[INFO]	Best patch step: None
2025-01-23 15:21:29,902	[INFO]	Step: 10
2025-01-23 15:21:29,902	[INFO]	Stop Steps: 100
2025-01-23 15:21:32,314	[INFO]	1-1     TEST_CODE_ERROR       None (--) [1 edit(s)]  
2025-01-23 15:21:32,314	[DEBUG]	patch(1-1)="LineLLMCrossover(('source.cpp', 0), '#include <cstdio>\n#include <cstring>\n#include <algorithm>\nusing namespace std;\n\ntypedef long long ll;\nconst int maxn = 1e5;\nint n;\nlong long a[maxn], b[maxn];\n\nint main(void) {\n    scanf("%d", &n); // Using scanf for faster input\n    for (int i = 0; i < n; ++i) {\n        scanf("%lld%lld", &a[i], &b[i]); // Changed to long long for larger input range\n    }\n    ll ans = 0;\n    for (int i = n - 1; i >= 0; --i) {\n        ll cur = a[i] + ans;\n        ll tar = (cur + b[i] - 1) / b[i] * b[i];\n        ans += tar - cur;\n    }\n    printf("%lld\\n", ans);\n}')"
2025-01-23 15:21:32,314	[INFO]	Step: 11
2025-01-23 15:21:32,314	[INFO]	Stop Steps: 100
2025-01-23 15:21:32,497	[INFO]	1-2     TEST_CODE_ERROR       None (--) [1 edit(s)]  
2025-01-23 15:21:32,497	[DEBUG]	patch(1-2)="LineLLMCrossover(('source.cpp', 1), '#include <cstdio>\n#include <cstring>\n#include <algorithm>\nusing namespace std;\n\nconst int maxn = 200005;\nchar str[maxn];\nint main(){\n    scanf("%s", str); // Using scanf for faster input\n    int ans = 0;\n    int a = -1;\n    for (int i = 0; str[i]; i++) {\n        if (str[i] == \'Z\') {\n            if (a != -1)\n                ans = max(ans, i - a);\n        } else if (str[i] == \'A\' && a == -1)\n            a = i;\n    }\n    printf("%d\\n", ans + 1);\n    return 0;\n}')"
2025-01-23 15:21:32,497	[INFO]	Step: 12
2025-01-23 15:21:32,497	[INFO]	Stop Steps: 100
2025-01-23 15:21:32,677	[INFO]	1-3     TEST_CODE_ERROR       None (--) [1 edit(s)]  
2025-01-23 15:21:32,677	[DEBUG]	patch(1-3)="LineLLMCrossover(('source.cpp', 2), '#include <cstdio>\n#include <cstring>\n#include <algorithm>\nusing namespace std;\n\nchar str[200005];\nint main() {\n    scanf("%s", str); // Using scanf for faster input\n    int ans = 0;\n    int a = -1;\n    for (int i = 0; str[i]; i++) {\n        if (str[i] == \'Z\') {\n            if (a != -1)\n                ans = max(ans, i - a);\n        } else if (str[i] == \'A\' && a == -1)\n            a = i;\n    }\n    printf("%d\\n", ans + 1); // Output the result\n}')"
2025-01-23 15:21:32,677	[INFO]	Step: 13
2025-01-23 15:21:32,677	[INFO]	Stop Steps: 100
2025-01-23 15:21:35,058	[INFO]	1-4     TEST_CODE_ERROR       None (--) [1 edit(s)]  
2025-01-23 15:21:35,058	[DEBUG]	patch(1-4)="LineLLMCrossover(('source.cpp', 3), '#include <cstdio>\n#include <cstring>\n#include <algorithm>\nusing namespace std;\n\ntypedef long long ll;\nconst int maxn = 1e5;\nint n;\nll a[maxn], b[maxn];\n\nint main(void) {\n    scanf("%d", &n); // Using scanf for faster input\n    for (int i = 0; i < n; ++i) {\n        scanf("%lld%lld", &a[i], &b[i]); // Use long long for larger numbers\n    }\n    ll ans = 0;\n    for (int i = n - 1; i >= 0; --i) {\n        ll cur = a[i] + ans;\n        ll tar = (cur + b[i] - 1) / b[i] * b[i];\n        ans += tar - cur;\n    }\n    printf("%lld\\n", ans);\n}')"
2025-01-23 15:21:35,058	[INFO]	Step: 14
2025-01-23 15:21:35,058	[INFO]	Stop Steps: 100
2025-01-23 15:21:37,114	[DEBUG]	EXEC>  SUCCESS 5033508.6875
2025-01-23 15:21:37,115	[INFO]	REF     SUCCESS               5033508.69 (--) [0 edit(s)]  
2025-01-23 15:21:37,115	[INFO]	Best patch step: None
2025-01-23 15:21:55,057	[INFO]	Step: 14
2025-01-23 15:21:55,057	[INFO]	Stop Steps: 100
2025-01-23 15:21:57,611	[INFO]	2-5     TEST_CODE_ERROR       None (--) [1 edit(s)]  
2025-01-23 15:21:57,611	[DEBUG]	patch(2-5)="LineLLMCrossover(('source.cpp', 4), '#include <iostream>\n#include <algorithm>\nusing namespace std;\n\ntypedef long long ll;\nconst int maxn = 1e5;\nint n, a[maxn], b[maxn];\n\nint main(void) {\n    cin >> n;\n    for (int i = 0; i < n; ++i) {\n        cin >> a[i] >> b[i];\n    }\n    ll ans = 0;\n    for (int i = n - 1; i >= 0; --i) {\n        ll cur = a[i] + ans;\n        ll tar = (cur + b[i] - 1) / b[i] * b[i];\n        ans += tar - cur;\n    }\n    cout << ans << endl;\n}')"
2025-01-23 15:21:57,611	[INFO]	Step: 15
2025-01-23 15:21:57,611	[INFO]	Stop Steps: 100
2025-01-23 15:21:57,790	[INFO]	2-6     TEST_CODE_ERROR       None (--) [1 edit(s)]  
2025-01-23 15:21:57,790	[DEBUG]	patch(2-6)="LineLLMCrossover(('source.cpp', 5), '#include <cstdio>\n#include <algorithm>\nusing namespace std;\n\nchar str[200005];\n\nint main() {\n    scanf("%s", str);\n    int ans = 0;\n    int a = -1;\n    for (int i = 0; str[i]; i++) {\n        if (str[i] == \'Z\') {\n            if (a != -1)\n                ans = max(ans, i - a);\n        } else if (str[i] == \'A\' && a == -1) {\n            a = i;\n        }\n    }\n    printf("%d\\n", ans + 1);\n    return 0;\n}')"
2025-01-23 15:21:57,790	[INFO]	Step: 16
2025-01-23 15:21:57,790	[INFO]	Stop Steps: 100
2025-01-23 15:22:00,336	[INFO]	2-7     TEST_CODE_ERROR       None (--) [1 edit(s)]  
2025-01-23 15:22:00,336	[DEBUG]	patch(2-7)="LineLLMCrossover(('source.cpp', 6), '#include <iostream>\n#include <algorithm>\nusing namespace std;\n\ntypedef long long ll;\nconst int maxn = 100000;\nint n;\nll a[maxn], b[maxn];\n\nint main(void) {\n    cin >> n;\n    for (int i = 0; i < n; ++i) {\n        cin >> a[i] >> b[i];\n    }\n    ll ans = 0;\n    for (int i = n - 1; i >= 0; --i) {\n        ll cur = a[i] + ans;\n        ll tar = (cur + b[i] - 1) / b[i] * b[i];\n        ans += tar - cur;\n    }\n    cout << ans << endl;\n}')"
2025-01-23 15:22:00,336	[INFO]	Step: 17
2025-01-23 15:22:00,336	[INFO]	Stop Steps: 100
2025-01-23 15:22:00,522	[INFO]	2-8     TEST_CODE_ERROR       None (--) [1 edit(s)]  
2025-01-23 15:22:00,522	[DEBUG]	patch(2-8)="LineLLMCrossover(('source.cpp', 7), '#include <cstdio>\n#include <algorithm>\nusing namespace std;\n\nchar str[200005];\n\nint main() {\n    scanf("%s", str);\n    int max_distance = 0;\n    int a_pos = -1;\n    \n    for (int i = 0; str[i]; i++) {\n        if (str[i] == \'Z\') {\n            if (a_pos != -1)\n                max_distance = max(max_distance, i - a_pos);\n        } else if (str[i] == \'A\' && a_pos == -1) {\n            a_pos = i;\n        }\n    }\n    printf("%d\\n", max_distance + 1);\n    return 0;\n}')"
2025-01-23 15:22:00,522	[INFO]	Step: 18
2025-01-23 15:22:00,522	[INFO]	Stop Steps: 100
2025-01-23 15:22:02,617	[DEBUG]	EXEC>  SUCCESS 4267421.0625
2025-01-23 15:22:02,618	[INFO]	REF     SUCCESS               4267421.06 (--) [0 edit(s)]  
2025-01-23 15:22:02,618	[INFO]	Best patch step: None
2025-01-23 15:22:19,154	[INFO]	Step: 18
2025-01-23 15:22:19,155	[INFO]	Stop Steps: 100
2025-01-23 15:22:19,341	[INFO]	3-9     TEST_CODE_ERROR       None (--) [1 edit(s)]  
2025-01-23 15:22:19,341	[DEBUG]	patch(3-9)="LineLLMCrossover(('source.cpp', 8), '#include <cstdio>\n#include <algorithm>\nusing namespace std;\n\nconst int maxn = 1e5;\nint n, a[maxn], b[maxn];\nint main(void) {\n    scanf("%d", &n);\n    for (int i = 0; i < n; ++i) {\n        scanf("%d%d", a + i, b + i);\n    }\n    int ans = 0;\n    for (int i = n - 1; i >= 0; --i) {\n        ans = max(ans, a[i] + b[i]);\n    }\n    printf("%d\\n", ans);\n    return 0;\n}')"
2025-01-23 15:22:19,341	[INFO]	Step: 19
2025-01-23 15:22:19,341	[INFO]	Stop Steps: 100
2025-01-23 15:22:19,518	[INFO]	3-10    TEST_CODE_ERROR       None (--) [1 edit(s)]  
2025-01-23 15:22:19,518	[DEBUG]	patch(3-10)="LineLLMCrossover(('source.cpp', 9), '#include <cstdio>\n#include <algorithm>\nusing namespace std;\n\nchar str[200005];\nint main() {\n    scanf("%s", str);\n    int a = -1, ans = 0;\n    for (int i = 0; str[i]; i++) {\n        if (str[i] == \'Z\') {\n            if (a != -1)\n                ans = max(ans, i - a);\n        } else if (str[i] == \'A\' && a == -1) {\n            a = i;\n        }\n    }\n    printf("%d\\n", ans + 1);\n    return 0;\n}')"
2025-01-23 15:22:19,518	[INFO]	Step: 20
2025-01-23 15:22:19,518	[INFO]	Stop Steps: 100
2025-01-23 15:22:19,701	[INFO]	3-1     TEST_CODE_ERROR       None (--) [1 edit(s)]  
2025-01-23 15:22:19,702	[DEBUG]	patch(3-1)="LineLLMCrossover(('source.cpp', 10), '#include <cstdio>\n#include <algorithm>\nusing namespace std;\n\nchar str[200005];\nlong long a[100000], b[100000];\nint main() {\n    int n;\n    scanf("%d", &n);\n    for (int i = 0; i < n; ++i) {\n        scanf("%lld%lld", &a[i], &b[i]);\n    }\n    long long ans = 0;\n    for (int i = 0; i < n; ++i) {\n        ans += a[i] + b[i];\n    }\n    printf("%lld\\n", ans);\n    return 0;\n}')"
2025-01-23 15:22:19,702	[INFO]	Step: 21
2025-01-23 15:22:19,702	[INFO]	Stop Steps: 100
2025-01-23 15:22:19,876	[INFO]	3-2     TEST_CODE_ERROR       None (--) [1 edit(s)]  
2025-01-23 15:22:19,876	[DEBUG]	patch(3-2)="LineLLMCrossover(('source.cpp', 11), '#include <cstdio>\n#include <algorithm>\nusing namespace std;\n\ntypedef long long ll;\nconst int maxn = 1e5;\nchar str[maxn];\nint main() {\n    scanf("%s", str);\n    ll maxDist = 0;\n    int lastA = -1;\n\n    for (int i = 0; str[i]; i++) {\n        if (str[i] == \'A\' && lastA == -1) {\n            lastA = i;\n        } else if (str[i] == \'Z\' && lastA != -1) {\n            maxDist = max(maxDist, (ll)(i - lastA));\n        }\n    }\n    printf("%lld\\n", maxDist + 1);\n    return 0;\n}')"
2025-01-23 15:22:19,876	[INFO]	Step: 22
2025-01-23 15:22:19,876	[INFO]	Stop Steps: 100
2025-01-23 15:22:21,796	[DEBUG]	EXEC>  SUCCESS 4203452.6875
2025-01-23 15:22:21,796	[INFO]	REF     SUCCESS               4203452.69 (--) [0 edit(s)]  
2025-01-23 15:22:21,797	[INFO]	Best patch step: None
2025-01-23 15:22:40,694	[INFO]	Step: 22
2025-01-23 15:22:40,694	[INFO]	Stop Steps: 100
2025-01-23 15:22:43,090	[INFO]	4-3     TEST_CODE_ERROR       None (--) [1 edit(s)]  
2025-01-23 15:22:43,090	[DEBUG]	patch(4-3)="LineLLMCrossover(('source.cpp', 12), '#include <cstdio>\n#include <cstring>\n#include <algorithm>\nusing namespace std;\n\ntypedef long long ll;\nconst int maxn = 100000;\nint n;\nll a[maxn], b[maxn];\n\nint main(void) {\n    scanf("%d", &n);\n    for(int i = 0; i < n; ++i) {\n        scanf("%lld%lld", &a[i], &b[i]);\n    }\n    ll ans = 0;\n    for (int i = n - 1; i >= 0; --i) {\n        ll cur = a[i] + ans;\n        ll tar = (cur + b[i] - 1) / b[i] * b[i];\n        ans += tar - cur;\n    }\n    printf("%lld\\n", ans);\n    return 0;\n}')"
2025-01-23 15:22:43,090	[INFO]	Step: 23
2025-01-23 15:22:43,090	[INFO]	Stop Steps: 100
2025-01-23 15:22:43,268	[INFO]	4-4     TEST_CODE_ERROR       None (--) [1 edit(s)]  
2025-01-23 15:22:43,268	[DEBUG]	patch(4-4)="LineLLMCrossover(('source.cpp', 13), '#include <cstdio>\n#include <algorithm>\nusing namespace std;\n\nchar str[200005];\ntypedef long long ll;\nconst int maxn = 100000;\nll a[maxn], b[maxn];\nint n;\n\nint main() {\n    scanf("%s", str);\n    int ans = 0, a_index = -1;\n    for (int i = 0; str[i]; i++) {\n        if (str[i] == \'Z\') {\n            if (a_index != -1)\n                ans = max(ans, i - a_index);\n        } else if (str[i] == \'A\' && a_index == -1) {\n            a_index = i;\n        }\n    }\n    printf("%d\\n", ans + 1);\n    return 0;\n}')"
2025-01-23 15:22:43,268	[INFO]	Step: 24
2025-01-23 15:22:43,268	[INFO]	Stop Steps: 100
2025-01-23 15:22:43,446	[INFO]	4-5     TEST_CODE_ERROR       None (--) [1 edit(s)]  
2025-01-23 15:22:43,446	[DEBUG]	patch(4-5)="LineLLMCrossover(('source.cpp', 14), '#include <cstdio>\n#include <algorithm>\n#include <cstring>\nusing namespace std;\n\nchar str[200005];\nint main() {\n    scanf("%s", str);\n    int ans = 0, a_index = -1;\n    for (int i = 0; str[i]; i++) {\n        if (str[i] == \'Z\') {\n            if (a_index != -1)\n                ans = max(ans, i - a_index);\n        } else if (str[i] == \'A\' && a_index == -1) {\n            a_index = i;\n        }\n    }\n    printf("%d\\n", ans + 1);\n    return 0;\n}')"
2025-01-23 15:22:43,446	[INFO]	Step: 25
2025-01-23 15:22:43,446	[INFO]	Stop Steps: 100
2025-01-23 15:22:45,825	[INFO]	4-6     TEST_CODE_ERROR       None (--) [1 edit(s)]  
2025-01-23 15:22:45,825	[DEBUG]	patch(4-6)="LineLLMCrossover(('source.cpp', 15), '#include <cstdio>\n#include <cstring>\n#include <algorithm>\nusing namespace std;\n\ntypedef long long ll;\nconst int maxn = 1e5;\nll a[maxn], b[maxn];\nint n;\n\nint main(void) {\n    scanf("%d", &n);\n    for(int i = 0; i < n; ++i) {\n        scanf("%lld%lld", &a[i], &b[i]);\n    }\n    ll ans = 0;\n    for (int i = n - 1; i >= 0; --i) {\n        ll cur = a[i] + ans;\n        ll tar = (cur + b[i] - 1) / b[i] * b[i];\n        ans += tar - cur;\n    }\n    printf("%lld\\n", ans);\n    return 0;\n}')"
2025-01-23 15:22:45,825	[INFO]	Step: 26
2025-01-23 15:22:45,825	[INFO]	Stop Steps: 100
2025-01-23 15:22:47,880	[DEBUG]	EXEC>  SUCCESS 5033971.625
2025-01-23 15:22:47,880	[INFO]	REF     SUCCESS               5033971.62 (--) [0 edit(s)]  
2025-01-23 15:22:47,880	[INFO]	Best patch step: None
2025-01-23 15:23:07,188	[INFO]	Step: 26
2025-01-23 15:23:07,188	[INFO]	Stop Steps: 100
2025-01-23 15:23:09,587	[INFO]	5-7     TEST_CODE_ERROR       None (--) [1 edit(s)]  
2025-01-23 15:23:09,587	[DEBUG]	patch(5-7)="LineLLMCrossover(('source.cpp', 16), '#include <cstdio>\n#include <cstring>\n#include <algorithm>\nusing namespace std;\n\nconst int maxn = 100000;\nint n, a[maxn], b[maxn];\n\nint main(void) {\n    scanf("%d", &n);\n    for (int i = 0; i < n; ++i) {\n        scanf("%d%d", a + i, b + i);\n    }\n\n    long long ans = 0;\n    for (int i = n - 1; i >= 0; --i) {\n        long long cur = a[i] + ans;\n        long long tar = (cur + b[i] - 1) / b[i] * b[i];\n        ans += tar - cur;\n    }\n    printf("%lld\\n", ans);\n}')"
2025-01-23 15:23:09,587	[INFO]	Step: 27
2025-01-23 15:23:09,587	[INFO]	Stop Steps: 100
2025-01-23 15:23:09,763	[INFO]	5-8     TEST_CODE_ERROR       None (--) [1 edit(s)]  
2025-01-23 15:23:09,763	[DEBUG]	patch(5-8)="LineLLMCrossover(('source.cpp', 17), '#include <cstdio>\n#include <algorithm>\nusing namespace std;\n\nchar str[200005];\n\nint main() {\n    scanf("%s", str);\n    int ans = 0, a = -1;\n    for (int i = 0; str[i]; i++) {\n        if (str[i] == \'Z\') {\n            if (a != -1)\n                ans = max(ans, i - a);\n        } else if (str[i] == \'A\' && a == -1) {\n            a = i;\n        }\n    }\n    printf("%d\\n", ans + 1);\n    return 0;\n}')"
2025-01-23 15:23:09,763	[INFO]	Step: 28
2025-01-23 15:23:09,763	[INFO]	Stop Steps: 100
2025-01-23 15:23:09,875	[INFO]	5-9     COMPILE_CODE_ERROR    None (--) [1 edit(s)]  
2025-01-23 15:23:09,875	[DEBUG]	patch(5-9)="LineLLMCrossover(('source.cpp', 18), '#include <cstdio>\n#include <algorithm>\nusing namespace std;\n\nconst int maxn = 100000;\nchar str[maxn];\nlong long a[maxn], b[maxn];\n\nint main(void) {\n    scanf("%s", str);\n    int n = strlen(str);\n    long long ans = 0;\n    int indexA = -1;\n\n    for (int i = 0; i < n; i++) {\n        if (str[i] == \'A\' && indexA == -1) {\n            indexA = i;\n        } else if (str[i] == \'Z\' && indexA != -1) {\n            ans = max(ans, i - indexA);\n        }\n    }\n    printf("%lld\\n", ans + 1);\n    return 0;\n}')"
2025-01-23 15:23:09,875	[INFO]	Step: 29
2025-01-23 15:23:09,875	[INFO]	Stop Steps: 100
2025-01-23 15:23:10,059	[INFO]	5-10    TEST_CODE_ERROR       None (--) [1 edit(s)]  
2025-01-23 15:23:10,059	[DEBUG]	patch(5-10)="LineLLMCrossover(('source.cpp', 19), '#include <cstdio>\n#include <cstring>\n#include <algorithm>\nusing namespace std;\n\nconst int maxn = 200005;\nchar str[maxn];\n\nint main() {\n    scanf("%s", str);\n    int maxDistance = 0, lastA = -1;\n\n    for (int i = 0; str[i]; i++) {\n        if (str[i] == \'A\' && lastA == -1) {\n            lastA = i;\n        } else if (str[i] == \'Z\' && lastA != -1) {\n            maxDistance = max(maxDistance, i - lastA);\n        }\n    }\n    printf("%d\\n", maxDistance + 1);\n    return 0;\n}')"
2025-01-23 15:23:10,059	[INFO]	Step: 30
2025-01-23 15:23:10,059	[INFO]	Stop Steps: 100
2025-01-23 15:23:11,974	[DEBUG]	EXEC>  SUCCESS 4240582.25
2025-01-23 15:23:11,974	[INFO]	REF     SUCCESS               4240582.25 (--) [0 edit(s)]  
2025-01-23 15:23:11,974	[INFO]	Best patch step: None
2025-01-23 15:23:28,477	[INFO]	Step: 30
2025-01-23 15:23:28,478	[INFO]	Stop Steps: 100
2025-01-23 15:23:28,658	[INFO]	6-1     TEST_CODE_ERROR       None (--) [1 edit(s)]  
2025-01-23 15:23:28,659	[DEBUG]	patch(6-1)="LineLLMCrossover(('source.cpp', 20), '#include <cstdio>\n#include <cstring>\n#include <algorithm>\nusing namespace std;\n\nconst int maxn = 200005;\nchar str[maxn];\n\nint main() {\n    scanf("%s", str);\n    int ans = 0;\n    int a = -1;\n\n    for(int i = 0; str[i]; i++) {\n        if (str[i] == \'Z\') {\n            if (a != -1)\n                ans = max(ans, i - a);\n        } else if (str[i] == \'A\' && a == -1)\n            a = i;\n    }\n    printf("%d\\n", ans + 1);\n    return 0;\n}')"
2025-01-23 15:23:28,659	[INFO]	Step: 31
2025-01-23 15:23:28,659	[INFO]	Stop Steps: 100
2025-01-23 15:23:28,834	[INFO]	6-2     TEST_CODE_ERROR       None (--) [1 edit(s)]  
2025-01-23 15:23:28,834	[DEBUG]	patch(6-2)="LineLLMCrossover(('source.cpp', 21), '#include <cstdio>\n#include <algorithm>\nusing namespace std;\n\nconst int maxn = 200005;\nchar str[maxn];\n\nint main() {\n    int n;\n    scanf("%d", &n);\n    scanf("%s", str);\n    int ans = 0;\n    int a = -1;\n\n    for(int i = 0; str[i]; i++) {\n        if (str[i] == \'Z\') {\n            if (a != -1)\n                ans = max(ans, i - a);\n        } else if (str[i] == \'A\' && a == -1)\n            a = i;\n    }\n    printf("%d\\n", ans + 1);\n    return 0;\n}')"
2025-01-23 15:23:28,834	[INFO]	Step: 32
2025-01-23 15:23:28,834	[INFO]	Stop Steps: 100
2025-01-23 15:23:29,012	[INFO]	6-3     TEST_CODE_ERROR       None (--) [1 edit(s)]  
2025-01-23 15:23:29,012	[DEBUG]	patch(6-3)="LineLLMCrossover(('source.cpp', 22), '#include <cstdio>\n#include <cstring>\n#include <algorithm>\nusing namespace std;\n\ntypedef long long li;\nconst int maxn = 100000;\nchar str[maxn];\nint n;\n\nint main(void) {\n    scanf("%d", &n);\n    scanf("%s", str);\n    li ans = 0;\n    int a = -1;\n\n    for(int i = 0; str[i]; i++) {\n        if (str[i] == \'Z\') {\n            if (a != -1)\n                ans = max(ans, (li)(i - a));\n        } else if (str[i] == \'A\' && a == -1)\n            a = i;\n    }\n    printf("%lld\\n", ans + 1);\n    return 0;\n}')"
2025-01-23 15:23:29,012	[INFO]	Step: 33
2025-01-23 15:23:29,012	[INFO]	Stop Steps: 100
2025-01-23 15:23:29,188	[INFO]	6-4     TEST_CODE_ERROR       None (--) [1 edit(s)]  
2025-01-23 15:23:29,188	[DEBUG]	patch(6-4)="LineLLMCrossover(('source.cpp', 23), '#include <cstdio>\n#include <cstring>\n#include <algorithm>\nusing namespace std;\n\nconst int maxn = 200005;\nchar str[maxn];\nint n;\n\nint main() {\n    scanf("%s", str);\n    int ans = 0;\n    int a = -1;\n\n    for(int i = 0; str[i]; i++) {\n        if (str[i] == \'Z\') {\n            if (a != -1)\n                ans = max(ans, i - a);\n        } else if (str[i] == \'A\' && a == -1)\n            a = i;\n    }\n    printf("%d\\n", ans + 1);\n    return 0;\n}')"
2025-01-23 15:23:29,188	[INFO]	Step: 34
2025-01-23 15:23:29,188	[INFO]	Stop Steps: 100
2025-01-23 15:23:31,089	[DEBUG]	EXEC>  SUCCESS 4215455.6875
2025-01-23 15:23:31,089	[INFO]	REF     SUCCESS               4215455.69 (--) [0 edit(s)]  
2025-01-23 15:23:31,089	[INFO]	Best patch step: None
2025-01-23 15:23:47,194	[INFO]	Step: 34
2025-01-23 15:23:47,194	[INFO]	Stop Steps: 100
2025-01-23 15:23:49,596	[INFO]	7-5     TEST_CODE_ERROR       None (--) [1 edit(s)]  
2025-01-23 15:23:49,596	[DEBUG]	patch(7-5)="LineLLMCrossover(('source.cpp', 24), '#include <cstdio>\n#include <cstring>\n#include <algorithm>\nusing namespace std;\n\ntypedef long long ll;\nconst int maxn = 100000;\nint n;\nll a[maxn], b[maxn];\n\nint main(void) {\n    scanf("%d", &n);\n    for(int i = 0; i < n; ++i) {\n        scanf("%lld %lld", &a[i], &b[i]);\n    }\n    ll ans = 0;\n    for (int i = n - 1; i >= 0; --i) {\n        ll cur = a[i] + ans;\n        ll tar = (cur + b[i] - 1) / b[i] * b[i];\n        ans += tar - cur;\n    }\n    printf("%lld\\n", ans);\n    return 0;\n}')"
2025-01-23 15:23:49,596	[INFO]	Step: 35
2025-01-23 15:23:49,596	[INFO]	Stop Steps: 100
2025-01-23 15:23:49,780	[INFO]	7-6     TEST_CODE_ERROR       None (--) [1 edit(s)]  
2025-01-23 15:23:49,780	[DEBUG]	patch(7-6)="LineLLMCrossover(('source.cpp', 25), '#include <cstdio>\n#include <algorithm>\nusing namespace std;\n\nchar str[200005];\n\nint main() {\n    int ans = 0, n = 0;\n    scanf("%s", str);\n    int a = -1;\n    while (str[n]) n++;\n    \n    for (int i = 0; i < n; i++) {\n        if (str[i] == \'Z\') {\n            if (a != -1)\n                ans = max(ans, i - a);\n        } else if (str[i] == \'A\' && a == -1) {\n            a = i;\n        }\n    }\n    printf("%d\\n", ans + 1);\n    return 0;\n}')"
2025-01-23 15:23:49,780	[INFO]	Step: 36
2025-01-23 15:23:49,780	[INFO]	Stop Steps: 100
2025-01-23 15:23:49,963	[INFO]	7-7     TEST_CODE_ERROR       None (--) [1 edit(s)]  
2025-01-23 15:23:49,964	[DEBUG]	patch(7-7)="LineLLMCrossover(('source.cpp', 26), '#include <cstdio>\n#include <algorithm>\nusing namespace std;\n\nconst int maxn = 200005;\nchar str[maxn];\n\nint main() {\n    scanf("%s", str);\n    int ans = 0, a = -1;\n    for (int i = 0; str[i]; i++) {\n        if (str[i] == \'Z\') {\n            if (a != -1)\n                ans = max(ans, i - a);\n        } else if (str[i] == \'A\' && a == -1) {\n            a = i;\n        }\n    }\n    printf("%d\\n", ans + 1);\n    return 0;\n}')"
2025-01-23 15:23:49,964	[INFO]	Step: 37
2025-01-23 15:23:49,964	[INFO]	Stop Steps: 100
2025-01-23 15:23:50,142	[INFO]	7-8     TEST_CODE_ERROR       None (--) [1 edit(s)]  
2025-01-23 15:23:50,142	[DEBUG]	patch(7-8)="LineLLMCrossover(('source.cpp', 27), '#include <cstdio>\n#include <algorithm>\nusing namespace std;\n\nconst int maxn = 100000;\nchar str[maxn];\nlong long a[maxn], b[maxn];\n\nint main() {\n    int n;\n    scanf("%d", &n);\n    scanf("%s", str);\n    int ans = 0, indexA = -1;\n\n    for (int i = 0; str[i]; i++) {\n        if (str[i] == \'Z\') {\n            if (indexA != -1)\n                ans = max(ans, i - indexA);\n        } else if (str[i] == \'A\' && indexA == -1) {\n            indexA = i;\n        }\n    }\n    printf("%d\\n", ans + 1);\n    return 0;\n}')"
2025-01-23 15:23:50,142	[INFO]	Step: 38
2025-01-23 15:23:50,142	[INFO]	Stop Steps: 100
2025-01-23 15:23:52,055	[DEBUG]	EXEC>  SUCCESS 4231746.0
2025-01-23 15:23:52,056	[INFO]	REF     SUCCESS               4231746.00 (--) [0 edit(s)]  
2025-01-23 15:23:52,056	[INFO]	Best patch step: None
2025-01-23 15:24:07,798	[INFO]	~~~~ END ~~~~
2025-01-23 15:24:07,798	[INFO]	Best patch step: None
