2025-01-23 15:57:09,395	[DEBUG]	==== CONFIG ====
[magpie]
import = 
seed = 5697029370112284
log_dir = _magpie_logs
work_dir = _magpie_work
local_original_copy = True
local_original_name = __original__
output_encoding = ascii
edit_retries = 10
default_timeout = 30
default_lengthout = 10000.0
diff_method = unified
trust_local_filesystem = True

[magpie.log]
color_output = True
format_info = {counter:<7} {status:<20} {best}{fitness} ({ratio}) [{size}] {cached} {log}
format_debug = patch({counter})="{patch}"{diffifbest}
format_fitness = {:.2f}
format_ratio = {:.2%%}
format_patchif = 
	 --> {patch}
format_diffif = 
	{diff}

[software]
path = dataset/magpie_dataset/train/0017
target_files = 
	source.cpp
software = BasicSoftware
model_rules = 
	*.params : ParamFileConfigModel
	*.xml : SrcmlModel
	* : LineModel
model_config = 
	*.params : [paramconfig]
	*.xml : [srcml]
init_cmd = 
init_timeout = 60
init_lengthout = -1
setup_cmd = bash setup.sh
setup_timeout = 
setup_lengthout = 
compile_cmd = bash compile.sh
compile_timeout = 
compile_lengthout = 
test_cmd = bash test.sh
test_timeout = 
test_lengthout = 
run_cmd = bash run.sh
run_timeout = 3
run_lengthout = 
batch_timeout = 
batch_lengthout = 
batch_bin_fitness_strategy = aggregate
batch_fitness_strategy = sum
fitness = time

[srcml]
rename = 
	stmt: break continue decl_stmt do expr_stmt for goto if return switch while
	number: literal_number
focus = block stmt operator_comp operator_arith number
internodes = block
process_pseudo_blocks = True
process_literals = True
process_operators = True

[paramconfig]
timing = test run
cli_prefix = --
cli_glue = =
cli_boolean = show
cli_boolean_prefix_true = 
cli_boolean_prefix_false = no-
cli_none = hide
silent_prefix = @
silent_suffix = $

[search]
protocol = BasicProtocol
algorithm = GeneticProgrammingLLM
possible_edits = 
	LineLLMMutation
	LineLLMCrossover
	LineDeletion
	LineInsertion
	LineReplacement
llm_prob = 1.0
warmup = 5
warmup_strategy = last
max_steps = 100
max_time = 20000
target_fitness = 
cache_maxsize = 100
cache_keep = 0.2
batch_instances = 
batch_shuffle = True
batch_bin_shuffle = False
batch_sample_size = 1

[search.ls]
delete_prob = 0.5
max_neighbours = 
when_trapped = continue
accept_fail = False
tabu_length = 10

[search.gp]
pop_size = 10
delete_prob = 0.0
offspring_elitism = 0.2
offspring_crossover = 0.4
offspring_mutation = 0.4
uniform_rate = 0.5
batch_reset = True

[search.minify]
do_cleanup = True
do_rebuild = True
do_simplify = True
round_robin_limit = 3


2025-01-23 15:57:09,395	[DEBUG]	
2025-01-23 15:57:09,396	[INFO]	==== SEARCH: GeneticProgrammingLLM ====
2025-01-23 15:57:09,396	[INFO]	~~~~ WARMUP ~~~~
2025-01-23 15:57:10,606	[DEBUG]	EXEC>  SUCCESS 8459560.0
2025-01-23 15:57:10,606	[INFO]	WARM    SUCCESS               8459560.00 (--) [0 edit(s)]  
2025-01-23 15:57:11,205	[DEBUG]	EXEC>  SUCCESS 8632429.5
2025-01-23 15:57:11,205	[INFO]	WARM    SUCCESS               8632429.50 (--) [0 edit(s)]  
2025-01-23 15:57:11,799	[DEBUG]	EXEC>  SUCCESS 8343479.5625
2025-01-23 15:57:11,799	[INFO]	WARM    SUCCESS               8343479.56 (--) [0 edit(s)]  
2025-01-23 15:57:12,388	[DEBUG]	EXEC>  SUCCESS 8408830.375
2025-01-23 15:57:12,389	[INFO]	WARM    SUCCESS               8408830.38 (--) [0 edit(s)]  
2025-01-23 15:57:12,992	[DEBUG]	EXEC>  SUCCESS 8898300.5625
2025-01-23 15:57:12,993	[INFO]	WARM    SUCCESS               8898300.56 (--) [0 edit(s)]  
2025-01-23 15:57:12,993	[INFO]	REF     SUCCESS               8898300.56 (--) [0 edit(s)]  
2025-01-23 15:57:12,994	[INFO]	
2025-01-23 15:57:12,994	[INFO]	~~~~ START ~~~~
2025-01-23 15:57:34,656	[INFO]	0-1     COMPILE_CODE_ERROR    None (--) [1 edit(s)]  
2025-01-23 15:57:34,656	[DEBUG]	patch(0-1)="LineLLMMutation(('source.cpp', 0), '#include <iostream>\n#include <algorithm>\n#include <cstring>\n\nusing namespace std;\n\nconst int maxn = 1001; // Reduce the scope of the array\nint n;\nint v[maxn]; // Value array\nint w[maxn]; // Weight array\nint dp[maxn][maxn]; // DP table\n\n// ... Remaining code remains unchanged ...')"
2025-01-23 15:57:35,952	[INFO]	0-2     COMPILE_CODE_ERROR    None (--) [1 edit(s)]  
2025-01-23 15:57:35,952	[DEBUG]	patch(0-2)="LineLLMMutation(('source.cpp', 1), '#include <iostream>\n#include <algorithm>\n#include <cstring>\n\nusing namespace std;\n\n// ... Other declarations remain unchanged ...\n\nint main(void) {\n    int cnt = 1;\n    while (scanf("%d", &wei) != EOF) {\n        memset(dp, -1, sizeof(dp));\n        if (wei == 0) break;\n\n        scanf("%d", &n);\n        char ten;\n        for (int i = 0; i < n; i++) {\n            scanf("%d %c %d", &v[i], &ten, &w[i]);\n        }\n\n        // ... Remaining code remains unchanged ...\n    }\n    return 0;\n}')"
2025-01-23 15:57:37,012	[INFO]	0-3     COMPILE_CODE_ERROR    None (--) [1 edit(s)]  
2025-01-23 15:57:37,013	[DEBUG]	patch(0-3)="LineLLMMutation(('source.cpp', 2), 'int max_value(int i, int j) {\n    if (dp[i][j] >= 0) {\n        return dp[i][j];\n    }\n    if (i == n) {\n        return dp[i][j] = 0; // Directly return and memoize\n    }\n    if (j < w[i]) {\n        return dp[i][j] = max_value(i + 1, j);\n    } else {\n        return dp[i][j] = max(max_value(i + 1, j), max_value(i + 1, j - w[i]) + v[i]);\n    }\n}')"
2025-01-23 15:57:38,073	[INFO]	0-4     COMPILE_CODE_ERROR    None (--) [1 edit(s)]  
2025-01-23 15:57:38,074	[DEBUG]	patch(0-4)="LineLLMMutation(('source.cpp', 3), 'void max_weight(int ans) {\n    int w_min = wei;\n    for (int i = 0; i < wei; i++) {\n        if (ans != max_value(0, i)) {\n            w_min = i;\n            break;\n        }\n    }\n    cout << w_min << endl;\n}')"
2025-01-23 15:57:39,169	[INFO]	0-5     COMPILE_CODE_ERROR    None (--) [1 edit(s)]  
2025-01-23 15:57:39,169	[DEBUG]	patch(0-5)="LineLLMMutation(('source.cpp', 4), 'int dp[1001][1001] = {}; // Initialize dp array to zero\n\nint max_value(int i, int j) {\n    if (dp[i][j] != 0) {\n        return dp[i][j];\n    }\n    // ... Remaining code remains unchanged ...\n}')"
2025-01-23 15:57:40,626	[INFO]	0-6     TEST_CODE_ERROR       None (--) [1 edit(s)]  
2025-01-23 15:57:40,626	[DEBUG]	patch(0-6)="LineLLMMutation(('source.cpp', 5), '#include <iostream>\n#include <vector>\n#include <algorithm>\n#include <cstring>\n\nusing namespace std;\n\nint wei; // Maximum weight\nint n; // Number of treasures\nvector<int> v, w; // Vectors for values and weights\nvector<vector<int>> dp; // 2D vector for DP\n\nint main(void) {\n    while (cin >> wei) {\n        dp.assign(n + 1, vector<int>(wei + 1, -1)); // Initialize DP table\n        // ... Remaining code remains unchanged ...\n    }\n    return 0;\n}')"
2025-01-23 15:57:41,745	[INFO]	0-7     TEST_CODE_ERROR       None (--) [1 edit(s)]  
2025-01-23 15:57:41,746	[DEBUG]	patch(0-7)="LineLLMMutation(('source.cpp', 6), '// ... Code remains unchanged until main ...\n\nint max_value(int i, int j); // Forward declaration\n\nint main(void) {\n    // ... Existing main function logic ...\n}\n\n// Define max_value after main\nint max_value(int i, int j) {\n    // ... Function implementation remains unchanged ...\n}')"
2025-01-23 15:57:42,808	[INFO]	0-8     COMPILE_CODE_ERROR    None (--) [1 edit(s)]  
2025-01-23 15:57:42,808	[DEBUG]	patch(0-8)="LineLLMMutation(('source.cpp', 7), 'int max_value(int i, int j) {\n    if (dp[i][j] >= 0) return dp[i][j];\n    if (i == n) return dp[i][j] = 0;\n    if (j < w[i]) return dp[i][j] = max_value(i + 1, j);\n    return dp[i][j] = max(max_value(i + 1, j), max_value(i + 1, j - w[i]) + v[i]);\n}')"
2025-01-23 15:57:43,867	[INFO]	0-9     COMPILE_CODE_ERROR    None (--) [1 edit(s)]  
2025-01-23 15:57:43,867	[DEBUG]	patch(0-9)="LineLLMMutation(('source.cpp', 8), 'int main(void) {\n    int cnt = 1;\n    while (true) {\n        cin >> wei;\n        if (wei == 0) break;\n\n        cin >> n;\n        if (n == 0) {\n            cout << "Case " << cnt << ": 0\\n0\\n";\n            cnt++;\n            continue;\n        }\n        // ... Existing logic for processing treasures ...\n    }\n    return 0;\n}')"
2025-01-23 15:57:45,192	[INFO]	0-10    TEST_CODE_ERROR       None (--) [1 edit(s)]  
2025-01-23 15:57:45,192	[DEBUG]	patch(0-10)="LineLLMMutation(('source.cpp', 9), '#include <iostream>\n#include <algorithm>\n#include <cstring>\n\nusing namespace std;\n\nint main(void) {\n    ios::sync_with_stdio(false); // Disable synchronization with C I/O\n    cin.tie(nullptr); // Untie cin from cout for faster input\n\n    // ... Existing main function logic ...\n    return 0;\n}')"
2025-01-23 15:57:46,193	[INFO]	Step: 10
2025-01-23 15:57:46,193	[INFO]	Stop Steps: 100
2025-01-23 15:57:47,910	[DEBUG]	EXEC>  SUCCESS 8369704.875
2025-01-23 15:57:47,910	[INFO]	REF     SUCCESS               8369704.88 (--) [0 edit(s)]  
2025-01-23 15:57:47,910	[INFO]	Best patch step: None
2025-01-23 15:58:04,709	[INFO]	~~~~ END ~~~~
2025-01-23 15:58:04,709	[INFO]	Best patch step: None
