2025-01-23 23:29:03,528	[DEBUG]	==== CONFIG ====
[magpie]
import = 
seed = 8079806763444475
log_dir = _magpie_logs
work_dir = _magpie_work
local_original_copy = True
local_original_name = __original__
output_encoding = ascii
edit_retries = 10
default_timeout = 30
default_lengthout = 10000.0
diff_method = unified
trust_local_filesystem = True

[magpie.log]
color_output = True
format_info = {counter:<7} {status:<20} {best}{fitness} ({ratio}) [{size}] {cached} {log}
format_debug = patch({counter})="{patch}"{diffifbest}
format_fitness = {:.2f}
format_ratio = {:.2%%}
format_patchif = 
	 --> {patch}
format_diffif = 
	{diff}

[software]
path = dataset/magpie_dataset/train/0064
target_files = 
	source.cpp
software = BasicSoftware
model_rules = 
	*.params : ParamFileConfigModel
	*.xml : SrcmlModel
	* : LineModel
model_config = 
	*.params : [paramconfig]
	*.xml : [srcml]
init_cmd = 
init_timeout = 60
init_lengthout = -1
setup_cmd = bash setup.sh
setup_timeout = 
setup_lengthout = 
compile_cmd = bash compile.sh
compile_timeout = 
compile_lengthout = 
test_cmd = bash test.sh
test_timeout = 
test_lengthout = 
run_cmd = bash run.sh
run_timeout = 3
run_lengthout = 
batch_timeout = 
batch_lengthout = 
batch_bin_fitness_strategy = aggregate
batch_fitness_strategy = sum
fitness = time

[srcml]
rename = 
	stmt: break continue decl_stmt do expr_stmt for goto if return switch while
	number: literal_number
focus = block stmt operator_comp operator_arith number
internodes = block
process_pseudo_blocks = True
process_literals = True
process_operators = True

[paramconfig]
timing = test run
cli_prefix = --
cli_glue = =
cli_boolean = show
cli_boolean_prefix_true = 
cli_boolean_prefix_false = no-
cli_none = hide
silent_prefix = @
silent_suffix = $

[search]
protocol = BasicProtocol
algorithm = GeneticProgrammingLLM
possible_edits = 
	LineLLMMutation
	LineLLMCrossover
	LineDeletion
	LineInsertion
	LineReplacement
llm_prob = 1.0
warmup = 5
warmup_strategy = last
max_steps = 100
max_time = 20000
target_fitness = 
cache_maxsize = 100
cache_keep = 0.2
batch_instances = 
batch_shuffle = True
batch_bin_shuffle = False
batch_sample_size = 1

[search.ls]
delete_prob = 0.5
max_neighbours = 
when_trapped = continue
accept_fail = False
tabu_length = 10

[search.gp]
pop_size = 10
delete_prob = 0.0
offspring_elitism = 0.2
offspring_crossover = 0.4
offspring_mutation = 0.4
uniform_rate = 0.5
batch_reset = True

[search.minify]
do_cleanup = True
do_rebuild = True
do_simplify = True
round_robin_limit = 3


2025-01-23 23:29:03,528	[DEBUG]	
2025-01-23 23:29:03,528	[INFO]	==== SEARCH: GeneticProgrammingLLM ====
2025-01-23 23:29:03,528	[INFO]	~~~~ WARMUP ~~~~
2025-01-23 23:29:04,537	[DEBUG]	EXEC>  SUCCESS 2719226.9375
2025-01-23 23:29:04,537	[INFO]	WARM    SUCCESS               2719226.94 (--) [0 edit(s)]  
2025-01-23 23:29:05,152	[DEBUG]	EXEC>  SUCCESS 2677085.8125
2025-01-23 23:29:05,152	[INFO]	WARM    SUCCESS               2677085.81 (--) [0 edit(s)]  
2025-01-23 23:29:05,783	[DEBUG]	EXEC>  SUCCESS 2682504.875
2025-01-23 23:29:05,783	[INFO]	WARM    SUCCESS               2682504.88 (--) [0 edit(s)]  
2025-01-23 23:29:06,397	[DEBUG]	EXEC>  SUCCESS 2674648.6875
2025-01-23 23:29:06,397	[INFO]	WARM    SUCCESS               2674648.69 (--) [0 edit(s)]  
2025-01-23 23:29:07,022	[DEBUG]	EXEC>  SUCCESS 2723023.6875
2025-01-23 23:29:07,022	[INFO]	WARM    SUCCESS               2723023.69 (--) [0 edit(s)]  
2025-01-23 23:29:07,022	[INFO]	REF     SUCCESS               2723023.69 (--) [0 edit(s)]  
2025-01-23 23:29:07,022	[INFO]	
2025-01-23 23:29:07,022	[INFO]	~~~~ START ~~~~
2025-01-23 23:31:35,211	[INFO]	0-1     TEST_CODE_ERROR       None (--) [1 edit(s)]  
2025-01-23 23:31:35,211	[DEBUG]	patch(0-1)="LineLLMMutation(('source.cpp', 0), '#include<cstdio>\n#include<cstring>\n#include<algorithm>\n#include<queue>\n#include<vector>\n\n#define INF 99999999\nusing namespace std;\n\ntypedef pair<int, int> P;\n\nvector<P> point[7];\nint x, y;\nint dp[6][1001][6];\nchar mas[1001][1001];\nint cx[6], ans;\nint sp, ans1;\n\nint solve(int i, int j, int z);\n\nint main() {\n    while (1) {\n        for (int i = 0; i < 7; i++) {\n            point[i].clear();\n        }\n        memset(cx, 0, sizeof(cx));\n        ans1 = INF;\n        sp = INF;\n\n        scanf("%d %d", &x, &y);\n        if (x == 0 && y == 0) break;\n\n        for (int i = 0; i < y; i++) scanf("%s", mas[i]);\n\n        // ... rest of the code remains unchanged\n    }\n}')"
2025-01-23 23:32:06,499	[INFO]	0-2     TEST_TIMEOUT          None (--) [1 edit(s)]  
2025-01-23 23:32:06,499	[DEBUG]	patch(0-2)="LineLLMMutation(('source.cpp', 1), '#include <cstdio>\n#include <cstring>\n#include <algorithm>\n#include <queue>\n#include <vector>\n#include <array>\n\n#define INF 99999999\nusing namespace std;\n\ntypedef pair<int, int> P;\n\nvector<P> point[7];\nint x, y;\nstd::array<std::array<std::array<int, 6>, 1001>, 6> dp; // Improved type safety\nchar mas[1001][1001];\nstd::array<int, 6> cx, ans;\nint sp, ans1;\n\nint solve(int i, int j, int z);\n\nint main() {\n    while (1) {\n        // ... initialization code remains unchanged\n    }\n}')"
2025-01-23 23:32:07,772	[INFO]	0-3     TEST_CODE_ERROR       None (--) [1 edit(s)]  
2025-01-23 23:32:07,773	[DEBUG]	patch(0-3)="LineLLMMutation(('source.cpp', 2), '#include <cstdio>\n#include <cstring>\n#include <algorithm>\n#include <queue>\n#include <vector>\n\n#define INF 99999999\nusing namespace std;\n\ntypedef pair<int, int> P;\n\nvector<P> point[7];\nint x, y;\nint dp[6][1001][6];\nchar mas[1001][1001];\nint cx[6], ans;\nint sp, ans1;\n\nint solve(int i, int j, int z);\n\nint main() {\n    while (1) {\n        // ... initialization code remains unchanged\n\n        scanf("%d %d", &x, &y);\n        if (x == 0 && y == 0) break;\n\n        for (int i = 0; i < y; i++) scanf("%s", mas[i]);\n        // ... rest of the code remains unchanged\n    }\n}')"
2025-01-23 23:32:39,053	[INFO]	0-4     TEST_TIMEOUT          None (--) [1 edit(s)]  
2025-01-23 23:32:39,053	[DEBUG]	patch(0-4)="LineLLMMutation(('source.cpp', 3), '#include <cstdio>\n#include <cstring>\n#include <algorithm>\n#include <queue>\n#include <vector>\n\n#define INF 99999999\nusing namespace std;\n\ntypedef pair<int, int> P;\n\nvector<P> point[7]; // Consider using fixed-size arrays for better performance\nint x, y;\nint dp[6][1001][6];\nchar mas[1001][1001];\nint cx[6], ans;\nint sp, ans1;\n\nint solve(int i, int j, int z);\n\nint main() {\n    while (1) {\n        // ... initialization code remains unchanged\n    }\n}')"
2025-01-23 23:32:40,334	[INFO]	0-5     TEST_CODE_ERROR       None (--) [1 edit(s)]  
2025-01-23 23:32:40,334	[DEBUG]	patch(0-5)="LineLLMMutation(('source.cpp', 4), '#include <cstdio>\n#include <cstring>\n#include <algorithm>\n#include <queue>\n#include <vector>\n\n#define INF 99999999\nusing namespace std;\n\ntypedef pair<int, int> P;\n\nvector<P> point[7];\nint x, y;\nint dp[6][1001][6];\nchar mas[1001][1001];\nint cx[6], ans;\nint sp, ans1;\n\nint solve(int i, int j, int z);\n\nint main() {\n    while (1) {\n        for (int i = 0; i < 7; i++) {\n            point[i].clear();\n        }\n        \n        memset(cx, 0, sizeof(cx));\n        ans1 = INF;\n        sp = INF;\n\n        scanf("%d %d", &x, &y);\n        if (x == 0 && y == 0) break;\n\n        for (int i = 0; i < y; i++) scanf("%s", mas[i]);\n        \n        for (int i = 0; i < y; i++) {\n            for (int j = 0; j < x; j++) {\n                // ... code remains unchanged\n            }\n        }\n\n        // ... rest of the code remains unchanged\n    }\n}')"
2025-01-23 23:32:41,589	[INFO]	0-6     COMPILE_CODE_ERROR    None (--) [1 edit(s)]  
2025-01-23 23:32:41,589	[DEBUG]	patch(0-6)="LineLLMMutation(('source.cpp', 5), '#include <cstdio>\n#include <cstring>\n#include <algorithm>\n#include <queue>\n#include <vector>\n\n#define INF 99999999\nusing namespace std;\n\ntypedef pair<int, int> P;\n\nvector<P> point[7];\nint x, y;\nint dp[6][1001][6];\nchar mas[1001][1001];\nint cx[6], ans;\nint sp, ans1;\n\nint solve(int i, int j, int z);\n\nint main() {\n    while (1) {\n        // ... initialization code remains unchanged\n\n        for (int i = 1; i <= 5; i++) {\n            rotate(point + 1, point + 2, point + 6);\n            rotate(cx + 1, cx + 2, cx + 6);\n            memset(dp, -1, sizeof(dp));\n            ans = solve(0, 0, 0);\n\n            if (ans < ans1) {\n                ans1 = ans;\n                sp = i;\n            }\n        }\n\n        // ... rest of the code remains unchanged\n    }\n}')"
2025-01-23 23:33:12,871	[INFO]	0-7     TEST_TIMEOUT          None (--) [1 edit(s)]  
2025-01-23 23:33:12,871	[DEBUG]	patch(0-7)="LineLLMMutation(('source.cpp', 6), '#include <cstdio>\n#include <cstring>\n#include <algorithm>\n#include <queue>\n#include <vector>\n\n#define INF 99999999\nusing namespace std;\n\ntypedef pair<int, int> P;\n\nvector<P> point[7];\nint x, y;\nint dp[6][1001][6];\nchar mas[1001][1001];\nint cx[6], ans;\nint sp, ans1;\n\nint solve(int i, int j, int z) {\n    // Convert to iterative DP logic\n    // ... implementation\n}\n\nint main() {\n    while (1) {\n        // ... initialization code remains unchanged\n    }\n}')"
2025-01-23 23:33:44,193	[INFO]	0-8     TEST_TIMEOUT          None (--) [1 edit(s)]  
2025-01-23 23:33:44,193	[DEBUG]	patch(0-8)="LineLLMMutation(('source.cpp', 7), "#include <cstdio>\n#include <cstring>\n#include <algorithm>\n#include <queue>\n#include <vector>\n\n#define INF 99999999\nusing namespace std;\n\ntypedef pair<int, int> P;\n\nvector<P> point[7];\nint x, y;\nint dp[6][1001][6];\nchar mas[1001][1001];\nint cx[6], ans;\nint sp, ans1;\n\nint solve(int i, int j, int z);\n\nint main() {\n    while (1) {\n        // ... initialization code remains unchanged\n\n        for (int i = 0; i < y; i++) {\n            for (int j = 0; j < x; j++) {\n                if (mas[i][j] == 'S') point[0].push_back(P(j, i));\n                else if (mas[i][j] == 'G') point[6].push_back(P(j, i));\n                else if (mas[i][j] >= '1' && mas[i][j] <= '5') {\n                    point[mas[i][j] - '0'].push_back(P(j, i));\n                    cx[mas[i][j] - '0']++;\n                }\n            }\n        }\n\n        // ... rest of the code remains unchanged\n    }\n}")"
2025-01-23 23:34:15,515	[INFO]	0-9     TEST_TIMEOUT          None (--) [1 edit(s)]  
2025-01-23 23:34:15,516	[DEBUG]	patch(0-9)="LineLLMMutation(('source.cpp', 8), "#include <cstdio>\n#include <cstring>\n#include <algorithm>\n#include <queue>\n#include <vector>\n\n#define INF 99999999\nusing namespace std;\n\ntypedef pair<int, int> P;\n\nvector<P> point[7];\nint x, y;\nint dp[6][1001][6];\nchar mas[1001][1001];\nint cx[6], ans;\nint sp, ans1;\n\nint solve(int i, int j, int z);\n\nint main() {\n    while (1) {\n        // ... initialization code remains unchanged\n\n        for (int i = 0; i < y; i++) {\n            for (int j = 0; j < x; j++) {\n                char current = mas[i][j];\n                if (current == 'S') point[0].emplace_back(j, i);\n                else if (current == 'G') point[6].emplace_back(j, i);\n                else if (current >= '1' && current <= '5') {\n                    point[current - '0'].emplace_back(j, i);\n                    cx[current - '0']++;\n                }\n            }\n        }\n\n        // ... rest of the code remains unchanged\n    }\n}")"
2025-01-23 23:34:46,915	[INFO]	0-10    TEST_TIMEOUT          None (--) [1 edit(s)]  
2025-01-23 23:34:46,915	[DEBUG]	patch(0-10)="LineLLMMutation(('source.cpp', 9), "#include <cstdio>\n#include <cstring>\n#include <algorithm>\n#include <queue>\n#include <vector>\n#include <unordered_map>\n\n#define INF 99999999\nusing namespace std;\n\ntypedef pair<int, int> P;\n\nunordered_map<int, vector<P>> point; // Using unordered_map for faster access\nint x, y;\nint dp[6][1001][6];\nchar mas[1001][1001];\nint cx[6], ans;\nint sp, ans1;\n\nint solve(int i, int j, int z);\n\nint main() {\n    while (1) {\n        // ... initialization code remains unchanged\n\n        for (int i = 0; i < y; i++) {\n            for (int j = 0; j < x; j++) {\n                char current = mas[i][j];\n                if (current == 'S') point[0].emplace_back(j, i);\n                else if (current == 'G') point[6].emplace_back(j, i);\n                else if (current >= '1' && current <= '5') {\n                    point[current - '0'].emplace_back(j, i);\n                    cx[current - '0']++;\n                }\n            }\n        }\n\n        // ... rest of the code remains unchanged\n    }\n}")"
2025-01-23 23:34:47,916	[INFO]	Step: 10
2025-01-23 23:34:47,916	[INFO]	Stop Steps: 100
2025-01-23 23:34:49,669	[DEBUG]	EXEC>  SUCCESS 2706675.8125
2025-01-23 23:34:49,669	[INFO]	REF     SUCCESS               2706675.81 (--) [0 edit(s)]  
2025-01-23 23:34:49,669	[INFO]	Best patch step: None
2025-01-23 23:35:32,188	[INFO]	Step: 10
2025-01-23 23:35:32,188	[INFO]	Stop Steps: 100
2025-01-23 23:35:32,370	[INFO]	1-1     TEST_CODE_ERROR       None (--) [1 edit(s)]  
2025-01-23 23:35:32,370	[DEBUG]	patch(1-1)="LineLLMCrossover(('source.cpp', 0), '#include <cstdio>\n#include <cstring>\n#include <algorithm>\nusing namespace std;\n\nchar str[200005];\nint main() {\n    scanf("%s", str);\n    int lastA = -1, maxDist = 0;\n    for (int i = 0; str[i]; i++) {\n        if (str[i] == \'A\') {\n            lastA = i;\n        } else if (str[i] == \'Z\' && lastA != -1) {\n            maxDist = max(maxDist, i - lastA);\n        }\n    }\n    printf("%d\\n", maxDist);\n    return 0;\n}')"
2025-01-23 23:35:32,370	[INFO]	Step: 11
2025-01-23 23:35:32,370	[INFO]	Stop Steps: 100
2025-01-23 23:35:34,747	[INFO]	1-2     TEST_CODE_ERROR       None (--) [1 edit(s)]  
2025-01-23 23:35:34,747	[DEBUG]	patch(1-2)="LineLLMCrossover(('source.cpp', 1), '#include <cstdio>\n#include <algorithm>\nusing namespace std;\n\ntypedef long long li;\nconst int maxn = 1e5;\nint n, a[maxn], b[maxn];\n\nint main(void) {\n    scanf("%d", &n);\n    for (int i = 0; i < n; ++i) {\n        scanf("%d%d", &a[i], &b[i]);\n    }\n    \n    li totalAdjustment = 0;\n    for (int i = n - 1; i >= 0; --i) {\n        li current = a[i] + totalAdjustment;\n        li target = (current + b[i] - 1) / b[i] * b[i];\n        totalAdjustment += target - current;\n    }\n    printf("%lld\\n", totalAdjustment);\n    return 0;\n}')"
2025-01-23 23:35:34,747	[INFO]	Step: 12
2025-01-23 23:35:34,747	[INFO]	Stop Steps: 100
2025-01-23 23:35:34,927	[INFO]	1-3     TEST_CODE_ERROR       None (--) [1 edit(s)]  
2025-01-23 23:35:34,927	[DEBUG]	patch(1-3)="LineLLMCrossover(('source.cpp', 2), '#include <cstdio>\n#include <cstring>\n#include <algorithm>\nusing namespace std;\n\nconst int maxn = 200005;\nchar str[maxn];\n\nint main() {\n    scanf("%s", str);\n    int lastA = -1, maxDistance = 0;\n    for (int i = 0; str[i]; i++) {\n        if (str[i] == \'A\') {\n            lastA = i;\n        } else if (str[i] == \'Z\' && lastA != -1) {\n            maxDistance = max(maxDistance, i - lastA);\n        }\n    }\n    printf("%d\\n", maxDistance);\n    return 0;\n}')"
2025-01-23 23:35:34,927	[INFO]	Step: 13
2025-01-23 23:35:34,927	[INFO]	Stop Steps: 100
2025-01-23 23:35:35,102	[INFO]	1-4     TEST_CODE_ERROR       None (--) [1 edit(s)]  
2025-01-23 23:35:35,102	[DEBUG]	patch(1-4)="LineLLMCrossover(('source.cpp', 3), '#include <cstdio>\n#include <algorithm>\nusing namespace std;\n\ntypedef long long li;\nconst int maxn = 200005;\nchar str[maxn];\n\nint main() {\n    scanf("%s", str);\n    li maxDist = 0, lastA = -1;\n    for (int i = 0; str[i]; i++) {\n        if (str[i] == \'A\') {\n            lastA = i;\n        } else if (str[i] == \'Z\' && lastA != -1) {\n            maxDist = max(maxDist, (li)(i - lastA));\n        }\n    }\n    printf("%lld\\n", maxDist);\n    return 0;\n}')"
2025-01-23 23:35:35,102	[INFO]	Step: 14
2025-01-23 23:35:35,102	[INFO]	Stop Steps: 100
2025-01-23 23:35:36,848	[DEBUG]	EXEC>  SUCCESS 2691748.5
2025-01-23 23:35:36,848	[INFO]	REF     SUCCESS               2691748.50 (--) [0 edit(s)]  
2025-01-23 23:35:36,848	[INFO]	Best patch step: None
2025-01-23 23:35:56,437	[INFO]	Step: 14
2025-01-23 23:35:56,437	[INFO]	Stop Steps: 100
2025-01-23 23:35:56,615	[INFO]	2-5     TEST_CODE_ERROR       None (--) [1 edit(s)]  
2025-01-23 23:35:56,615	[DEBUG]	patch(2-5)="LineLLMCrossover(('source.cpp', 4), '#include <cstdio>\n#include <algorithm>\nusing namespace std;\n\nconst int maxn = 200005;\nchar str[maxn];\nint main() {\n    scanf("%s", str);\n    int ans = 0, a = -1;\n    for (int i = 0; str[i]; i++) {\n        if (str[i] == \'Z\') {\n            if (a != -1)\n                ans = max(ans, i - a);\n        } else if (str[i] == \'A\' && a == -1) {\n            a = i;\n        }\n    }\n    printf("%d\\n", ans + 1);\n    return 0;\n}')"
2025-01-23 23:35:56,615	[INFO]	Step: 15
2025-01-23 23:35:56,615	[INFO]	Stop Steps: 100
2025-01-23 23:35:58,990	[INFO]	2-6     TEST_CODE_ERROR       None (--) [1 edit(s)]  
2025-01-23 23:35:58,991	[DEBUG]	patch(2-6)="LineLLMCrossover(('source.cpp', 5), '#include <cstdio>\n#include <algorithm>\nusing namespace std;\n\ntypedef long long li;\nconst int maxn = 1e5;\nint n, a[maxn], b[maxn];\n\nint main(void) {\n    scanf("%d", &n);\n    for (int i = 0; i < n; ++i) {\n        scanf("%d%d", a + i, b + i);\n    }\n    li ans = 0;\n    for (int i = n - 1; i >= 0; --i) {\n        li cur = a[i] + ans;\n        li tar = (cur + b[i] - 1) / b[i] * b[i];\n        ans += tar - cur;\n    }\n    printf("%lld\\n", ans);\n}')"
2025-01-23 23:35:58,991	[INFO]	Step: 16
2025-01-23 23:35:58,991	[INFO]	Stop Steps: 100
2025-01-23 23:35:59,058	[INFO]	2-7     COMPILE_CODE_ERROR    None (--) [1 edit(s)]  
2025-01-23 23:35:59,058	[DEBUG]	patch(2-7)="LineLLMCrossover(('source.cpp', 6), '#include <cstdio>\n#include <cstring>\nusing namespace std;\n\nconst int maxn = 200005;\nchar str[maxn];\n\nint main() {\n    scanf("%s", str);\n    int ans = 0, a = -1;\n    for (int i = 0; str[i]; i++) {\n        if (str[i] == \'Z\') {\n            if (a != -1)\n                ans = max(ans, i - a);\n        } else if (str[i] == \'A\' && a == -1) {\n            a = i;\n        }\n    }\n    printf("%d\\n", ans + 1);\n    return 0;\n}')"
2025-01-23 23:35:59,058	[INFO]	Step: 17
2025-01-23 23:35:59,058	[INFO]	Stop Steps: 100
2025-01-23 23:35:59,235	[INFO]	2-8     TEST_CODE_ERROR       None (--) [1 edit(s)]  
2025-01-23 23:35:59,236	[DEBUG]	patch(2-8)="LineLLMCrossover(('source.cpp', 7), '#include <cstdio>\n#include <cstring>\n#include <algorithm>\nusing namespace std;\n\nconst int maxn = 1e5;\nchar str[maxn];\nint n;\n\nint main(void) {\n    scanf("%s", str);\n    n = strlen(str);\n    int ans = 0, a = -1;\n    for (int i = 0; i < n; ++i) {\n        if (str[i] == \'Z\') {\n            if (a != -1)\n                ans = max(ans, i - a);\n        } else if (str[i] == \'A\' && a == -1) {\n            a = i;\n        }\n    }\n    printf("%d\\n", ans + 1);\n    return 0;\n}')"
2025-01-23 23:35:59,236	[INFO]	Step: 18
2025-01-23 23:35:59,236	[INFO]	Stop Steps: 100
2025-01-23 23:36:00,980	[DEBUG]	EXEC>  SUCCESS 2710908.5
2025-01-23 23:36:00,980	[INFO]	REF     SUCCESS               2710908.50 (--) [0 edit(s)]  
2025-01-23 23:36:00,980	[INFO]	Best patch step: None
2025-01-23 23:36:59,693	[INFO]	~~~~ END ~~~~
2025-01-23 23:36:59,693	[INFO]	Best patch step: None
