2025-01-24 15:03:48,425	[DEBUG]	==== CONFIG ====
[magpie]
import = 
seed = 129517297245431
log_dir = _magpie_logs
work_dir = _magpie_work
local_original_copy = True
local_original_name = __original__
output_encoding = ascii
edit_retries = 10
default_timeout = 30
default_lengthout = 10000.0
diff_method = unified
trust_local_filesystem = True

[magpie.log]
color_output = True
format_info = {counter:<7} {status:<20} {best}{fitness} ({ratio}) [{size}] {cached} {log}
format_debug = patch({counter})="{patch}"{diffifbest}
format_fitness = {:.2f}
format_ratio = {:.2%%}
format_patchif = 
	 --> {patch}
format_diffif = 
	{diff}

[software]
path = dataset/magpie_dataset/train/0094
target_files = 
	source.cpp
software = BasicSoftware
model_rules = 
	*.params : ParamFileConfigModel
	*.xml : SrcmlModel
	* : LineModel
model_config = 
	*.params : [paramconfig]
	*.xml : [srcml]
init_cmd = 
init_timeout = 60
init_lengthout = -1
setup_cmd = bash setup.sh
setup_timeout = 
setup_lengthout = 
compile_cmd = bash compile.sh
compile_timeout = 
compile_lengthout = 
test_cmd = bash test.sh
test_timeout = 
test_lengthout = 
run_cmd = bash run.sh
run_timeout = 3
run_lengthout = 
batch_timeout = 
batch_lengthout = 
batch_bin_fitness_strategy = aggregate
batch_fitness_strategy = sum
fitness = time

[srcml]
rename = 
	stmt: break continue decl_stmt do expr_stmt for goto if return switch while
	number: literal_number
focus = block stmt operator_comp operator_arith number
internodes = block
process_pseudo_blocks = True
process_literals = True
process_operators = True

[paramconfig]
timing = test run
cli_prefix = --
cli_glue = =
cli_boolean = show
cli_boolean_prefix_true = 
cli_boolean_prefix_false = no-
cli_none = hide
silent_prefix = @
silent_suffix = $

[search]
protocol = BasicProtocol
algorithm = GeneticProgrammingLLM
possible_edits = 
	LineLLMMutation
	LineLLMCrossover
	LineDeletion
	LineInsertion
	LineReplacement
llm_prob = 1.0
warmup = 5
warmup_strategy = last
max_steps = 100
max_time = 20000
target_fitness = 
cache_maxsize = 100
cache_keep = 0.2
batch_instances = 
batch_shuffle = True
batch_bin_shuffle = False
batch_sample_size = 1

[search.ls]
delete_prob = 0.5
max_neighbours = 
when_trapped = continue
accept_fail = False
tabu_length = 10

[search.gp]
pop_size = 10
delete_prob = 0.0
offspring_elitism = 0.2
offspring_crossover = 0.4
offspring_mutation = 0.4
uniform_rate = 0.5
batch_reset = True

[search.minify]
do_cleanup = True
do_rebuild = True
do_simplify = True
round_robin_limit = 3


2025-01-24 15:03:48,425	[DEBUG]	
2025-01-24 15:03:48,425	[INFO]	==== SEARCH: GeneticProgrammingLLM ====
2025-01-24 15:03:48,426	[INFO]	~~~~ WARMUP ~~~~
2025-01-24 15:03:49,742	[DEBUG]	EXEC>  SUCCESS 9224309.6875
2025-01-24 15:03:49,742	[INFO]	WARM    SUCCESS               9224309.69 (--) [0 edit(s)]  
2025-01-24 15:03:50,659	[DEBUG]	EXEC>  SUCCESS 9037491.625
2025-01-24 15:03:50,660	[INFO]	WARM    SUCCESS               9037491.62 (--) [0 edit(s)]  
2025-01-24 15:03:51,559	[DEBUG]	EXEC>  SUCCESS 9021007.0625
2025-01-24 15:03:51,559	[INFO]	WARM    SUCCESS               9021007.06 (--) [0 edit(s)]  
2025-01-24 15:03:52,468	[DEBUG]	EXEC>  SUCCESS 9069503.375
2025-01-24 15:03:52,468	[INFO]	WARM    SUCCESS               9069503.38 (--) [0 edit(s)]  
2025-01-24 15:03:53,388	[DEBUG]	EXEC>  SUCCESS 9419442.75
2025-01-24 15:03:53,388	[INFO]	WARM    SUCCESS               9419442.75 (--) [0 edit(s)]  
2025-01-24 15:03:53,388	[INFO]	REF     SUCCESS               9419442.75 (--) [0 edit(s)]  
2025-01-24 15:03:53,389	[INFO]	
2025-01-24 15:03:53,389	[INFO]	~~~~ START ~~~~
2025-01-24 15:04:04,288	[INFO]	0-1     COMPILE_CODE_ERROR    None (--) [1 edit(s)]  
2025-01-24 15:04:04,288	[DEBUG]	patch(0-1)="LineLLMMutation(('source.cpp', 0), '#include <iostream>\n#include <algorithm>\n#include <cstring>\nusing namespace std;')"
2025-01-24 15:04:05,383	[INFO]	0-2     COMPILE_CODE_ERROR    None (--) [1 edit(s)]  
2025-01-24 15:04:05,383	[DEBUG]	patch(0-2)="LineLLMMutation(('source.cpp', 1), '#define REP(i,n) for(int i=0; i<n; ++i)\n#define REPR(i,n) for(int i=n-1; i>=0; --i)')"
2025-01-24 15:04:06,444	[INFO]	0-3     COMPILE_CODE_ERROR    None (--) [1 edit(s)]  
2025-01-24 15:04:06,444	[DEBUG]	patch(0-3)="LineLLMMutation(('source.cpp', 2), 'for(int i = 0; i <= 100; ++i)\n    for(int j = 0; j <= 100; ++j)\n        for(int k = 0; k <= 100; ++k)\n            dp[i][j][k] = INF;')"
2025-01-24 15:04:07,770	[INFO]	0-4     TEST_CODE_ERROR       None (--) [1 edit(s)]  
2025-01-24 15:04:07,770	[DEBUG]	patch(0-4)="LineLLMMutation(('source.cpp', 3), '#include <iostream>\n#include <algorithm>\n#include <cstring>\n\nint main() {\n    // Code remains the same\n}')"
2025-01-24 15:04:08,865	[INFO]	0-5     COMPILE_CODE_ERROR    None (--) [1 edit(s)]  
2025-01-24 15:04:08,866	[DEBUG]	patch(0-5)="LineLLMMutation(('source.cpp', 4), 'template<class T>\ninline bool chmin(T &a, const T &b) {\n    return b < (a = b);\n}')"
2025-01-24 15:04:09,993	[INFO]	0-6     COMPILE_CODE_ERROR    None (--) [1 edit(s)]  
2025-01-24 15:04:09,993	[DEBUG]	patch(0-6)="LineLLMMutation(('source.cpp', 5), '#include <array>\nstd::array<std::array<std::array<int, 101>, 101>, 101> dp;')"
2025-01-24 15:04:11,056	[INFO]	0-7     COMPILE_CODE_ERROR    None (--) [1 edit(s)]  
2025-01-24 15:04:11,056	[DEBUG]	patch(0-7)="LineLLMMutation(('source.cpp', 6), 'scanf("%d %d", &d, &n);')"
2025-01-24 15:04:12,118	[INFO]	0-8     COMPILE_CODE_ERROR    None (--) [1 edit(s)]  
2025-01-24 15:04:12,118	[DEBUG]	patch(0-8)="LineLLMMutation(('source.cpp', 7), 'for (int i = 0; i < n; ++i) {\n    p[i].in();\n}\n// Replace all occurrences of REP with for loops')"
2025-01-24 15:04:13,177	[INFO]	0-9     COMPILE_CODE_ERROR    None (--) [1 edit(s)]  
2025-01-24 15:04:13,178	[DEBUG]	patch(0-9)="LineLLMMutation(('source.cpp', 8), 'sort(p, p + n, [](const P &a, const P &b) { return a.r < b.r; });')"
2025-01-24 15:04:14,304	[INFO]	0-10    COMPILE_CODE_ERROR    None (--) [1 edit(s)]  
2025-01-24 15:04:14,304	[DEBUG]	patch(0-10)="LineLLMMutation(('source.cpp', 9), '#include <vector>\nstd::vector<P> p(n);')"
2025-01-24 15:04:15,305	[INFO]	Step: 10
2025-01-24 15:04:15,305	[INFO]	Stop Steps: 100
2025-01-24 15:04:17,350	[DEBUG]	EXEC>  SUCCESS 8922484.625
2025-01-24 15:04:17,350	[INFO]	REF     SUCCESS               8922484.62 (--) [0 edit(s)]  
2025-01-24 15:04:17,350	[INFO]	Best patch step: None
2025-01-24 15:05:05,077	[INFO]	~~~~ END ~~~~
2025-01-24 15:05:05,077	[INFO]	Best patch step: None
