2025-01-24 18:36:52,009	[DEBUG]	==== CONFIG ====
[magpie]
import = 
seed = 9247383507926607
log_dir = _magpie_logs
work_dir = _magpie_work
local_original_copy = True
local_original_name = __original__
output_encoding = ascii
edit_retries = 10
default_timeout = 30
default_lengthout = 10000.0
diff_method = unified
trust_local_filesystem = True

[magpie.log]
color_output = True
format_info = {counter:<7} {status:<20} {best}{fitness} ({ratio}) [{size}] {cached} {log}
format_debug = patch({counter})="{patch}"{diffifbest}
format_fitness = {:.2f}
format_ratio = {:.2%%}
format_patchif = 
	 --> {patch}
format_diffif = 
	{diff}

[software]
path = dataset/magpie_dataset/train/0112
target_files = 
	source.cpp
software = BasicSoftware
model_rules = 
	*.params : ParamFileConfigModel
	*.xml : SrcmlModel
	* : LineModel
model_config = 
	*.params : [paramconfig]
	*.xml : [srcml]
init_cmd = 
init_timeout = 60
init_lengthout = -1
setup_cmd = bash setup.sh
setup_timeout = 
setup_lengthout = 
compile_cmd = bash compile.sh
compile_timeout = 
compile_lengthout = 
test_cmd = bash test.sh
test_timeout = 
test_lengthout = 
run_cmd = bash run.sh
run_timeout = 3
run_lengthout = 
batch_timeout = 
batch_lengthout = 
batch_bin_fitness_strategy = aggregate
batch_fitness_strategy = sum
fitness = time

[srcml]
rename = 
	stmt: break continue decl_stmt do expr_stmt for goto if return switch while
	number: literal_number
focus = block stmt operator_comp operator_arith number
internodes = block
process_pseudo_blocks = True
process_literals = True
process_operators = True

[paramconfig]
timing = test run
cli_prefix = --
cli_glue = =
cli_boolean = show
cli_boolean_prefix_true = 
cli_boolean_prefix_false = no-
cli_none = hide
silent_prefix = @
silent_suffix = $

[search]
protocol = BasicProtocol
algorithm = GeneticProgrammingLLM
possible_edits = 
	LineLLMMutation
	LineLLMCrossover
	LineDeletion
	LineInsertion
	LineReplacement
llm_prob = 1.0
warmup = 5
warmup_strategy = last
max_steps = 100
max_time = 20000
target_fitness = 
cache_maxsize = 100
cache_keep = 0.2
batch_instances = 
batch_shuffle = True
batch_bin_shuffle = False
batch_sample_size = 1

[search.ls]
delete_prob = 0.5
max_neighbours = 
when_trapped = continue
accept_fail = False
tabu_length = 10

[search.gp]
pop_size = 10
delete_prob = 0.0
offspring_elitism = 0.2
offspring_crossover = 0.4
offspring_mutation = 0.4
uniform_rate = 0.5
batch_reset = True

[search.minify]
do_cleanup = True
do_rebuild = True
do_simplify = True
round_robin_limit = 3


2025-01-24 18:36:52,010	[DEBUG]	
2025-01-24 18:36:52,010	[INFO]	==== SEARCH: GeneticProgrammingLLM ====
2025-01-24 18:36:52,010	[INFO]	~~~~ WARMUP ~~~~
2025-01-24 18:36:53,191	[INFO]	WARM    COMPILE_CODE_ERROR    None (--) [0 edit(s)]  
2025-01-24 18:36:53,191	[INFO]	!*!*!*!*!*!*!*!*!*!*!*!*!*!*!*!*!*!*!*!*!*!*!*!*!*!*!*!*!*!*!*!*!*!*!*!*!*!*!*!*
2025-01-24 18:36:53,191	[INFO]	Unable to run and evaluate the target software.
2025-01-24 18:36:53,191	[INFO]	Self-diagnostic:
2025-01-24 18:36:53,191	[INFO]	The "compile_cmd" command failed with a nonzero exit code
2025-01-24 18:36:53,191	[INFO]	--> try to run it manually
2025-01-24 18:36:53,191	[INFO]	!*!*!*!*!*!*!*!*!*!*!*!*!*!*!*!*!*!*!*!*!*!*!*!*!*!*!*!*!*!*!*!*!*!*!*!*!*!*!*!*
2025-01-24 18:36:53,192	[INFO]	CWD: /home/ubuntu/eoc/magpie2/_magpie_work/0112_1737743812/0112
2025-01-24 18:36:53,192	[INFO]	CMD: ['bash', 'compile.sh']
2025-01-24 18:36:53,192	[INFO]	STATUS: SUCCESS
2025-01-24 18:36:53,192	[INFO]	RETURN_CODE: 2
2025-01-24 18:36:53,192	[INFO]	RUNTIME: 0.665210485458374
2025-01-24 18:36:53,192	[INFO]	STDOUT: (see log file)
2025-01-24 18:36:53,192	[DEBUG]	STDOUT:
-- Configuring done (0.0s)
-- Generating done (0.0s)
-- Build files have been written to: /home/ubuntu/eoc/magpie2/_magpie_work/0112_1737743812/0112/build
[ 50%] Building CXX object CMakeFiles/src_code.dir/source.cpp.o

2025-01-24 18:36:53,192	[INFO]	STDERR: (see log file)
2025-01-24 18:36:53,192	[DEBUG]	STDERR: (failed to decode to: ascii)
b'CMake Deprecation Warning at CMakeLists.txt:1 (cmake_minimum_required):\n  Compatibility with CMake < 3.5 will be removed from a future version of\n  CMake.\n\n  Update the VERSION argument <min> value or use a ...<max> suffix to tell\n  CMake that the project does not need compatibility with older versions.\n\n\n/home/ubuntu/eoc/magpie2/_magpie_work/0112_1737743812/0112/source.cpp:35:75: error: \xe2\x80\x98INT_MAX\xe2\x80\x99 was not declared in this scope\n   35 |                 bool(*c)(T, T) = [](int a, int b) {return a < b; }, T d = INT_MAX) {\n      |                                                                           ^~~~~~~\n/home/ubuntu/eoc/magpie2/_magpie_work/0112_1737743812/0112/source.cpp:2:1: note: \xe2\x80\x98INT_MAX\xe2\x80\x99 is defined in header \xe2\x80\x98<climits>\xe2\x80\x99; did you forget to \xe2\x80\x98#include <climits>\xe2\x80\x99?\n    1 | #include "stdc++.h"\n  +++ |+#include <climits>\n    2 | \n/home/ubuntu/eoc/magpie2/_magpie_work/0112_1737743812/0112/source.cpp: In function \xe2\x80\x98int main()\xe2\x80\x99:\n/home/ubuntu/eoc/magpie2/_magpie_work/0112_1737743812/0112/source.cpp:187:55: error: \xe2\x80\x98INT_MAX\xe2\x80\x99 was not declared in this scope\n  187 |         tree.init(s.size(),[](P a,P b){return a<b;},P(INT_MAX,INT_MAX));\n      |                                                       ^~~~~~~\n/home/ubuntu/eoc/magpie2/_magpie_work/0112_1737743812/0112/source.cpp:187:55: note: \xe2\x80\x98INT_MAX\xe2\x80\x99 is defined in header \xe2\x80\x98<climits>\xe2\x80\x99; did you forget to \xe2\x80\x98#include <climits>\xe2\x80\x99?\nmake[2]: *** [CMakeFiles/src_code.dir/build.make:76: CMakeFiles/src_code.dir/source.cpp.o] Error 1\nmake[1]: *** [CMakeFiles/Makefile2:83: CMakeFiles/src_code.dir/all] Error 2\nmake: *** [Makefile:91: all] Error 2\n'
2025-01-24 18:36:53,192	[INFO]	!*!*!*!*!*!*!*!*!*!*!*!*!*!*!*!*!*!*!*!*!*!*!*!*!*!*!*!*!*!*!*!*!*!*!*!*!*!*!*!*
2025-01-24 18:36:53,192	[INFO]	~~~~ END ~~~~
2025-01-24 18:36:53,192	[INFO]	Best patch step: None
2025-01-24 18:36:53,192	[INFO]	
2025-01-24 18:36:53,192	[INFO]	==== REPORT ====
2025-01-24 18:36:53,192	[INFO]	Termination: failed to compile target software
2025-01-24 18:36:53,192	[INFO]	Log file: /home/ubuntu/eoc/magpie2/_magpie_logs/0112_1737743812.log
