2025-01-24 18:36:54,720	[DEBUG]	==== CONFIG ====
[magpie]
import = 
seed = 6806147504827560
log_dir = _magpie_logs
work_dir = _magpie_work
local_original_copy = True
local_original_name = __original__
output_encoding = ascii
edit_retries = 10
default_timeout = 30
default_lengthout = 10000.0
diff_method = unified
trust_local_filesystem = True

[magpie.log]
color_output = True
format_info = {counter:<7} {status:<20} {best}{fitness} ({ratio}) [{size}] {cached} {log}
format_debug = patch({counter})="{patch}"{diffifbest}
format_fitness = {:.2f}
format_ratio = {:.2%%}
format_patchif = 
	 --> {patch}
format_diffif = 
	{diff}

[software]
path = dataset/magpie_dataset/train/0113
target_files = 
	source.cpp
software = BasicSoftware
model_rules = 
	*.params : ParamFileConfigModel
	*.xml : SrcmlModel
	* : LineModel
model_config = 
	*.params : [paramconfig]
	*.xml : [srcml]
init_cmd = 
init_timeout = 60
init_lengthout = -1
setup_cmd = bash setup.sh
setup_timeout = 
setup_lengthout = 
compile_cmd = bash compile.sh
compile_timeout = 
compile_lengthout = 
test_cmd = bash test.sh
test_timeout = 
test_lengthout = 
run_cmd = bash run.sh
run_timeout = 3
run_lengthout = 
batch_timeout = 
batch_lengthout = 
batch_bin_fitness_strategy = aggregate
batch_fitness_strategy = sum
fitness = time

[srcml]
rename = 
	stmt: break continue decl_stmt do expr_stmt for goto if return switch while
	number: literal_number
focus = block stmt operator_comp operator_arith number
internodes = block
process_pseudo_blocks = True
process_literals = True
process_operators = True

[paramconfig]
timing = test run
cli_prefix = --
cli_glue = =
cli_boolean = show
cli_boolean_prefix_true = 
cli_boolean_prefix_false = no-
cli_none = hide
silent_prefix = @
silent_suffix = $

[search]
protocol = BasicProtocol
algorithm = GeneticProgrammingLLM
possible_edits = 
	LineLLMMutation
	LineLLMCrossover
	LineDeletion
	LineInsertion
	LineReplacement
llm_prob = 1.0
warmup = 5
warmup_strategy = last
max_steps = 100
max_time = 20000
target_fitness = 
cache_maxsize = 100
cache_keep = 0.2
batch_instances = 
batch_shuffle = True
batch_bin_shuffle = False
batch_sample_size = 1

[search.ls]
delete_prob = 0.5
max_neighbours = 
when_trapped = continue
accept_fail = False
tabu_length = 10

[search.gp]
pop_size = 10
delete_prob = 0.0
offspring_elitism = 0.2
offspring_crossover = 0.4
offspring_mutation = 0.4
uniform_rate = 0.5
batch_reset = True

[search.minify]
do_cleanup = True
do_rebuild = True
do_simplify = True
round_robin_limit = 3


2025-01-24 18:36:54,721	[DEBUG]	
2025-01-24 18:36:54,721	[INFO]	==== SEARCH: GeneticProgrammingLLM ====
2025-01-24 18:36:54,721	[INFO]	~~~~ WARMUP ~~~~
2025-01-24 18:36:55,909	[DEBUG]	EXEC>  SUCCESS 2615547.6875
2025-01-24 18:36:55,909	[INFO]	WARM    SUCCESS               2615547.69 (--) [0 edit(s)]  
2025-01-24 18:36:56,632	[DEBUG]	EXEC>  SUCCESS 2948591.375
2025-01-24 18:36:56,632	[INFO]	WARM    SUCCESS               2948591.38 (--) [0 edit(s)]  
2025-01-24 18:36:57,388	[DEBUG]	EXEC>  SUCCESS 3016173.0625
2025-01-24 18:36:57,389	[INFO]	WARM    SUCCESS               3016173.06 (--) [0 edit(s)]  
2025-01-24 18:36:58,328	[DEBUG]	EXEC>  SUCCESS 3334649.875
2025-01-24 18:36:58,328	[INFO]	WARM    SUCCESS               3334649.88 (--) [0 edit(s)]  
2025-01-24 18:36:59,080	[DEBUG]	EXEC>  SUCCESS 2437077.75
2025-01-24 18:36:59,081	[INFO]	WARM    SUCCESS               2437077.75 (--) [0 edit(s)]  
2025-01-24 18:36:59,081	[INFO]	REF     SUCCESS               2437077.75 (--) [0 edit(s)]  
2025-01-24 18:36:59,081	[INFO]	
2025-01-24 18:36:59,081	[INFO]	~~~~ START ~~~~
2025-01-24 18:38:00,423	[INFO]	0-1     COMPILE_CODE_ERROR    None (--) [1 edit(s)]  
2025-01-24 18:38:00,423	[DEBUG]	patch(0-1)="LineLLMMutation(('source.cpp', 0), '#include <iostream>\n#include <vector>\n#include <algorithm>\n\nusing namespace std;\n\ntypedef long long ll;\n\nint main(void) {\n    ll i, sm = 1, num, n, las;\n    string s, ans;\n    cin >> s;\n    ll k;\n    cin >> k;\n    \n    n = s.size();\n    while (sm < n) sm *= 2;\n\n    vector<pair<char, ll>> se;\n    vector<ll> seg(sm * 2, 0);\n    num = min(k + 1, n);\n    las = num;\n\n    for (i = 0; i < num; ++i) se.emplace_back(s[i], i);\n    sort(se.begin(), se.end());\n\n    ll cnt = 0;\n    while (k && ans.size() != n) {\n        ++cnt;\n        num = min(k + 1, n - ans.size());\n        \n        while (num > se.size() && las != n) {\n            if (seg[sm + las] != -1) {\n                se.emplace_back(s[las], las);\n                sort(se.begin(), se.end());\n            }\n            las++;\n        }\n        \n        while (num < se.size()) {\n            --las;\n            if (seg[sm + las] != -1) {\n                se.erase(remove(se.begin(), se.end(), make_pair(s[las], las)), se.end());\n            }\n        }\n\n        ans += se.front().first;\n        ll nnum = se.front().second;\n        k -= seg[sm + nnum];\n\n        seg[sm + nnum] = -1;\n        se.erase(se.begin());\n    }\n\n    for (i = 0; i < n; ++i) if (seg[sm + i] != -1) ans += s[i];\n    cout << ans << endl;\n    return 0;\n}')"
2025-01-24 18:38:01,691	[INFO]	0-2     COMPILE_CODE_ERROR    None (--) [1 edit(s)]  
2025-01-24 18:38:01,691	[DEBUG]	patch(0-2)="LineLLMMutation(('source.cpp', 1), '#include <iostream>\n#include <vector>\n#include <algorithm>\n\nusing namespace std;\n\ntypedef long long ll;\n\nint main(void) {\n    ll sm = 1, num, n, las;\n    string s, ans;\n    cin >> s;\n    ll k;\n    cin >> k;\n\n    n = s.size();\n    while (sm < n) sm *= 2;\n\n    vector<pair<char, ll>> se;\n    vector<ll> seg(sm * 2, 0);\n    num = min(k + 1, n);\n    las = num;\n\n    for (ll i = 0; i < num; ++i) se.emplace_back(s[i], i);\n    sort(se.begin(), se.end());\n\n    while (k && ans.size() != n) {\n        num = min(k + 1, n - ans.size());\n        while (num > se.size() && las < n) {\n            if (seg[sm + las] != -1) {\n                se.emplace_back(s[las], las);\n                sort(se.begin(), se.end());\n            }\n            las++;\n        }\n\n        if (num < se.size()) {\n            se.resize(num);\n        }\n\n        ans += se.front().first;\n        ll nnum = se.front().second;\n        k -= seg[sm + nnum];\n        seg[sm + nnum] = -1;\n        se.erase(se.begin());\n    }\n\n    for (ll i = 0; i < n; ++i) if (seg[sm + i] != -1) ans += s[i];\n    cout << ans << endl;\n    return 0;\n}')"
2025-01-24 18:38:02,968	[INFO]	0-3     COMPILE_CODE_ERROR    None (--) [1 edit(s)]  
2025-01-24 18:38:02,968	[DEBUG]	patch(0-3)="LineLLMMutation(('source.cpp', 2), '#include <iostream>\n#include <vector>\n#include <algorithm>\n\nusing namespace std;\n\ntypedef long long ll;\n\nint main(void) {\n    ll sm = 1, num, n, las;\n    string s, ans;\n    cin >> s;\n    ll k;\n    cin >> k;\n\n    n = s.size();\n    while (sm < n) sm *= 2;\n\n    vector<ll> seg(sm * 2, 0); // Using vector for better memory management\n    vector<pair<char, ll>> se;\n    num = min(k + 1, n);\n    las = num;\n\n    for (ll i = 0; i < num; ++i) se.emplace_back(s[i], i);\n    sort(se.begin(), se.end());\n\n    while (k && ans.size() != n) {\n        num = min(k + 1, n - ans.size());\n        while (num > se.size() && las < n) {\n            if (seg[sm + las] != -1) {\n                se.emplace_back(s[las], las);\n                sort(se.begin(), se.end());\n            }\n            las++;\n        }\n\n        if (num < se.size()) {\n            se.resize(num);\n        }\n\n        ans += se.front().first;\n        ll nnum = se.front().second;\n        k -= seg[sm + nnum];\n        seg[sm + nnum] = -1;\n        se.erase(se.begin());\n    }\n\n    for (ll i = 0; i < n; ++i) if (seg[sm + i] != -1) ans += s[i];\n    cout << ans << endl;\n    return 0;\n}')"
2025-01-24 18:38:04,266	[INFO]	0-4     COMPILE_CODE_ERROR    None (--) [1 edit(s)]  
2025-01-24 18:38:04,266	[DEBUG]	patch(0-4)="LineLLMMutation(('source.cpp', 3), '#include <iostream>\n#include <vector>\n#include <algorithm>\n\nusing namespace std;\n\ntypedef long long ll;\n\nint main(void) {\n    ll sm = 1, num, n, las;\n    string s, ans;\n    cin >> s;\n    ll k;\n    cin >> k;\n\n    n = s.size();\n    while (sm < n) sm *= 2;\n\n    vector<pair<char, ll>> se;\n    vector<ll> seg(sm * 2, 0);\n    num = min(k + 1, n);\n    las = num;\n\n    for (ll i = 0; i < num; ++i) se.emplace_back(s[i], i);\n    sort(se.begin(), se.end());\n\n    while (k && ans.size() != n) {\n        num = min(k + 1, n - ans.size());\n        while (num > se.size() && las < n) {\n            if (seg[sm + las] != -1) {\n                se.emplace_back(s[las], las);\n                sort(se.begin(), se.end());\n            }\n            las++;\n        }\n\n        if (num < se.size()) {\n            se.resize(num);\n        }\n\n        ans += se.front().first;\n        ll nnum = se.front().second;\n        k -= seg[sm + nnum];\n        seg[sm + nnum] = -1;\n        se.erase(se.begin());\n    }\n\n    for (ll i = 0; i < n; ++i) if (seg[sm + i] != -1) ans += s[i];\n    cout << ans << endl;\n    return 0;\n}')"
2025-01-24 18:38:05,617	[INFO]	0-5     COMPILE_CODE_ERROR    None (--) [1 edit(s)]  
2025-01-24 18:38:05,617	[DEBUG]	patch(0-5)="LineLLMMutation(('source.cpp', 4), '#include <iostream>\n#include <vector>\n#include <algorithm>\n\nusing namespace std;\n\ntypedef long long ll;\n\nint main(void) {\n    ll sm = 1, num, n, las;\n    string s, ans;\n    cin >> s;\n    ll k;\n    cin >> k;\n\n    n = s.size();\n    while (sm < n) sm *= 2;\n\n    vector<ll> seg(sm * 2, 0);\n    vector<pair<char, ll>> se;\n    num = min(k + 1, n);\n    las = num;\n\n    for (ll i = 0; i < num; ++i) se.emplace_back(s[i], i);\n    sort(se.begin(), se.end());\n\n    while (k && ans.size() != n) {\n        num = min(k + 1, n - ans.size());\n        while (num > se.size() && las < n) {\n            if (seg[sm + las] != -1) {\n                se.emplace_back(s[las], las);\n                sort(se.begin(), se.end());\n            }\n            las++;\n        }\n\n        if (num < se.size()) {\n            se.resize(num);\n        }\n\n        ans += se.front().first;\n        ll nnum = se.front().second;\n        k -= seg[sm + nnum];\n\n        // Only update seg array if the value is valid\n        if (seg[sm + nnum] != -1) {\n            seg[sm + nnum] = -1;\n        }\n        se.erase(se.begin());\n    }\n\n    for (ll i = 0; i < n; ++i) if (seg[sm + i] != -1) ans += s[i];\n    cout << ans << endl;\n    return 0;\n}')"
2025-01-24 18:38:06,923	[INFO]	0-6     COMPILE_CODE_ERROR    None (--) [1 edit(s)]  
2025-01-24 18:38:06,924	[DEBUG]	patch(0-6)="LineLLMMutation(('source.cpp', 5), '#include <iostream>\n#include <vector>\n#include <algorithm>\n\nusing namespace std;\n\ntypedef long long ll;\n\nint main(void) {\n    ll sm = 1, num, n, las;\n    string s, ans;\n    cin >> s;\n    ll k;\n    cin >> k;\n\n    n = s.size();\n    while (sm < n) sm *= 2;\n\n    vector<ll> seg(sm * 2, 0);\n    vector<pair<char, ll>> se;\n    num = min(k + 1, n);\n    las = num;\n\n    for (ll i = 0; i < num; ++i) se.emplace_back(s[i], i);\n    sort(se.begin(), se.end());\n\n    while (k && ans.size() != n) {\n        num = min(k + 1, n - ans.size());\n        while (num > se.size() && las < n) {\n            if (seg[sm + las] != -1) {\n                se.emplace_back(s[las], las);\n                sort(se.begin(), se.end());\n            }\n            las++;\n        }\n\n        if (num < se.size()) {\n            se.resize(num);\n        }\n\n        ans += se.front().first;\n        ll nnum = se.front().second;\n        k -= seg[sm + nnum];\n        \n        // Update seg array more efficiently\n        seg[sm + nnum] = -1;\n        se.erase(se.begin());\n    }\n\n    for (ll i = 0; i < n; ++i) if (seg[sm + i] != -1) ans += s[i];\n    cout << ans << endl;\n    return 0;\n}')"
2025-01-24 18:38:08,216	[INFO]	0-7     COMPILE_CODE_ERROR    None (--) [1 edit(s)]  
2025-01-24 18:38:08,216	[DEBUG]	patch(0-7)="LineLLMMutation(('source.cpp', 6), '#include <iostream>\n#include <vector>\n#include <algorithm>\n\nusing namespace std;\n\ntypedef long long ll;\n\nstruct CharIndex {\n    char c;\n    ll index;\n};\n\nint main(void) {\n    ll sm = 1, num, n, las;\n    string s, ans;\n    cin >> s;\n    ll k;\n    cin >> k;\n\n    n = s.size();\n    while (sm < n) sm *= 2;\n\n    vector<ll> seg(sm * 2, 0);\n    vector<CharIndex> se;\n    num = min(k + 1, n);\n    las = num;\n\n    for (ll i = 0; i < num; ++i) se.push_back({s[i], i});\n    sort(se.begin(), se.end(), [](const CharIndex& a, const CharIndex& b) {\n        return a.c < b.c;\n    });\n\n    while (k && ans.size() != n) {\n        num = min(k + 1, n - ans.size());\n        while (num > se.size() && las < n) {\n            if (seg[sm + las] != -1) {\n                se.push_back({s[las], las});\n                sort(se.begin(), se.end(), [](const CharIndex& a, const CharIndex& b) {\n                    return a.c < b.c;\n                });\n            }\n            las++;\n        }\n\n        if (num < se.size()) {\n            se.resize(num);\n        }\n\n        ans += se.front().c;\n        ll nnum = se.front().index;\n        k -= seg[sm + nnum];\n\n        seg[sm + nnum] = -1;\n        se.erase(se.begin());\n    }\n\n    for (ll i = 0; i < n; ++i) if (seg[sm + i] != -1) ans += s[i];\n    cout << ans << endl;\n    return 0;\n}')"
2025-01-24 18:38:09,504	[INFO]	0-8     COMPILE_CODE_ERROR    None (--) [1 edit(s)]  
2025-01-24 18:38:09,504	[DEBUG]	patch(0-8)="LineLLMMutation(('source.cpp', 7), '#include <iostream>\n#include <vector>\n#include <algorithm>\n\nusing namespace std;\n\ntypedef long long ll;\n\nstruct CharIndex {\n    char c;\n    ll index;\n};\n\nint main(void) {\n    ll sm = 1, num, n, las;\n    string s, ans;\n    cin >> s;\n    ll k;\n    cin >> k;\n\n    n = s.size();\n    while (sm < n) sm *= 2;\n\n    vector<ll> seg(sm * 2, 0);\n    vector<CharIndex> se;\n    num = min(k + 1, n);\n    las = num;\n\n    for (ll i = 0; i < num; ++i) se.push_back({s[i], i});\n    sort(se.begin(), se.end(), [](const CharIndex& a, const CharIndex& b) {\n        return a.c < b.c;\n    });\n\n    while (k && ans.size() != n) {\n        num = min(k + 1, n - ans.size());\n        while (num > se.size() && las < n) {\n            if (seg[sm + las] != -1) {\n                se.push_back({s[las], las});\n                sort(se.begin(), se.end(), [](const CharIndex& a, const CharIndex& b) {\n                    return a.c < b.c;\n                });\n            }\n            las++;\n        }\n\n        if (num < se.size()) {\n            se.resize(num);\n        }\n\n        ans += se.front().c;\n        ll nnum = se.front().index;\n        k -= seg[sm + nnum];\n\n        seg[sm + nnum] = -1;\n        se.erase(se.begin());\n    }\n\n    for (ll i = 0; i < n; ++i) if (seg[sm + i] != -1) ans += s[i];\n    cout << ans << endl;\n    return 0;\n}')"
2025-01-24 18:38:10,847	[INFO]	0-9     COMPILE_CODE_ERROR    None (--) [1 edit(s)]  
2025-01-24 18:38:10,847	[DEBUG]	patch(0-9)="LineLLMMutation(('source.cpp', 8), '#include <iostream>\n#include <vector>\n#include <algorithm>\n\nusing namespace std;\n\ntypedef long long ll;\n\nstruct CharIndex {\n    char c;\n    ll index;\n};\n\nint main(void) {\n    ll sm = 1, num, n, las;\n    string s, ans;\n    cin >> s;\n    ll k;\n    cin >> k;\n\n    n = s.size();\n    while (sm < n) sm *= 2;\n\n    vector<ll> seg(sm * 2, 0);\n    vector<CharIndex> se;\n    num = min(k + 1, n);\n    las = num;\n\n    for (ll i = 0; i < num; ++i) se.push_back({s[i], i});\n    sort(se.begin(), se.end(), [](const CharIndex& a, const CharIndex& b) {\n        return a.c < b.c;\n    });\n\n    while (k && ans.size() != n) {\n        num = min(k + 1, n - ans.size());\n        while (num > se.size() && las < n) {\n            if (seg[sm + las] != -1) {\n                se.push_back({s[las], las});\n                if (se.size() > 1) {\n                    sort(se.begin(), se.end(), [](const CharIndex& a, const CharIndex& b) {\n                        return a.c < b.c;\n                    });\n                }\n            }\n            las++;\n        }\n\n        if (num < se.size()) {\n            se.resize(num);\n        }\n\n        ans += se.front().c;\n        ll nnum = se.front().index;\n        k -= seg[sm + nnum];\n\n        seg[sm + nnum] = -1;\n        se.erase(se.begin());\n    }\n\n    for (ll i = 0; i < n; ++i) if (seg[sm + i] != -1) ans += s[i];\n    cout << ans << endl;\n    return 0;\n}')"
2025-01-24 18:38:12,178	[INFO]	0-10    COMPILE_CODE_ERROR    None (--) [1 edit(s)]  
2025-01-24 18:38:12,178	[DEBUG]	patch(0-10)="LineLLMMutation(('source.cpp', 9), '#include <iostream>\n#include <vector>\n#include <algorithm>\n\nusing namespace std;\n\ntypedef long long ll;\n\nstruct CharIndex {\n    char c;\n    ll index;\n};\n\nint main(void) {\n    ll sm = 1, num, n, las;\n    string s, ans;\n    cin >> s;\n    ll k;\n    cin >> k;\n\n    n = s.size();\n    while (sm < n) sm *= 2;\n\n    vector<ll> seg(sm * 2, 0);\n    vector<CharIndex> se(sm); // Pre-allocated vector\n    num = min(k + 1, n);\n    las = num;\n\n    for (ll i = 0; i < num; ++i) se[i] = {s[i], i};\n    sort(se.begin(), se.begin() + num, [](const CharIndex& a, const CharIndex& b) {\n        return a.c < b.c;\n    });\n\n    while (k && ans.size() != n) {\n        num = min(k + 1, n - ans.size());\n        while (num > se.size() && las < n) {\n            if (seg[sm + las] != -1) {\n                se.push_back({s[las], las});\n                if (se.size() > 1) {\n                    sort(se.begin(), se.end(), [](const CharIndex& a, const CharIndex& b) {\n                        return a.c < b.c;\n                    });\n                }\n            }\n            las++;\n        }\n\n        if (num < se.size()) {\n            se.resize(num);\n        }\n\n        ans += se.front().c;\n        ll nnum = se.front().index;\n        k -= seg[sm + nnum];\n\n        seg[sm + nnum] = -1;\n        se.erase(se.begin());\n    }\n\n    for (ll i = 0; i < n; ++i) if (seg[sm + i] != -1) ans += s[i];\n    cout << ans << endl;\n    return 0;\n}')"
2025-01-24 18:38:13,179	[INFO]	Step: 10
2025-01-24 18:38:13,179	[INFO]	Stop Steps: 100
2025-01-24 18:38:15,047	[DEBUG]	EXEC>  SUCCESS 2921210.4375
2025-01-24 18:38:15,047	[INFO]	REF     SUCCESS               2921210.44 (--) [0 edit(s)]  
2025-01-24 18:38:15,047	[INFO]	Best patch step: None
2025-01-24 18:39:00,923	[INFO]	~~~~ END ~~~~
2025-01-24 18:39:00,923	[INFO]	Best patch step: None
