2025-01-26 12:02:43,391	[DEBUG]	==== CONFIG ====
[magpie]
import = 
seed = 8196405726421631
log_dir = _magpie_logs
work_dir = _magpie_work
local_original_copy = True
local_original_name = __original__
output_encoding = ascii
edit_retries = 10
default_timeout = 30
default_lengthout = 10000.0
diff_method = unified
trust_local_filesystem = True

[magpie.log]
color_output = True
format_info = {counter:<7} {status:<20} {best}{fitness} ({ratio}) [{size}] {cached} {log}
format_debug = patch({counter})="{patch}"{diffifbest}
format_fitness = {:.2f}
format_ratio = {:.2%%}
format_patchif = 
	 --> {patch}
format_diffif = 
	{diff}

[software]
path = dataset/magpie_dataset/train/0157
target_files = 
	source.cpp
software = BasicSoftware
model_rules = 
	*.params : ParamFileConfigModel
	*.xml : SrcmlModel
	* : LineModel
model_config = 
	*.params : [paramconfig]
	*.xml : [srcml]
init_cmd = 
init_timeout = 60
init_lengthout = -1
setup_cmd = bash setup.sh
setup_timeout = 
setup_lengthout = 
compile_cmd = bash compile.sh
compile_timeout = 
compile_lengthout = 
test_cmd = bash test.sh
test_timeout = 
test_lengthout = 
run_cmd = bash run.sh
run_timeout = 3
run_lengthout = 
batch_timeout = 
batch_lengthout = 
batch_bin_fitness_strategy = aggregate
batch_fitness_strategy = sum
fitness = time

[srcml]
rename = 
	stmt: break continue decl_stmt do expr_stmt for goto if return switch while
	number: literal_number
focus = block stmt operator_comp operator_arith number
internodes = block
process_pseudo_blocks = True
process_literals = True
process_operators = True

[paramconfig]
timing = test run
cli_prefix = --
cli_glue = =
cli_boolean = show
cli_boolean_prefix_true = 
cli_boolean_prefix_false = no-
cli_none = hide
silent_prefix = @
silent_suffix = $

[search]
protocol = BasicProtocol
algorithm = GeneticProgrammingLLM
possible_edits = 
	LineLLMMutation
	LineLLMCrossover
	LineDeletion
	LineInsertion
	LineReplacement
llm_prob = 1.0
warmup = 5
warmup_strategy = last
max_steps = 50
max_time = 20000
target_fitness = 
cache_maxsize = 100
cache_keep = 0.2
batch_instances = 
batch_shuffle = True
batch_bin_shuffle = False
batch_sample_size = 1

[search.ls]
delete_prob = 0.5
max_neighbours = 
when_trapped = continue
accept_fail = False
tabu_length = 10

[search.gp]
pop_size = 10
delete_prob = 0.0
offspring_elitism = 0.2
offspring_crossover = 0.4
offspring_mutation = 0.4
uniform_rate = 0.5
batch_reset = True

[search.minify]
do_cleanup = True
do_rebuild = True
do_simplify = True
round_robin_limit = 3


2025-01-26 12:02:43,392	[DEBUG]	
2025-01-26 12:02:43,392	[INFO]	==== SEARCH: GeneticProgrammingLLM ====
2025-01-26 12:02:43,392	[INFO]	~~~~ WARMUP ~~~~
2025-01-26 12:02:45,149	[DEBUG]	EXEC>  SUCCESS 3109770.5
2025-01-26 12:02:45,149	[INFO]	WARM    SUCCESS               3109770.50 (--) [0 edit(s)]  
2025-01-26 12:02:45,730	[DEBUG]	EXEC>  SUCCESS 3085658.875
2025-01-26 12:02:45,730	[INFO]	WARM    SUCCESS               3085658.88 (--) [0 edit(s)]  
2025-01-26 12:02:46,316	[DEBUG]	EXEC>  SUCCESS 3082154.25
2025-01-26 12:02:46,316	[INFO]	WARM    SUCCESS               3082154.25 (--) [0 edit(s)]  
2025-01-26 12:02:46,996	[DEBUG]	EXEC>  SUCCESS 3127235.5
2025-01-26 12:02:46,996	[INFO]	WARM    SUCCESS               3127235.50 (--) [0 edit(s)]  
2025-01-26 12:02:47,698	[DEBUG]	EXEC>  SUCCESS 3406895.5
2025-01-26 12:02:47,698	[INFO]	WARM    SUCCESS               3406895.50 (--) [0 edit(s)]  
2025-01-26 12:02:47,698	[INFO]	REF     SUCCESS               3406895.50 (--) [0 edit(s)]  
2025-01-26 12:02:47,700	[INFO]	
2025-01-26 12:02:47,700	[INFO]	~~~~ START ~~~~
2025-01-26 12:03:55,919	[DEBUG]	EXEC>  SUCCESS 3119783.3125
2025-01-26 12:03:55,919	[INFO]	0-1     SUCCESS              *3119783.31 (91.57%) [1 edit(s)]  
2025-01-26 12:03:55,919	[DEBUG]	patch(0-1)="LineLLMMutation(('source.cpp', 0), '#include <iostream>\n#include <vector>\n\nusing namespace std;\n\nint n = {}, k = {};\nstring integer[11] = {};\nvector<string> num = {};\nint chousen[11] = {};\nstring complete_integer[10000] = {};\nstring answer = {};\nint integer_count = 0;\n\nvoid operation() {\n    for (int i = 1; i <= n; i++) {\n        if (chousen[i] == 0) {\n            chousen[i] = 1;\n            num.push_back(integer[i]);\n\n            if (num.size() == k) {\n                for (int i = 1; i <= k; i++) {\n                    answer += num[i - 1];\n                }\n                \n                bool found = false;\n                for (int i = 1; i <= integer_count; i++) {\n                    if (answer == complete_integer[i]) {\n                        found = true;\n                        break;\n                    }\n                }\n\n                if (!found) {\n                    integer_count += 1;\n                    complete_integer[integer_count] = answer;\n                }\n\n                answer.clear();\n            } else {\n                operation();\n            }\n\n            num.pop_back();\n            chousen[i] = 0;\n        }\n    }\n}\n\nint main() {\n    while (true) {\n        cin >> n >> k;\n\n        if (n == 0 && k == 0) {\n            break;\n        }\n\n        for (int i = 1; i <= n; i++) {\n            cin >> integer[i];\n        }\n\n        operation();\n\n        cout << integer_count << endl;\n\n        n = {};\n        k = {};\n        for (int i = 0; i <= 10; i++) {\n            integer[i] = {};\n            chousen[i] = {};\n        }\n        num.clear();\n        for (int i = 0; i <= 9999; i++) {\n            complete_integer[i] = {};\n        }\n        answer.clear();\n        integer_count = 0;\n    }\n    return 0;\n}')"

2025-01-26 12:03:57,693	[DEBUG]	EXEC>  SUCCESS 3133620.625
2025-01-26 12:03:57,693	[INFO]	0-2     SUCCESS               3133620.62 (91.98%) [1 edit(s)]  
2025-01-26 12:03:57,693	[DEBUG]	patch(0-2)="LineLLMMutation(('source.cpp', 1), '#include <iostream>\n#include <vector>\n#include <array>\n\nusing namespace std;\n\nconst int MAX_N = 11;\nconst int MAX_COMPLETE = 10000;\n\nint n = {}, k = {};\narray<string, MAX_N> integer = {};\nvector<string> num = {};\narray<int, MAX_N> chousen = {};\narray<string, MAX_COMPLETE> complete_integer = {};\nstring answer = {};\nint integer_count = 0;\n\nvoid operation() {\n    for (int i = 1; i <= n; i++) {\n        if (chousen[i] == 0) {\n            chousen[i] = 1;\n            num.push_back(integer[i]);\n\n            if (num.size() == k) {\n                for (int i = 1; i <= k; i++) {\n                    answer += num[i - 1];\n                }\n\n                bool found = false;\n                for (int i = 1; i <= integer_count; i++) {\n                    if (answer == complete_integer[i]) {\n                        found = true;\n                        break;\n                    }\n                }\n\n                if (!found) {\n                    integer_count += 1;\n                    complete_integer[integer_count] = answer;\n                }\n\n                answer.clear();\n            } else {\n                operation();\n            }\n\n            num.pop_back();\n            chousen[i] = 0;\n        }\n    }\n}\n\nint main() {\n    while (true) {\n        cin >> n >> k;\n\n        if (n == 0 && k == 0) {\n            break;\n        }\n\n        for (int i = 1; i <= n; i++) {\n            cin >> integer[i];\n        }\n\n        operation();\n\n        cout << integer_count << endl;\n\n        n = {};\n        k = {};\n        for (int i = 0; i < MAX_N; i++) {\n            integer[i] = {};\n            chousen[i] = {};\n        }\n        num.clear();\n        for (int i = 0; i < MAX_COMPLETE; i++) {\n            complete_integer[i] = {};\n        }\n        answer.clear();\n        integer_count = 0;\n    }\n    return 0;\n}')"
2025-01-26 12:03:59,311	[DEBUG]	EXEC>  SUCCESS 3308203.625
2025-01-26 12:03:59,311	[INFO]	0-3     SUCCESS               3308203.62 (97.10%) [1 edit(s)]  
2025-01-26 12:03:59,311	[DEBUG]	patch(0-3)="LineLLMMutation(('source.cpp', 2), '#include <iostream>\n#include <vector>\n#include <array>\n\nusing namespace std;\n\nconst int MAX_N = 11;\nconst int MAX_COMPLETE = 10000;\n\nint n = {}, k = {};\narray<string, MAX_N> integer = {};\nvector<string> num = {};\narray<int, MAX_N> chousen = {};\narray<string, MAX_COMPLETE> complete_integer = {};\nstring answer;\nint integer_count = 0;\n\nvoid operation() {\n    for (int i = 1; i <= n; i++) {\n        if (chousen[i] == 0) {\n            chousen[i] = 1;\n            num.push_back(integer[i]);\n\n            if (num.size() == k) {\n                answer.clear();\n                answer.reserve(k * 100); // Assuming max size for each string\n                \n                for (int i = 1; i <= k; i++) {\n                    answer += num[i - 1];\n                }\n\n                bool found = false;\n                for (int i = 1; i <= integer_count; i++) {\n                    if (answer == complete_integer[i]) {\n                        found = true;\n                        break;\n                    }\n                }\n\n                if (!found) {\n                    integer_count += 1;\n                    complete_integer[integer_count] = answer;\n                }\n            } else {\n                operation();\n            }\n\n            num.pop_back();\n            chousen[i] = 0;\n        }\n    }\n}\n\nint main() {\n    while (true) {\n        cin >> n >> k;\n\n        if (n == 0 && k == 0) {\n            break;\n        }\n\n        for (int i = 1; i <= n; i++) {\n            cin >> integer[i];\n        }\n\n        operation();\n\n        cout << integer_count << endl;\n\n        n = {};\n        k = {};\n        for (int i = 0; i < MAX_N; i++) {\n            integer[i] = {};\n            chousen[i] = {};\n        }\n        num.clear();\n        for (int i = 0; i < MAX_COMPLETE; i++) {\n            complete_integer[i] = {};\n        }\n        answer.clear();\n        integer_count = 0;\n    }\n    return 0;\n}')"
2025-01-26 12:04:00,952	[DEBUG]	EXEC>  SUCCESS 3208138.375
2025-01-26 12:04:00,953	[INFO]	0-4     SUCCESS               3208138.38 (94.17%) [1 edit(s)]  
2025-01-26 12:04:00,953	[DEBUG]	patch(0-4)="LineLLMMutation(('source.cpp', 3), '#include <iostream>\n#include <vector>\n#include <array>\n#include <algorithm>\n\nusing namespace std;\n\nconst int MAX_N = 11;\nconst int MAX_COMPLETE = 10000;\n\nint n = {}, k = {};\narray<string, MAX_N> integer = {};\nvector<string> num = {};\narray<int, MAX_N> chousen = {};\narray<string, MAX_COMPLETE> complete_integer = {};\nstring answer;\nint integer_count = 0;\n\nvoid operation() {\n    for (int i = 1; i <= n; i++) {\n        if (chousen[i] == 0) {\n            chousen[i] = 1;\n            num.push_back(integer[i]);\n\n            if (num.size() == k) {\n                answer.clear();\n                answer.reserve(k * 100);\n                \n                for (int i = 1; i <= k; i++) {\n                    answer += num[i - 1];\n                }\n\n                bool found = false;\n                for (int i = 1; i <= integer_count; i++) {\n                    if (answer == complete_integer[i]) {\n                        found = true;\n                        break;\n                    }\n                }\n\n                if (!found) {\n                    integer_count += 1;\n                    complete_integer[integer_count] = answer;\n                }\n            } else {\n                operation();\n            }\n\n            num.pop_back();\n            chousen[i] = 0;\n        }\n    }\n}\n\nint main() {\n    while (true) {\n        cin >> n >> k;\n\n        if (n == 0 && k == 0) {\n            break;\n        }\n\n        for (int i = 1; i <= n; i++) {\n            cin >> integer[i];\n        }\n\n        operation();\n\n        cout << integer_count << endl;\n\n        n = {};\n        k = {};\n        fill(integer.begin(), integer.end(), "");\n        fill(chousen.begin(), chousen.end(), 0);\n        num.clear();\n        fill(complete_integer.begin(), complete_integer.end(), "");\n        answer.clear();\n        integer_count = 0;\n    }\n    return 0;\n}')"
2025-01-26 12:04:02,579	[DEBUG]	EXEC>  SUCCESS 2473202.0625
2025-01-26 12:04:02,579	[INFO]	0-5     SUCCESS              *2473202.06 (72.59%) [1 edit(s)]  
2025-01-26 12:04:02,579	[DEBUG]	patch(0-5)="LineLLMMutation(('source.cpp', 4), '#include <iostream>\n#include <vector>\n#include <array>\n#include <string>\n\nusing namespace std;\n\nint n = {}, k = {};\narray<string, 11> integer = {};\nvector<string> num = {};\narray<int, 11> chousen = {};\nvector<string> complete_integer; // Dynamic allocation\nstring answer;\nint integer_count = 0;\n\nvoid operation() {\n    for (int i = 1; i <= n; i++) {\n        if (chousen[i] == 0) {\n            chousen[i] = 1;\n            num.push_back(integer[i]);\n\n            if (num.size() == k) {\n                answer.clear();\n                answer.reserve(k * 100);\n                \n                for (int i = 1; i <= k; i++) {\n                    answer += num[i - 1];\n                }\n\n                bool found = false;\n                for (int i = 0; i < integer_count; i++) {\n                    if (answer == complete_integer[i]) {\n                        found = true;\n                        break;\n                    }\n                }\n\n                if (!found) {\n                    complete_integer.push_back(answer);\n                    integer_count++;\n                }\n            } else {\n                operation();\n            }\n\n            num.pop_back();\n            chousen[i] = 0;\n        }\n    }\n}\n\nint main() {\n    while (true) {\n        cin >> n >> k;\n\n        if (n == 0 && k == 0) {\n            break;\n        }\n\n        for (int i = 1; i <= n; i++) {\n            cin >> integer[i];\n        }\n\n        operation();\n\n        cout << integer_count << endl;\n\n        n = {};\n        k = {};\n        integer.fill("");\n        chousen.fill(0);\n        num.clear();\n        complete_integer.clear();\n        answer.clear();\n        integer_count = 0;\n    }\n    return 0;\n}')"

2025-01-26 12:04:04,248	[DEBUG]	EXEC>  SUCCESS 2482534.25
2025-01-26 12:04:04,249	[INFO]	0-6     SUCCESS               2482534.25 (72.87%) [1 edit(s)]  
2025-01-26 12:04:04,249	[DEBUG]	patch(0-6)="LineLLMMutation(('source.cpp', 5), '#include <iostream>\n#include <vector>\n#include <array>\n#include <set>\n\nusing namespace std;\n\nint n = {}, k = {};\narray<string, 11> integer = {};\nvector<string> num = {};\narray<int, 11> chousen = {};\nset<string> complete_integer; // Use set for unique combinations\nstring answer;\nint integer_count = 0;\n\nvoid operation() {\n    for (int i = 1; i <= n; i++) {\n        if (chousen[i] == 0) {\n            chousen[i] = 1;\n            num.push_back(integer[i]);\n\n            if (num.size() == k) {\n                answer.clear();\n                answer.reserve(k * 100);\n                \n                for (int i = 1; i <= k; i++) {\n                    answer += num[i - 1];\n                }\n\n                if (complete_integer.insert(answer).second) {\n                    integer_count++;\n                }\n            } else {\n                operation();\n            }\n\n            num.pop_back();\n            chousen[i] = 0;\n        }\n    }\n}\n\nint main() {\n    while (true) {\n        cin >> n >> k;\n\n        if (n == 0 && k == 0) {\n            break;\n        }\n\n        for (int i = 1; i <= n; i++) {\n            cin >> integer[i];\n        }\n\n        operation();\n\n        cout << integer_count << endl;\n\n        n = {};\n        k = {};\n        integer.fill("");\n        chousen.fill(0);\n        num.clear();\n        complete_integer.clear();\n        answer.clear();\n        integer_count = 0;\n    }\n    return 0;\n}')"
