2025-01-26 13:29:47,238	[DEBUG]	==== CONFIG ====
[magpie]
import = 
seed = 3287806965151795
log_dir = _magpie_logs
work_dir = _magpie_work
local_original_copy = True
local_original_name = __original__
output_encoding = ascii
edit_retries = 10
default_timeout = 30
default_lengthout = 10000.0
diff_method = unified
trust_local_filesystem = True

[magpie.log]
color_output = True
format_info = {counter:<7} {status:<20} {best}{fitness} ({ratio}) [{size}] {cached} {log}
format_debug = patch({counter})="{patch}"{diffifbest}
format_fitness = {:.2f}
format_ratio = {:.2%%}
format_patchif = 
	 --> {patch}
format_diffif = 
	{diff}

[software]
path = dataset/magpie_dataset/train/0170
target_files = 
	source.cpp
software = BasicSoftware
model_rules = 
	*.params : ParamFileConfigModel
	*.xml : SrcmlModel
	* : LineModel
model_config = 
	*.params : [paramconfig]
	*.xml : [srcml]
init_cmd = 
init_timeout = 60
init_lengthout = -1
setup_cmd = bash setup.sh
setup_timeout = 
setup_lengthout = 
compile_cmd = bash compile.sh
compile_timeout = 
compile_lengthout = 
test_cmd = bash test.sh
test_timeout = 
test_lengthout = 
run_cmd = bash run.sh
run_timeout = 3
run_lengthout = 
batch_timeout = 
batch_lengthout = 
batch_bin_fitness_strategy = aggregate
batch_fitness_strategy = sum
fitness = time

[srcml]
rename = 
	stmt: break continue decl_stmt do expr_stmt for goto if return switch while
	number: literal_number
focus = block stmt operator_comp operator_arith number
internodes = block
process_pseudo_blocks = True
process_literals = True
process_operators = True

[paramconfig]
timing = test run
cli_prefix = --
cli_glue = =
cli_boolean = show
cli_boolean_prefix_true = 
cli_boolean_prefix_false = no-
cli_none = hide
silent_prefix = @
silent_suffix = $

[search]
protocol = BasicProtocol
algorithm = GeneticProgrammingLLM
possible_edits = 
	LineLLMMutation
	LineLLMCrossover
	LineDeletion
	LineInsertion
	LineReplacement
llm_prob = 1.0
warmup = 5
warmup_strategy = last
max_steps = 50
max_time = 20000
target_fitness = 
cache_maxsize = 100
cache_keep = 0.2
batch_instances = 
batch_shuffle = True
batch_bin_shuffle = False
batch_sample_size = 1

[search.ls]
delete_prob = 0.5
max_neighbours = 
when_trapped = continue
accept_fail = False
tabu_length = 10

[search.gp]
pop_size = 10
delete_prob = 0.0
offspring_elitism = 0.2
offspring_crossover = 0.4
offspring_mutation = 0.4
uniform_rate = 0.5
batch_reset = True
llm_type = baseline

[search.minify]
do_cleanup = True
do_rebuild = True
do_simplify = True
round_robin_limit = 3


2025-01-26 13:29:47,238	[DEBUG]	
2025-01-26 13:29:47,238	[INFO]	==== SEARCH: GeneticProgrammingLLM ====
2025-01-26 13:29:47,239	[INFO]	~~~~ WARMUP ~~~~
2025-01-26 13:29:48,652	[DEBUG]	EXEC>  SUCCESS 6598309.125
2025-01-26 13:29:48,652	[INFO]	WARM    SUCCESS               6598309.12 (--) [0 edit(s)]  
2025-01-26 13:29:49,641	[DEBUG]	EXEC>  SUCCESS 6706798.9375
2025-01-26 13:29:49,641	[INFO]	WARM    SUCCESS               6706798.94 (--) [0 edit(s)]  
2025-01-26 13:29:50,625	[DEBUG]	EXEC>  SUCCESS 6537399.375
2025-01-26 13:29:50,625	[INFO]	WARM    SUCCESS               6537399.38 (--) [0 edit(s)]  
2025-01-26 13:29:51,611	[DEBUG]	EXEC>  SUCCESS 6700874.375
2025-01-26 13:29:51,611	[INFO]	WARM    SUCCESS               6700874.38 (--) [0 edit(s)]  
2025-01-26 13:29:52,583	[DEBUG]	EXEC>  SUCCESS 6436346.9375
2025-01-26 13:29:52,584	[INFO]	WARM    SUCCESS               6436346.94 (--) [0 edit(s)]  
2025-01-26 13:29:52,584	[INFO]	REF     SUCCESS               6436346.94 (--) [0 edit(s)]  
2025-01-26 13:29:52,584	[INFO]	
2025-01-26 13:29:52,584	[INFO]	~~~~ START ~~~~
2025-01-26 13:31:55,092	[DEBUG]	EXEC>  SUCCESS 7215553.5625
2025-01-26 13:31:55,092	[INFO]	0-1     SUCCESS              +7215553.56 (112.11%) [1 edit(s)]  
2025-01-26 13:31:55,092	[DEBUG]	patch(0-1)="LineLLMMutation(('source.cpp', 0), '#include <iostream>\n#include <iomanip>\n#include <sstream>\n#include <cstdio>\n#include <string>\n#include <vector>\n#include <algorithm>\n#include <complex>\n#include <cstring>\n#include <cstdlib>\n#include <cmath>\n#include <cassert>\n#include <climits>\n#include <queue>\n#include <set>\n#include <map>\n#include <valarray>\n#include <bitset>\n#include <stack>\n\nusing namespace std;\n\n#define REP(i,n) for(int i=0;i<(int)n;++i)\n#define FOR(i,c) for(__typeof((c).begin())i=(c).begin();i!=(c).end();++i)\n#define ALL(c) (c).begin(), (c).end()\ntypedef long long ll;\ntypedef pair<int,int> pii;\nconst int INF = 1<<29;\nconst double PI = acos(-1);\nconst double EPS = 1e-8;\nconst int MAX_N = 100001*2;\n\nstruct SegMax {\n    int data[MAX_N * 2 - 1];\n    int datb[MAX_N * 2 - 1];\n    int n;\n    SegMax(int n) : n(n) {\n        REP(i,n) data[i]=datb[i]=0;\n    }\n    void add(int a, int b, int x) {\n        add(a,b,x,0,0,n);\n    }\n    void add(int a, int b, int x, int k, int l, int r) {\n        if (a <= l && r <= b) data[k] += x;\n        else if (l<b && a<r) {\n            add(a, b, x, k*2+1, l, (l+r)/2);\n            add(a, b, x, k*2+2, (l+r)/2, r);\n            datb[k] = max(data[k*2+1]+datb[k*2+1], data[k*2+2]+datb[k*2+2]);\n        }\n    }\n    int getmax(int a, int b) {\n        return getmax(a,b,0,0,n);\n    }\n    int getmax(int a, int b, int k, int l, int r) {\n        if (b<=l || r<=a) return 0;\n        else if (a<=l && r<=b) {\n            return data[k] + datb[k];\n        } else {\n            int res = 0;\n            res = max(res, getmax(a, b, k*2+1, l, (l+r)/2));\n            res = max(res, getmax(a, b, k*2+2, (l+r)/2, r));\n            return res + data[k];\n        }\n    }\n};\n\nint di[100000];\nint hi[100000];\n\nint main() {\n    int N, H;\n    scanf("%d %d", &N, &H);\n    REP(i,N-1) {\n        scanf("%d %d", di+i, hi+i);\n    }\n    SegMax st(N);\n    priority_queue<pii> Q;\n    int now = H;\n    ll ans = 0;\n    REP(i,N-1) {\n        st.add(i,i+1,now);\n        Q.push(pii(hi[i], i));\n        now -= di[i];\n        while(now<=0) {\n            pii p = Q.top(); Q.pop();\n            int heal = p.first;\n            int pos = p.second;\n            int smax = st.getmax(pos, i+1);\n            if (smax + heal > H) {\n                Q.push(pii(H-smax, pos));\n                continue;\n            }\n            int num = min((0-now)/heal+1, (H-smax)/heal);\n            now += num*heal;\n            ans += num;\n            st.add(pos, i+1, num*heal);\n            Q.push(p);\n        }\n    }\n    printf("%lld\\n", ans);\n}')"
2025-01-26 13:32:27,061	[INFO]	0-2     TEST_TIMEOUT          None (--) [1 edit(s)]  
2025-01-26 13:32:27,062	[DEBUG]	patch(0-2)="LineLLMMutation(('source.cpp', 1), '#include <iostream>\n#include <iomanip>\n#include <sstream>\n#include <cstdio>\n#include <string>\n#include <vector>\n#include <algorithm>\n#include <complex>\n#include <cstring>\n#include <cstdlib>\n#include <cmath>\n#include <cassert>\n#include <climits>\n#include <queue>\n#include <set>\n#include <map>\n#include <valarray>\n#include <bitset>\n#include <stack>\n\nusing namespace std;\n\n#define REP(i,n) for(int i=0;i<(int)n;++i)\ntypedef long long ll;\ntypedef pair<int,int> pii;\nconst int INF = 1<<29;\nconst double PI = acos(-1);\nconst double EPS = 1e-8;\n\nstruct SegMax {\n    vector<int> data, datb;\n    int n;\n    SegMax(int n) : n(n), data(2*n-1, 0), datb(2*n-1, 0) {}\n\n    void add(int a, int b, int x) {\n        add(a,b,x,0,0,n);\n    }\n    void add(int a, int b, int x, int k, int l, int r) {\n        if (a <= l && r <= b) data[k] += x;\n        else if (l<b && a<r) {\n            add(a, b, x, k*2+1, l, (l+r)/2);\n            add(a, b, x, k*2+2, (l+r)/2, r);\n            datb[k] = max(data[k*2+1]+datb[k*2+1], data[k*2+2]+datb[k*2+2]);\n        }\n    }\n    int getmax(int a, int b) {\n        return getmax(a,b,0,0,n);\n    }\n    int getmax(int a, int b, int k, int l, int r) {\n        if (b<=l || r<=a) return 0;\n        else if (a<=l && r<=b) {\n            return data[k] + datb[k];\n        } else {\n            int res = 0;\n            res = max(res, getmax(a, b, k*2+1, l, (l+r)/2));\n            res = max(res, getmax(a, b, k*2+2, (l+r)/2, r));\n            return res + data[k];\n        }\n    }\n};\n\nint main() {\n    int N, H;\n    scanf("%d %d", &N, &H);\n    vector<int> di(N-1), hi(N-1);\n    REP(i,N-1) {\n        scanf("%d %d", &di[i], &hi[i]);\n    }\n    SegMax st(N);\n    priority_queue<pii> Q;\n    int now = H;\n    ll ans = 0;\n    REP(i,N-1) {\n        st.add(i,i+1,now);\n        Q.push(pii(hi[i], i));\n        now -= di[i];\n        while(now<=0) {\n            pii p = Q.top(); Q.pop();\n            int heal = p.first;\n            int pos = p.second;\n            int smax = st.getmax(pos, i+1);\n            if (smax + heal > H) {\n                Q.push(pii(H-smax, pos));\n                continue;\n            }\n            int num = min((0-now)/heal+1, (H-smax)/heal);\n            now += num*heal;\n            ans += num;\n            st.add(pos, i+1, num*heal);\n            Q.push(p);\n        }\n    }\n    printf("%lld\\n", ans);\n}')"
2025-01-26 13:32:29,181	[DEBUG]	EXEC>  SUCCESS 6540351.5625
2025-01-26 13:32:29,182	[INFO]	0-3     SUCCESS              +6540351.56 (101.62%) [1 edit(s)]  
2025-01-26 13:32:29,182	[DEBUG]	patch(0-3)="LineLLMMutation(('source.cpp', 2), '#include <iostream>\n#include <iomanip>\n#include <sstream>\n#include <cstdio>\n#include <string>\n#include <vector>\n#include <algorithm>\n#include <complex>\n#include <cstring>\n#include <cstdlib>\n#include <cmath>\n#include <cassert>\n#include <climits>\n#include <queue>\n#include <set>\n#include <map>\n#include <valarray>\n#include <bitset>\n#include <stack>\n\nusing namespace std;\n\n#define REP(i,n) for(int i=0;i<(int)n;++i)\ntypedef long long ll;\ntypedef pair<int,int> pii;\nconst int INF = 1<<29;\nconst double PI = acos(-1);\nconst double EPS = 1e-8;\nconst int MAX_N = 100001*2;\n\nstruct SegMax {\n    int data[MAX_N * 2 - 1];\n    int datb[MAX_N * 2 - 1];\n    int n;\n    SegMax(int n) : n(n) {\n        REP(i,n) data[i]=datb[i]=0;\n    }\n    void add(int a, int b, int x) {\n        add(a,b,x,0,0,n);\n    }\n    void add(int a, int b, int x, int k, int l, int r) {\n        if (a <= l && r <= b) data[k] += x;\n        else if (l<b && a<r) {\n            add(a, b, x, k*2+1, l, (l+r)/2);\n            add(a, b, x, k*2+2, (l+r)/2, r);\n            datb[k] = max(data[k*2+1]+datb[k*2+1], data[k*2+2]+datb[k*2+2]);\n        }\n    }\n    int getmax(int a, int b) {\n        return getmax(a,b,0,0,n);\n    }\n    int getmax(int a, int b, int k, int l, int r) {\n        if (b<=l || r<=a) return 0;\n        else if (a<=l && r<=b) {\n            return data[k] + datb[k];\n        } else {\n            int res = 0;\n            res = max(res, getmax(a, b, k*2+1, l, (l+r)/2));\n            res = max(res, getmax(a, b, k*2+2, (l+r)/2, r));\n            return res + data[k];\n        }\n    }\n};\n\nint di[100000];\nint hi[100000];\n\nint main() {\n    int N, H;\n    scanf("%d %d", &N, &H);\n    REP(i,N-1) {\n        scanf("%d %d",di+i,hi+i);\n    }\n    SegMax st(N);\n    priority_queue<pii> Q;\n    int now = H;\n    ll ans = 0;\n    REP(i,N-1) {\n        st.add(i,i+1,now);\n        Q.push(pii(hi[i], i));\n        now -= di[i];\n        while(now<=0) {\n            pii p = Q.top(); Q.pop();\n            int heal = p.first;\n            int pos = p.second;\n            int smax = st.getmax(pos, i+1);\n            if (smax + heal > H) {\n                Q.push(pii(H-smax, pos));\n                continue;\n            }\n            int num = min((0-now)/heal+1, (H-smax)/heal);\n            now += num*heal;\n            ans += num;\n            st.add(pos, i+1, num*heal);\n            Q.push(p);\n        }\n    }\n    printf("%lld\\n", ans);\n}')"
2025-01-26 13:32:31,171	[DEBUG]	EXEC>  SUCCESS 6651640.3125
2025-01-26 13:32:31,172	[INFO]	0-4     SUCCESS               6651640.31 (103.34%) [1 edit(s)]  
2025-01-26 13:32:31,172	[DEBUG]	patch(0-4)="LineLLMMutation(('source.cpp', 3), '#include <iostream>\n#include <iomanip>\n#include <sstream>\n#include <cstdio>\n#include <string>\n#include <vector>\n#include <algorithm>\n#include <complex>\n#include <cstring>\n#include <cstdlib>\n#include <cmath>\n#include <cassert>\n#include <climits>\n#include <queue>\n#include <set>\n#include <map>\n#include <valarray>\n#include <bitset>\n#include <stack>\n#include <array>\n\nusing namespace std;\n\n#define REP(i,n) for(int i=0;i<(int)n;++i)\ntypedef long long ll;\ntypedef pair<int,int> pii;\nconst int INF = 1<<29;\nconst double PI = acos(-1);\nconst double EPS = 1e-8;\nconst int MAX_N = 100001*2;\n\nstruct SegMax {\n    array<int, MAX_N * 2 - 1> data;\n    array<int, MAX_N * 2 - 1> datb;\n    int n;\n    SegMax(int n) : n(n) {\n        REP(i,n) data[i]=datb[i]=0;\n    }\n    void add(int a, int b, int x) {\n        add(a,b,x,0,0,n);\n    }\n    void add(int a, int b, int x, int k, int l, int r) {\n        if (a <= l && r <= b) data[k] += x;\n        else if (l<b && a<r) {\n            add(a, b, x, k*2+1, l, (l+r)/2);\n            add(a, b, x, k*2+2, (l+r)/2, r);\n            datb[k] = max(data[k*2+1]+datb[k*2+1], data[k*2+2]+datb[k*2+2]);\n        }\n    }\n    int getmax(int a, int b) {\n        return getmax(a,b,0,0,n);\n    }\n    int getmax(int a, int b, int k, int l, int r) {\n        if (b<=l || r<=a) return 0;\n        else if (a<=l && r<=b) {\n            return data[k] + datb[k];\n        } else {\n            int res = 0;\n            res = max(res, getmax(a, b, k*2+1, l, (l+r)/2));\n            res = max(res, getmax(a, b, k*2+2, (l+r)/2, r));\n            return res + data[k];\n        }\n    }\n};\n\nint di[100000];\nint hi[100000];\n\nint main() {\n    int N, H;\n    scanf("%d %d", &N, &H);\n    REP(i,N-1) {\n        scanf("%d %d",di+i,hi+i);\n    }\n    SegMax st(N);\n    priority_queue<pii> Q;\n    int now = H;\n    ll ans = 0;\n    REP(i,N-1) {\n        st.add(i,i+1,now);\n        Q.push(pii(hi[i], i));\n        now -= di[i];\n        while(now<=0) {\n            pii p = Q.top(); Q.pop();\n            int heal = p.first;\n            int pos = p.second;\n            int smax = st.getmax(pos, i+1);\n            if (smax + heal > H) {\n                Q.push(pii(H-smax, pos));\n                continue;\n            }\n            int num = min((0-now)/heal+1, (H-smax)/heal);\n            now += num*heal;\n            ans += num;\n            st.add(pos, i+1, num*heal);\n            Q.push(p);\n        }\n    }\n    printf("%lld\\n", ans);\n}')"
2025-01-26 13:32:32,352	[INFO]	0-5     COMPILE_CODE_ERROR    None (--) [1 edit(s)]  
2025-01-26 13:32:32,373	[DEBUG]	patch(0-5)="LineLLMMutation(('source.cpp', 4), '#include <cstdio>\n#include <vector>\n#include <algorithm>\n#include <queue>\n#include <utility>\n\nusing namespace std;\n\n#define REP(i,n) for(int i=0;i<(int)n;++i)\ntypedef long long ll;\ntypedef pair<int,int> pii;\nconst int INF = 1<<29;\nconst int MAX_N = 100001*2;\n\nstruct SegMax {\n    int data[MAX_N * 2 - 1];\n    int datb[MAX_N * 2 - 1];\n    int n;\n    SegMax(int n) : n(n) {\n        REP(i,n) data[i]=datb[i]=0;\n    }\n    void add(int a, int b, int x) {\n        add(a,b,x,0,0,n);\n    }\n    void add(int a, int b, int x, int k, int l, int r) {\n        if (a <= l && r <= b) data[k] += x;\n        else if (l<b && a<r) {\n            add(a, b, x, k*2+1, l, (l+r)/2);\n            add(a, b, x, k*2+2, (l+r)/2, r);\n            datb[k] = max(data[k*2+1]+datb[k*2+1], data[k*2+2]+datb[k*2+2]);\n        }\n    }\n    int getmax(int a, int b) {\n        return getmax(a,b,0,0,n);\n    }\n    int getmax(int a, int b, int k, int l, int r) {\n        if (b<=l || r<=a) return 0;\n        else if (a<=l && r<=b) {\n            return data[k] + datb[k];\n        } else {\n            int res = 0;\n            res = max(res, getmax(a, b, k*2+1, l, (l+r)/2));\n            res = max(res, getmax(a, b, k*2+2, (l+r)/2, r));\n            return res + data[k];\n        }\n    }\n};\n\nint main() {\n    int N, H;\n    scanf("%d %d", &N, &H);\n    vector<int> di(N-1), hi(N-1);\n    REP(i,N-1) {\n        scanf("%d %d",di+i,hi+i);\n    }\n    SegMax st(N);\n    priority_queue<pii> Q;\n    int now = H;\n    ll ans = 0;\n    REP(i,N-1) {\n        st.add(i,i+1,now);\n        Q.push(pii(hi[i], i));\n        now -= di[i];\n        while(now<=0) {\n            pii p = Q.top(); Q.pop();\n            int heal = p.first;\n            int pos = p.second;\n            int smax = st.getmax(pos, i+1);\n            if (smax + heal > H) {\n                Q.push(pii(H-smax, pos));\n                continue;\n            }\n            int num = min((0-now)/heal+1, (H-smax)/heal);\n            now += num*heal;\n            ans += num;\n            st.add(pos, i+1, num*heal);\n            Q.push(p);\n        }\n    }\n    printf("%lld\\n", ans);\n}')"
2025-01-26 13:32:33,639	[INFO]	0-6     COMPILE_LENGTHOUT     None (--) [1 edit(s)]  
2025-01-26 13:32:33,639	[DEBUG]	patch(0-6)="LineLLMMutation(('source.cpp', 5), '#include <iostream>\n#include <sstream>\n#include <cstdio>\n#include <vector>\n#include <algorithm>\n#include <queue>\n#include <set>\n#include <utility>\n\nusing namespace std;\n\n#define REP(i,n) for(int i=0;i<(int)n;++i)\ntypedef long long ll;\ntypedef pair<int,int> pii;\nconst int INF = 1<<29;\nconst int MAX_N = 100001*2;\n\nstruct SegMax {\n    int data[MAX_N * 2 - 1];\n    int datb[MAX_N * 2 - 1];\n    int n;\n    SegMax(int n) : n(n) {\n        REP(i,n) data[i]=datb[i]=0;\n    }\n    void add(int a, int b, int x) {\n        add(a,b,x,0,0,n);\n    }\n    void add(int a, int b, int x, int k, int l, int r) {\n        if (a <= l && r <= b) data[k] += x;\n        else if (l<b && a<r) {\n            add(a, b, x, k*2+1, l, (l+r)/2);\n            add(a, b, x, k*2+2, (l+r)/2, r);\n            datb[k] = max(data[k*2+1]+datb[k*2+1], data[k*2+2]+datb[k*2+2]);\n        }\n    }\n    int getmax(int a, int b) {\n        return getmax(a,b,0,0,n);\n    }\n    int getmax(int a, int b, int k, int l, int r) {\n        if (b<=l || r<=a) return 0;\n        else if (a<=l && r<=b) {\n            return data[k] + datb[k];\n        } else {\n            int res = 0;\n            res = max(res, getmax(a, b, k*2+1, l, (l+r)/2));\n            res = max(res, getmax(a, b, k*2+2, (l+r)/2, r));\n            return res + data[k];\n        }\n    }\n};\n\nint di[100000];\nint hi[100000];\n\nint main() {\n    int N, H;\n    scanf("%d %d", &N, &H);\n    vector<int> di(N-1), hi(N-1);\n    REP(i,N-1) {\n        scanf("%d %d",di+i,hi+i);\n    }\n    SegMax st(N);\n    set<pii> Q;\n    int now = H;\n    ll ans = 0;\n    REP(i,N-1) {\n        st.add(i,i+1,now);\n        Q.insert(pii(hi[i], i));\n        now -= di[i];\n        while(now<=0) {\n            auto it = --Q.end();\n            pii p = *it; Q.erase(it);\n            int heal = p.first;\n            int pos = p.second;\n            int smax = st.getmax(pos, i+1);\n            if (smax + heal > H) {\n                Q.insert(pii(H-smax, pos));\n                continue;\n            }\n            int num = min((0-now)/heal+1, (H-smax)/heal);\n            now += num*heal;\n            ans += num;\n            st.add(pos, i+1, num*heal);\n            Q.insert(p);\n        }\n    }\n    printf("%lld\\n", ans);\n}')"
2025-01-26 13:32:34,876	[INFO]	0-7     COMPILE_LENGTHOUT     None (--) [1 edit(s)]  
2025-01-26 13:32:34,877	[DEBUG]	patch(0-7)="LineLLMMutation(('source.cpp', 6), '#include <iostream>\n#include <cstdio>\n#include <vector>\n#include <algorithm>\n#include <utility>\n\nusing namespace std;\n\n#define REP(i,n) for(int i=0;i<(int)n;++i)\ntypedef long long ll;\ntypedef pair<int,int> pii;\nconst int INF = 1<<29;\nconst int MAX_N = 100001*2;\n\nstruct SegMax {\n    int data[MAX_N * 2 - 1];\n    int datb[MAX_N * 2 - 1];\n    int n;\n    SegMax(int n) : n(n) {\n        REP(i,n) data[i]=datb[i]=0;\n    }\n    void add(int a, int b, int x) {\n        add(a,b,x,0,0,n);\n    }\n    void add(int a, int b, int x, int k, int l, int r) {\n        if (a <= l && r <= b) data[k] += x;\n        else if (l<b && a<r) {\n            add(a, b, x, k*2+1, l, (l+r)/2);\n            add(a, b, x, k*2+2, (l+r)/2, r);\n            datb[k] = max(data[k*2+1]+datb[k*2+1], data[k*2+2]+datb[k*2+2]);\n        }\n    }\n    int getmax(int a, int b) {\n        int result = 0;\n        int k = 0;\n        int l = 0, r = n;\n        while (true) {\n            if (b <= l || r <= a) return result;\n            else if (a <= l && r <= b) {\n                result += data[k] + datb[k];\n                return result;\n            } else {\n                result += data[k];\n                k = (k * 2 + 2) * (l + r > (l + r) / 2) + (k * 2 + 1) * (l + r <= (l + r) / 2);\n                if (l + r <= (l + r) / 2) r = (l + r) / 2;\n                else l = (l + r) / 2;\n            }\n        }\n    }\n};\n\nint di[100000];\nint hi[100000];\n\nint main() {\n    int N, H;\n    scanf("%d %d", &N, &H);\n    vector<int> di(N-1), hi(N-1);\n    REP(i,N-1) {\n        scanf("%d %d",di+i,hi+i);\n    }\n    SegMax st(N);\n    priority_queue<pii> Q;\n    int now = H;\n    ll ans = 0;\n    REP(i,N-1) {\n        st.add(i,i+1,now);\n        Q.push(pii(hi[i], i));\n        now -= di[i];\n        while(now<=0) {\n            pii p = Q.top(); Q.pop();\n            int heal = p.first;\n            int pos = p.second;\n            int smax = st.getmax(pos, i+1);\n            if (smax + heal > H) {\n                Q.push(pii(H-smax, pos));\n                continue;\n            }\n            int num = min((0-now)/heal+1, (H-smax)/heal);\n            now += num*heal;\n            ans += num;\n            st.add(pos, i+1, num*heal);\n            Q.push(p);\n        }\n    }\n    printf("%lld\\n", ans);\n}')"
2025-01-26 13:32:36,109	[INFO]	0-8     COMPILE_LENGTHOUT     None (--) [1 edit(s)]  
2025-01-26 13:32:36,110	[DEBUG]	patch(0-8)="LineLLMMutation(('source.cpp', 7), '#include <iostream>\n#include <cstdio>\n#include <vector>\n#include <algorithm>\n#include <utility>\n\nusing namespace std;\n\n#define REP(i,n) for(int i=0;i<(int)n;++i)\ntypedef long long ll;\ntypedef pair<int,int> pii;\nconst int INF = 1<<29;\nconst int MAX_N = 100001*2;\n\nstruct SegMax {\n    array<int, MAX_N * 2 - 1> data;\n    int n;\n    SegMax(int n) : n(n) {\n        REP(i,n) data[i]=0;\n    }\n    void add(int a, int b, int x) {\n        add(a,b,x,0,0,n);\n    }\n    void add(int a, int b, int x, int k, int l, int r) {\n        if (a <= l && r <= b) data[k] += x;\n        else if (l<b && a<r) {\n            add(a, b, x, k*2+1, l, (l+r)/2);\n            add(a, b, x, k*2+2, (l+r)/2, r);\n        }\n    }\n    int getmax(int a, int b) {\n        int result = 0;\n        int k = 0;\n        int l = 0, r = n;\n        while (true) {\n            if (b <= l || r <= a) return result;\n            else if (a <= l && r <= b) {\n                result += data[k];\n                return result;\n            } else {\n                result += data[k];\n                k = (k * 2 + 2) * (l + r > (l + r) / 2) + (k * 2 + 1) * (l + r <= (l + r) / 2);\n                if (l + r <= (l + r) / 2) r = (l + r) / 2;\n                else l = (l + r) / 2;\n            }\n        }\n    }\n};\n\nint di[100000];\nint hi[100000];\n\nint main() {\n    int N, H;\n    scanf("%d %d", &N, &H);\n    vector<int> di(N-1), hi(N-1);\n    REP(i,N-1) {\n        scanf("%d %d",di+i,hi+i);\n    }\n    SegMax st(N);\n    priority_queue<pii> Q;\n    int now = H;\n    ll ans = 0;\n    REP(i,N-1) {\n        st.add(i,i+1,now);\n        Q.push(pii(hi[i], i));\n        now -= di[i];\n        while(now<=0) {\n            pii p = Q.top(); Q.pop();\n            int heal = p.first;\n            int pos = p.second;\n            int smax = st.getmax(pos, i+1);\n            if (smax + heal > H) {\n                Q.push(pii(H-smax, pos));\n                continue;\n            }\n            int num = min((0-now)/heal+1, (H-smax)/heal);\n            now += num*heal;\n            ans += num;\n            st.add(pos, i+1, num*heal);\n            Q.push(p);\n        }\n    }\n    printf("%lld\\n", ans);\n}')"
2025-01-26 13:32:37,354	[INFO]	0-9     COMPILE_CODE_ERROR    None (--) [1 edit(s)]  
2025-01-26 13:32:37,355	[DEBUG]	patch(0-9)="LineLLMMutation(('source.cpp', 8), '#include <iostream>\n#include <cstdio>\n#include <deque>\n#include <algorithm>\n#include <utility>\n\nusing namespace std;\n\n#define REP(i,n) for(int i=0;i<(int)n;++i)\ntypedef long long ll;\ntypedef pair<int,int> pii;\nconst int INF = 1<<29;\nconst int MAX_N = 100001*2;\n\nstruct SegMax {\n    int data[MAX_N * 2 - 1];\n    int datb[MAX_N * 2 - 1];\n    int n;\n    SegMax(int n) : n(n) {\n        REP(i,n) data[i]=datb[i]=0;\n    }\n    void add(int a, int b, int x) {\n        add(a,b,x,0,0,n);\n    }\n    void add(int a, int b, int x, int k, int l, int r) {\n        if (a <= l && r <= b) data[k] += x;\n        else if (l<b && a<r) {\n            add(a, b, x, k*2+1, l, (l+r)/2);\n            add(a, b, x, k*2+2, (l+r)/2, r);\n        }\n    }\n    int getmax(int a, int b) {\n        return getmax(a,b,0,0,n);\n    }\n    int getmax(int a, int b, int k, int l, int r) {\n        if (b<=l || r<=a) return 0;\n        else if (a<=l && r<=b) {\n            return data[k] + datb[k];\n        } else {\n            int res = 0;\n            res = max(res, getmax(a, b, k*2+1, l, (l+r)/2));\n            res = max(res, getmax(a, b, k*2+2, (l+r)/2, r));\n            return res + data[k];\n        }\n    }\n};\n\nint di[100000];\nint hi[100000];\n\nint main() {\n    int N, H;\n    scanf("%d %d", &N, &H);\n    deque<int> di(N-1), hi(N-1);\n    REP(i,N-1) {\n        scanf("%d %d", &di[i], &hi[i]);\n    }\n    SegMax st(N);\n    priority_queue<pii> Q;\n    int now = H;\n    ll ans = 0;\n    REP(i,N-1) {\n        st.add(i,i+1,now);\n        Q.push(pii(hi[i], i));\n        now -= di[i];\n        while(now<=0) {\n            pii p = Q.top(); Q.pop();\n            int heal = p.first;\n            int pos = p.second;\n            int smax = st.getmax(pos, i+1);\n            if (smax + heal > H) {\n                Q.push(pii(H-smax, pos));\n                continue;\n            }\n            int num = min((0-now)/heal+1, (H-smax)/heal);\n            now += num*heal;\n            ans += num;\n            st.add(pos, i+1, num*heal);\n            Q.push(p);\n        }\n    }\n    printf("%lld\\n", ans);\n}')"
2025-01-26 13:32:38,657	[INFO]	0-10    COMPILE_LENGTHOUT     None (--) [1 edit(s)]  
2025-01-26 13:32:38,657	[DEBUG]	patch(0-10)="LineLLMMutation(('source.cpp', 9), '#include <iostream>\n#include <cstdio>\n#include <vector>\n#include <algorithm>\n#include <utility>\n\nusing namespace std;\n\n#define REP(i,n) for(int i=0;i<(int)n;++i)\ntypedef short ll; // reduced size\ntypedef pair<int,int> pii;\nconst int INF = 1<<29;\nconst int MAX_N = 100001*2;\n\nstruct SegMax {\n    int data[MAX_N * 2 - 1];\n    int datb[MAX_N * 2 - 1];\n    int n;\n    SegMax(int n) : n(n) {\n        REP(i,n) data[i]=datb[i]=0;\n    }\n    void add(int a, int b, int x) {\n        add(a,b,x,0,0,n);\n    }\n    void add(int a, int b, int x, int k, int l, int r) {\n        if (a <= l && r <= b) data[k] += x;\n        else if (l<b && a<r) {\n            add(a, b, x, k*2+1, l, (l+r)/2);\n            add(a, b, x, k*2+2, (l+r)/2, r);\n        }\n    }\n    int getmax(int a, int b) {\n        return getmax(a,b,0,0,n);\n    }\n    int getmax(int a, int b, int k, int l, int r) {\n        if (b<=l || r<=a) return 0;\n        else if (a<=l && r<=b) {\n            return data[k] + datb[k];\n        } else {\n            int res = 0;\n            res = max(res, getmax(a, b, k*2+1, l, (l+r)/2));\n            res = max(res, getmax(a, b, k*2+2, (l+r)/2, r));\n            return res + data[k];\n        }\n    }\n};\n\nint di[100000];\nint hi[100000];\n\nint main() {\n    int N, H;\n    scanf("%d %d", &N, &H);\n    vector<int> di(N-1), hi(N-1);\n    REP(i,N-1) {\n        scanf("%d %d",di+i,hi+i);\n    }\n    SegMax st(N);\n    priority_queue<pii> Q;\n    int now = H;\n    ll ans = 0;\n    REP(i,N-1) {\n        st.add(i,i+1,now);\n        Q.push(pii(hi[i], i));\n        now -= di[i];\n        while(now<=0) {\n            pii p = Q.top(); Q.pop();\n            int heal = p.first;\n            int pos = p.second;\n            int smax = st.getmax(pos, i+1);\n            if (smax + heal > H) {\n                Q.push(pii(H-smax, pos));\n                continue;\n            }\n            int num = min((0-now)/heal+1, (H-smax)/heal);\n            now += num*heal;\n            ans += num;\n            st.add(pos, i+1, num*heal);\n            Q.push(p);\n        }\n    }\n    printf("%lld\\n", ans);\n}')"
2025-01-26 13:32:39,658	[INFO]	Step: 10
2025-01-26 13:32:39,658	[INFO]	Stop Steps: 50
2025-01-26 13:32:41,757	[DEBUG]	EXEC>  SUCCESS 6630384.6875
2025-01-26 13:32:41,757	[INFO]	REF     SUCCESS               6630384.69 (--) [0 edit(s)]  
2025-01-26 13:32:41,757	[INFO]	Best patch step: None
2025-01-26 13:34:47,444	[INFO]	Step: 10
2025-01-26 13:34:47,444	[INFO]	Stop Steps: 50
2025-01-26 13:34:48,553	[DEBUG]	EXEC>  SUCCESS 6879561.25
2025-01-26 13:34:48,553	[INFO]	1-1     SUCCESS              +6879561.25 (103.76%) [1 edit(s)]  
2025-01-26 13:34:48,553	[DEBUG]	patch(1-1)="LineLLMMutation(('source.cpp', 2), '#include <iostream>\n#include <iomanip>\n#include <sstream>\n#include <cstdio>\n#include <string>\n#include <vector>\n#include <algorithm>\n#include <complex>\n#include <cstring>\n#include <cstdlib>\n#include <cmath>\n#include <cassert>\n#include <climits>\n#include <queue>\n#include <set>\n#include <map>\n#include <valarray>\n#include <bitset>\n#include <stack>\n\nusing namespace std;\n\n#define REP(i,n) for(int i=0;i<(int)n;++i)\ntypedef long long ll;\ntypedef pair<int,int> pii;\nconst int INF = 1<<29;\nconst double PI = acos(-1);\nconst double EPS = 1e-8;\nconst int MAX_N = 100001*2;\n\nstruct SegMax {\n    int data[MAX_N * 2 - 1];\n    int datb[MAX_N * 2 - 1];\n    int n;\n    SegMax(int n) : n(n) {\n        REP(i,n) data[i]=datb[i]=0;\n    }\n    void add(int a, int b, int x) {\n        add(a,b,x,0,0,n);\n    }\n    void add(int a, int b, int x, int k, int l, int r) {\n        if (a <= l && r <= b) data[k] += x;\n        else if (l<b && a<r) {\n            add(a, b, x, k*2+1, l, (l+r)/2);\n            add(a, b, x, k*2+2, (l+r)/2, r);\n            datb[k] = max(data[k*2+1]+datb[k*2+1], data[k*2+2]+datb[k*2+2]);\n        }\n    }\n    int getmax(int a, int b) {\n        return getmax(a,b,0,0,n);\n    }\n    int getmax(int a, int b, int k, int l, int r) {\n        if (b<=l || r<=a) return 0;\n        else if (a<=l && r<=b) {\n            return data[k] + datb[k];\n        } else {\n            int res = 0;\n            res = max(res, getmax(a, b, k*2+1, l, (l+r)/2));\n            res = max(res, getmax(a, b, k*2+2, (l+r)/2, r));\n            return res + data[k];\n        }\n    }\n};\n\nint di[100000];\nint hi[100000];\n\nint main() {\n    int N, H;\n    scanf("%d %d", &N, &H);\n    REP(i,N-1) {\n        scanf("%d %d",di+i,hi+i);\n    }\n    SegMax st(N);\n    priority_queue<pii> Q;\n    int now = H;\n    ll ans = 0;\n    REP(i,N-1) {\n        st.add(i,i+1,now);\n        Q.push(pii(hi[i], i));\n        now -= di[i];\n        while(now<=0) {\n            pii p = Q.top(); Q.pop();\n            int heal = p.first;\n            int pos = p.second;\n            int smax = st.getmax(pos, i+1);\n            if (smax + heal > H) {\n                Q.push(pii(H-smax, pos));\n                continue;\n            }\n            int num = min((0-now)/heal+1, (H-smax)/heal);\n            now += num*heal;\n            ans += num;\n            st.add(pos, i+1, num*heal);\n            Q.push(p);\n        }\n    }\n    printf("%lld\\n", ans);\n}')"
2025-01-26 13:34:48,553	[INFO]	Step: 11
2025-01-26 13:34:48,553	[INFO]	Stop Steps: 50
2025-01-26 13:34:49,547	[DEBUG]	EXEC>  SUCCESS 6736865.5625
2025-01-26 13:34:49,547	[INFO]	1-2     SUCCESS              +6736865.56 (101.61%) [1 edit(s)]  
2025-01-26 13:34:49,547	[DEBUG]	patch(1-2)="LineLLMMutation(('source.cpp', 3), '#include <iostream>\n#include <iomanip>\n#include <sstream>\n#include <cstdio>\n#include <string>\n#include <vector>\n#include <algorithm>\n#include <complex>\n#include <cstring>\n#include <cstdlib>\n#include <cmath>\n#include <cassert>\n#include <climits>\n#include <queue>\n#include <set>\n#include <map>\n#include <valarray>\n#include <bitset>\n#include <stack>\n#include <array>\n\nusing namespace std;\n\n#define REP(i,n) for(int i=0;i<(int)n;++i)\ntypedef long long ll;\ntypedef pair<int,int> pii;\nconst int INF = 1<<29;\nconst double PI = acos(-1);\nconst double EPS = 1e-8;\nconst int MAX_N = 100001*2;\n\nstruct SegMax {\n    array<int, MAX_N * 2 - 1> data;\n    array<int, MAX_N * 2 - 1> datb;\n    int n;\n    SegMax(int n) : n(n) {\n        REP(i,n) data[i]=datb[i]=0;\n    }\n    void add(int a, int b, int x) {\n        add(a,b,x,0,0,n);\n    }\n    void add(int a, int b, int x, int k, int l, int r) {\n        if (a <= l && r <= b) data[k] += x;\n        else if (l<b && a<r) {\n            add(a, b, x, k*2+1, l, (l+r)/2);\n            add(a, b, x, k*2+2, (l+r)/2, r);\n            datb[k] = max(data[k*2+1]+datb[k*2+1], data[k*2+2]+datb[k*2+2]);\n        }\n    }\n    int getmax(int a, int b) {\n        return getmax(a,b,0,0,n);\n    }\n    int getmax(int a, int b, int k, int l, int r) {\n        if (b<=l || r<=a) return 0;\n        else if (a<=l && r<=b) {\n            return data[k] + datb[k];\n        } else {\n            int res = 0;\n            res = max(res, getmax(a, b, k*2+1, l, (l+r)/2));\n            res = max(res, getmax(a, b, k*2+2, (l+r)/2, r));\n            return res + data[k];\n        }\n    }\n};\n\nint di[100000];\nint hi[100000];\n\nint main() {\n    int N, H;\n    scanf("%d %d", &N, &H);\n    REP(i,N-1) {\n        scanf("%d %d",di+i,hi+i);\n    }\n    SegMax st(N);\n    priority_queue<pii> Q;\n    int now = H;\n    ll ans = 0;\n    REP(i,N-1) {\n        st.add(i,i+1,now);\n        Q.push(pii(hi[i], i));\n        now -= di[i];\n        while(now<=0) {\n            pii p = Q.top(); Q.pop();\n            int heal = p.first;\n            int pos = p.second;\n            int smax = st.getmax(pos, i+1);\n            if (smax + heal > H) {\n                Q.push(pii(H-smax, pos));\n                continue;\n            }\n            int num = min((0-now)/heal+1, (H-smax)/heal);\n            now += num*heal;\n            ans += num;\n            st.add(pos, i+1, num*heal);\n            Q.push(p);\n        }\n    }\n    printf("%lld\\n", ans);\n}')"
2025-01-26 13:34:49,547	[INFO]	Step: 12
2025-01-26 13:34:49,547	[INFO]	Stop Steps: 50
2025-01-26 13:34:50,376	[DEBUG]	EXEC>  SUCCESS 6599758.125
2025-01-26 13:34:50,376	[INFO]	1-3     SUCCESS              *6599758.12 (99.54%) [1 edit(s)]  
2025-01-26 13:34:50,376	[DEBUG]	patch(1-3)="LineLLMCrossover(('source.cpp', 0), '#include <iostream>\n#include <cstdio>\n#include <vector>\n#include <queue>\n#include <algorithm>\n\nusing namespace std;\n\n#define REP(i,n) for(int i=0;i<(int)n;++i)\ntypedef long long ll;\nconst int MAX_N = 100001*2;\n\nstruct SegMax {\n    int data[MAX_N * 2 - 1];\n    int datb[MAX_N * 2 - 1];\n    int n;\n    SegMax(int n) : n(n) {\n        REP(i,n) data[i]=datb[i]=0;\n    }\n    void add(int a, int b, int x) {\n        add(a,b,x,0,0,n);\n    }\n    void add(int a, int b, int x, int k, int l, int r) {\n        if (a <= l && r <= b) data[k] += x;\n        else if (l<b && a<r) {\n            add(a, b, x, k*2+1, l, (l+r)/2);\n            add(a, b, x, k*2+2, (l+r)/2, r);\n            datb[k] = max(data[k*2+1]+datb[k*2+1], data[k*2+2]+datb[k*2+2]);\n        }\n    }\n    int getmax(int a, int b) {\n        return getmax(a,b,0,0,n);\n    }\n    int getmax(int a, int b, int k, int l, int r) {\n        if (b<=l || r<=a) return 0;\n        else if (a<=l && r<=b) {\n            return data[k] + datb[k];\n        } else {\n            int res = 0;\n            res = max(res, getmax(a, b, k*2+1, l, (l+r)/2));\n            res = max(res, getmax(a, b, k*2+2, (l+r)/2, r));\n            return res + data[k];\n        }\n    }\n};\n\nint di[100000];\nint hi[100000];\n\nint main() {\n    int N, H;\n    scanf("%d %d", &N, &H);\n    REP(i,N-1) {\n        scanf("%d %d",di+i,hi+i);\n    }\n    SegMax st(N);\n    priority_queue<pair<int, int>> Q;\n    ll ans = 0;\n    int now = H;\n    REP(i,N-1) {\n        st.add(i,i+1,now);\n        Q.push(make_pair(hi[i], i));\n        now -= di[i];\n        while(now <= 0) {\n            auto p = Q.top(); Q.pop();\n            int heal = p.first;\n            int pos = p.second;\n            int smax = st.getmax(pos, i+1);\n            if (smax + heal > H) {\n                Q.push(make_pair(H - smax, pos));\n                continue;\n            }\n            int num = min((0 - now) / heal + 1, (H - smax) / heal);\n            now += num * heal;\n            ans += num;\n            st.add(pos, i + 1, num * heal);\n            Q.push(p);\n        }\n    }\n    printf("%lld\\n", ans);\n}')"

2025-01-26 13:34:50,376	[INFO]	Step: 13
2025-01-26 13:34:50,376	[INFO]	Stop Steps: 50
2025-01-26 13:34:51,219	[DEBUG]	EXEC>  SUCCESS 6753480.375
2025-01-26 13:34:51,219	[INFO]	1-4     SUCCESS               6753480.38 (101.86%) [1 edit(s)]  
2025-01-26 13:34:51,219	[DEBUG]	patch(1-4)="LineLLMCrossover(('source.cpp', 1), '#include <iostream>\n#include <cstdio>\n#include <vector>\n#include <queue>\n#include <algorithm>\n#include <array>\n\nusing namespace std;\n\n#define REP(i,n) for(int i=0;i<(int)n;++i)\ntypedef long long ll;\nconst int MAX_N = 100001*2;\n\nstruct SegMax {\n    array<int, MAX_N * 2 - 1> data;\n    array<int, MAX_N * 2 - 1> datb;\n    int n;\n    SegMax(int n) : n(n) {\n        REP(i,n) data[i] = datb[i] = 0;\n    }\n    void add(int a, int b, int x) {\n        add(a,b,x,0,0,n);\n    }\n    void add(int a, int b, int x, int k, int l, int r) {\n        if (a <= l && r <= b) data[k] += x;\n        else if (l<b && a<r) {\n            add(a, b, x, k*2 + 1, l, (l+r)/2);\n            add(a, b, x, k*2 + 2, (l+r)/2, r);\n            datb[k] = max(data[k*2 + 1] + datb[k*2 + 1], data[k*2 + 2] + datb[k*2 + 2]);\n        }\n    }\n    int getmax(int a, int b) {\n        return getmax(a,b,0,0,n);\n    }\n    int getmax(int a, int b, int k, int l, int r) {\n        if (b<=l || r<=a) return 0;\n        else if (a<=l && r<=b) {\n            return data[k] + datb[k];\n        } else {\n            int res = 0;\n            res = max(res, getmax(a, b, k*2 + 1, l, (l+r)/2));\n            res = max(res, getmax(a, b, k*2 + 2, (l+r)/2, r));\n            return res + data[k];\n        }\n    }\n};\n\nint di[100000];\nint hi[100000];\n\nint main() {\n    int N, H;\n    scanf("%d %d", &N, &H);\n    REP(i,N-1) {\n        scanf("%d %d", di + i, hi + i);\n    }\n    SegMax st(N);\n    priority_queue<pair<int, int>> Q;\n    ll ans = 0;\n    int now = H;\n    REP(i,N-1) {\n        st.add(i,i+1,now);\n        Q.push(make_pair(hi[i], i));\n        now -= di[i];\n        while(now <= 0) {\n            auto p = Q.top(); Q.pop();\n            int heal = p.first;\n            int pos = p.second;\n            int smax = st.getmax(pos, i + 1);\n            if (smax + heal > H) {\n                Q.push(make_pair(H - smax, pos));\n                continue;\n            }\n            int num = min((0 - now) / heal + 1, (H - smax) / heal);\n            now += num * heal;\n            ans += num;\n            st.add(pos, i + 1, num * heal);\n            Q.push(p);\n        }\n    }\n    printf("%lld\\n", ans);\n}')"
2025-01-26 13:34:51,219	[INFO]	Step: 14
2025-01-26 13:34:51,219	[INFO]	Stop Steps: 50
2025-01-26 13:34:52,042	[DEBUG]	EXEC>  SUCCESS 6459083.0
2025-01-26 13:34:52,042	[INFO]	1-5     SUCCESS              *6459083.00 (97.42%) [1 edit(s)]  
2025-01-26 13:34:52,042	[DEBUG]	patch(1-5)="LineLLMCrossover(('source.cpp', 2), '#include <iostream>\n#include <cstdio>\n#include <vector>\n#include <queue>\n#include <algorithm>\n\nusing namespace std;\n\n#define REP(i,n) for(int i=0;i<(int)n;++i)\ntypedef long long ll;\nconst int MAX_N = 100001*2;\n\nstruct SegMax {\n    int data[MAX_N * 2 - 1];\n    int datb[MAX_N * 2 - 1];\n    int n;\n    SegMax(int n) : n(n) {\n        REP(i,n) data[i]=datb[i]=0;\n    }\n    void add(int a, int b, int x) {\n        add(a,b,x,0,0,n);\n    }\n    void add(int a, int b, int x, int k, int l, int r) {\n        if (a <= l && r <= b) data[k] += x;\n        else if (l<b && a<r) {\n            add(a, b, x, k*2+1, l, (l+r)/2);\n            add(a, b, x, k*2+2, (l+r)/2, r);\n            datb[k] = max(data[k*2+1]+datb[k*2+1], data[k*2+2]+datb[k*2+2]);\n        }\n    }\n    int getmax(int a, int b) {\n        return getmax(a,b,0,0,n);\n    }\n    int getmax(int a, int b, int k, int l, int r) {\n        if (b<=l || r<=a) return 0;\n        else if (a<=l && r<=b) {\n            return data[k] + datb[k];\n        } else {\n            int res = 0;\n            res = max(res, getmax(a, b, k*2+1, l, (l+r)/2));\n            res = max(res, getmax(a, b, k*2+2, (l+r)/2, r));\n            return res + data[k];\n        }\n    }\n};\n\nint di[100000];\nint hi[100000];\n\nint main() {\n    int N, H;\n    scanf("%d %d", &N, &H);\n    REP(i,N-1) {\n        scanf("%d %d", di+i, hi+i);\n    }\n    SegMax st(N);\n    priority_queue<pair<int, int>> Q;\n    ll ans = 0;\n    int now = H;\n    REP(i,N-1) {\n        st.add(i,i+1,now);\n        Q.push(make_pair(hi[i], i));\n        now -= di[i];\n        while(now <= 0) {\n            auto p = Q.top(); Q.pop();\n            int heal = p.first;\n            int pos = p.second;\n            int smax = st.getmax(pos, i + 1);\n            if (smax + heal > H) {\n                Q.push(make_pair(H - smax, pos));\n                continue;\n            }\n            int num = min((0 - now) / heal + 1, (H - smax) / heal);\n            now += num * heal;\n            ans += num;\n            st.add(pos, i + 1, num * heal);\n            Q.push(p);\n        }\n    }\n    printf("%lld\\n", ans);\n}')"

2025-01-26 13:34:52,042	[INFO]	Step: 15
2025-01-26 13:34:52,042	[INFO]	Stop Steps: 50
2025-01-26 13:34:52,877	[DEBUG]	EXEC>  SUCCESS 6515548.625
2025-01-26 13:34:52,878	[INFO]	1-6     SUCCESS               6515548.62 (98.27%) [1 edit(s)]  
2025-01-26 13:34:52,878	[DEBUG]	patch(1-6)="LineLLMCrossover(('source.cpp', 3), '#include <iostream>\n#include <cstdio>\n#include <vector>\n#include <queue>\n#include <algorithm>\n#include <array>\n\nusing namespace std;\n\n#define REP(i,n) for(int i=0;i<(int)n;++i)\ntypedef long long ll;\nconst int MAX_N = 100001*2;\n\nstruct SegMax {\n    array<int, MAX_N * 2 - 1> data;\n    array<int, MAX_N * 2 - 1> datb;\n    int n;\n    SegMax(int n) : n(n) {\n        REP(i,n) data[i] = datb[i] = 0;\n    }\n    void add(int a, int b, int x) {\n        add(a,b,x,0,0,n);\n    }\n    void add(int a, int b, int x, int k, int l, int r) {\n        if (a <= l && r <= b) data[k] += x;\n        else if (l<b && a<r) {\n            add(a, b, x, k*2 + 1, l, (l+r)/2);\n            add(a, b, x, k*2 + 2, (l+r)/2, r);\n            datb[k] = max(data[k*2 + 1] + datb[k*2 + 1], data[k*2 + 2] + datb[k*2 + 2]);\n        }\n    }\n    int getmax(int a, int b) {\n        return getmax(a,b,0,0,n);\n    }\n    int getmax(int a, int b, int k, int l, int r) {\n        if (b<=l || r<=a) return 0;\n        else if (a<=l && r<=b) {\n            return data[k] + datb[k];\n        } else {\n            int res = 0;\n            res = max(res, getmax(a, b, k*2 + 1, l, (l+r)/2));\n            res = max(res, getmax(a, b, k*2 + 2, (l+r)/2, r));\n            return res + data[k];\n        }\n    }\n};\n\nint di[100000];\nint hi[100000];\n\nint main() {\n    int N, H;\n    scanf("%d %d", &N, &H);\n    REP(i,N-1) {\n        scanf("%d %d", di + i, hi + i);\n    }\n    SegMax st(N);\n    priority_queue<pair<int, int>> Q;\n    ll ans = 0;\n    int now = H;\n    REP(i,N-1) {\n        st.add(i,i+1,now);\n        Q.push(make_pair(hi[i], i));\n        now -= di[i];\n        while(now <= 0) {\n            auto p = Q.top(); Q.pop();\n            int heal = p.first;\n            int pos = p.second;\n            int smax = st.getmax(pos, i + 1);\n            if (smax + heal > H) {\n                Q.push(make_pair(H - smax, pos));\n                continue;\n            }\n            int num = min((0 - now) / heal + 1, (H - smax) / heal);\n            now += num * heal;\n            ans += num;\n            st.add(pos, i + 1, num * heal);\n            Q.push(p);\n        }\n    }\n    printf("%lld\\n", ans);\n}')"
2025-01-26 13:34:52,878	[INFO]	Step: 16
2025-01-26 13:34:52,878	[INFO]	Stop Steps: 50
2025-01-26 13:34:53,877	[DEBUG]	EXEC>  SUCCESS 6751132.4375
2025-01-26 13:34:53,877	[INFO]	1-7     SUCCESS               6751132.44 (101.82%) [2 edit(s)]  
2025-01-26 13:34:53,877	[DEBUG]	patch(1-7)="LineLLMMutation(('source.cpp', 2), '#include <iostream>\n#include <iomanip>\n#include <sstream>\n#include <cstdio>\n#include <string>\n#include <vector>\n#include <algorithm>\n#include <complex>\n#include <cstring>\n#include <cstdlib>\n#include <cmath>\n#include <cassert>\n#include <climits>\n#include <queue>\n#include <set>\n#include <map>\n#include <valarray>\n#include <bitset>\n#include <stack>\n\nusing namespace std;\n\n#define REP(i,n) for(int i=0;i<(int)n;++i)\ntypedef long long ll;\ntypedef pair<int,int> pii;\nconst int INF = 1<<29;\nconst double PI = acos(-1);\nconst double EPS = 1e-8;\nconst int MAX_N = 100001*2;\n\nstruct SegMax {\n    int data[MAX_N * 2 - 1];\n    int datb[MAX_N * 2 - 1];\n    int n;\n    SegMax(int n) : n(n) {\n        REP(i,n) data[i]=datb[i]=0;\n    }\n    void add(int a, int b, int x) {\n        add(a,b,x,0,0,n);\n    }\n    void add(int a, int b, int x, int k, int l, int r) {\n        if (a <= l && r <= b) data[k] += x;\n        else if (l<b && a<r) {\n            add(a, b, x, k*2+1, l, (l+r)/2);\n            add(a, b, x, k*2+2, (l+r)/2, r);\n            datb[k] = max(data[k*2+1]+datb[k*2+1], data[k*2+2]+datb[k*2+2]);\n        }\n    }\n    int getmax(int a, int b) {\n        return getmax(a,b,0,0,n);\n    }\n    int getmax(int a, int b, int k, int l, int r) {\n        if (b<=l || r<=a) return 0;\n        else if (a<=l && r<=b) {\n            return data[k] + datb[k];\n        } else {\n            int res = 0;\n            res = max(res, getmax(a, b, k*2+1, l, (l+r)/2));\n            res = max(res, getmax(a, b, k*2+2, (l+r)/2, r));\n            return res + data[k];\n        }\n    }\n};\n\nint di[100000];\nint hi[100000];\n\nint main() {\n    int N, H;\n    scanf("%d %d", &N, &H);\n    REP(i,N-1) {\n        scanf("%d %d",di+i,hi+i);\n    }\n    SegMax st(N);\n    priority_queue<pii> Q;\n    int now = H;\n    ll ans = 0;\n    REP(i,N-1) {\n        st.add(i,i+1,now);\n        Q.push(pii(hi[i], i));\n        now -= di[i];\n        while(now<=0) {\n            pii p = Q.top(); Q.pop();\n            int heal = p.first;\n            int pos = p.second;\n            int smax = st.getmax(pos, i+1);\n            if (smax + heal > H) {\n                Q.push(pii(H-smax, pos));\n                continue;\n            }\n            int num = min((0-now)/heal+1, (H-smax)/heal);\n            now += num*heal;\n            ans += num;\n            st.add(pos, i+1, num*heal);\n            Q.push(p);\n        }\n    }\n    printf("%lld\\n", ans);\n}') | LineLLMMutation(('source.cpp', 10), '#include <iostream>\n#include <iomanip>\n#include <sstream>\n#include <cstdio>\n#include <string>\n#include <vector>\n#include <algorithm>\n#include <complex>\n#include <cstring>\n#include <cstdlib>\n#include <cmath>\n#include <cassert>\n#include <climits>\n#include <queue>\n#include <set>\n#include <map>\n#include <valarray>\n#include <bitset>\n#include <stack>\n\nusing namespace std;\n\n#define REP(i,n) for(int i=0;i<(int)n;++i)\ntypedef long long ll;\ntypedef pair<int,int> pii;\nconst int INF = 1<<29;\nconst double PI = acos(-1);\nconst double EPS = 1e-8;\nconst int MAX_N = 100001*2;\n\nstruct SegMax {\n    int data[MAX_N * 2 - 1];\n    int datb[MAX_N * 2 - 1];\n    int n;\n    SegMax(int n) : n(n) {\n        REP(i,n) data[i]=datb[i]=0;\n    }\n    void add(int a, int b, int x) {\n        add(a,b,x,0,0,n);\n    }\n    void add(int a, int b, int x, int k, int l, int r) {\n        if (a <= l && r <= b) data[k] += x;\n        else if (l<b && a<r) {\n            add(a, b, x, k*2+1, l, (l+r)/2);\n            add(a, b, x, k*2+2, (l+r)/2, r);\n            datb[k] = max(data[k*2+1]+datb[k*2+1], data[k*2+2]+datb[k*2+2]);\n        }\n    }\n    int getmax(int a, int b) {\n        return getmax(a,b,0,0,n);\n    }\n    int getmax(int a, int b, int k, int l, int r) {\n        if (b<=l || r<=a) return 0;\n        else if (a<=l && r<=b) {\n            return data[k] + datb[k];\n        } else {\n            int res = 0;\n            res = max(res, getmax(a, b, k*2+1, l, (l+r)/2));\n            res = max(res, getmax(a, b, k*2+2, (l+r)/2, r));\n            return res + data[k];\n        }\n    }\n};\n\nint di[100000];\nint hi[100000];\n\nint main() {\n    int N, H;\n    scanf("%d %d", &N, &H);\n    REP(i,N-1) {\n        scanf("%d %d",di+i,hi+i);\n    }\n    SegMax st(N);\n    priority_queue<pii> Q;\n    int now = H;\n    ll ans = 0;\n    REP(i,N-1) {\n        st.add(i,i+1,now);\n        Q.push(pii(hi[i], i));\n        now -= di[i];\n        while(now <= 0 && !Q.empty()) {\n            pii p = Q.top(); Q.pop();\n            int heal = p.first;\n            int pos = p.second;\n            int smax = st.getmax(pos, i+1);\n            if (smax + heal > H) {\n                Q.push(pii(H-smax, pos));\n                continue;\n            }\n            int num = min((0-now)/heal+1, (H-smax)/heal);\n            now += num * heal;\n            ans += num;\n            st.add(pos, i+1, num * heal);\n            Q.push(p);\n        }\n    }\n    printf("%lld\\n", ans);\n}')"
2025-01-26 13:34:53,878	[INFO]	Step: 17
2025-01-26 13:34:53,878	[INFO]	Stop Steps: 50
2025-01-26 13:34:54,867	[DEBUG]	EXEC>  SUCCESS 6551754.625
2025-01-26 13:34:54,868	[INFO]	1-8     SUCCESS               6551754.62 (98.81%) [2 edit(s)]  
2025-01-26 13:34:54,868	[DEBUG]	patch(1-8)="LineLLMMutation(('source.cpp', 3), '#include <iostream>\n#include <iomanip>\n#include <sstream>\n#include <cstdio>\n#include <string>\n#include <vector>\n#include <algorithm>\n#include <complex>\n#include <cstring>\n#include <cstdlib>\n#include <cmath>\n#include <cassert>\n#include <climits>\n#include <queue>\n#include <set>\n#include <map>\n#include <valarray>\n#include <bitset>\n#include <stack>\n#include <array>\n\nusing namespace std;\n\n#define REP(i,n) for(int i=0;i<(int)n;++i)\ntypedef long long ll;\ntypedef pair<int,int> pii;\nconst int INF = 1<<29;\nconst double PI = acos(-1);\nconst double EPS = 1e-8;\nconst int MAX_N = 100001*2;\n\nstruct SegMax {\n    array<int, MAX_N * 2 - 1> data;\n    array<int, MAX_N * 2 - 1> datb;\n    int n;\n    SegMax(int n) : n(n) {\n        REP(i,n) data[i]=datb[i]=0;\n    }\n    void add(int a, int b, int x) {\n        add(a,b,x,0,0,n);\n    }\n    void add(int a, int b, int x, int k, int l, int r) {\n        if (a <= l && r <= b) data[k] += x;\n        else if (l<b && a<r) {\n            add(a, b, x, k*2+1, l, (l+r)/2);\n            add(a, b, x, k*2+2, (l+r)/2, r);\n            datb[k] = max(data[k*2+1]+datb[k*2+1], data[k*2+2]+datb[k*2+2]);\n        }\n    }\n    int getmax(int a, int b) {\n        return getmax(a,b,0,0,n);\n    }\n    int getmax(int a, int b, int k, int l, int r) {\n        if (b<=l || r<=a) return 0;\n        else if (a<=l && r<=b) {\n            return data[k] + datb[k];\n        } else {\n            int res = 0;\n            res = max(res, getmax(a, b, k*2+1, l, (l+r)/2));\n            res = max(res, getmax(a, b, k*2+2, (l+r)/2, r));\n            return res + data[k];\n        }\n    }\n};\n\nint di[100000];\nint hi[100000];\n\nint main() {\n    int N, H;\n    scanf("%d %d", &N, &H);\n    REP(i,N-1) {\n        scanf("%d %d",di+i,hi+i);\n    }\n    SegMax st(N);\n    priority_queue<pii> Q;\n    int now = H;\n    ll ans = 0;\n    REP(i,N-1) {\n        st.add(i,i+1,now);\n        Q.push(pii(hi[i], i));\n        now -= di[i];\n        while(now<=0) {\n            pii p = Q.top(); Q.pop();\n            int heal = p.first;\n            int pos = p.second;\n            int smax = st.getmax(pos, i+1);\n            if (smax + heal > H) {\n                Q.push(pii(H-smax, pos));\n                continue;\n            }\n            int num = min((0-now)/heal+1, (H-smax)/heal);\n            now += num*heal;\n            ans += num;\n            st.add(pos, i+1, num*heal);\n            Q.push(p);\n        }\n    }\n    printf("%lld\\n", ans);\n}') | LineLLMMutation(('source.cpp', 11), '#include <iostream>\n#include <iomanip>\n#include <sstream>\n#include <cstdio>\n#include <string>\n#include <vector>\n#include <algorithm>\n#include <complex>\n#include <cstring>\n#include <cstdlib>\n#include <cmath>\n#include <cassert>\n#include <climits>\n#include <queue>\n#include <set>\n#include <map>\n#include <valarray>\n#include <bitset>\n#include <stack>\n#include <array>\n\nusing namespace std;\n\n#define REP(i,n) for(int i=0;i<(int)n;++i)\ntypedef long long ll;\ntypedef pair<int,int> pii;\nconst int INF = 1<<29;\nconst double PI = acos(-1);\nconst double EPS = 1e-8;\nconst int MAX_N = 100001*2;\n\nstruct SegMax {\n    array<int, MAX_N * 2 - 1> data;\n    array<int, MAX_N * 2 - 1> datb;\n    int n;\n    SegMax(int n) : n(n) {\n        fill(data.begin(), data.begin() + n * 2 - 1, 0);\n        fill(datb.begin(), datb.begin() + n * 2 - 1, 0);\n    }\n    void add(int a, int b, int x) {\n        add(a, b, x, 0, 0, n);\n    }\n    void add(int a, int b, int x, int k, int l, int r) {\n        if (a <= l && r <= b) data[k] += x;\n        else if (l < b && a < r) {\n            add(a, b, x, k*2+1, l, (l+r)/2);\n            add(a, b, x, k*2+2, (l+r)/2, r);\n            datb[k] = max(data[k*2+1] + datb[k*2+1], data[k*2+2] + datb[k*2+2]);\n        }\n    }\n    int getmax(int a, int b) {\n        return getmax(a, b, 0, 0, n);\n    }\n    int getmax(int a, int b, int k, int l, int r) {\n        if (b <= l || r <= a) return 0;\n        else if (a <= l && r <= b) {\n            return data[k] + datb[k];\n        } else {\n            int res = 0;\n            res = max(res, getmax(a, b, k*2+1, l, (l+r)/2));\n            res = max(res, getmax(a, b, k*2+2, (l+r)/2, r));\n            return res + data[k];\n        }\n    }\n};\n\nint di[100000];\nint hi[100000];\n\nint main() {\n    int N, H;\n    scanf("%d %d", &N, &H);\n    REP(i, N-1) {\n        scanf("%d %d", di + i, hi + i);\n    }\n    SegMax st(N);\n    priority_queue<pii> Q;\n    int now = H;\n    ll ans = 0;\n    REP(i, N-1) {\n        st.add(i, i+1, now);\n        Q.push(pii(hi[i], i));\n        now -= di[i];\n        while (now <= 0) {\n            pii p = Q.top(); Q.pop();\n            int heal = p.first;\n            int pos = p.second;\n            int smax = st.getmax(pos, i + 1);\n            if (smax + heal > H) {\n                Q.push(pii(H - smax, pos));\n                continue;\n            }\n            int num = min((0 - now) / heal + 1, (H - smax) / heal);\n            now += num * heal;\n            ans += num;\n            st.add(pos, i + 1, num * heal);\n            Q.push(p);\n        }\n    }\n    printf("%lld\\n", ans);\n}')"
2025-01-26 13:34:54,868	[INFO]	Step: 18
2025-01-26 13:34:54,868	[INFO]	Stop Steps: 50
2025-01-26 13:34:55,880	[DEBUG]	EXEC>  SUCCESS 6689617.5625
2025-01-26 13:34:55,881	[INFO]	1-9     SUCCESS               6689617.56 (100.89%) [2 edit(s)]  
2025-01-26 13:34:55,881	[DEBUG]	patch(1-9)="LineLLMMutation(('source.cpp', 0), '#include <iostream>\n#include <iomanip>\n#include <sstream>\n#include <cstdio>\n#include <string>\n#include <vector>\n#include <algorithm>\n#include <complex>\n#include <cstring>\n#include <cstdlib>\n#include <cmath>\n#include <cassert>\n#include <climits>\n#include <queue>\n#include <set>\n#include <map>\n#include <valarray>\n#include <bitset>\n#include <stack>\n\nusing namespace std;\n\n#define REP(i,n) for(int i=0;i<(int)n;++i)\n#define FOR(i,c) for(__typeof((c).begin())i=(c).begin();i!=(c).end();++i)\n#define ALL(c) (c).begin(), (c).end()\ntypedef long long ll;\ntypedef pair<int,int> pii;\nconst int INF = 1<<29;\nconst double PI = acos(-1);\nconst double EPS = 1e-8;\nconst int MAX_N = 100001*2;\n\nstruct SegMax {\n    int data[MAX_N * 2 - 1];\n    int datb[MAX_N * 2 - 1];\n    int n;\n    SegMax(int n) : n(n) {\n        REP(i,n) data[i]=datb[i]=0;\n    }\n    void add(int a, int b, int x) {\n        add(a,b,x,0,0,n);\n    }\n    void add(int a, int b, int x, int k, int l, int r) {\n        if (a <= l && r <= b) data[k] += x;\n        else if (l<b && a<r) {\n            add(a, b, x, k*2+1, l, (l+r)/2);\n            add(a, b, x, k*2+2, (l+r)/2, r);\n            datb[k] = max(data[k*2+1]+datb[k*2+1], data[k*2+2]+datb[k*2+2]);\n        }\n    }\n    int getmax(int a, int b) {\n        return getmax(a,b,0,0,n);\n    }\n    int getmax(int a, int b, int k, int l, int r) {\n        if (b<=l || r<=a) return 0;\n        else if (a<=l && r<=b) {\n            return data[k] + datb[k];\n        } else {\n            int res = 0;\n            res = max(res, getmax(a, b, k*2+1, l, (l+r)/2));\n            res = max(res, getmax(a, b, k*2+2, (l+r)/2, r));\n            return res + data[k];\n        }\n    }\n};\n\nint di[100000];\nint hi[100000];\n\nint main() {\n    int N, H;\n    scanf("%d %d", &N, &H);\n    REP(i,N-1) {\n        scanf("%d %d", di+i, hi+i);\n    }\n    SegMax st(N);\n    priority_queue<pii> Q;\n    int now = H;\n    ll ans = 0;\n    REP(i,N-1) {\n        st.add(i,i+1,now);\n        Q.push(pii(hi[i], i));\n        now -= di[i];\n        while(now<=0) {\n            pii p = Q.top(); Q.pop();\n            int heal = p.first;\n            int pos = p.second;\n            int smax = st.getmax(pos, i+1);\n            if (smax + heal > H) {\n                Q.push(pii(H-smax, pos));\n                continue;\n            }\n            int num = min((0-now)/heal+1, (H-smax)/heal);\n            now += num*heal;\n            ans += num;\n            st.add(pos, i+1, num*heal);\n            Q.push(p);\n        }\n    }\n    printf("%lld\\n", ans);\n}') | LineLLMMutation(('source.cpp', 12), '#include <iostream>\n#include <iomanip>\n#include <sstream>\n#include <cstdio>\n#include <string>\n#include <vector>\n#include <algorithm>\n#include <complex>\n#include <cstring>\n#include <cstdlib>\n#include <cmath>\n#include <cassert>\n#include <climits>\n#include <queue>\n#include <set>\n#include <map>\n#include <valarray>\n#include <bitset>\n#include <stack>\n\nusing namespace std;\n\n#define REP(i,n) for(int i=0;i<(int)n;++i)\ntypedef long long ll;\ntypedef pair<int,int> pii;\nconst int MAX_N = 100001*2;\n\nstruct SegMax {\n    int data[MAX_N * 2 - 1];\n    int datb[MAX_N * 2 - 1];\n    int n;\n    SegMax(int n) : n(n) {\n        REP(i, n) data[i] = datb[i] = 0;\n    }\n    void add(int a, int b, int x) {\n        add(a, b, x, 0, 0, n);\n    }\n    void add(int a, int b, int x, int k, int l, int r) {\n        if (a <= l && r <= b) {\n            data[k] += x;\n        } else if (l < b && a < r) {\n            add(a, b, x, k * 2 + 1, l, (l + r) / 2);\n            add(a, b, x, k * 2 + 2, (l + r) / 2, r);\n            datb[k] = max(data[k * 2 + 1] + datb[k * 2 + 1], data[k * 2 + 2] + datb[k * 2 + 2]);\n        }\n    }\n    int getmax(int a, int b) {\n        return getmax(a, b, 0, 0, n);\n    }\n    int getmax(int a, int b, int k, int l, int r) {\n        if (b <= l || r <= a) return 0;\n        if (a <= l && r <= b) return data[k] + datb[k];\n\n        int res = max(getmax(a, b, k * 2 + 1, l, (l + r) / 2),\n                       getmax(a, b, k * 2 + 2, (l + r) / 2, r));\n        return res + data[k];\n    }\n};\n\nint di[100000];\nint hi[100000];\n\nint main() {\n    int N, H;\n    scanf("%d %d", &N, &H);\n    REP(i, N - 1) {\n        scanf("%d %d", di + i, hi + i);\n    }\n    SegMax st(N);\n    priority_queue<pii> Q;\n    int now = H;\n    ll ans = 0;\n    REP(i, N - 1) {\n        st.add(i, i + 1, now);\n        Q.push(pii(hi[i], i));\n        now -= di[i];\n        while (now <= 0) {\n            pii p = Q.top(); Q.pop();\n            int heal = p.first;\n            int pos = p.second;\n            int smax = st.getmax(pos, i + 1);\n            if (smax + heal > H) {\n                Q.push(pii(H - smax, pos));\n                continue;\n            }\n            int num = min((0 - now) / heal + 1, (H - smax) / heal);\n            now += num * heal;\n            ans += num;\n            st.add(pos, i + 1, num * heal);\n            Q.push(p);\n        }\n    }\n    printf("%lld\\n", ans);\n}')"
2025-01-26 13:34:55,881	[INFO]	Step: 19
2025-01-26 13:34:55,881	[INFO]	Stop Steps: 50
2025-01-26 13:34:56,588	[DEBUG]	EXEC>  SUCCESS 6484415.5625
2025-01-26 13:34:56,588	[INFO]	1-10    SUCCESS               6484415.56 (97.80%) [1 edit(s)]  
2025-01-26 13:34:56,588	[DEBUG]	patch(1-10)="LineLLMMutation(('source.cpp', 13), '#include <cstdio>\n#include <queue>\n#include <utility>\nusing namespace std;\n\n#define REP(i,n) for(int i=0;i<(int)n;++i)\n\ntypedef long long ll;\ntypedef pair<int,int> pii;\n\nconst int MAX_N = 100001*2;\n\nstruct SegMax {\n    int data[MAX_N * 2 - 1];\n    int datb[MAX_N * 2 - 1];\n    int n;\n\n    SegMax(int n) : n(n) {\n        REP(i,n) data[i]=datb[i]=0;\n    }\n\n    void add(int a, int b, int x) {\n        add(a,b,x,0,0,n);\n    }\n\n    void add(int a, int b, int x, int k, int l, int r) {\n        if (a <= l && r <= b) data[k] += x;\n        else if (l<b && a<r) {\n            add(a, b, x, k*2+1, l, (l+r)/2);\n            add(a, b, x, k*2+2, (l+r)/2, r);\n            datb[k] = max(data[k*2+1]+datb[k*2+1], data[k*2+2]+datb[k*2+2]);\n        }\n    }\n\n    int getmax(int a, int b) {\n        return getmax(a,b,0,0,n);\n    }\n\n    int getmax(int a, int b, int k, int l, int r) {\n        if (b<=l || r<=a) return 0;\n        else if (a<=l && r<=b) {\n            return data[k] + datb[k];\n        } else {\n            int res = 0;\n            res = max(res, getmax(a, b, k*2+1, l, (l+r)/2));\n            res = max(res, getmax(a, b, k*2+2, (l+r)/2, r));\n            return res + data[k];\n        }\n    }\n};\n\nint di[100000];\nint hi[100000];\n\nint main() {\n    int N, H;\n    scanf("%d%d", &N, &H);\n    REP(i,N-1) {\n        scanf("%d%d", di+i, hi+i);\n    }\n    \n    SegMax st(N);\n    priority_queue<pii> Q;\n    int now = H;\n    ll ans = 0;\n\n    REP(i,N-1) {\n        st.add(i,i+1,now);\n        Q.push(pii(hi[i], i));\n        now -= di[i];\n\n        while(now<=0) {\n            pii p = Q.top(); Q.pop();\n            int heal = p.first;\n            int pos = p.second;\n            int smax = st.getmax(pos, i+1);\n\n            if (smax + heal > H) {\n                Q.push(pii(H-smax, pos));\n                continue;\n            }\n\n            int num = min((0-now)/heal+1, (H-smax)/heal);\n            now += num*heal;\n            ans += num;\n            st.add(pos, i+1, num*heal);\n            Q.push(p);\n        }\n    }\n    printf("%lld\\n", ans);\n}')"
2025-01-26 13:34:56,588	[INFO]	Step: 20
2025-01-26 13:34:56,588	[INFO]	Stop Steps: 50
2025-01-26 13:34:58,581	[DEBUG]	EXEC>  SUCCESS 7070858.125
2025-01-26 13:34:58,581	[INFO]	REF     SUCCESS               7070858.12 (--) [0 edit(s)]  
2025-01-26 13:34:58,581	[INFO]	Best patch: 2
2025-01-26 13:34:59,406	[DEBUG]	EXEC>  SUCCESS 6566980.4375
2025-01-26 13:34:59,406	[INFO]	BEST    SUCCESS              *6566980.44 (92.87%) [0 edit(s)]  
2025-01-26 13:34:59,406	[INFO]	Best patch step: 14
2025-01-26 13:37:19,219	[INFO]	~~~~ END ~~~~
2025-01-26 13:37:19,220	[INFO]	Best patch step: 14
