2025-01-26 15:44:21,630	[DEBUG]	==== CONFIG ====
[magpie]
import = 
seed = 8061498580096716
log_dir = _magpie_logs
work_dir = _magpie_work
local_original_copy = True
local_original_name = __original__
output_encoding = ascii
edit_retries = 10
default_timeout = 30
default_lengthout = 10000.0
diff_method = unified
trust_local_filesystem = True

[magpie.log]
color_output = True
format_info = {counter:<7} {status:<20} {best}{fitness} ({ratio}) [{size}] {cached} {log}
format_debug = patch({counter})="{patch}"{diffifbest}
format_fitness = {:.2f}
format_ratio = {:.2%%}
format_patchif = 
	 --> {patch}
format_diffif = 
	{diff}

[software]
path = dataset/magpie_dataset/train/0186
target_files = 
	source.cpp
software = BasicSoftware
model_rules = 
	*.params : ParamFileConfigModel
	*.xml : SrcmlModel
	* : LineModel
model_config = 
	*.params : [paramconfig]
	*.xml : [srcml]
init_cmd = 
init_timeout = 60
init_lengthout = -1
setup_cmd = bash setup.sh
setup_timeout = 
setup_lengthout = 
compile_cmd = bash compile.sh
compile_timeout = 
compile_lengthout = 
test_cmd = bash test.sh
test_timeout = 
test_lengthout = 
run_cmd = bash run.sh
run_timeout = 3
run_lengthout = 
batch_timeout = 
batch_lengthout = 
batch_bin_fitness_strategy = aggregate
batch_fitness_strategy = sum
fitness = time

[srcml]
rename = 
	stmt: break continue decl_stmt do expr_stmt for goto if return switch while
	number: literal_number
focus = block stmt operator_comp operator_arith number
internodes = block
process_pseudo_blocks = True
process_literals = True
process_operators = True

[paramconfig]
timing = test run
cli_prefix = --
cli_glue = =
cli_boolean = show
cli_boolean_prefix_true = 
cli_boolean_prefix_false = no-
cli_none = hide
silent_prefix = @
silent_suffix = $

[search]
protocol = BasicProtocol
algorithm = GeneticProgrammingLLM
possible_edits = 
	LineLLMMutation
	LineLLMCrossover
	LineDeletion
	LineInsertion
	LineReplacement
llm_prob = 1.0
warmup = 5
warmup_strategy = last
max_steps = 50
max_time = 20000
target_fitness = 
cache_maxsize = 100
cache_keep = 0.2
batch_instances = 
batch_shuffle = True
batch_bin_shuffle = False
batch_sample_size = 1

[search.ls]
delete_prob = 0.5
max_neighbours = 
when_trapped = continue
accept_fail = False
tabu_length = 10

[search.gp]
pop_size = 10
delete_prob = 0.0
offspring_elitism = 0.2
offspring_crossover = 0.4
offspring_mutation = 0.4
uniform_rate = 0.5
batch_reset = True
llm_type = baseline

[search.minify]
do_cleanup = True
do_rebuild = True
do_simplify = True
round_robin_limit = 3


2025-01-26 15:44:21,630	[DEBUG]	
2025-01-26 15:44:21,630	[INFO]	==== SEARCH: GeneticProgrammingLLM ====
2025-01-26 15:44:21,630	[INFO]	~~~~ WARMUP ~~~~
2025-01-26 15:44:22,803	[DEBUG]	EXEC>  SUCCESS 2271113.875
2025-01-26 15:44:22,803	[INFO]	WARM    SUCCESS               2271113.88 (--) [0 edit(s)]  
2025-01-26 15:44:23,206	[DEBUG]	EXEC>  SUCCESS 2225756.5
2025-01-26 15:44:23,206	[INFO]	WARM    SUCCESS               2225756.50 (--) [0 edit(s)]  
2025-01-26 15:44:23,610	[DEBUG]	EXEC>  SUCCESS 2229013.4375
2025-01-26 15:44:23,611	[INFO]	WARM    SUCCESS               2229013.44 (--) [0 edit(s)]  
2025-01-26 15:44:24,020	[DEBUG]	EXEC>  SUCCESS 2265783.0
2025-01-26 15:44:24,021	[INFO]	WARM    SUCCESS               2265783.00 (--) [0 edit(s)]  
2025-01-26 15:44:24,426	[DEBUG]	EXEC>  SUCCESS 2223411.8125
2025-01-26 15:44:24,426	[INFO]	WARM    SUCCESS               2223411.81 (--) [0 edit(s)]  
2025-01-26 15:44:24,426	[INFO]	REF     SUCCESS               2223411.81 (--) [0 edit(s)]  
2025-01-26 15:44:24,427	[INFO]	
2025-01-26 15:44:24,427	[INFO]	~~~~ START ~~~~
2025-01-26 15:45:06,388	[DEBUG]	EXEC>  SUCCESS 2222642.8125
2025-01-26 15:45:06,388	[INFO]	0-1     SUCCESS              *2222642.81 (99.97%) [1 edit(s)]  
2025-01-26 15:45:06,388	[DEBUG]	patch(0-1)="LineLLMMutation(('source.cpp', 0), '#include <cstdio>\n#include <cstring>\n#include <algorithm>\nusing namespace std;\n\nchar x[1000005];\n\nint a = 0, b = 0, c = 0, d = 0, maxi = 0;\n\nint main() {\n    fill(x, x + 1000005, \'A\');\n    scanf("%s", x);\n    int leng = strlen(x);\n\n    while (a < leng) {\n        if (x[a] == \'J\') {\n            b++;\n            a++;\n            while (x[a] == \'J\') {\n                b++;\n                a++;\n            }\n            while (x[a] == \'O\') {\n                c++;\n                a++;\n            }\n            while (x[a] == \'I\') {\n                d++;\n                a++;\n            }\n            if (b >= c && c <= d) {\n                maxi = max(maxi, c);\n            }\n            b = 0; c = 0; d = 0;\n        } else {\n            a++;\n        }\n    }\n\n    printf("%d\\n", maxi);\n    scanf("%d", &a);\n    return 0;\n}')"

2025-01-26 15:45:07,722	[DEBUG]	EXEC>  SUCCESS 2226238.4375
2025-01-26 15:45:07,722	[INFO]	0-2     SUCCESS               2226238.44 (100.13%) [1 edit(s)]  
2025-01-26 15:45:07,722	[DEBUG]	patch(0-2)="LineLLMMutation(('source.cpp', 1), '#include <cstdio>\n#include <cstring>\n#include <algorithm>\nusing namespace std;\n\nchar x[1000005];\n\nint a = 0, b = 0, c = 0, d = 0, maxi = 0;\n\nint main() {\n    fill(x, x + 1000005, \'A\');\n    scanf("%s", x);\n    int leng = strlen(x);\n\n    while (a < leng) {\n        if (x[a] == \'J\') {\n            b++;\n            while (x[++a] == \'J\') {\n                b++;\n            }\n            while (x[a] == \'O\') {\n                c++;\n                a++;\n            }\n            while (x[a] == \'I\') {\n                d++;\n                a++;\n            }\n            if (b >= c && c <= d) {\n                maxi = max(maxi, c);\n            }\n            b = 0; c = 0; d = 0;\n        } else {\n            a++;\n        }\n    }\n\n    printf("%d\\n", maxi);\n    scanf("%d", &a);\n    return 0;\n}')"
2025-01-26 15:45:08,826	[INFO]	0-3     COMPILE_CODE_ERROR    None (--) [1 edit(s)]  
2025-01-26 15:45:08,826	[DEBUG]	patch(0-3)="LineLLMMutation(('source.cpp', 2), '#include <cstdio>\n#include <cstring>\n#include <algorithm>\nusing namespace std;\n\nchar x[1000005];\n\nint main() {\n    fill(x, x + 1000005, \'A\');\n    scanf("%s", x);\n    int leng = strlen(x);\n    int maxi = 0;\n\n    for (int a = 0; a < leng; ) {\n        if (x[a] == \'J\') {\n            int b = 1, c = 0, d = 0;\n            while (x[++a] == \'J\') b++;\n            while (x[a] == \'O\') { c++; a++; }\n            while (x[a] == \'I\') { d++; a++; }\n            if (b >= c && c <= d) {\n                maxi = max(maxi, c);\n            }\n        } else {\n            a++;\n        }\n    }\n\n    printf("%d\\n", maxi);\n    scanf("%d", &a);\n    return 0;\n}')"
2025-01-26 15:45:09,934	[INFO]	0-4     COMPILE_CODE_ERROR    None (--) [1 edit(s)]  
2025-01-26 15:45:09,934	[DEBUG]	patch(0-4)="LineLLMMutation(('source.cpp', 3), '#include <cstdio>\n#include <cstring>\n#include <algorithm>\nusing namespace std;\n\nchar x[1000005];\n\nint main() {\n    memset(x, \'A\', sizeof(x));\n    scanf("%s", x);\n    int leng = strlen(x);\n    int maxi = 0;\n\n    for (int a = 0; a < leng; ) {\n        if (x[a] == \'J\') {\n            int b = 1, c = 0, d = 0;\n            while (x[++a] == \'J\') b++;\n            while (x[a] == \'O\') { c++; a++; }\n            while (x[a] == \'I\') { d++; a++; }\n            if (b >= c && c <= d) {\n                maxi = max(maxi, c);\n            }\n        } else {\n            a++;\n        }\n    }\n\n    printf("%d\\n", maxi);\n    scanf("%d", &a);\n    return 0;\n}')"
2025-01-26 15:45:11,040	[INFO]	0-5     COMPILE_CODE_ERROR    None (--) [1 edit(s)]  
2025-01-26 15:45:11,040	[DEBUG]	patch(0-5)="LineLLMMutation(('source.cpp', 4), '#include <cstdio>\n#include <cstring>\n#include <algorithm>\nusing namespace std;\n\nchar x[1000005];\n\nint main() {\n    memset(x, \'A\', sizeof(x));\n    scanf("%s", x);\n    int leng = strlen(x);\n    int maxi = 0;\n\n    for (int a = 0; a < leng; ) {\n        int b = 0, c = 0, d = 0;\n        while (a < leng && (x[a] == \'J\' || x[a] == \'O\' || x[a] == \'I\')) {\n            if (x[a] == \'J\') b++;\n            else if (x[a] == \'O\') c++;\n            else if (x[a] == \'I\') d++;\n            a++;\n        }\n        if (b >= c && c <= d) {\n            maxi = max(maxi, c);\n        }\n    }\n\n    printf("%d\\n", maxi);\n    scanf("%d", &a);\n    return 0;\n}')"
2025-01-26 15:45:12,145	[INFO]	0-6     COMPILE_CODE_ERROR    None (--) [1 edit(s)]  
2025-01-26 15:45:12,145	[DEBUG]	patch(0-6)="LineLLMMutation(('source.cpp', 5), '#include <cstdio>\n#include <cstring>\n#include <algorithm>\nusing namespace std;\n\nchar x[1000005];\n\nint main() {\n    memset(x, \'A\', sizeof(x));\n    scanf("%s", x);\n    int leng = strlen(x);\n    int maxi = 0;\n\n    for (int a = 0; a < leng; ) {\n        int b = 0, c = 0, d = 0;\n        while (a < leng) {\n            switch (x[a]) {\n                case \'J\': b++; a++; break;\n                case \'O\': c++; a++; break;\n                case \'I\': d++; a++; break;\n                default: a++; break;\n            }\n        }\n        if (b >= c && c <= d) {\n            maxi = max(maxi, c);\n        }\n    }\n\n    printf("%d\\n", maxi);\n    scanf("%d", &a);\n    return 0;\n}')"
2025-01-26 15:45:13,316	[INFO]	0-7     TEST_CODE_ERROR       None (--) [1 edit(s)]  
2025-01-26 15:45:13,316	[DEBUG]	patch(0-7)="LineLLMMutation(('source.cpp', 6), '#include <cstdio>\n#include <cstring>\n#include <algorithm>\nusing namespace std;\n\nchar x[1000005];\n\nint main() {\n    memset(x, \'A\', sizeof(x));\n    fgets(x, sizeof(x), stdin);\n    int leng = strlen(x);\n    int maxi = 0;\n\n    for (int a = 0; a < leng; ) {\n        int b = 0, c = 0, d = 0;\n        while (a < leng) {\n            switch (x[a]) {\n                case \'J\': b++; a++; break;\n                case \'O\': c++; a++; break;\n                case \'I\': d++; a++; break;\n                default: a++; break;\n            }\n        }\n        if (b >= c && c <= d) {\n            maxi = max(maxi, c);\n        }\n    }\n\n    printf("%d\\n", maxi);\n    return 0;\n}')"
2025-01-26 15:45:14,508	[INFO]	0-8     TEST_CODE_ERROR       None (--) [1 edit(s)]  
2025-01-26 15:45:14,508	[DEBUG]	patch(0-8)="LineLLMMutation(('source.cpp', 7), '#include <cstdio>\n#include <cstring>\n#include <algorithm>\nusing namespace std;\n\nchar x[1000005];\n\nint main() {\n    memset(x, \'A\', sizeof(x));\n    fgets(x, sizeof(x), stdin);\n    int leng = strlen(x);\n    int maxi = 0;\n\n    for (int a = 0; a < leng; ) {\n        int b = 0, c = 0, d = 0;\n        while (a < leng) {\n            if (x[a] == \'J\') {\n                b++;\n                while (x[++a] == \'J\') b++;\n            } else if (x[a] == \'O\') {\n                c++;\n                a++;\n            } else if (x[a] == \'I\') {\n                d++;\n                a++;\n            } else {\n                a++;\n            }\n        }\n        if (b >= c && c <= d) {\n            maxi = max(maxi, c);\n        }\n    }\n\n    printf("%d\\n", maxi);\n    return 0;\n}')"
2025-01-26 15:45:15,682	[INFO]	0-9     TEST_CODE_ERROR       None (--) [1 edit(s)]  
2025-01-26 15:45:15,682	[DEBUG]	patch(0-9)="LineLLMMutation(('source.cpp', 8), '#include <cstdio>\n#include <cstring>\n#include <algorithm>\nusing namespace std;\n\nchar x[1000005];\n\nint main() {\n    memset(x, \'A\', sizeof(x));\n    fgets(x, sizeof(x), stdin);\n    int leng = strlen(x);\n    int maxi = 0;\n\n    for (int a = 0; a < leng; ) {\n        int b = 0, c = 0, d = 0;\n        while (a < leng) {\n            if (x[a] == \'J\') {\n                while (x[a] == \'J\') { b++; a++; }\n            } else if (x[a] == \'O\') {\n                c++; a++;\n            } else if (x[a] == \'I\') {\n                d++; a++;\n            } else {\n                a++;\n            }\n        }\n        if (b >= c && c <= d) {\n            maxi = max(maxi, c);\n        }\n    }\n\n    printf("%d\\n", maxi);\n    return 0;\n}')"
2025-01-26 15:45:16,854	[INFO]	0-10    TEST_CODE_ERROR       None (--) [1 edit(s)]  
2025-01-26 15:45:16,854	[DEBUG]	patch(0-10)="LineLLMMutation(('source.cpp', 9), '#include <cstdio>\n#include <cstring>\n#include <algorithm>\nusing namespace std;\n\nchar x[1000005];\n\nint main() {\n    fgets(x, sizeof(x), stdin);\n    int leng = strlen(x);\n    int maxi = 0;\n\n    for (int a = 0; a < leng; ) {\n        int b = 0, c = 0, d = 0;\n        while (a < leng) {\n            if (x[a] == \'J\') {\n                while (x[a] == \'J\') { b++; a++; }\n            } else if (x[a] == \'O\') {\n                c++; a++;\n            } else if (x[a] == \'I\') {\n                d++; a++;\n            } else {\n                a++;\n            }\n        }\n        if (b >= c && c <= d) {\n            maxi = max(maxi, c);\n        }\n    }\n\n    printf("%d\\n", maxi);\n    return 0;\n}')"
2025-01-26 15:45:17,855	[INFO]	Step: 10
2025-01-26 15:45:17,855	[INFO]	Stop Steps: 50
2025-01-26 15:45:19,385	[DEBUG]	EXEC>  SUCCESS 2229862.75
2025-01-26 15:45:19,385	[INFO]	REF     SUCCESS               2229862.75 (--) [0 edit(s)]  
2025-01-26 15:45:19,385	[INFO]	Best patch: 0
2025-01-26 15:45:19,720	[DEBUG]	EXEC>  SUCCESS 2222439.8125
2025-01-26 15:45:19,720	[INFO]	BEST    SUCCESS              *2222439.81 (99.67%) [0 edit(s)]  
2025-01-26 15:45:19,720	[INFO]	Best patch step: 0
2025-01-26 15:46:05,991	[INFO]	Step: 10
2025-01-26 15:46:05,991	[INFO]	Stop Steps: 50
2025-01-26 15:46:06,441	[DEBUG]	EXEC>  SUCCESS 2299173.3125
2025-01-26 15:46:06,441	[INFO]	1-1     SUCCESS              +2299173.31 (103.11%) [1 edit(s)]  
2025-01-26 15:46:06,441	[DEBUG]	patch(1-1)="LineLLMMutation(('source.cpp', 0), '#include <cstdio>\n#include <cstring>\n#include <algorithm>\nusing namespace std;\n\nchar x[1000005];\n\nint a = 0, b = 0, c = 0, d = 0, maxi = 0;\n\nint main() {\n    fill(x, x + 1000005, \'A\');\n    scanf("%s", x);\n    int leng = strlen(x);\n\n    while (a < leng) {\n        if (x[a] == \'J\') {\n            b++;\n            a++;\n            while (x[a] == \'J\') {\n                b++;\n                a++;\n            }\n            while (x[a] == \'O\') {\n                c++;\n                a++;\n            }\n            while (x[a] == \'I\') {\n                d++;\n                a++;\n            }\n            if (b >= c && c <= d) {\n                maxi = max(maxi, c);\n            }\n            b = 0; c = 0; d = 0;\n        } else {\n            a++;\n        }\n    }\n\n    printf("%d\\n", maxi);\n    scanf("%d", &a);\n    return 0;\n}')"
2025-01-26 15:46:06,441	[INFO]	Step: 11
2025-01-26 15:46:06,441	[INFO]	Stop Steps: 50
2025-01-26 15:46:06,770	[DEBUG]	EXEC>  SUCCESS 2244072.1875
2025-01-26 15:46:06,770	[INFO]	1-2     SUCCESS              +2244072.19 (100.64%) [1 edit(s)]  
2025-01-26 15:46:06,770	[DEBUG]	patch(1-2)="LineLLMMutation(('source.cpp', 1), '#include <cstdio>\n#include <cstring>\n#include <algorithm>\nusing namespace std;\n\nchar x[1000005];\n\nint a = 0, b = 0, c = 0, d = 0, maxi = 0;\n\nint main() {\n    fill(x, x + 1000005, \'A\');\n    scanf("%s", x);\n    int leng = strlen(x);\n\n    while (a < leng) {\n        if (x[a] == \'J\') {\n            b++;\n            while (x[++a] == \'J\') {\n                b++;\n            }\n            while (x[a] == \'O\') {\n                c++;\n                a++;\n            }\n            while (x[a] == \'I\') {\n                d++;\n                a++;\n            }\n            if (b >= c && c <= d) {\n                maxi = max(maxi, c);\n            }\n            b = 0; c = 0; d = 0;\n        } else {\n            a++;\n        }\n    }\n\n    printf("%d\\n", maxi);\n    scanf("%d", &a);\n    return 0;\n}')"
2025-01-26 15:46:06,770	[INFO]	Step: 12
2025-01-26 15:46:06,770	[INFO]	Stop Steps: 50
2025-01-26 15:46:07,099	[DEBUG]	EXEC>  SUCCESS 1002929.9375
2025-01-26 15:46:07,099	[INFO]	1-3     SUCCESS              *1002929.94 (44.98%) [1 edit(s)]  
2025-01-26 15:46:07,099	[DEBUG]	patch(1-3)="LineLLMCrossover(('source.cpp', 0), '#include <cstdio>\n#include <cstring>\n#include <algorithm>\nusing namespace std;\n\nchar x[1000005];\nint a = 0, b = 0, c = 0, d = 0, maxi = 0;\n\nint main() {\n    scanf("%s", x);\n    int leng = strlen(x);\n\n    while (a < leng) {\n        if (x[a] == \'J\') {\n            b++;\n            while (x[++a] == \'J\') {\n                b++;\n            }\n            while (x[a] == \'O\') {\n                c++;\n                a++;\n            }\n            while (x[a] == \'I\') {\n                d++;\n                a++;\n            }\n            if (b >= c && c <= d) {\n                maxi = max(maxi, c);\n            }\n            b = 0; c = 0; d = 0;\n        } else {\n            a++;\n        }\n    }\n\n    printf("%d\\n", maxi);\n    return 0;\n}')"

2025-01-26 15:46:07,099	[INFO]	Step: 13
2025-01-26 15:46:07,099	[INFO]	Stop Steps: 50
2025-01-26 15:46:07,429	[DEBUG]	EXEC>  SUCCESS 968165.4375
2025-01-26 15:46:07,429	[INFO]	1-4     SUCCESS              *968165.44 (43.42%) [1 edit(s)]  
2025-01-26 15:46:07,429	[DEBUG]	patch(1-4)="LineLLMCrossover(('source.cpp', 1), '#include <cstdio>\n#include <cstring>\n#include <algorithm>\nusing namespace std;\n\nchar x[1000005];\nint a = 0, b = 0, c = 0, d = 0, maxi = 0;\n\nint main() {\n    scanf("%s", x);\n    int leng = strlen(x);\n\n    while (a < leng) {\n        if (x[a] == \'J\') {\n            b++;\n            while (x[++a] == \'J\') {\n                b++;\n            }\n            while (x[a] == \'O\') {\n                c++;\n                a++;\n            }\n            while (x[a] == \'I\') {\n                d++;\n                a++;\n            }\n            if (b >= c && c <= d) {\n                maxi = max(maxi, c);\n            }\n            b = 0; c = 0; d = 0;\n        } else {\n            a++;\n        }\n    }\n\n    printf("%d\\n", maxi);\n    return 0;\n}')"

2025-01-26 15:46:07,429	[INFO]	Step: 14
2025-01-26 15:46:07,429	[INFO]	Stop Steps: 50
2025-01-26 15:46:07,757	[DEBUG]	EXEC>  SUCCESS 2201763.5625
2025-01-26 15:46:07,758	[INFO]	1-5     SUCCESS               2201763.56 (98.74%) [1 edit(s)]  
2025-01-26 15:46:07,758	[DEBUG]	patch(1-5)="LineLLMCrossover(('source.cpp', 2), '#include <cstdio>\n#include <cstring>\n#include <algorithm>\nusing namespace std;\n\nchar x[1000005];\nint a = 0, b = 0, c = 0, d = 0, maxi = 0;\n\nint main() {\n    fill(x, x + 1000005, \'A\');\n    scanf("%s", x);\n    int leng = strlen(x);\n\n    while (a < leng) {\n        if (x[a] == \'J\') {\n            b++;\n            while (x[++a] == \'J\') {\n                b++;\n            }\n            while (x[a] == \'O\') {\n                c++;\n                a++;\n            }\n            while (x[a] == \'I\') {\n                d++;\n                a++;\n            }\n            if (b >= c && c <= d) {\n                maxi = max(maxi, c);\n            }\n            b = 0; c = 0; d = 0;\n        } else {\n            a++;\n        }\n    }\n\n    printf("%d\\n", maxi);\n    return 0;\n}')"
2025-01-26 15:46:07,758	[INFO]	Step: 15
2025-01-26 15:46:07,758	[INFO]	Stop Steps: 50
2025-01-26 15:46:08,089	[DEBUG]	EXEC>  SUCCESS 2256808.1875
2025-01-26 15:46:08,089	[INFO]	1-6     SUCCESS               2256808.19 (101.21%) [1 edit(s)]  
2025-01-26 15:46:08,089	[DEBUG]	patch(1-6)="LineLLMCrossover(('source.cpp', 3), '#include <cstdio>\n#include <cstring>\n#include <algorithm>\nusing namespace std;\n\nchar x[1000005];\nint a = 0, b = 0, c = 0, d = 0, maxi = 0;\n\nint main() {\n    fill(x, x + 1000005, \'A\');\n    scanf("%s", x);\n    int leng = strlen(x);\n\n    while (a < leng) {\n        if (x[a] == \'J\') {\n            b++;\n            while (x[++a] == \'J\') {\n                b++;\n            }\n            while (x[a] == \'O\') {\n                c++;\n                a++;\n            }\n            while (x[a] == \'I\') {\n                d++;\n                a++;\n            }\n            if (b >= c && c <= d) {\n                maxi = max(maxi, c);\n            }\n            b = 0; c = 0; d = 0;\n        } else {\n            a++;\n        }\n    }\n\n    printf("%d\\n", maxi);\n    return 0;\n}')"
2025-01-26 15:46:08,089	[INFO]	Step: 16
2025-01-26 15:46:08,089	[INFO]	Stop Steps: 50
2025-01-26 15:46:08,426	[DEBUG]	EXEC>  SUCCESS 981736.375
2025-01-26 15:46:08,426	[INFO]	1-7     SUCCESS               981736.38 (44.03%) [2 edit(s)]  
2025-01-26 15:46:08,426	[DEBUG]	patch(1-7)="LineLLMMutation(('source.cpp', 0), '#include <cstdio>\n#include <cstring>\n#include <algorithm>\nusing namespace std;\n\nchar x[1000005];\n\nint a = 0, b = 0, c = 0, d = 0, maxi = 0;\n\nint main() {\n    fill(x, x + 1000005, \'A\');\n    scanf("%s", x);\n    int leng = strlen(x);\n\n    while (a < leng) {\n        if (x[a] == \'J\') {\n            b++;\n            a++;\n            while (x[a] == \'J\') {\n                b++;\n                a++;\n            }\n            while (x[a] == \'O\') {\n                c++;\n                a++;\n            }\n            while (x[a] == \'I\') {\n                d++;\n                a++;\n            }\n            if (b >= c && c <= d) {\n                maxi = max(maxi, c);\n            }\n            b = 0; c = 0; d = 0;\n        } else {\n            a++;\n        }\n    }\n\n    printf("%d\\n", maxi);\n    scanf("%d", &a);\n    return 0;\n}') | LineLLMMutation(('source.cpp', 10), '#include <cstdio>\n#include <cstring>\n#include <algorithm>\nusing namespace std;\n\nchar x[1000005];\n\nint main() {\n    scanf("%s", x);\n    int a = 0, b = 0, c = 0, d = 0, maxi = 0;\n    int leng = strlen(x);\n\n    while (a < leng) {\n        if (x[a] == \'J\') {\n            do {\n                b++;\n                a++;\n            } while (a < leng && x[a] == \'J\');\n\n            while (a < leng && x[a] == \'O\') {\n                c++;\n                a++;\n            }\n\n            while (a < leng && x[a] == \'I\') {\n                d++;\n                a++;\n            }\n\n            if (b >= c && c <= d) {\n                maxi = max(maxi, c);\n            }\n            b = 0; c = 0; d = 0;\n        } else {\n            a++;\n        }\n    }\n\n    printf("%d\\n", maxi);\n    return 0;\n}')"
2025-01-26 15:46:08,426	[INFO]	Step: 17
2025-01-26 15:46:08,427	[INFO]	Stop Steps: 50
2025-01-26 15:46:08,597	[INFO]	1-8     TEST_CODE_ERROR       None (--) [2 edit(s)]  
2025-01-26 15:46:08,598	[DEBUG]	patch(1-8)="LineLLMMutation(('source.cpp', 1), '#include <cstdio>\n#include <cstring>\n#include <algorithm>\nusing namespace std;\n\nchar x[1000005];\n\nint a = 0, b = 0, c = 0, d = 0, maxi = 0;\n\nint main() {\n    fill(x, x + 1000005, \'A\');\n    scanf("%s", x);\n    int leng = strlen(x);\n\n    while (a < leng) {\n        if (x[a] == \'J\') {\n            b++;\n            while (x[++a] == \'J\') {\n                b++;\n            }\n            while (x[a] == \'O\') {\n                c++;\n                a++;\n            }\n            while (x[a] == \'I\') {\n                d++;\n                a++;\n            }\n            if (b >= c && c <= d) {\n                maxi = max(maxi, c);\n            }\n            b = 0; c = 0; d = 0;\n        } else {\n            a++;\n        }\n    }\n\n    printf("%d\\n", maxi);\n    scanf("%d", &a);\n    return 0;\n}') | LineLLMMutation(('source.cpp', 11), '#include <cstdio>\n#include <cstring>\n#include <algorithm>\nusing namespace std;\n\nchar x[1000005];\n\nint a = 0, b = 0, c = 0, d = 0, maxi = 0;\n\nint main() {\n    fill(x, x + 1000005, \'A\');\n    scanf("%s", x);\n    int leng = strlen(x);\n\n    while (a < leng) {\n        if (x[a] == \'J\') {\n            b++;\n            while (a < leng && (x[a] == \'J\' || x[a] == \'O\' || x[a] == \'I\')) {\n                if (x[a] == \'O\') {\n                    c++;\n                } else if (x[a] == \'I\') {\n                    d++;\n                }\n                a++;\n            }\n            if (b >= c && c <= d) {\n                maxi = max(maxi, c);\n            }\n            b = 0; c = 0; d = 0;\n        } else {\n            a++;\n        }\n    }\n\n    printf("%d\\n", maxi);\n    scanf("%d", &a);\n    return 0;\n}')"
2025-01-26 15:46:08,598	[INFO]	Step: 18
2025-01-26 15:46:08,598	[INFO]	Stop Steps: 50
2025-01-26 15:46:08,769	[INFO]	1-9     TEST_CODE_ERROR       None (--) [1 edit(s)]  
2025-01-26 15:46:08,769	[DEBUG]	patch(1-9)="LineLLMMutation(('source.cpp', 12), '#include <cstdio>\n#include <cstring>\n#include <algorithm>\n\nusing namespace std;\n\nchar x[1000005];\n\nint a = 0, b = 0, c = 0, d = 0, maxi = 0;\n\nint main() {\n    fill(x, x + 1000005, \'A\');\n    scanf("%s", x);\n    int leng = strlen(x);\n\n    for (int i = 0; i < leng; i++) {\n        if (x[i] == \'J\') {\n            b++;\n            while (i < leng && x[i] == \'J\') i++;\n        }\n        if (x[i] == \'O\') {\n            c++;\n            while (i < leng && x[i] == \'O\') i++;\n        }\n        if (x[i] == \'I\') {\n            d++;\n            while (i < leng && x[i] == \'I\') i++;\n        }\n\n        if (b >= c && c <= d) {\n            maxi = max(maxi, c);\n        }\n\n        b = 0;\n        c = 0;\n        d = 0;\n    }\n\n    printf("%d\\n", maxi);\n    scanf("%d", &a);\n    return 0;\n}')"
2025-01-26 15:46:08,769	[INFO]	Step: 19
2025-01-26 15:46:08,769	[INFO]	Stop Steps: 50
2025-01-26 15:46:08,940	[INFO]	1-10    TEST_CODE_ERROR       None (--) [1 edit(s)]  
2025-01-26 15:46:08,940	[DEBUG]	patch(1-10)="LineLLMMutation(('source.cpp', 13), '#include <cstdio>\n#include <cstring>\n#include <algorithm>\n\nusing namespace std;\n\nchar x[1000005];\n\nint main() {\n    fill(x, x + 1000005, \'A\');\n    scanf("%s", x);\n    int leng = strlen(x);\n    int b = 0, c = 0, d = 0, maxi = 0;\n\n    for (int i = 0; i < leng; i++) {\n        if (x[i] == \'J\') {\n            b++;\n            while (i < leng && x[i] == \'J\') i++;\n        }\n        if (x[i] == \'O\') {\n            c++;\n            while (i < leng && x[i] == \'O\') i++;\n        }\n        if (x[i] == \'I\') {\n            d++;\n            while (i < leng && x[i] == \'I\') i++;\n        }\n\n        if (b >= c && c <= d) {\n            maxi = max(maxi, c);\n        }\n    }\n\n    printf("%d\\n", maxi);\n    return 0;\n}')"
2025-01-26 15:46:08,940	[INFO]	Step: 20
2025-01-26 15:46:08,940	[INFO]	Stop Steps: 50
2025-01-26 15:46:10,356	[DEBUG]	EXEC>  SUCCESS 2266269.4375
2025-01-26 15:46:10,356	[INFO]	REF     SUCCESS               2266269.44 (--) [0 edit(s)]  
2025-01-26 15:46:10,356	[INFO]	Best patch: 1
2025-01-26 15:46:10,678	[DEBUG]	EXEC>  SUCCESS 995086.9375
2025-01-26 15:46:10,678	[INFO]	BEST    SUCCESS              *995086.94 (43.91%) [0 edit(s)]  
2025-01-26 15:46:10,678	[INFO]	Best patch step: 13
2025-01-26 15:46:54,259	[INFO]	Step: 20
2025-01-26 15:46:54,259	[INFO]	Stop Steps: 50
2025-01-26 15:46:54,702	[DEBUG]	EXEC>  SUCCESS 962874.0
2025-01-26 15:46:54,702	[INFO]	2-1     SUCCESS              *962874.00 (42.49%) [1 edit(s)]  
2025-01-26 15:46:54,702	[DEBUG]	patch(2-1)="LineLLMCrossover(('source.cpp', 1), '#include <cstdio>\n#include <cstring>\n#include <algorithm>\nusing namespace std;\n\nchar x[1000005];\nint a = 0, b = 0, c = 0, d = 0, maxi = 0;\n\nint main() {\n    scanf("%s", x);\n    int leng = strlen(x);\n\n    while (a < leng) {\n        if (x[a] == \'J\') {\n            b++;\n            while (x[++a] == \'J\') {\n                b++;\n            }\n            while (x[a] == \'O\') {\n                c++;\n                a++;\n            }\n            while (x[a] == \'I\') {\n                d++;\n                a++;\n            }\n            if (b >= c && c <= d) {\n                maxi = max(maxi, c);\n            }\n            b = 0; c = 0; d = 0;\n        } else {\n            a++;\n        }\n    }\n\n    printf("%d\\n", maxi);\n    return 0;\n}')"

2025-01-26 15:46:54,702	[INFO]	Step: 21
2025-01-26 15:46:54,702	[INFO]	Stop Steps: 50
2025-01-26 15:46:55,027	[DEBUG]	EXEC>  SUCCESS 969514.6875
2025-01-26 15:46:55,027	[INFO]	2-2     SUCCESS               969514.69 (42.78%) [2 edit(s)]  
2025-01-26 15:46:55,027	[DEBUG]	patch(2-2)="LineLLMMutation(('source.cpp', 0), '#include <cstdio>\n#include <cstring>\n#include <algorithm>\nusing namespace std;\n\nchar x[1000005];\n\nint a = 0, b = 0, c = 0, d = 0, maxi = 0;\n\nint main() {\n    fill(x, x + 1000005, \'A\');\n    scanf("%s", x);\n    int leng = strlen(x);\n\n    while (a < leng) {\n        if (x[a] == \'J\') {\n            b++;\n            a++;\n            while (x[a] == \'J\') {\n                b++;\n                a++;\n            }\n            while (x[a] == \'O\') {\n                c++;\n                a++;\n            }\n            while (x[a] == \'I\') {\n                d++;\n                a++;\n            }\n            if (b >= c && c <= d) {\n                maxi = max(maxi, c);\n            }\n            b = 0; c = 0; d = 0;\n        } else {\n            a++;\n        }\n    }\n\n    printf("%d\\n", maxi);\n    scanf("%d", &a);\n    return 0;\n}') | LineLLMMutation(('source.cpp', 10), '#include <cstdio>\n#include <cstring>\n#include <algorithm>\nusing namespace std;\n\nchar x[1000005];\n\nint main() {\n    scanf("%s", x);\n    int a = 0, b = 0, c = 0, d = 0, maxi = 0;\n    int leng = strlen(x);\n\n    while (a < leng) {\n        if (x[a] == \'J\') {\n            do {\n                b++;\n                a++;\n            } while (a < leng && x[a] == \'J\');\n\n            while (a < leng && x[a] == \'O\') {\n                c++;\n                a++;\n            }\n\n            while (a < leng && x[a] == \'I\') {\n                d++;\n                a++;\n            }\n\n            if (b >= c && c <= d) {\n                maxi = max(maxi, c);\n            }\n            b = 0; c = 0; d = 0;\n        } else {\n            a++;\n        }\n    }\n\n    printf("%d\\n", maxi);\n    return 0;\n}')"
2025-01-26 15:46:55,027	[INFO]	Step: 22
2025-01-26 15:46:55,027	[INFO]	Stop Steps: 50
2025-01-26 15:46:55,363	[DEBUG]	EXEC>  SUCCESS 2253065.1875
2025-01-26 15:46:55,363	[INFO]	2-3     SUCCESS               2253065.19 (99.42%) [1 edit(s)]  
2025-01-26 15:46:55,363	[DEBUG]	patch(2-3)="LineLLMCrossover(('source.cpp', 4), '#include <cstdio>\n#include <cstring>\n#include <algorithm>\nusing namespace std;\n\nchar x[1000005];\nint a = 0, b = 0, c = 0, d = 0, maxi = 0;\n\nint main() {\n    fill(x, x + 1000005, \'A\');\n    scanf("%s", x);\n    int leng = strlen(x);\n\n    while (a < leng) {\n        if (x[a] == \'J\') {\n            do {\n                b++;\n                a++;\n            } while (a < leng && x[a] == \'J\');\n\n            while (a < leng && x[a] == \'O\') {\n                c++;\n                a++;\n            }\n\n            while (a < leng && x[a] == \'I\') {\n                d++;\n                a++;\n            }\n\n            if (b >= c && c <= d) {\n                maxi = max(maxi, c);\n            }\n            b = 0; c = 0; d = 0;\n        } else {\n            a++;\n        }\n    }\n\n    printf("%d\\n", maxi);\n    return 0;\n}')"
2025-01-26 15:46:55,363	[INFO]	Step: 23
2025-01-26 15:46:55,363	[INFO]	Stop Steps: 50
2025-01-26 15:46:55,694	[DEBUG]	EXEC>  SUCCESS 975052.4375
2025-01-26 15:46:55,694	[INFO]	2-4     SUCCESS               975052.44 (43.02%) [1 edit(s)]  
2025-01-26 15:46:55,694	[DEBUG]	patch(2-4)="LineLLMCrossover(('source.cpp', 5), '#include <cstdio>\n#include <cstring>\n#include <algorithm>\nusing namespace std;\n\nchar x[1000005];\nint main() {\n    scanf("%s", x);\n    int a = 0, b = 0, c = 0, d = 0, maxi = 0;\n    int leng = strlen(x);\n\n    while (a < leng) {\n        if (x[a] == \'J\') {\n            do {\n                b++;\n                a++;\n            } while (a < leng && x[a] == \'J\');\n\n            while (a < leng && x[a] == \'O\') {\n                c++;\n                a++;\n            }\n\n            while (a < leng && x[a] == \'I\') {\n                d++;\n                a++;\n            }\n\n            if (b >= c && c <= d) {\n                maxi = max(maxi, c);\n            }\n            b = 0; c = 0; d = 0;\n        } else {\n            a++;\n        }\n    }\n\n    printf("%d\\n", maxi);\n    return 0;\n}')"
2025-01-26 15:46:55,694	[INFO]	Step: 24
2025-01-26 15:46:55,694	[INFO]	Stop Steps: 50
2025-01-26 15:46:56,025	[DEBUG]	EXEC>  SUCCESS 2225734.75
2025-01-26 15:46:56,025	[INFO]	2-5     SUCCESS               2225734.75 (98.21%) [1 edit(s)]  
2025-01-26 15:46:56,025	[DEBUG]	patch(2-5)="LineLLMCrossover(('source.cpp', 6), '#include <cstdio>\n#include <cstring>\n#include <algorithm>\nusing namespace std;\n\nchar x[1000005];\nint main() {\n    fill(x, x + 1000005, \'A\');\n    scanf("%s", x);\n    int a = 0, b = 0, c = 0, d = 0, maxi = 0;\n    int leng = strlen(x);\n\n    while (a < leng) {\n        if (x[a] == \'J\') {\n            do {\n                b++;\n                a++;\n            } while (a < leng && x[a] == \'J\');\n\n            while (a < leng && x[a] == \'O\') {\n                c++;\n                a++;\n            }\n\n            while (a < leng && x[a] == \'I\') {\n                d++;\n                a++;\n            }\n\n            if (b >= c && c <= d) {\n                maxi = max(maxi, c);\n            }\n            b = 0; c = 0; d = 0;\n        } else {\n            a++;\n        }\n    }\n\n    printf("%d\\n", maxi);\n    return 0;\n}')"
2025-01-26 15:46:56,025	[INFO]	Step: 25
2025-01-26 15:46:56,025	[INFO]	Stop Steps: 50
2025-01-26 15:46:56,356	[DEBUG]	EXEC>  SUCCESS 2287936.3125
2025-01-26 15:46:56,356	[INFO]	2-6     SUCCESS               2287936.31 (100.96%) [1 edit(s)]  
2025-01-26 15:46:56,356	[DEBUG]	patch(2-6)="LineLLMCrossover(('source.cpp', 7), '#include <cstdio>\n#include <cstring>\n#include <algorithm>\nusing namespace std;\n\nchar x[1000005];\nint a = 0, b = 0, c = 0, d = 0, maxi = 0;\n\nint main() {\n    fill(x, x + 1000005, \'A\');\n    scanf("%s", x);\n    int leng = strlen(x);\n\n    while (a < leng) {\n        if (x[a] == \'J\') {\n            b++;\n            while (x[++a] == \'J\') {\n                b++;\n            }\n\n            while (x[a] == \'O\') {\n                c++;\n                a++;\n            }\n\n            while (x[a] == \'I\') {\n                d++;\n                a++;\n            }\n\n            if (b >= c && c <= d) {\n                maxi = max(maxi, c);\n            }\n            b = 0; c = 0; d = 0;\n        } else {\n            a++;\n        }\n    }\n\n    printf("%d\\n", maxi);\n    return 0;\n}')"
2025-01-26 15:46:56,356	[INFO]	Step: 26
2025-01-26 15:46:56,356	[INFO]	Stop Steps: 50
2025-01-26 15:46:56,683	[DEBUG]	EXEC>  SUCCESS 961373.1875
2025-01-26 15:46:56,684	[INFO]	2-7     SUCCESS              *961373.19 (42.42%) [2 edit(s)]  
2025-01-26 15:46:56,684	[DEBUG]	patch(2-7)="LineLLMCrossover(('source.cpp', 1), '#include <cstdio>\n#include <cstring>\n#include <algorithm>\nusing namespace std;\n\nchar x[1000005];\nint a = 0, b = 0, c = 0, d = 0, maxi = 0;\n\nint main() {\n    scanf("%s", x);\n    int leng = strlen(x);\n\n    while (a < leng) {\n        if (x[a] == \'J\') {\n            b++;\n            while (x[++a] == \'J\') {\n                b++;\n            }\n            while (x[a] == \'O\') {\n                c++;\n                a++;\n            }\n            while (x[a] == \'I\') {\n                d++;\n                a++;\n            }\n            if (b >= c && c <= d) {\n                maxi = max(maxi, c);\n            }\n            b = 0; c = 0; d = 0;\n        } else {\n            a++;\n        }\n    }\n\n    printf("%d\\n", maxi);\n    return 0;\n}') | LineLLMMutation(('source.cpp', 14), '#include <cstdio>\n#include <cstring>\n#include <algorithm>\nusing namespace std;\n\nchar x[1000005];\nint a = 0, b = 0, c = 0, d = 0, maxi = 0;\n\nint main() {\n    scanf("%s", x);\n    int leng = strlen(x);\n\n    while (a < leng) {\n        if (x[a] == \'J\') {\n            b++;\n            // Count consecutive \'J\'s\n            while (++a < leng && x[a] == \'J\') {\n                b++;\n            }\n            // Count consecutive \'O\'s and update c\n            while (a < leng && x[a] == \'O\') {\n                c++;\n                a++;\n            }\n            // Count consecutive \'I\'s and update d\n            while (a < leng && x[a] == \'I\') {\n                d++;\n                a++;\n            }\n            // Update maxi if conditions are met\n            if (b >= c && c <= d) {\n                maxi = max(maxi, c);\n            }\n            // Reset counts for the next segment\n            b = 0; c = 0; d = 0;\n        } else {\n            a++;\n        }\n    }\n\n    printf("%d\\n", maxi);\n    return 0;\n}')"

2025-01-26 15:46:56,684	[INFO]	Step: 27
2025-01-26 15:46:56,684	[INFO]	Stop Steps: 50
2025-01-26 15:46:56,857	[INFO]	2-8     TEST_CODE_ERROR       None (--) [3 edit(s)]  
2025-01-26 15:46:56,857	[DEBUG]	patch(2-8)="LineLLMMutation(('source.cpp', 0), '#include <cstdio>\n#include <cstring>\n#include <algorithm>\nusing namespace std;\n\nchar x[1000005];\n\nint a = 0, b = 0, c = 0, d = 0, maxi = 0;\n\nint main() {\n    fill(x, x + 1000005, \'A\');\n    scanf("%s", x);\n    int leng = strlen(x);\n\n    while (a < leng) {\n        if (x[a] == \'J\') {\n            b++;\n            a++;\n            while (x[a] == \'J\') {\n                b++;\n                a++;\n            }\n            while (x[a] == \'O\') {\n                c++;\n                a++;\n            }\n            while (x[a] == \'I\') {\n                d++;\n                a++;\n            }\n            if (b >= c && c <= d) {\n                maxi = max(maxi, c);\n            }\n            b = 0; c = 0; d = 0;\n        } else {\n            a++;\n        }\n    }\n\n    printf("%d\\n", maxi);\n    scanf("%d", &a);\n    return 0;\n}') | LineLLMMutation(('source.cpp', 10), '#include <cstdio>\n#include <cstring>\n#include <algorithm>\nusing namespace std;\n\nchar x[1000005];\n\nint main() {\n    scanf("%s", x);\n    int a = 0, b = 0, c = 0, d = 0, maxi = 0;\n    int leng = strlen(x);\n\n    while (a < leng) {\n        if (x[a] == \'J\') {\n            do {\n                b++;\n                a++;\n            } while (a < leng && x[a] == \'J\');\n\n            while (a < leng && x[a] == \'O\') {\n                c++;\n                a++;\n            }\n\n            while (a < leng && x[a] == \'I\') {\n                d++;\n                a++;\n            }\n\n            if (b >= c && c <= d) {\n                maxi = max(maxi, c);\n            }\n            b = 0; c = 0; d = 0;\n        } else {\n            a++;\n        }\n    }\n\n    printf("%d\\n", maxi);\n    return 0;\n}') | LineLLMMutation(('source.cpp', 15), '#include <cstdio>\n#include <cstring>\n#include <algorithm>\nusing namespace std;\n\nchar x[1000005];\n\nint main() {\n    scanf("%s", x);\n    int a = 0, b = 0, c = 0, d = 0, maxi = 0;\n    int leng = strlen(x);\n\n    while (a < leng) {\n        if (x[a] == \'J\') {\n            while (a < leng && x[a] == \'J\') {\n                b++;\n                a++;\n            }\n        } else if (x[a] == \'O\') {\n            while (a < leng && x[a] == \'O\') {\n                c++;\n                a++;\n            }\n        } else if (x[a] == \'I\') {\n            while (a < leng && x[a] == \'I\') {\n                d++;\n                a++;\n            }\n        }\n\n        if (b >= c && c <= d) {\n            maxi = max(maxi, c);\n        }\n        \n        // Reset counters after processing a complete segment\n        if (x[a] != \'J\' && x[a] != \'O\' && x[a] != \'I\') {\n            b = c = d = 0;\n        }\n    }\n\n    printf("%d\\n", maxi);\n    return 0;\n}')"
2025-01-26 15:46:56,857	[INFO]	Step: 28
2025-01-26 15:46:56,857	[INFO]	Stop Steps: 50
2025-01-26 15:46:57,179	[DEBUG]	EXEC>  SUCCESS 963710.0
2025-01-26 15:46:57,179	[INFO]	2-9     SUCCESS               963710.00 (42.52%) [2 edit(s)]  
2025-01-26 15:46:57,179	[DEBUG]	patch(2-9)="LineLLMCrossover(('source.cpp', 0), '#include <cstdio>\n#include <cstring>\n#include <algorithm>\nusing namespace std;\n\nchar x[1000005];\nint a = 0, b = 0, c = 0, d = 0, maxi = 0;\n\nint main() {\n    scanf("%s", x);\n    int leng = strlen(x);\n\n    while (a < leng) {\n        if (x[a] == \'J\') {\n            b++;\n            while (x[++a] == \'J\') {\n                b++;\n            }\n            while (x[a] == \'O\') {\n                c++;\n                a++;\n            }\n            while (x[a] == \'I\') {\n                d++;\n                a++;\n            }\n            if (b >= c && c <= d) {\n                maxi = max(maxi, c);\n            }\n            b = 0; c = 0; d = 0;\n        } else {\n            a++;\n        }\n    }\n\n    printf("%d\\n", maxi);\n    return 0;\n}') | LineLLMMutation(('source.cpp', 16), '#include <cstdio>\n#include <cstring>\n#include <algorithm>\nusing namespace std;\n\nchar x[1000005];\nint main() {\n    scanf("%s", x);\n    int leng = strlen(x);\n    int b = 0, c = 0, d = 0, maxi = 0;\n    \n    for (int a = 0; a < leng; a++) {\n        if (x[a] == \'J\') {\n            b++;\n            while (x[a + 1] == \'J\') {\n                b++;\n                a++;\n            }\n            a++; // Move to the next character after the last \'J\'\n            while (a < leng && x[a] == \'O\') {\n                c++;\n                a++;\n            }\n            while (a < leng && x[a] == \'I\') {\n                d++;\n                a++;\n            }\n            if (b >= c && c <= d) {\n                maxi = max(maxi, c);\n            }\n            b = c = d = 0; // Reset counts for the next sequence\n        }\n    }\n\n    printf("%d\\n", maxi);\n    return 0;\n}')"
2025-01-26 15:46:57,179	[INFO]	Step: 29
2025-01-26 15:46:57,179	[INFO]	Stop Steps: 50
2025-01-26 15:46:57,506	[DEBUG]	EXEC>  SUCCESS 976652.375
2025-01-26 15:46:57,507	[INFO]	2-10    SUCCESS               976652.38 (43.10%) [2 edit(s)]  
2025-01-26 15:46:57,507	[DEBUG]	patch(2-10)="LineLLMCrossover(('source.cpp', 2), '#include <cstdio>\n#include <cstring>\n#include <algorithm>\nusing namespace std;\n\nchar x[1000005];\nint a = 0, b = 0, c = 0, d = 0, maxi = 0;\n\nint main() {\n    fill(x, x + 1000005, \'A\');\n    scanf("%s", x);\n    int leng = strlen(x);\n\n    while (a < leng) {\n        if (x[a] == \'J\') {\n            b++;\n            while (x[++a] == \'J\') {\n                b++;\n            }\n            while (x[a] == \'O\') {\n                c++;\n                a++;\n            }\n            while (x[a] == \'I\') {\n                d++;\n                a++;\n            }\n            if (b >= c && c <= d) {\n                maxi = max(maxi, c);\n            }\n            b = 0; c = 0; d = 0;\n        } else {\n            a++;\n        }\n    }\n\n    printf("%d\\n", maxi);\n    return 0;\n}') | LineLLMMutation(('source.cpp', 17), '#include <cstdio>\n#include <cstring>\n#include <algorithm>\nusing namespace std;\n\nchar x[1000005];\nint a = 0, b = 0, c = 0, d = 0, maxi = 0;\n\nint main() {\n    // Using scanf directly to minimize memory allocation\n    scanf("%s", x);\n    int leng = strlen(x);\n\n    while (a < leng) {\n        if (x[a] == \'J\') {\n            b++;\n            while (x[++a] == \'J\') {\n                b++;\n            }\n            while (x[a] == \'O\') {\n                c++;\n                a++;\n            }\n            while (x[a] == \'I\') {\n                d++;\n                a++;\n            }\n            if (b >= c && c <= d) {\n                maxi = max(maxi, c);\n            }\n            b = 0; c = 0; d = 0;\n        } else {\n            a++;\n        }\n    }\n\n    printf("%d\\n", maxi);\n    return 0;\n}')"
2025-01-26 15:46:57,507	[INFO]	Step: 30
2025-01-26 15:46:57,507	[INFO]	Stop Steps: 50
2025-01-26 15:46:57,919	[DEBUG]	EXEC>  SUCCESS 2195278.3125
2025-01-26 15:46:57,919	[INFO]	2-1     SUCCESS               2195278.31 (96.87%) [1 edit(s)]  
2025-01-26 15:46:57,919	[DEBUG]	patch(2-1)="LineLLMMutation(('source.cpp', 18), '#include <cstdio>\n#include <cstring>\n#include <string>\n#include <algorithm>\n\nusing namespace std;\n\nchar x[1000005];\n\nint a = 0, b = 0, c = 0, d = 0, e, f, i, j, k, maxi = 0;\n\nint main() {\n    fill(x, x + 1000005, \'A\');\n    scanf("%s", x);\n    int leng = strlen(x);\n    while (1) {\n        if (a == leng) { break; }\n        if (x[a] != \'J\') {\n            a++;\n        } else {\n            while (1) {\n                if (x[a] == \'J\') {\n                    b++;\n                    a++;\n                } else {\n                    break;\n                }\n            }\n            while (1) {\n                if (x[a] == \'O\') {\n                    c++;\n                    a++;\n                } else {\n                    break;\n                }\n            }\n            while (1) {\n                if (x[a] == \'I\') {\n                    d++;\n                    a++;\n                } else {\n                    break;\n                }\n            }\n            if (b >= c && c <= d) {\n                maxi = max(maxi, c);\n            }\n            b = 0;\n            c = 0;\n            d = 0;\n        }\n    }\n    printf("%d\\n", maxi);\n    scanf("%d", &a);\n    return 0;\n}')"
2025-01-26 15:46:57,920	[INFO]	Step: 31
2025-01-26 15:46:57,920	[INFO]	Stop Steps: 50
2025-01-26 15:46:59,471	[DEBUG]	EXEC>  SUCCESS 2865327.625
2025-01-26 15:46:59,472	[INFO]	REF     SUCCESS               2865327.62 (--) [0 edit(s)]  
2025-01-26 15:46:59,472	[INFO]	Best patch: 1_14
2025-01-26 15:46:59,822	[DEBUG]	EXEC>  SUCCESS 974833.5625
2025-01-26 15:46:59,822	[INFO]	BEST    SUCCESS              *974833.56 (34.02%) [0 edit(s)]  
2025-01-26 15:46:59,822	[INFO]	Best patch step: 26
2025-01-26 15:49:11,466	[INFO]	Step: 31
2025-01-26 15:49:11,466	[INFO]	Stop Steps: 50
2025-01-26 15:49:11,920	[DEBUG]	EXEC>  SUCCESS 964147.0
2025-01-26 15:49:11,920	[INFO]	3-2     SUCCESS              *964147.00 (33.65%) [2 edit(s)]  
2025-01-26 15:49:11,920	[DEBUG]	patch(3-2)="LineLLMCrossover(('source.cpp', 1), '#include <cstdio>\n#include <cstring>\n#include <algorithm>\nusing namespace std;\n\nchar x[1000005];\nint a = 0, b = 0, c = 0, d = 0, maxi = 0;\n\nint main() {\n    scanf("%s", x);\n    int leng = strlen(x);\n\n    while (a < leng) {\n        if (x[a] == \'J\') {\n            b++;\n            while (x[++a] == \'J\') {\n                b++;\n            }\n            while (x[a] == \'O\') {\n                c++;\n                a++;\n            }\n            while (x[a] == \'I\') {\n                d++;\n                a++;\n            }\n            if (b >= c && c <= d) {\n                maxi = max(maxi, c);\n            }\n            b = 0; c = 0; d = 0;\n        } else {\n            a++;\n        }\n    }\n\n    printf("%d\\n", maxi);\n    return 0;\n}') | LineLLMMutation(('source.cpp', 14), '#include <cstdio>\n#include <cstring>\n#include <algorithm>\nusing namespace std;\n\nchar x[1000005];\nint a = 0, b = 0, c = 0, d = 0, maxi = 0;\n\nint main() {\n    scanf("%s", x);\n    int leng = strlen(x);\n\n    while (a < leng) {\n        if (x[a] == \'J\') {\n            b++;\n            // Count consecutive \'J\'s\n            while (++a < leng && x[a] == \'J\') {\n                b++;\n            }\n            // Count consecutive \'O\'s and update c\n            while (a < leng && x[a] == \'O\') {\n                c++;\n                a++;\n            }\n            // Count consecutive \'I\'s and update d\n            while (a < leng && x[a] == \'I\') {\n                d++;\n                a++;\n            }\n            // Update maxi if conditions are met\n            if (b >= c && c <= d) {\n                maxi = max(maxi, c);\n            }\n            // Reset counts for the next segment\n            b = 0; c = 0; d = 0;\n        } else {\n            a++;\n        }\n    }\n\n    printf("%d\\n", maxi);\n    return 0;\n}')"

2025-01-26 15:49:11,920	[INFO]	Step: 32
2025-01-26 15:49:11,920	[INFO]	Stop Steps: 50
2025-01-26 15:49:12,246	[DEBUG]	EXEC>  SUCCESS 963661.5625
2025-01-26 15:49:12,247	[INFO]	3-3     SUCCESS              *963661.56 (33.63%) [1 edit(s)]  
2025-01-26 15:49:12,247	[DEBUG]	patch(3-3)="LineLLMCrossover(('source.cpp', 1), '#include <cstdio>\n#include <cstring>\n#include <algorithm>\nusing namespace std;\n\nchar x[1000005];\nint a = 0, b = 0, c = 0, d = 0, maxi = 0;\n\nint main() {\n    scanf("%s", x);\n    int leng = strlen(x);\n\n    while (a < leng) {\n        if (x[a] == \'J\') {\n            b++;\n            while (x[++a] == \'J\') {\n                b++;\n            }\n            while (x[a] == \'O\') {\n                c++;\n                a++;\n            }\n            while (x[a] == \'I\') {\n                d++;\n                a++;\n            }\n            if (b >= c && c <= d) {\n                maxi = max(maxi, c);\n            }\n            b = 0; c = 0; d = 0;\n        } else {\n            a++;\n        }\n    }\n\n    printf("%d\\n", maxi);\n    return 0;\n}')"

2025-01-26 15:49:12,247	[INFO]	Step: 33
2025-01-26 15:49:12,247	[INFO]	Stop Steps: 50
2025-01-26 15:49:12,575	[DEBUG]	EXEC>  SUCCESS 971763.0625
2025-01-26 15:49:12,575	[INFO]	3-4     SUCCESS               971763.06 (33.91%) [1 edit(s)]  
2025-01-26 15:49:12,575	[DEBUG]	patch(3-4)="LineLLMCrossover(('source.cpp', 8), '#include <cstdio>\n#include <cstring>\n#include <algorithm>\nusing namespace std;\n\nchar x[1000005];\nint main() {\n    scanf("%s", x);\n    int leng = strlen(x);\n    int a = 0, b = 0, c = 0, d = 0, maxi = 0;\n\n    while (a < leng) {\n        if (x[a] == \'J\') {\n            b++;\n            while (x[++a] == \'J\') {\n                b++;\n            }\n            while (a < leng && x[a] == \'O\') {\n                c++;\n                a++;\n            }\n            while (a < leng && x[a] == \'I\') {\n                d++;\n                a++;\n            }\n            if (b >= c && c <= d) {\n                maxi = max(maxi, c);\n            }\n            b = 0; c = 0; d = 0;\n        } else {\n            a++;\n        }\n    }\n\n    printf("%d\\n", maxi);\n    return 0;\n}')"
2025-01-26 15:49:12,575	[INFO]	Step: 34
2025-01-26 15:49:12,575	[INFO]	Stop Steps: 50
2025-01-26 15:49:12,913	[DEBUG]	EXEC>  SUCCESS 979458.75
2025-01-26 15:49:12,913	[INFO]	3-5     SUCCESS               979458.75 (34.18%) [1 edit(s)]  
2025-01-26 15:49:12,913	[DEBUG]	patch(3-5)="LineLLMCrossover(('source.cpp', 9), '#include <cstdio>\n#include <cstring>\n#include <algorithm>\nusing namespace std;\n\nchar x[1000005];\nint main() {\n    scanf("%s", x);\n    int leng = strlen(x);\n    int a = 0, b = 0, c = 0, d = 0, maxi = 0;\n\n    while (a < leng) {\n        if (x[a] == \'J\') {\n            do {\n                b++;\n                a++;\n            } while (a < leng && x[a] == \'J\');\n\n            while (a < leng && x[a] == \'O\') {\n                c++;\n                a++;\n            }\n\n            while (a < leng && x[a] == \'I\') {\n                d++;\n                a++;\n            }\n\n            if (b >= c && c <= d) {\n                maxi = max(maxi, c);\n            }\n            b = 0; c = 0; d = 0;\n        } else {\n            a++;\n        }\n    }\n\n    printf("%d\\n", maxi);\n    return 0;\n}')"
2025-01-26 15:49:12,913	[INFO]	Step: 35
2025-01-26 15:49:12,913	[INFO]	Stop Steps: 50
2025-01-26 15:49:13,240	[DEBUG]	EXEC>  SUCCESS 972290.75
2025-01-26 15:49:13,241	[INFO]	3-6     SUCCESS               972290.75 (33.93%) [1 edit(s)]  
2025-01-26 15:49:13,241	[DEBUG]	patch(3-6)="LineLLMCrossover(('source.cpp', 10), '#include <cstdio>\n#include <cstring>\n#include <algorithm>\nusing namespace std;\n\nchar x[1000005];\nint main() {\n    scanf("%s", x);\n    int leng = strlen(x);\n    int a = 0, b = 0, c = 0, d = 0, maxi = 0;\n\n    while (a < leng) {\n        if (x[a] == \'J\') {\n            b++;\n            while (x[++a] == \'J\') {\n                b++;\n            }\n            while (a < leng && x[a] == \'O\') {\n                c++;\n                a++;\n            }\n            while (a < leng && x[a] == \'I\') {\n                d++;\n                a++;\n            }\n            if (b >= c && c <= d) {\n                maxi = max(maxi, c);\n            }\n            b = 0; c = 0; d = 0;\n        } else {\n            a++;\n        }\n    }\n\n    printf("%d\\n", maxi);\n    return 0;\n}')"
2025-01-26 15:49:13,241	[INFO]	Step: 36
2025-01-26 15:49:13,241	[INFO]	Stop Steps: 50
2025-01-26 15:49:13,569	[DEBUG]	EXEC>  SUCCESS 987871.3125
2025-01-26 15:49:13,570	[INFO]	3-7     SUCCESS               987871.31 (34.48%) [1 edit(s)]  
2025-01-26 15:49:13,570	[DEBUG]	patch(3-7)="LineLLMCrossover(('source.cpp', 11), '#include <cstdio>\n#include <cstring>\n#include <algorithm>\nusing namespace std;\n\nchar x[1000005];\nint main() {\n    scanf("%s", x);\n    int leng = strlen(x);\n    int a = 0, b = 0, c = 0, d = 0, maxi = 0;\n\n    for (a = 0; a < leng; a++) {\n        if (x[a] == \'J\') {\n            b++;\n            while (x[a + 1] == \'J\') {\n                b++;\n                a++;\n            }\n            a++; // Move to the next character after the last \'J\'\n            while (a < leng && x[a] == \'O\') {\n                c++;\n                a++;\n            }\n            while (a < leng && x[a] == \'I\') {\n                d++;\n                a++;\n            }\n            if (b >= c && c <= d) {\n                maxi = max(maxi, c);\n            }\n            b = c = d = 0; // Reset counts for the next sequence\n        }\n    }\n\n    printf("%d\\n", maxi);\n    return 0;\n}')"
2025-01-26 15:49:13,570	[INFO]	Step: 37
2025-01-26 15:49:13,570	[INFO]	Stop Steps: 50
2025-01-26 15:49:13,911	[DEBUG]	EXEC>  SUCCESS 989728.4375
2025-01-26 15:49:13,911	[INFO]	3-8     SUCCESS               989728.44 (34.54%) [3 edit(s)]  
2025-01-26 15:49:13,911	[DEBUG]	patch(3-8)="LineLLMCrossover(('source.cpp', 1), '#include <cstdio>\n#include <cstring>\n#include <algorithm>\nusing namespace std;\n\nchar x[1000005];\nint a = 0, b = 0, c = 0, d = 0, maxi = 0;\n\nint main() {\n    scanf("%s", x);\n    int leng = strlen(x);\n\n    while (a < leng) {\n        if (x[a] == \'J\') {\n            b++;\n            while (x[++a] == \'J\') {\n                b++;\n            }\n            while (x[a] == \'O\') {\n                c++;\n                a++;\n            }\n            while (x[a] == \'I\') {\n                d++;\n                a++;\n            }\n            if (b >= c && c <= d) {\n                maxi = max(maxi, c);\n            }\n            b = 0; c = 0; d = 0;\n        } else {\n            a++;\n        }\n    }\n\n    printf("%d\\n", maxi);\n    return 0;\n}') | LineLLMMutation(('source.cpp', 14), '#include <cstdio>\n#include <cstring>\n#include <algorithm>\nusing namespace std;\n\nchar x[1000005];\nint a = 0, b = 0, c = 0, d = 0, maxi = 0;\n\nint main() {\n    scanf("%s", x);\n    int leng = strlen(x);\n\n    while (a < leng) {\n        if (x[a] == \'J\') {\n            b++;\n            // Count consecutive \'J\'s\n            while (++a < leng && x[a] == \'J\') {\n                b++;\n            }\n            // Count consecutive \'O\'s and update c\n            while (a < leng && x[a] == \'O\') {\n                c++;\n                a++;\n            }\n            // Count consecutive \'I\'s and update d\n            while (a < leng && x[a] == \'I\') {\n                d++;\n                a++;\n            }\n            // Update maxi if conditions are met\n            if (b >= c && c <= d) {\n                maxi = max(maxi, c);\n            }\n            // Reset counts for the next segment\n            b = 0; c = 0; d = 0;\n        } else {\n            a++;\n        }\n    }\n\n    printf("%d\\n", maxi);\n    return 0;\n}') | LineLLMMutation(('source.cpp', 19), '#include <cstdio>\n#include <cstring>\n#include <algorithm>\nusing namespace std;\n\nchar x[1000005];\nint a = 0, b = 0, c = 0, d = 0, maxi = 0;\n\nint main() {\n    scanf("%s", x);\n    int leng = strlen(x);\n\n    while (a < leng) {\n        if (x[a] == \'J\') {\n            // Count consecutive \'J\'s\n            while (a < leng && x[a] == \'J\') {\n                b++;\n                a++;\n            }\n            // Count consecutive \'O\'s and update c\n            while (a < leng && x[a] == \'O\') {\n                c++;\n                a++;\n            }\n            // Count consecutive \'I\'s and update d\n            while (a < leng && x[a] == \'I\') {\n                d++;\n                a++;\n            }\n            // Update maxi if conditions are met\n            if (b >= c && c <= d) {\n                maxi = max(maxi, c);\n            }\n            // Reset counts for the next segment\n            b = 0; c = 0; d = 0;\n        } else {\n            a++;\n        }\n    }\n\n    printf("%d\\n", maxi);\n    return 0;\n}')"
2025-01-26 15:49:13,911	[INFO]	Step: 38
2025-01-26 15:49:13,911	[INFO]	Stop Steps: 50
2025-01-26 15:49:14,079	[INFO]	3-9     TEST_CODE_ERROR       None (--) [2 edit(s)]  
2025-01-26 15:49:14,079	[DEBUG]	patch(3-9)="LineLLMCrossover(('source.cpp', 1), '#include <cstdio>\n#include <cstring>\n#include <algorithm>\nusing namespace std;\n\nchar x[1000005];\nint a = 0, b = 0, c = 0, d = 0, maxi = 0;\n\nint main() {\n    scanf("%s", x);\n    int leng = strlen(x);\n\n    while (a < leng) {\n        if (x[a] == \'J\') {\n            b++;\n            while (x[++a] == \'J\') {\n                b++;\n            }\n            while (x[a] == \'O\') {\n                c++;\n                a++;\n            }\n            while (x[a] == \'I\') {\n                d++;\n                a++;\n            }\n            if (b >= c && c <= d) {\n                maxi = max(maxi, c);\n            }\n            b = 0; c = 0; d = 0;\n        } else {\n            a++;\n        }\n    }\n\n    printf("%d\\n", maxi);\n    return 0;\n}') | LineLLMMutation(('source.cpp', 20), '#include <cstdio>\n#include <cstring>\n#include <algorithm>\nusing namespace std;\n\nchar x[1000005];\nint main() {\n    scanf("%s", x);\n    int leng = strlen(x);\n    int b = 0, c = 0, d = 0, maxi = 0;\n\n    for (int a = 0; a < leng; a++) {\n        if (x[a] == \'J\') {\n            b++;\n        } else if (x[a] == \'O\') {\n            c++;\n        } else if (x[a] == \'I\') {\n            d++;\n        }\n\n        if (x[a] != \'J\' || a == leng - 1) {\n            if (b >= c && c <= d) {\n                maxi = max(maxi, c);\n            }\n            b = 0; c = 0; d = 0;\n        }\n    }\n\n    printf("%d\\n", maxi);\n    return 0;\n}')"
2025-01-26 15:49:14,079	[INFO]	Step: 39
2025-01-26 15:49:14,079	[INFO]	Stop Steps: 50
2025-01-26 15:49:14,416	[DEBUG]	EXEC>  SUCCESS 976702.75
2025-01-26 15:49:14,416	[INFO]	3-10    SUCCESS               976702.75 (34.09%) [3 edit(s)]  
2025-01-26 15:49:14,416	[DEBUG]	patch(3-10)="LineLLMCrossover(('source.cpp', 0), '#include <cstdio>\n#include <cstring>\n#include <algorithm>\nusing namespace std;\n\nchar x[1000005];\nint a = 0, b = 0, c = 0, d = 0, maxi = 0;\n\nint main() {\n    scanf("%s", x);\n    int leng = strlen(x);\n\n    while (a < leng) {\n        if (x[a] == \'J\') {\n            b++;\n            while (x[++a] == \'J\') {\n                b++;\n            }\n            while (x[a] == \'O\') {\n                c++;\n                a++;\n            }\n            while (x[a] == \'I\') {\n                d++;\n                a++;\n            }\n            if (b >= c && c <= d) {\n                maxi = max(maxi, c);\n            }\n            b = 0; c = 0; d = 0;\n        } else {\n            a++;\n        }\n    }\n\n    printf("%d\\n", maxi);\n    return 0;\n}') | LineLLMMutation(('source.cpp', 16), '#include <cstdio>\n#include <cstring>\n#include <algorithm>\nusing namespace std;\n\nchar x[1000005];\nint main() {\n    scanf("%s", x);\n    int leng = strlen(x);\n    int b = 0, c = 0, d = 0, maxi = 0;\n    \n    for (int a = 0; a < leng; a++) {\n        if (x[a] == \'J\') {\n            b++;\n            while (x[a + 1] == \'J\') {\n                b++;\n                a++;\n            }\n            a++; // Move to the next character after the last \'J\'\n            while (a < leng && x[a] == \'O\') {\n                c++;\n                a++;\n            }\n            while (a < leng && x[a] == \'I\') {\n                d++;\n                a++;\n            }\n            if (b >= c && c <= d) {\n                maxi = max(maxi, c);\n            }\n            b = c = d = 0; // Reset counts for the next sequence\n        }\n    }\n\n    printf("%d\\n", maxi);\n    return 0;\n}') | LineLLMMutation(('source.cpp', 21), '#include <cstdio>\n#include <cstring>\n#include <algorithm>\nusing namespace std;\n\nchar x[1000005];\nint main() {\n    scanf("%s", x);\n    int leng = strlen(x);\n    int b = 0, c = 0, d = 0, maxi = 0;\n    \n    for (int a = 0; a < leng; ) { // Changed to avoid manual incrementing\n        if (x[a] == \'J\') {\n            b = 0; // Reset b for new sequence\n            while (a < leng && x[a] == \'J\') { // Combined conditions\n                b++;\n                a++;\n            }\n            c = 0; // Reset c for O\'s count\n            while (a < leng && x[a] == \'O\') {\n                c++;\n                a++;\n            }\n            d = 0; // Reset d for I\'s count\n            while (a < leng && x[a] == \'I\') {\n                d++;\n                a++;\n            }\n            if (b >= c && c <= d) {\n                maxi = max(maxi, c);\n            }\n        } else {\n            a++; // Move to the next character if it\'s not \'J\'\n        }\n    }\n\n    printf("%d\\n", maxi);\n    return 0;\n}')"
2025-01-26 15:49:14,416	[INFO]	Step: 40
2025-01-26 15:49:14,416	[INFO]	Stop Steps: 50
2025-01-26 15:49:14,738	[DEBUG]	EXEC>  SUCCESS 969661.0
2025-01-26 15:49:14,738	[INFO]	3-1     SUCCESS               969661.00 (33.84%) [3 edit(s)]  
2025-01-26 15:49:14,738	[DEBUG]	patch(3-1)="LineLLMMutation(('source.cpp', 0), '#include <cstdio>\n#include <cstring>\n#include <algorithm>\nusing namespace std;\n\nchar x[1000005];\n\nint a = 0, b = 0, c = 0, d = 0, maxi = 0;\n\nint main() {\n    fill(x, x + 1000005, \'A\');\n    scanf("%s", x);\n    int leng = strlen(x);\n\n    while (a < leng) {\n        if (x[a] == \'J\') {\n            b++;\n            a++;\n            while (x[a] == \'J\') {\n                b++;\n                a++;\n            }\n            while (x[a] == \'O\') {\n                c++;\n                a++;\n            }\n            while (x[a] == \'I\') {\n                d++;\n                a++;\n            }\n            if (b >= c && c <= d) {\n                maxi = max(maxi, c);\n            }\n            b = 0; c = 0; d = 0;\n        } else {\n            a++;\n        }\n    }\n\n    printf("%d\\n", maxi);\n    scanf("%d", &a);\n    return 0;\n}') | LineLLMMutation(('source.cpp', 10), '#include <cstdio>\n#include <cstring>\n#include <algorithm>\nusing namespace std;\n\nchar x[1000005];\n\nint main() {\n    scanf("%s", x);\n    int a = 0, b = 0, c = 0, d = 0, maxi = 0;\n    int leng = strlen(x);\n\n    while (a < leng) {\n        if (x[a] == \'J\') {\n            do {\n                b++;\n                a++;\n            } while (a < leng && x[a] == \'J\');\n\n            while (a < leng && x[a] == \'O\') {\n                c++;\n                a++;\n            }\n\n            while (a < leng && x[a] == \'I\') {\n                d++;\n                a++;\n            }\n\n            if (b >= c && c <= d) {\n                maxi = max(maxi, c);\n            }\n            b = 0; c = 0; d = 0;\n        } else {\n            a++;\n        }\n    }\n\n    printf("%d\\n", maxi);\n    return 0;\n}') | LineLLMMutation(('source.cpp', 22), '#include <cstdio>\n#include <cstring>\n#include <algorithm>\nusing namespace std;\n\nchar x[1000005];\n\nint main() {\n    scanf("%s", x);\n    int a = 0, b = 0, c = 0, d = 0, maxi = 0;\n    int leng = strlen(x);\n\n    while (a < leng) {\n        if (x[a] == \'J\') {\n            b = 0; c = 0; d = 0; // Reset counts only when starting a new \'J\' sequence\n            do {\n                b++;\n                a++;\n            } while (a < leng && x[a] == \'J\');\n\n            while (a < leng && x[a] == \'O\') {\n                c++;\n                a++;\n            }\n\n            while (a < leng && x[a] == \'I\') {\n                d++;\n                a++;\n            }\n\n            if (b >= c && c <= d) {\n                maxi = max(maxi, c);\n            }\n        } else {\n            a++;\n        }\n    }\n\n    printf("%d\\n", maxi);\n    return 0;\n}')"
2025-01-26 15:49:14,738	[INFO]	Step: 41
2025-01-26 15:49:14,738	[INFO]	Stop Steps: 50
2025-01-26 15:49:15,155	[DEBUG]	EXEC>  SUCCESS 2231446.375
2025-01-26 15:49:15,155	[INFO]	3-2     SUCCESS               2231446.38 (77.88%) [1 edit(s)]  
2025-01-26 15:49:15,155	[DEBUG]	patch(3-2)="LineLLMMutation(('source.cpp', 23), '#include <cstdio>\n#include <cstring>\n#include <string>\n#include <algorithm>\n\nusing namespace std;\n\nchar x[1000005];\n\nint a=0,b=0,c=0,d=0,e,f,i,j,k,maxi=0;\n\nint main(){\n    fill(x,x+1000005,\'A\');\n    scanf("%s",x);\n    int leng=strlen(x);\n    while(1){\n        if(a==leng){break;}\n        if(x[a]!=\'J\'){\n            a++;\n        }else{\n            while(1){\n                if(x[a]==\'J\'){\n                    b++;\n                    a++;\n                }else{\n                    break;\n                }\n            }\n            while(1){\n                if(x[a]==\'O\'){\n                    c++;\n                    a++;\n                }else{\n                    break;\n                }\n            }\n            while(1){\n                if(x[a]==\'I\'){\n                    d++;\n                    a++;\n                }else{\n                    break;\n                }\n            }\n            if(b>=c && c<=d){\n                maxi=max(maxi,c);\n            }\n            b=0;\n            c=0;\n            d=0;\n        }\n    }\n    printf("%d\\n",maxi);\n    scanf("%d",&a);\n    return 0;\n}')"
2025-01-26 15:49:15,155	[INFO]	Step: 42
2025-01-26 15:49:15,155	[INFO]	Stop Steps: 50
2025-01-26 15:49:16,572	[DEBUG]	EXEC>  SUCCESS 2206529.625
2025-01-26 15:49:16,572	[INFO]	REF     SUCCESS               2206529.62 (--) [0 edit(s)]  
2025-01-26 15:49:16,572	[INFO]	Best patch: 1
2025-01-26 15:49:16,894	[DEBUG]	EXEC>  SUCCESS 977033.6875
2025-01-26 15:49:16,894	[INFO]	BEST    SUCCESS              *977033.69 (44.28%) [0 edit(s)]  
2025-01-26 15:49:16,894	[INFO]	Best patch step: 32
2025-01-26 15:50:02,581	[INFO]	Step: 42
2025-01-26 15:50:02,581	[INFO]	Stop Steps: 50
2025-01-26 15:50:03,030	[DEBUG]	EXEC>  SUCCESS 964684.0625
2025-01-26 15:50:03,030	[INFO]	4-3     SUCCESS              *964684.06 (43.72%) [1 edit(s)]  
2025-01-26 15:50:03,030	[DEBUG]	patch(4-3)="LineLLMCrossover(('source.cpp', 1), '#include <cstdio>\n#include <cstring>\n#include <algorithm>\nusing namespace std;\n\nchar x[1000005];\nint a = 0, b = 0, c = 0, d = 0, maxi = 0;\n\nint main() {\n    scanf("%s", x);\n    int leng = strlen(x);\n\n    while (a < leng) {\n        if (x[a] == \'J\') {\n            b++;\n            while (x[++a] == \'J\') {\n                b++;\n            }\n            while (x[a] == \'O\') {\n                c++;\n                a++;\n            }\n            while (x[a] == \'I\') {\n                d++;\n                a++;\n            }\n            if (b >= c && c <= d) {\n                maxi = max(maxi, c);\n            }\n            b = 0; c = 0; d = 0;\n        } else {\n            a++;\n        }\n    }\n\n    printf("%d\\n", maxi);\n    return 0;\n}')"

2025-01-26 15:50:03,030	[INFO]	Step: 43
2025-01-26 15:50:03,030	[INFO]	Stop Steps: 50
2025-01-26 15:50:03,361	[DEBUG]	EXEC>  SUCCESS 991106.5625
2025-01-26 15:50:03,362	[INFO]	4-4     SUCCESS               991106.56 (44.92%) [2 edit(s)]  
2025-01-26 15:50:03,362	[DEBUG]	patch(4-4)="LineLLMCrossover(('source.cpp', 1), '#include <cstdio>\n#include <cstring>\n#include <algorithm>\nusing namespace std;\n\nchar x[1000005];\nint a = 0, b = 0, c = 0, d = 0, maxi = 0;\n\nint main() {\n    scanf("%s", x);\n    int leng = strlen(x);\n\n    while (a < leng) {\n        if (x[a] == \'J\') {\n            b++;\n            while (x[++a] == \'J\') {\n                b++;\n            }\n            while (x[a] == \'O\') {\n                c++;\n                a++;\n            }\n            while (x[a] == \'I\') {\n                d++;\n                a++;\n            }\n            if (b >= c && c <= d) {\n                maxi = max(maxi, c);\n            }\n            b = 0; c = 0; d = 0;\n        } else {\n            a++;\n        }\n    }\n\n    printf("%d\\n", maxi);\n    return 0;\n}') | LineLLMMutation(('source.cpp', 14), '#include <cstdio>\n#include <cstring>\n#include <algorithm>\nusing namespace std;\n\nchar x[1000005];\nint a = 0, b = 0, c = 0, d = 0, maxi = 0;\n\nint main() {\n    scanf("%s", x);\n    int leng = strlen(x);\n\n    while (a < leng) {\n        if (x[a] == \'J\') {\n            b++;\n            // Count consecutive \'J\'s\n            while (++a < leng && x[a] == \'J\') {\n                b++;\n            }\n            // Count consecutive \'O\'s and update c\n            while (a < leng && x[a] == \'O\') {\n                c++;\n                a++;\n            }\n            // Count consecutive \'I\'s and update d\n            while (a < leng && x[a] == \'I\') {\n                d++;\n                a++;\n            }\n            // Update maxi if conditions are met\n            if (b >= c && c <= d) {\n                maxi = max(maxi, c);\n            }\n            // Reset counts for the next segment\n            b = 0; c = 0; d = 0;\n        } else {\n            a++;\n        }\n    }\n\n    printf("%d\\n", maxi);\n    return 0;\n}')"
2025-01-26 15:50:03,362	[INFO]	Step: 44
2025-01-26 15:50:03,362	[INFO]	Stop Steps: 50
2025-01-26 15:50:03,544	[INFO]	4-5     TEST_CODE_ERROR       None (--) [1 edit(s)]  
2025-01-26 15:50:03,545	[DEBUG]	patch(4-5)="LineLLMCrossover(('source.cpp', 12), '#include <cstdio>\n#include <cstring>\n#include <algorithm>\nusing namespace std;\n\nchar x[1000005];\nint a = 0, b = 0, c = 0, d = 0, maxi = 0;\n\nint main() {\n    scanf("%s", x);\n    int leng = strlen(x);\n\n    while (a < leng) {\n        if (x[a] == \'J\') {\n            b = 0; c = 0; d = 0; // Reset counts\n            while (++a < leng && x[a - 1] == \'J\') {\n                b++;\n            }\n            while (a < leng && x[a] == \'O\') {\n                c++;\n                a++;\n            }\n            while (a < leng && x[a] == \'I\') {\n                d++;\n                a++;\n            }\n            if (b >= c && c <= d) {\n                maxi = max(maxi, c);\n            }\n        } else {\n            a++;\n        }\n    }\n\n    printf("%d\\n", maxi);\n    return 0;\n}')"
2025-01-26 15:50:03,545	[INFO]	Step: 45
2025-01-26 15:50:03,545	[INFO]	Stop Steps: 50
2025-01-26 15:50:03,873	[DEBUG]	EXEC>  SUCCESS 978842.0625
2025-01-26 15:50:03,874	[INFO]	4-6     SUCCESS               978842.06 (44.36%) [1 edit(s)]  
2025-01-26 15:50:03,874	[DEBUG]	patch(4-6)="LineLLMCrossover(('source.cpp', 13), '#include <cstdio>\n#include <cstring>\n#include <algorithm>\nusing namespace std;\n\nchar x[1000005];\n\nint main() {\n    scanf("%s", x);\n    int a = 0, b = 0, c = 0, d = 0, maxi = 0;\n    int leng = strlen(x);\n\n    while (a < leng) {\n        if (x[a] == \'J\') {\n            b = 0; c = 0; d = 0; // Reset counts\n            do {\n                b++;\n                a++;\n            } while (a < leng && x[a] == \'J\');\n\n            while (a < leng && x[a] == \'O\') {\n                c++;\n                a++;\n            }\n            while (a < leng && x[a] == \'I\') {\n                d++;\n                a++;\n            }\n            if (b >= c && c <= d) {\n                maxi = max(maxi, c);\n            }\n        } else {\n            a++;\n        }\n    }\n\n    printf("%d\\n", maxi);\n    return 0;\n}')"
2025-01-26 15:50:03,874	[INFO]	Step: 46
2025-01-26 15:50:03,874	[INFO]	Stop Steps: 50
2025-01-26 15:50:04,051	[INFO]	4-7     TEST_CODE_ERROR       None (--) [1 edit(s)]  
2025-01-26 15:50:04,052	[DEBUG]	patch(4-7)="LineLLMCrossover(('source.cpp', 14), '#include <cstdio>\n#include <cstring>\n#include <algorithm>\nusing namespace std;\n\nchar x[1000005];\nint a = 0, b = 0, c = 0, d = 0, maxi = 0;\n\nint main() {\n    scanf("%s", x);\n    int leng = strlen(x);\n\n    while (a < leng) {\n        if (x[a] == \'J\') {\n            b = 0; c = 0; d = 0; // Reset counts\n            while (++a < leng && x[a - 1] == \'J\') {\n                b++;\n            }\n            while (a < leng && x[a] == \'O\') {\n                c++;\n                a++;\n            }\n            while (a < leng && x[a] == \'I\') {\n                d++;\n                a++;\n            }\n            if (b >= c && c <= d) {\n                maxi = max(maxi, c);\n            }\n        } else {\n            a++;\n        }\n    }\n\n    printf("%d\\n", maxi);\n    return 0;\n}')"
2025-01-26 15:50:04,052	[INFO]	Step: 47
2025-01-26 15:50:04,052	[INFO]	Stop Steps: 50
2025-01-26 15:50:04,383	[DEBUG]	EXEC>  SUCCESS 964865.875
2025-01-26 15:50:04,384	[INFO]	4-8     SUCCESS               964865.88 (43.73%) [1 edit(s)]  
2025-01-26 15:50:04,384	[DEBUG]	patch(4-8)="LineLLMCrossover(('source.cpp', 15), '#include <cstdio>\n#include <cstring>\n#include <algorithm>\nusing namespace std;\n\nchar x[1000005];\n\nint main() {\n    scanf("%s", x);\n    int leng = strlen(x);\n    int a = 0, b = 0, c = 0, d = 0, maxi = 0;\n\n    while (a < leng) {\n        if (x[a] == \'J\') {\n            b = 0; c = 0; d = 0; // Reset counts\n            do {\n                b++;\n                a++;\n            } while (a < leng && x[a] == \'J\');\n\n            while (a < leng && x[a] == \'O\') {\n                c++;\n                a++;\n            }\n\n            while (a < leng && x[a] == \'I\') {\n                d++;\n                a++;\n            }\n\n            if (b >= c && c <= d) {\n                maxi = max(maxi, c);\n            }\n        } else {\n            a++;\n        }\n    }\n\n    printf("%d\\n", maxi);\n    return 0;\n}')"
2025-01-26 15:50:04,384	[INFO]	Step: 48
2025-01-26 15:50:04,384	[INFO]	Stop Steps: 50
2025-01-26 15:50:04,712	[DEBUG]	EXEC>  SUCCESS 961333.4375
2025-01-26 15:50:04,712	[INFO]	4-9     SUCCESS              *961333.44 (43.57%) [2 edit(s)]  
2025-01-26 15:50:04,712	[DEBUG]	patch(4-9)="LineLLMCrossover(('source.cpp', 1), '#include <cstdio>\n#include <cstring>\n#include <algorithm>\nusing namespace std;\n\nchar x[1000005];\nint a = 0, b = 0, c = 0, d = 0, maxi = 0;\n\nint main() {\n    scanf("%s", x);\n    int leng = strlen(x);\n\n    while (a < leng) {\n        if (x[a] == \'J\') {\n            b++;\n            while (x[++a] == \'J\') {\n                b++;\n            }\n            while (x[a] == \'O\') {\n                c++;\n                a++;\n            }\n            while (x[a] == \'I\') {\n                d++;\n                a++;\n            }\n            if (b >= c && c <= d) {\n                maxi = max(maxi, c);\n            }\n            b = 0; c = 0; d = 0;\n        } else {\n            a++;\n        }\n    }\n\n    printf("%d\\n", maxi);\n    return 0;\n}') | LineLLMMutation(('source.cpp', 24), '#include <cstdio>\n#include <cstring>\n#include <algorithm>\nusing namespace std;\n\nchar x[1000005];\nint main() {\n    scanf("%s", x);\n    int leng = strlen(x);\n    int b = 0, c = 0, d = 0, maxi = 0;\n\n    for (int a = 0; a < leng;) {\n        if (x[a] == \'J\') {\n            while (x[a] == \'J\') {\n                b++;\n                a++;\n            }\n            while (x[a] == \'O\') {\n                c++;\n                a++;\n            }\n            while (x[a] == \'I\') {\n                d++;\n                a++;\n            }\n            if (b >= c && c <= d) {\n                maxi = max(maxi, c);\n            }\n            b = c = d = 0; // Reset counts directly\n        } else {\n            a++;\n        }\n    }\n\n    printf("%d\\n", maxi);\n    return 0;\n}')"

2025-01-26 15:50:04,712	[INFO]	Step: 49
2025-01-26 15:50:04,712	[INFO]	Stop Steps: 50
2025-01-26 15:50:05,041	[DEBUG]	EXEC>  SUCCESS 965625.9375
2025-01-26 15:50:05,041	[INFO]	4-10    SUCCESS               965625.94 (43.76%) [3 edit(s)]  
2025-01-26 15:50:05,041	[DEBUG]	patch(4-10)="LineLLMCrossover(('source.cpp', 1), '#include <cstdio>\n#include <cstring>\n#include <algorithm>\nusing namespace std;\n\nchar x[1000005];\nint a = 0, b = 0, c = 0, d = 0, maxi = 0;\n\nint main() {\n    scanf("%s", x);\n    int leng = strlen(x);\n\n    while (a < leng) {\n        if (x[a] == \'J\') {\n            b++;\n            while (x[++a] == \'J\') {\n                b++;\n            }\n            while (x[a] == \'O\') {\n                c++;\n                a++;\n            }\n            while (x[a] == \'I\') {\n                d++;\n                a++;\n            }\n            if (b >= c && c <= d) {\n                maxi = max(maxi, c);\n            }\n            b = 0; c = 0; d = 0;\n        } else {\n            a++;\n        }\n    }\n\n    printf("%d\\n", maxi);\n    return 0;\n}') | LineLLMMutation(('source.cpp', 14), '#include <cstdio>\n#include <cstring>\n#include <algorithm>\nusing namespace std;\n\nchar x[1000005];\nint a = 0, b = 0, c = 0, d = 0, maxi = 0;\n\nint main() {\n    scanf("%s", x);\n    int leng = strlen(x);\n\n    while (a < leng) {\n        if (x[a] == \'J\') {\n            b++;\n            // Count consecutive \'J\'s\n            while (++a < leng && x[a] == \'J\') {\n                b++;\n            }\n            // Count consecutive \'O\'s and update c\n            while (a < leng && x[a] == \'O\') {\n                c++;\n                a++;\n            }\n            // Count consecutive \'I\'s and update d\n            while (a < leng && x[a] == \'I\') {\n                d++;\n                a++;\n            }\n            // Update maxi if conditions are met\n            if (b >= c && c <= d) {\n                maxi = max(maxi, c);\n            }\n            // Reset counts for the next segment\n            b = 0; c = 0; d = 0;\n        } else {\n            a++;\n        }\n    }\n\n    printf("%d\\n", maxi);\n    return 0;\n}') | LineLLMMutation(('source.cpp', 25), '#include <cstdio>\n#include <cstring>\n#include <algorithm>\nusing namespace std;\n\nchar x[1000005];\nint a = 0, b = 0, c = 0, d = 0, maxi = 0;\n\nint main() {\n    scanf("%s", x);\n    int leng = strlen(x);\n\n    while (a < leng) {\n        if (x[a] == \'J\') {\n            b = 0; c = 0; d = 0; // Reset counts\n            // Count consecutive \'J\'s\n            while (a < leng && x[a] == \'J\') {\n                b++;\n                a++;\n            }\n            // Count consecutive \'O\'s\n            while (a < leng && x[a] == \'O\') {\n                c++;\n                a++;\n            }\n            // Count consecutive \'I\'s\n            while (a < leng && x[a] == \'I\') {\n                d++;\n                a++;\n            }\n            // Update maxi if conditions are met\n            if (b >= c && c <= d) {\n                maxi = max(maxi, c);\n            }\n        } else {\n            a++;\n        }\n    }\n\n    printf("%d\\n", maxi);\n    return 0;\n}')"
2025-01-26 15:50:05,041	[INFO]	Step: 50
2025-01-26 15:50:05,041	[INFO]	Stop Steps: 50
2025-01-26 15:50:05,042	[INFO]	(Abstract Algorithm) Stopping Condition: step budget
2025-01-26 15:50:05,042	[INFO]	Step: 50
2025-01-26 15:50:05,042	[INFO]	Stop Steps: 50
2025-01-26 15:50:06,079	[INFO]	~~~~ END ~~~~
2025-01-26 15:50:06,079	[INFO]	Best patch step: 48
2025-01-26 15:50:06,080	[INFO]	
2025-01-26 15:50:06,080	[INFO]	==== REPORT ====
2025-01-26 15:50:06,080	[INFO]	Termination: step budget
2025-01-26 15:50:06,080	[INFO]	Log file: /home/ubuntu/eoc/magpie2/_magpie_logs/0186_1737906261.log
2025-01-26 15:50:06,080	[INFO]	Patch file: _magpie_logs/0186_1737906261.patch
2025-01-26 15:50:06,080	[INFO]	Diff file: _magpie_logs/0186_1737906261.diff
2025-01-26 15:50:06,080	[INFO]	Reference fitness: 2206529.62
2025-01-26 15:50:06,080	[INFO]	Best fitness: 961333.44
2025-01-26 15:50:06,080	[INFO]	
2025-01-26 15:50:06,080	[INFO]	==== BEST PATCH ====
LineLLMCrossover(('source.cpp', 1), '#include <cstdio>\n#include <cstring>\n#include <algorithm>\nusing namespace std;\n\nchar x[1000005];\nint a = 0, b = 0, c = 0, d = 0, maxi = 0;\n\nint main() {\n    scanf("%s", x);\n    int leng = strlen(x);\n\n    while (a < leng) {\n        if (x[a] == \'J\') {\n            b++;\n            while (x[++a] == \'J\') {\n                b++;\n            }\n            while (x[a] == \'O\') {\n                c++;\n                a++;\n            }\n            while (x[a] == \'I\') {\n                d++;\n                a++;\n            }\n            if (b >= c && c <= d) {\n                maxi = max(maxi, c);\n            }\n            b = 0; c = 0; d = 0;\n        } else {\n            a++;\n        }\n    }\n\n    printf("%d\\n", maxi);\n    return 0;\n}') + LineLLMMutation(('source.cpp', 24), '#include <cstdio>\n#include <cstring>\n#include <algorithm>\nusing namespace std;\n\nchar x[1000005];\nint main() {\n    scanf("%s", x);\n    int leng = strlen(x);\n    int b = 0, c = 0, d = 0, maxi = 0;\n\n    for (int a = 0; a < leng;) {\n        if (x[a] == \'J\') {\n            while (x[a] == \'J\') {\n                b++;\n                a++;\n            }\n            while (x[a] == \'O\') {\n                c++;\n                a++;\n            }\n            while (x[a] == \'I\') {\n                d++;\n                a++;\n            }\n            if (b >= c && c <= d) {\n                maxi = max(maxi, c);\n            }\n            b = c = d = 0; // Reset counts directly\n        } else {\n            a++;\n        }\n    }\n\n    printf("%d\\n", maxi);\n    return 0;\n}')
2025-01-26 15:50:06,080	[INFO]	
2025-01-26 15:50:06,081	[INFO]	==== DIFF ====

