2025-01-26 15:56:23,531	[DEBUG]	==== CONFIG ====
[magpie]
import = 
seed = 8520924133731235
log_dir = _magpie_logs
work_dir = _magpie_work
local_original_copy = True
local_original_name = __original__
output_encoding = ascii
edit_retries = 10
default_timeout = 30
default_lengthout = 10000.0
diff_method = unified
trust_local_filesystem = True

[magpie.log]
color_output = True
format_info = {counter:<7} {status:<20} {best}{fitness} ({ratio}) [{size}] {cached} {log}
format_debug = patch({counter})="{patch}"{diffifbest}
format_fitness = {:.2f}
format_ratio = {:.2%%}
format_patchif = 
	 --> {patch}
format_diffif = 
	{diff}

[software]
path = dataset/magpie_dataset/train/0188
target_files = 
	source.cpp
software = BasicSoftware
model_rules = 
	*.params : ParamFileConfigModel
	*.xml : SrcmlModel
	* : LineModel
model_config = 
	*.params : [paramconfig]
	*.xml : [srcml]
init_cmd = 
init_timeout = 60
init_lengthout = -1
setup_cmd = bash setup.sh
setup_timeout = 
setup_lengthout = 
compile_cmd = bash compile.sh
compile_timeout = 
compile_lengthout = 
test_cmd = bash test.sh
test_timeout = 
test_lengthout = 
run_cmd = bash run.sh
run_timeout = 3
run_lengthout = 
batch_timeout = 
batch_lengthout = 
batch_bin_fitness_strategy = aggregate
batch_fitness_strategy = sum
fitness = time

[srcml]
rename = 
	stmt: break continue decl_stmt do expr_stmt for goto if return switch while
	number: literal_number
focus = block stmt operator_comp operator_arith number
internodes = block
process_pseudo_blocks = True
process_literals = True
process_operators = True

[paramconfig]
timing = test run
cli_prefix = --
cli_glue = =
cli_boolean = show
cli_boolean_prefix_true = 
cli_boolean_prefix_false = no-
cli_none = hide
silent_prefix = @
silent_suffix = $

[search]
protocol = BasicProtocol
algorithm = GeneticProgrammingLLM
possible_edits = 
	LineLLMMutation
	LineLLMCrossover
	LineDeletion
	LineInsertion
	LineReplacement
llm_prob = 1.0
warmup = 5
warmup_strategy = last
max_steps = 50
max_time = 20000
target_fitness = 
cache_maxsize = 100
cache_keep = 0.2
batch_instances = 
batch_shuffle = True
batch_bin_shuffle = False
batch_sample_size = 1

[search.ls]
delete_prob = 0.5
max_neighbours = 
when_trapped = continue
accept_fail = False
tabu_length = 10

[search.gp]
pop_size = 10
delete_prob = 0.0
offspring_elitism = 0.2
offspring_crossover = 0.4
offspring_mutation = 0.4
uniform_rate = 0.5
batch_reset = True
llm_type = baseline

[search.minify]
do_cleanup = True
do_rebuild = True
do_simplify = True
round_robin_limit = 3


2025-01-26 15:56:23,531	[DEBUG]	
2025-01-26 15:56:23,531	[INFO]	==== SEARCH: GeneticProgrammingLLM ====
2025-01-26 15:56:23,531	[INFO]	~~~~ WARMUP ~~~~
2025-01-26 15:56:24,523	[DEBUG]	EXEC>  SUCCESS 2407776.9375
2025-01-26 15:56:24,524	[INFO]	WARM    SUCCESS               2407776.94 (--) [0 edit(s)]  
2025-01-26 15:56:25,062	[DEBUG]	EXEC>  SUCCESS 2471409.8125
2025-01-26 15:56:25,062	[INFO]	WARM    SUCCESS               2471409.81 (--) [0 edit(s)]  
2025-01-26 15:56:25,606	[DEBUG]	EXEC>  SUCCESS 2474774.25
2025-01-26 15:56:25,606	[INFO]	WARM    SUCCESS               2474774.25 (--) [0 edit(s)]  
2025-01-26 15:56:26,140	[DEBUG]	EXEC>  SUCCESS 2407831.875
2025-01-26 15:56:26,141	[INFO]	WARM    SUCCESS               2407831.88 (--) [0 edit(s)]  
2025-01-26 15:56:26,682	[DEBUG]	EXEC>  SUCCESS 2448613.875
2025-01-26 15:56:26,683	[INFO]	WARM    SUCCESS               2448613.88 (--) [0 edit(s)]  
2025-01-26 15:56:26,683	[INFO]	REF     SUCCESS               2448613.88 (--) [0 edit(s)]  
2025-01-26 15:56:26,683	[INFO]	
2025-01-26 15:56:26,683	[INFO]	~~~~ START ~~~~
2025-01-26 15:57:17,584	[INFO]	0-1     COMPILE_CODE_ERROR    None (--) [1 edit(s)]  
2025-01-26 15:57:17,585	[DEBUG]	patch(0-1)="LineLLMMutation(('source.cpp', 0), '#include <cstdio>\n#include <vector>\n#include <iostream>\n#include <algorithm>\n\nusing namespace std;\n\nconst int MAX_SIZE = 200005;\n\nint main() {\n    char S[MAX_SIZE];\n    cin >> S;\n\n    vector<char> v1;\n    vector<int> v2; \n    int c = 1;\n\n    for (int i = 1; S[i] != \'\\0\'; i++) {\n        if (S[i - 1] != S[i]) {\n            v1.push_back(S[i - 1]);\n            v2.push_back(c);\n            c = 0;\n        }\n        c++;\n    }\n\n    v1.push_back(S[strlen(S) - 1]);\n    v2.push_back(c);\n\n    int ret = 0;\n\n    for (int i = 1; i < v1.size() - 1; i++) {\n        if (v1[i - 1] == \'J\' && v1[i] == \'O\' && v1[i + 1] == \'I\' && v2[i - 1] >= v2[i] && v2[i] <= v2[i + 1]) {\n            ret = max(ret, v2[i]);\n        }\n    }\n\n    printf("%d\\n", ret);\n    return 0;\n}')"
2025-01-26 15:57:18,832	[INFO]	0-2     COMPILE_CODE_ERROR    None (--) [1 edit(s)]  
2025-01-26 15:57:18,832	[DEBUG]	patch(0-2)="LineLLMMutation(('source.cpp', 1), '#include <cstdio>\n#include <vector>\n#include <iostream>\n#include <algorithm>\n\nusing namespace std;\n\nint main() {\n    char S[200005];\n    scanf("%s", S);\n\n    vector<char> v1;\n    vector<int> v2; \n    int c = 1;\n\n    for (int i = 1; S[i] != \'\\0\'; i++) {\n        if (S[i - 1] != S[i]) {\n            v1.push_back(S[i - 1]);\n            v2.push_back(c);\n            c = 0;\n        }\n        c++;\n    }\n\n    v1.push_back(S[strlen(S) - 1]);\n    v2.push_back(c);\n\n    int ret = 0;\n\n    for (int i = 1; i < v1.size() - 1; i++) {\n        if (v1[i - 1] == \'J\' && v1[i] == \'O\' && v1[i + 1] == \'I\' && v2[i - 1] >= v2[i] && v2[i] <= v2[i + 1]) {\n            ret = max(ret, v2[i]);\n        }\n    }\n\n    printf("%d\\n", ret);\n    return 0;\n}')"
2025-01-26 15:57:20,082	[INFO]	0-3     COMPILE_CODE_ERROR    None (--) [1 edit(s)]  
2025-01-26 15:57:20,082	[DEBUG]	patch(0-3)="LineLLMMutation(('source.cpp', 2), '#include <cstdio>\n#include <vector>\n#include <iostream>\n#include <algorithm>\n\nusing namespace std;\n\nint main() {\n    char S[200005];\n    scanf("%s", S);\n\n    vector<char> v1;\n    vector<int> v2; \n\n    int c = 1;\n    int length = strlen(S);\n\n    for (int i = 1; i < length; i++) {\n        if (S[i - 1] != S[i]) {\n            v1.push_back(S[i - 1]);\n            v2.push_back(c);\n            c = 1; // Reset count to 1 for the new character\n        } else {\n            c++; // Increment count for the same character\n        }\n    }\n\n    v1.push_back(S[length - 1]);\n    v2.push_back(c);\n\n    int ret = 0;\n\n    for (int i = 1; i < v1.size() - 1; i++) {\n        if (v1[i - 1] == \'J\' && v1[i] == \'O\' && v1[i + 1] == \'I\' && v2[i - 1] >= v2[i] && v2[i] <= v2[i + 1]) {\n            ret = max(ret, v2[i]);\n        }\n    }\n\n    printf("%d\\n", ret);\n    return 0;\n}')"
2025-01-26 15:57:21,401	[INFO]	0-4     COMPILE_CODE_ERROR    None (--) [1 edit(s)]  
2025-01-26 15:57:21,401	[DEBUG]	patch(0-4)="LineLLMMutation(('source.cpp', 3), '#include <cstdio>\n#include <vector>\n#include <iostream>\n#include <algorithm>\n\nusing namespace std;\n\nint main() {\n    char S[200005];\n    scanf("%s", S);\n\n    vector<char> v1;\n    vector<int> v2;\n\n    int c = 1;\n    int length = strlen(S);\n\n    for (int i = 1; i <= length; i++) {\n        if (S[i] != S[i - 1] || i == length) {\n            v1.push_back(S[i - 1]);\n            v2.push_back(c);\n            c = 1; // Reset count for the new character\n        } else {\n            c++; // Increment count for the same character\n        }\n    }\n\n    int ret = 0;\n\n    for (int i = 1; i < v1.size() - 1; i++) {\n        if (v1[i - 1] == \'J\' && v1[i] == \'O\' && v1[i + 1] == \'I\' && v2[i - 1] >= v2[i] && v2[i] <= v2[i + 1]) {\n            ret = max(ret, v2[i]);\n        }\n    }\n\n    printf("%d\\n", ret);\n    return 0;\n}')"
2025-01-26 15:57:22,649	[INFO]	0-5     COMPILE_CODE_ERROR    None (--) [1 edit(s)]  
2025-01-26 15:57:22,649	[DEBUG]	patch(0-5)="LineLLMMutation(('source.cpp', 4), '#include <cstdio>\n#include <vector>\n#include <iostream>\n#include <algorithm>\n\nusing namespace std;\n\nint main() {\n    char S[200005];\n    scanf("%s", S);\n\n    vector<char> v1;\n    vector<int> v2;\n\n    int c = 1;\n    char lastChar = S[0];\n    int length = strlen(S);\n\n    for (int i = 1; i < length; i++) {\n        if (S[i] != lastChar) {\n            v1.push_back(lastChar);\n            v2.push_back(c);\n            lastChar = S[i];\n            c = 1; // Reset count\n        } else {\n            c++; // Increment count\n        }\n    }\n    \n    // Add the last character\n    v1.push_back(lastChar);\n    v2.push_back(c);\n\n    int ret = 0;\n\n    for (int i = 1; i < v1.size() - 1; i++) {\n        if (v1[i - 1] == \'J\' && v1[i] == \'O\' && v1[i + 1] == \'I\' && v2[i - 1] >= v2[i] && v2[i] <= v2[i + 1]) {\n            ret = max(ret, v2[i]);\n        }\n    }\n\n    printf("%d\\n", ret);\n    return 0;\n}')"
2025-01-26 15:57:23,873	[INFO]	0-6     COMPILE_CODE_ERROR    None (--) [1 edit(s)]  
2025-01-26 15:57:23,873	[DEBUG]	patch(0-6)="LineLLMMutation(('source.cpp', 5), '#include <cstdio>\n#include <iostream>\n#include <algorithm>\n\nusing namespace std;\n\nconst int MAX_SIZE = 200005;\n\nint main() {\n    char S[MAX_SIZE];\n    scanf("%s", S);\n\n    char v1[MAX_SIZE];\n    int v2[MAX_SIZE]; \n    int count[200005]; // For counts\n    int v1Size = 0;\n\n    int c = 1;\n    char lastChar = S[0];\n    int length = strlen(S);\n\n    for (int i = 1; i < length; i++) {\n        if (S[i] != lastChar) {\n            v1[v1Size++] = lastChar;\n            v2[v1Size - 1] = c;\n            lastChar = S[i];\n            c = 1; // Reset count\n        } else {\n            c++; // Increment count\n        }\n    }\n    \n    // Add the last character\n    v1[v1Size++] = lastChar;\n    v2[v1Size - 1] = c;\n\n    int ret = 0;\n\n    for (int i = 1; i < v1Size - 1; i++) {\n        if (v1[i - 1] == \'J\' && v1[i] == \'O\' && v1[i + 1] == \'I\' && v2[i - 1] >= v2[i] && v2[i] <= v2[i + 1]) {\n            ret = max(ret, v2[i]);\n        }\n    }\n\n    printf("%d\\n", ret);\n    return 0;\n}')"
2025-01-26 15:57:25,098	[INFO]	0-7     COMPILE_CODE_ERROR    None (--) [1 edit(s)]  
2025-01-26 15:57:25,099	[DEBUG]	patch(0-7)="LineLLMMutation(('source.cpp', 6), '#include <cstdio>\n#include <iostream>\n#include <algorithm>\n\nusing namespace std;\n\nconst int MAX_SIZE = 200005;\n\nstruct CharCount {\n    char ch;\n    int count;\n};\n\nint main() {\n    char S[MAX_SIZE];\n    scanf("%s", S);\n\n    CharCount cc[MAX_SIZE];\n    int ccSize = 0;\n\n    int c = 1;\n    char lastChar = S[0];\n    int length = strlen(S);\n\n    for (int i = 1; i < length; i++) {\n        if (S[i] != lastChar) {\n            cc[ccSize++] = {lastChar, c};\n            lastChar = S[i];\n            c = 1; // Reset count\n        } else {\n            c++; // Increment count\n        }\n    }\n    \n    // Add the last character\n    cc[ccSize++] = {lastChar, c};\n\n    int ret = 0;\n\n    for (int i = 1; i < ccSize - 1; i++) {\n        if (cc[i - 1].ch == \'J\' && cc[i].ch == \'O\' && cc[i + 1].ch == \'I\' && cc[i - 1].count >= cc[i].count && cc[i].count <= cc[i + 1].count) {\n            ret = max(ret, cc[i].count);\n        }\n    }\n\n    printf("%d\\n", ret);\n    return 0;\n}')"
2025-01-26 15:57:26,323	[INFO]	0-8     COMPILE_CODE_ERROR    None (--) [1 edit(s)]  
2025-01-26 15:57:26,323	[DEBUG]	patch(0-8)="LineLLMMutation(('source.cpp', 7), '#include <cstdio>\n#include <iostream>\n#include <algorithm>\n\nusing namespace std;\n\nconst int MAX_SIZE = 200005;\n\nstruct CharCount {\n    char ch;\n    int count;\n};\n\nint main() {\n    char S[MAX_SIZE];\n    scanf("%s", S);\n\n    CharCount cc[MAX_SIZE];\n    int ccSize = 0;\n\n    int c = 1;\n    char lastChar = S[0];\n    int length = strlen(S);\n\n    for (int i = 1; i < length; i++) {\n        if (S[i] != lastChar) {\n            cc[ccSize++] = {lastChar, c};\n            lastChar = S[i];\n            c = 1; // Reset count\n        } else {\n            c++; // Increment count\n        }\n    }\n    \n    // Add the last character\n    cc[ccSize++] = {lastChar, c};\n\n    int ret = 0;\n\n    for (int i = 1; i < ccSize - 1; i++) {\n        if (cc[i - 1].ch == \'J\' && cc[i].ch == \'O\' && cc[i + 1].ch == \'I\' && cc[i - 1].count >= cc[i].count && cc[i].count <= cc[i + 1].count) {\n            ret = max(ret, cc[i].count);\n        }\n    }\n\n    printf("%d\\n", ret);\n    return 0;\n}')"
2025-01-26 15:57:27,546	[INFO]	0-9     COMPILE_CODE_ERROR    None (--) [1 edit(s)]  
2025-01-26 15:57:27,546	[DEBUG]	patch(0-9)="LineLLMMutation(('source.cpp', 8), '#include <cstdio>\n#include <iostream>\n#include <algorithm>\n\nusing namespace std;\n\nconst int MAX_SIZE = 200005;\n\nstruct CharCount {\n    char ch;\n    int count;\n};\n\nint main() {\n    char S[MAX_SIZE];\n    scanf("%s", S);\n\n    CharCount cc[MAX_SIZE];\n    int ccSize = 0;\n\n    int c = 1;\n    char lastChar = S[0];\n    int length = strlen(S);\n\n    for (int i = 1; i < length; i++) {\n        if (S[i] != lastChar) {\n            cc[ccSize++] = {lastChar, c};\n            lastChar = S[i];\n            c = 1; // Reset count\n        } else {\n            c++; // Increment count\n        }\n    }\n    \n    // Add the last character\n    cc[ccSize++] = {lastChar, c};\n\n    int ret = 0;\n\n    for (int i = 1; i < ccSize - 1; i++) {\n        if (cc[i - 1].ch == \'J\' && cc[i].ch == \'O\' && cc[i + 1].ch == \'I\') {\n            ret = max(ret, cc[i].count);\n        }\n    }\n\n    printf("%d\\n", ret);\n    return 0;\n}')"
2025-01-26 15:57:28,771	[INFO]	0-10    COMPILE_CODE_ERROR    None (--) [1 edit(s)]  
2025-01-26 15:57:28,771	[DEBUG]	patch(0-10)="LineLLMMutation(('source.cpp', 9), '#include <cstdio>\n#include <iostream>\n#include <algorithm>\n\nusing namespace std;\n\nconst int MAX_SIZE = 200005;\n\nstruct CharCount {\n    char ch;\n    int count;\n};\n\nint main() {\n    char S[MAX_SIZE];\n    scanf("%s", S);\n\n    CharCount cc[MAX_SIZE];\n    int ccSize = 0;\n    int c = 1;\n\n    for (int i = 1; S[i] != \'\\0\'; i++) {\n        if (S[i] != S[i - 1]) {\n            cc[ccSize++] = {S[i - 1], c};\n            c = 1; // Reset count\n        } else {\n            c++; // Increment count\n        }\n    }\n    \n    cc[ccSize++] = {S[strlen(S) - 1], c}; // Add last character\n\n    int ret = 0;\n\n    for (int i = 1; i < ccSize - 1; i++) {\n        if (cc[i - 1].ch == \'J\' && cc[i].ch == \'O\' && cc[i + 1].ch == \'I\') {\n            ret = max(ret, cc[i].count);\n        }\n    }\n\n    printf("%d\\n", ret);\n    return 0;\n}')"
2025-01-26 15:57:29,771	[INFO]	Step: 10
2025-01-26 15:57:29,771	[INFO]	Stop Steps: 50
2025-01-26 15:57:31,432	[DEBUG]	EXEC>  SUCCESS 2449371.75
2025-01-26 15:57:31,432	[INFO]	REF     SUCCESS               2449371.75 (--) [0 edit(s)]  
2025-01-26 15:57:31,432	[INFO]	Best patch step: None
2025-01-26 15:58:06,569	[INFO]	Step: 10
2025-01-26 15:58:06,569	[INFO]	Stop Steps: 50
2025-01-26 15:58:06,739	[INFO]	1-1     TEST_CODE_ERROR       None (--) [1 edit(s)]  
2025-01-26 15:58:06,739	[DEBUG]	patch(1-1)="LineLLMCrossover(('source.cpp', 0), '#include <cstdio>\n#include <algorithm>\nusing namespace std;\n\nconst int maxn = 1e5;\nint n, a[maxn], b[maxn];\n\nint main() {\n    scanf("%d", &n);\n    for (int i = 0; i < n; ++i) {\n        scanf("%d%d", a + i, b + i);\n    }\n    \n    // Optimized logic for computation\n    long long ans = 0;\n    for (int i = n - 1; i >= 0; --i) {\n        long long cur = a[i] + ans;\n        long long tar = (cur + b[i] - 1) / b[i] * b[i];\n        ans += tar - cur;\n    }\n    printf("%lld\\n", ans);\n    return 0;\n}')"
2025-01-26 15:58:06,739	[INFO]	Step: 11
2025-01-26 15:58:06,739	[INFO]	Stop Steps: 50
2025-01-26 15:58:06,900	[INFO]	1-2     TEST_CODE_ERROR       None (--) [1 edit(s)]  
2025-01-26 15:58:06,900	[DEBUG]	patch(1-2)="LineLLMCrossover(('source.cpp', 1), '#include <cstdio>\n#include <algorithm>\nusing namespace std;\n\nchar str[200005];\n\nint main() {\n    scanf("%s", str);\n    int ans = 0, a = -1;\n\n    // Optimized character processing\n    for (int i = 0; str[i]; i++) {\n        if (str[i] == \'Z\') {\n            if (a != -1)\n                ans = max(ans, i - a);\n        } else if (str[i] == \'A\' && a == -1) {\n            a = i;\n        }\n    }\n    printf("%d\\n", ans + 1);\n    return 0;\n}')"
2025-01-26 15:58:06,901	[INFO]	Step: 12
2025-01-26 15:58:06,901	[INFO]	Stop Steps: 50
2025-01-26 15:58:07,062	[INFO]	1-3     TEST_CODE_ERROR       None (--) [1 edit(s)]  
2025-01-26 15:58:07,062	[DEBUG]	patch(1-3)="LineLLMCrossover(('source.cpp', 2), '#include <cstdio>\n#include <algorithm>\nusing namespace std;\n\nconst int maxn = 200005;\nchar str[maxn];\n\nint main() {\n    scanf("%s", str);\n    int max_dist = 0, first_A = -1;\n\n    // Efficiently compute the distance between \'A\' and \'Z\'\n    for (int i = 0; str[i]; i++) {\n        if (str[i] == \'A\' && first_A == -1) {\n            first_A = i;\n        }\n        if (str[i] == \'Z\' && first_A != -1) {\n            max_dist = max(max_dist, i - first_A);\n        }\n    }\n    printf("%d\\n", max_dist + 1);\n    return 0;\n}')"
2025-01-26 15:58:07,063	[INFO]	Step: 13
2025-01-26 15:58:07,063	[INFO]	Stop Steps: 50
2025-01-26 15:58:07,226	[INFO]	1-4     TEST_CODE_ERROR       None (--) [1 edit(s)]  
2025-01-26 15:58:07,226	[DEBUG]	patch(1-4)="LineLLMCrossover(('source.cpp', 3), '#include <cstdio>\n#include <algorithm>\nusing namespace std;\n\ntypedef long long li;\nconst int maxn = 1e5;\nint n, a[maxn], b[maxn];\n\nint main() {\n    scanf("%d", &n);\n    for (int i = 0; i < n; ++i) {\n        scanf("%d%d", a + i, b + i);\n    }\n\n    li result = 0;\n    for (int i = n - 1; i >= 0; --i) {\n        li current = a[i] + result;\n        li target = (current + b[i] - 1) / b[i] * b[i];\n        result += target - current;\n    }\n    printf("%lld\\n", result);\n    return 0;\n}')"
2025-01-26 15:58:07,226	[INFO]	Step: 14
2025-01-26 15:58:07,226	[INFO]	Stop Steps: 50
2025-01-26 15:58:07,836	[DEBUG]	EXEC>  SUCCESS 3711807.75
2025-01-26 15:58:07,836	[INFO]	1-5     SUCCESS              +3711807.75 (151.54%) [1 edit(s)]  
2025-01-26 15:58:07,836	[DEBUG]	patch(1-5)="LineLLMMutation(('source.cpp', 10), '#include <string>\n#include <iostream>\n#include <algorithm>\n\nusing namespace std;\n\nconst int MAX_SIZE = 200005;\n\nint main() {\n    string S; cin >> S;\n\n    char v1[MAX_SIZE];\n    int v2[MAX_SIZE]; \n    int c = 1;\n    int index = 0;\n\n    for(int i = 1; i < S.size(); i++) {\n        if(S[i - 1] != S[i]) {\n            v1[index++] = S[i - 1];\n            v2[index - 1] = c;\n            c = 0;\n        }\n        c++;\n    }\n\n    v1[index] = S[S.size() - 1];\n    v2[index] = c;\n\n    int ret = 0;\n\n    for(int i = 1; i < index - 1; i++) {\n        if(v1[i - 1] == \'J\' && v1[i] == \'O\' && v1[i + 1] == \'I\' && v2[i - 1] >= v2[i] && v2[i] <= v2[i + 1]) {\n            ret = max(ret, v2[i]);\n        }\n    }\n\n    printf("%d\\n", ret);\n    return 0;\n}')"
2025-01-26 15:58:07,836	[INFO]	Step: 15
2025-01-26 15:58:07,836	[INFO]	Stop Steps: 50
2025-01-26 15:58:08,226	[INFO]	1-6     TEST_CODE_ERROR       None (--) [1 edit(s)]  
2025-01-26 15:58:08,226	[DEBUG]	patch(1-6)="LineLLMMutation(('source.cpp', 11), '#include <string>\n#include <vector>\n#include <iostream>\n#include <algorithm>\n\nusing namespace std;\n\nint main() {\n    string S; cin >> S;\n\n    vector<char> v1;\n    vector<int> v2;\n\n    for(int i = 0; i < S.size(); ) {\n        char current_char = S[i];\n        int count = count_if(S.begin() + i, S.end(), [current_char](char c) { return c == current_char; });\n        v1.push_back(current_char);\n        v2.push_back(count);\n        i += count; // Move index forward by count\n    }\n\n    int ret = 0;\n\n    for(int i = 1; i < v1.size() - 1; i++) {\n        if(v1[i - 1] == \'J\' && v1[i] == \'O\' && v1[i + 1] == \'I\' && v2[i - 1] >= v2[i] && v2[i] <= v2[i + 1]) {\n            ret = max(ret, v2[i]);\n        }\n    }\n\n    printf("%d\\n", ret);\n    return 0;\n}')"
2025-01-26 15:58:08,226	[INFO]	Step: 16
2025-01-26 15:58:08,226	[INFO]	Stop Steps: 50
2025-01-26 15:58:08,717	[DEBUG]	EXEC>  SUCCESS 3817500.5625
2025-01-26 15:58:08,717	[INFO]	1-7     SUCCESS               3817500.56 (155.86%) [1 edit(s)]  
2025-01-26 15:58:08,717	[DEBUG]	patch(1-7)="LineLLMMutation(('source.cpp', 12), '#include <string>\n#include <iostream>\n#include <algorithm>\n\nusing namespace std;\n\nint main() {\n    string S; cin >> S;\n\n    char v1[200005];\n    int v2[200005]; \n    int c = 1;\n    int index = 0;\n\n    int i = 1;\n    while (i < S.size()) {\n        if (S[i - 1] != S[i]) {\n            v1[index++] = S[i - 1];\n            v2[index - 1] = c;\n            c = 0;\n        }\n        c++;\n        i++;\n    }\n\n    v1[index] = S[S.size() - 1];\n    v2[index] = c;\n\n    int ret = 0;\n\n    for (int i = 1; i < index - 1; i++) {\n        if (v1[i - 1] == \'J\' && v1[i] == \'O\' && v1[i + 1] == \'I\' && v2[i - 1] >= v2[i] && v2[i] <= v2[i + 1]) {\n            ret = max(ret, v2[i]);\n        }\n    }\n\n    printf("%d\\n", ret);\n    return 0;\n}')"
2025-01-26 15:58:08,717	[INFO]	Step: 17
2025-01-26 15:58:08,717	[INFO]	Stop Steps: 50
2025-01-26 15:58:08,946	[INFO]	1-8     COMPILE_CODE_ERROR    None (--) [1 edit(s)]  
2025-01-26 15:58:08,946	[DEBUG]	patch(1-8)="LineLLMMutation(('source.cpp', 13), "#include <string>\n#include <iostream>\n#include <algorithm>\n\nusing namespace std;\n\nint main() {\n    string S; cin >> S;\n\n    vector<char> v1;\n    vector<int> v2; \n    int c = 1;\n\n    for(int i = 1; i < S.size(); i++) {\n        if(S[i - 1] != S[i]) {\n            v1.push_back(S[i - 1]);\n            v2.push_back(c);\n            c = 0;\n        }\n        c++;\n    }\n\n    v1.push_back(S[S.size() - 1]);\n    v2.push_back(c);\n\n    int ret = 0;\n\n    for(int i = 1; i < v1.size() - 1; i++) {\n        if(v1[i - 1] == 'J' && v1[i] == 'O' && v1[i + 1] == 'I' && v2[i - 1] >= v2[i] && v2[i] <= v2[i + 1]) {\n            ret = max(ret, v2[i]);\n        }\n    }\n\n    cout << ret << endl;\n    return 0;\n}")"
2025-01-26 15:58:08,946	[INFO]	Step: 18
2025-01-26 15:58:08,946	[INFO]	Stop Steps: 50
2025-01-26 15:58:09,477	[DEBUG]	EXEC>  SUCCESS 2458990.25
2025-01-26 15:58:09,477	[INFO]	1-9     SUCCESS              +2458990.25 (100.39%) [1 edit(s)]  
2025-01-26 15:58:09,477	[DEBUG]	patch(1-9)="LineLLMMutation(('source.cpp', 14), '#include <string>\n#include <vector>\n#include <iostream>\n#include <algorithm>\n\nusing namespace std;\n\nint main() {\n    string S; cin >> S;\n\n    vector<char> v1(S.size());\n    vector<int> v2(S.size()); \n    int c = 1;\n    int index = 0;\n\n    for(int i = 1; i < S.size(); i++) {\n        if(S[i - 1] != S[i]) {\n            v1[index] = S[i - 1];\n            v2[index++] = c;\n            c = 0;\n        }\n        c++;\n    }\n\n    v1[index] = S[S.size() - 1];\n    v2[index] = c;\n\n    int ret = 0;\n\n    for(int i = 1; i < index - 1; i++) {\n        if(v1[i - 1] == \'J\' && v1[i] == \'O\' && v1[i + 1] == \'I\' && v2[i - 1] >= v2[i] && v2[i] <= v2[i + 1]) {\n            ret = max(ret, v2[i]);\n        }\n    }\n\n    printf("%d\\n", ret);\n    return 0;\n}')"
2025-01-26 15:58:09,477	[INFO]	Step: 19
2025-01-26 15:58:09,477	[INFO]	Stop Steps: 50
2025-01-26 15:58:09,963	[DEBUG]	EXEC>  SUCCESS 3752278.75
2025-01-26 15:58:09,963	[INFO]	1-10    SUCCESS               3752278.75 (153.19%) [1 edit(s)]  
2025-01-26 15:58:09,963	[DEBUG]	patch(1-10)="LineLLMMutation(('source.cpp', 15), '#include <string>\n#include <iostream>\n#include <algorithm>\n\nusing namespace std;\n\nint main() {\n    string S; cin >> S;\n\n    char v1[200005];\n    int v2[200005]; \n    int c = 1;\n    int index = 0;\n\n    for(int i = 1; i < S.size(); i++) {\n        if(S[i - 1] != S[i]) {\n            v1[index] = S[i - 1];\n            v2[index++] = c;\n            c = 1; // Reset count on character change\n        } else {\n            c++;\n        }\n    }\n\n    v1[index] = S[S.size() - 1];\n    v2[index] = c;\n\n    int ret = 0;\n\n    for(int i = 1; i < index - 1; i++) {\n        if(v1[i - 1] == \'J\' && v1[i] == \'O\' && v1[i + 1] == \'I\' && v2[i - 1] >= v2[i] && v2[i] <= v2[i + 1]) {\n            ret = max(ret, v2[i]);\n        }\n    }\n\n    printf("%d\\n", ret);\n    return 0;\n}')"
2025-01-26 15:58:09,963	[INFO]	Step: 20
2025-01-26 15:58:09,963	[INFO]	Stop Steps: 50
2025-01-26 15:58:11,511	[DEBUG]	EXEC>  SUCCESS 2433972.125
2025-01-26 15:58:11,511	[INFO]	REF     SUCCESS               2433972.12 (--) [0 edit(s)]  
2025-01-26 15:58:11,511	[INFO]	Best patch step: None
2025-01-26 15:59:07,400	[INFO]	Step: 20
2025-01-26 15:59:07,400	[INFO]	Stop Steps: 50
2025-01-26 15:59:08,043	[DEBUG]	EXEC>  SUCCESS 2411766.25
2025-01-26 15:59:08,043	[INFO]	2-1     SUCCESS              *2411766.25 (99.09%) [1 edit(s)]  
2025-01-26 15:59:08,043	[DEBUG]	patch(2-1)="LineLLMMutation(('source.cpp', 14), '#include <string>\n#include <vector>\n#include <iostream>\n#include <algorithm>\n\nusing namespace std;\n\nint main() {\n    string S; cin >> S;\n\n    vector<char> v1(S.size());\n    vector<int> v2(S.size()); \n    int c = 1;\n    int index = 0;\n\n    for(int i = 1; i < S.size(); i++) {\n        if(S[i - 1] != S[i]) {\n            v1[index] = S[i - 1];\n            v2[index++] = c;\n            c = 0;\n        }\n        c++;\n    }\n\n    v1[index] = S[S.size() - 1];\n    v2[index] = c;\n\n    int ret = 0;\n\n    for(int i = 1; i < index - 1; i++) {\n        if(v1[i - 1] == \'J\' && v1[i] == \'O\' && v1[i + 1] == \'I\' && v2[i - 1] >= v2[i] && v2[i] <= v2[i + 1]) {\n            ret = max(ret, v2[i]);\n        }\n    }\n\n    printf("%d\\n", ret);\n    return 0;\n}')"

2025-01-26 15:59:08,043	[INFO]	Step: 21
2025-01-26 15:59:08,043	[INFO]	Stop Steps: 50
2025-01-26 15:59:08,536	[DEBUG]	EXEC>  SUCCESS 3867767.6875
2025-01-26 15:59:08,537	[INFO]	2-2     SUCCESS               3867767.69 (158.91%) [1 edit(s)]  
2025-01-26 15:59:08,537	[DEBUG]	patch(2-2)="LineLLMMutation(('source.cpp', 10), '#include <string>\n#include <iostream>\n#include <algorithm>\n\nusing namespace std;\n\nconst int MAX_SIZE = 200005;\n\nint main() {\n    string S; cin >> S;\n\n    char v1[MAX_SIZE];\n    int v2[MAX_SIZE]; \n    int c = 1;\n    int index = 0;\n\n    for(int i = 1; i < S.size(); i++) {\n        if(S[i - 1] != S[i]) {\n            v1[index++] = S[i - 1];\n            v2[index - 1] = c;\n            c = 0;\n        }\n        c++;\n    }\n\n    v1[index] = S[S.size() - 1];\n    v2[index] = c;\n\n    int ret = 0;\n\n    for(int i = 1; i < index - 1; i++) {\n        if(v1[i - 1] == \'J\' && v1[i] == \'O\' && v1[i + 1] == \'I\' && v2[i - 1] >= v2[i] && v2[i] <= v2[i + 1]) {\n            ret = max(ret, v2[i]);\n        }\n    }\n\n    printf("%d\\n", ret);\n    return 0;\n}')"
2025-01-26 15:59:08,537	[INFO]	Step: 22
2025-01-26 15:59:08,537	[INFO]	Stop Steps: 50
2025-01-26 15:59:09,024	[DEBUG]	EXEC>  SUCCESS 3688254.125
2025-01-26 15:59:09,024	[INFO]	2-3     SUCCESS               3688254.12 (151.53%) [1 edit(s)]  
2025-01-26 15:59:09,024	[DEBUG]	patch(2-3)="LineLLMCrossover(('source.cpp', 4), '#include <string>\n#include <iostream>\n#include <algorithm>\n\nusing namespace std;\n\nconst int MAX_SIZE = 200005;\n\nint main() {\n    string S; cin >> S;\n\n    char v1[MAX_SIZE];\n    int v2[MAX_SIZE]; \n    int c = 1;\n    int index = 0;\n\n    for(int i = 1; i < S.size(); i++) {\n        if(S[i - 1] != S[i]) {\n            v1[index++] = S[i - 1];\n            v2[index - 1] = c;\n            c = 0;\n        }\n        c++;\n    }\n\n    v1[index] = S[S.size() - 1];\n    v2[index] = c;\n\n    int ret = 0;\n\n    for(int i = 1; i < index - 1; i++) {\n        if(v1[i - 1] == \'J\' && v1[i] == \'O\' && v1[i + 1] == \'I\' && v2[i - 1] >= v2[i] && v2[i] <= v2[i + 1]) {\n            ret = max(ret, v2[i]);\n        }\n    }\n\n    printf("%d\\n", ret);\n    return 0;\n}')"
2025-01-26 15:59:09,024	[INFO]	Step: 23
2025-01-26 15:59:09,024	[INFO]	Stop Steps: 50
2025-01-26 15:59:09,513	[DEBUG]	EXEC>  SUCCESS 3806255.375
2025-01-26 15:59:09,513	[INFO]	2-4     SUCCESS               3806255.38 (156.38%) [1 edit(s)]  
2025-01-26 15:59:09,514	[DEBUG]	patch(2-4)="LineLLMCrossover(('source.cpp', 5), '#include <string>\n#include <iostream>\n#include <algorithm>\n\nusing namespace std;\n\nconst int MAX_SIZE = 200005;\n\nint main() {\n    string S; cin >> S;\n\n    char v1[MAX_SIZE];\n    int v2[MAX_SIZE]; \n    int c = 1;\n    int index = 0;\n\n    for(int i = 1; i < S.size(); i++) {\n        if(S[i - 1] != S[i]) {\n            v1[index++] = S[i - 1];\n            v2[index - 1] = c;\n            c = 1; // Reset count on character change\n        } else {\n            c++;\n        }\n    }\n\n    v1[index] = S[S.size() - 1];\n    v2[index] = c;\n\n    int ret = 0;\n\n    for(int i = 1; i < index - 1; i++) {\n        if(v1[i - 1] == \'J\' && v1[i] == \'O\' && v1[i + 1] == \'I\' && v2[i - 1] >= v2[i] && v2[i] <= v2[i + 1]) {\n            ret = max(ret, v2[i]);\n        }\n    }\n\n    printf("%d\\n", ret);\n    return 0;\n}')"
2025-01-26 15:59:09,514	[INFO]	Step: 24
2025-01-26 15:59:09,514	[INFO]	Stop Steps: 50
2025-01-26 15:59:10,009	[DEBUG]	EXEC>  SUCCESS 3799648.875
2025-01-26 15:59:10,010	[INFO]	2-5     SUCCESS               3799648.88 (156.11%) [1 edit(s)]  
2025-01-26 15:59:10,010	[DEBUG]	patch(2-5)="LineLLMCrossover(('source.cpp', 6), '#include <string>\n#include <iostream>\n#include <algorithm>\n\nusing namespace std;\n\nconst int MAX_SIZE = 200005;\n\nint main() {\n    string S; cin >> S;\n\n    char v1[MAX_SIZE];\n    int v2[MAX_SIZE]; \n    int c = 1;\n    int index = 0;\n\n    int i = 1;\n    while (i < S.size()) {\n        if (S[i - 1] != S[i]) {\n            v1[index++] = S[i - 1];\n            v2[index - 1] = c;\n            c = 0;\n        }\n        c++;\n        i++;\n    }\n\n    v1[index] = S[S.size() - 1];\n    v2[index] = c;\n\n    int ret = 0;\n\n    for (int i = 1; i < index - 1; i++) {\n        if (v1[i - 1] == \'J\' && v1[i] == \'O\' && v1[i + 1] == \'I\' && v2[i - 1] >= v2[i] && v2[i] <= v2[i + 1]) {\n            ret = max(ret, v2[i]);\n        }\n    }\n\n    printf("%d\\n", ret);\n    return 0;\n}')"
2025-01-26 15:59:10,010	[INFO]	Step: 25
2025-01-26 15:59:10,010	[INFO]	Stop Steps: 50
2025-01-26 15:59:10,495	[DEBUG]	EXEC>  SUCCESS 3632445.125
2025-01-26 15:59:10,495	[INFO]	2-6     SUCCESS               3632445.12 (149.24%) [1 edit(s)]  
2025-01-26 15:59:10,495	[DEBUG]	patch(2-6)="LineLLMCrossover(('source.cpp', 7), '#include <string>\n#include <iostream>\n#include <algorithm>\n\nusing namespace std;\n\nconst int MAX_SIZE = 200005;\n\nint main() {\n    string S; cin >> S;\n\n    char v1[MAX_SIZE];\n    int v2[MAX_SIZE]; \n    int c = 0;\n    int index = 0;\n\n    for(int i = 0; i < S.size(); i++) {\n        c++;\n        if(i == S.size() - 1 || S[i] != S[i + 1]) {\n            v1[index] = S[i];\n            v2[index++] = c;\n            c = 0; // Reset count after storing\n        }\n    }\n\n    int ret = 0;\n\n    for(int i = 1; i < index - 1; i++) {\n        if(v1[i - 1] == \'J\' && v1[i] == \'O\' && v1[i + 1] == \'I\' && v2[i - 1] >= v2[i] && v2[i] <= v2[i + 1]) {\n            ret = max(ret, v2[i]);\n        }\n    }\n\n    printf("%d\\n", ret);\n    return 0;\n}')"
2025-01-26 15:59:10,495	[INFO]	Step: 26
2025-01-26 15:59:10,495	[INFO]	Stop Steps: 50
2025-01-26 15:59:10,811	[INFO]	2-7     TEST_CODE_ERROR       None (--) [2 edit(s)]  
2025-01-26 15:59:10,812	[DEBUG]	patch(2-7)="LineLLMMutation(('source.cpp', 14), '#include <string>\n#include <vector>\n#include <iostream>\n#include <algorithm>\n\nusing namespace std;\n\nint main() {\n    string S; cin >> S;\n\n    vector<char> v1(S.size());\n    vector<int> v2(S.size()); \n    int c = 1;\n    int index = 0;\n\n    for(int i = 1; i < S.size(); i++) {\n        if(S[i - 1] != S[i]) {\n            v1[index] = S[i - 1];\n            v2[index++] = c;\n            c = 0;\n        }\n        c++;\n    }\n\n    v1[index] = S[S.size() - 1];\n    v2[index] = c;\n\n    int ret = 0;\n\n    for(int i = 1; i < index - 1; i++) {\n        if(v1[i - 1] == \'J\' && v1[i] == \'O\' && v1[i + 1] == \'I\' && v2[i - 1] >= v2[i] && v2[i] <= v2[i + 1]) {\n            ret = max(ret, v2[i]);\n        }\n    }\n\n    printf("%d\\n", ret);\n    return 0;\n}') | LineLLMMutation(('source.cpp', 16), '#include <iostream>\n#include <string>\n#include <algorithm>\n\nusing namespace std;\n\nint main() {\n    string S; cin >> S;\n\n    int ret = 0, c = 1;\n\n    for(int i = 1; i < S.size(); i++) {\n        if(S[i - 1] != S[i]) {\n            if(S[i - 1] == \'J\' && S[i] == \'O\' && i + 1 < S.size() && S[i + 1] == \'I\') {\n                ret = max(ret, c);\n            }\n            c = 0; // Reset count for the new character\n        }\n        c++;\n    }\n\n    // Check the last character segment\n    if(S[S.size() - 1] == \'I\' && S[S.size() - 2] == \'O\') {\n        ret = max(ret, c);\n    }\n\n    printf("%d\\n", ret);\n    return 0;\n}')"
2025-01-26 15:59:10,812	[INFO]	Step: 27
2025-01-26 15:59:10,812	[INFO]	Stop Steps: 50
2025-01-26 15:59:10,914	[INFO]	2-8     COMPILE_CODE_ERROR    None (--) [2 edit(s)]  
2025-01-26 15:59:10,914	[DEBUG]	patch(2-8)="LineLLMMutation(('source.cpp', 10), '#include <string>\n#include <iostream>\n#include <algorithm>\n\nusing namespace std;\n\nconst int MAX_SIZE = 200005;\n\nint main() {\n    string S; cin >> S;\n\n    char v1[MAX_SIZE];\n    int v2[MAX_SIZE]; \n    int c = 1;\n    int index = 0;\n\n    for(int i = 1; i < S.size(); i++) {\n        if(S[i - 1] != S[i]) {\n            v1[index++] = S[i - 1];\n            v2[index - 1] = c;\n            c = 0;\n        }\n        c++;\n    }\n\n    v1[index] = S[S.size() - 1];\n    v2[index] = c;\n\n    int ret = 0;\n\n    for(int i = 1; i < index - 1; i++) {\n        if(v1[i - 1] == \'J\' && v1[i] == \'O\' && v1[i + 1] == \'I\' && v2[i - 1] >= v2[i] && v2[i] <= v2[i + 1]) {\n            ret = max(ret, v2[i]);\n        }\n    }\n\n    printf("%d\\n", ret);\n    return 0;\n}') | LineLLMMutation(('source.cpp', 17), '#include <cstdio>\n#include <cstring>\n#include <algorithm>\n\nusing namespace std;\n\nconst int MAX_SIZE = 200005;\n\nint main() {\n    char v1[MAX_SIZE];\n    int v2[MAX_SIZE]; \n    string S; \n    cin >> S;\n\n    int index = 0;\n    int c = 1;\n\n    // Only iterate through S once to build the v1 and v2 arrays\n    for(int i = 1; i < S.size(); i++) {\n        if(S[i - 1] != S[i]) {\n            v1[index] = S[i - 1];\n            v2[index++] = c;\n            c = 0;\n        }\n        c++;\n    }\n\n    // Handle the last character separately\n    v1[index] = S[S.size() - 1];\n    v2[index] = c;\n\n    int ret = 0;\n\n    // Optimize the search for the pattern "J", "O", "I"\n    for(int i = 1; i < index - 1; i++) {\n        if(v1[i - 1] == \'J\' && v1[i] == \'O\' && v1[i + 1] == \'I\') {\n            ret = max(ret, min(v2[i], min(v2[i - 1], v2[i + 1])));\n        }\n    }\n\n    printf("%d\\n", ret);\n    return 0;\n}')"
2025-01-26 15:59:10,914	[INFO]	Step: 28
2025-01-26 15:59:10,914	[INFO]	Stop Steps: 50
2025-01-26 15:59:11,183	[INFO]	2-9     COMPILE_CODE_ERROR    None (--) [2 edit(s)]  
2025-01-26 15:59:11,183	[DEBUG]	patch(2-9)="LineLLMMutation(('source.cpp', 15), '#include <string>\n#include <iostream>\n#include <algorithm>\n\nusing namespace std;\n\nint main() {\n    string S; cin >> S;\n\n    char v1[200005];\n    int v2[200005]; \n    int c = 1;\n    int index = 0;\n\n    for(int i = 1; i < S.size(); i++) {\n        if(S[i - 1] != S[i]) {\n            v1[index] = S[i - 1];\n            v2[index++] = c;\n            c = 1; // Reset count on character change\n        } else {\n            c++;\n        }\n    }\n\n    v1[index] = S[S.size() - 1];\n    v2[index] = c;\n\n    int ret = 0;\n\n    for(int i = 1; i < index - 1; i++) {\n        if(v1[i - 1] == \'J\' && v1[i] == \'O\' && v1[i + 1] == \'I\' && v2[i - 1] >= v2[i] && v2[i] <= v2[i + 1]) {\n            ret = max(ret, v2[i]);\n        }\n    }\n\n    printf("%d\\n", ret);\n    return 0;\n}') | LineLLMMutation(('source.cpp', 18), '#include <iostream>\n#include <unordered_map>\n\nusing namespace std;\n\nint main() {\n    string S; cin >> S;\n\n    unordered_map<char, int> count;\n    int ret = 0;\n\n    for (int i = 0; i < S.size(); i++) {\n        count[S[i]]++;\n    }\n\n    int j_count = count[\'J\'], o_count = count[\'O\'], i_count = count[\'I\'];\n    \n    if (j_count && o_count && i_count) {\n        ret = min({j_count, o_count, i_count});\n    }\n\n    printf("%d\\n", ret);\n    return 0;\n}')"
2025-01-26 15:59:11,183	[INFO]	Step: 29
2025-01-26 15:59:11,183	[INFO]	Stop Steps: 50
2025-01-26 15:59:11,719	[DEBUG]	EXEC>  SUCCESS 2457717.1875
2025-01-26 15:59:11,720	[INFO]	2-10    SUCCESS               2457717.19 (100.98%) [2 edit(s)]  
2025-01-26 15:59:11,720	[DEBUG]	patch(2-10)="LineLLMMutation(('source.cpp', 12), '#include <string>\n#include <iostream>\n#include <algorithm>\n\nusing namespace std;\n\nint main() {\n    string S; cin >> S;\n\n    char v1[200005];\n    int v2[200005]; \n    int c = 1;\n    int index = 0;\n\n    int i = 1;\n    while (i < S.size()) {\n        if (S[i - 1] != S[i]) {\n            v1[index++] = S[i - 1];\n            v2[index - 1] = c;\n            c = 0;\n        }\n        c++;\n        i++;\n    }\n\n    v1[index] = S[S.size() - 1];\n    v2[index] = c;\n\n    int ret = 0;\n\n    for (int i = 1; i < index - 1; i++) {\n        if (v1[i - 1] == \'J\' && v1[i] == \'O\' && v1[i + 1] == \'I\' && v2[i - 1] >= v2[i] && v2[i] <= v2[i + 1]) {\n            ret = max(ret, v2[i]);\n        }\n    }\n\n    printf("%d\\n", ret);\n    return 0;\n}') | LineLLMMutation(('source.cpp', 19), '#include <iostream>\n#include <vector>\nusing namespace std;\n\nint main() {\n    string S; cin >> S;\n\n    vector<char> v1;\n    vector<int> v2; \n    int c = 1;\n\n    for (int i = 1; i < S.size(); i++) {\n        if (S[i - 1] != S[i]) {\n            v1.push_back(S[i - 1]);\n            v2.push_back(c);\n            c = 0;\n        }\n        c++;\n    }\n\n    v1.push_back(S[S.size() - 1]);\n    v2.push_back(c);\n\n    int ret = 0;\n\n    for (int i = 1; i < v1.size() - 1; i++) {\n        if (v1[i - 1] == \'J\' && v1[i] == \'O\' && v1[i + 1] == \'I\' && v2[i - 1] >= v2[i] && v2[i] <= v2[i + 1]) {\n            ret = max(ret, v2[i]);\n        }\n    }\n\n    printf("%d\\n", ret);\n    return 0;\n}')"
2025-01-26 15:59:11,720	[INFO]	Step: 30
2025-01-26 15:59:11,720	[INFO]	Stop Steps: 50
2025-01-26 15:59:12,245	[DEBUG]	EXEC>  SUCCESS 2401570.9375
2025-01-26 15:59:12,245	[INFO]	2-1     SUCCESS              *2401570.94 (98.67%) [1 edit(s)]  
2025-01-26 15:59:12,245	[DEBUG]	patch(2-1)="LineLLMMutation(('source.cpp', 20), '#include <iostream>\n#include <vector>\nusing namespace std;\n\nint main() {\n    string S; cin >> S;\n\n    vector<char> v1;\n    vector<int> v2; int c = 1;\n\n    for(int i = 1; i < S.size(); i++) {\n        if(S[i - 1] != S[i]) {\n            v1.push_back(S[i - 1]);\n            v2.push_back(c);\n            c = 0;\n        }\n        c++;\n    }\n\n    v1.push_back(S[S.size() - 1]);\n    v2.push_back(c);\n\n    int ret = 0;\n\n    for(int i = 1; i < v1.size() - 1; i++) {\n        if(v1[i - 1] == \'J\' && v1[i] == \'O\' && v1[i + 1] == \'I\' && v2[i - 1] >= v2[i] && v2[i] <= v2[i + 1]) {\n            ret = max(ret, v2[i]);\n        }\n    }\n\n    printf("%d\\n", ret);\n    return 0;\n}')"

2025-01-26 15:59:12,245	[INFO]	Step: 31
2025-01-26 15:59:12,245	[INFO]	Stop Steps: 50
2025-01-26 15:59:12,776	[DEBUG]	EXEC>  SUCCESS 2398646.4375
2025-01-26 15:59:12,777	[INFO]	2-2     SUCCESS              *2398646.44 (98.55%) [1 edit(s)]  
2025-01-26 15:59:12,777	[DEBUG]	patch(2-2)="LineLLMMutation(('source.cpp', 21), '#include <iostream>\n#include <vector>\nusing namespace std;\n\nint main() {\n    string S; cin >> S;\n\n    vector<char> v1;\n    vector<int> v2; int c = 1;\n\n    for(int i = 1; i < S.size(); i++) {\n        if(S[i - 1] != S[i]) {\n            v1.push_back(S[i - 1]);\n            v2.push_back(c);\n            c = 0;\n        }\n        c++;\n    }\n\n    v1.push_back(S.back());\n    v2.push_back(c);\n\n    int ret = 0;\n\n    for(int i = 1; i < v1.size() - 1; i++) {\n        if(v1[i - 1] == \'J\' && v1[i] == \'O\' && v1[i + 1] == \'I\' && v2[i - 1] >= v2[i] && v2[i] <= v2[i + 1]) {\n            ret = max(ret, v2[i]);\n        }\n    }\n\n    printf("%d\\n", ret);\n    return 0;\n}')"

2025-01-26 15:59:12,777	[INFO]	Step: 32
2025-01-26 15:59:12,777	[INFO]	Stop Steps: 50
2025-01-26 15:59:13,298	[DEBUG]	EXEC>  SUCCESS 2415471.5
2025-01-26 15:59:13,298	[INFO]	2-3     SUCCESS               2415471.50 (99.24%) [1 edit(s)]  
2025-01-26 15:59:13,298	[DEBUG]	patch(2-3)="LineLLMMutation(('source.cpp', 22), '#include <iostream>\n#include <vector>\nusing namespace std;\n\nint main() {\n    string S; cin >> S;\n\n    vector<char> v1;\n    vector<int> v2; int c = 1;\n\n    for(int i = 1; i < S.size(); i++) {\n        if(S[i - 1] != S[i]) {\n            v1.push_back(S[i - 1]);\n            v2.push_back(c);\n            c = 0;\n        }\n        c++;\n    }\n\n    v1.push_back(S.back());\n    v2.push_back(c);\n\n    int ret = 0;\n\n    for(int i = 1; i < v1.size() - 1; i++) {\n        if(v1[i - 1] == \'J\' && v1[i] == \'O\' && v1[i + 1] == \'I\' && v2[i - 1] >= v2[i] && v2[i] <= v2[i + 1]) {\n            ret = max(ret, v2[i]);\n        }\n    }\n\n    printf("%d\\n", ret);\n    return 0;\n}')"
2025-01-26 15:59:13,298	[INFO]	Step: 33
2025-01-26 15:59:13,298	[INFO]	Stop Steps: 50
2025-01-26 15:59:14,848	[DEBUG]	EXEC>  SUCCESS 2430016.0
2025-01-26 15:59:14,849	[INFO]	REF     SUCCESS               2430016.00 (--) [0 edit(s)]  
2025-01-26 15:59:14,849	[INFO]	Best patch: 21
2025-01-26 15:59:15,371	[DEBUG]	EXEC>  SUCCESS 2450754.125
2025-01-26 15:59:15,371	[INFO]	BEST    SUCCESS               2450754.12 (100.85%) [0 edit(s)]  
2025-01-26 15:59:15,371	[INFO]	Best patch step: 31
2025-01-26 16:00:08,556	[INFO]	Step: 33
2025-01-26 16:00:08,556	[INFO]	Stop Steps: 50
2025-01-26 16:00:09,203	[DEBUG]	EXEC>  SUCCESS 2417282.1875
2025-01-26 16:00:09,203	[INFO]	3-4     SUCCESS              *2417282.19 (99.48%) [1 edit(s)]  
2025-01-26 16:00:09,203	[DEBUG]	patch(3-4)="LineLLMMutation(('source.cpp', 21), '#include <iostream>\n#include <vector>\nusing namespace std;\n\nint main() {\n    string S; cin >> S;\n\n    vector<char> v1;\n    vector<int> v2; int c = 1;\n\n    for(int i = 1; i < S.size(); i++) {\n        if(S[i - 1] != S[i]) {\n            v1.push_back(S[i - 1]);\n            v2.push_back(c);\n            c = 0;\n        }\n        c++;\n    }\n\n    v1.push_back(S.back());\n    v2.push_back(c);\n\n    int ret = 0;\n\n    for(int i = 1; i < v1.size() - 1; i++) {\n        if(v1[i - 1] == \'J\' && v1[i] == \'O\' && v1[i + 1] == \'I\' && v2[i - 1] >= v2[i] && v2[i] <= v2[i + 1]) {\n            ret = max(ret, v2[i]);\n        }\n    }\n\n    printf("%d\\n", ret);\n    return 0;\n}')"

2025-01-26 16:00:09,203	[INFO]	Step: 34
2025-01-26 16:00:09,203	[INFO]	Stop Steps: 50
2025-01-26 16:00:09,729	[DEBUG]	EXEC>  SUCCESS 2391511.25
2025-01-26 16:00:09,730	[INFO]	3-5     SUCCESS              *2391511.25 (98.42%) [1 edit(s)]  
2025-01-26 16:00:09,730	[DEBUG]	patch(3-5)="LineLLMMutation(('source.cpp', 20), '#include <iostream>\n#include <vector>\nusing namespace std;\n\nint main() {\n    string S; cin >> S;\n\n    vector<char> v1;\n    vector<int> v2; int c = 1;\n\n    for(int i = 1; i < S.size(); i++) {\n        if(S[i - 1] != S[i]) {\n            v1.push_back(S[i - 1]);\n            v2.push_back(c);\n            c = 0;\n        }\n        c++;\n    }\n\n    v1.push_back(S[S.size() - 1]);\n    v2.push_back(c);\n\n    int ret = 0;\n\n    for(int i = 1; i < v1.size() - 1; i++) {\n        if(v1[i - 1] == \'J\' && v1[i] == \'O\' && v1[i + 1] == \'I\' && v2[i - 1] >= v2[i] && v2[i] <= v2[i + 1]) {\n            ret = max(ret, v2[i]);\n        }\n    }\n\n    printf("%d\\n", ret);\n    return 0;\n}')"

2025-01-26 16:00:09,730	[INFO]	Step: 35
2025-01-26 16:00:09,730	[INFO]	Stop Steps: 50
2025-01-26 16:00:10,252	[DEBUG]	EXEC>  SUCCESS 2451544.5625
2025-01-26 16:00:10,253	[INFO]	3-6     SUCCESS               2451544.56 (100.89%) [1 edit(s)]  
2025-01-26 16:00:10,253	[DEBUG]	patch(3-6)="LineLLMCrossover(('source.cpp', 8), '#include <iostream>\n#include <vector>\nusing namespace std;\n\nint main() {\n    string S; cin >> S;\n\n    vector<char> v1(S.size());\n    vector<int> v2(S.size()); \n    int c = 1;\n    int index = 0;\n\n    for(int i = 1; i < S.size(); i++) {\n        if(S[i - 1] != S[i]) {\n            v1[index] = S[i - 1];\n            v2[index++] = c;\n            c = 0;\n        }\n        c++;\n    }\n\n    v1[index] = S.back();\n    v2[index] = c;\n\n    int ret = 0;\n\n    for(int i = 1; i < index - 1; i++) {\n        if(v1[i - 1] == \'J\' && v1[i] == \'O\' && v1[i + 1] == \'I\' && v2[i - 1] >= v2[i] && v2[i] <= v2[i + 1]) {\n            ret = max(ret, v2[i]);\n        }\n    }\n\n    printf("%d\\n", ret);\n    return 0;\n}')"
2025-01-26 16:00:10,253	[INFO]	Step: 36
2025-01-26 16:00:10,253	[INFO]	Stop Steps: 50
2025-01-26 16:00:10,776	[DEBUG]	EXEC>  SUCCESS 2457646.8125
2025-01-26 16:00:10,777	[INFO]	3-7     SUCCESS               2457646.81 (101.14%) [1 edit(s)]  
2025-01-26 16:00:10,777	[DEBUG]	patch(3-7)="LineLLMCrossover(('source.cpp', 9), '#include <iostream>\n#include <vector>\nusing namespace std;\n\nint main() {\n    string S; cin >> S;\n\n    vector<char> v1;\n    vector<int> v2; int c = 1;\n\n    for(int i = 1; i < S.size(); i++) {\n        if(S[i - 1] != S[i]) {\n            v1.push_back(S[i - 1]);\n            v2.push_back(c);\n            c = 0;\n        }\n        c++;\n    }\n\n    v1.push_back(S.back());\n    v2.push_back(c);\n\n    int ret = 0;\n\n    for(int i = 1; i < v1.size() - 1; i++) {\n        if(v1[i - 1] == \'J\' && v1[i] == \'O\' && v1[i + 1] == \'I\' && v2[i - 1] >= v2[i] && v2[i] <= v2[i + 1]) {\n            ret = max(ret, v2[i]);\n        }\n    }\n\n    printf("%d\\n", ret);\n    return 0;\n}')"
2025-01-26 16:00:10,777	[INFO]	Step: 37
2025-01-26 16:00:10,777	[INFO]	Stop Steps: 50
2025-01-26 16:00:11,289	[DEBUG]	EXEC>  SUCCESS 2497435.375
2025-01-26 16:00:11,289	[INFO]	3-8     SUCCESS               2497435.38 (102.77%) [1 edit(s)]  
2025-01-26 16:00:11,289	[DEBUG]	patch(3-8)="LineLLMCrossover(('source.cpp', 10), '#include <iostream>\n#include <vector>\nusing namespace std;\n\nint main() {\n    string S; cin >> S;\n\n    vector<char> v1(S.size());\n    vector<int> v2(S.size()); \n    int c = 1;\n    int index = 0;\n\n    for(int i = 1; i < S.size(); i++) {\n        if(S[i - 1] != S[i]) {\n            v1[index] = S[i - 1];\n            v2[index++] = c;\n            c = 0;\n        }\n        c++;\n    }\n\n    v1[index] = S.back();\n    v2[index] = c;\n\n    int ret = 0;\n\n    for(int i = 1; i < index - 1; i++) {\n        if(v1[i - 1] == \'J\' && v1[i] == \'O\' && v1[i + 1] == \'I\' && v2[i - 1] >= v2[i] && v2[i] <= v2[i + 1]) {\n            ret = max(ret, v2[i]);\n        }\n    }\n\n    printf("%d\\n", ret);\n    return 0;\n}')"
2025-01-26 16:00:11,289	[INFO]	Step: 38
2025-01-26 16:00:11,289	[INFO]	Stop Steps: 50
2025-01-26 16:00:11,812	[DEBUG]	EXEC>  SUCCESS 2414918.375
2025-01-26 16:00:11,812	[INFO]	3-9     SUCCESS               2414918.38 (99.38%) [1 edit(s)]  
2025-01-26 16:00:11,812	[DEBUG]	patch(3-9)="LineLLMCrossover(('source.cpp', 11), '#include <iostream>\n#include <vector>\nusing namespace std;\n\nint main() {\n    string S; cin >> S;\n\n    vector<char> v1;\n    vector<int> v2; int c = 1;\n\n    for(int i = 1; i < S.size(); i++) {\n        if(S[i - 1] != S[i]) {\n            v1.push_back(S[i - 1]);\n            v2.push_back(c);\n            c = 0;\n        }\n        c++;\n    }\n\n    v1.push_back(S.back());\n    v2.push_back(c);\n\n    int ret = 0;\n\n    for(int i = 1; i < v1.size() - 1; i++) {\n        if(v1[i - 1] == \'J\' && v1[i] == \'O\' && v1[i + 1] == \'I\' && v2[i - 1] >= v2[i] && v2[i] <= v2[i + 1]) {\n            ret = max(ret, v2[i]);\n        }\n    }\n\n    printf("%d\\n", ret);\n    return 0;\n}')"
2025-01-26 16:00:11,812	[INFO]	Step: 39
2025-01-26 16:00:11,812	[INFO]	Stop Steps: 50
2025-01-26 16:00:12,157	[INFO]	3-10    TEST_CODE_ERROR       None (--) [2 edit(s)]  
2025-01-26 16:00:12,157	[DEBUG]	patch(3-10)="LineLLMMutation(('source.cpp', 21), '#include <iostream>\n#include <vector>\nusing namespace std;\n\nint main() {\n    string S; cin >> S;\n\n    vector<char> v1;\n    vector<int> v2; int c = 1;\n\n    for(int i = 1; i < S.size(); i++) {\n        if(S[i - 1] != S[i]) {\n            v1.push_back(S[i - 1]);\n            v2.push_back(c);\n            c = 0;\n        }\n        c++;\n    }\n\n    v1.push_back(S.back());\n    v2.push_back(c);\n\n    int ret = 0;\n\n    for(int i = 1; i < v1.size() - 1; i++) {\n        if(v1[i - 1] == \'J\' && v1[i] == \'O\' && v1[i + 1] == \'I\' && v2[i - 1] >= v2[i] && v2[i] <= v2[i + 1]) {\n            ret = max(ret, v2[i]);\n        }\n    }\n\n    printf("%d\\n", ret);\n    return 0;\n}') | LineLLMMutation(('source.cpp', 23), '#include <iostream>\n#include <vector>\nusing namespace std;\n\nint main() {\n    string S; cin >> S;\n\n    vector<int> counts; \n    char prev = S[0];\n    int c = 1;\n\n    for(int i = 1; i < S.size(); i++) {\n        if(S[i] != prev) {\n            counts.push_back(c);\n            prev = S[i];\n            c = 1;\n        } else {\n            c++;\n        }\n    }\n    counts.push_back(c);\n\n    int ret = 0;\n    for(int i = 1; i < counts.size() - 1; i++) {\n        if(S[i - 1] == \'J\' && S[i] == \'O\' && S[i + 1] == \'I\' && counts[i - 1] >= counts[i] && counts[i] <= counts[i + 1]) {\n            ret = max(ret, counts[i]);\n        }\n    }\n\n    printf("%d\\n", ret);\n    return 0;\n}')"
2025-01-26 16:00:12,157	[INFO]	Step: 40
2025-01-26 16:00:12,157	[INFO]	Stop Steps: 50
2025-01-26 16:00:12,740	[DEBUG]	EXEC>  SUCCESS 2409141.6875
2025-01-26 16:00:12,740	[INFO]	3-1     SUCCESS               2409141.69 (99.14%) [2 edit(s)]  
2025-01-26 16:00:12,740	[DEBUG]	patch(3-1)="LineLLMMutation(('source.cpp', 20), '#include <iostream>\n#include <vector>\nusing namespace std;\n\nint main() {\n    string S; cin >> S;\n\n    vector<char> v1;\n    vector<int> v2; int c = 1;\n\n    for(int i = 1; i < S.size(); i++) {\n        if(S[i - 1] != S[i]) {\n            v1.push_back(S[i - 1]);\n            v2.push_back(c);\n            c = 0;\n        }\n        c++;\n    }\n\n    v1.push_back(S[S.size() - 1]);\n    v2.push_back(c);\n\n    int ret = 0;\n\n    for(int i = 1; i < v1.size() - 1; i++) {\n        if(v1[i - 1] == \'J\' && v1[i] == \'O\' && v1[i + 1] == \'I\' && v2[i - 1] >= v2[i] && v2[i] <= v2[i + 1]) {\n            ret = max(ret, v2[i]);\n        }\n    }\n\n    printf("%d\\n", ret);\n    return 0;\n}') | LineLLMMutation(('source.cpp', 24), '#include <iostream>\n#include <deque>\nusing namespace std;\n\nint main() {\n    string S; cin >> S;\n\n    deque<char> v1;\n    deque<int> v2; \n    int c = 1;\n\n    for(int i = 1; i < S.size(); i++) {\n        if(S[i - 1] != S[i]) {\n            v1.push_back(S[i - 1]);\n            v2.push_back(c);\n            c = 0;\n        }\n        c++;\n    }\n\n    v1.push_back(S[S.size() - 1]);\n    v2.push_back(c);\n\n    int ret = 0;\n\n    for(int i = 1; i < v1.size() - 1; i++) {\n        if(v1[i - 1] == \'J\' && v1[i] == \'O\' && v1[i + 1] == \'I\' && v2[i - 1] >= v2[i] && v2[i] <= v2[i + 1]) {\n            ret = max(ret, v2[i]);\n        }\n    }\n\n    printf("%d\\n", ret);\n    return 0;\n}')"
2025-01-26 16:00:12,740	[INFO]	Step: 41
2025-01-26 16:00:12,740	[INFO]	Stop Steps: 50
2025-01-26 16:00:12,908	[INFO]	3-2     TEST_CODE_ERROR       None (--) [2 edit(s)]  
2025-01-26 16:00:12,908	[DEBUG]	patch(3-2)="LineLLMMutation(('source.cpp', 14), '#include <string>\n#include <vector>\n#include <iostream>\n#include <algorithm>\n\nusing namespace std;\n\nint main() {\n    string S; cin >> S;\n\n    vector<char> v1(S.size());\n    vector<int> v2(S.size()); \n    int c = 1;\n    int index = 0;\n\n    for(int i = 1; i < S.size(); i++) {\n        if(S[i - 1] != S[i]) {\n            v1[index] = S[i - 1];\n            v2[index++] = c;\n            c = 0;\n        }\n        c++;\n    }\n\n    v1[index] = S[S.size() - 1];\n    v2[index] = c;\n\n    int ret = 0;\n\n    for(int i = 1; i < index - 1; i++) {\n        if(v1[i - 1] == \'J\' && v1[i] == \'O\' && v1[i + 1] == \'I\' && v2[i - 1] >= v2[i] && v2[i] <= v2[i + 1]) {\n            ret = max(ret, v2[i]);\n        }\n    }\n\n    printf("%d\\n", ret);\n    return 0;\n}') | LineLLMMutation(('source.cpp', 25), '#include <cstdio>\n#include <cstring>\n#include <algorithm>\n\nusing namespace std;\n\nint main() {\n    char S[200005]; \n    scanf("%s", S);\n\n    int count[200005] = {0}; \n    char lastChar = S[0];\n    int c = 1, index = 0;\n    \n    for(int i = 1; S[i]; i++) {\n        if(S[i] != lastChar) {\n            count[index] = c;\n            lastChar = S[i];\n            index++;\n            c = 1;\n        } else {\n            c++;\n        }\n    }\n    count[index] = c; // for the last character\n    index++;\n\n    int ret = 0;\n    \n    for(int i = 1; i < index - 1; i++) {\n        if(S[i - 1] == \'J\' && S[i] == \'O\' && S[i + 1] == \'I\' && count[i - 1] >= count[i] && count[i] <= count[i + 1]) {\n            ret = max(ret, count[i]);\n        }\n    }\n\n    printf("%d\\n", ret);\n    return 0;\n}')"
2025-01-26 16:00:12,908	[INFO]	Step: 42
2025-01-26 16:00:12,908	[INFO]	Stop Steps: 50
2025-01-26 16:00:13,443	[DEBUG]	EXEC>  SUCCESS 2566002.4375
2025-01-26 16:00:13,443	[INFO]	3-3     SUCCESS               2566002.44 (105.60%) [2 edit(s)]  
2025-01-26 16:00:13,443	[DEBUG]	patch(3-3)="LineLLMMutation(('source.cpp', 22), '#include <iostream>\n#include <vector>\nusing namespace std;\n\nint main() {\n    string S; cin >> S;\n\n    vector<char> v1;\n    vector<int> v2; int c = 1;\n\n    for(int i = 1; i < S.size(); i++) {\n        if(S[i - 1] != S[i]) {\n            v1.push_back(S[i - 1]);\n            v2.push_back(c);\n            c = 0;\n        }\n        c++;\n    }\n\n    v1.push_back(S.back());\n    v2.push_back(c);\n\n    int ret = 0;\n\n    for(int i = 1; i < v1.size() - 1; i++) {\n        if(v1[i - 1] == \'J\' && v1[i] == \'O\' && v1[i + 1] == \'I\' && v2[i - 1] >= v2[i] && v2[i] <= v2[i + 1]) {\n            ret = max(ret, v2[i]);\n        }\n    }\n\n    printf("%d\\n", ret);\n    return 0;\n}') | LineLLMMutation(('source.cpp', 26), '#include <iostream>\n#include <vector>\nusing namespace std;\n\nint main() {\n    string S; cin >> S;\n\n    vector<char> v1;\n    vector<int> v2; \n    int c = 1;\n\n    for(int i = 1; i < S.size(); i++) {\n        if(S[i - 1] != S[i]) {\n            v1.push_back(S[i - 1]);\n            v2.push_back(c);\n            c = 1; // Reset count to 1 since we are starting a new character\n        } else {\n            c++; // Increment count for the same character\n        }\n    }\n\n    v1.push_back(S.back());\n    v2.push_back(c);\n\n    int ret = 0;\n\n    for(int i = 1; i < v1.size() - 1; i++) {\n        if(v1[i - 1] == \'J\' && v1[i] == \'O\' && v1[i + 1] == \'I\') {\n            ret = max(ret, min(v2[i - 1], min(v2[i], v2[i + 1]))); // Use min to directly compute the required condition\n        }\n    }\n\n    printf("%d\\n", ret);\n    return 0;\n}')"
2025-01-26 16:00:13,443	[INFO]	Step: 43
2025-01-26 16:00:13,443	[INFO]	Stop Steps: 50
2025-01-26 16:00:13,984	[DEBUG]	EXEC>  SUCCESS 2404060.0625
2025-01-26 16:00:13,985	[INFO]	3-4     SUCCESS               2404060.06 (98.93%) [1 edit(s)]  
2025-01-26 16:00:13,985	[DEBUG]	patch(3-4)="LineLLMMutation(('source.cpp', 27), '#include <string>\n#include <vector>\n#include <iostream>\n#include <algorithm>\n\nusing namespace std;\n\nint main()\n{\n    string S; cin >> S;\n\n    vector<char> v1;\n    vector<int> v2; int c = 1;\n\n    for(int i = 1; i < S.size(); i++)\n    {\n        if(S[i - 1] != S[i])\n        {\n            v1.push_back(S[i - 1]);\n            v2.push_back(c);\n            c = 0;\n        }\n        c++;\n    }\n\n    v1.push_back(S[S.size() - 1]);\n    v2.push_back(c);\n\n    int ret = 0;\n\n    for(int i = 1; i < v1.size() -1; i++)\n    {\n        if(v1[i - 1] == \'J\' && v1[i] == \'O\' && v1[i + 1] == \'I\' && v2[i - 1] >= v2[i] && v2[i] <= v2[i + 1])\n        {\n            ret = max(ret, v2[i]);\n        }\n    }\n\n    printf("%d\\n", ret);\n\n    return 0;\n}')"
2025-01-26 16:00:13,985	[INFO]	Step: 44
2025-01-26 16:00:13,985	[INFO]	Stop Steps: 50
2025-01-26 16:00:15,529	[DEBUG]	EXEC>  SUCCESS 2402439.25
2025-01-26 16:00:15,529	[INFO]	REF     SUCCESS               2402439.25 (--) [0 edit(s)]  
2025-01-26 16:00:15,529	[INFO]	Best patch: 20
2025-01-26 16:00:16,050	[DEBUG]	EXEC>  SUCCESS 2417027.625
2025-01-26 16:00:16,050	[INFO]	BEST    SUCCESS               2417027.62 (100.61%) [0 edit(s)]  
2025-01-26 16:00:16,050	[INFO]	Best patch step: 34
2025-01-26 16:01:12,615	[INFO]	Step: 44
2025-01-26 16:01:12,615	[INFO]	Stop Steps: 50
2025-01-26 16:01:13,263	[DEBUG]	EXEC>  SUCCESS 2441627.75
2025-01-26 16:01:13,264	[INFO]	4-5     SUCCESS              +2441627.75 (101.63%) [1 edit(s)]  
2025-01-26 16:01:13,264	[DEBUG]	patch(4-5)="LineLLMMutation(('source.cpp', 20), '#include <iostream>\n#include <vector>\nusing namespace std;\n\nint main() {\n    string S; cin >> S;\n\n    vector<char> v1;\n    vector<int> v2; int c = 1;\n\n    for(int i = 1; i < S.size(); i++) {\n        if(S[i - 1] != S[i]) {\n            v1.push_back(S[i - 1]);\n            v2.push_back(c);\n            c = 0;\n        }\n        c++;\n    }\n\n    v1.push_back(S[S.size() - 1]);\n    v2.push_back(c);\n\n    int ret = 0;\n\n    for(int i = 1; i < v1.size() - 1; i++) {\n        if(v1[i - 1] == \'J\' && v1[i] == \'O\' && v1[i + 1] == \'I\' && v2[i - 1] >= v2[i] && v2[i] <= v2[i + 1]) {\n            ret = max(ret, v2[i]);\n        }\n    }\n\n    printf("%d\\n", ret);\n    return 0;\n}')"
2025-01-26 16:01:13,264	[INFO]	Step: 45
2025-01-26 16:01:13,264	[INFO]	Stop Steps: 50
2025-01-26 16:01:13,808	[DEBUG]	EXEC>  SUCCESS 2401280.1875
2025-01-26 16:01:13,809	[INFO]	4-6     SUCCESS              *2401280.19 (99.95%) [1 edit(s)]  
2025-01-26 16:01:13,809	[DEBUG]	patch(4-6)="LineLLMMutation(('source.cpp', 27), '#include <string>\n#include <vector>\n#include <iostream>\n#include <algorithm>\n\nusing namespace std;\n\nint main()\n{\n    string S; cin >> S;\n\n    vector<char> v1;\n    vector<int> v2; int c = 1;\n\n    for(int i = 1; i < S.size(); i++)\n    {\n        if(S[i - 1] != S[i])\n        {\n            v1.push_back(S[i - 1]);\n            v2.push_back(c);\n            c = 0;\n        }\n        c++;\n    }\n\n    v1.push_back(S[S.size() - 1]);\n    v2.push_back(c);\n\n    int ret = 0;\n\n    for(int i = 1; i < v1.size() -1; i++)\n    {\n        if(v1[i - 1] == \'J\' && v1[i] == \'O\' && v1[i + 1] == \'I\' && v2[i - 1] >= v2[i] && v2[i] <= v2[i + 1])\n        {\n            ret = max(ret, v2[i]);\n        }\n    }\n\n    printf("%d\\n", ret);\n\n    return 0;\n}')"

2025-01-26 16:01:13,809	[INFO]	Step: 46
2025-01-26 16:01:13,809	[INFO]	Stop Steps: 50
2025-01-26 16:01:14,335	[DEBUG]	EXEC>  SUCCESS 2449555.875
2025-01-26 16:01:14,336	[INFO]	4-7     SUCCESS               2449555.88 (101.96%) [1 edit(s)]  
2025-01-26 16:01:14,336	[DEBUG]	patch(4-7)="LineLLMCrossover(('source.cpp', 12), '#include <iostream>\n#include <vector>\nusing namespace std;\n\nint main() {\n    string S; cin >> S;\n\n    vector<char> v1;\n    vector<int> v2; int c = 1;\n\n    for(int i = 1; i < S.size(); i++) {\n        if(S[i - 1] != S[i]) {\n            v1.push_back(S[i - 1]);\n            v2.push_back(c);\n            c = 0;\n        }\n        c++;\n    }\n\n    v1.push_back(S.back());\n    v2.push_back(c);\n\n    int ret = 0;\n\n    for(int i = 1; i < v1.size() - 1; i++) {\n        if(v1[i - 1] == \'J\' && v1[i] == \'O\' && v1[i + 1] == \'I\' && v2[i - 1] >= v2[i] && v2[i] <= v2[i + 1]) {\n            ret = max(ret, v2[i]);\n        }\n    }\n\n    printf("%d\\n", ret);\n    return 0;\n}')"
2025-01-26 16:01:14,336	[INFO]	Step: 47
2025-01-26 16:01:14,336	[INFO]	Stop Steps: 50
2025-01-26 16:01:14,913	[DEBUG]	EXEC>  SUCCESS 2409228.25
2025-01-26 16:01:14,913	[INFO]	4-8     SUCCESS               2409228.25 (100.28%) [1 edit(s)]  
2025-01-26 16:01:14,913	[DEBUG]	patch(4-8)="LineLLMCrossover(('source.cpp', 13), '#include <iostream>\n#include <deque>\nusing namespace std;\n\nint main() {\n    string S; cin >> S;\n\n    deque<char> v1;\n    deque<int> v2; \n    int c = 1;\n\n    for(int i = 1; i < S.size(); i++) {\n        if(S[i - 1] != S[i]) {\n            v1.push_back(S[i - 1]);\n            v2.push_back(c);\n            c = 0;\n        }\n        c++;\n    }\n\n    v1.push_back(S.back());\n    v2.push_back(c);\n\n    int ret = 0;\n\n    for(int i = 1; i < v1.size() - 1; i++) {\n        if(v1[i - 1] == \'J\' && v1[i] == \'O\' && v1[i + 1] == \'I\' && v2[i - 1] >= v2[i] && v2[i] <= v2[i + 1]) {\n            ret = max(ret, v2[i]);\n        }\n    }\n\n    printf("%d\\n", ret);\n    return 0;\n}')"
2025-01-26 16:01:14,913	[INFO]	Step: 48
2025-01-26 16:01:14,913	[INFO]	Stop Steps: 50
2025-01-26 16:01:15,446	[DEBUG]	EXEC>  SUCCESS 2427795.5625
2025-01-26 16:01:15,446	[INFO]	4-9     SUCCESS               2427795.56 (101.06%) [1 edit(s)]  
2025-01-26 16:01:15,446	[DEBUG]	patch(4-9)="LineLLMCrossover(('source.cpp', 14), '#include <iostream>\n#include <vector>\nusing namespace std;\n\nint main() {\n    string S; cin >> S;\n\n    vector<char> v1;\n    vector<int> v2; int c = 1;\n\n    for(int i = 1; i < S.size(); i++) {\n        if(S[i - 1] != S[i]) {\n            v1.push_back(S[i - 1]);\n            v2.push_back(c);\n            c = 0;\n        }\n        c++;\n    }\n\n    v1.push_back(S.back());\n    v2.push_back(c);\n\n    int ret = 0;\n\n    for(int i = 1; i < v1.size() - 1; i++) {\n        if(v1[i - 1] == \'J\' && v1[i] == \'O\' && v1[i + 1] == \'I\' && v2[i - 1] >= v2[i] && v2[i] <= v2[i + 1]) {\n            ret = max(ret, v2[i]);\n        }\n    }\n\n    printf("%d\\n", ret);\n    return 0;\n}')"
2025-01-26 16:01:15,446	[INFO]	Step: 49
2025-01-26 16:01:15,446	[INFO]	Stop Steps: 50
2025-01-26 16:01:15,968	[DEBUG]	EXEC>  SUCCESS 2432724.0
2025-01-26 16:01:15,968	[INFO]	4-10    SUCCESS               2432724.00 (101.26%) [1 edit(s)]  
2025-01-26 16:01:15,968	[DEBUG]	patch(4-10)="LineLLMCrossover(('source.cpp', 15), '#include <iostream>\n#include <vector>\nusing namespace std;\n\nint main() {\n    string S; cin >> S;\n\n    vector<char> v1;\n    vector<int> v2; int c = 1;\n\n    for(int i = 1; i < S.size(); i++) {\n        if(S[i - 1] != S[i]) {\n            v1.push_back(S[i - 1]);\n            v2.push_back(c);\n            c = 0;\n        }\n        c++;\n    }\n\n    v1.push_back(S.back());\n    v2.push_back(c);\n\n    int ret = 0;\n\n    for(int i = 1; i < v1.size() - 1; i++) {\n        if(v1[i - 1] == \'J\' && v1[i] == \'O\' && v1[i + 1] == \'I\' && v2[i - 1] >= v2[i] && v2[i] <= v2[i + 1]) {\n            ret = max(ret, v2[i]);\n        }\n    }\n\n    printf("%d\\n", ret);\n    return 0;\n}')"
2025-01-26 16:01:15,968	[INFO]	Step: 50
2025-01-26 16:01:15,968	[INFO]	Stop Steps: 50
2025-01-26 16:01:15,968	[INFO]	(Abstract Algorithm) Stopping Condition: step budget
2025-01-26 16:01:15,968	[INFO]	Step: 50
2025-01-26 16:01:15,968	[INFO]	Stop Steps: 50
2025-01-26 16:01:16,641	[INFO]	~~~~ END ~~~~
2025-01-26 16:01:16,641	[INFO]	Best patch step: 45
2025-01-26 16:01:16,641	[INFO]	
2025-01-26 16:01:16,641	[INFO]	==== REPORT ====
2025-01-26 16:01:16,641	[INFO]	Termination: step budget
2025-01-26 16:01:16,641	[INFO]	Log file: /home/ubuntu/eoc/magpie2/_magpie_logs/0188_1737906983.log
2025-01-26 16:01:16,641	[INFO]	Patch file: _magpie_logs/0188_1737906983.patch
2025-01-26 16:01:16,641	[INFO]	Diff file: _magpie_logs/0188_1737906983.diff
2025-01-26 16:01:16,641	[INFO]	Reference fitness: 2402439.25
2025-01-26 16:01:16,641	[INFO]	Best fitness: 2401280.19
2025-01-26 16:01:16,641	[INFO]	
2025-01-26 16:01:16,642	[INFO]	==== BEST PATCH ====
LineLLMMutation(('source.cpp', 27), '#include <string>\n#include <vector>\n#include <iostream>\n#include <algorithm>\n\nusing namespace std;\n\nint main()\n{\n    string S; cin >> S;\n\n    vector<char> v1;\n    vector<int> v2; int c = 1;\n\n    for(int i = 1; i < S.size(); i++)\n    {\n        if(S[i - 1] != S[i])\n        {\n            v1.push_back(S[i - 1]);\n            v2.push_back(c);\n            c = 0;\n        }\n        c++;\n    }\n\n    v1.push_back(S[S.size() - 1]);\n    v2.push_back(c);\n\n    int ret = 0;\n\n    for(int i = 1; i < v1.size() -1; i++)\n    {\n        if(v1[i - 1] == \'J\' && v1[i] == \'O\' && v1[i + 1] == \'I\' && v2[i - 1] >= v2[i] && v2[i] <= v2[i + 1])\n        {\n            ret = max(ret, v2[i]);\n        }\n    }\n\n    printf("%d\\n", ret);\n\n    return 0;\n}')
2025-01-26 16:01:16,642	[INFO]	
2025-01-26 16:01:16,642	[INFO]	==== DIFF ====

