2025-01-26 16:08:46,968	[DEBUG]	==== CONFIG ====
[magpie]
import = 
seed = 4064277393213224
log_dir = _magpie_logs
work_dir = _magpie_work
local_original_copy = True
local_original_name = __original__
output_encoding = ascii
edit_retries = 10
default_timeout = 30
default_lengthout = 10000.0
diff_method = unified
trust_local_filesystem = True

[magpie.log]
color_output = True
format_info = {counter:<7} {status:<20} {best}{fitness} ({ratio}) [{size}] {cached} {log}
format_debug = patch({counter})="{patch}"{diffifbest}
format_fitness = {:.2f}
format_ratio = {:.2%%}
format_patchif = 
	 --> {patch}
format_diffif = 
	{diff}

[software]
path = dataset/magpie_dataset/train/0190
target_files = 
	source.cpp
software = BasicSoftware
model_rules = 
	*.params : ParamFileConfigModel
	*.xml : SrcmlModel
	* : LineModel
model_config = 
	*.params : [paramconfig]
	*.xml : [srcml]
init_cmd = 
init_timeout = 60
init_lengthout = -1
setup_cmd = bash setup.sh
setup_timeout = 
setup_lengthout = 
compile_cmd = bash compile.sh
compile_timeout = 
compile_lengthout = 
test_cmd = bash test.sh
test_timeout = 
test_lengthout = 
run_cmd = bash run.sh
run_timeout = 3
run_lengthout = 
batch_timeout = 
batch_lengthout = 
batch_bin_fitness_strategy = aggregate
batch_fitness_strategy = sum
fitness = time

[srcml]
rename = 
	stmt: break continue decl_stmt do expr_stmt for goto if return switch while
	number: literal_number
focus = block stmt operator_comp operator_arith number
internodes = block
process_pseudo_blocks = True
process_literals = True
process_operators = True

[paramconfig]
timing = test run
cli_prefix = --
cli_glue = =
cli_boolean = show
cli_boolean_prefix_true = 
cli_boolean_prefix_false = no-
cli_none = hide
silent_prefix = @
silent_suffix = $

[search]
protocol = BasicProtocol
algorithm = GeneticProgrammingLLM
possible_edits = 
	LineLLMMutation
	LineLLMCrossover
	LineDeletion
	LineInsertion
	LineReplacement
llm_prob = 1.0
warmup = 5
warmup_strategy = last
max_steps = 50
max_time = 20000
target_fitness = 
cache_maxsize = 100
cache_keep = 0.2
batch_instances = 
batch_shuffle = True
batch_bin_shuffle = False
batch_sample_size = 1

[search.ls]
delete_prob = 0.5
max_neighbours = 
when_trapped = continue
accept_fail = False
tabu_length = 10

[search.gp]
pop_size = 10
delete_prob = 0.0
offspring_elitism = 0.2
offspring_crossover = 0.4
offspring_mutation = 0.4
uniform_rate = 0.5
batch_reset = True
llm_type = baseline

[search.minify]
do_cleanup = True
do_rebuild = True
do_simplify = True
round_robin_limit = 3


2025-01-26 16:08:46,968	[DEBUG]	
2025-01-26 16:08:46,968	[INFO]	==== SEARCH: GeneticProgrammingLLM ====
2025-01-26 16:08:46,969	[INFO]	~~~~ WARMUP ~~~~
2025-01-26 16:08:47,906	[DEBUG]	EXEC>  SUCCESS 2428964.25
2025-01-26 16:08:47,906	[INFO]	WARM    SUCCESS               2428964.25 (--) [0 edit(s)]  
2025-01-26 16:08:48,383	[DEBUG]	EXEC>  SUCCESS 2410169.75
2025-01-26 16:08:48,383	[INFO]	WARM    SUCCESS               2410169.75 (--) [0 edit(s)]  
2025-01-26 16:08:48,862	[DEBUG]	EXEC>  SUCCESS 2501681.0625
2025-01-26 16:08:48,862	[INFO]	WARM    SUCCESS               2501681.06 (--) [0 edit(s)]  
2025-01-26 16:08:49,348	[DEBUG]	EXEC>  SUCCESS 2497983.625
2025-01-26 16:08:49,348	[INFO]	WARM    SUCCESS               2497983.62 (--) [0 edit(s)]  
2025-01-26 16:08:49,835	[DEBUG]	EXEC>  SUCCESS 2443504.8125
2025-01-26 16:08:49,835	[INFO]	WARM    SUCCESS               2443504.81 (--) [0 edit(s)]  
2025-01-26 16:08:49,836	[INFO]	REF     SUCCESS               2443504.81 (--) [0 edit(s)]  
2025-01-26 16:08:49,836	[INFO]	
2025-01-26 16:08:49,836	[INFO]	~~~~ START ~~~~
2025-01-26 16:09:29,839	[DEBUG]	EXEC>  SUCCESS 2448174.1875
2025-01-26 16:09:29,839	[INFO]	0-1     SUCCESS              +2448174.19 (100.19%) [1 edit(s)]  
2025-01-26 16:09:29,839	[DEBUG]	patch(0-1)="LineLLMMutation(('source.cpp', 0), '#include<iostream>\n#include<algorithm>\nusing namespace std;\n\nint main(){\n    int a, b;\n    cin >> a >> b;\n    int s[5002], t[5002];\n\n    for(int i = 0; i < a; i++){\n        cin >> s[i];\n    }\n    for(int i = 0; i < b; i++){\n        cin >> t[i];\n    }\n\n    int ret = 0;\n    for(int i = 0; i < b - ret; i++){\n        int p = 0, q = i;\n        int cnt = 0;\n\n        while(1){\n            if(s[p] == t[q]){\n                cnt++;\n                p++;\n                q++;\n            } else {\n                p++;\n            }\n            if(p == a) break;\n        }\n\n        ret = max(ret, cnt);\n    }\n\n    cout << ret << endl;\n}')"
2025-01-26 16:09:31,332	[DEBUG]	EXEC>  SUCCESS 2514561.6875
2025-01-26 16:09:31,332	[INFO]	0-2     SUCCESS               2514561.69 (102.91%) [1 edit(s)]  
2025-01-26 16:09:31,332	[DEBUG]	patch(0-2)="LineLLMMutation(('source.cpp', 1), '#include<iostream>\n#include<algorithm>\nusing namespace std;\n\nint main(){\n    int a, b;\n    scanf("%d%d", &a, &b);\n    int s[5002], t[5002];\n\n    for(int i = 0; i < a; i++){\n        scanf("%d", &s[i]);\n    }\n    for(int i = 0; i < b; i++){\n        scanf("%d", &t[i]);\n    }\n\n    int ret = 0;\n    for(int i = 0; i < b; i++){\n        int p = 0, q = i;\n        int cnt = 0;\n\n        while(p < a && q < b){\n            if(s[p] == t[q]){\n                cnt++;\n                p++;\n                q++;\n            } else {\n                p++;\n            }\n        }\n\n        ret = max(ret, cnt);\n    }\n\n    printf("%d\\n", ret);\n}')"
2025-01-26 16:09:33,030	[DEBUG]	EXEC>  SUCCESS 2930856.5625
2025-01-26 16:09:33,030	[INFO]	0-3     SUCCESS               2930856.56 (119.94%) [1 edit(s)]  
2025-01-26 16:09:33,030	[DEBUG]	patch(0-3)="LineLLMMutation(('source.cpp', 2), '#include<iostream>\n#include<algorithm>\n#include<vector>\nusing namespace std;\n\nint main(){\n    int a, b;\n    cin >> a >> b;\n    vector<int> s(a), t(b);\n\n    for(int i = 0; i < a; i++){\n        cin >> s[i];\n    }\n    for(int i = 0; i < b; i++){\n        cin >> t[i];\n    }\n\n    int ret = 0;\n    for(int i = 0; i < b; i++){\n        int p = 0, q = i;\n        int cnt = 0;\n\n        while(p < a && q < b){\n            if(s[p] == t[q]){\n                cnt++;\n                p++;\n                q++;\n            } else {\n                p++;\n            }\n        }\n\n        ret = max(ret, cnt);\n    }\n\n    cout << ret << endl;\n}')"
2025-01-26 16:09:34,550	[DEBUG]	EXEC>  SUCCESS 2436257.0625
2025-01-26 16:09:34,550	[INFO]	0-4     SUCCESS              *2436257.06 (99.70%) [1 edit(s)]  
2025-01-26 16:09:34,550	[DEBUG]	patch(0-4)="LineLLMMutation(('source.cpp', 3), '#include<iostream>\n#include<algorithm>\n#include<vector>\nusing namespace std;\n\nint main(){\n    int a, b;\n    cin >> a >> b;\n    vector<int> s(a), t(b);\n\n    for(int i = 0; i < a; i++){\n        cin >> s[i];\n    }\n    for(int i = 0; i < b; i++){\n        cin >> t[i];\n    }\n\n    int ret = 0;\n    for(int i = 0; i < b; i++){\n        int p = 0, q = i;\n        int cnt = 0;\n\n        while(p < a && q < b){\n            if(s[p] == t[q]){\n                cnt++;\n                p++;\n                q++;\n            } else {\n                p++;\n            }\n        }\n\n        ret = max(ret, cnt);\n    }\n\n    cout << ret << endl;\n}')"

2025-01-26 16:09:36,082	[DEBUG]	EXEC>  SUCCESS 2435255.25
2025-01-26 16:09:36,083	[INFO]	0-5     SUCCESS              *2435255.25 (99.66%) [1 edit(s)]  
2025-01-26 16:09:36,083	[DEBUG]	patch(0-5)="LineLLMMutation(('source.cpp', 4), '#include<iostream>\n#include<algorithm>\n#include<vector>\nusing namespace std;\n\nint main(){\n    int a, b;\n    cin >> a >> b;\n    vector<int> s(a), t(b);\n\n    for(int i = 0; i < a; i++){\n        cin >> s[i];\n    }\n    for(int i = 0; i < b; i++){\n        cin >> t[i];\n    }\n\n    vector<int> counts(b, 0);\n    for(int i = 0; i < b; i++){\n        int p = 0, q = i;\n\n        while(p < a && q < b){\n            if(s[p] == t[q]){\n                counts[i]++;\n                p++;\n                q++;\n            } else {\n                p++;\n            }\n        }\n    }\n\n    int ret = *max_element(counts.begin(), counts.end());\n    cout << ret << endl;\n}')"

2025-01-26 16:09:37,602	[DEBUG]	EXEC>  SUCCESS 2394805.5625
2025-01-26 16:09:37,602	[INFO]	0-6     SUCCESS              *2394805.56 (98.01%) [1 edit(s)]  
2025-01-26 16:09:37,602	[DEBUG]	patch(0-6)="LineLLMMutation(('source.cpp', 5), '#include<iostream>\n#include<algorithm>\n#include<vector>\nusing namespace std;\n\nint main(){\n    int a, b;\n    cin >> a >> b;\n    vector<int> s(a), t(b);\n\n    for(int i = 0; i < a; i++){\n        cin >> s[i];\n    }\n    for(int i = 0; i < b; i++){\n        cin >> t[i];\n    }\n\n    int ret = 0;\n    for(int i = 0; i < b; i++){\n        int p = 0, q = i;\n        int cnt = 0;\n\n        while(p < a && q < b){\n            if(s[p] == t[q]){\n                cnt++;\n                p++;\n                q++;\n            } else {\n                p++;\n            }\n        }\n\n        ret = max(ret, cnt);\n    }\n\n    cout << ret << endl;\n}')"

2025-01-26 16:09:39,317	[DEBUG]	EXEC>  SUCCESS 3272953.8125
2025-01-26 16:09:39,317	[INFO]	0-7     SUCCESS               3272953.81 (133.95%) [1 edit(s)]  
2025-01-26 16:09:39,317	[DEBUG]	patch(0-7)="LineLLMMutation(('source.cpp', 6), '#include<iostream>\n#include<algorithm>\n#include<vector>\nusing namespace std;\n\nint main(){\n    int a, b;\n    cin >> a >> b;\n    vector<int> s(a), t(b);\n\n    for(int i = 0; i < a; i++){\n        cin >> s[i];\n    }\n    for(int i = 0; i < b; i++){\n        cin >> t[i];\n    }\n\n    int ret = 0;\n    for(int i = 0; i < b; i++){\n        int p = 0, q = i;\n        int cnt = 0;\n\n        while(p < a && q < b){\n            if(s[p] == t[q]){\n                cnt++;\n                p++;\n                q++;\n            } else {\n                p++;\n            }\n        }\n\n        ret = max(ret, cnt);\n    }\n\n    cout << ret << endl;\n}')"
2025-01-26 16:09:40,840	[DEBUG]	EXEC>  SUCCESS 2408487.5
2025-01-26 16:09:40,840	[INFO]	0-8     SUCCESS               2408487.50 (98.57%) [1 edit(s)]  
2025-01-26 16:09:40,841	[DEBUG]	patch(0-8)="LineLLMMutation(('source.cpp', 7), '#include<iostream>\n#include<algorithm>\n#include<vector>\nusing namespace std;\n\nint main(){\n    int a, b;\n    cin >> a >> b;\n    vector<int> s(a), t(b);\n\n    for(int i = 0; i < a; i++){\n        cin >> s[i];\n    }\n    for(int i = 0; i < b; i++){\n        cin >> t[i];\n    }\n\n    int ret = 0;\n    for(int i = 0; i < b; i++){\n        int p = 0, q = i;\n        int cnt = 0;\n\n        while(p < a && q < b){\n            if(s[p] == t[q]){\n                cnt++;\n                p++;\n                q++;\n            } else {\n                p++;\n            }\n        }\n\n        ret = max(ret, cnt);\n    }\n\n    cout << ret << endl;\n}')"
2025-01-26 16:09:42,365	[DEBUG]	EXEC>  SUCCESS 2381930.125
2025-01-26 16:09:42,365	[INFO]	0-9     SUCCESS              *2381930.12 (97.48%) [1 edit(s)]  
2025-01-26 16:09:42,365	[DEBUG]	patch(0-9)="LineLLMMutation(('source.cpp', 8), '#include<iostream>\n#include<algorithm>\n#include<vector>\nusing namespace std;\n\nint countMatches(const vector<int>& s, const vector<int>& t, int start) {\n    int p = 0, q = start, cnt = 0;\n    while(p < s.size() && q < t.size()){\n        if(s[p] == t[q]){\n            cnt++;\n            p++;\n            q++;\n        } else {\n            p++;\n        }\n    }\n    return cnt;\n}\n\nint main(){\n    int a, b;\n    cin >> a >> b;\n    vector<int> s(a), t(b);\n\n    for(int i = 0; i < a; i++){\n        cin >> s[i];\n    }\n    for(int i = 0; i < b; i++){\n        cin >> t[i];\n    }\n\n    int ret = 0;\n    for(int i = 0; i < b; i++){\n        ret = max(ret, countMatches(s, t, i));\n    }\n\n    cout << ret << endl;\n}')"

2025-01-26 16:09:43,889	[DEBUG]	EXEC>  SUCCESS 2437901.3125
2025-01-26 16:09:43,890	[INFO]	0-10    SUCCESS               2437901.31 (99.77%) [1 edit(s)]  
2025-01-26 16:09:43,890	[DEBUG]	patch(0-10)="LineLLMMutation(('source.cpp', 9), '#include<iostream>\n#include<algorithm>\n#include<vector>\n#include<numeric>\nusing namespace std;\n\nint countMatches(const vector<int>& s, const vector<int>& t, int start) {\n    int p = 0, q = start, cnt = 0;\n    while(p < s.size() && q < t.size()){\n        if(s[p] == t[q]){\n            cnt++;\n            p++;\n            q++;\n        } else {\n            p++;\n        }\n    }\n    return cnt;\n}\n\nint main(){\n    int a, b;\n    cin >> a >> b;\n    vector<int> s(a), t(b);\n\n    for(int i = 0; i < a; i++){\n        cin >> s[i];\n    }\n    for(int i = 0; i < b; i++){\n        cin >> t[i];\n    }\n\n    int ret = 0;\n    for(int i = 0; i < b; i++){\n        ret = max(ret, countMatches(s, t, i));\n    }\n\n    cout << ret << endl;\n}')"
2025-01-26 16:09:44,890	[INFO]	Step: 10
2025-01-26 16:09:44,890	[INFO]	Stop Steps: 50
2025-01-26 16:09:46,549	[DEBUG]	EXEC>  SUCCESS 2821309.625
2025-01-26 16:09:46,549	[INFO]	REF     SUCCESS               2821309.62 (--) [0 edit(s)]  
2025-01-26 16:09:46,549	[INFO]	Best patch: 8
2025-01-26 16:09:47,066	[DEBUG]	EXEC>  SUCCESS 2385707.8125
2025-01-26 16:09:47,067	[INFO]	BEST    SUCCESS              *2385707.81 (84.56%) [0 edit(s)]  
2025-01-26 16:09:47,067	[INFO]	Best patch step: 8
2025-01-26 16:10:32,045	[INFO]	Step: 10
2025-01-26 16:10:32,045	[INFO]	Stop Steps: 50
2025-01-26 16:10:32,737	[DEBUG]	EXEC>  SUCCESS 2383886.5625
2025-01-26 16:10:32,738	[INFO]	1-1     SUCCESS              *2383886.56 (84.50%) [1 edit(s)]  
2025-01-26 16:10:32,738	[DEBUG]	patch(1-1)="LineLLMMutation(('source.cpp', 8), '#include<iostream>\n#include<algorithm>\n#include<vector>\nusing namespace std;\n\nint countMatches(const vector<int>& s, const vector<int>& t, int start) {\n    int p = 0, q = start, cnt = 0;\n    while(p < s.size() && q < t.size()){\n        if(s[p] == t[q]){\n            cnt++;\n            p++;\n            q++;\n        } else {\n            p++;\n        }\n    }\n    return cnt;\n}\n\nint main(){\n    int a, b;\n    cin >> a >> b;\n    vector<int> s(a), t(b);\n\n    for(int i = 0; i < a; i++){\n        cin >> s[i];\n    }\n    for(int i = 0; i < b; i++){\n        cin >> t[i];\n    }\n\n    int ret = 0;\n    for(int i = 0; i < b; i++){\n        ret = max(ret, countMatches(s, t, i));\n    }\n\n    cout << ret << endl;\n}')"

2025-01-26 16:10:32,738	[INFO]	Step: 11
2025-01-26 16:10:32,738	[INFO]	Stop Steps: 50
2025-01-26 16:10:33,254	[DEBUG]	EXEC>  SUCCESS 2419179.875
2025-01-26 16:10:33,254	[INFO]	1-2     SUCCESS               2419179.88 (85.75%) [1 edit(s)]  
2025-01-26 16:10:33,254	[DEBUG]	patch(1-2)="LineLLMMutation(('source.cpp', 5), '#include<iostream>\n#include<algorithm>\n#include<vector>\nusing namespace std;\n\nint main(){\n    int a, b;\n    cin >> a >> b;\n    vector<int> s(a), t(b);\n\n    for(int i = 0; i < a; i++){\n        cin >> s[i];\n    }\n    for(int i = 0; i < b; i++){\n        cin >> t[i];\n    }\n\n    int ret = 0;\n    for(int i = 0; i < b; i++){\n        int p = 0, q = i;\n        int cnt = 0;\n\n        while(p < a && q < b){\n            if(s[p] == t[q]){\n                cnt++;\n                p++;\n                q++;\n            } else {\n                p++;\n            }\n        }\n\n        ret = max(ret, cnt);\n    }\n\n    cout << ret << endl;\n}')"
2025-01-26 16:10:33,254	[INFO]	Step: 12
2025-01-26 16:10:33,255	[INFO]	Stop Steps: 50
2025-01-26 16:10:33,790	[DEBUG]	EXEC>  SUCCESS 2454402.4375
2025-01-26 16:10:33,791	[INFO]	1-3     SUCCESS               2454402.44 (87.00%) [1 edit(s)]  
2025-01-26 16:10:33,791	[DEBUG]	patch(1-3)="LineLLMCrossover(('source.cpp', 0), '#include<iostream>\n#include<algorithm>\n#include<vector>\nusing namespace std;\n\nint countMatches(const vector<int>& s, const vector<int>& t, int start) {\n    int p = 0, q = start, cnt = 0;\n    while(p < s.size() && q < t.size()){\n        if(s[p] == t[q]){\n            cnt++;\n            p++;\n            q++;\n        } else {\n            p++;\n        }\n    }\n    return cnt;\n}\n\nint main(){\n    int a, b;\n    cin >> a >> b;\n    vector<int> s(a), t(b);\n\n    for(int i = 0; i < a; i++){\n        cin >> s[i];\n    }\n    for(int i = 0; i < b; i++){\n        cin >> t[i];\n    }\n\n    vector<int> counts(b, 0);\n    for(int i = 0; i < b; i++){\n        counts[i] = countMatches(s, t, i);\n    }\n\n    int ret = *max_element(counts.begin(), counts.end());\n    cout << ret << endl;\n}')"
2025-01-26 16:10:33,791	[INFO]	Step: 13
2025-01-26 16:10:33,791	[INFO]	Stop Steps: 50
2025-01-26 16:10:34,307	[DEBUG]	EXEC>  SUCCESS 2442203.6875
2025-01-26 16:10:34,307	[INFO]	1-4     SUCCESS               2442203.69 (86.56%) [1 edit(s)]  
2025-01-26 16:10:34,307	[DEBUG]	patch(1-4)="LineLLMCrossover(('source.cpp', 1), '#include<iostream>\n#include<algorithm>\n#include<vector>\nusing namespace std;\n\nint main(){\n    int a, b;\n    cin >> a >> b;\n    vector<int> s(a), t(b);\n\n    for(int i = 0; i < a; i++){\n        cin >> s[i];\n    }\n    for(int i = 0; i < b; i++){\n        cin >> t[i];\n    }\n\n    int ret = 0;\n    for(int i = 0; i < b; i++){\n        int p = 0, q = i;\n        int cnt = 0;\n\n        while(p < a && q < b){\n            if(s[p] == t[q]){\n                cnt++;\n                p++;\n                q++;\n            } else {\n                p++;\n            }\n        }\n\n        ret = max(ret, cnt);\n    }\n\n    cout << ret << endl;\n}')"
2025-01-26 16:10:34,307	[INFO]	Step: 14
2025-01-26 16:10:34,307	[INFO]	Stop Steps: 50
2025-01-26 16:10:34,839	[DEBUG]	EXEC>  SUCCESS 2438863.625
2025-01-26 16:10:34,839	[INFO]	1-5     SUCCESS               2438863.62 (86.44%) [1 edit(s)]  
2025-01-26 16:10:34,839	[DEBUG]	patch(1-5)="LineLLMCrossover(('source.cpp', 2), '#include<iostream>\n#include<algorithm>\n#include<vector>\nusing namespace std;\n\nint main(){\n    int a, b;\n    cin >> a >> b;\n    vector<int> s(a), t(b);\n\n    for(int i = 0; i < a; i++){\n        cin >> s[i];\n    }\n    for(int i = 0; i < b; i++){\n        cin >> t[i];\n    }\n\n    vector<int> counts(b, 0);\n    for(int i = 0; i < b; i++){\n        int p = 0, q = i;\n\n        while(p < a && q < b){\n            if(s[p] == t[q]){\n                counts[i]++;\n                p++;\n                q++;\n            } else {\n                p++;\n            }\n        }\n    }\n\n    int ret = *max_element(counts.begin(), counts.end());\n    cout << ret << endl;\n}')"
2025-01-26 16:10:34,839	[INFO]	Step: 15
2025-01-26 16:10:34,839	[INFO]	Stop Steps: 50
2025-01-26 16:10:35,346	[DEBUG]	EXEC>  SUCCESS 2405443.6875
2025-01-26 16:10:35,346	[INFO]	1-6     SUCCESS               2405443.69 (85.26%) [1 edit(s)]  
2025-01-26 16:10:35,346	[DEBUG]	patch(1-6)="LineLLMCrossover(('source.cpp', 3), '#include<iostream>\n#include<algorithm>\n#include<vector>\nusing namespace std;\n\nint main(){\n    int a, b;\n    cin >> a >> b;\n    vector<int> s(a), t(b);\n\n    for(int i = 0; i < a; i++){\n        cin >> s[i];\n    }\n    for(int i = 0; i < b; i++){\n        cin >> t[i];\n    }\n\n    int ret = 0;\n    for(int i = 0; i < b; i++){\n        int p = 0, q = i;\n        int cnt = 0;\n\n        while(p < a && q < b){\n            if(s[p] == t[q]){\n                cnt++;\n                p++;\n                q++;\n            } else {\n                p++;\n            }\n        }\n\n        ret = max(ret, cnt);\n    }\n\n    cout << ret << endl;\n}')"
2025-01-26 16:10:35,346	[INFO]	Step: 16
2025-01-26 16:10:35,346	[INFO]	Stop Steps: 50
2025-01-26 16:10:35,868	[DEBUG]	EXEC>  SUCCESS 2470813.5
2025-01-26 16:10:35,868	[INFO]	1-7     SUCCESS               2470813.50 (87.58%) [2 edit(s)]  
2025-01-26 16:10:35,868	[DEBUG]	patch(1-7)="LineLLMMutation(('source.cpp', 8), '#include<iostream>\n#include<algorithm>\n#include<vector>\nusing namespace std;\n\nint countMatches(const vector<int>& s, const vector<int>& t, int start) {\n    int p = 0, q = start, cnt = 0;\n    while(p < s.size() && q < t.size()){\n        if(s[p] == t[q]){\n            cnt++;\n            p++;\n            q++;\n        } else {\n            p++;\n        }\n    }\n    return cnt;\n}\n\nint main(){\n    int a, b;\n    cin >> a >> b;\n    vector<int> s(a), t(b);\n\n    for(int i = 0; i < a; i++){\n        cin >> s[i];\n    }\n    for(int i = 0; i < b; i++){\n        cin >> t[i];\n    }\n\n    int ret = 0;\n    for(int i = 0; i < b; i++){\n        ret = max(ret, countMatches(s, t, i));\n    }\n\n    cout << ret << endl;\n}') | LineLLMMutation(('source.cpp', 10), '#include<iostream>\n#include<algorithm>\n#include<vector>\nusing namespace std;\n\nint countMatches(const vector<int>& s, const vector<int>& t, int start) {\n    int cnt = 0;\n    int p = 0, q = start;\n    while (p < s.size() && q < t.size()) {\n        if (s[p] == t[q]) {\n            cnt++;\n            p++;\n            q++;\n        } else {\n            p++;\n        }\n    }\n    return cnt;\n}\n\nint main() {\n    int a, b;\n    cin >> a >> b;\n    vector<int> s(a), t(b);\n\n    for (int i = 0; i < a; i++) {\n        cin >> s[i];\n    }\n    for (int i = 0; i < b; i++) {\n        cin >> t[i];\n    }\n\n    int ret = 0;\n    for (int i = 0; i < b; i++) {\n        ret = max(ret, countMatches(s, t, i));\n    }\n\n    cout << ret << endl;\n}')"
2025-01-26 16:10:35,868	[INFO]	Step: 17
2025-01-26 16:10:35,868	[INFO]	Stop Steps: 50
2025-01-26 16:10:36,313	[INFO]	1-8     TEST_CODE_ERROR       None (--) [2 edit(s)]  
2025-01-26 16:10:36,313	[DEBUG]	patch(1-8)="LineLLMMutation(('source.cpp', 5), '#include<iostream>\n#include<algorithm>\n#include<vector>\nusing namespace std;\n\nint main(){\n    int a, b;\n    cin >> a >> b;\n    vector<int> s(a), t(b);\n\n    for(int i = 0; i < a; i++){\n        cin >> s[i];\n    }\n    for(int i = 0; i < b; i++){\n        cin >> t[i];\n    }\n\n    int ret = 0;\n    for(int i = 0; i < b; i++){\n        int p = 0, q = i;\n        int cnt = 0;\n\n        while(p < a && q < b){\n            if(s[p] == t[q]){\n                cnt++;\n                p++;\n                q++;\n            } else {\n                p++;\n            }\n        }\n\n        ret = max(ret, cnt);\n    }\n\n    cout << ret << endl;\n}') | LineLLMMutation(('source.cpp', 11), '#include <iostream>\n#include <algorithm>\n#include <vector>\n#include <unordered_set>\nusing namespace std;\n\nint main() {\n    int a, b;\n    cin >> a >> b;\n    vector<int> s(a), t(b);\n\n    for(int i = 0; i < a; i++) {\n        cin >> s[i];\n    }\n    for(int i = 0; i < b; i++) {\n        cin >> t[i];\n    }\n\n    unordered_set<int> setS(s.begin(), s.end());\n    int ret = 0;\n\n    for(int i = 0; i < b; i++) {\n        if(setS.find(t[i]) != setS.end()) {\n            ret++;\n        }\n    }\n\n    cout << ret << endl;\n}')"
2025-01-26 16:10:36,313	[INFO]	Step: 18
2025-01-26 16:10:36,313	[INFO]	Stop Steps: 50
2025-01-26 16:10:36,754	[INFO]	1-9     TEST_CODE_ERROR       None (--) [2 edit(s)]  
2025-01-26 16:10:36,755	[DEBUG]	patch(1-9)="LineLLMMutation(('source.cpp', 7), '#include<iostream>\n#include<algorithm>\n#include<vector>\nusing namespace std;\n\nint main(){\n    int a, b;\n    cin >> a >> b;\n    vector<int> s(a), t(b);\n\n    for(int i = 0; i < a; i++){\n        cin >> s[i];\n    }\n    for(int i = 0; i < b; i++){\n        cin >> t[i];\n    }\n\n    int ret = 0;\n    for(int i = 0; i < b; i++){\n        int p = 0, q = i;\n        int cnt = 0;\n\n        while(p < a && q < b){\n            if(s[p] == t[q]){\n                cnt++;\n                p++;\n                q++;\n            } else {\n                p++;\n            }\n        }\n\n        ret = max(ret, cnt);\n    }\n\n    cout << ret << endl;\n}') | LineLLMMutation(('source.cpp', 12), '#include <iostream>\n#include <algorithm>\n#include <vector>\n#include <unordered_set>\nusing namespace std;\n\nint main(){\n    int a, b;\n    cin >> a >> b;\n    vector<int> s(a), t(b);\n\n    for(int i = 0; i < a; i++){\n        cin >> s[i];\n    }\n    for(int i = 0; i < b; i++){\n        cin >> t[i];\n    }\n\n    unordered_set<int> set_s(s.begin(), s.end()); // Create a hash set from vector s\n    int ret = 0;\n\n    for(int i = 0; i < b; i++){\n        int cnt = 0;\n\n        if(set_s.find(t[i]) != set_s.end()) { // Check if t[i] exists in set_s\n            cnt++;\n        }\n\n        ret = max(ret, cnt);\n    }\n\n    cout << ret << endl;\n}')"
2025-01-26 16:10:36,755	[INFO]	Step: 19
2025-01-26 16:10:36,755	[INFO]	Stop Steps: 50
2025-01-26 16:10:37,189	[INFO]	1-10    TEST_CODE_ERROR       None (--) [2 edit(s)]  
2025-01-26 16:10:37,189	[DEBUG]	patch(1-10)="LineLLMMutation(('source.cpp', 4), '#include<iostream>\n#include<algorithm>\n#include<vector>\nusing namespace std;\n\nint main(){\n    int a, b;\n    cin >> a >> b;\n    vector<int> s(a), t(b);\n\n    for(int i = 0; i < a; i++){\n        cin >> s[i];\n    }\n    for(int i = 0; i < b; i++){\n        cin >> t[i];\n    }\n\n    vector<int> counts(b, 0);\n    for(int i = 0; i < b; i++){\n        int p = 0, q = i;\n\n        while(p < a && q < b){\n            if(s[p] == t[q]){\n                counts[i]++;\n                p++;\n                q++;\n            } else {\n                p++;\n            }\n        }\n    }\n\n    int ret = *max_element(counts.begin(), counts.end());\n    cout << ret << endl;\n}') | LineLLMMutation(('source.cpp', 13), '#include <iostream>\n#include <algorithm>\n#include <vector>\n#include <unordered_map>\nusing namespace std;\n\nint main() {\n    int a, b;\n    cin >> a >> b;\n    vector<int> s(a), t(b);\n\n    for(int i = 0; i < a; i++) {\n        cin >> s[i];\n    }\n    for(int i = 0; i < b; i++) {\n        cin >> t[i];\n    }\n\n    unordered_map<int, int> counts;\n    for(int i = 0; i < b; i++) {\n        counts[t[i]] = 0; // Initialize count for each element in t\n    }\n\n    for(int i = 0; i < a; i++) {\n        if(counts.find(s[i]) != counts.end()) {\n            counts[s[i]]++;\n        }\n    }\n\n    int ret = 0;\n    for(auto& count : counts) {\n        ret = max(ret, count.second);\n    }\n    \n    cout << ret << endl;\n}')"
2025-01-26 16:10:37,189	[INFO]	Step: 20
2025-01-26 16:10:37,189	[INFO]	Stop Steps: 50
2025-01-26 16:10:37,784	[DEBUG]	EXEC>  SUCCESS 2458676.9375
2025-01-26 16:10:37,784	[INFO]	1-1     SUCCESS               2458676.94 (87.15%) [1 edit(s)]  
2025-01-26 16:10:37,785	[DEBUG]	patch(1-1)="LineLLMMutation(('source.cpp', 14), '#include<iostream>\n#include<algorithm>\nusing namespace std;\n\nint main(){\n    int a,b;\n    int s[5002],t[5002];\n    scanf("%d%d",&a,&b);\n    for(int i=0;i<a;i++){\n        scanf("%d",&s[i]);\n    }\n    for(int i=0;i<b;i++){\n        scanf("%d",&t[i]);\n    }\n    int ret=0;\n    for(int i=0;i<b-ret;i++){\n        int p=0,q=i;\n        int cnt=0;\n        while(1){\n            if(s[p]==t[q]){\n                cnt++;\n                p++;\n                q++;\n            }\n            else {\n                p++;\n            }\n            if(p==a)break;\n        }\n        ret=max(ret,cnt);\n    }\n    printf("%d\\n",ret);\n}')"
2025-01-26 16:10:37,785	[INFO]	Step: 21
2025-01-26 16:10:37,785	[INFO]	Stop Steps: 50
2025-01-26 16:10:38,265	[DEBUG]	EXEC>  SUCCESS 2503771.25
2025-01-26 16:10:38,265	[INFO]	1-2     SUCCESS               2503771.25 (88.75%) [1 edit(s)]  
2025-01-26 16:10:38,265	[DEBUG]	patch(1-2)="LineLLMMutation(('source.cpp', 15), '#include<iostream>\n#include<algorithm>\nusing namespace std;\n\nint main(){\n    int a,b;\n    int s[5002],t[5002];\n    scanf("%d%d",&a,&b);\n    for(int i=0;i<a;i++){\n        scanf("%d",&s[i]);\n    }\n    for(int i=0;i<b;i++){\n        scanf("%d",&t[i]);\n    }\n    int ret=0;\n    for(int i=0;i<b-ret;i++){\n        int p=0,q=i;\n        int cnt=0;\n        while(1){\n            if(s[p]==t[q]){\n                cnt++;\n                p++;\n                q++;\n            }\n            else {\n                p++;\n            }\n            if(p==a)break;\n        }\n        ret=max(ret,cnt);\n    }\n    printf("%d\\n",ret);\n}')"
2025-01-26 16:10:38,265	[INFO]	Step: 22
2025-01-26 16:10:38,265	[INFO]	Stop Steps: 50
2025-01-26 16:10:38,748	[DEBUG]	EXEC>  SUCCESS 2428117.5
2025-01-26 16:10:38,748	[INFO]	1-3     SUCCESS               2428117.50 (86.06%) [1 edit(s)]  
2025-01-26 16:10:38,748	[DEBUG]	patch(1-3)="LineLLMMutation(('source.cpp', 16), '#include<iostream>\n#include<algorithm>\nusing namespace std;\n\nint main(){\n    int a,b;\n    int s[5002],t[5002];\n    scanf("%d%d",&a,&b);\n    for(int i=0;i<a;i++){\n        scanf("%d",&s[i]);\n    }\n    for(int i=0;i<b;i++){\n        scanf("%d",&t[i]);\n    }\n    int ret=0;\n    for(int i=0;i<b-ret;i++){\n        int p=0,q=i;\n        int cnt=0;\n        while(1){\n            if(s[p]==t[q]){\n                cnt++;\n                p++;\n                q++;\n            }\n            else {\n                p++;\n            }\n            if(p==a)break;\n        }\n        ret=max(ret,cnt);\n    }\n    printf("%d\\n",ret);\n}')"
2025-01-26 16:10:38,748	[INFO]	Step: 23
2025-01-26 16:10:38,748	[INFO]	Stop Steps: 50
2025-01-26 16:10:40,235	[DEBUG]	EXEC>  SUCCESS 2445230.6875
2025-01-26 16:10:40,235	[INFO]	REF     SUCCESS               2445230.69 (--) [0 edit(s)]  
2025-01-26 16:10:40,235	[INFO]	Best patch: 8
2025-01-26 16:10:40,745	[DEBUG]	EXEC>  SUCCESS 2434043.9375
2025-01-26 16:10:40,746	[INFO]	BEST    SUCCESS              *2434043.94 (99.54%) [0 edit(s)]  
2025-01-26 16:10:40,746	[INFO]	Best patch step: 10
2025-01-26 16:11:29,397	[INFO]	Step: 23
2025-01-26 16:11:29,397	[INFO]	Stop Steps: 50
2025-01-26 16:11:30,026	[DEBUG]	EXEC>  SUCCESS 2392196.6875
2025-01-26 16:11:30,026	[INFO]	2-4     SUCCESS              *2392196.69 (97.83%) [1 edit(s)]  
2025-01-26 16:11:30,026	[DEBUG]	patch(2-4)="LineLLMMutation(('source.cpp', 8), '#include<iostream>\n#include<algorithm>\n#include<vector>\nusing namespace std;\n\nint countMatches(const vector<int>& s, const vector<int>& t, int start) {\n    int p = 0, q = start, cnt = 0;\n    while(p < s.size() && q < t.size()){\n        if(s[p] == t[q]){\n            cnt++;\n            p++;\n            q++;\n        } else {\n            p++;\n        }\n    }\n    return cnt;\n}\n\nint main(){\n    int a, b;\n    cin >> a >> b;\n    vector<int> s(a), t(b);\n\n    for(int i = 0; i < a; i++){\n        cin >> s[i];\n    }\n    for(int i = 0; i < b; i++){\n        cin >> t[i];\n    }\n\n    int ret = 0;\n    for(int i = 0; i < b; i++){\n        ret = max(ret, countMatches(s, t, i));\n    }\n\n    cout << ret << endl;\n}')"

2025-01-26 16:11:30,026	[INFO]	Step: 24
2025-01-26 16:11:30,026	[INFO]	Stop Steps: 50
2025-01-26 16:11:30,544	[DEBUG]	EXEC>  SUCCESS 2421114.375
2025-01-26 16:11:30,544	[INFO]	2-5     SUCCESS               2421114.38 (99.01%) [1 edit(s)]  
2025-01-26 16:11:30,544	[DEBUG]	patch(2-5)="LineLLMCrossover(('source.cpp', 3), '#include<iostream>\n#include<algorithm>\n#include<vector>\nusing namespace std;\n\nint main(){\n    int a, b;\n    cin >> a >> b;\n    vector<int> s(a), t(b);\n\n    for(int i = 0; i < a; i++){\n        cin >> s[i];\n    }\n    for(int i = 0; i < b; i++){\n        cin >> t[i];\n    }\n\n    int ret = 0;\n    for(int i = 0; i < b; i++){\n        int p = 0, q = i;\n        int cnt = 0;\n\n        while(p < a && q < b){\n            if(s[p] == t[q]){\n                cnt++;\n                p++;\n                q++;\n            } else {\n                p++;\n            }\n        }\n\n        ret = max(ret, cnt);\n    }\n\n    cout << ret << endl;\n}')"
2025-01-26 16:11:30,544	[INFO]	Step: 25
2025-01-26 16:11:30,544	[INFO]	Stop Steps: 50
2025-01-26 16:11:31,067	[DEBUG]	EXEC>  SUCCESS 2411493.3125
2025-01-26 16:11:31,067	[INFO]	2-6     SUCCESS               2411493.31 (98.62%) [1 edit(s)]  
2025-01-26 16:11:31,067	[DEBUG]	patch(2-6)="LineLLMCrossover(('source.cpp', 4), '#include <iostream>\n#include <algorithm>\n#include <vector>\nusing namespace std;\n\nint countMatches(const vector<int>& s, const vector<int>& t, int start) {\n    int p = 0, q = start, cnt = 0;\n    while(p < s.size() && q < t.size()){\n        if(s[p] == t[q]){\n            cnt++;\n            p++;\n            q++;\n        } else {\n            p++;\n        }\n    }\n    return cnt;\n}\n\nint main(){\n    int a, b;\n    cin >> a >> b;\n    vector<int> s(a), t(b);\n\n    for(int i = 0; i < a; i++){\n        cin >> s[i];\n    }\n    for(int i = 0; i < b; i++){\n        cin >> t[i];\n    }\n\n    int ret = 0;\n    for(int i = 0; i < b; i++){\n        ret = max(ret, countMatches(s, t, i));\n    }\n\n    cout << ret << endl;\n}')"
2025-01-26 16:11:31,067	[INFO]	Step: 26
2025-01-26 16:11:31,067	[INFO]	Stop Steps: 50
2025-01-26 16:11:31,550	[DEBUG]	EXEC>  SUCCESS 2484132.75
2025-01-26 16:11:31,550	[INFO]	2-7     SUCCESS               2484132.75 (101.59%) [1 edit(s)]  
2025-01-26 16:11:31,550	[DEBUG]	patch(2-7)="LineLLMCrossover(('source.cpp', 5), '#include <iostream>\n#include <algorithm>\nusing namespace std;\n\nint main(){\n    int a, b;\n    int s[5002], t[5002];\n    scanf("%d%d", &a, &b);\n    for(int i = 0; i < a; i++){\n        scanf("%d", &s[i]);\n    }\n    for(int i = 0; i < b; i++){\n        scanf("%d", &t[i]);\n    }\n    \n    int ret = 0;\n    for(int i = 0; i < b; i++){\n        int p = 0, q = i, cnt = 0;\n        while(p < a && q < b){\n            if(s[p] == t[q]){\n                cnt++;\n                p++;\n                q++;\n            } else {\n                p++;\n            }\n        }\n        ret = max(ret, cnt);\n    }\n    printf("%d\\n", ret);\n}')"
2025-01-26 16:11:31,550	[INFO]	Step: 27
2025-01-26 16:11:31,550	[INFO]	Stop Steps: 50
2025-01-26 16:11:31,784	[INFO]	2-8     COMPILE_CODE_ERROR    None (--) [1 edit(s)]  
2025-01-26 16:11:31,784	[DEBUG]	patch(2-8)="LineLLMCrossover(('source.cpp', 6), '#include <iostream>\n#include <algorithm>\n#include <vector>\nusing namespace std;\n\nint countMatches(const vector<int>& s, const vector<int>& t, int start) {\n    int p = 0, q = start, cnt = 0;\n    while(p < s.size() && q < t.size()){\n        if(s[p] == t[q]){\n            cnt++;\n            p++;\n            q++;\n        } else {\n            p++;\n        }\n    }\n    return cnt;\n}\n\nint main(){\n    int a, b;\n    int s[5002], t[5002];\n    scanf("%d%d", &a, &b);\n    for(int i = 0; i < a; i++){\n        scanf("%d", &s[i]);\n    }\n    for(int i = 0; i < b; i++){\n        scanf("%d", &t[i]);\n    }\n\n    int ret = 0;\n    for(int i = 0; i < b; i++){\n        ret = max(ret, countMatches(s, t, i));\n    }\n    printf("%d\\n", ret);\n}')"
2025-01-26 16:11:31,784	[INFO]	Step: 28
2025-01-26 16:11:31,784	[INFO]	Stop Steps: 50
2025-01-26 16:11:32,269	[DEBUG]	EXEC>  SUCCESS 2516864.625
2025-01-26 16:11:32,269	[INFO]	2-9     SUCCESS               2516864.62 (102.93%) [1 edit(s)]  
2025-01-26 16:11:32,269	[DEBUG]	patch(2-9)="LineLLMCrossover(('source.cpp', 7), '#include <iostream>\n#include <algorithm>\nusing namespace std;\n\nint main(){\n    int a, b;\n    int s[5002], t[5002];\n    scanf("%d%d", &a, &b);\n    for(int i = 0; i < a; i++){\n        scanf("%d", &s[i]);\n    }\n    for(int i = 0; i < b; i++){\n        scanf("%d", &t[i]);\n    }\n    \n    int ret = 0;\n    for(int i = 0; i < b; i++){\n        int p = 0, q = i, cnt = 0;\n        while(p < a && q < b){\n            if(s[p] == t[q]){\n                cnt++;\n                p++;\n                q++;\n            } else {\n                p++;\n            }\n        }\n        ret = max(ret, cnt);\n    }\n    printf("%d\\n", ret);\n}')"
2025-01-26 16:11:32,270	[INFO]	Step: 29
2025-01-26 16:11:32,270	[INFO]	Stop Steps: 50
2025-01-26 16:11:32,712	[INFO]	2-10    TEST_CODE_ERROR       None (--) [2 edit(s)]  
2025-01-26 16:11:32,713	[DEBUG]	patch(2-10)="LineLLMMutation(('source.cpp', 8), '#include<iostream>\n#include<algorithm>\n#include<vector>\nusing namespace std;\n\nint countMatches(const vector<int>& s, const vector<int>& t, int start) {\n    int p = 0, q = start, cnt = 0;\n    while(p < s.size() && q < t.size()){\n        if(s[p] == t[q]){\n            cnt++;\n            p++;\n            q++;\n        } else {\n            p++;\n        }\n    }\n    return cnt;\n}\n\nint main(){\n    int a, b;\n    cin >> a >> b;\n    vector<int> s(a), t(b);\n\n    for(int i = 0; i < a; i++){\n        cin >> s[i];\n    }\n    for(int i = 0; i < b; i++){\n        cin >> t[i];\n    }\n\n    int ret = 0;\n    for(int i = 0; i < b; i++){\n        ret = max(ret, countMatches(s, t, i));\n    }\n\n    cout << ret << endl;\n}') | LineLLMMutation(('source.cpp', 17), '#include <iostream>\n#include <algorithm>\n#include <vector>\n#include <unordered_map>\nusing namespace std;\n\nint countMatches(const vector<int>& s, const vector<int>& t, int start) {\n    unordered_map<int, int> countMap;\n    for (int num : s) {\n        countMap[num]++;\n    }\n\n    int cnt = 0;\n    for (int i = start; i < t.size(); i++) {\n        if (countMap[t[i]] > 0) {\n            cnt++;\n            countMap[t[i]]--;\n        }\n    }\n    return cnt;\n}\n\nint main(){\n    int a, b;\n    cin >> a >> b;\n    vector<int> s(a), t(b);\n\n    for(int i = 0; i < a; i++){\n        cin >> s[i];\n    }\n    for(int i = 0; i < b; i++){\n        cin >> t[i];\n    }\n\n    int ret = 0;\n    for(int i = 0; i < b; i++){\n        ret = max(ret, countMatches(s, t, i));\n    }\n\n    cout << ret << endl;\n}')"
2025-01-26 16:11:32,713	[INFO]	Step: 30
2025-01-26 16:11:32,713	[INFO]	Stop Steps: 50
2025-01-26 16:11:33,118	[DEBUG]	EXEC>  SUCCESS 2393573.625
2025-01-26 16:11:33,118	[INFO]	2-1     SUCCESS               2393573.62 (97.89%) [2 edit(s)]  
2025-01-26 16:11:33,118	[DEBUG]	patch(2-1)="LineLLMCrossover(('source.cpp', 3), '#include<iostream>\n#include<algorithm>\n#include<vector>\nusing namespace std;\n\nint main(){\n    int a, b;\n    cin >> a >> b;\n    vector<int> s(a), t(b);\n\n    for(int i = 0; i < a; i++){\n        cin >> s[i];\n    }\n    for(int i = 0; i < b; i++){\n        cin >> t[i];\n    }\n\n    int ret = 0;\n    for(int i = 0; i < b; i++){\n        int p = 0, q = i;\n        int cnt = 0;\n\n        while(p < a && q < b){\n            if(s[p] == t[q]){\n                cnt++;\n                p++;\n                q++;\n            } else {\n                p++;\n            }\n        }\n\n        ret = max(ret, cnt);\n    }\n\n    cout << ret << endl;\n}') | LineLLMMutation(('source.cpp', 18), '#include <cstdio>\n#include <algorithm>\n#include <vector>\nusing namespace std;\n\nint main(){\n    int a, b;\n    scanf("%d %d", &a, &b);\n    vector<int> s(a), t(b);\n\n    for(int i = 0; i < a; i++){\n        scanf("%d", &s[i]);\n    }\n    for(int i = 0; i < b; i++){\n        scanf("%d", &t[i]);\n    }\n\n    int ret = 0;\n    for(int i = 0; i < b; i++){\n        int p = 0, q = i;\n        int cnt = 0;\n\n        while(p < a && q < b){\n            if(s[p] == t[q]){\n                cnt++;\n                p++;\n                q++;\n            } else {\n                p++;\n            }\n        }\n\n        ret = max(ret, cnt);\n    }\n\n    printf("%d\\n", ret);\n}')"
2025-01-26 16:11:33,118	[INFO]	Step: 31
2025-01-26 16:11:33,118	[INFO]	Stop Steps: 50
2025-01-26 16:11:33,553	[INFO]	2-2     TEST_CODE_ERROR       None (--) [2 edit(s)]  
2025-01-26 16:11:33,553	[DEBUG]	patch(2-2)="LineLLMMutation(('source.cpp', 5), '#include<iostream>\n#include<algorithm>\n#include<vector>\nusing namespace std;\n\nint main(){\n    int a, b;\n    cin >> a >> b;\n    vector<int> s(a), t(b);\n\n    for(int i = 0; i < a; i++){\n        cin >> s[i];\n    }\n    for(int i = 0; i < b; i++){\n        cin >> t[i];\n    }\n\n    int ret = 0;\n    for(int i = 0; i < b; i++){\n        int p = 0, q = i;\n        int cnt = 0;\n\n        while(p < a && q < b){\n            if(s[p] == t[q]){\n                cnt++;\n                p++;\n                q++;\n            } else {\n                p++;\n            }\n        }\n\n        ret = max(ret, cnt);\n    }\n\n    cout << ret << endl;\n}') | LineLLMMutation(('source.cpp', 19), '#include <iostream>\n#include <algorithm>\n#include <vector>\n#include <unordered_map>\nusing namespace std;\n\nint main() {\n    int a, b;\n    cin >> a >> b;\n    vector<int> s(a), t(b);\n\n    for(int i = 0; i < a; i++) {\n        cin >> s[i];\n    }\n    for(int i = 0; i < b; i++) {\n        cin >> t[i];\n    }\n\n    unordered_map<int, int> frequency;\n    for (int x : s) {\n        frequency[x]++;\n    }\n\n    int ret = 0;\n    for (int i = 0; i < b; i++) {\n        if (frequency.find(t[i]) != frequency.end()) {\n            ret = max(ret, frequency[t[i]]);\n        }\n    }\n\n    cout << ret << endl;\n}')"
2025-01-26 16:11:33,553	[INFO]	Step: 32
2025-01-26 16:11:33,553	[INFO]	Stop Steps: 50
2025-01-26 16:11:33,955	[INFO]	2-3     TEST_CODE_ERROR       None (--) [2 edit(s)]  
2025-01-26 16:11:33,955	[DEBUG]	patch(2-3)="LineLLMMutation(('source.cpp', 16), '#include<iostream>\n#include<algorithm>\nusing namespace std;\n\nint main(){\n    int a,b;\n    int s[5002],t[5002];\n    scanf("%d%d",&a,&b);\n    for(int i=0;i<a;i++){\n        scanf("%d",&s[i]);\n    }\n    for(int i=0;i<b;i++){\n        scanf("%d",&t[i]);\n    }\n    int ret=0;\n    for(int i=0;i<b-ret;i++){\n        int p=0,q=i;\n        int cnt=0;\n        while(1){\n            if(s[p]==t[q]){\n                cnt++;\n                p++;\n                q++;\n            }\n            else {\n                p++;\n            }\n            if(p==a)break;\n        }\n        ret=max(ret,cnt);\n    }\n    printf("%d\\n",ret);\n}') | LineLLMMutation(('source.cpp', 20), '#include <iostream>\n#include <algorithm>\n#include <unordered_map>\nusing namespace std;\n\nint main() {\n    int a, b;\n    int s[5002], t[5002];\n    scanf("%d%d", &a, &b);\n    for (int i = 0; i < a; i++) {\n        scanf("%d", &s[i]);\n    }\n    for (int i = 0; i < b; i++) {\n        scanf("%d", &t[i]);\n    }\n\n    unordered_map<int, int> count_map;\n    for (int i = 0; i < a; i++) {\n        count_map[s[i]]++;\n    }\n\n    int ret = 0;\n    for (int i = 0; i < b; i++) {\n        if (count_map.find(t[i]) != count_map.end()) {\n            ret++;\n        }\n    }\n    printf("%d\\n", ret);\n}')"
2025-01-26 16:11:33,955	[INFO]	Step: 33
2025-01-26 16:11:33,955	[INFO]	Stop Steps: 50
2025-01-26 16:11:34,440	[DEBUG]	EXEC>  SUCCESS 2460488.3125
2025-01-26 16:11:34,440	[INFO]	2-4     SUCCESS               2460488.31 (100.62%) [1 edit(s)]  
2025-01-26 16:11:34,440	[DEBUG]	patch(2-4)="LineLLMMutation(('source.cpp', 21), '#include<iostream>\n#include<algorithm>\nusing namespace std;\n\nint main(){\n    int a,b;\n    int s[5002],t[5002];\n    scanf("%d%d",&a,&b);\n    for(int i=0;i<a;i++){\n        scanf("%d",&s[i]);\n    }\n    for(int i=0;i<b;i++){\n        scanf("%d",&t[i]);\n    }\n    int ret=0;\n    for(int i=0;i<b-ret;i++){\n        int p=0,q=i;\n        int cnt=0;\n        while(1){\n            if(s[p]==t[q]){\n                cnt++;\n                p++;\n                q++;\n            }\n            else {\n                p++;\n            }\n            if(p==a)break;\n        }\n        ret=max(ret,cnt);\n    }\n    printf("%d\\n",ret);\n}')"
2025-01-26 16:11:34,440	[INFO]	Step: 34
2025-01-26 16:11:34,440	[INFO]	Stop Steps: 50
2025-01-26 16:11:34,915	[DEBUG]	EXEC>  SUCCESS 2488656.375
2025-01-26 16:11:34,916	[INFO]	2-5     SUCCESS               2488656.38 (101.78%) [1 edit(s)]  
2025-01-26 16:11:34,916	[DEBUG]	patch(2-5)="LineLLMMutation(('source.cpp', 22), '#include<iostream>\n#include<algorithm>\nusing namespace std;\n\nint main(){\n    int a,b;\n    int s[5002],t[5002];\n    scanf("%d%d",&a,&b);\n    for(int i=0;i<a;i++){\n        scanf("%d",&s[i]);\n    }\n    for(int i=0;i<b;i++){\n        scanf("%d",&t[i]);\n    }\n    int ret=0;\n    for(int i=0;i<b-ret;i++){\n        int p=0,q=i;\n        int cnt=0;\n        while(1){\n            if(s[p]==t[q]){\n                cnt++;\n                p++;\n                q++;\n            }\n            else {\n                p++;\n            }\n            if(p==a)break;\n        }\n        ret=max(ret,cnt);\n    }\n    printf("%d\\n",ret);\n}')"
2025-01-26 16:11:34,916	[INFO]	Step: 35
2025-01-26 16:11:34,916	[INFO]	Stop Steps: 50
2025-01-26 16:11:35,401	[DEBUG]	EXEC>  SUCCESS 2503022.6875
2025-01-26 16:11:35,402	[INFO]	2-6     SUCCESS               2503022.69 (102.36%) [1 edit(s)]  
2025-01-26 16:11:35,402	[DEBUG]	patch(2-6)="LineLLMMutation(('source.cpp', 23), '#include<iostream>\n#include<algorithm>\nusing namespace std;\n\nint main(){\n    int a,b;\n    int s[5002],t[5002];\n    scanf("%d%d",&a,&b);\n    for(int i=0;i<a;i++){\n        scanf("%d",&s[i]);\n    }\n    for(int i=0;i<b;i++){\n        scanf("%d",&t[i]);\n    }\n    int ret=0;\n    for(int i=0;i<b-ret;i++){\n        int p=0,q=i;\n        int cnt=0;\n        while(1){\n            if(s[p]==t[q]){\n                cnt++;\n                p++;\n                q++;\n            }\n            else {\n                p++;\n            }\n            if(p==a)break;\n        }\n        ret=max(ret,cnt);\n    }\n    printf("%d\\n",ret);\n}')"
2025-01-26 16:11:35,402	[INFO]	Step: 36
2025-01-26 16:11:35,402	[INFO]	Stop Steps: 50
2025-01-26 16:11:36,890	[DEBUG]	EXEC>  SUCCESS 2482544.625
2025-01-26 16:11:36,890	[INFO]	REF     SUCCESS               2482544.62 (--) [0 edit(s)]  
2025-01-26 16:11:36,890	[INFO]	Best patch: 8
2025-01-26 16:11:37,406	[DEBUG]	EXEC>  SUCCESS 2380344.25
2025-01-26 16:11:37,406	[INFO]	BEST    SUCCESS              *2380344.25 (95.88%) [0 edit(s)]  
2025-01-26 16:11:37,406	[INFO]	Best patch step: 23
2025-01-26 16:12:35,008	[INFO]	Step: 36
2025-01-26 16:12:35,008	[INFO]	Stop Steps: 50
2025-01-26 16:12:35,646	[DEBUG]	EXEC>  SUCCESS 2373332.5625
2025-01-26 16:12:35,646	[INFO]	3-7     SUCCESS              *2373332.56 (95.60%) [1 edit(s)]  
2025-01-26 16:12:35,646	[DEBUG]	patch(3-7)="LineLLMMutation(('source.cpp', 8), '#include<iostream>\n#include<algorithm>\n#include<vector>\nusing namespace std;\n\nint countMatches(const vector<int>& s, const vector<int>& t, int start) {\n    int p = 0, q = start, cnt = 0;\n    while(p < s.size() && q < t.size()){\n        if(s[p] == t[q]){\n            cnt++;\n            p++;\n            q++;\n        } else {\n            p++;\n        }\n    }\n    return cnt;\n}\n\nint main(){\n    int a, b;\n    cin >> a >> b;\n    vector<int> s(a), t(b);\n\n    for(int i = 0; i < a; i++){\n        cin >> s[i];\n    }\n    for(int i = 0; i < b; i++){\n        cin >> t[i];\n    }\n\n    int ret = 0;\n    for(int i = 0; i < b; i++){\n        ret = max(ret, countMatches(s, t, i));\n    }\n\n    cout << ret << endl;\n}')"

2025-01-26 16:12:35,646	[INFO]	Step: 37
2025-01-26 16:12:35,647	[INFO]	Stop Steps: 50
2025-01-26 16:12:36,051	[DEBUG]	EXEC>  SUCCESS 2442319.375
2025-01-26 16:12:36,052	[INFO]	3-8     SUCCESS               2442319.38 (98.38%) [2 edit(s)]  
2025-01-26 16:12:36,052	[DEBUG]	patch(3-8)="LineLLMCrossover(('source.cpp', 3), '#include<iostream>\n#include<algorithm>\n#include<vector>\nusing namespace std;\n\nint main(){\n    int a, b;\n    cin >> a >> b;\n    vector<int> s(a), t(b);\n\n    for(int i = 0; i < a; i++){\n        cin >> s[i];\n    }\n    for(int i = 0; i < b; i++){\n        cin >> t[i];\n    }\n\n    int ret = 0;\n    for(int i = 0; i < b; i++){\n        int p = 0, q = i;\n        int cnt = 0;\n\n        while(p < a && q < b){\n            if(s[p] == t[q]){\n                cnt++;\n                p++;\n                q++;\n            } else {\n                p++;\n            }\n        }\n\n        ret = max(ret, cnt);\n    }\n\n    cout << ret << endl;\n}') | LineLLMMutation(('source.cpp', 18), '#include <cstdio>\n#include <algorithm>\n#include <vector>\nusing namespace std;\n\nint main(){\n    int a, b;\n    scanf("%d %d", &a, &b);\n    vector<int> s(a), t(b);\n\n    for(int i = 0; i < a; i++){\n        scanf("%d", &s[i]);\n    }\n    for(int i = 0; i < b; i++){\n        scanf("%d", &t[i]);\n    }\n\n    int ret = 0;\n    for(int i = 0; i < b; i++){\n        int p = 0, q = i;\n        int cnt = 0;\n\n        while(p < a && q < b){\n            if(s[p] == t[q]){\n                cnt++;\n                p++;\n                q++;\n            } else {\n                p++;\n            }\n        }\n\n        ret = max(ret, cnt);\n    }\n\n    printf("%d\\n", ret);\n}')"
2025-01-26 16:12:36,052	[INFO]	Step: 38
2025-01-26 16:12:36,052	[INFO]	Stop Steps: 50
2025-01-26 16:12:36,461	[DEBUG]	EXEC>  SUCCESS 2383610.25
2025-01-26 16:12:36,461	[INFO]	3-9     SUCCESS               2383610.25 (96.01%) [1 edit(s)]  
2025-01-26 16:12:36,462	[DEBUG]	patch(3-9)="LineLLMCrossover(('source.cpp', 8), '#include <cstdio>\n#include <algorithm>\n#include <vector>\nusing namespace std;\n\nint countMatches(const vector<int>& s, const vector<int>& t, int start) {\n    int p = 0, q = start, cnt = 0;\n    while(p < s.size() && q < t.size()){\n        if(s[p] == t[q]){\n            cnt++;\n            p++;\n            q++;\n        } else {\n            p++;\n        }\n    }\n    return cnt;\n}\n\nint main(){\n    int a, b;\n    scanf("%d %d", &a, &b);\n    vector<int> s(a), t(b);\n\n    for(int i = 0; i < a; i++){\n        scanf("%d", &s[i]);\n    }\n    for(int i = 0; i < b; i++){\n        scanf("%d", &t[i]);\n    }\n\n    int ret = 0;\n    for(int i = 0; i < b; i++){\n        ret = max(ret, countMatches(s, t, i));\n    }\n\n    printf("%d\\n", ret);\n}')"
2025-01-26 16:12:36,462	[INFO]	Step: 39
2025-01-26 16:12:36,462	[INFO]	Stop Steps: 50
2025-01-26 16:12:36,873	[DEBUG]	EXEC>  SUCCESS 2393694.3125
2025-01-26 16:12:36,873	[INFO]	3-10    SUCCESS               2393694.31 (96.42%) [1 edit(s)]  
2025-01-26 16:12:36,873	[DEBUG]	patch(3-10)="LineLLMCrossover(('source.cpp', 9), '#include <cstdio>\n#include <algorithm>\n#include <vector>\nusing namespace std;\n\nint main(){\n    int a, b;\n    scanf("%d %d", &a, &b);\n    vector<int> s(a), t(b);\n\n    for(int i = 0; i < a; i++){\n        scanf("%d", &s[i]);\n    }\n    for(int i = 0; i < b; i++){\n        scanf("%d", &t[i]);\n    }\n\n    int ret = 0;\n    for(int i = 0; i < b; i++){\n        int p = 0, q = i;\n        int cnt = 0;\n\n        while(p < a && q < b){\n            if(s[p] == t[q]){\n                cnt++;\n                p++;\n                q++;\n            } else {\n                p++;\n            }\n        }\n\n        ret = max(ret, cnt);\n    }\n\n    printf("%d\\n", ret);\n}')"
2025-01-26 16:12:36,873	[INFO]	Step: 40
2025-01-26 16:12:36,873	[INFO]	Stop Steps: 50
2025-01-26 16:12:37,283	[DEBUG]	EXEC>  SUCCESS 2441664.75
2025-01-26 16:12:37,284	[INFO]	3-1     SUCCESS               2441664.75 (98.35%) [1 edit(s)]  
2025-01-26 16:12:37,284	[DEBUG]	patch(3-1)="LineLLMCrossover(('source.cpp', 10), '#include <cstdio>\n#include <algorithm>\n#include <vector>\nusing namespace std;\n\nint countMatches(const vector<int>& s, const vector<int>& t, int start) {\n    int p = 0, q = start, cnt = 0;\n    while (p < s.size() && q < t.size()) {\n        if (s[p] == t[q]) {\n            cnt++;\n            p++;\n            q++;\n        } else {\n            p++;\n        }\n    }\n    return cnt;\n}\n\nint main() {\n    int a, b;\n    scanf("%d %d", &a, &b);\n    vector<int> s(a), t(b);\n\n    for (int i = 0; i < a; i++) {\n        scanf("%d", &s[i]);\n    }\n    for (int i = 0; i < b; i++) {\n        scanf("%d", &t[i]);\n    }\n\n    int ret = 0;\n    for (int i = 0; i < b; i++) {\n        ret = max(ret, countMatches(s, t, i));\n    }\n\n    printf("%d\\n", ret);\n}')"
2025-01-26 16:12:37,284	[INFO]	Step: 41
2025-01-26 16:12:37,284	[INFO]	Stop Steps: 50
2025-01-26 16:12:37,690	[DEBUG]	EXEC>  SUCCESS 2386693.375
2025-01-26 16:12:37,690	[INFO]	3-2     SUCCESS               2386693.38 (96.14%) [1 edit(s)]  
2025-01-26 16:12:37,690	[DEBUG]	patch(3-2)="LineLLMCrossover(('source.cpp', 11), '#include <cstdio>\n#include <algorithm>\n#include <vector>\nusing namespace std;\n\nint main() {\n    int a, b;\n    scanf("%d %d", &a, &b);\n    vector<int> s(a), t(b);\n\n    for (int i = 0; i < a; i++) {\n        scanf("%d", &s[i]);\n    }\n    for (int i = 0; i < b; i++) {\n        scanf("%d", &t[i]);\n    }\n\n    int ret = 0;\n    for (int i = 0; i < b; i++) {\n        int p = 0, q = i, cnt = 0;\n\n        while (p < a && q < b) {\n            if (s[p] == t[q]) {\n                cnt++;\n                p++;\n                q++;\n            } else {\n                p++;\n            }\n        }\n\n        ret = max(ret, cnt);\n    }\n\n    printf("%d\\n", ret);\n}')"
2025-01-26 16:12:37,690	[INFO]	Step: 42
2025-01-26 16:12:37,690	[INFO]	Stop Steps: 50
2025-01-26 16:12:38,219	[DEBUG]	EXEC>  SUCCESS 2509097.6875
2025-01-26 16:12:38,219	[INFO]	3-3     SUCCESS               2509097.69 (101.07%) [2 edit(s)]  
2025-01-26 16:12:38,219	[DEBUG]	patch(3-3)="LineLLMMutation(('source.cpp', 8), '#include<iostream>\n#include<algorithm>\n#include<vector>\nusing namespace std;\n\nint countMatches(const vector<int>& s, const vector<int>& t, int start) {\n    int p = 0, q = start, cnt = 0;\n    while(p < s.size() && q < t.size()){\n        if(s[p] == t[q]){\n            cnt++;\n            p++;\n            q++;\n        } else {\n            p++;\n        }\n    }\n    return cnt;\n}\n\nint main(){\n    int a, b;\n    cin >> a >> b;\n    vector<int> s(a), t(b);\n\n    for(int i = 0; i < a; i++){\n        cin >> s[i];\n    }\n    for(int i = 0; i < b; i++){\n        cin >> t[i];\n    }\n\n    int ret = 0;\n    for(int i = 0; i < b; i++){\n        ret = max(ret, countMatches(s, t, i));\n    }\n\n    cout << ret << endl;\n}') | LineLLMMutation(('source.cpp', 24), '#include <iostream>\n#include <algorithm>\n#include <vector>\nusing namespace std;\n\nint countMatches(const vector<int>& s, const vector<int>& t, int start) {\n    int cnt = 0;\n    for (int p = 0, q = start; p < s.size() && q < t.size(); ) {\n        if (s[p] == t[q]) {\n            cnt++;\n            p++;\n            q++;\n        } else {\n            p++;\n        }\n    }\n    return cnt;\n}\n\nint main(){\n    int a, b;\n    cin >> a >> b;\n    vector<int> s(a), t(b);\n\n    for(int i = 0; i < a; i++){\n        cin >> s[i];\n    }\n    for(int i = 0; i < b; i++){\n        cin >> t[i];\n    }\n\n    int ret = 0;\n    for(int i = 0; i < b; i++){\n        ret = max(ret, countMatches(s, t, i));\n    }\n\n    cout << ret << endl;\n}')"
2025-01-26 16:12:38,219	[INFO]	Step: 43
2025-01-26 16:12:38,219	[INFO]	Stop Steps: 50
2025-01-26 16:12:38,575	[INFO]	3-4     TEST_CODE_ERROR       None (--) [3 edit(s)]  
2025-01-26 16:12:38,575	[DEBUG]	patch(3-4)="LineLLMCrossover(('source.cpp', 3), '#include<iostream>\n#include<algorithm>\n#include<vector>\nusing namespace std;\n\nint main(){\n    int a, b;\n    cin >> a >> b;\n    vector<int> s(a), t(b);\n\n    for(int i = 0; i < a; i++){\n        cin >> s[i];\n    }\n    for(int i = 0; i < b; i++){\n        cin >> t[i];\n    }\n\n    int ret = 0;\n    for(int i = 0; i < b; i++){\n        int p = 0, q = i;\n        int cnt = 0;\n\n        while(p < a && q < b){\n            if(s[p] == t[q]){\n                cnt++;\n                p++;\n                q++;\n            } else {\n                p++;\n            }\n        }\n\n        ret = max(ret, cnt);\n    }\n\n    cout << ret << endl;\n}') | LineLLMMutation(('source.cpp', 18), '#include <cstdio>\n#include <algorithm>\n#include <vector>\nusing namespace std;\n\nint main(){\n    int a, b;\n    scanf("%d %d", &a, &b);\n    vector<int> s(a), t(b);\n\n    for(int i = 0; i < a; i++){\n        scanf("%d", &s[i]);\n    }\n    for(int i = 0; i < b; i++){\n        scanf("%d", &t[i]);\n    }\n\n    int ret = 0;\n    for(int i = 0; i < b; i++){\n        int p = 0, q = i;\n        int cnt = 0;\n\n        while(p < a && q < b){\n            if(s[p] == t[q]){\n                cnt++;\n                p++;\n                q++;\n            } else {\n                p++;\n            }\n        }\n\n        ret = max(ret, cnt);\n    }\n\n    printf("%d\\n", ret);\n}') | LineLLMMutation(('source.cpp', 25), '#include <cstdio>\n#include <algorithm>\n#include <vector>\n#include <unordered_set>\nusing namespace std;\n\nint main(){\n    int a, b;\n    scanf("%d %d", &a, &b);\n    vector<int> s(a), t(b);\n\n    for(int i = 0; i < a; i++){\n        scanf("%d", &s[i]);\n    }\n    for(int i = 0; i < b; i++){\n        scanf("%d", &t[i]);\n    }\n\n    unordered_set<int> setS(s.begin(), s.end());\n    int ret = 0;\n\n    for(int i = 0; i < b; i++){\n        if(setS.find(t[i]) != setS.end()) {\n            int cnt = 0;\n            for(int j = i; j < b; j++) {\n                if(setS.find(t[j]) != setS.end()) {\n                    cnt++;\n                }\n            }\n            ret = max(ret, cnt);\n        }\n    }\n\n    printf("%d\\n", ret);\n}')"
2025-01-26 16:12:38,575	[INFO]	Step: 44
2025-01-26 16:12:38,576	[INFO]	Stop Steps: 50
2025-01-26 16:12:39,088	[DEBUG]	EXEC>  SUCCESS 2375376.75
2025-01-26 16:12:39,088	[INFO]	3-5     SUCCESS               2375376.75 (95.68%) [2 edit(s)]  
2025-01-26 16:12:39,088	[DEBUG]	patch(3-5)="LineLLMCrossover(('source.cpp', 4), '#include <iostream>\n#include <algorithm>\n#include <vector>\nusing namespace std;\n\nint countMatches(const vector<int>& s, const vector<int>& t, int start) {\n    int p = 0, q = start, cnt = 0;\n    while(p < s.size() && q < t.size()){\n        if(s[p] == t[q]){\n            cnt++;\n            p++;\n            q++;\n        } else {\n            p++;\n        }\n    }\n    return cnt;\n}\n\nint main(){\n    int a, b;\n    cin >> a >> b;\n    vector<int> s(a), t(b);\n\n    for(int i = 0; i < a; i++){\n        cin >> s[i];\n    }\n    for(int i = 0; i < b; i++){\n        cin >> t[i];\n    }\n\n    int ret = 0;\n    for(int i = 0; i < b; i++){\n        ret = max(ret, countMatches(s, t, i));\n    }\n\n    cout << ret << endl;\n}') | LineLLMMutation(('source.cpp', 26), '#include <iostream>\n#include <algorithm>\n#include <vector>\nusing namespace std;\n\nint countMatches(const vector<int>& s, const vector<int>& t, int start) {\n    int p = 0, q = start, cnt = 0;\n    while(p < s.size() && q < t.size()){\n        if(s[p] == t[q]){\n            cnt++;\n            p++;\n            q++;\n        } else {\n            p++;  // This can be modified to only increment q when a match is not found\n        }\n    }\n    return cnt;\n}\n\nint main(){\n    int a, b;\n    cin >> a >> b;\n    vector<int> s(a), t(b);\n\n    for(int i = 0; i < a; i++){\n        cin >> s[i];\n    }\n    for(int i = 0; i < b; i++){\n        cin >> t[i];\n    }\n\n    int ret = 0;\n    for(int i = 0; i < b; i++){\n        ret = max(ret, countMatches(s, t, i));\n    }\n\n    cout << ret << endl;\n}')"
2025-01-26 16:12:39,088	[INFO]	Step: 45
2025-01-26 16:12:39,088	[INFO]	Stop Steps: 50
2025-01-26 16:12:39,547	[INFO]	3-6     TEST_CODE_ERROR       None (--) [2 edit(s)]  
2025-01-26 16:12:39,547	[DEBUG]	patch(3-6)="LineLLMCrossover(('source.cpp', 3), '#include<iostream>\n#include<algorithm>\n#include<vector>\nusing namespace std;\n\nint main(){\n    int a, b;\n    cin >> a >> b;\n    vector<int> s(a), t(b);\n\n    for(int i = 0; i < a; i++){\n        cin >> s[i];\n    }\n    for(int i = 0; i < b; i++){\n        cin >> t[i];\n    }\n\n    int ret = 0;\n    for(int i = 0; i < b; i++){\n        int p = 0, q = i;\n        int cnt = 0;\n\n        while(p < a && q < b){\n            if(s[p] == t[q]){\n                cnt++;\n                p++;\n                q++;\n            } else {\n                p++;\n            }\n        }\n\n        ret = max(ret, cnt);\n    }\n\n    cout << ret << endl;\n}') | LineLLMMutation(('source.cpp', 27), '#include <iostream>\n#include <algorithm>\n#include <vector>\n#include <unordered_set>\nusing namespace std;\n\nint main() {\n    int a, b;\n    cin >> a >> b;\n    vector<int> s(a), t(b);\n\n    for (int i = 0; i < a; i++) {\n        cin >> s[i];\n    }\n    for (int i = 0; i < b; i++) {\n        cin >> t[i];\n    }\n\n    unordered_set<int> set_s(s.begin(), s.end());\n    int ret = 0;\n\n    for (int i = 0; i < b; i++) {\n        if (set_s.find(t[i]) != set_s.end()) {\n            ret++;\n        }\n    }\n\n    cout << ret << endl;\n}')"
2025-01-26 16:12:39,547	[INFO]	Step: 46
2025-01-26 16:12:39,547	[INFO]	Stop Steps: 50
2025-01-26 16:12:39,812	[INFO]	3-7     COMPILE_CODE_ERROR    None (--) [1 edit(s)]  
2025-01-26 16:12:39,812	[DEBUG]	patch(3-7)="LineLLMMutation(('source.cpp', 28), '#include<iostream>')"
2025-01-26 16:12:39,812	[INFO]	Step: 47
2025-01-26 16:12:39,812	[INFO]	Stop Steps: 50
2025-01-26 16:12:41,298	[DEBUG]	EXEC>  SUCCESS 2437365.0625
2025-01-26 16:12:41,298	[INFO]	REF     SUCCESS               2437365.06 (--) [0 edit(s)]  
2025-01-26 16:12:41,298	[INFO]	Best patch: 8
2025-01-26 16:12:41,812	[DEBUG]	EXEC>  SUCCESS 2379782.625
2025-01-26 16:12:41,813	[INFO]	BEST    SUCCESS              *2379782.62 (97.64%) [0 edit(s)]  
2025-01-26 16:12:41,813	[INFO]	Best patch step: 36
2025-01-26 16:13:39,128	[INFO]	Step: 47
2025-01-26 16:13:39,129	[INFO]	Stop Steps: 50
2025-01-26 16:13:39,771	[DEBUG]	EXEC>  SUCCESS 2380618.5625
2025-01-26 16:13:39,772	[INFO]	4-8     SUCCESS              +2380618.56 (97.67%) [1 edit(s)]  
2025-01-26 16:13:39,772	[DEBUG]	patch(4-8)="LineLLMMutation(('source.cpp', 8), '#include<iostream>\n#include<algorithm>\n#include<vector>\nusing namespace std;\n\nint countMatches(const vector<int>& s, const vector<int>& t, int start) {\n    int p = 0, q = start, cnt = 0;\n    while(p < s.size() && q < t.size()){\n        if(s[p] == t[q]){\n            cnt++;\n            p++;\n            q++;\n        } else {\n            p++;\n        }\n    }\n    return cnt;\n}\n\nint main(){\n    int a, b;\n    cin >> a >> b;\n    vector<int> s(a), t(b);\n\n    for(int i = 0; i < a; i++){\n        cin >> s[i];\n    }\n    for(int i = 0; i < b; i++){\n        cin >> t[i];\n    }\n\n    int ret = 0;\n    for(int i = 0; i < b; i++){\n        ret = max(ret, countMatches(s, t, i));\n    }\n\n    cout << ret << endl;\n}')"
2025-01-26 16:13:39,772	[INFO]	Step: 48
2025-01-26 16:13:39,772	[INFO]	Stop Steps: 50
2025-01-26 16:13:40,296	[DEBUG]	EXEC>  SUCCESS 2381580.4375
2025-01-26 16:13:40,296	[INFO]	4-9     SUCCESS               2381580.44 (97.71%) [2 edit(s)]  
2025-01-26 16:13:40,296	[DEBUG]	patch(4-9)="LineLLMCrossover(('source.cpp', 4), '#include <iostream>\n#include <algorithm>\n#include <vector>\nusing namespace std;\n\nint countMatches(const vector<int>& s, const vector<int>& t, int start) {\n    int p = 0, q = start, cnt = 0;\n    while(p < s.size() && q < t.size()){\n        if(s[p] == t[q]){\n            cnt++;\n            p++;\n            q++;\n        } else {\n            p++;\n        }\n    }\n    return cnt;\n}\n\nint main(){\n    int a, b;\n    cin >> a >> b;\n    vector<int> s(a), t(b);\n\n    for(int i = 0; i < a; i++){\n        cin >> s[i];\n    }\n    for(int i = 0; i < b; i++){\n        cin >> t[i];\n    }\n\n    int ret = 0;\n    for(int i = 0; i < b; i++){\n        ret = max(ret, countMatches(s, t, i));\n    }\n\n    cout << ret << endl;\n}') | LineLLMMutation(('source.cpp', 26), '#include <iostream>\n#include <algorithm>\n#include <vector>\nusing namespace std;\n\nint countMatches(const vector<int>& s, const vector<int>& t, int start) {\n    int p = 0, q = start, cnt = 0;\n    while(p < s.size() && q < t.size()){\n        if(s[p] == t[q]){\n            cnt++;\n            p++;\n            q++;\n        } else {\n            p++;  // This can be modified to only increment q when a match is not found\n        }\n    }\n    return cnt;\n}\n\nint main(){\n    int a, b;\n    cin >> a >> b;\n    vector<int> s(a), t(b);\n\n    for(int i = 0; i < a; i++){\n        cin >> s[i];\n    }\n    for(int i = 0; i < b; i++){\n        cin >> t[i];\n    }\n\n    int ret = 0;\n    for(int i = 0; i < b; i++){\n        ret = max(ret, countMatches(s, t, i));\n    }\n\n    cout << ret << endl;\n}')"
2025-01-26 16:13:40,296	[INFO]	Step: 49
2025-01-26 16:13:40,296	[INFO]	Stop Steps: 50
2025-01-26 16:13:40,720	[DEBUG]	EXEC>  SUCCESS 2401090.3125
2025-01-26 16:13:40,720	[INFO]	4-10    SUCCESS               2401090.31 (98.51%) [1 edit(s)]  
2025-01-26 16:13:40,721	[DEBUG]	patch(4-10)="LineLLMCrossover(('source.cpp', 12), '#include <cstdio>\n#include <algorithm>\n#include <vector>\nusing namespace std;\n\nint countMatches(const vector<int>& s, const vector<int>& t, int start) {\n    int p = 0, q = start, cnt = 0;\n    while(p < s.size() && q < t.size()){\n        if(s[p] == t[q]){\n            cnt++;\n            p++;\n            q++;\n        } else {\n            p++;\n        }\n    }\n    return cnt;\n}\n\nint main() {\n    int a, b;\n    scanf("%d %d", &a, &b);\n    vector<int> s(a), t(b);\n\n    for (int i = 0; i < a; i++) {\n        scanf("%d", &s[i]);\n    }\n    for (int i = 0; i < b; i++) {\n        scanf("%d", &t[i]);\n    }\n\n    int ret = 0;\n    for (int i = 0; i < b; i++) {\n        ret = max(ret, countMatches(s, t, i));\n    }\n\n    printf("%d\\n", ret);\n}')"
2025-01-26 16:13:40,721	[INFO]	Step: 50
2025-01-26 16:13:40,721	[INFO]	Stop Steps: 50
2025-01-26 16:13:40,721	[INFO]	(Abstract Algorithm) Stopping Condition: step budget
2025-01-26 16:13:40,721	[INFO]	Step: 50
2025-01-26 16:13:40,721	[INFO]	Stop Steps: 50
2025-01-26 16:13:41,503	[INFO]	~~~~ END ~~~~
2025-01-26 16:13:41,504	[INFO]	Best patch step: 36
2025-01-26 16:13:41,504	[INFO]	
2025-01-26 16:13:41,504	[INFO]	==== REPORT ====
2025-01-26 16:13:41,504	[INFO]	Termination: step budget
2025-01-26 16:13:41,504	[INFO]	Log file: /home/ubuntu/eoc/magpie2/_magpie_logs/0190_1737907726.log
2025-01-26 16:13:41,504	[INFO]	Patch file: _magpie_logs/0190_1737907726.patch
2025-01-26 16:13:41,504	[INFO]	Diff file: _magpie_logs/0190_1737907726.diff
2025-01-26 16:13:41,504	[INFO]	Reference fitness: 2437365.06
2025-01-26 16:13:41,504	[INFO]	Best fitness: 2379782.62
2025-01-26 16:13:41,504	[INFO]	
2025-01-26 16:13:41,505	[INFO]	==== BEST PATCH ====
LineLLMMutation(('source.cpp', 8), '#include<iostream>\n#include<algorithm>\n#include<vector>\nusing namespace std;\n\nint countMatches(const vector<int>& s, const vector<int>& t, int start) {\n    int p = 0, q = start, cnt = 0;\n    while(p < s.size() && q < t.size()){\n        if(s[p] == t[q]){\n            cnt++;\n            p++;\n            q++;\n        } else {\n            p++;\n        }\n    }\n    return cnt;\n}\n\nint main(){\n    int a, b;\n    cin >> a >> b;\n    vector<int> s(a), t(b);\n\n    for(int i = 0; i < a; i++){\n        cin >> s[i];\n    }\n    for(int i = 0; i < b; i++){\n        cin >> t[i];\n    }\n\n    int ret = 0;\n    for(int i = 0; i < b; i++){\n        ret = max(ret, countMatches(s, t, i));\n    }\n\n    cout << ret << endl;\n}')
2025-01-26 16:13:41,505	[INFO]	
2025-01-26 16:13:41,505	[INFO]	==== DIFF ====

