2025-01-26 18:13:15,352	[DEBUG]	==== CONFIG ====
[magpie]
import = 
seed = 3743833816321992
log_dir = _magpie_logs
work_dir = _magpie_work
local_original_copy = True
local_original_name = __original__
output_encoding = ascii
edit_retries = 10
default_timeout = 30
default_lengthout = 10000.0
diff_method = unified
trust_local_filesystem = True

[magpie.log]
color_output = True
format_info = {counter:<7} {status:<20} {best}{fitness} ({ratio}) [{size}] {cached} {log}
format_debug = patch({counter})="{patch}"{diffifbest}
format_fitness = {:.2f}
format_ratio = {:.2%%}
format_patchif = 
	 --> {patch}
format_diffif = 
	{diff}

[software]
path = dataset/magpie_dataset/train/0205
target_files = 
	source.cpp
software = BasicSoftware
model_rules = 
	*.params : ParamFileConfigModel
	*.xml : SrcmlModel
	* : LineModel
model_config = 
	*.params : [paramconfig]
	*.xml : [srcml]
init_cmd = 
init_timeout = 60
init_lengthout = -1
setup_cmd = bash setup.sh
setup_timeout = 
setup_lengthout = 
compile_cmd = bash compile.sh
compile_timeout = 
compile_lengthout = 
test_cmd = bash test.sh
test_timeout = 
test_lengthout = 
run_cmd = bash run.sh
run_timeout = 3
run_lengthout = 
batch_timeout = 
batch_lengthout = 
batch_bin_fitness_strategy = aggregate
batch_fitness_strategy = sum
fitness = time

[srcml]
rename = 
	stmt: break continue decl_stmt do expr_stmt for goto if return switch while
	number: literal_number
focus = block stmt operator_comp operator_arith number
internodes = block
process_pseudo_blocks = True
process_literals = True
process_operators = True

[paramconfig]
timing = test run
cli_prefix = --
cli_glue = =
cli_boolean = show
cli_boolean_prefix_true = 
cli_boolean_prefix_false = no-
cli_none = hide
silent_prefix = @
silent_suffix = $

[search]
protocol = BasicProtocol
algorithm = GeneticProgrammingLLM
possible_edits = 
	LineLLMMutation
	LineLLMCrossover
	LineDeletion
	LineInsertion
	LineReplacement
llm_prob = 1.0
warmup = 5
warmup_strategy = last
max_steps = 50
max_time = 20000
target_fitness = 
cache_maxsize = 100
cache_keep = 0.2
batch_instances = 
batch_shuffle = True
batch_bin_shuffle = False
batch_sample_size = 1

[search.ls]
delete_prob = 0.5
max_neighbours = 
when_trapped = continue
accept_fail = False
tabu_length = 10

[search.gp]
pop_size = 10
delete_prob = 0.0
offspring_elitism = 0.2
offspring_crossover = 0.4
offspring_mutation = 0.4
uniform_rate = 0.5
batch_reset = True
llm_type = baseline

[search.minify]
do_cleanup = True
do_rebuild = True
do_simplify = True
round_robin_limit = 3


2025-01-26 18:13:15,352	[DEBUG]	
2025-01-26 18:13:15,352	[INFO]	==== SEARCH: GeneticProgrammingLLM ====
2025-01-26 18:13:15,352	[INFO]	~~~~ WARMUP ~~~~
2025-01-26 18:13:16,279	[DEBUG]	EXEC>  SUCCESS 1225172.3125
2025-01-26 18:13:16,279	[INFO]	WARM    SUCCESS               1225172.31 (--) [0 edit(s)]  
2025-01-26 18:13:16,641	[DEBUG]	EXEC>  SUCCESS 1210744.5
2025-01-26 18:13:16,641	[INFO]	WARM    SUCCESS               1210744.50 (--) [0 edit(s)]  
2025-01-26 18:13:17,004	[DEBUG]	EXEC>  SUCCESS 1192067.5625
2025-01-26 18:13:17,004	[INFO]	WARM    SUCCESS               1192067.56 (--) [0 edit(s)]  
2025-01-26 18:13:17,371	[DEBUG]	EXEC>  SUCCESS 1198446.3125
2025-01-26 18:13:17,372	[INFO]	WARM    SUCCESS               1198446.31 (--) [0 edit(s)]  
2025-01-26 18:13:17,733	[DEBUG]	EXEC>  SUCCESS 1188329.25
2025-01-26 18:13:17,733	[INFO]	WARM    SUCCESS               1188329.25 (--) [0 edit(s)]  
2025-01-26 18:13:17,733	[INFO]	REF     SUCCESS               1188329.25 (--) [0 edit(s)]  
2025-01-26 18:13:17,733	[INFO]	
2025-01-26 18:13:17,733	[INFO]	~~~~ START ~~~~
2025-01-26 18:14:49,137	[DEBUG]	EXEC>  SUCCESS 1217789.3125
2025-01-26 18:14:49,137	[INFO]	0-1     SUCCESS              +1217789.31 (102.48%) [1 edit(s)]  
2025-01-26 18:14:49,137	[DEBUG]	patch(0-1)="LineLLMMutation(('source.cpp', 0), '#include<cstdio>\n#include<algorithm>\nusing namespace std;\n\ntypedef long long int ll;\nstatic const int MAX_N = 2000;\n\nint N;\nll A[MAX_N];\nll memo[MAX_N][2 * MAX_N];\n\nll memoize(int i, int j) {\n    if (memo[i][j] != -1) return memo[i][j];\n\n    int i2 = (i == N - 1 ? 0 : i + 1);\n    int j2 = (j == 0 ? N - 1 : j - 1);\n    int itv = (i > j ? N + j - i : j - i);\n\n    if ((N - itv) % 2 == 1) {\n        return memo[i][j] = (i == j) ? A[i] : max(memoize(i2, j) + A[i], memoize(i, j2) + A[j]);\n    } else {\n        return memo[i][j] = (i == j) ? 0LL : (A[i] > A[j] ? memoize(i2, j) : memoize(i, j2));\n    }\n}\n\nint main() {\n    scanf("%d", &N);\n    for (int i = 0; i < N; i++) scanf("%lld", &A[i]);\n    fill(memo[0], memo[N], -1);\n    ll res = 0LL;\n    for (int i = 0; i < N; i++) {\n        for (int j = 0; j < N; j++) {\n            res = max(res, memoize(i, j));\n        }\n    }\n    printf("%lld\\n", res);\n    return 0;\n}')"
2025-01-26 18:14:50,332	[INFO]	0-2     TEST_CODE_ERROR       None (--) [1 edit(s)]  
2025-01-26 18:14:50,332	[DEBUG]	patch(0-2)="LineLLMMutation(('source.cpp', 1), '#include<cstdio>\n#include<algorithm>\nusing namespace std;\n\ntypedef long long int ll;\nstatic const int MAX_N = 2000;\n\nint N;\nll A[MAX_N];\nll memo[MAX_N][2];\n\nll memoize(int i, int j) {\n    if (memo[i][j] != -1) return memo[i][j];\n\n    int i2 = (i == N - 1 ? 0 : i + 1);\n    int j2 = (j == 0 ? N - 1 : j - 1);\n    int itv = (i > j ? N + j - i : j - i);\n\n    if ((N - itv) % 2 == 1) {\n        return memo[i][j] = (i == j) ? A[i] : max(memoize(i2, j) + A[i], memoize(i, j2) + A[j]);\n    } else {\n        return memo[i][j] = (i == j) ? 0LL : (A[i] > A[j] ? memoize(i2, j) : memoize(i, j2));\n    }\n}\n\nint main() {\n    scanf("%d", &N);\n    for (int i = 0; i < N; i++) scanf("%lld", &A[i]);\n    fill(memo[0], memo[N], -1);\n    ll res = 0LL;\n    for (int i = 0; i < N; i++) {\n        for (int j = 0; j < N; j++) {\n            res = max(res, memoize(i, j));\n        }\n    }\n    printf("%lld\\n", res);\n    return 0;\n}')"
2025-01-26 18:14:52,367	[DEBUG]	EXEC>  SUCCESS 94458243.75
2025-01-26 18:14:52,367	[INFO]	0-3     SUCCESS               94458243.75 (7948.83%) [1 edit(s)]  
2025-01-26 18:14:52,367	[DEBUG]	patch(0-3)="LineLLMMutation(('source.cpp', 2), '#include<cstdio>\n#include<algorithm>\n#include<vector>\nusing namespace std;\n\ntypedef long long int ll;\nstatic const int MAX_N = 2000;\n\nint N;\nvector<ll> A(MAX_N);\nvector<vector<ll>> memo(MAX_N, vector<ll>(2 * MAX_N, -1));\n\nll memoize(int i, int j) {\n    if (memo[i][j] != -1) return memo[i][j];\n\n    int i2 = (i == N - 1 ? 0 : i + 1);\n    int j2 = (j == 0 ? N - 1 : j - 1);\n    int itv = (i > j ? N + j - i : j - i);\n\n    if ((N - itv) % 2 == 1) {\n        return memo[i][j] = (i == j) ? A[i] : max(memoize(i2, j) + A[i], memoize(i, j2) + A[j]);\n    } else {\n        return memo[i][j] = (i == j) ? 0LL : (A[i] > A[j] ? memoize(i2, j) : memoize(i, j2));\n    }\n}\n\nint main() {\n    scanf("%d", &N);\n    for (int i = 0; i < N; i++) scanf("%lld", &A[i]);\n    ll res = 0LL;\n    for (int i = 0; i < N; i++) {\n        for (int j = 0; j < N; j++) {\n            res = max(res, memoize(i, j));\n        }\n    }\n    printf("%lld\\n", res);\n    return 0;\n}')"
2025-01-26 18:14:54,565	[DEBUG]	EXEC>  SUCCESS 95656138.25
2025-01-26 18:14:54,566	[INFO]	0-4     SUCCESS               95656138.25 (8049.63%) [1 edit(s)]  
2025-01-26 18:14:54,566	[DEBUG]	patch(0-4)="LineLLMMutation(('source.cpp', 3), '#include<cstdio>\n#include<algorithm>\n#include<vector>\nusing namespace std;\n\ntypedef long long int ll;\nstatic const int MAX_N = 2000;\n\nint N;\nvector<ll> A(MAX_N);\nvector<vector<ll>> memo(MAX_N, vector<ll>(2 * MAX_N, -1));\n\nll memoize(int i, int j) {\n    if (memo[i][j] != -1) return memo[i][j];\n\n    int i2 = (i == N - 1 ? 0 : i + 1);\n    int j2 = (j == 0 ? N - 1 : j - 1);\n    int itv = (i > j ? N + j - i : j - i);\n\n    if ((N - itv) % 2 == 1) {\n        return memo[i][j] = (i == j) ? A[i] : max(memoize(i2, j) + A[i], memoize(i, j2) + A[j]);\n    } else {\n        return memo[i][j] = (i == j) ? 0LL : (A[i] > A[j] ? memoize(i2, j) : memoize(i, j2));\n    }\n}\n\nint main() {\n    scanf("%d", &N);\n    for (int i = 0; i < N; i++) scanf("%lld", &A[i]);\n    ll res = 0LL;\n    for (int i = 0; i < N; i++) {\n        for (int j = 0; j < N; j++) {\n            res = max(res, memoize(i, j));\n        }\n    }\n    printf("%lld\\n", res);\n    return 0;\n}')"
2025-01-26 18:14:56,588	[DEBUG]	EXEC>  SUCCESS 93898319.1875
2025-01-26 18:14:56,588	[INFO]	0-5     SUCCESS               93898319.19 (7901.71%) [1 edit(s)]  
2025-01-26 18:14:56,588	[DEBUG]	patch(0-5)="LineLLMMutation(('source.cpp', 4), '#include<cstdio>\n#include<algorithm>\n#include<vector>\nusing namespace std;\n\ntypedef long long int ll;\nstatic const int MAX_N = 2000;\n\nint N;\nvector<ll> A(MAX_N);\nvector<vector<ll>> memo(MAX_N, vector<ll>(2 * MAX_N, -1));\n\nll memoize(int i, int j) {\n    while (true) {\n        if (memo[i][j] != -1) return memo[i][j];\n\n        int i2 = (i == N - 1 ? 0 : i + 1);\n        int j2 = (j == 0 ? N - 1 : j - 1);\n        int itv = (i > j ? N + j - i : j - i);\n\n        if ((N - itv) % 2 == 1) {\n            if (i == j) return memo[i][j] = A[i];\n            else return memo[i][j] = max(memoize(i2, j) + A[i], memoize(i, j2) + A[j]);\n        } else {\n            if (i == j) return memo[i][j] = 0LL;\n            else if (A[i] > A[j]) {\n                i = i2;\n            } else {\n                j = j2;\n            }\n        }\n    }\n}\n\nint main() {\n    scanf("%d", &N);\n    for (int i = 0; i < N; i++) scanf("%lld", &A[i]);\n    ll res = 0LL;\n    for (int i = 0; i < N; i++) {\n        for (int j = 0; j < N; j++) {\n            res = max(res, memoize(i, j));\n        }\n    }\n    printf("%lld\\n", res);\n    return 0;\n}')"
2025-01-26 18:14:58,769	[DEBUG]	EXEC>  SUCCESS 114285408.6875
2025-01-26 18:14:58,770	[INFO]	0-6     SUCCESS               114285408.69 (9617.32%) [1 edit(s)]  
2025-01-26 18:14:58,770	[DEBUG]	patch(0-6)="LineLLMMutation(('source.cpp', 5), '#include<cstdio>\n#include<algorithm>\n#include<vector>\nusing namespace std;\n\ntypedef long long int ll;\nstatic const int MAX_N = 2000;\n\nint N;\nvector<ll> A(MAX_N);\nvector<vector<ll>> memo(MAX_N, vector<ll>(2 * MAX_N));\n\nll memoize(int i, int j) {\n    if (memo[i][j] != -1) return memo[i][j];\n\n    int i2 = (i == N - 1 ? 0 : i + 1);\n    int j2 = (j == 0 ? N - 1 : j - 1);\n    int itv = (i > j ? N + j - i : j - i);\n\n    if ((N - itv) % 2 == 1) {\n        return memo[i][j] = (i == j) ? A[i] : max(memoize(i2, j) + A[i], memoize(i, j2) + A[j]);\n    } else {\n        return memo[i][j] = (i == j) ? 0LL : (A[i] > A[j] ? memoize(i2, j) : memoize(i, j2));\n    }\n}\n\nint main() {\n    scanf("%d", &N);\n    for (int i = 0; i < N; i++) scanf("%lld", &A[i]);\n    fill(memo.begin(), memo.end(), vector<ll>(2 * MAX_N, -1));\n    ll res = 0LL;\n    for (int i = 0; i < N; i++) {\n        for (int j = 0; j < N; j++) {\n            res = max(res, memoize(i, j));\n        }\n    }\n    printf("%lld\\n", res);\n    return 0;\n}')"
2025-01-26 18:15:00,803	[DEBUG]	EXEC>  SUCCESS 94891239.0625
2025-01-26 18:15:00,803	[INFO]	0-7     SUCCESS               94891239.06 (7985.26%) [1 edit(s)]  
2025-01-26 18:15:00,803	[DEBUG]	patch(0-7)="LineLLMMutation(('source.cpp', 6), '#include<cstdio>\n#include<algorithm>\n#include<vector>\nusing namespace std;\n\ntypedef long long int ll;\nstatic const int MAX_N = 2000;\n\nint N;\nvector<ll> A(MAX_N);\nvector<vector<ll>> memo(MAX_N, vector<ll>(2 * MAX_N, -1));\n\nll memoize(int i, int j) {\n    if (memo[i][j] != -1) return memo[i][j];\n\n    int i2 = (i == N - 1 ? 0 : i + 1);\n    int j2 = (j == 0 ? N - 1 : j - 1);\n    int itv = (i > j ? N + j - i : j - i);\n\n    return memo[i][j] = (N - itv) % 2 == 1 ?\n        (i == j ? A[i] : max(memoize(i2, j) + A[i], memoize(i, j2) + A[j])) :\n        (i == j ? 0LL : (A[i] > A[j] ? memoize(i2, j) : memoize(i, j2)));\n}\n\nint main() {\n    scanf("%d", &N);\n    for (int i = 0; i < N; i++) scanf("%lld", &A[i]);\n    ll res = 0LL;\n    for (int i = 0; i < N; i++) {\n        for (int j = 0; j < N; j++) {\n            res = max(res, memoize(i, j));\n        }\n    }\n    printf("%lld\\n", res);\n    return 0;\n}')"
2025-01-26 18:15:02,064	[INFO]	0-8     TEST_CODE_ERROR       None (--) [1 edit(s)]  
2025-01-26 18:15:02,064	[DEBUG]	patch(0-8)="LineLLMMutation(('source.cpp', 7), '#include<cstdio>\n#include<algorithm>\n#include<array>\nusing namespace std;\n\ntypedef long long int ll;\nstatic const int MAX_N = 2000;\n\nint N;\narray<ll, MAX_N> A;\narray<array<ll, 2 * MAX_N>, MAX_N> memo;\n\nll memoize(int i, int j) {\n    if (memo[i][j] != -1) return memo[i][j];\n\n    int i2 = (i == N - 1 ? 0 : i + 1);\n    int j2 = (j == 0 ? N - 1 : j - 1);\n    int itv = (i > j ? N + j - i : j - i);\n\n    if ((N - itv) % 2 == 1) {\n        return memo[i][j] = (i == j) ? A[i] : max(memoize(i2, j) + A[i], memoize(i, j2) + A[j]);\n    } else {\n        return memo[i][j] = (i == j) ? 0LL : (A[i] > A[j] ? memoize(i2, j) : memoize(i, j2));\n    }\n}\n\nint main() {\n    scanf("%d", &N);\n    for (int i = 0; i < N; i++) scanf("%lld", &A[i]);\n    fill(memo.begin(), memo.end(), array<ll, 2 * MAX_N>{-1});\n    ll res = 0LL;\n    for (int i = 0; i < N; i++) {\n        for (int j = 0; j < N; j++) {\n            res = max(res, memoize(i, j));\n        }\n    }\n    printf("%lld\\n", res);\n    return 0;\n}')"
2025-01-26 18:15:03,409	[INFO]	0-9     TEST_CODE_ERROR       None (--) [1 edit(s)]  
2025-01-26 18:15:03,409	[DEBUG]	patch(0-9)="LineLLMMutation(('source.cpp', 8), '#include<cstdio>\n#include<algorithm>\n#include<vector>\nusing namespace std;\n\ntypedef long long int ll;\nstatic const int MAX_N = 2000;\n\nint N;\nvector<ll> A(MAX_N);\nvector<vector<ll>> dp(MAX_N, vector<ll>(2 * MAX_N, 0));\n\nint main() {\n    scanf("%d", &N);\n    for (int i = 0; i < N; i++) scanf("%lld", &A[i]);\n\n    for (int i = 0; i < N; i++) {\n        for (int j = 0; j < N; j++) {\n            int itv = (i > j ? N + j - i : j - i);\n            if ((N - itv) % 2 == 1) {\n                dp[i][j] = (i == j) ? A[i] : max(dp[(i + 1) % N][j] + A[i], dp[i][(j - 1 + N) % N] + A[j]);\n            } else {\n                dp[i][j] = (i == j) ? 0LL : (A[i] > A[j] ? dp[(i + 1) % N][j] : dp[i][(j - 1 + N) % N]);\n            }\n        }\n    }\n    \n    ll res = 0LL;\n    for (int i = 0; i < N; i++) {\n        for (int j = 0; j < N; j++) {\n            res = max(res, dp[i][j]);\n        }\n    }\n    printf("%lld\\n", res);\n    return 0;\n}')"
2025-01-26 18:15:04,828	[INFO]	0-10    TEST_CODE_ERROR       None (--) [1 edit(s)]  
2025-01-26 18:15:04,828	[DEBUG]	patch(0-10)="LineLLMMutation(('source.cpp', 9), '#include<cstdio>\n#include<algorithm>\n#include<vector>\n#include<thread>\nusing namespace std;\n\ntypedef long long int ll;\nstatic const int MAX_N = 2000;\n\nint N;\nvector<ll> A(MAX_N);\nvector<vector<ll>> dp(MAX_N, vector<ll>(2 * MAX_N, 0));\n\nvoid compute_dp() {\n    for (int i = 0; i < N; i++) {\n        for (int j = 0; j < N; j++) {\n            int itv = (i > j ? N + j - i : j - i);\n            if ((N - itv) % 2 == 1) {\n                dp[i][j] = (i == j) ? A[i] : max(dp[(i + 1) % N][j] + A[i], dp[i][(j - 1 + N) % N] + A[j]);\n            } else {\n                dp[i][j] = (i == j) ? 0LL : (A[i] > A[j] ? dp[(i + 1) % N][j] : dp[i][(j - 1 + N) % N]);\n            }\n        }\n    }\n}\n\nint main() {\n    scanf("%d", &N);\n    for (int i = 0; i < N; i++) scanf("%lld", &A[i]);\n\n    thread t(compute_dp);\n    t.join();\n\n    ll res = 0LL;\n    for (int i = 0; i < N; i++) {\n        for (int j = 0; j < N; j++) {\n            res = max(res, dp[i][j]);\n        }\n    }\n    printf("%lld\\n", res);\n    return 0;\n}')"
2025-01-26 18:15:05,829	[INFO]	Step: 10
2025-01-26 18:15:05,829	[INFO]	Stop Steps: 50
2025-01-26 18:15:07,316	[DEBUG]	EXEC>  SUCCESS 1190403.9375
2025-01-26 18:15:07,316	[INFO]	REF     SUCCESS               1190403.94 (--) [0 edit(s)]  
2025-01-26 18:15:07,316	[INFO]	Best patch step: None
2025-01-26 18:16:36,645	[INFO]	Step: 10
2025-01-26 18:16:36,645	[INFO]	Stop Steps: 50
2025-01-26 18:16:37,132	[DEBUG]	EXEC>  SUCCESS 1204344.1875
2025-01-26 18:16:37,132	[INFO]	1-1     SUCCESS              +1204344.19 (101.17%) [1 edit(s)]  
2025-01-26 18:16:37,133	[DEBUG]	patch(1-1)="LineLLMMutation(('source.cpp', 0), '#include<cstdio>\n#include<algorithm>\nusing namespace std;\n\ntypedef long long int ll;\nstatic const int MAX_N = 2000;\n\nint N;\nll A[MAX_N];\nll memo[MAX_N][2 * MAX_N];\n\nll memoize(int i, int j) {\n    if (memo[i][j] != -1) return memo[i][j];\n\n    int i2 = (i == N - 1 ? 0 : i + 1);\n    int j2 = (j == 0 ? N - 1 : j - 1);\n    int itv = (i > j ? N + j - i : j - i);\n\n    if ((N - itv) % 2 == 1) {\n        return memo[i][j] = (i == j) ? A[i] : max(memoize(i2, j) + A[i], memoize(i, j2) + A[j]);\n    } else {\n        return memo[i][j] = (i == j) ? 0LL : (A[i] > A[j] ? memoize(i2, j) : memoize(i, j2));\n    }\n}\n\nint main() {\n    scanf("%d", &N);\n    for (int i = 0; i < N; i++) scanf("%lld", &A[i]);\n    fill(memo[0], memo[N], -1);\n    ll res = 0LL;\n    for (int i = 0; i < N; i++) {\n        for (int j = 0; j < N; j++) {\n            res = max(res, memoize(i, j));\n        }\n    }\n    printf("%lld\\n", res);\n    return 0;\n}')"
2025-01-26 18:16:37,133	[INFO]	Step: 11
2025-01-26 18:16:37,133	[INFO]	Stop Steps: 50
2025-01-26 18:16:38,146	[DEBUG]	EXEC>  SUCCESS 94591305.4375
2025-01-26 18:16:38,147	[INFO]	1-2     SUCCESS               94591305.44 (7946.15%) [1 edit(s)]  
2025-01-26 18:16:38,147	[DEBUG]	patch(1-2)="LineLLMMutation(('source.cpp', 4), '#include<cstdio>\n#include<algorithm>\n#include<vector>\nusing namespace std;\n\ntypedef long long int ll;\nstatic const int MAX_N = 2000;\n\nint N;\nvector<ll> A(MAX_N);\nvector<vector<ll>> memo(MAX_N, vector<ll>(2 * MAX_N, -1));\n\nll memoize(int i, int j) {\n    while (true) {\n        if (memo[i][j] != -1) return memo[i][j];\n\n        int i2 = (i == N - 1 ? 0 : i + 1);\n        int j2 = (j == 0 ? N - 1 : j - 1);\n        int itv = (i > j ? N + j - i : j - i);\n\n        if ((N - itv) % 2 == 1) {\n            if (i == j) return memo[i][j] = A[i];\n            else return memo[i][j] = max(memoize(i2, j) + A[i], memoize(i, j2) + A[j]);\n        } else {\n            if (i == j) return memo[i][j] = 0LL;\n            else if (A[i] > A[j]) {\n                i = i2;\n            } else {\n                j = j2;\n            }\n        }\n    }\n}\n\nint main() {\n    scanf("%d", &N);\n    for (int i = 0; i < N; i++) scanf("%lld", &A[i]);\n    ll res = 0LL;\n    for (int i = 0; i < N; i++) {\n        for (int j = 0; j < N; j++) {\n            res = max(res, memoize(i, j));\n        }\n    }\n    printf("%lld\\n", res);\n    return 0;\n}')"
2025-01-26 18:16:38,147	[INFO]	Step: 12
2025-01-26 18:16:38,147	[INFO]	Stop Steps: 50
2025-01-26 18:16:39,176	[DEBUG]	EXEC>  SUCCESS 94422564.375
2025-01-26 18:16:39,176	[INFO]	1-3     SUCCESS               94422564.38 (7931.98%) [1 edit(s)]  
2025-01-26 18:16:39,176	[DEBUG]	patch(1-3)="LineLLMCrossover(('source.cpp', 0), '#include<cstdio>\n#include<algorithm>\n#include<vector>\nusing namespace std;\n\ntypedef long long int ll;\nstatic const int MAX_N = 2000;\n\nint N;\nvector<ll> A(MAX_N);\nvector<vector<ll>> memo(MAX_N, vector<ll>(2 * MAX_N, -1));\n\nll memoize(int i, int j) {\n    if (memo[i][j] != -1) return memo[i][j];\n\n    int i2 = (i == N - 1 ? 0 : i + 1);\n    int j2 = (j == 0 ? N - 1 : j - 1);\n    int itv = (i > j ? N + j - i : j - i);\n\n    if ((N - itv) % 2 == 1) {\n        return memo[i][j] = (i == j) ? A[i] : max(memoize(i2, j) + A[i], memoize(i, j2) + A[j]);\n    } else {\n        return memo[i][j] = (i == j) ? 0LL : (A[i] > A[j] ? memoize(i2, j) : memoize(i, j2));\n    }\n}\n\nint main() {\n    scanf("%d", &N);\n    for (int i = 0; i < N; i++) scanf("%lld", &A[i]);\n    ll res = 0LL;\n    for (int i = 0; i < N; i++) {\n        for (int j = 0; j < N; j++) {\n            res = max(res, memoize(i, j));\n        }\n    }\n    printf("%lld\\n", res);\n    return 0;\n}')"
2025-01-26 18:16:39,177	[INFO]	Step: 13
2025-01-26 18:16:39,177	[INFO]	Stop Steps: 50
2025-01-26 18:16:40,200	[DEBUG]	EXEC>  SUCCESS 94599086.1875
2025-01-26 18:16:40,200	[INFO]	1-4     SUCCESS               94599086.19 (7946.81%) [1 edit(s)]  
2025-01-26 18:16:40,201	[DEBUG]	patch(1-4)="LineLLMCrossover(('source.cpp', 1), '#include<cstdio>\n#include<algorithm>\n#include<vector>\nusing namespace std;\n\ntypedef long long int ll;\nstatic const int MAX_N = 2000;\n\nint N;\nvector<ll> A(MAX_N);\nvector<vector<ll>> memo(MAX_N, vector<ll>(2 * MAX_N, -1));\n\nll memoize(int i, int j) {\n    if (memo[i][j] != -1) return memo[i][j];\n\n    int i2 = (i == N - 1 ? 0 : i + 1);\n    int j2 = (j == 0 ? N - 1 : j - 1);\n    int itv = (i > j ? N + j - i : j - i);\n\n    if ((N - itv) % 2 == 1) {\n        return memo[i][j] = (i == j) ? A[i] : max(memoize(i2, j) + A[i], memoize(i, j2) + A[j]);\n    } else {\n        return memo[i][j] = (i == j) ? 0LL : (A[i] > A[j] ? memoize(i2, j) : memoize(i, j2));\n    }\n}\n\nint main() {\n    scanf("%d", &N);\n    for (int i = 0; i < N; i++) scanf("%lld", &A[i]);\n    ll res = 0LL;\n    for (int i = 0; i < N; i++) {\n        for (int j = 0; j < N; j++) {\n            res = max(res, memoize(i, j));\n        }\n    }\n    printf("%lld\\n", res);\n    return 0;\n}')"
2025-01-26 18:16:40,201	[INFO]	Step: 14
2025-01-26 18:16:40,201	[INFO]	Stop Steps: 50
2025-01-26 18:16:41,220	[DEBUG]	EXEC>  SUCCESS 94664929.4375
2025-01-26 18:16:41,221	[INFO]	1-5     SUCCESS               94664929.44 (7952.34%) [1 edit(s)]  
2025-01-26 18:16:41,221	[DEBUG]	patch(1-5)="LineLLMCrossover(('source.cpp', 2), '#include<cstdio>\n#include<algorithm>\n#include<vector>\nusing namespace std;\n\ntypedef long long int ll;\nstatic const int MAX_N = 2000;\n\nint N;\nvector<ll> A(MAX_N);\nvector<vector<ll>> memo(MAX_N, vector<ll>(2 * MAX_N, -1));\n\nll memoize(int i, int j) {\n    if (memo[i][j] != -1) return memo[i][j];\n\n    int i2 = (i == N - 1 ? 0 : i + 1);\n    int j2 = (j == 0 ? N - 1 : j - 1);\n    int itv = (i > j ? N + j - i : j - i);\n\n    return memo[i][j] = (N - itv) % 2 == 1 ?\n        (i == j ? A[i] : max(memoize(i2, j) + A[i], memoize(i, j2) + A[j])) :\n        (i == j ? 0LL : (A[i] > A[j] ? memoize(i2, j) : memoize(i, j2)));\n}\n\nint main() {\n    scanf("%d", &N);\n    for (int i = 0; i < N; i++) scanf("%lld", &A[i]);\n    ll res = 0LL;\n    for (int i = 0; i < N; i++) {\n        for (int j = 0; j < N; j++) {\n            res = max(res, memoize(i, j));\n        }\n    }\n    printf("%lld\\n", res);\n    return 0;\n}')"
2025-01-26 18:16:41,221	[INFO]	Step: 15
2025-01-26 18:16:41,221	[INFO]	Stop Steps: 50
2025-01-26 18:16:42,248	[DEBUG]	EXEC>  SUCCESS 95169280.5625
2025-01-26 18:16:42,248	[INFO]	1-6     SUCCESS               95169280.56 (7994.70%) [1 edit(s)]  
2025-01-26 18:16:42,248	[DEBUG]	patch(1-6)="LineLLMCrossover(('source.cpp', 3), '#include<cstdio>\n#include<algorithm>\n#include<vector>\nusing namespace std;\n\ntypedef long long int ll;\nstatic const int MAX_N = 2000;\n\nint N;\nvector<ll> A(MAX_N);\nvector<vector<ll>> memo(MAX_N, vector<ll>(2 * MAX_N, -1));\n\nll memoize(int i, int j) {\n    if (memo[i][j] != -1) return memo[i][j];\n\n    int i2 = (i == N - 1 ? 0 : i + 1);\n    int j2 = (j == 0 ? N - 1 : j - 1);\n    int itv = (i > j ? N + j - i : j - i);\n\n    if ((N - itv) % 2 == 1) {\n        return memo[i][j] = (i == j) ? A[i] : max(memoize(i2, j) + A[i], memoize(i, j2) + A[j]);\n    } else {\n        return memo[i][j] = (i == j) ? 0LL : (A[i] > A[j] ? memoize(i2, j) : memoize(i, j2));\n    }\n}\n\nint main() {\n    scanf("%d", &N);\n    for (int i = 0; i < N; i++) scanf("%lld", &A[i]);\n    ll res = 0LL;\n    for (int i = 0; i < N; i++) {\n        for (int j = 0; j < N; j++) {\n            res = max(res, memoize(i, j));\n        }\n    }\n    printf("%lld\\n", res);\n    return 0;\n}')"
2025-01-26 18:16:42,248	[INFO]	Step: 16
2025-01-26 18:16:42,248	[INFO]	Stop Steps: 50
2025-01-26 18:16:42,497	[INFO]	1-7     TEST_CODE_ERROR       None (--) [2 edit(s)]  
2025-01-26 18:16:42,497	[DEBUG]	patch(1-7)="LineLLMMutation(('source.cpp', 0), '#include<cstdio>\n#include<algorithm>\nusing namespace std;\n\ntypedef long long int ll;\nstatic const int MAX_N = 2000;\n\nint N;\nll A[MAX_N];\nll memo[MAX_N][2 * MAX_N];\n\nll memoize(int i, int j) {\n    if (memo[i][j] != -1) return memo[i][j];\n\n    int i2 = (i == N - 1 ? 0 : i + 1);\n    int j2 = (j == 0 ? N - 1 : j - 1);\n    int itv = (i > j ? N + j - i : j - i);\n\n    if ((N - itv) % 2 == 1) {\n        return memo[i][j] = (i == j) ? A[i] : max(memoize(i2, j) + A[i], memoize(i, j2) + A[j]);\n    } else {\n        return memo[i][j] = (i == j) ? 0LL : (A[i] > A[j] ? memoize(i2, j) : memoize(i, j2));\n    }\n}\n\nint main() {\n    scanf("%d", &N);\n    for (int i = 0; i < N; i++) scanf("%lld", &A[i]);\n    fill(memo[0], memo[N], -1);\n    ll res = 0LL;\n    for (int i = 0; i < N; i++) {\n        for (int j = 0; j < N; j++) {\n            res = max(res, memoize(i, j));\n        }\n    }\n    printf("%lld\\n", res);\n    return 0;\n}') | LineLLMMutation(('source.cpp', 10), '#include <cstdio>\n#include <algorithm>\nusing namespace std;\n\ntypedef long long int ll;\nstatic const int MAX_N = 2000;\n\nint N;\nll A[MAX_N];\nll memo[MAX_N][2 * MAX_N];\n\nll memoize(int i, int j) {\n    if (i == j) return A[i]; // Base case optimization\n    if (memo[i][j] != -1) return memo[i][j];\n\n    int i2 = (i == N - 1 ? 0 : i + 1);\n    int j2 = (j == 0 ? N - 1 : j - 1);\n    int itv = (i > j ? N + j - i : j - i);\n\n    if ((N - itv) % 2 == 1) {\n        return memo[i][j] = max(memoize(i2, j) + A[i], memoize(i, j2) + A[j]);\n    } else {\n        return memo[i][j] = (A[i] > A[j] ? memoize(i2, j) : memoize(i, j2));\n    }\n}\n\nint main() {\n    scanf("%d", &N);\n    for (int i = 0; i < N; i++) scanf("%lld", &A[i]);\n    fill(&memo[0][0], &memo[0][0] + sizeof(memo) / sizeof(ll), -1); // Improved fill syntax\n    ll res = 0LL;\n    for (int i = 0; i < N; i++) {\n        for (int j = i; j < N; j++) { // Optimize the second loop to avoid redundant calculations\n            res = max(res, memoize(i, j));\n        }\n    }\n    printf("%lld\\n", res);\n    return 0;\n}')"
2025-01-26 18:16:42,497	[INFO]	Step: 17
2025-01-26 18:16:42,497	[INFO]	Stop Steps: 50
2025-01-26 18:16:43,529	[DEBUG]	EXEC>  SUCCESS 94602207.875
2025-01-26 18:16:43,529	[INFO]	1-8     SUCCESS               94602207.88 (7947.07%) [2 edit(s)]  
2025-01-26 18:16:43,529	[DEBUG]	patch(1-8)="LineLLMMutation(('source.cpp', 4), '#include<cstdio>\n#include<algorithm>\n#include<vector>\nusing namespace std;\n\ntypedef long long int ll;\nstatic const int MAX_N = 2000;\n\nint N;\nvector<ll> A(MAX_N);\nvector<vector<ll>> memo(MAX_N, vector<ll>(2 * MAX_N, -1));\n\nll memoize(int i, int j) {\n    while (true) {\n        if (memo[i][j] != -1) return memo[i][j];\n\n        int i2 = (i == N - 1 ? 0 : i + 1);\n        int j2 = (j == 0 ? N - 1 : j - 1);\n        int itv = (i > j ? N + j - i : j - i);\n\n        if ((N - itv) % 2 == 1) {\n            if (i == j) return memo[i][j] = A[i];\n            else return memo[i][j] = max(memoize(i2, j) + A[i], memoize(i, j2) + A[j]);\n        } else {\n            if (i == j) return memo[i][j] = 0LL;\n            else if (A[i] > A[j]) {\n                i = i2;\n            } else {\n                j = j2;\n            }\n        }\n    }\n}\n\nint main() {\n    scanf("%d", &N);\n    for (int i = 0; i < N; i++) scanf("%lld", &A[i]);\n    ll res = 0LL;\n    for (int i = 0; i < N; i++) {\n        for (int j = 0; j < N; j++) {\n            res = max(res, memoize(i, j));\n        }\n    }\n    printf("%lld\\n", res);\n    return 0;\n}') | LineLLMMutation(('source.cpp', 11), '#include<cstdio>\n#include<algorithm>\n#include<vector>\nusing namespace std;\n\ntypedef long long int ll;\nstatic const int MAX_N = 2000;\n\nint N;\nvector<ll> A(MAX_N);\nvector<vector<ll>> memo(MAX_N, vector<ll>(2 * MAX_N, -1));\n\nll memoize(int i, int j) {\n    if (memo[i][j] != -1) return memo[i][j];\n\n    int i2 = (i == N - 1 ? 0 : i + 1);\n    int j2 = (j == 0 ? N - 1 : j - 1);\n    \n    if (i == j) return memo[i][j] = A[i];\n    \n    int itv = (i > j ? N + j - i : j - i);\n    \n    if ((N - itv) % 2 == 1) {\n        return memo[i][j] = max(memoize(i2, j) + A[i], memoize(i, j2) + A[j]);\n    } else {\n        return memo[i][j] = (A[i] > A[j]) ? memoize(i2, j) : memoize(i, j2);\n    }\n}\n\nint main() {\n    scanf("%d", &N);\n    for (int i = 0; i < N; i++) scanf("%lld", &A[i]);\n    ll res = 0LL;\n    for (int i = 0; i < N; i++) {\n        for (int j = 0; j < N; j++) {\n            res = max(res, memoize(i, j));\n        }\n    }\n    printf("%lld\\n", res);\n    return 0;\n}')"
2025-01-26 18:16:43,529	[INFO]	Step: 18
2025-01-26 18:16:43,529	[INFO]	Stop Steps: 50
2025-01-26 18:16:44,270	[DEBUG]	EXEC>  SUCCESS 42960026.5625
2025-01-26 18:16:44,270	[INFO]	1-9     SUCCESS               42960026.56 (3608.86%) [2 edit(s)]  
2025-01-26 18:16:44,270	[DEBUG]	patch(1-9)="LineLLMMutation(('source.cpp', 2), '#include<cstdio>\n#include<algorithm>\n#include<vector>\nusing namespace std;\n\ntypedef long long int ll;\nstatic const int MAX_N = 2000;\n\nint N;\nvector<ll> A(MAX_N);\nvector<vector<ll>> memo(MAX_N, vector<ll>(2 * MAX_N, -1));\n\nll memoize(int i, int j) {\n    if (memo[i][j] != -1) return memo[i][j];\n\n    int i2 = (i == N - 1 ? 0 : i + 1);\n    int j2 = (j == 0 ? N - 1 : j - 1);\n    int itv = (i > j ? N + j - i : j - i);\n\n    if ((N - itv) % 2 == 1) {\n        return memo[i][j] = (i == j) ? A[i] : max(memoize(i2, j) + A[i], memoize(i, j2) + A[j]);\n    } else {\n        return memo[i][j] = (i == j) ? 0LL : (A[i] > A[j] ? memoize(i2, j) : memoize(i, j2));\n    }\n}\n\nint main() {\n    scanf("%d", &N);\n    for (int i = 0; i < N; i++) scanf("%lld", &A[i]);\n    ll res = 0LL;\n    for (int i = 0; i < N; i++) {\n        for (int j = 0; j < N; j++) {\n            res = max(res, memoize(i, j));\n        }\n    }\n    printf("%lld\\n", res);\n    return 0;\n}') | LineLLMMutation(('source.cpp', 12), '#include <cstdio>\n#include <algorithm>\n#include <vector>\nusing namespace std;\n\ntypedef long long int ll;\nstatic const int MAX_N = 2000;\n\nint N;\nvector<ll> A(MAX_N);\nvector<vector<ll>> memo(MAX_N, vector<ll>(MAX_N, -1));\n\nll memoize(int i, int j) {\n    if (memo[i][j] != -1) return memo[i][j];\n\n    int i2 = (i == N - 1 ? 0 : i + 1);\n    int j2 = (j == 0 ? N - 1 : j - 1);\n    int itv = (i > j ? N + j - i : j - i);\n\n    if ((N - itv) % 2 == 1) {\n        return memo[i][j] = (i == j) ? A[i] : max(memoize(i2, j) + A[i], memoize(i, j2) + A[j]);\n    } else {\n        return memo[i][j] = (i == j) ? 0LL : (A[i] > A[j] ? memoize(i2, j) : memoize(i, j2));\n    }\n}\n\nint main() {\n    scanf("%d", &N);\n    for (int i = 0; i < N; i++) scanf("%lld", &A[i]);\n    \n    ll res = 0LL;\n    // Directly compute results without nested loops\n    for (int i = 0; i < N; i++) {\n        for (int j = i; j < N; j++) { // Start j from i to avoid redundant calculations\n            res = max(res, memoize(i, j));\n            if (i != j) { // Avoid recalculating for the same i, j pair\n                res = max(res, memoize(j, i));\n            }\n        }\n    }\n    printf("%lld\\n", res);\n    return 0;\n}')"
2025-01-26 18:16:44,270	[INFO]	Step: 19
2025-01-26 18:16:44,270	[INFO]	Stop Steps: 50
2025-01-26 18:16:44,985	[DEBUG]	EXEC>  SUCCESS 43294504.1875
2025-01-26 18:16:44,985	[INFO]	1-10    SUCCESS               43294504.19 (3636.96%) [2 edit(s)]  
2025-01-26 18:16:44,986	[DEBUG]	patch(1-10)="LineLLMMutation(('source.cpp', 6), '#include<cstdio>\n#include<algorithm>\n#include<vector>\nusing namespace std;\n\ntypedef long long int ll;\nstatic const int MAX_N = 2000;\n\nint N;\nvector<ll> A(MAX_N);\nvector<vector<ll>> memo(MAX_N, vector<ll>(2 * MAX_N, -1));\n\nll memoize(int i, int j) {\n    if (memo[i][j] != -1) return memo[i][j];\n\n    int i2 = (i == N - 1 ? 0 : i + 1);\n    int j2 = (j == 0 ? N - 1 : j - 1);\n    int itv = (i > j ? N + j - i : j - i);\n\n    return memo[i][j] = (N - itv) % 2 == 1 ?\n        (i == j ? A[i] : max(memoize(i2, j) + A[i], memoize(i, j2) + A[j])) :\n        (i == j ? 0LL : (A[i] > A[j] ? memoize(i2, j) : memoize(i, j2)));\n}\n\nint main() {\n    scanf("%d", &N);\n    for (int i = 0; i < N; i++) scanf("%lld", &A[i]);\n    ll res = 0LL;\n    for (int i = 0; i < N; i++) {\n        for (int j = 0; j < N; j++) {\n            res = max(res, memoize(i, j));\n        }\n    }\n    printf("%lld\\n", res);\n    return 0;\n}') | LineLLMMutation(('source.cpp', 13), '#include<cstdio>\n#include<algorithm>\n#include<vector>\nusing namespace std;\n\ntypedef long long int ll;\nstatic const int MAX_N = 2000;\n\nint N;\nvector<ll> A(MAX_N);\nvector<vector<ll>> memo(MAX_N, vector<ll>(MAX_N, -1)); // Reduced the second dimension to MAX_N\n\nll memoize(int i, int j) {\n    if (memo[i][j] != -1) return memo[i][j];\n\n    // Directly calculate the interval size\n    int itv = (i > j ? N + j - i : j - i);\n\n    // Instead of using i2 and j2, we can directly use modular arithmetic for better readability\n    int i2 = (i + 1) % N;\n    int j2 = (j - 1 + N) % N;\n\n    return memo[i][j] = (N - itv) % 2 == 1 ?\n        (i == j ? A[i] : max(memoize(i2, j) + A[i], memoize(i, j2) + A[j])) :\n        (i == j ? 0LL : (A[i] > A[j] ? memoize(i2, j) : memoize(i, j2)));\n}\n\nint main() {\n    scanf("%d", &N);\n    for (int i = 0; i < N; i++) scanf("%lld", &A[i]);\n    ll res = 0LL;\n    for (int i = 0; i < N; i++) {\n        for (int j = 0; j < N; j++) {\n            res = max(res, memoize(i, j));\n        }\n    }\n    printf("%lld\\n", res);\n    return 0;\n}')"
2025-01-26 18:16:44,986	[INFO]	Step: 20
2025-01-26 18:16:44,986	[INFO]	Stop Steps: 50
2025-01-26 18:16:45,360	[DEBUG]	EXEC>  SUCCESS 1176065.375
2025-01-26 18:16:45,361	[INFO]	1-1     SUCCESS              *1176065.38 (98.80%) [1 edit(s)]  
2025-01-26 18:16:45,361	[DEBUG]	patch(1-1)="LineLLMMutation(('source.cpp', 14), '#include<cstdio>\n#include<algorithm>\nusing namespace std;\n\ntypedef long long int ll;\n\nstatic const int MAX_N = 2000;\n\nint N;\nll A[MAX_N];\nll memo[MAX_N][2 * MAX_N];\n\nll memoize(int i, int j){\n    if(memo[i][j] != -1) return memo[i][j];\n    int i2 = (i == N - 1 ? 0 : i + 1);\n    int j2 = (j == 0 ? N - 1 : j - 1);\n    int itv = (i > j ? N + j - i : j - i);\n\n    if((N - itv) % 2 == 1){\n        if(i == j) return memo[i][j] = A[i];\n        else return memo[i][j] = max(memoize(i2, j) + A[i], memoize(i, j2) + A[j]);\n    }else{\n        if(i == j) return memo[i][j] = 0LL;\n        else if(A[i] > A[j]) return memo[i][j] = memoize(i2, j);\n        else return memo[i][j] = memoize(i, j2);\n    }\n    return 0;\n}\n\nint main(){\n    scanf("%d", &N);\n    for(int i = 0; i < N; i++) scanf("%lld", &A[i]);\n    fill(memo[0], memo[N], -1);\n    for(int i = 0; i < N; i++){\n        for(int j = 0; j < N; j++){\n            memo[i][j] = memoize(i, j);\n        }\n    }\n\n    ll res = 0LL;\n    for(int i = 0; i < N; i++){\n        for(int j = 0; j < N; j++){\n            res = max(res, memo[i][j]);\n        }\n    }\n\n    printf("%lld\\n", res);\n    return 0;\n}')"

2025-01-26 18:16:45,361	[INFO]	Step: 21
2025-01-26 18:16:45,361	[INFO]	Stop Steps: 50
2025-01-26 18:16:46,736	[DEBUG]	EXEC>  SUCCESS 1197957.8125
2025-01-26 18:16:46,736	[INFO]	REF     SUCCESS               1197957.81 (--) [0 edit(s)]  
2025-01-26 18:16:46,736	[INFO]	Best patch: 14
2025-01-26 18:16:47,098	[DEBUG]	EXEC>  SUCCESS 1193882.1875
2025-01-26 18:16:47,098	[INFO]	BEST    SUCCESS              *1193882.19 (99.66%) [0 edit(s)]  
2025-01-26 18:16:47,098	[INFO]	Best patch step: 20
2025-01-26 18:18:15,864	[INFO]	Step: 21
2025-01-26 18:18:15,864	[INFO]	Stop Steps: 50
2025-01-26 18:18:16,353	[DEBUG]	EXEC>  SUCCESS 1189337.3125
2025-01-26 18:18:16,353	[INFO]	2-2     SUCCESS              *1189337.31 (99.28%) [1 edit(s)]  
2025-01-26 18:18:16,353	[DEBUG]	patch(2-2)="LineLLMMutation(('source.cpp', 14), '#include<cstdio>\n#include<algorithm>\nusing namespace std;\n\ntypedef long long int ll;\n\nstatic const int MAX_N = 2000;\n\nint N;\nll A[MAX_N];\nll memo[MAX_N][2 * MAX_N];\n\nll memoize(int i, int j){\n    if(memo[i][j] != -1) return memo[i][j];\n    int i2 = (i == N - 1 ? 0 : i + 1);\n    int j2 = (j == 0 ? N - 1 : j - 1);\n    int itv = (i > j ? N + j - i : j - i);\n\n    if((N - itv) % 2 == 1){\n        if(i == j) return memo[i][j] = A[i];\n        else return memo[i][j] = max(memoize(i2, j) + A[i], memoize(i, j2) + A[j]);\n    }else{\n        if(i == j) return memo[i][j] = 0LL;\n        else if(A[i] > A[j]) return memo[i][j] = memoize(i2, j);\n        else return memo[i][j] = memoize(i, j2);\n    }\n    return 0;\n}\n\nint main(){\n    scanf("%d", &N);\n    for(int i = 0; i < N; i++) scanf("%lld", &A[i]);\n    fill(memo[0], memo[N], -1);\n    for(int i = 0; i < N; i++){\n        for(int j = 0; j < N; j++){\n            memo[i][j] = memoize(i, j);\n        }\n    }\n\n    ll res = 0LL;\n    for(int i = 0; i < N; i++){\n        for(int j = 0; j < N; j++){\n            res = max(res, memo[i][j]);\n        }\n    }\n\n    printf("%lld\\n", res);\n    return 0;\n}')"

2025-01-26 18:18:16,353	[INFO]	Step: 22
2025-01-26 18:18:16,353	[INFO]	Stop Steps: 50
2025-01-26 18:18:16,716	[DEBUG]	EXEC>  SUCCESS 1185466.8125
2025-01-26 18:18:16,716	[INFO]	2-3     SUCCESS              *1185466.81 (98.96%) [1 edit(s)]  
2025-01-26 18:18:16,716	[DEBUG]	patch(2-3)="LineLLMMutation(('source.cpp', 0), '#include<cstdio>\n#include<algorithm>\nusing namespace std;\n\ntypedef long long int ll;\nstatic const int MAX_N = 2000;\n\nint N;\nll A[MAX_N];\nll memo[MAX_N][2 * MAX_N];\n\nll memoize(int i, int j) {\n    if (memo[i][j] != -1) return memo[i][j];\n\n    int i2 = (i == N - 1 ? 0 : i + 1);\n    int j2 = (j == 0 ? N - 1 : j - 1);\n    int itv = (i > j ? N + j - i : j - i);\n\n    if ((N - itv) % 2 == 1) {\n        return memo[i][j] = (i == j) ? A[i] : max(memoize(i2, j) + A[i], memoize(i, j2) + A[j]);\n    } else {\n        return memo[i][j] = (i == j) ? 0LL : (A[i] > A[j] ? memoize(i2, j) : memoize(i, j2));\n    }\n}\n\nint main() {\n    scanf("%d", &N);\n    for (int i = 0; i < N; i++) scanf("%lld", &A[i]);\n    fill(memo[0], memo[N], -1);\n    ll res = 0LL;\n    for (int i = 0; i < N; i++) {\n        for (int j = 0; j < N; j++) {\n            res = max(res, memoize(i, j));\n        }\n    }\n    printf("%lld\\n", res);\n    return 0;\n}')"

2025-01-26 18:18:16,717	[INFO]	Step: 23
2025-01-26 18:18:16,717	[INFO]	Stop Steps: 50
2025-01-26 18:18:17,423	[DEBUG]	EXEC>  SUCCESS 42309452.625
2025-01-26 18:18:17,423	[INFO]	2-4     SUCCESS               42309452.62 (3531.80%) [1 edit(s)]  
2025-01-26 18:18:17,423	[DEBUG]	patch(2-4)="LineLLMCrossover(('source.cpp', 4), '#include<cstdio>\n#include<algorithm>\n#include<vector>\nusing namespace std;\n\ntypedef long long int ll;\nstatic const int MAX_N = 2000;\n\nint N;\nvector<ll> A(MAX_N);\nvector<vector<ll>> memo(MAX_N, vector<ll>(MAX_N, -1));\n\nll memoize(int i, int j) {\n    if (memo[i][j] != -1) return memo[i][j];\n\n    int i2 = (i + 1) % N;\n    int j2 = (j - 1 + N) % N;\n    int itv = (i > j ? N + j - i : j - i);\n\n    if ((N - itv) % 2 == 1) {\n        return memo[i][j] = (i == j) ? A[i] : max(memoize(i2, j) + A[i], memoize(i, j2) + A[j]);\n    } else {\n        return memo[i][j] = (i == j) ? 0LL : (A[i] > A[j] ? memoize(i2, j) : memoize(i, j2));\n    }\n}\n\nint main() {\n    scanf("%d", &N);\n    for (int i = 0; i < N; i++) scanf("%lld", &A[i]);\n    \n    ll res = 0LL;\n    for (int i = 0; i < N; i++) {\n        for (int j = i; j < N; j++) {\n            res = max(res, memoize(i, j));\n            if (i != j) {\n                res = max(res, memoize(j, i));\n            }\n        }\n    }\n    printf("%lld\\n", res);\n    return 0;\n}')"
2025-01-26 18:18:17,423	[INFO]	Step: 24
2025-01-26 18:18:17,423	[INFO]	Stop Steps: 50
2025-01-26 18:18:18,113	[DEBUG]	EXEC>  SUCCESS 41525368.125
2025-01-26 18:18:18,113	[INFO]	2-5     SUCCESS               41525368.12 (3466.35%) [1 edit(s)]  
2025-01-26 18:18:18,113	[DEBUG]	patch(2-5)="LineLLMCrossover(('source.cpp', 5), '#include<cstdio>\n#include<algorithm>\n#include<vector>\nusing namespace std;\n\ntypedef long long int ll;\nstatic const int MAX_N = 2000;\n\nint N;\nvector<ll> A(MAX_N);\nvector<vector<ll>> memo(MAX_N, vector<ll>(MAX_N, -1));\n\nll memoize(int i, int j) {\n    if (memo[i][j] != -1) return memo[i][j];\n\n    int itv = (i > j ? N + j - i : j - i);\n    int i2 = (i + 1) % N;\n    int j2 = (j - 1 + N) % N;\n\n    return memo[i][j] = (N - itv) % 2 == 1 ?\n        (i == j ? A[i] : max(memoize(i2, j) + A[i], memoize(i, j2) + A[j])) :\n        (i == j ? 0LL : (A[i] > A[j] ? memoize(i2, j) : memoize(i, j2)));\n}\n\nint main() {\n    scanf("%d", &N);\n    for (int i = 0; i < N; i++) scanf("%lld", &A[i]);\n\n    ll res = 0LL;\n    for (int i = 0; i < N; i++) {\n        for (int j = 0; j < N; j++) {\n            res = max(res, memoize(i, j));\n        }\n    }\n    printf("%lld\\n", res);\n    return 0;\n}')"
2025-01-26 18:18:18,114	[INFO]	Step: 25
2025-01-26 18:18:18,114	[INFO]	Stop Steps: 50
2025-01-26 18:18:18,817	[DEBUG]	EXEC>  SUCCESS 41483713.875
2025-01-26 18:18:18,818	[INFO]	2-6     SUCCESS               41483713.88 (3462.87%) [1 edit(s)]  
2025-01-26 18:18:18,818	[DEBUG]	patch(2-6)="LineLLMCrossover(('source.cpp', 6), '#include<cstdio>\n#include<algorithm>\n#include<vector>\nusing namespace std;\n\ntypedef long long int ll;\nstatic const int MAX_N = 2000;\n\nint N;\nvector<ll> A(MAX_N);\nvector<vector<ll>> memo(MAX_N, vector<ll>(MAX_N, -1));\n\nll memoize(int i, int j) {\n    if (memo[i][j] != -1) return memo[i][j];\n\n    int i2 = (i + 1) % N;\n    int j2 = (j - 1 + N) % N;\n    int itv = (i > j ? N + j - i : j - i);\n\n    if ((N - itv) % 2 == 1) {\n        return memo[i][j] = (i == j) ? A[i] : max(memoize(i2, j) + A[i], memoize(i, j2) + A[j]);\n    } else {\n        return memo[i][j] = (i == j) ? 0LL : (A[i] > A[j] ? memoize(i2, j) : memoize(i, j2));\n    }\n}\n\nint main() {\n    scanf("%d", &N);\n    for (int i = 0; i < N; i++) scanf("%lld", &A[i]);\n\n    ll res = 0LL;\n    for (int i = 0; i < N; i++) {\n        for (int j = 0; j < N; j++) {\n            res = max(res, memoize(i, j));\n        }\n    }\n    printf("%lld\\n", res);\n    return 0;\n}')"
2025-01-26 18:18:18,818	[INFO]	Step: 26
2025-01-26 18:18:18,818	[INFO]	Stop Steps: 50
2025-01-26 18:18:19,210	[DEBUG]	EXEC>  SUCCESS 1192285.625
2025-01-26 18:18:19,210	[INFO]	2-7     SUCCESS               1192285.62 (99.53%) [1 edit(s)]  
2025-01-26 18:18:19,210	[DEBUG]	patch(2-7)="LineLLMCrossover(('source.cpp', 7), '#include<cstdio>\n#include<algorithm>\n#include<vector>\nusing namespace std;\n\ntypedef long long int ll;\nstatic const int MAX_N = 2000;\n\nint N;\nll A[MAX_N];\nll memo[MAX_N][2 * MAX_N];\n\nll memoize(int i, int j) {\n    if (memo[i][j] != -1) return memo[i][j];\n\n    int i2 = (i + 1) % N;\n    int j2 = (j - 1 + N) % N;\n    int itv = (i > j ? N + j - i : j - i);\n\n    if ((N - itv) % 2 == 1) {\n        return memo[i][j] = (i == j) ? A[i] : max(memoize(i2, j) + A[i], memoize(i, j2) + A[j]);\n    } else {\n        return memo[i][j] = (i == j) ? 0LL : (A[i] > A[j] ? memoize(i2, j) : memoize(i, j2));\n    }\n}\n\nint main() {\n    scanf("%d", &N);\n    for (int i = 0; i < N; i++) scanf("%lld", &A[i]);\n    fill(memo[0], memo[N], -1);\n\n    ll res = 0LL;\n    for (int i = 0; i < N; i++) {\n        for (int j = 0; j < N; j++) {\n            res = max(res, memoize(i, j));\n        }\n    }\n    printf("%lld\\n", res);\n    return 0;\n}')"
2025-01-26 18:18:19,210	[INFO]	Step: 27
2025-01-26 18:18:19,210	[INFO]	Stop Steps: 50
2025-01-26 18:18:21,636	[INFO]	2-8     TEST_CODE_ERROR       None (--) [2 edit(s)]  
2025-01-26 18:18:21,637	[DEBUG]	patch(2-8)="LineLLMMutation(('source.cpp', 14), '#include<cstdio>\n#include<algorithm>\nusing namespace std;\n\ntypedef long long int ll;\n\nstatic const int MAX_N = 2000;\n\nint N;\nll A[MAX_N];\nll memo[MAX_N][2 * MAX_N];\n\nll memoize(int i, int j){\n    if(memo[i][j] != -1) return memo[i][j];\n    int i2 = (i == N - 1 ? 0 : i + 1);\n    int j2 = (j == 0 ? N - 1 : j - 1);\n    int itv = (i > j ? N + j - i : j - i);\n\n    if((N - itv) % 2 == 1){\n        if(i == j) return memo[i][j] = A[i];\n        else return memo[i][j] = max(memoize(i2, j) + A[i], memoize(i, j2) + A[j]);\n    }else{\n        if(i == j) return memo[i][j] = 0LL;\n        else if(A[i] > A[j]) return memo[i][j] = memoize(i2, j);\n        else return memo[i][j] = memoize(i, j2);\n    }\n    return 0;\n}\n\nint main(){\n    scanf("%d", &N);\n    for(int i = 0; i < N; i++) scanf("%lld", &A[i]);\n    fill(memo[0], memo[N], -1);\n    for(int i = 0; i < N; i++){\n        for(int j = 0; j < N; j++){\n            memo[i][j] = memoize(i, j);\n        }\n    }\n\n    ll res = 0LL;\n    for(int i = 0; i < N; i++){\n        for(int j = 0; j < N; j++){\n            res = max(res, memo[i][j]);\n        }\n    }\n\n    printf("%lld\\n", res);\n    return 0;\n}') | LineLLMMutation(('source.cpp', 15), '#include<cstdio>\n#include<algorithm>\nusing namespace std;\n\ntypedef long long int ll;\n\nstatic const int MAX_N = 2000;\n\nint N;\nll A[MAX_N];\nll memo[MAX_N][2 * MAX_N];\n\nll memoize(int i, int j){\n    if(memo[i][j] != -1) return memo[i][j];\n    int i2 = (i == N - 1 ? 0 : i + 1);\n    int j2 = (j == 0 ? N - 1 : j - 1);\n    int itv = (i > j ? N + j - i : j - i);\n\n    if((N - itv) % 2 == 1){\n        if(i == j) return memo[i][j] = A[i];\n        else return memo[i][j] = max(memoize(i2, j) + A[i], memoize(i, j2) + A[j]);\n    }else{\n        if(i == j) return memo[i][j] = 0LL;\n        else if(A[i] > A[j]) return memo[i][j] = memoize(i2, j);\n        else return memo[i][j] = memoize(i, j2);\n    }\n    return 0;\n}\n\nint main(){\n    scanf("%d", &N);\n    for(int i = 0; i < N; i++) scanf("%lld", &A[i]);\n    \n    // Optimize by using a 1D array for memoization\n    ll memo1D[MAX_N][2 * MAX_N];\n    fill(&memo1D[0][0], &memo1D[0][0] + sizeof(memo1D) / sizeof(ll), -1);\n\n    for(int i = 0; i < N; i++){\n        for(int j = 0; j < N; j++){\n            memo1D[i][j] = memoize(i, j);\n        }\n    }\n\n    ll res = 0LL;\n    for(int i = 0; i < N; i++){\n        for(int j = 0; j < N; j++){\n            res = max(res, memo1D[i][j]);\n        }\n    }\n\n    printf("%lld\\n", res);\n    return 0;\n}')"
2025-01-26 18:18:21,637	[INFO]	Step: 28
2025-01-26 18:18:21,637	[INFO]	Stop Steps: 50
2025-01-26 18:18:22,666	[DEBUG]	EXEC>  SUCCESS 90352439.8125
2025-01-26 18:18:22,667	[INFO]	2-9     SUCCESS               90352439.81 (7542.21%) [2 edit(s)]  
2025-01-26 18:18:22,667	[DEBUG]	patch(2-9)="LineLLMMutation(('source.cpp', 0), '#include<cstdio>\n#include<algorithm>\nusing namespace std;\n\ntypedef long long int ll;\nstatic const int MAX_N = 2000;\n\nint N;\nll A[MAX_N];\nll memo[MAX_N][2 * MAX_N];\n\nll memoize(int i, int j) {\n    if (memo[i][j] != -1) return memo[i][j];\n\n    int i2 = (i == N - 1 ? 0 : i + 1);\n    int j2 = (j == 0 ? N - 1 : j - 1);\n    int itv = (i > j ? N + j - i : j - i);\n\n    if ((N - itv) % 2 == 1) {\n        return memo[i][j] = (i == j) ? A[i] : max(memoize(i2, j) + A[i], memoize(i, j2) + A[j]);\n    } else {\n        return memo[i][j] = (i == j) ? 0LL : (A[i] > A[j] ? memoize(i2, j) : memoize(i, j2));\n    }\n}\n\nint main() {\n    scanf("%d", &N);\n    for (int i = 0; i < N; i++) scanf("%lld", &A[i]);\n    fill(memo[0], memo[N], -1);\n    ll res = 0LL;\n    for (int i = 0; i < N; i++) {\n        for (int j = 0; j < N; j++) {\n            res = max(res, memoize(i, j));\n        }\n    }\n    printf("%lld\\n", res);\n    return 0;\n}') | LineLLMMutation(('source.cpp', 16), '#include<cstdio>\n#include<algorithm>\nusing namespace std;\n\ntypedef long long int ll;\nstatic const int MAX_N = 2000;\n\nint N;\nll A[MAX_N];\nll memo[MAX_N * 2 * MAX_N]; // Changed to single-dimensional array\n\nll memoize(int i, int j) {\n    if (memo[i * (2 * MAX_N) + j] != -1) return memo[i * (2 * MAX_N) + j]; // Updated index calculation\n\n    int i2 = (i == N - 1 ? 0 : i + 1);\n    int j2 = (j == 0 ? N - 1 : j - 1);\n    int itv = (i > j ? N + j - i : j - i);\n\n    if ((N - itv) % 2 == 1) {\n        return memo[i * (2 * MAX_N) + j] = (i == j) ? A[i] : max(memoize(i2, j) + A[i], memoize(i, j2) + A[j]);\n    } else {\n        return memo[i * (2 * MAX_N) + j] = (i == j) ? 0LL : (A[i] > A[j] ? memoize(i2, j) : memoize(i, j2));\n    }\n}\n\nint main() {\n    scanf("%d", &N);\n    for (int i = 0; i < N; i++) scanf("%lld", &A[i]);\n    fill(memo, memo + MAX_N * 2 * MAX_N, -1); // Updated fill for new memo array\n    ll res = 0LL;\n    for (int i = 0; i < N; i++) {\n        for (int j = 0; j < N; j++) {\n            res = max(res, memoize(i, j));\n        }\n    }\n    printf("%lld\\n", res);\n    return 0;\n}')"
2025-01-26 18:18:22,667	[INFO]	Step: 29
2025-01-26 18:18:22,667	[INFO]	Stop Steps: 50
2025-01-26 18:18:22,980	[INFO]	2-10    TEST_CODE_ERROR       None (--) [3 edit(s)]  
2025-01-26 18:18:22,980	[DEBUG]	patch(2-10)="LineLLMMutation(('source.cpp', 2), '#include<cstdio>\n#include<algorithm>\n#include<vector>\nusing namespace std;\n\ntypedef long long int ll;\nstatic const int MAX_N = 2000;\n\nint N;\nvector<ll> A(MAX_N);\nvector<vector<ll>> memo(MAX_N, vector<ll>(2 * MAX_N, -1));\n\nll memoize(int i, int j) {\n    if (memo[i][j] != -1) return memo[i][j];\n\n    int i2 = (i == N - 1 ? 0 : i + 1);\n    int j2 = (j == 0 ? N - 1 : j - 1);\n    int itv = (i > j ? N + j - i : j - i);\n\n    if ((N - itv) % 2 == 1) {\n        return memo[i][j] = (i == j) ? A[i] : max(memoize(i2, j) + A[i], memoize(i, j2) + A[j]);\n    } else {\n        return memo[i][j] = (i == j) ? 0LL : (A[i] > A[j] ? memoize(i2, j) : memoize(i, j2));\n    }\n}\n\nint main() {\n    scanf("%d", &N);\n    for (int i = 0; i < N; i++) scanf("%lld", &A[i]);\n    ll res = 0LL;\n    for (int i = 0; i < N; i++) {\n        for (int j = 0; j < N; j++) {\n            res = max(res, memoize(i, j));\n        }\n    }\n    printf("%lld\\n", res);\n    return 0;\n}') | LineLLMMutation(('source.cpp', 12), '#include <cstdio>\n#include <algorithm>\n#include <vector>\nusing namespace std;\n\ntypedef long long int ll;\nstatic const int MAX_N = 2000;\n\nint N;\nvector<ll> A(MAX_N);\nvector<vector<ll>> memo(MAX_N, vector<ll>(MAX_N, -1));\n\nll memoize(int i, int j) {\n    if (memo[i][j] != -1) return memo[i][j];\n\n    int i2 = (i == N - 1 ? 0 : i + 1);\n    int j2 = (j == 0 ? N - 1 : j - 1);\n    int itv = (i > j ? N + j - i : j - i);\n\n    if ((N - itv) % 2 == 1) {\n        return memo[i][j] = (i == j) ? A[i] : max(memoize(i2, j) + A[i], memoize(i, j2) + A[j]);\n    } else {\n        return memo[i][j] = (i == j) ? 0LL : (A[i] > A[j] ? memoize(i2, j) : memoize(i, j2));\n    }\n}\n\nint main() {\n    scanf("%d", &N);\n    for (int i = 0; i < N; i++) scanf("%lld", &A[i]);\n    \n    ll res = 0LL;\n    // Directly compute results without nested loops\n    for (int i = 0; i < N; i++) {\n        for (int j = i; j < N; j++) { // Start j from i to avoid redundant calculations\n            res = max(res, memoize(i, j));\n            if (i != j) { // Avoid recalculating for the same i, j pair\n                res = max(res, memoize(j, i));\n            }\n        }\n    }\n    printf("%lld\\n", res);\n    return 0;\n}') | LineLLMMutation(('source.cpp', 17), '#include <cstdio>\n#include <algorithm>\n#include <vector>\nusing namespace std;\n\ntypedef long long int ll;\nstatic const int MAX_N = 2000;\n\nint N;\nvector<ll> A(MAX_N);\nvector<vector<ll>> memo(MAX_N, vector<ll>(MAX_N, -1));\n\nll memoize(int i, int j) {\n    if (memo[i][j] != -1) return memo[i][j];\n\n    int i2 = (i == N - 1 ? 0 : i + 1);\n    int j2 = (j == 0 ? N - 1 : j - 1);\n    int itv = (i > j ? N + j - i : j - i);\n\n    if ((N - itv) % 2 == 1) {\n        return memo[i][j] = (i == j) ? A[i] : max(memoize(i2, j) + A[i], memoize(i, j2) + A[j]);\n    } else {\n        return memo[i][j] = (i == j) ? 0LL : (A[i] > A[j] ? memoize(i2, j) : memoize(i, j2));\n    }\n}\n\nint main() {\n    scanf("%d", &N);\n    for (int i = 0; i < N; i++) scanf("%lld", &A[i]);\n    \n    ll res = 0LL;\n    // Utilize a single loop and optimize memoization calls\n    for (int i = 0; i < N; i++) {\n        for (int j = i; j < N; j++) {\n            res = max(res, memoize(i, j));\n            // Removed redundant memoization call for (j, i) since both cases are handled in the memoize function\n        }\n    }\n    printf("%lld\\n", res);\n    return 0;\n}')"
2025-01-26 18:18:22,980	[INFO]	Step: 30
2025-01-26 18:18:22,980	[INFO]	Stop Steps: 50
2025-01-26 18:18:23,668	[DEBUG]	EXEC>  SUCCESS 41123253.3125
2025-01-26 18:18:23,668	[INFO]	2-1     SUCCESS               41123253.31 (3432.78%) [3 edit(s)]  
2025-01-26 18:18:23,668	[DEBUG]	patch(2-1)="LineLLMMutation(('source.cpp', 6), '#include<cstdio>\n#include<algorithm>\n#include<vector>\nusing namespace std;\n\ntypedef long long int ll;\nstatic const int MAX_N = 2000;\n\nint N;\nvector<ll> A(MAX_N);\nvector<vector<ll>> memo(MAX_N, vector<ll>(2 * MAX_N, -1));\n\nll memoize(int i, int j) {\n    if (memo[i][j] != -1) return memo[i][j];\n\n    int i2 = (i == N - 1 ? 0 : i + 1);\n    int j2 = (j == 0 ? N - 1 : j - 1);\n    int itv = (i > j ? N + j - i : j - i);\n\n    return memo[i][j] = (N - itv) % 2 == 1 ?\n        (i == j ? A[i] : max(memoize(i2, j) + A[i], memoize(i, j2) + A[j])) :\n        (i == j ? 0LL : (A[i] > A[j] ? memoize(i2, j) : memoize(i, j2)));\n}\n\nint main() {\n    scanf("%d", &N);\n    for (int i = 0; i < N; i++) scanf("%lld", &A[i]);\n    ll res = 0LL;\n    for (int i = 0; i < N; i++) {\n        for (int j = 0; j < N; j++) {\n            res = max(res, memoize(i, j));\n        }\n    }\n    printf("%lld\\n", res);\n    return 0;\n}') | LineLLMMutation(('source.cpp', 13), '#include<cstdio>\n#include<algorithm>\n#include<vector>\nusing namespace std;\n\ntypedef long long int ll;\nstatic const int MAX_N = 2000;\n\nint N;\nvector<ll> A(MAX_N);\nvector<vector<ll>> memo(MAX_N, vector<ll>(MAX_N, -1)); // Reduced the second dimension to MAX_N\n\nll memoize(int i, int j) {\n    if (memo[i][j] != -1) return memo[i][j];\n\n    // Directly calculate the interval size\n    int itv = (i > j ? N + j - i : j - i);\n\n    // Instead of using i2 and j2, we can directly use modular arithmetic for better readability\n    int i2 = (i + 1) % N;\n    int j2 = (j - 1 + N) % N;\n\n    return memo[i][j] = (N - itv) % 2 == 1 ?\n        (i == j ? A[i] : max(memoize(i2, j) + A[i], memoize(i, j2) + A[j])) :\n        (i == j ? 0LL : (A[i] > A[j] ? memoize(i2, j) : memoize(i, j2)));\n}\n\nint main() {\n    scanf("%d", &N);\n    for (int i = 0; i < N; i++) scanf("%lld", &A[i]);\n    ll res = 0LL;\n    for (int i = 0; i < N; i++) {\n        for (int j = 0; j < N; j++) {\n            res = max(res, memoize(i, j));\n        }\n    }\n    printf("%lld\\n", res);\n    return 0;\n}') | LineLLMMutation(('source.cpp', 18), '#include<cstdio>\n#include<algorithm>\n#include<vector>\nusing namespace std;\n\ntypedef long long int ll;\nstatic const int MAX_N = 2000;\n\nint N;\nvector<ll> A(MAX_N);\nvector<vector<ll>> dp(MAX_N, vector<ll>(MAX_N, 0)); // Using dp instead of memoization\n\nint main() {\n    scanf("%d", &N);\n    for (int i = 0; i < N; i++) scanf("%lld", &A[i]);\n\n    ll res = 0LL;\n\n    // Filling the dp table iteratively\n    for (int len = 1; len <= N; len++) {\n        for (int i = 0; i < N; i++) {\n            int j = (i + len - 1) % N; // Calculate the end index in a circular manner\n            int itv = (i > j ? N + j - i : j - i);\n            if ((N - itv) % 2 == 1) {\n                dp[i][j] = (i == j) ? A[i] : max(dp[(i + 1) % N][j] + A[i], dp[i][(j - 1 + N) % N] + A[j]);\n            } else {\n                dp[i][j] = (i == j) ? 0LL : (A[i] > A[j] ? dp[(i + 1) % N][j] : dp[i][(j - 1 + N) % N]);\n            }\n            res = max(res, dp[i][j]); // Update the result with the maximum found so far\n        }\n    }\n    printf("%lld\\n", res);\n    return 0;\n}')"
2025-01-26 18:18:23,668	[INFO]	Step: 31
2025-01-26 18:18:23,668	[INFO]	Stop Steps: 50
2025-01-26 18:18:24,225	[DEBUG]	EXEC>  SUCCESS 2448014.3125
2025-01-26 18:18:24,225	[INFO]	2-2     SUCCESS               2448014.31 (204.35%) [1 edit(s)]  
2025-01-26 18:18:24,225	[DEBUG]	patch(2-2)="LineLLMMutation(('source.cpp', 19), '#include<cstdio>\n#include<algorithm>\n#include<vector>\n\nusing namespace std;\n\ntypedef long long int ll;\n\nint N;\nvector<ll> A;\nvector<vector<ll>> memo;\n\nll memoize(int i, int j) {\n\tif(memo[i][j] != -1) return memo[i][j];\n\n\tint i2 = (i == N - 1 ? 0 : i + 1);\n\tint j2 = (j == 0 ? N - 1 : j - 1);\n\tint itv = (i > j ? N + j - i : j - i);\n\n\tif((N - itv) % 2 == 1) {\n\t\tif(i == j) return memo[i][j] = A[i];\n\t\telse return memo[i][j] = max(memoize(i2, j) + A[i], memoize(i, j2) + A[j]);\n\t} else {\n\t\tif(i == j) return memo[i][j] = 0LL;\n\t\telse if(A[i] > A[j]) return memo[i][j] = memoize(i2, j);\n\t\telse return memo[i][j] = memoize(i, j2);\n\t}\n\n\treturn 0;\n}\n\nint main() {\n\tscanf("%d", &N);\n\tA.resize(N);\n\tfor(int i = 0; i < N; i++) scanf("%lld", &A[i]);\n\tmemo.resize(N, vector<ll>(2 * N, -1));\n\n\tll res = 0LL;\n\tfor(int i = 0; i < N; i++) {\n\t\tfor(int j = 0; j < N; j++) {\n\t\t\tres = max(res, memoize(i, j));\n\t\t}\n\t}\n\n\tprintf("%lld\\n", res);\n\treturn 0;\n}')"
2025-01-26 18:18:24,226	[INFO]	Step: 32
2025-01-26 18:18:24,226	[INFO]	Stop Steps: 50
2025-01-26 18:18:25,595	[DEBUG]	EXEC>  SUCCESS 1213044.5
2025-01-26 18:18:25,595	[INFO]	REF     SUCCESS               1213044.50 (--) [0 edit(s)]  
2025-01-26 18:18:25,595	[INFO]	Best patch: 0
2025-01-26 18:18:25,952	[DEBUG]	EXEC>  SUCCESS 1190489.875
2025-01-26 18:18:25,952	[INFO]	BEST    SUCCESS              *1190489.88 (98.14%) [0 edit(s)]  
2025-01-26 18:18:25,952	[INFO]	Best patch step: 22
2025-01-26 18:19:32,127	[INFO]	Step: 32
2025-01-26 18:19:32,127	[INFO]	Stop Steps: 50
2025-01-26 18:19:32,613	[DEBUG]	EXEC>  SUCCESS 1217716.0625
2025-01-26 18:19:32,614	[INFO]	3-3     SUCCESS              +1217716.06 (100.39%) [1 edit(s)]  
2025-01-26 18:19:32,614	[DEBUG]	patch(3-3)="LineLLMMutation(('source.cpp', 0), '#include<cstdio>\n#include<algorithm>\nusing namespace std;\n\ntypedef long long int ll;\nstatic const int MAX_N = 2000;\n\nint N;\nll A[MAX_N];\nll memo[MAX_N][2 * MAX_N];\n\nll memoize(int i, int j) {\n    if (memo[i][j] != -1) return memo[i][j];\n\n    int i2 = (i == N - 1 ? 0 : i + 1);\n    int j2 = (j == 0 ? N - 1 : j - 1);\n    int itv = (i > j ? N + j - i : j - i);\n\n    if ((N - itv) % 2 == 1) {\n        return memo[i][j] = (i == j) ? A[i] : max(memoize(i2, j) + A[i], memoize(i, j2) + A[j]);\n    } else {\n        return memo[i][j] = (i == j) ? 0LL : (A[i] > A[j] ? memoize(i2, j) : memoize(i, j2));\n    }\n}\n\nint main() {\n    scanf("%d", &N);\n    for (int i = 0; i < N; i++) scanf("%lld", &A[i]);\n    fill(memo[0], memo[N], -1);\n    ll res = 0LL;\n    for (int i = 0; i < N; i++) {\n        for (int j = 0; j < N; j++) {\n            res = max(res, memoize(i, j));\n        }\n    }\n    printf("%lld\\n", res);\n    return 0;\n}')"
2025-01-26 18:19:32,614	[INFO]	Step: 33
2025-01-26 18:19:32,614	[INFO]	Stop Steps: 50
2025-01-26 18:19:32,973	[DEBUG]	EXEC>  SUCCESS 1210865.5
2025-01-26 18:19:32,973	[INFO]	3-4     SUCCESS              +1210865.50 (99.82%) [1 edit(s)]  
2025-01-26 18:19:32,974	[DEBUG]	patch(3-4)="LineLLMMutation(('source.cpp', 14), '#include<cstdio>\n#include<algorithm>\nusing namespace std;\n\ntypedef long long int ll;\n\nstatic const int MAX_N = 2000;\n\nint N;\nll A[MAX_N];\nll memo[MAX_N][2 * MAX_N];\n\nll memoize(int i, int j){\n    if(memo[i][j] != -1) return memo[i][j];\n    int i2 = (i == N - 1 ? 0 : i + 1);\n    int j2 = (j == 0 ? N - 1 : j - 1);\n    int itv = (i > j ? N + j - i : j - i);\n\n    if((N - itv) % 2 == 1){\n        if(i == j) return memo[i][j] = A[i];\n        else return memo[i][j] = max(memoize(i2, j) + A[i], memoize(i, j2) + A[j]);\n    }else{\n        if(i == j) return memo[i][j] = 0LL;\n        else if(A[i] > A[j]) return memo[i][j] = memoize(i2, j);\n        else return memo[i][j] = memoize(i, j2);\n    }\n    return 0;\n}\n\nint main(){\n    scanf("%d", &N);\n    for(int i = 0; i < N; i++) scanf("%lld", &A[i]);\n    fill(memo[0], memo[N], -1);\n    for(int i = 0; i < N; i++){\n        for(int j = 0; j < N; j++){\n            memo[i][j] = memoize(i, j);\n        }\n    }\n\n    ll res = 0LL;\n    for(int i = 0; i < N; i++){\n        for(int j = 0; j < N; j++){\n            res = max(res, memo[i][j]);\n        }\n    }\n\n    printf("%lld\\n", res);\n    return 0;\n}')"
2025-01-26 18:19:32,974	[INFO]	Step: 34
2025-01-26 18:19:32,974	[INFO]	Stop Steps: 50
2025-01-26 18:19:33,535	[DEBUG]	EXEC>  SUCCESS 2478949.1875
2025-01-26 18:19:33,536	[INFO]	3-5     SUCCESS               2478949.19 (204.36%) [1 edit(s)]  
2025-01-26 18:19:33,536	[DEBUG]	patch(3-5)="LineLLMCrossover(('source.cpp', 8), '#include<cstdio>\n#include<algorithm>\n#include<vector>\nusing namespace std;\n\ntypedef long long int ll;\n\nint N;\nvector<ll> A;\nvector<vector<ll>> memo;\n\nll memoize(int i, int j) {\n    if(memo[i][j] != -1) return memo[i][j];\n\n    int i2 = (i == N - 1 ? 0 : i + 1);\n    int j2 = (j == 0 ? N - 1 : j - 1);\n    int itv = (i > j ? N + j - i : j - i);\n\n    if((N - itv) % 2 == 1) {\n        return memo[i][j] = (i == j) ? A[i] : max(memoize(i2, j) + A[i], memoize(i, j2) + A[j]);\n    } else {\n        return memo[i][j] = (i == j) ? 0LL : (A[i] > A[j] ? memoize(i2, j) : memoize(i, j2));\n    }\n}\n\nint main() {\n    scanf("%d", &N);\n    A.resize(N);\n    for(int i = 0; i < N; i++) scanf("%lld", &A[i]);\n    memo.resize(N, vector<ll>(2 * N, -1));\n\n    ll res = 0LL;\n    for(int i = 0; i < N; i++) {\n        for(int j = 0; j < N; j++) {\n            res = max(res, memoize(i, j));\n        }\n    }\n\n    printf("%lld\\n", res);\n    return 0;\n}')"
2025-01-26 18:19:33,536	[INFO]	Step: 35
2025-01-26 18:19:33,536	[INFO]	Stop Steps: 50
2025-01-26 18:19:34,483	[DEBUG]	EXEC>  SUCCESS 91209689.875
2025-01-26 18:19:34,483	[INFO]	3-6     SUCCESS               91209689.88 (7519.07%) [1 edit(s)]  
2025-01-26 18:19:34,483	[DEBUG]	patch(3-6)="LineLLMCrossover(('source.cpp', 9), '#include<cstdio>\n#include<algorithm>\n#include<vector>\nusing namespace std;\n\ntypedef long long int ll;\nstatic const int MAX_N = 2000;\n\nint N;\nll A[MAX_N];\nll memo[MAX_N][2 * MAX_N];\n\nll memoize(int i, int j) {\n    if(memo[i][j] != -1) return memo[i][j];\n\n    int i2 = (i + 1) % N;\n    int j2 = (j - 1 + N) % N;\n    int itv = (i > j ? N + j - i : j - i);\n\n    if((N - itv) % 2 == 1) {\n        return memo[i][j] = (i == j) ? A[i] : max(memoize(i2, j) + A[i], memoize(i, j2) + A[j]);\n    } else {\n        return memo[i][j] = (i == j) ? 0LL : (A[i] > A[j] ? memoize(i2, j) : memoize(i, j2));\n    }\n}\n\nint main() {\n    scanf("%d", &N);\n    for(int i = 0; i < N; i++) scanf("%lld", &A[i]);\n    fill(memo[0], memo[MAX_N], -1);\n\n    ll res = 0LL;\n    for(int i = 0; i < N; i++) {\n        for(int j = 0; j < N; j++) {\n            res = max(res, memoize(i, j));\n        }\n    }\n\n    printf("%lld\\n", res);\n    return 0;\n}')"
2025-01-26 18:19:34,483	[INFO]	Step: 36
2025-01-26 18:19:34,483	[INFO]	Stop Steps: 50
2025-01-26 18:19:35,531	[DEBUG]	EXEC>  SUCCESS 95084693.4375
2025-01-26 18:19:35,531	[INFO]	3-7     SUCCESS               95084693.44 (7838.52%) [1 edit(s)]  
2025-01-26 18:19:35,531	[DEBUG]	patch(3-7)="LineLLMCrossover(('source.cpp', 10), '#include<cstdio>\n#include<algorithm>\n#include<vector>\nusing namespace std;\n\ntypedef long long int ll;\nstatic const int MAX_N = 2000;\n\nint N;\nvector<ll> A;\nvector<vector<ll>> memo(MAX_N, vector<ll>(2 * MAX_N, -1));\n\nll memoize(int i, int j) {\n    if(memo[i][j] != -1) return memo[i][j];\n\n    int i2 = (i == N - 1 ? 0 : i + 1);\n    int j2 = (j == 0 ? N - 1 : j - 1);\n    int itv = (i > j ? N + j - i : j - i);\n\n    if((N - itv) % 2 == 1) {\n        return memo[i][j] = (i == j) ? A[i] : max(memoize(i2, j) + A[i], memoize(i, j2) + A[j]);\n    } else {\n        return memo[i][j] = (i == j) ? 0LL : (A[i] > A[j] ? memoize(i2, j) : memoize(i, j2));\n    }\n}\n\nint main() {\n    scanf("%d", &N);\n    A.resize(N);\n    for(int i = 0; i < N; i++) scanf("%lld", &A[i]);\n\n    ll res = 0LL;\n    for(int i = 0; i < N; i++) {\n        for(int j = 0; j < N; j++) {\n            res = max(res, memoize(i, j));\n        }\n    }\n\n    printf("%lld\\n", res);\n    return 0;\n}')"
2025-01-26 18:19:35,531	[INFO]	Step: 37
2025-01-26 18:19:35,531	[INFO]	Stop Steps: 50
2025-01-26 18:19:36,487	[DEBUG]	EXEC>  SUCCESS 91646554.125
2025-01-26 18:19:36,487	[INFO]	3-8     SUCCESS               91646554.12 (7555.09%) [1 edit(s)]  
2025-01-26 18:19:36,487	[DEBUG]	patch(3-8)="LineLLMCrossover(('source.cpp', 11), '#include<cstdio>\n#include<algorithm>\n#include<vector>\nusing namespace std;\n\ntypedef long long int ll;\nstatic const int MAX_N = 2000;\n\nint N;\nll A[MAX_N];\nll memo[MAX_N][2 * MAX_N];\n\nll memoize(int i, int j) {\n    if(memo[i][j] != -1) return memo[i][j];\n\n    int i2 = (i == N - 1 ? 0 : i + 1);\n    int j2 = (j == 0 ? N - 1 : j - 1);\n    int itv = (i > j ? N + j - i : j - i);\n\n    if((N - itv) % 2 == 1) {\n        if(i == j) return memo[i][j] = A[i];\n        else return memo[i][j] = max(memoize(i2, j) + A[i], memoize(i, j2) + A[j]);\n    } else {\n        if(i == j) return memo[i][j] = 0LL;\n        else if(A[i] > A[j]) return memo[i][j] = memoize(i2, j);\n        else return memo[i][j] = memoize(i, j2);\n    }\n}\n\nint main() {\n    scanf("%d", &N);\n    for(int i = 0; i < N; i++) scanf("%lld", &A[i]);\n    fill(memo[0], memo[MAX_N], -1);\n    \n    ll res = 0LL;\n    for(int i = 0; i < N; i++) {\n        for(int j = 0; j < N; j++) {\n            res = max(res, memoize(i, j));\n        }\n    }\n\n    printf("%lld\\n", res);\n    return 0;\n}')"
2025-01-26 18:19:36,488	[INFO]	Step: 38
2025-01-26 18:19:36,488	[INFO]	Stop Steps: 50
2025-01-26 18:19:37,416	[DEBUG]	EXEC>  SUCCESS 93185096.375
2025-01-26 18:19:37,416	[INFO]	3-9     SUCCESS               93185096.38 (7681.92%) [2 edit(s)]  
2025-01-26 18:19:37,416	[DEBUG]	patch(3-9)="LineLLMMutation(('source.cpp', 0), '#include<cstdio>\n#include<algorithm>\nusing namespace std;\n\ntypedef long long int ll;\nstatic const int MAX_N = 2000;\n\nint N;\nll A[MAX_N];\nll memo[MAX_N][2 * MAX_N];\n\nll memoize(int i, int j) {\n    if (memo[i][j] != -1) return memo[i][j];\n\n    int i2 = (i == N - 1 ? 0 : i + 1);\n    int j2 = (j == 0 ? N - 1 : j - 1);\n    int itv = (i > j ? N + j - i : j - i);\n\n    if ((N - itv) % 2 == 1) {\n        return memo[i][j] = (i == j) ? A[i] : max(memoize(i2, j) + A[i], memoize(i, j2) + A[j]);\n    } else {\n        return memo[i][j] = (i == j) ? 0LL : (A[i] > A[j] ? memoize(i2, j) : memoize(i, j2));\n    }\n}\n\nint main() {\n    scanf("%d", &N);\n    for (int i = 0; i < N; i++) scanf("%lld", &A[i]);\n    fill(memo[0], memo[N], -1);\n    ll res = 0LL;\n    for (int i = 0; i < N; i++) {\n        for (int j = 0; j < N; j++) {\n            res = max(res, memoize(i, j));\n        }\n    }\n    printf("%lld\\n", res);\n    return 0;\n}') | LineLLMMutation(('source.cpp', 20), '#include<cstdio>\n#include<algorithm>\nusing namespace std;\n\ntypedef long long int ll;\nstatic const int MAX_N = 2000;\n\nint N;\nll A[MAX_N];\nll memo[MAX_N][2 * MAX_N];\n\nvoid initializeMemo() {\n    for (int i = 0; i < MAX_N; ++i) {\n        fill(memo[i], memo[i] + 2 * MAX_N, -1);\n    }\n}\n\nll memoize(int i, int j) {\n    if (memo[i][j] != -1) return memo[i][j];\n\n    int i2 = (i == N - 1 ? 0 : i + 1);\n    int j2 = (j == 0 ? N - 1 : j - 1);\n    int itv = (i > j ? N + j - i : j - i);\n\n    if ((N - itv) % 2 == 1) {\n        return memo[i][j] = (i == j) ? A[i] : max(memoize(i2, j) + A[i], memoize(i, j2) + A[j]);\n    } else {\n        return memo[i][j] = (i == j) ? 0LL : (A[i] > A[j] ? memoize(i2, j) : memoize(i, j2));\n    }\n}\n\nint main() {\n    scanf("%d", &N);\n    for (int i = 0; i < N; i++) scanf("%lld", &A[i]);\n    initializeMemo();\n    ll res = 0LL;\n    for (int i = 0; i < N; i++) {\n        for (int j = 0; j < N; j++) {\n            res = max(res, memoize(i, j));\n        }\n    }\n    printf("%lld\\n", res);\n    return 0;\n}')"
2025-01-26 18:19:37,416	[INFO]	Step: 39
2025-01-26 18:19:37,416	[INFO]	Stop Steps: 50
2025-01-26 18:19:37,643	[INFO]	3-10    TEST_CODE_ERROR       None (--) [2 edit(s)]  
2025-01-26 18:19:37,643	[DEBUG]	patch(3-10)="LineLLMMutation(('source.cpp', 14), '#include<cstdio>\n#include<algorithm>\nusing namespace std;\n\ntypedef long long int ll;\n\nstatic const int MAX_N = 2000;\n\nint N;\nll A[MAX_N];\nll memo[MAX_N][2 * MAX_N];\n\nll memoize(int i, int j){\n    if(memo[i][j] != -1) return memo[i][j];\n    int i2 = (i == N - 1 ? 0 : i + 1);\n    int j2 = (j == 0 ? N - 1 : j - 1);\n    int itv = (i > j ? N + j - i : j - i);\n\n    if((N - itv) % 2 == 1){\n        if(i == j) return memo[i][j] = A[i];\n        else return memo[i][j] = max(memoize(i2, j) + A[i], memoize(i, j2) + A[j]);\n    }else{\n        if(i == j) return memo[i][j] = 0LL;\n        else if(A[i] > A[j]) return memo[i][j] = memoize(i2, j);\n        else return memo[i][j] = memoize(i, j2);\n    }\n    return 0;\n}\n\nint main(){\n    scanf("%d", &N);\n    for(int i = 0; i < N; i++) scanf("%lld", &A[i]);\n    fill(memo[0], memo[N], -1);\n    for(int i = 0; i < N; i++){\n        for(int j = 0; j < N; j++){\n            memo[i][j] = memoize(i, j);\n        }\n    }\n\n    ll res = 0LL;\n    for(int i = 0; i < N; i++){\n        for(int j = 0; j < N; j++){\n            res = max(res, memo[i][j]);\n        }\n    }\n\n    printf("%lld\\n", res);\n    return 0;\n}') | LineLLMMutation(('source.cpp', 21), '#include<cstdio>\n#include<algorithm>\nusing namespace std;\n\ntypedef long long int ll;\n\nstatic const int MAX_N = 2000;\n\nint N;\nll A[MAX_N];\nll memo[MAX_N][MAX_N];\n\nll memoize(int i, int j){\n    if(memo[i][j] != -1) return memo[i][j];\n    int i2 = (i == N - 1 ? 0 : i + 1);\n    int j2 = (j == 0 ? N - 1 : j - 1);\n    int itv = (i > j ? N + j - i : j - i);\n\n    if((N - itv) % 2 == 1){\n        if(i == j) return memo[i][j] = A[i];\n        else return memo[i][j] = max(memoize(i2, j) + A[i], memoize(i, j2) + A[j]);\n    }else{\n        if(i == j) return memo[i][j] = 0LL;\n        else if(A[i] > A[j]) return memo[i][j] = memoize(i2, j);\n        else return memo[i][j] = memoize(i, j2);\n    }\n}\n\nint main(){\n    scanf("%d", &N);\n    for(int i = 0; i < N; i++) scanf("%lld", &A[i]);\n    fill(&memo[0][0], &memo[0][0] + sizeof(memo) / sizeof(ll), -1);\n\n    ll res = 0LL;\n    for(int i = 0; i < N; i++){\n        for(int j = i; j < N; j++){ // Change to avoid redundant calculations\n            memo[i][j] = memoize(i, j);\n            res = max(res, memo[i][j]); // Move to here to reduce max checks\n        }\n    }\n\n    printf("%lld\\n", res);\n    return 0;\n}')"
2025-01-26 18:19:37,643	[INFO]	Step: 40
2025-01-26 18:19:37,643	[INFO]	Stop Steps: 50
2025-01-26 18:19:37,866	[INFO]	3-1     TEST_CODE_ERROR       None (--) [2 edit(s)]  
2025-01-26 18:19:37,866	[DEBUG]	patch(3-1)="LineLLMCrossover(('source.cpp', 7), '#include<cstdio>\n#include<algorithm>\n#include<vector>\nusing namespace std;\n\ntypedef long long int ll;\nstatic const int MAX_N = 2000;\n\nint N;\nll A[MAX_N];\nll memo[MAX_N][2 * MAX_N];\n\nll memoize(int i, int j) {\n    if (memo[i][j] != -1) return memo[i][j];\n\n    int i2 = (i + 1) % N;\n    int j2 = (j - 1 + N) % N;\n    int itv = (i > j ? N + j - i : j - i);\n\n    if ((N - itv) % 2 == 1) {\n        return memo[i][j] = (i == j) ? A[i] : max(memoize(i2, j) + A[i], memoize(i, j2) + A[j]);\n    } else {\n        return memo[i][j] = (i == j) ? 0LL : (A[i] > A[j] ? memoize(i2, j) : memoize(i, j2));\n    }\n}\n\nint main() {\n    scanf("%d", &N);\n    for (int i = 0; i < N; i++) scanf("%lld", &A[i]);\n    fill(memo[0], memo[N], -1);\n\n    ll res = 0LL;\n    for (int i = 0; i < N; i++) {\n        for (int j = 0; j < N; j++) {\n            res = max(res, memoize(i, j));\n        }\n    }\n    printf("%lld\\n", res);\n    return 0;\n}') | LineLLMMutation(('source.cpp', 22), '#include<cstdio>\n#include<algorithm>\n#include<vector>\nusing namespace std;\n\ntypedef long long int ll;\nstatic const int MAX_N = 2000;\n\nint N;\nll A[MAX_N];\nll memo[MAX_N][2 * MAX_N];\n\nll memoize(int i, int j) {\n    if (memo[i][j] != -1) return memo[i][j];\n\n    int i2 = (i + 1) % N;\n    int j2 = (j - 1 + N) % N;\n    int itv = (i > j ? N + j - i : j - i);\n\n    // Removed the unnecessary condition (N - itv) % 2 == 1 check\n    if (i == j) {\n        return memo[i][j] = A[i];\n    } else {\n        ll pick_i = memoize(i2, j) + A[i];\n        ll pick_j = memoize(i, j2) + A[j];\n        return memo[i][j] = max(pick_i, pick_j);\n    }\n}\n\nint main() {\n    scanf("%d", &N);\n    for (int i = 0; i < N; i++) scanf("%lld", &A[i]);\n    fill(memo[0], memo[N], -1);\n\n    ll res = 0LL;\n    for (int i = 0; i < N; i++) {\n        for (int j = 0; j < N; j++) {\n            // Optimize the inner loop by checking bounds\n            if (i <= j) {\n                res = max(res, memoize(i, j));\n            }\n        }\n    }\n    printf("%lld\\n", res);\n    return 0;\n}')"
2025-01-26 18:19:37,866	[INFO]	Step: 41
2025-01-26 18:19:37,866	[INFO]	Stop Steps: 50
2025-01-26 18:19:38,360	[DEBUG]	EXEC>  SUCCESS 2459375.6875
2025-01-26 18:19:38,360	[INFO]	3-2     SUCCESS               2459375.69 (202.74%) [2 edit(s)]  
2025-01-26 18:19:38,360	[DEBUG]	patch(3-2)="LineLLMMutation(('source.cpp', 19), '#include<cstdio>\n#include<algorithm>\n#include<vector>\n\nusing namespace std;\n\ntypedef long long int ll;\n\nint N;\nvector<ll> A;\nvector<vector<ll>> memo;\n\nll memoize(int i, int j) {\n\tif(memo[i][j] != -1) return memo[i][j];\n\n\tint i2 = (i == N - 1 ? 0 : i + 1);\n\tint j2 = (j == 0 ? N - 1 : j - 1);\n\tint itv = (i > j ? N + j - i : j - i);\n\n\tif((N - itv) % 2 == 1) {\n\t\tif(i == j) return memo[i][j] = A[i];\n\t\telse return memo[i][j] = max(memoize(i2, j) + A[i], memoize(i, j2) + A[j]);\n\t} else {\n\t\tif(i == j) return memo[i][j] = 0LL;\n\t\telse if(A[i] > A[j]) return memo[i][j] = memoize(i2, j);\n\t\telse return memo[i][j] = memoize(i, j2);\n\t}\n\n\treturn 0;\n}\n\nint main() {\n\tscanf("%d", &N);\n\tA.resize(N);\n\tfor(int i = 0; i < N; i++) scanf("%lld", &A[i]);\n\tmemo.resize(N, vector<ll>(2 * N, -1));\n\n\tll res = 0LL;\n\tfor(int i = 0; i < N; i++) {\n\t\tfor(int j = 0; j < N; j++) {\n\t\t\tres = max(res, memoize(i, j));\n\t\t}\n\t}\n\n\tprintf("%lld\\n", res);\n\treturn 0;\n}') | LineLLMMutation(('source.cpp', 23), '#include<cstdio>\n#include<algorithm>\n#include<vector>\n\nusing namespace std;\n\ntypedef long long int ll;\n\nint N;\nvector<ll> A;\nvector<ll> memo;\n\nll memoize(int i, int j) {\n    if (memo[i * N + j] != -1) return memo[i * N + j];\n\n    int i2 = (i == N - 1 ? 0 : i + 1);\n    int j2 = (j == 0 ? N - 1 : j - 1);\n    int itv = (i > j ? N + j - i : j - i);\n\n    if ((N - itv) % 2 == 1) {\n        if (i == j) return memo[i * N + j] = A[i];\n        else return memo[i * N + j] = max(memoize(i2, j) + A[i], memoize(i, j2) + A[j]);\n    } else {\n        if (i == j) return memo[i * N + j] = 0LL;\n        else if (A[i] > A[j]) return memo[i * N + j] = memoize(i2, j);\n        else return memo[i * N + j] = memoize(i, j2);\n    }\n\n    return 0;\n}\n\nint main() {\n    scanf("%d", &N);\n    A.resize(N);\n    for (int i = 0; i < N; i++) scanf("%lld", &A[i]);\n    memo.resize(N * N, -1); // Using a single-dimensional array for memoization\n\n    ll res = 0LL;\n    for (int i = 0; i < N; i++) {\n        for (int j = 0; j < N; j++) {\n            res = max(res, memoize(i, j));\n        }\n    }\n\n    printf("%lld\\n", res);\n    return 0;\n}')"
2025-01-26 18:19:38,360	[INFO]	Step: 42
2025-01-26 18:19:38,360	[INFO]	Stop Steps: 50
2025-01-26 18:19:38,724	[DEBUG]	EXEC>  SUCCESS 1199129.375
2025-01-26 18:19:38,724	[INFO]	3-3     SUCCESS              +1199129.38 (98.85%) [1 edit(s)]  
2025-01-26 18:19:38,724	[DEBUG]	patch(3-3)="LineLLMMutation(('source.cpp', 24), '#include<cstdio>\n\n#include<algorithm>\n\nusing namespace std;\n\ntypedef long long int ll;\n\nstatic const int MAX_N = 2000;\n\nint N;\n\nll A[MAX_N];\n\nll memo[MAX_N][2 * MAX_N];\n\nll memoize(int i, int j){\n\n\tif(memo[i][j] != -1) return memo[i][j];\n\n\tint i2 = (i == N - 1 ? 0 : i + 1);\n\n\tint j2 = (j == 0 ? N - 1 : j - 1);\n\n\tint itv = (i > j ? N + j - i : j - i);\n\n\tif((N - itv) % 2 == 1){\n\n\t\tif(i == j) return memo[i][j] = A[i];\n\n\t\telse return memo[i][j] = max(memoize(i2, j) + A[i], memoize(i, j2) + A[j]);\n\n\t}else{\n\n\t\tif(i == j) return memo[i][j] = 0LL;\n\n\t\telse if(A[i] > A[j]) return memo[i][j] = memoize(i2, j);\n\n\t\telse return memo[i][j] = memoize(i, j2);\n\n\t}\n\n\treturn 0;\n\n}\n\nint main(){\n\n\tscanf("%d", &N);\n\n\tfor(int i = 0; i < N; i++) scanf("%lld", &A[i]);\n\n\tfill(memo[0], memo[N], -1);\n\n\tfor(int i = 0; i < N; i++){\n\n\t\tfor(int j = 0; j < N; j++){\n\n\t\t\tmemo[i][j] = memoize(i, j);\n\n\t\t}\n\n\t}\n\n\tll res = 0LL;\n\n\tfor(int i = 0; i < N; i++){\n\n\t\tfor(int j = 0; j < N; j++){\n\n\t\t\tres = max(res, memo[i][j]);\n\n\t\t}\n\n\t}\n\n\tprintf("%lld\\n", res);\n\n\treturn 0;\n\n}')"
2025-01-26 18:19:38,724	[INFO]	Step: 43
2025-01-26 18:19:38,724	[INFO]	Stop Steps: 50
2025-01-26 18:19:40,095	[DEBUG]	EXEC>  SUCCESS 1210750.3125
2025-01-26 18:19:40,095	[INFO]	REF     SUCCESS               1210750.31 (--) [0 edit(s)]  
2025-01-26 18:19:40,095	[INFO]	Best patch: 0
2025-01-26 18:19:40,453	[DEBUG]	EXEC>  SUCCESS 1189208.125
2025-01-26 18:19:40,453	[INFO]	BEST    SUCCESS              *1189208.12 (98.22%) [0 edit(s)]  
2025-01-26 18:19:40,453	[INFO]	Best patch step: 22
2025-01-26 18:20:56,274	[INFO]	Step: 43
2025-01-26 18:20:56,274	[INFO]	Stop Steps: 50
2025-01-26 18:20:56,776	[DEBUG]	EXEC>  SUCCESS 1209104.75
2025-01-26 18:20:56,776	[INFO]	4-4     SUCCESS              +1209104.75 (99.86%) [1 edit(s)]  
2025-01-26 18:20:56,776	[DEBUG]	patch(4-4)="LineLLMMutation(('source.cpp', 24), '#include<cstdio>\n\n#include<algorithm>\n\nusing namespace std;\n\ntypedef long long int ll;\n\nstatic const int MAX_N = 2000;\n\nint N;\n\nll A[MAX_N];\n\nll memo[MAX_N][2 * MAX_N];\n\nll memoize(int i, int j){\n\n\tif(memo[i][j] != -1) return memo[i][j];\n\n\tint i2 = (i == N - 1 ? 0 : i + 1);\n\n\tint j2 = (j == 0 ? N - 1 : j - 1);\n\n\tint itv = (i > j ? N + j - i : j - i);\n\n\tif((N - itv) % 2 == 1){\n\n\t\tif(i == j) return memo[i][j] = A[i];\n\n\t\telse return memo[i][j] = max(memoize(i2, j) + A[i], memoize(i, j2) + A[j]);\n\n\t}else{\n\n\t\tif(i == j) return memo[i][j] = 0LL;\n\n\t\telse if(A[i] > A[j]) return memo[i][j] = memoize(i2, j);\n\n\t\telse return memo[i][j] = memoize(i, j2);\n\n\t}\n\n\treturn 0;\n\n}\n\nint main(){\n\n\tscanf("%d", &N);\n\n\tfor(int i = 0; i < N; i++) scanf("%lld", &A[i]);\n\n\tfill(memo[0], memo[N], -1);\n\n\tfor(int i = 0; i < N; i++){\n\n\t\tfor(int j = 0; j < N; j++){\n\n\t\t\tmemo[i][j] = memoize(i, j);\n\n\t\t}\n\n\t}\n\n\tll res = 0LL;\n\n\tfor(int i = 0; i < N; i++){\n\n\t\tfor(int j = 0; j < N; j++){\n\n\t\t\tres = max(res, memo[i][j]);\n\n\t\t}\n\n\t}\n\n\tprintf("%lld\\n", res);\n\n\treturn 0;\n\n}')"
2025-01-26 18:20:56,776	[INFO]	Step: 44
2025-01-26 18:20:56,776	[INFO]	Stop Steps: 50
2025-01-26 18:20:57,145	[DEBUG]	EXEC>  SUCCESS 1195176.875
2025-01-26 18:20:57,146	[INFO]	4-5     SUCCESS              +1195176.88 (98.71%) [1 edit(s)]  
2025-01-26 18:20:57,146	[DEBUG]	patch(4-5)="LineLLMMutation(('source.cpp', 14), '#include<cstdio>\n#include<algorithm>\nusing namespace std;\n\ntypedef long long int ll;\n\nstatic const int MAX_N = 2000;\n\nint N;\nll A[MAX_N];\nll memo[MAX_N][2 * MAX_N];\n\nll memoize(int i, int j){\n    if(memo[i][j] != -1) return memo[i][j];\n    int i2 = (i == N - 1 ? 0 : i + 1);\n    int j2 = (j == 0 ? N - 1 : j - 1);\n    int itv = (i > j ? N + j - i : j - i);\n\n    if((N - itv) % 2 == 1){\n        if(i == j) return memo[i][j] = A[i];\n        else return memo[i][j] = max(memoize(i2, j) + A[i], memoize(i, j2) + A[j]);\n    }else{\n        if(i == j) return memo[i][j] = 0LL;\n        else if(A[i] > A[j]) return memo[i][j] = memoize(i2, j);\n        else return memo[i][j] = memoize(i, j2);\n    }\n    return 0;\n}\n\nint main(){\n    scanf("%d", &N);\n    for(int i = 0; i < N; i++) scanf("%lld", &A[i]);\n    fill(memo[0], memo[N], -1);\n    for(int i = 0; i < N; i++){\n        for(int j = 0; j < N; j++){\n            memo[i][j] = memoize(i, j);\n        }\n    }\n\n    ll res = 0LL;\n    for(int i = 0; i < N; i++){\n        for(int j = 0; j < N; j++){\n            res = max(res, memo[i][j]);\n        }\n    }\n\n    printf("%lld\\n", res);\n    return 0;\n}')"
2025-01-26 18:20:57,146	[INFO]	Step: 45
2025-01-26 18:20:57,146	[INFO]	Stop Steps: 50
2025-01-26 18:20:57,642	[DEBUG]	EXEC>  SUCCESS 2403105.625
2025-01-26 18:20:57,642	[INFO]	4-6     SUCCESS               2403105.62 (198.48%) [1 edit(s)]  
2025-01-26 18:20:57,643	[DEBUG]	patch(4-6)="LineLLMCrossover(('source.cpp', 12), '#include<cstdio>\n#include<algorithm>\n#include<vector>\n\nusing namespace std;\n\ntypedef long long int ll;\n\nint N;\nvector<ll> A;\nvector<ll> memo;\n\nll memoize(int i, int j) {\n    if (memo[i * N + j] != -1) return memo[i * N + j];\n\n    int i2 = (i == N - 1 ? 0 : i + 1);\n    int j2 = (j == 0 ? N - 1 : j - 1);\n    int itv = (i > j ? N + j - i : j - i);\n\n    if ((N - itv) % 2 == 1) {\n        if (i == j) return memo[i * N + j] = A[i];\n        else return memo[i * N + j] = max(memoize(i2, j) + A[i], memoize(i, j2) + A[j]);\n    } else {\n        if (i == j) return memo[i * N + j] = 0LL;\n        else if (A[i] > A[j]) return memo[i * N + j] = memoize(i2, j);\n        else return memo[i * N + j] = memoize(i, j2);\n    }\n\n    return 0;\n}\n\nint main() {\n    scanf("%d", &N);\n    A.resize(N);\n    for (int i = 0; i < N; i++) scanf("%lld", &A[i]);\n    memo.resize(N * N, -1); // Using a single-dimensional array for memoization\n\n    ll res = 0LL;\n    for (int i = 0; i < N; i++) {\n        for (int j = 0; j < N; j++) {\n            res = max(res, memoize(i, j));\n        }\n    }\n\n    printf("%lld\\n", res);\n    return 0;\n}')"
2025-01-26 18:20:57,643	[INFO]	Step: 46
2025-01-26 18:20:57,643	[INFO]	Stop Steps: 50
2025-01-26 18:20:58,012	[DEBUG]	EXEC>  SUCCESS 1188246.5625
2025-01-26 18:20:58,013	[INFO]	4-7     SUCCESS              *1188246.56 (98.14%) [1 edit(s)]  
2025-01-26 18:20:58,013	[DEBUG]	patch(4-7)="LineLLMCrossover(('source.cpp', 13), '#include<cstdio>\n#include<algorithm>\nusing namespace std;\n\ntypedef long long int ll;\n\nstatic const int MAX_N = 2000;\n\nint N;\nll A[MAX_N];\nll memo[MAX_N][2 * MAX_N];\n\nll memoize(int i, int j) {\n    if (memo[i][j] != -1) return memo[i][j];\n\n    int i2 = (i == N - 1 ? 0 : i + 1);\n    int j2 = (j == 0 ? N - 1 : j - 1);\n    int itv = (i > j ? N + j - i : j - i);\n\n    if ((N - itv) % 2 == 1) {\n        return memo[i][j] = (i == j) ? A[i] : max(memoize(i2, j) + A[i], memoize(i, j2) + A[j]);\n    } else {\n        return memo[i][j] = (i == j) ? 0LL : (A[i] > A[j] ? memoize(i2, j) : memoize(i, j2));\n    }\n}\n\nint main() {\n    scanf("%d", &N);\n    for (int i = 0; i < N; i++) scanf("%lld", &A[i]);\n    fill(memo[0], memo[N], -1);\n    \n    ll res = 0LL;\n    for (int i = 0; i < N; i++) {\n        for (int j = 0; j < N; j++) {\n            res = max(res, memoize(i, j));\n        }\n    }\n    printf("%lld\\n", res);\n    return 0;\n}')"

2025-01-26 18:20:58,013	[INFO]	Step: 47
2025-01-26 18:20:58,013	[INFO]	Stop Steps: 50
2025-01-26 18:20:58,580	[DEBUG]	EXEC>  SUCCESS 2520599.5
2025-01-26 18:20:58,580	[INFO]	4-8     SUCCESS               2520599.50 (208.18%) [1 edit(s)]  
2025-01-26 18:20:58,581	[DEBUG]	patch(4-8)="LineLLMCrossover(('source.cpp', 14), '#include<cstdio>\n#include<algorithm>\n#include<vector>\n\nusing namespace std;\n\ntypedef long long int ll;\n\nint N;\nvector<ll> A;\nvector<vector<ll>> memo;\n\nll memoize(int i, int j) {\n    if (memo[i][j] != -1) return memo[i][j];\n\n    int i2 = (i == N - 1 ? 0 : i + 1);\n    int j2 = (j == 0 ? N - 1 : j - 1);\n    int itv = (i > j ? N + j - i : j - i);\n\n    if ((N - itv) % 2 == 1) {\n        if (i == j) return memo[i][j] = A[i];\n        else return memo[i][j] = max(memoize(i2, j) + A[i], memoize(i, j2) + A[j]);\n    } else {\n        if (i == j) return memo[i][j] = 0LL;\n        else if (A[i] > A[j]) return memo[i][j] = memoize(i2, j);\n        else return memo[i][j] = memoize(i, j2);\n    }\n\n    return 0;\n}\n\nint main() {\n    scanf("%d", &N);\n    A.resize(N);\n    for (int i = 0; i < N; i++) scanf("%lld", &A[i]);\n    memo.resize(N, vector<ll>(2 * N, -1)); // 2D vector for memoization\n\n    ll res = 0LL;\n    for (int i = 0; i < N; i++) {\n        for (int j = 0; j < N; j++) {\n            res = max(res, memoize(i, j));\n        }\n    }\n\n    printf("%lld\\n", res);\n    return 0;\n}')"
2025-01-26 18:20:58,581	[INFO]	Step: 48
2025-01-26 18:20:58,581	[INFO]	Stop Steps: 50
2025-01-26 18:20:59,076	[DEBUG]	EXEC>  SUCCESS 2485875.9375
2025-01-26 18:20:59,077	[INFO]	4-9     SUCCESS               2485875.94 (205.32%) [1 edit(s)]  
2025-01-26 18:20:59,077	[DEBUG]	patch(4-9)="LineLLMCrossover(('source.cpp', 15), '#include<cstdio>\n#include<algorithm>\n#include<vector>\n\nusing namespace std;\n\ntypedef long long int ll;\n\nint N;\nvector<ll> A;\nvector<ll> memo;\n\nll memoize(int i, int j) {\n    if (memo[i * N + j] != -1) return memo[i * N + j];\n\n    int i2 = (i == N - 1 ? 0 : i + 1);\n    int j2 = (j == 0 ? N - 1 : j - 1);\n    int itv = (i > j ? N + j - i : j - i);\n\n    if ((N - itv) % 2 == 1) {\n        return memo[i * N + j] = (i == j) ? A[i] : max(memoize(i2, j) + A[i], memoize(i, j2) + A[j]);\n    } else {\n        return memo[i * N + j] = (i == j) ? 0LL : (A[i] > A[j] ? memoize(i2, j) : memoize(i, j2));\n    }\n}\n\nint main() {\n    scanf("%d", &N);\n    A.resize(N);\n    for (int i = 0; i < N; i++) scanf("%lld", &A[i]);\n    memo.resize(N * N, -1); // Using a single-dimensional array for memoization\n\n    ll res = 0LL;\n    for (int i = 0; i < N; i++) {\n        for (int j = 0; j < N; j++) {\n            res = max(res, memoize(i, j));\n        }\n    }\n\n    printf("%lld\\n", res);\n    return 0;\n}')"
2025-01-26 18:20:59,077	[INFO]	Step: 49
2025-01-26 18:20:59,077	[INFO]	Stop Steps: 50
2025-01-26 18:21:00,000	[DEBUG]	EXEC>  SUCCESS 93265147.125
2025-01-26 18:21:00,000	[INFO]	4-10    SUCCESS               93265147.12 (7703.09%) [2 edit(s)]  
2025-01-26 18:21:00,000	[DEBUG]	patch(4-10)="LineLLMMutation(('source.cpp', 24), '#include<cstdio>\n\n#include<algorithm>\n\nusing namespace std;\n\ntypedef long long int ll;\n\nstatic const int MAX_N = 2000;\n\nint N;\n\nll A[MAX_N];\n\nll memo[MAX_N][2 * MAX_N];\n\nll memoize(int i, int j){\n\n\tif(memo[i][j] != -1) return memo[i][j];\n\n\tint i2 = (i == N - 1 ? 0 : i + 1);\n\n\tint j2 = (j == 0 ? N - 1 : j - 1);\n\n\tint itv = (i > j ? N + j - i : j - i);\n\n\tif((N - itv) % 2 == 1){\n\n\t\tif(i == j) return memo[i][j] = A[i];\n\n\t\telse return memo[i][j] = max(memoize(i2, j) + A[i], memoize(i, j2) + A[j]);\n\n\t}else{\n\n\t\tif(i == j) return memo[i][j] = 0LL;\n\n\t\telse if(A[i] > A[j]) return memo[i][j] = memoize(i2, j);\n\n\t\telse return memo[i][j] = memoize(i, j2);\n\n\t}\n\n\treturn 0;\n\n}\n\nint main(){\n\n\tscanf("%d", &N);\n\n\tfor(int i = 0; i < N; i++) scanf("%lld", &A[i]);\n\n\tfill(memo[0], memo[N], -1);\n\n\tfor(int i = 0; i < N; i++){\n\n\t\tfor(int j = 0; j < N; j++){\n\n\t\t\tmemo[i][j] = memoize(i, j);\n\n\t\t}\n\n\t}\n\n\tll res = 0LL;\n\n\tfor(int i = 0; i < N; i++){\n\n\t\tfor(int j = 0; j < N; j++){\n\n\t\t\tres = max(res, memo[i][j]);\n\n\t\t}\n\n\t}\n\n\tprintf("%lld\\n", res);\n\n\treturn 0;\n\n}') | LineLLMMutation(('source.cpp', 25), '#include<cstdio>\n#include<algorithm>\n\nusing namespace std;\n\ntypedef long long int ll;\n\nstatic const int MAX_N = 2000;\n\nint N;\n\nll A[MAX_N];\n\nll memo[MAX_N * 2 * MAX_N];\n\nll memoize(int i, int j) {\n    int index = i * (2 * MAX_N) + j; // Flatten the two-dimensional array\n    if (memo[index] != -1) return memo[index];\n\n    int i2 = (i == N - 1 ? 0 : i + 1);\n    int j2 = (j == 0 ? N - 1 : j - 1);\n    int itv = (i > j ? N + j - i : j - i);\n\n    if ((N - itv) % 2 == 1) {\n        if (i == j) return memo[index] = A[i];\n        else return memo[index] = max(memoize(i2, j) + A[i], memoize(i, j2) + A[j]);\n    } else {\n        if (i == j) return memo[index] = 0LL;\n        else if (A[i] > A[j]) return memo[index] = memoize(i2, j);\n        else return memo[index] = memoize(i, j2);\n    }\n}\n\nint main() {\n    scanf("%d", &N);\n    for(int i = 0; i < N; i++) scanf("%lld", &A[i]);\n\n    fill(memo, memo + MAX_N * 2 * MAX_N, -1); // Fill the flattened memo array\n\n    ll res = 0LL;\n\n    for(int i = 0; i < N; i++) {\n        for(int j = 0; j < N; j++) {\n            res = max(res, memoize(i, j)); // Calculate directly without the need for a memo array\n        }\n    }\n\n    printf("%lld\\n", res);\n    return 0;\n}')"
2025-01-26 18:21:00,001	[INFO]	Step: 50
2025-01-26 18:21:00,001	[INFO]	Stop Steps: 50
2025-01-26 18:21:00,001	[INFO]	(Abstract Algorithm) Stopping Condition: step budget
2025-01-26 18:21:00,001	[INFO]	Step: 50
2025-01-26 18:21:00,001	[INFO]	Stop Steps: 50
2025-01-26 18:21:01,346	[INFO]	~~~~ END ~~~~
2025-01-26 18:21:01,346	[INFO]	Best patch step: 46
2025-01-26 18:21:01,347	[INFO]	
2025-01-26 18:21:01,347	[INFO]	==== REPORT ====
2025-01-26 18:21:01,347	[INFO]	Termination: step budget
2025-01-26 18:21:01,347	[INFO]	Log file: /home/ubuntu/eoc/magpie2/_magpie_logs/0205_1737915195.log
2025-01-26 18:21:01,347	[INFO]	Patch file: _magpie_logs/0205_1737915195.patch
2025-01-26 18:21:01,347	[INFO]	Diff file: _magpie_logs/0205_1737915195.diff
2025-01-26 18:21:01,347	[INFO]	Reference fitness: 1210750.31
2025-01-26 18:21:01,347	[INFO]	Best fitness: 1188246.56
2025-01-26 18:21:01,347	[INFO]	
2025-01-26 18:21:01,347	[INFO]	==== BEST PATCH ====
LineLLMCrossover(('source.cpp', 13), '#include<cstdio>\n#include<algorithm>\nusing namespace std;\n\ntypedef long long int ll;\n\nstatic const int MAX_N = 2000;\n\nint N;\nll A[MAX_N];\nll memo[MAX_N][2 * MAX_N];\n\nll memoize(int i, int j) {\n    if (memo[i][j] != -1) return memo[i][j];\n\n    int i2 = (i == N - 1 ? 0 : i + 1);\n    int j2 = (j == 0 ? N - 1 : j - 1);\n    int itv = (i > j ? N + j - i : j - i);\n\n    if ((N - itv) % 2 == 1) {\n        return memo[i][j] = (i == j) ? A[i] : max(memoize(i2, j) + A[i], memoize(i, j2) + A[j]);\n    } else {\n        return memo[i][j] = (i == j) ? 0LL : (A[i] > A[j] ? memoize(i2, j) : memoize(i, j2));\n    }\n}\n\nint main() {\n    scanf("%d", &N);\n    for (int i = 0; i < N; i++) scanf("%lld", &A[i]);\n    fill(memo[0], memo[N], -1);\n    \n    ll res = 0LL;\n    for (int i = 0; i < N; i++) {\n        for (int j = 0; j < N; j++) {\n            res = max(res, memoize(i, j));\n        }\n    }\n    printf("%lld\\n", res);\n    return 0;\n}')
2025-01-26 18:21:01,348	[INFO]	
2025-01-26 18:21:01,348	[INFO]	==== DIFF ====

