2025-01-26 18:21:02,531	[DEBUG]	==== CONFIG ====
[magpie]
import = 
seed = 6866113971609973
log_dir = _magpie_logs
work_dir = _magpie_work
local_original_copy = True
local_original_name = __original__
output_encoding = ascii
edit_retries = 10
default_timeout = 30
default_lengthout = 10000.0
diff_method = unified
trust_local_filesystem = True

[magpie.log]
color_output = True
format_info = {counter:<7} {status:<20} {best}{fitness} ({ratio}) [{size}] {cached} {log}
format_debug = patch({counter})="{patch}"{diffifbest}
format_fitness = {:.2f}
format_ratio = {:.2%%}
format_patchif = 
	 --> {patch}
format_diffif = 
	{diff}

[software]
path = dataset/magpie_dataset/train/0206
target_files = 
	source.cpp
software = BasicSoftware
model_rules = 
	*.params : ParamFileConfigModel
	*.xml : SrcmlModel
	* : LineModel
model_config = 
	*.params : [paramconfig]
	*.xml : [srcml]
init_cmd = 
init_timeout = 60
init_lengthout = -1
setup_cmd = bash setup.sh
setup_timeout = 
setup_lengthout = 
compile_cmd = bash compile.sh
compile_timeout = 
compile_lengthout = 
test_cmd = bash test.sh
test_timeout = 
test_lengthout = 
run_cmd = bash run.sh
run_timeout = 3
run_lengthout = 
batch_timeout = 
batch_lengthout = 
batch_bin_fitness_strategy = aggregate
batch_fitness_strategy = sum
fitness = time

[srcml]
rename = 
	stmt: break continue decl_stmt do expr_stmt for goto if return switch while
	number: literal_number
focus = block stmt operator_comp operator_arith number
internodes = block
process_pseudo_blocks = True
process_literals = True
process_operators = True

[paramconfig]
timing = test run
cli_prefix = --
cli_glue = =
cli_boolean = show
cli_boolean_prefix_true = 
cli_boolean_prefix_false = no-
cli_none = hide
silent_prefix = @
silent_suffix = $

[search]
protocol = BasicProtocol
algorithm = GeneticProgrammingLLM
possible_edits = 
	LineLLMMutation
	LineLLMCrossover
	LineDeletion
	LineInsertion
	LineReplacement
llm_prob = 1.0
warmup = 5
warmup_strategy = last
max_steps = 50
max_time = 20000
target_fitness = 
cache_maxsize = 100
cache_keep = 0.2
batch_instances = 
batch_shuffle = True
batch_bin_shuffle = False
batch_sample_size = 1

[search.ls]
delete_prob = 0.5
max_neighbours = 
when_trapped = continue
accept_fail = False
tabu_length = 10

[search.gp]
pop_size = 10
delete_prob = 0.0
offspring_elitism = 0.2
offspring_crossover = 0.4
offspring_mutation = 0.4
uniform_rate = 0.5
batch_reset = True
llm_type = baseline

[search.minify]
do_cleanup = True
do_rebuild = True
do_simplify = True
round_robin_limit = 3


2025-01-26 18:21:02,532	[DEBUG]	
2025-01-26 18:21:02,532	[INFO]	==== SEARCH: GeneticProgrammingLLM ====
2025-01-26 18:21:02,532	[INFO]	~~~~ WARMUP ~~~~
2025-01-26 18:21:04,049	[DEBUG]	EXEC>  SUCCESS 11917282.3125
2025-01-26 18:21:04,049	[INFO]	WARM    SUCCESS               11917282.31 (--) [0 edit(s)]  
2025-01-26 18:21:04,862	[DEBUG]	EXEC>  SUCCESS 12266315.0625
2025-01-26 18:21:04,863	[INFO]	WARM    SUCCESS               12266315.06 (--) [0 edit(s)]  
2025-01-26 18:21:05,671	[DEBUG]	EXEC>  SUCCESS 11930046.125
2025-01-26 18:21:05,672	[INFO]	WARM    SUCCESS               11930046.12 (--) [0 edit(s)]  
2025-01-26 18:21:06,491	[DEBUG]	EXEC>  SUCCESS 11817979.5
2025-01-26 18:21:06,491	[INFO]	WARM    SUCCESS               11817979.50 (--) [0 edit(s)]  
2025-01-26 18:21:07,313	[DEBUG]	EXEC>  SUCCESS 12837701.625
2025-01-26 18:21:07,313	[INFO]	WARM    SUCCESS               12837701.62 (--) [0 edit(s)]  
2025-01-26 18:21:07,313	[INFO]	REF     SUCCESS               12837701.62 (--) [0 edit(s)]  
2025-01-26 18:21:07,314	[INFO]	
2025-01-26 18:21:07,314	[INFO]	~~~~ START ~~~~
2025-01-26 18:23:39,989	[INFO]	0-1     COMPILE_CODE_ERROR    None (--) [1 edit(s)]  
2025-01-26 18:23:39,989	[DEBUG]	patch(0-1)="LineLLMMutation(('source.cpp', 0), '#include <cstdio>\n#include <vector>\n#include <algorithm>\n\nusing namespace std;\n\ntypedef long long ll;\ntypedef pair<int, int> pii;\n\n#define fst first\n#define scd second\n#define PB push_back\n#define rep(i,x) for(int i=0;i<(x);++i)\n\nconst ll inf = 3e18;\n\nstruct edge {\n    int to, cost;\n    edge(int to, int cost) : to(to), cost(cost) {}\n};\n\nint N, M, C;\nll d[100000];\nvector<edge> G[100000];\nbool found[100000];\nbool used[100000][100000];\n\nvoid dijkstra(int s) {\n    priority_queue<pii, vector<pii>, greater<pii>> q;\n    fill(d, d + N, inf);\n    d[s] = 0;\n    q.push(pii(0, s));\n    while (q.size()) {\n        pii p = q.top(); q.pop();\n        int v = p.scd;\n        if (d[v] < p.fst) continue;\n        rep(i, G[v].size()) {\n            edge e = G[v][i];\n            if (d[e.to] > d[v] + e.cost) {\n                d[e.to] = d[v] + e.cost;\n                q.push(pii(d[e.to], e.to));\n            }\n        }\n    }\n}\n\nsigned main() {\n    scanf("%d %d %d", &N, &M, &C);\n    ll sum = 0;\n    rep(i, M) {\n        int A, B, D; scanf("%d %d %d", &A, &B, &D), A--, B--;\n        G[A].PB(edge(B, D));\n        G[B].PB(edge(A, D));\n        sum += D;\n    }\n    dijkstra(0);\n    found[0] = true;\n    ll mi = inf;\n    for (auto &entry : m) {\n        ll X = entry.fst;\n        vector<int> vs = entry.scd;\n        rep(i, vs.size()) found[vs[i]] = true;\n        rep(i, vs.size()) {\n            int v = vs[i];\n            rep(j, G[v].size()) {\n                edge e = G[v][j];\n                if (!found[e.to]) continue;\n                if (used[v][e.to]) continue;\n                used[v][e.to] = used[e.to][v] = true;\n                sum -= e.cost;\n            }\n        }\n        mi = min(mi, sum + C * X);\n    }\n    printf("%lld\\n", mi);\n}')"
2025-01-26 18:23:41,165	[INFO]	0-2     COMPILE_CODE_ERROR    None (--) [1 edit(s)]  
2025-01-26 18:23:41,165	[DEBUG]	patch(0-2)="LineLLMMutation(('source.cpp', 1), '#include <cstdio>\n#include <vector>\n#include <algorithm>\n#include <queue>\n\nusing namespace std;\n\ntypedef long long ll;\ntypedef pair<int, int> pii;\n\n#define fst first\n#define scd second\n#define PB push_back\n#define rep(i,x) for(int i=0;i<(x);++i)\n\nconst ll inf = 3e18;\n\nstruct edge {\n    int to, cost;\n    edge(int to, int cost) : to(to), cost(cost) {}\n};\n\nint N, M, C;\nll d[100000];\nvector<edge> G[100000];\nbool found[100000];\nbool used[100000][100000];\n\nvoid dijkstra(int s) {\n    vector<bool> inQueue(N, false);\n    vector<pii> q;\n    fill(d, d + N, inf);\n    d[s] = 0;\n    q.PB(pii(0, s));\n    while (!q.empty()) {\n        sort(q.begin(), q.end());\n        pii p = q.front(); q.erase(q.begin());\n        int v = p.scd;\n        if (d[v] < p.fst) continue;\n        rep(i, G[v].size()) {\n            edge e = G[v][i];\n            if (d[e.to] > d[v] + e.cost) {\n                d[e.to] = d[v] + e.cost;\n                q.PB(pii(d[e.to], e.to));\n            }\n        }\n    }\n}\n\nsigned main() {\n    scanf("%d %d %d", &N, &M, &C);\n    ll sum = 0;\n    rep(i, M) {\n        int A, B, D; scanf("%d %d %d", &A, &B, &D), A--, B--;\n        G[A].PB(edge(B, D));\n        G[B].PB(edge(A, D));\n        sum += D;\n    }\n    dijkstra(0);\n    found[0] = true;\n    ll mi = inf;\n    for (auto &entry : m) {\n        ll X = entry.fst;\n        vector<int> vs = entry.scd;\n        rep(i, vs.size()) found[vs[i]] = true;\n        rep(i, vs.size()) {\n            int v = vs[i];\n            rep(j, G[v].size()) {\n                edge e = G[v][j];\n                if (!found[e.to]) continue;\n                if (used[v][e.to]) continue;\n                used[v][e.to] = used[e.to][v] = true;\n                sum -= e.cost;\n            }\n        }\n        mi = min(mi, sum + C * X);\n    }\n    printf("%lld\\n", mi);\n}')"
2025-01-26 18:23:42,318	[INFO]	0-3     COMPILE_CODE_ERROR    None (--) [1 edit(s)]  
2025-01-26 18:23:42,319	[DEBUG]	patch(0-3)="LineLLMMutation(('source.cpp', 2), '#include <cstdio>\n#include <vector>\n#include <algorithm>\n\nusing namespace std;\n\ntypedef long long ll;\ntypedef pair<int, int> pii;\n\n#define fst first\n#define scd second\n#define PB push_back\n#define rep(i,x) for(int i=0;i<(x);++i)\n\nconst ll inf = 3e18;\n\nstruct edge {\n    int to, cost;\n    edge(int to, int cost) : to(to), cost(cost) {}\n};\n\nstruct edgeCost {\n    int to;\n    int cost;\n};\n\nint N, M, C;\nll d[100000];\nvector<edgeCost> G[100000];\nbool found[100000];\nbool used[100000][100000];\n\nvoid dijkstra(int s) {\n    priority_queue<pii, vector<pii>, greater<pii>> q;\n    fill(d, d + N, inf);\n    d[s] = 0;\n    q.push(pii(0, s));\n    while (q.size()) {\n        pii p = q.top(); q.pop();\n        int v = p.scd;\n        if (d[v] < p.fst) continue;\n        rep(i, G[v].size()) {\n            edgeCost e = G[v][i];\n            if (d[e.to] > d[v] + e.cost) {\n                d[e.to] = d[v] + e.cost;\n                q.push(pii(d[e.to], e.to));\n            }\n        }\n    }\n}\n\nsigned main() {\n    scanf("%d %d %d", &N, &M, &C);\n    ll sum = 0;\n    rep(i, M) {\n        int A, B, D; scanf("%d %d %d", &A, &B, &D), A--, B--;\n        G[A].PB({B, D});\n        G[B].PB({A, D});\n        sum += D;\n    }\n    dijkstra(0);\n    found[0] = true;\n    ll mi = inf;\n    for (auto &entry : m) {\n        ll X = entry.fst;\n        vector<int> vs = entry.scd;\n        rep(i, vs.size()) found[vs[i]] = true;\n        rep(i, vs.size()) {\n            int v = vs[i];\n            rep(j, G[v].size()) {\n                edgeCost e = G[v][j];\n                if (!found[e.to]) continue;\n                if (used[v][e.to]) continue;\n                used[v][e.to] = used[e.to][v] = true;\n                sum -= e.cost;\n            }\n        }\n        mi = min(mi, sum + C * X);\n    }\n    printf("%lld\\n", mi);\n}')"
2025-01-26 18:23:43,473	[INFO]	0-4     COMPILE_CODE_ERROR    None (--) [1 edit(s)]  
2025-01-26 18:23:43,473	[DEBUG]	patch(0-4)="LineLLMMutation(('source.cpp', 3), '#include <cstdio>\n#include <vector>\n#include <algorithm>\n\nusing namespace std;\n\ntypedef long long ll;\ntypedef pair<int, int> pii;\n\n#define fst first\n#define scd second\n#define PB push_back\n#define rep(i,x) for(int i=0;i<(x);++i)\n\nconst ll inf = 3e18;\n\nstruct edge {\n    int to, cost;\n    edge(int to, int cost) : to(to), cost(cost) {}\n};\n\nint N, M, C;\nll d[100000];\nvector<edge> G[100000];\nbool found[100000];\nbool used[100000][100000];\nvector<int> freq(100000, 0);\n\nvoid dijkstra(int s) {\n    priority_queue<pii, vector<pii>, greater<pii>> q;\n    fill(d, d + N, inf);\n    d[s] = 0;\n    q.push(pii(0, s));\n    while (q.size()) {\n        pii p = q.top(); q.pop();\n        int v = p.scd;\n        if (d[v] < p.fst) continue;\n        rep(i, G[v].size()) {\n            edge e = G[v][i];\n            if (d[e.to] > d[v] + e.cost) {\n                d[e.to] = d[v] + e.cost;\n                freq[e.to]++;\n                q.push(pii(d[e.to], e.to));\n            }\n        }\n    }\n}\n\nsigned main() {\n    scanf("%d %d %d", &N, &M, &C);\n    ll sum = 0;\n    rep(i, M) {\n        int A, B, D; scanf("%d %d %d", &A, &B, &D), A--, B--;\n        G[A].PB(edge(B, D));\n        G[B].PB(edge(A, D));\n        sum += D;\n    }\n    dijkstra(0);\n    found[0] = true;\n    ll mi = inf;\n    for (int i = 0; i < N; i++) {\n        if (freq[i] > 0) {\n            // Process the vertex\n        }\n    }\n    printf("%lld\\n", mi);\n}')"
2025-01-26 18:23:44,625	[INFO]	0-5     COMPILE_CODE_ERROR    None (--) [1 edit(s)]  
2025-01-26 18:23:44,625	[DEBUG]	patch(0-5)="LineLLMMutation(('source.cpp', 4), '#include <cstdio>\n#include <vector>\n#include <array>\n#include <algorithm>\n\nusing namespace std;\n\ntypedef long long ll;\ntypedef pair<int, int> pii;\n\n#define fst first\n#define scd second\n#define PB push_back\n#define rep(i,x) for(int i=0;i<(x);++i)\n\nconst ll inf = 3e18;\n\nstruct edge {\n    int to, cost;\n    edge(int to, int cost) : to(to), cost(cost) {}\n};\n\nint N, M, C;\narray<ll, 100000> d;\nvector<edge> G[100000];\nbool found[100000];\nbool used[100000][100000];\n\nvoid dijkstra(int s) {\n    priority_queue<pii, vector<pii>, greater<pii>> q;\n    d.fill(inf);\n    d[s] = 0;\n    q.push(pii(0, s));\n    while (q.size()) {\n        pii p = q.top(); q.pop();\n        int v = p.scd;\n        if (d[v] < p.fst) continue;\n        rep(i, G[v].size()) {\n            edge e = G[v][i];\n            if (d[e.to] > d[v] + e.cost) {\n                d[e.to] = d[v] + e.cost;\n                q.push(pii(d[e.to], e.to));\n            }\n        }\n    }\n}\n\nsigned main() {\n    scanf("%d %d %d", &N, &M, &C);\n    ll sum = 0;\n    rep(i, M) {\n        int A, B, D; scanf("%d %d %d", &A, &B, &D), A--, B--;\n        G[A].PB(edge(B, D));\n        G[B].PB(edge(A, D));\n        sum += D;\n    }\n    dijkstra(0);\n    found[0] = true;\n    ll mi = inf;\n    for (int i = 0; i < N; i++) {\n        if (found[i]) {\n            // Process the vertex\n        }\n    }\n    printf("%lld\\n", mi);\n}')"
2025-01-26 18:23:45,887	[INFO]	0-6     COMPILE_CODE_ERROR    None (--) [1 edit(s)]  
2025-01-26 18:23:45,887	[DEBUG]	patch(0-6)="LineLLMMutation(('source.cpp', 5), '#include <iostream>\n#include <vector>\n#include <array>\n#include <algorithm>\n\nusing namespace std;\n\ntypedef long long ll;\ntypedef pair<int, int> pii;\n\n#define fst first\n#define scd second\n#define PB push_back\n#define rep(i,x) for(int i=0;i<(x);++i)\n\nconst ll inf = 3e18;\n\nstruct edge {\n    int to, cost;\n    edge(int to, int cost) : to(to), cost(cost) {}\n};\n\nint N, M, C;\narray<ll, 100000> d;\nvector<edge> G[100000];\nbool found[100000];\nbool used[100000][100000];\n\nvoid dijkstra(int s) {\n    priority_queue<pii, vector<pii>, greater<pii>> q;\n    d.fill(inf);\n    d[s] = 0;\n    q.push(pii(0, s));\n    while (q.size()) {\n        pii p = q.top(); q.pop();\n        int v = p.scd;\n        if (d[v] < p.fst) continue;\n        rep(i, G[v].size()) {\n            edge e = G[v][i];\n            if (d[e.to] > d[v] + e.cost) {\n                d[e.to] = d[v] + e.cost;\n                q.push(pii(d[e.to], e.to));\n            }\n        }\n    }\n}\n\nsigned main() {\n    cin >> N >> M >> C;\n    ll sum = 0;\n    rep(i, M) {\n        int A, B, D; cin >> A >> B >> D; A--, B--;\n        G[A].PB(edge(B, D));\n        G[B].PB(edge(A, D));\n        sum += D;\n    }\n    dijkstra(0);\n    found[0] = true;\n    ll mi = inf;\n    for (int i = 0; i < N; i++) {\n        if (found[i]) {\n            // Process the vertex\n        }\n    }\n    cout << mi << endl;\n}')"
2025-01-26 18:23:47,209	[INFO]	0-7     COMPILE_CODE_ERROR    None (--) [1 edit(s)]  
2025-01-26 18:23:47,209	[DEBUG]	patch(0-7)="LineLLMMutation(('source.cpp', 6), '#include <iostream>\n#include <vector>\n#include <array>\n#include <algorithm>\n\nusing namespace std;\n\ntypedef long long ll;\ntypedef pair<int, int> pii;\n\n#define fst first\n#define scd second\n#define PB push_back\n#define rep(i,x) for(int i=0;i<(x);++i)\n\nconst ll inf = 3e18;\n\nstruct edge {\n    int to_cost;\n    edge(int to, int cost) : to_cost((to << 16) | cost) {}\n    int to() const { return to_cost >> 16; }\n    int cost() const { return to_cost & 0xFFFF; }\n};\n\nint N, M, C;\narray<ll, 100000> d;\nvector<edge> G[100000];\nbool found[100000];\nbool used[100000][100000];\n\nvoid dijkstra(int s) {\n    priority_queue<pii, vector<pii>, greater<pii>> q;\n    d.fill(inf);\n    d[s] = 0;\n    q.push(pii(0, s));\n    while (q.size()) {\n        pii p = q.top(); q.pop();\n        int v = p.scd;\n        if (d[v] < p.fst) continue;\n        rep(i, G[v].size()) {\n            edge e = G[v][i];\n            int target = e.to();\n            if (d[target] > d[v] + e.cost()) {\n                d[target] = d[v] + e.cost();\n                q.push(pii(d[target], target));\n            }\n        }\n    }\n}\n\nsigned main() {\n    cin >> N >> M >> C;\n    ll sum = 0;\n    rep(i, M) {\n        int A, B, D; cin >> A >> B >> D; A--, B--;\n        G[A].PB(edge(B, D));\n        G[B].PB(edge(A, D));\n        sum += D;\n    }\n    dijkstra(0);\n    found[0] = true;\n    ll mi = inf;\n    for (int i = 0; i < N; i++) {\n        if (found[i]) {\n            // Process the vertex\n        }\n    }\n    cout << mi << endl;\n}')"
2025-01-26 18:23:48,460	[INFO]	0-8     COMPILE_CODE_ERROR    None (--) [1 edit(s)]  
2025-01-26 18:23:48,461	[DEBUG]	patch(0-8)="LineLLMMutation(('source.cpp', 7), '#include <iostream>\n#include <vector>\n#include <array>\n#include <algorithm>\n\nusing namespace std;\n\ntypedef long long ll;\ntypedef pair<int, int> pii;\n\n#define fst first\n#define scd second\n#define PB push_back\n#define rep(i,x) for(int i=0;i<(x);++i)\n\nconst ll inf = 3e18;\n\nstruct edge {\n    int to, cost;\n    edge(int to, int cost) : to(to), cost(cost) {}\n};\n\nint N, M, C;\narray<ll, 100000> d;\nvector<edge> G[100000];\nbool found[100000];\nbool used[100000][100000];\n\nvoid dijkstra(int s) {\n    priority_queue<pii, vector<pii>, greater<pii>> q;\n    d.fill(inf);\n    d[s] = 0;\n    q.push(pii(0, s));\n    while (q.size()) {\n        pii p = q.top(); q.pop();\n        int v = p.scd;\n        if (d[v] < p.fst) continue;\n        rep(i, G[v].size()) {\n            edge e = G[v][i];\n            if (d[e.to] > d[v] + e.cost) {\n                d[e.to] = d[v] + e.cost;\n                q.push(pii(d[e.to], e.to));\n            }\n        }\n    }\n}\n\nsigned main() {\n    cin >> N >> M >> C;\n    ll sum = 0;\n    rep(i, M) {\n        int A, B, D; cin >> A >> B >> D; A--, B--;\n        G[A].reserve(M); // Reserve space for performance\n        G[B].reserve(M);\n        G[A].PB(edge(B, D));\n        G[B].PB(edge(A, D));\n        sum += D;\n    }\n    dijkstra(0);\n    found[0] = true;\n    ll mi = inf;\n    for (int i = 0; i < N; i++) {\n        if (found[i]) {\n            // Process the vertex\n        }\n    }\n    cout << mi << endl;\n}')"
2025-01-26 18:23:49,712	[INFO]	0-9     COMPILE_CODE_ERROR    None (--) [1 edit(s)]  
2025-01-26 18:23:49,712	[DEBUG]	patch(0-9)="LineLLMMutation(('source.cpp', 8), '#include <iostream>\n#include <vector>\n#include <array>\n#include <algorithm>\n\nusing namespace std;\n\ntypedef long long ll;\ntypedef pair<int, int> pii;\n\n#define fst first\n#define scd second\n#define PB push_back\n#define rep(i,x) for(int i=0;i<(x);++i)\n\nconst ll inf = 3e18;\n\nstruct edge {\n    int to, cost;\n    edge(int to, int cost) : to(to), cost(cost) {}\n};\n\nint N, M, C;\narray<ll, 100000> d;\nvector<edge> G[100000];\nbool found[100000];\nbool used[100000][100000];\n\nvoid dijkstra(int s) {\n    priority_queue<pii, vector<pii>, greater<pii>> q;\n    d.fill(inf);\n    d[s] = 0;\n    q.push(pii(0, s));\n    while (q.size()) {\n        pii p = q.top(); q.pop();\n        int v = p.scd;\n        if (d[v] < p.fst) continue;\n        rep(i, G[v].size()) {\n            edge e = G[v][i];\n            if (d[e.to] > d[v] + e.cost) {\n                d[e.to] = d[v] + e.cost;\n                q.push(pii(d[e.to], e.to));\n            }\n        }\n    }\n}\n\nsigned main() {\n    cin >> N >> M >> C;\n    ll sum = 0;\n    rep(i, M) {\n        int A, B, D; cin >> A >> B >> D; A--, B--;\n        G[A].PB(edge(B, D));\n        G[B].PB(edge(A, D));\n        sum += D;\n    }\n    dijkstra(0);\n    found[0] = true;\n    ll mi = inf;\n    for (int i = 0; i < N; i++) {\n        if (found[i]) {\n            // Process the vertex\n        }\n    }\n    cout << mi << endl;\n}')"
2025-01-26 18:23:50,983	[INFO]	0-10    COMPILE_CODE_ERROR    None (--) [1 edit(s)]  
2025-01-26 18:23:50,983	[DEBUG]	patch(0-10)="LineLLMMutation(('source.cpp', 9), '#include <iostream>\n#include <vector>\n#include <array>\n#include <algorithm>\n#include <sstream>\n\nusing namespace std;\n\ntypedef long long ll;\ntypedef pair<int, int> pii;\n\n#define fst first\n#define scd second\n#define PB push_back\n#define rep(i,x) for(int i=0;i<(x);++i)\n\nconst ll inf = 3e18;\n\nstruct edge {\n    int to, cost;\n    edge(int to, int cost) : to(to), cost(cost) {}\n};\n\nint N, M, C;\narray<ll, 100000> d;\nvector<edge> G[100000];\nbool found[100000];\nbool used[100000][100000];\n\nvoid dijkstra(int s) {\n    priority_queue<pii, vector<pii>, greater<pii>> q;\n    d.fill(inf);\n    d[s] = 0;\n    q.push(pii(0, s));\n    while (q.size()) {\n        pii p = q.top(); q.pop();\n        int v = p.scd;\n        if (d[v] < p.fst) continue;\n        rep(i, G[v].size()) {\n            edge e = G[v][i];\n            if (d[e.to] > d[v] + e.cost) {\n                d[e.to] = d[v] + e.cost;\n                q.push(pii(d[e.to], e.to));\n            }\n        }\n    }\n}\n\nsigned main() {\n    cin >> N >> M >> C;\n    ll sum = 0;\n    int A, B, D;\n    vector<int> inputs(N * 3);\n    for (int i = 0; i < M; i++) {\n        cin >> A >> B >> D; A--, B--;\n        G[A].PB(edge(B, D));\n        G[B].PB(edge(A, D));\n        sum += D;\n    }\n    dijkstra(0);\n    found[0] = true;\n    ll mi = inf;\n    for (int i = 0; i < N; i++) {\n        if (found[i]) {\n            // Process the vertex\n        }\n    }\n    cout << mi << endl;\n}')"
2025-01-26 18:23:51,984	[INFO]	Step: 10
2025-01-26 18:23:51,984	[INFO]	Stop Steps: 50
2025-01-26 18:23:53,930	[DEBUG]	EXEC>  SUCCESS 12212843.4375
2025-01-26 18:23:53,931	[INFO]	REF     SUCCESS               12212843.44 (--) [0 edit(s)]  
2025-01-26 18:23:53,931	[INFO]	Best patch step: None
2025-01-26 18:24:53,021	[INFO]	Step: 10
2025-01-26 18:24:53,021	[INFO]	Stop Steps: 50
2025-01-26 18:24:53,194	[INFO]	1-1     TEST_CODE_ERROR       None (--) [1 edit(s)]  
2025-01-26 18:24:53,194	[DEBUG]	patch(1-1)="LineLLMCrossover(('source.cpp', 0), '#include <cstdio>\n#include <cstring>\n#include <algorithm>\nusing namespace std;\n\nconst int maxn = 200005;\nchar str[maxn];\n\nint main() {\n    scanf("%s", str);\n    int a = -1, ans = 0;\n    for (int i = 0; str[i]; i++) {\n        if (str[i] == \'Z\') {\n            if (a != -1)\n                ans = max(ans, i - a);\n        } else if (str[i] == \'A\' && a == -1) {\n            a = i;\n        }\n    }\n    printf("%d\\n", ans + 1);\n    return 0;\n}')"
2025-01-26 18:24:53,194	[INFO]	Step: 11
2025-01-26 18:24:53,194	[INFO]	Stop Steps: 50
2025-01-26 18:24:53,361	[INFO]	1-2     TEST_CODE_ERROR       None (--) [1 edit(s)]  
2025-01-26 18:24:53,361	[DEBUG]	patch(1-2)="LineLLMCrossover(('source.cpp', 1), '#include <cstdio>\n#include <algorithm>\nusing namespace std;\n\nconst int maxn = 200005;\nint n;\nchar str[maxn];\n\nint main() {\n    scanf("%s", str);\n    int a = -1, ans = 0;\n    for (int i = 0; str[i]; i++) {\n        if (str[i] == \'Z\') {\n            if (a != -1)\n                ans = max(ans, i - a);\n        } else if (str[i] == \'A\' && a == -1) {\n            a = i;\n        }\n    }\n    printf("%d\\n", ans + 1);\n    return 0;\n}')"
2025-01-26 18:24:53,361	[INFO]	Step: 12
2025-01-26 18:24:53,361	[INFO]	Stop Steps: 50
2025-01-26 18:24:53,528	[INFO]	1-3     TEST_CODE_ERROR       None (--) [1 edit(s)]  
2025-01-26 18:24:53,528	[DEBUG]	patch(1-3)="LineLLMCrossover(('source.cpp', 2), '#include <cstdio>\n#include <algorithm>\nusing namespace std;\n\ntypedef long long li;\nconst int maxn = 1e5;\nint n, a[maxn], b[maxn];\n\nint main(void) {\n    scanf("%d", &n);\n    for (int i = 0; i < n; ++i) {\n        scanf("%d%d", a + i, b + i);\n    }\n    li ans = 0;\n    for (int i = n - 1; i >= 0; --i) {\n        li cur = a[i] + ans;\n        li tar = (cur + b[i] - 1) / b[i] * b[i];\n        ans += tar - cur;\n    }\n    printf("%lld\\n", ans);\n    return 0;\n}')"
2025-01-26 18:24:53,528	[INFO]	Step: 13
2025-01-26 18:24:53,528	[INFO]	Stop Steps: 50
2025-01-26 18:24:53,697	[INFO]	1-4     TEST_CODE_ERROR       None (--) [1 edit(s)]  
2025-01-26 18:24:53,697	[DEBUG]	patch(1-4)="LineLLMCrossover(('source.cpp', 3), '#include <cstdio>\n#include <cstring>\n#include <algorithm>\nusing namespace std;\n\nconst int maxn = 200005;\nchar str[maxn];\n\nint main() {\n    scanf("%s", str);\n    int a = -1, ans = 0;\n    for (int i = 0; str[i]; i++) {\n        if (str[i] == \'Z\') {\n            if (a != -1)\n                ans = max(ans, i - a);\n        } else if (str[i] == \'A\' && a == -1) {\n            a = i;\n        }\n    }\n    printf("%d\\n", ans + 1);\n    return 0;\n}')"
2025-01-26 18:24:53,697	[INFO]	Step: 14
2025-01-26 18:24:53,697	[INFO]	Stop Steps: 50
2025-01-26 18:24:54,064	[INFO]	1-5     COMPILE_CODE_ERROR    None (--) [1 edit(s)]  
2025-01-26 18:24:54,064	[DEBUG]	patch(1-5)="LineLLMMutation(('source.cpp', 10), '#include <cstdio>\n#include <vector>\n#include <algorithm>\n#include <queue>\n#include <functional>\n\nusing namespace std;\n\ntypedef long long ll;\ntypedef pair<int, int> pii;\n\n#define fst first\n#define scd second\n#define PB push_back\n#define rep(i,x) for(int i=0;i<(x);++i)\n\nconst ll inf = 3e18;\n\nstruct edge {\n    int to, cost;\n    edge(int to, int cost) : to(to), cost(cost) {}\n};\n\nint N, M, C;\n\nll d[100000];\nvector<edge> G[100000];\nbool found[100000];\nbool used[100000][100000];\n\nvoid dijkstra(int s) {\n    priority_queue<pii, vector<pii>, greater<pii>> q;\n    fill(d, d + N, inf);\n    d[s] = 0;\n    q.push(pii(0, s));\n    while (q.size()) {\n        pii p = q.top(); q.pop();\n        int v = p.scd;\n        if (d[v] < p.fst) continue;\n        rep(i, G[v].size()) {\n            edge e = G[v][i];\n            if (d[e.to] > d[v] + e.cost) {\n                d[e.to] = d[v] + e.cost;\n                q.push(pii(d[e.to], e.to));\n            }\n        }\n    }\n}\n\nsigned main() {\n    scanf("%d %d %d", &N, &M, &C);\n    ll sum = 0;\n    rep(i, M) {\n        int A, B, D; scanf("%d %d %d", &A, &B, &D), A--, B--;\n        G[A].PB(edge(B, D));\n        G[B].PB(edge(A, D));\n        sum += D;\n    }\n    dijkstra(0);\n    found[0] = true;\n    ll mi = inf;\n    for (int i = 0; i < N; ++i) {\n        if (found[i]) {\n            mi = min(mi, sum + C * d[i]);\n        }\n    }\n    printf("%lld\\n", mi);\n}')"
2025-01-26 18:24:54,064	[INFO]	Step: 15
2025-01-26 18:24:54,064	[INFO]	Stop Steps: 50
2025-01-26 18:24:54,455	[INFO]	1-6     TEST_CODE_ERROR       None (--) [1 edit(s)]  
2025-01-26 18:24:54,455	[DEBUG]	patch(1-6)="LineLLMMutation(('source.cpp', 11), '#include <cstdio>\n#include <vector>\n#include <algorithm>\n#include <queue>\n#include <functional>\n\nusing namespace std;\n\ntypedef long long ll;\ntypedef pair<int, int> pii;\n\n#define fst first\n#define scd second\n#define PB push_back\n#define rep(i,x) for(int i=0;i<(x);++i)\n\nconst ll inf = 3e18;\n\nstruct edge {\n    int to, cost;\n    edge(int to, int cost) : to(to), cost(cost) {}\n};\n\nint N, M, C;\n\nll d[100000];\nvector<edge> G[100000];\nbool found[100000];\n\nvoid dijkstra(int s) {\n    priority_queue<pii, vector<pii>, greater<pii>> q;\n    fill(d, d + N, inf);\n    d[s] = 0;\n    q.push(pii(0, s));\n    while (q.size()) {\n        pii p = q.top(); q.pop();\n        int v = p.scd;\n        if (d[v] < p.fst) continue;\n        rep(i, G[v].size()) {\n            edge e = G[v][i];\n            if (d[e.to] > d[v] + e.cost) {\n                d[e.to] = d[v] + e.cost;\n                q.push(pii(d[e.to], e.to));\n            }\n        }\n    }\n}\n\nsigned main() {\n    scanf("%d %d %d", &N, &M, &C);\n    ll sum = 0;\n    rep(i, M) {\n        int A, B, D; scanf("%d %d %d", &A, &B, &D), A--, B--;\n        G[A].PB(edge(B, D));\n        G[B].PB(edge(A, D));\n        sum += D;\n    }\n    dijkstra(0);\n    found[0] = true;\n    ll mi = inf;\n    rep(i, N) {\n        if (found[i]) {\n            mi = min(mi, sum + C * d[i]);\n        }\n    }\n    printf("%lld\\n", mi);\n}')"
2025-01-26 18:24:54,456	[INFO]	Step: 16
2025-01-26 18:24:54,456	[INFO]	Stop Steps: 50
2025-01-26 18:24:54,843	[INFO]	1-7     TEST_CODE_ERROR       None (--) [1 edit(s)]  
2025-01-26 18:24:54,843	[DEBUG]	patch(1-7)="LineLLMMutation(('source.cpp', 12), '#include <cstdio>\n#include <vector>\n#include <algorithm>\n#include <queue>\n#include <functional>\n\nusing namespace std;\n\ntypedef long long ll;\ntypedef pair<int, int> pii;\n\n#define fst first\n#define scd second\n#define PB push_back\n#define rep(i,x) for(int i=0;i<(x);++i)\n\nconst ll inf = 3e18;\n\nstruct edge {\n    int to, cost;\n    edge(int to, int cost) : to(to), cost(cost) {}\n};\n\nint N, M, C;\n\nll d[100000];\nvector<edge> G[100000];\nbool visited[100000];\n\nvoid dijkstra(int s) {\n    priority_queue<pii, vector<pii>, greater<pii>> q;\n    fill(d, d + N, inf);\n    d[s] = 0;\n    q.push(pii(0, s));\n    while (!q.empty()) {\n        pii p = q.top(); q.pop();\n        int v = p.scd;\n        if (visited[v]) continue;\n        visited[v] = true;\n\n        rep(i, G[v].size()) {\n            edge e = G[v][i];\n            if (d[e.to] > d[v] + e.cost) {\n                d[e.to] = d[v] + e.cost;\n                q.push(pii(d[e.to], e.to));\n            }\n        }\n    }\n}\n\nsigned main() {\n    scanf("%d %d %d", &N, &M, &C);\n    ll sum = 0;\n    rep(i, M) {\n        int A, B, D; scanf("%d %d %d", &A, &B, &D), A--, B--;\n        G[A].PB(edge(B, D));\n        G[B].PB(edge(A, D));\n        sum += D;\n    }\n    dijkstra(0);\n    ll mi = inf;\n    rep(i, N) {\n        if (visited[i]) {\n            mi = min(mi, sum + C * d[i]);\n        }\n    }\n    printf("%lld\\n", mi);\n}')"
2025-01-26 18:24:54,843	[INFO]	Step: 17
2025-01-26 18:24:54,843	[INFO]	Stop Steps: 50
2025-01-26 18:24:55,235	[INFO]	1-8     TEST_CODE_ERROR       None (--) [1 edit(s)]  
2025-01-26 18:24:55,236	[DEBUG]	patch(1-8)="LineLLMMutation(('source.cpp', 13), '#include <cstdio>\n#include <vector>\n#include <algorithm>\n#include <queue>\n#include <functional>\n\nusing namespace std;\n\ntypedef long long ll;\ntypedef pair<int, int> pii;\n\n#define fst first\n#define scd second\n#define PB push_back\n#define rep(i,x) for(int i=0;i<(x);++i)\n\nconst ll inf = 3e18;\n\nstruct edge {\n    int to, cost;\n    edge(int to, int cost) : to(to), cost(cost) {}\n};\n\nint N, M, C;\n\nstruct Node {\n    ll dist;\n    bool visited;\n};\n\nNode d[100000];\nvector<edge> G[100000];\n\nvoid dijkstra(int s) {\n    priority_queue<pii, vector<pii>, greater<pii>> q;\n    fill(d, d + N, Node{inf, false});\n    d[s].dist = 0;\n    q.push(pii(0, s));\n    while (!q.empty()) {\n        pii p = q.top(); q.pop();\n        int v = p.scd;\n        if (d[v].visited) continue;\n        d[v].visited = true;\n\n        rep(i, G[v].size()) {\n            edge e = G[v][i];\n            if (d[e.to].dist > d[v].dist + e.cost) {\n                d[e.to].dist = d[v].dist + e.cost;\n                q.push(pii(d[e.to].dist, e.to));\n            }\n        }\n    }\n}\n\nsigned main() {\n    scanf("%d %d %d", &N, &M, &C);\n    ll sum = 0;\n    rep(i, M) {\n        int A, B, D; scanf("%d %d %d", &A, &B, &D), A--, B--;\n        G[A].PB(edge(B, D));\n        G[B].PB(edge(A, D));\n        sum += D;\n    }\n    dijkstra(0);\n    ll mi = inf;\n    rep(i, N) {\n        if (d[i].visited) {\n            mi = min(mi, sum + C * d[i].dist);\n        }\n    }\n    printf("%lld\\n", mi);\n}')"
2025-01-26 18:24:55,236	[INFO]	Step: 18
2025-01-26 18:24:55,236	[INFO]	Stop Steps: 50
2025-01-26 18:24:55,731	[INFO]	1-9     TEST_CODE_ERROR       None (--) [1 edit(s)]  
2025-01-26 18:24:55,731	[DEBUG]	patch(1-9)="LineLLMMutation(('source.cpp', 14), '#include <iostream>\n#include <vector>\n#include <algorithm>\n#include <queue>\n#include <functional>\n\nusing namespace std;\n\ntypedef long long ll;\ntypedef pair<int, int> pii;\n\n#define fst first\n#define scd second\n#define PB push_back\n#define rep(i,x) for(int i=0;i<(x);++i)\n\nconst ll inf = 3e18;\n\nstruct edge {\n    int to, cost;\n    edge(int to, int cost) : to(to), cost(cost) {}\n};\n\nint N, M, C;\n\nll d[100000];\nvector<edge> G[100000];\nbool visited[100000];\n\nvoid dijkstra(int s) {\n    priority_queue<pii, vector<pii>, greater<pii>> q;\n    fill(d, d + N, inf);\n    d[s] = 0;\n    q.push(pii(0, s));\n    while (!q.empty()) {\n        pii p = q.top(); q.pop();\n        int v = p.scd;\n        if (visited[v]) continue;\n        visited[v] = true;\n\n        rep(i, G[v].size()) {\n            edge e = G[v][i];\n            if (d[e.to] > d[v] + e.cost) {\n                d[e.to] = d[v] + e.cost;\n                q.push(pii(d[e.to], e.to));\n            }\n        }\n    }\n}\n\nsigned main() {\n    cin >> N >> M >> C;\n    ll sum = 0;\n    rep(i, M) {\n        int A, B, D; cin >> A >> B >> D; A--, B--;\n        G[A].PB(edge(B, D));\n        G[B].PB(edge(A, D));\n        sum += D;\n    }\n    dijkstra(0);\n    ll mi = inf;\n    rep(i, N) {\n        if (visited[i]) {\n            mi = min(mi, sum + C * d[i]);\n        }\n    }\n    cout << mi << endl;\n}')"
2025-01-26 18:24:55,731	[INFO]	Step: 19
2025-01-26 18:24:55,731	[INFO]	Stop Steps: 50
2025-01-26 18:24:56,116	[INFO]	1-10    TEST_CODE_ERROR       None (--) [1 edit(s)]  
2025-01-26 18:24:56,117	[DEBUG]	patch(1-10)="LineLLMMutation(('source.cpp', 15), '#include <cstdio>\n#include <vector>\n#include <algorithm>\n#include <queue>\n#include <functional>\n\nusing namespace std;\n\ntypedef long long ll;\ntypedef pair<int, int> pii;\n\n#define fst first\n#define scd second\n#define PB push_back\n#define rep(i,x) for(int i=0;i<(x);++i)\n\nconst ll inf = 3e18;\n\nstruct edge {\n    int to, cost;\n    edge(int to, int cost) : to(to), cost(cost) {}\n};\n\nint N, M, C;\n\nll d[100000];\nvector<edge> G[100000];\nbool visited[100000];\n\nvoid dijkstra(int s) {\n    priority_queue<pii, vector<pii>, greater<pii>> q;\n    fill(d, d + N, inf);\n    d[s] = 0;\n    q.push(pii(0, s));\n    while (!q.empty()) {\n        pii p = q.top(); q.pop();\n        int v = p.scd;\n        if (visited[v]) continue;\n        visited[v] = true;\n\n        for (const edge& e : G[v]) {\n            if (d[e.to] > d[v] + e.cost) {\n                d[e.to] = d[v] + e.cost;\n                q.push(pii(d[e.to], e.to));\n            }\n        }\n    }\n}\n\nsigned main() {\n    scanf("%d %d %d", &N, &M, &C);\n    ll sum = 0;\n    rep(i, M) {\n        int A, B, D; scanf("%d %d %d", &A, &B, &D), A--, B--;\n        G[A].PB(edge(B, D));\n        G[B].PB(edge(A, D));\n        sum += D;\n    }\n    dijkstra(0);\n    ll mi = inf;\n    rep(i, N) {\n        if (visited[i]) {\n            mi = min(mi, sum + C * d[i]);\n        }\n    }\n    printf("%lld\\n", mi);\n}')"
2025-01-26 18:24:56,117	[INFO]	Step: 20
2025-01-26 18:24:56,117	[INFO]	Stop Steps: 50
2025-01-26 18:24:58,061	[DEBUG]	EXEC>  SUCCESS 12385266.75
2025-01-26 18:24:58,061	[INFO]	REF     SUCCESS               12385266.75 (--) [0 edit(s)]  
2025-01-26 18:24:58,061	[INFO]	Best patch step: None
2025-01-26 18:25:49,123	[INFO]	Step: 20
2025-01-26 18:25:49,123	[INFO]	Stop Steps: 50
2025-01-26 18:25:49,296	[INFO]	2-1     TEST_CODE_ERROR       None (--) [1 edit(s)]  
2025-01-26 18:25:49,296	[DEBUG]	patch(2-1)="LineLLMCrossover(('source.cpp', 4), '#include <cstdio>\n#include <algorithm>\nusing namespace std;\n\nconst int maxn = 200005;\nchar str[maxn];\n\nint main() {\n    scanf("%s", str);\n    int ans = 0, a = -1;\n\n    for (int i = 0; str[i]; i++) {\n        if (str[i] == \'Z\') {\n            if (a != -1)\n                ans = max(ans, i - a);\n        } else if (str[i] == \'A\' && a == -1)\n            a = i;\n    }\n\n    printf("%d\\n", ans + 1);\n    return 0;\n}')"
2025-01-26 18:25:49,296	[INFO]	Step: 21
2025-01-26 18:25:49,296	[INFO]	Stop Steps: 50
2025-01-26 18:25:49,468	[INFO]	2-2     TEST_CODE_ERROR       None (--) [1 edit(s)]  
2025-01-26 18:25:49,468	[DEBUG]	patch(2-2)="LineLLMCrossover(('source.cpp', 5), '#include <cstdio>\n#include <cstring>\n#include <algorithm>\nusing namespace std;\n\nconst int maxn = 200005;\nchar str[maxn];\n\nint main() {\n    scanf("%s", str);\n    int maxDistance = 0, firstA = -1;\n\n    for (int i = 0; str[i]; i++) {\n        if (str[i] == \'A\' && firstA == -1)\n            firstA = i;\n        else if (str[i] == \'Z\' && firstA != -1)\n            maxDistance = max(maxDistance, i - firstA);\n    }\n\n    printf("%d\\n", maxDistance + 1);\n    return 0;\n}')"
2025-01-26 18:25:49,468	[INFO]	Step: 22
2025-01-26 18:25:49,468	[INFO]	Stop Steps: 50
2025-01-26 18:25:49,636	[INFO]	2-3     TEST_CODE_ERROR       None (--) [1 edit(s)]  
2025-01-26 18:25:49,636	[DEBUG]	patch(2-3)="LineLLMCrossover(('source.cpp', 6), '#include <cstdio>\n#include <algorithm>\nusing namespace std;\n\nconst int maxn = 100000;\nint n, a[maxn], b[maxn];\n\nint main() {\n    scanf("%d", &n);\n    for (int i = 0; i < n; ++i) {\n        scanf("%d%d", &a[i], &b[i]);\n    }\n\n    long long ans = 0;\n    for (int i = n - 1; i >= 0; --i) {\n        long long cur = a[i] + ans;\n        long long tar = (cur + b[i] - 1) / b[i] * b[i];\n        ans += tar - cur;\n    }\n\n    printf("%lld\\n", ans);\n    return 0;\n}')"
2025-01-26 18:25:49,636	[INFO]	Step: 23
2025-01-26 18:25:49,636	[INFO]	Stop Steps: 50
2025-01-26 18:25:49,799	[INFO]	2-4     TEST_CODE_ERROR       None (--) [1 edit(s)]  
2025-01-26 18:25:49,799	[DEBUG]	patch(2-4)="LineLLMCrossover(('source.cpp', 7), '#include <cstdio>\n#include <algorithm>\nusing namespace std;\n\nconst int maxn = 200005;\nint maxDistance = 0, firstA = -1;\nchar str[maxn];\n\nint main() {\n    scanf("%s", str);\n    for (int i = 0; str[i]; i++) {\n        if (str[i] == \'A\' && firstA == -1)\n            firstA = i;\n        else if (str[i] == \'Z\' && firstA != -1)\n            maxDistance = max(maxDistance, i - firstA);\n    }\n\n    printf("%d\\n", maxDistance + 1);\n    return 0;\n}')"
2025-01-26 18:25:49,799	[INFO]	Step: 24
2025-01-26 18:25:49,799	[INFO]	Stop Steps: 50
2025-01-26 18:25:50,189	[INFO]	2-5     TEST_CODE_ERROR       None (--) [1 edit(s)]  
2025-01-26 18:25:50,189	[DEBUG]	patch(2-5)="LineLLMMutation(('source.cpp', 16), '#include <cstdio>\n#include <vector>\n#include <queue>\n#include <functional>\n#include <utility>\n\nusing namespace std;\n\ntypedef long long ll;\ntypedef pair<int, int> pii;\n\nconst ll inf = 3e18;\n\nstruct edge {\n    int to, cost;\n    edge(int to, int cost) : to(to), cost(cost) {}\n};\n\nint N, M, C;\nll d[100000];\nvector<edge> G[100000];\n\nvoid dijkstra(int s) {\n    priority_queue<pii, vector<pii>, greater<pii>> q;\n    fill(d, d + N, inf);\n    d[s] = 0;\n    q.push(pii(0, s));\n    while (!q.empty()) {\n        pii p = q.top(); q.pop();\n        int v = p.second;\n        if (d[v] < p.first) continue;\n        for (const auto& e : G[v]) {\n            if (d[e.to] > d[v] + e.cost) {\n                d[e.to] = d[v] + e.cost;\n                q.push(pii(d[e.to], e.to));\n            }\n        }\n    }\n}\n\nsigned main() {\n    scanf("%d %d %d", &N, &M, &C);\n    ll sum = 0;\n    for (int i = 0; i < M; ++i) {\n        int A, B, D; scanf("%d %d %d", &A, &B, &D), A--, B--;\n        G[A].push_back(edge(B, D));\n        G[B].push_back(edge(A, D));\n        sum += D;\n    }\n    dijkstra(0);\n    printf("%lld\\n", sum);\n}')"
2025-01-26 18:25:50,189	[INFO]	Step: 25
2025-01-26 18:25:50,189	[INFO]	Stop Steps: 50
2025-01-26 18:25:50,520	[INFO]	2-6     TEST_CODE_ERROR       None (--) [1 edit(s)]  
2025-01-26 18:25:50,520	[DEBUG]	patch(2-6)="LineLLMMutation(('source.cpp', 17), '#include <cstdio>\n#include <vector>\n#include <queue>\n#include <utility>\n\nusing namespace std;\n\ntypedef long long ll;\ntypedef pair<int, int> pii;\n\nconst ll inf = 3e18;\n\nstruct edge {\n    int to, cost;\n    edge(int to, int cost) : to(to), cost(cost) {}\n};\n\nint N, M, C;\nll d[100000];\nvector<edge> G[100000];\n\nvoid dijkstra(int s) {\n    priority_queue<pii, vector<pii>, greater<pii>> q;\n    fill(d, d + N, inf);\n    d[s] = 0;\n    q.push(pii(0, s));\n    while (!q.empty()) {\n        pii p = q.top(); q.pop();\n        int v = p.second;\n        if (d[v] < p.first) continue;\n        for (const auto& e : G[v]) {\n            if (d[e.to] > d[v] + e.cost) {\n                d[e.to] = d[v] + e.cost;\n                q.push(pii(d[e.to], e.to));\n            }\n        }\n    }\n}\n\nsigned main() {\n    scanf("%d %d %d", &N, &M, &C);\n    ll sum = 0;\n    for (int i = 0; i < M; ++i) {\n        int A, B, D; scanf("%d %d %d", &A, &B, &D), A--, B--;\n        G[A].push_back(edge(B, D));\n        G[B].push_back(edge(A, D));\n        sum += D;\n    }\n    dijkstra(0);\n    printf("%lld\\n", sum);\n}')"
2025-01-26 18:25:50,520	[INFO]	Step: 26
2025-01-26 18:25:50,520	[INFO]	Stop Steps: 50
2025-01-26 18:25:50,842	[INFO]	2-7     TEST_CODE_ERROR       None (--) [1 edit(s)]  
2025-01-26 18:25:50,842	[DEBUG]	patch(2-7)="LineLLMMutation(('source.cpp', 18), '#include <cstdio>\n#include <vector>\n#include <queue>\n#include <utility>\n\nusing namespace std;\n\ntypedef long long ll;\ntypedef pair<ll, int> pll;\n\nconst ll inf = 3e18;\n\nstruct edge {\n    int to, cost;\n    edge(int to, int cost) : to(to), cost(cost) {}\n};\n\nint N, M, C;\nll d[100000];\nvector<edge> G[100000];\n\nvoid dijkstra(int s) {\n    priority_queue<pll, vector<pll>, greater<pll>> q;\n    fill(d, d + N, inf);\n    d[s] = 0;\n    q.push(pll(0, s));\n    while (!q.empty()) {\n        pll p = q.top(); q.pop();\n        int v = p.second;\n        if (d[v] < p.first) continue;\n        for (const auto& e : G[v]) {\n            ll newDist = d[v] + e.cost;\n            if (d[e.to] > newDist) {\n                d[e.to] = newDist;\n                q.push(pll(d[e.to], e.to));\n            }\n        }\n    }\n}\n\nsigned main() {\n    scanf("%d %d %d", &N, &M, &C);\n    ll sum = 0;\n    for (int i = 0; i < M; ++i) {\n        int A, B, D; scanf("%d %d %d", &A, &B, &D), A--, B--;\n        G[A].push_back(edge(B, D));\n        G[B].push_back(edge(A, D));\n        sum += D;\n    }\n    dijkstra(0);\n    printf("%lld\\n", sum);\n}')"
2025-01-26 18:25:50,842	[INFO]	Step: 27
2025-01-26 18:25:50,842	[INFO]	Stop Steps: 50
2025-01-26 18:25:51,172	[INFO]	2-8     TEST_CODE_ERROR       None (--) [1 edit(s)]  
2025-01-26 18:25:51,172	[DEBUG]	patch(2-8)="LineLLMMutation(('source.cpp', 19), '#include <cstdio>\n#include <vector>\n#include <queue>\n#include <utility>\n\nusing namespace std;\n\ntypedef long long ll;\ntypedef pair<int, int> pii;\n\nconst ll inf = 3e18;\n\nstruct edge {\n    int to, cost;\n    edge(int to, int cost) : to(to), cost(cost) {}\n};\n\nint N, M, C;\nll d[100000];\nvector<edge> G[100000];\n\nvoid dijkstra(int s) {\n    priority_queue<pii, vector<pii>, greater<pii>> q;\n    fill(d, d + N, inf);\n    d[s] = 0;\n    q.push(pii(0, s));\n    while (!q.empty()) {\n        pii p = q.top(); q.pop();\n        int v = p.second;\n        if (d[v] < p.first) continue;\n        for (const auto& e : G[v]) {\n            if (d[e.to] > d[v] + e.cost) {\n                d[e.to] = d[v] + e.cost;\n                q.push(pii(d[e.to], e.to));\n            }\n        }\n    }\n}\n\nsigned main() {\n    scanf("%d %d %d", &N, &M, &C);\n    ll sum = 0;\n    for (int i = 0; i < M; ++i) {\n        int A, B, D; \n        scanf("%d %d %d", &A, &B, &D);\n        A--; B--;\n        G[A].push_back(edge(B, D));\n        G[B].push_back(edge(A, D));\n        sum += D;\n    }\n    dijkstra(0);\n    printf("%lld\\n", sum);\n}')"
2025-01-26 18:25:51,172	[INFO]	Step: 28
2025-01-26 18:25:51,172	[INFO]	Stop Steps: 50
2025-01-26 18:25:51,442	[INFO]	2-9     COMPILE_CODE_ERROR    None (--) [1 edit(s)]  
2025-01-26 18:25:51,443	[DEBUG]	patch(2-9)="LineLLMMutation(('source.cpp', 20), '#include <cstdio>\n#include <queue>\n#include <utility>\n\nusing namespace std;\n\ntypedef long long ll;\ntypedef pair<int, int> pii;\n\nconst ll inf = 3e18;\nconst int MAXN = 100000;\n\nstruct edge {\n    int to, cost;\n};\n\nint N, M, C;\nll d[MAXN];\nedge G[MAXN][MAXN]; // Use fixed-size array\nint edgeCount[MAXN] = {0}; // To keep track of edges\n\nvoid dijkstra(int s) {\n    priority_queue<pii, vector<pii>, greater<pii>> q;\n    fill(d, d + N, inf);\n    d[s] = 0;\n    q.push(pii(0, s));\n    while (!q.empty()) {\n        pii p = q.top(); q.pop();\n        int v = p.second;\n        if (d[v] < p.first) continue;\n        for (int i = 0; i < edgeCount[v]; i++) {\n            edge e = G[v][i];\n            if (d[e.to] > d[v] + e.cost) {\n                d[e.to] = d[v] + e.cost;\n                q.push(pii(d[e.to], e.to));\n            }\n        }\n    }\n}\n\nsigned main() {\n    scanf("%d %d %d", &N, &M, &C);\n    ll sum = 0;\n    for (int i = 0; i < M; ++i) {\n        int A, B, D; scanf("%d %d %d", &A, &B, &D), A--, B--;\n        G[A][edgeCount[A]++] = edge{B, D};\n        G[B][edgeCount[B]++] = edge{A, D};\n        sum += D;\n    }\n    dijkstra(0);\n    printf("%lld\\n", sum);\n}')"
2025-01-26 18:25:51,443	[INFO]	Step: 29
2025-01-26 18:25:51,443	[INFO]	Stop Steps: 50
2025-01-26 18:25:51,779	[INFO]	2-10    TEST_CODE_ERROR       None (--) [1 edit(s)]  
2025-01-26 18:25:51,779	[DEBUG]	patch(2-10)="LineLLMMutation(('source.cpp', 21), '#include <cstdio>\n#include <vector>\n#include <queue>\n#include <utility>\n\nusing namespace std;\n\ntypedef long long ll;\ntypedef pair<int, int> pii;\n\nconst ll inf = 3e18;\n\nstruct edge {\n    int to, cost;\n};\n\nint N, M, C;\nll d[100000];\nvector<vector<edge>> G(100000);\n\nvoid dijkstra(int s) {\n    priority_queue<pii, vector<pii>, greater<pii>> q;\n    fill(d, d + N, inf);\n    d[s] = 0;\n    q.push(pii(0, s));\n    while (!q.empty()) {\n        pii p = q.top(); q.pop();\n        int v = p.second;\n        if (d[v] < p.first) continue;\n        for (const auto& e : G[v]) {\n            if (d[e.to] > d[v] + e.cost) {\n                d[e.to] = d[v] + e.cost;\n                q.push(pii(d[e.to], e.to));\n            }\n        }\n    }\n}\n\nsigned main() {\n    scanf("%d %d %d", &N, &M, &C);\n    ll sum = 0;\n    for (int i = 0; i < M; ++i) {\n        int A, B, D; \n        scanf("%d %d %d", &A, &B, &D), A--, B--;\n        G[A].push_back(edge{B, D});\n        G[B].push_back(edge{A, D});\n        sum += D;\n    }\n    dijkstra(0);\n    printf("%lld\\n", sum);\n}')"
2025-01-26 18:25:51,779	[INFO]	Step: 30
2025-01-26 18:25:51,780	[INFO]	Stop Steps: 50
2025-01-26 18:25:53,724	[DEBUG]	EXEC>  SUCCESS 12636667.4375
2025-01-26 18:25:53,724	[INFO]	REF     SUCCESS               12636667.44 (--) [0 edit(s)]  
2025-01-26 18:25:53,724	[INFO]	Best patch step: None
2025-01-26 18:26:56,263	[INFO]	Step: 30
2025-01-26 18:26:56,264	[INFO]	Stop Steps: 50
2025-01-26 18:26:56,437	[INFO]	3-1     TEST_CODE_ERROR       None (--) [1 edit(s)]  
2025-01-26 18:26:56,437	[DEBUG]	patch(3-1)="LineLLMCrossover(('source.cpp', 8), '#include <cstdio>\n#include <algorithm>\nusing namespace std;\n\nconst int maxn = 200005;\nchar str[maxn];\n\nint main() {\n    scanf("%s", str);\n    int a = -1, ans = 0;\n    for (int i = 0; str[i]; i++) {\n        if (str[i] == \'Z\') {\n            if (a != -1)\n                ans = max(ans, i - a);\n        } else if (str[i] == \'A\' && a == -1)\n            a = i;\n    }\n    printf("%d\\n", ans + 1);\n    return 0;\n}')"
2025-01-26 18:26:56,437	[INFO]	Step: 31
2025-01-26 18:26:56,437	[INFO]	Stop Steps: 50
2025-01-26 18:26:56,604	[INFO]	3-2     TEST_CODE_ERROR       None (--) [1 edit(s)]  
2025-01-26 18:26:56,604	[DEBUG]	patch(3-2)="LineLLMCrossover(('source.cpp', 9), '#include <cstdio>\n#include <algorithm>\nusing namespace std;\n\ntypedef long long ll;\nconst int maxn = 1e5;\nint n, a[maxn], b[maxn];\n\nint main(void) {\n    scanf("%d", &n);\n    for (int i = 0; i < n; ++i) {\n        scanf("%d%d", &a[i], &b[i]);\n    }\n    ll ans = 0;\n    for (int i = n - 1; i >= 0; --i) {\n        ll cur = a[i] + ans;\n        ll tar = (cur + b[i] - 1) / b[i] * b[i];\n        ans += tar - cur;\n    }\n    printf("%lld\\n", ans);\n    return 0;\n}')"
2025-01-26 18:26:56,604	[INFO]	Step: 32
2025-01-26 18:26:56,604	[INFO]	Stop Steps: 50
2025-01-26 18:26:56,770	[INFO]	3-3     TEST_CODE_ERROR       None (--) [1 edit(s)]  
2025-01-26 18:26:56,770	[DEBUG]	patch(3-3)="LineLLMCrossover(('source.cpp', 10), '#include <cstdio>\n#include <algorithm>\nusing namespace std;\n\nconst int maxn = 200005;\nchar str[maxn];\n\nint main() {\n    scanf("%s", str);\n    int a = -1, ans = 0;\n    for (int i = 0; str[i]; i++) {\n        if (str[i] == \'A\' && a == -1) {\n            a = i;\n        } else if (str[i] == \'Z\' && a != -1) {\n            ans = max(ans, i - a);\n        }\n    }\n    printf("%d\\n", ans + 1);\n    return 0;\n}')"
2025-01-26 18:26:56,770	[INFO]	Step: 33
2025-01-26 18:26:56,770	[INFO]	Stop Steps: 50
2025-01-26 18:26:56,937	[INFO]	3-4     TEST_CODE_ERROR       None (--) [1 edit(s)]  
2025-01-26 18:26:56,938	[DEBUG]	patch(3-4)="LineLLMCrossover(('source.cpp', 11), '#include <cstdio>\n#include <algorithm>\nusing namespace std;\n\nconst int maxn = 200005;\nchar str[maxn];\n\nint main() {\n    scanf("%s", str);\n    int a = -1, ans = 0;\n    for (int i = 0; str[i]; i++) {\n        if (str[i] == \'A\' && a == -1) {\n            a = i;\n        } else if (str[i] == \'Z\' && a != -1) {\n            ans = max(ans, i - a);\n        }\n    }\n    printf("%d\\n", ans + 1);\n    return 0;\n}')"
2025-01-26 18:26:56,938	[INFO]	Step: 34
2025-01-26 18:26:56,938	[INFO]	Stop Steps: 50
2025-01-26 18:26:57,149	[INFO]	3-5     COMPILE_CODE_ERROR    None (--) [1 edit(s)]  
2025-01-26 18:26:57,149	[DEBUG]	patch(3-5)="LineLLMMutation(('source.cpp', 22), '#include <cstdio>\n#include <vector>\n#include <queue>\n#include <functional>\n#include <algorithm>\n\nusing namespace std;\n\ntypedef long long ll;\ntypedef pair<int, int> pii;\n\nconst ll inf = 3e18;\n\nstruct edge {\n    int to, cost;\n    edge(int to, int cost) : to(to), cost(cost) {}\n};\n\nint N, M, C;\nll d[100000];\nvector<edge> G[100000];\nbool found[100000];\nmap<int, bool> used[100000];\n\nvoid dijkstra(int s) {\n    priority_queue<pii, vector<pii>, greater<pii>> q;\n    fill(d, d + N, inf);\n    d[s] = 0;\n    q.push(pii(0, s));\n    while (q.size()) {\n        pii p = q.top(); q.pop();\n        int v = p.scd;\n        if (d[v] < p.fst) continue;\n        for (const auto& e : G[v]) {\n            if (d[e.to] > d[v] + e.cost) {\n                d[e.to] = d[v] + e.cost;\n                q.push(pii(d[e.to], e.to));\n            }\n        }\n    }\n}\n\nsigned main() {\n    scanf("%d %d %d", &N, &M, &C);\n    ll sum = 0;\n    for (int i = 0; i < M; ++i) {\n        int A, B, D; \n        scanf("%d %d %d", &A, &B, &D), A--, B--;\n        G[A].push_back(edge(B, D));\n        G[B].push_back(edge(A, D));\n        sum += D;\n    }\n    dijkstra(0);\n    found[0] = true;\n    ll mi = inf;\n    for (auto itr = m.begin(); itr != m.end(); ++itr) {\n        ll X = itr->fst;\n        vector<int> vs = itr->scd;\n        for (int v : vs) found[v] = true;\n        for (int v : vs) {\n            for (const auto& e : G[v]) {\n                if (!found[e.to]) continue;\n                if (used[v][e.to]) continue;\n                used[v][e.to] = used[e.to][v] = true;\n                sum -= e.cost;\n            }\n        }\n        mi = min(mi, sum + C * X);\n    }\n    printf("%lld\\n", mi);\n}')"
2025-01-26 18:26:57,150	[INFO]	Step: 35
2025-01-26 18:26:57,150	[INFO]	Stop Steps: 50
2025-01-26 18:26:57,373	[INFO]	3-6     COMPILE_CODE_ERROR    None (--) [1 edit(s)]  
2025-01-26 18:26:57,374	[DEBUG]	patch(3-6)="LineLLMMutation(('source.cpp', 23), '#include <cstdio>\n#include <vector>\n#include <queue>\n#include <unordered_map>\n#include <algorithm>\n\nusing namespace std;\n\ntypedef long long ll;\ntypedef pair<int, int> pii;\n\nconst ll inf = 3e18;\n\nstruct edge {\n    int to, cost;\n    edge(int to, int cost) : to(to), cost(cost) {}\n};\n\nint N, M, C;\nll d[100000];\nvector<edge> G[100000];\nbool found[100000];\nunordered_map<int, bool> used[100000];\n\nvoid dijkstra(int s) {\n    priority_queue<pii, vector<pii>, greater<pii>> q;\n    fill(d, d + N, inf);\n    d[s] = 0;\n    q.push(pii(0, s));\n    while (q.size()) {\n        pii p = q.top(); q.pop();\n        int v = p.scd;\n        if (d[v] < p.fst) continue;\n        for (const auto& e : G[v]) {\n            if (d[e.to] > d[v] + e.cost) {\n                d[e.to] = d[v] + e.cost;\n                q.push(pii(d[e.to], e.to));\n            }\n        }\n    }\n}\n\nsigned main() {\n    scanf("%d %d %d", &N, &M, &C);\n    ll sum = 0;\n    for (int i = 0; i < M; ++i) {\n        int A, B, D; \n        scanf("%d %d %d", &A, &B, &D), A--, B--;\n        G[A].push_back(edge(B, D));\n        G[B].push_back(edge(A, D));\n        sum += D;\n    }\n    dijkstra(0);\n    found[0] = true;\n    ll mi = inf;\n    for (auto itr = m.begin(); itr != m.end(); ++itr) {\n        ll X = itr->first;\n        vector<int> vs = itr->second;\n        for (int v : vs) found[v] = true;\n        for (int v : vs) {\n            for (const auto& e : G[v]) {\n                if (!found[e.to]) continue;\n                if (used[v][e.to]) continue;\n                used[v][e.to] = used[e.to][v] = true;\n                sum -= e.cost;\n            }\n        }\n        mi = min(mi, sum + C * X);\n    }\n    printf("%lld\\n", mi);\n}')"
2025-01-26 18:26:57,374	[INFO]	Step: 36
2025-01-26 18:26:57,374	[INFO]	Stop Steps: 50
2025-01-26 18:26:57,583	[INFO]	3-7     COMPILE_CODE_ERROR    None (--) [1 edit(s)]  
2025-01-26 18:26:57,583	[DEBUG]	patch(3-7)="LineLLMMutation(('source.cpp', 24), '#include <cstdio>\n#include <array>\n#include <queue>\n#include <unordered_map>\n#include <algorithm>\n\nusing namespace std;\n\ntypedef long long ll;\ntypedef pair<int, int> pii;\n\nconst ll inf = 3e18;\nconst int max_n = 100000;\n\nstruct edge {\n    int to, cost;\n    edge(int to, int cost) : to(to), cost(cost) {}\n};\n\nint N, M, C;\nll d[max_n];\narray<edge, max_n> G[max_n];\nbool found[max_n];\nunordered_map<int, bool> used[max_n];\n\nvoid dijkstra(int s) {\n    priority_queue<pii, vector<pii>, greater<pii>> q;\n    fill(d, d + N, inf);\n    d[s] = 0;\n    q.push(pii(0, s));\n    while (q.size()) {\n        pii p = q.top(); q.pop();\n        int v = p.scd;\n        if (d[v] < p.fst) continue;\n        for (int i = 0; i < G[v].size(); ++i) {\n            auto e = G[v][i];\n            if (d[e.to] > d[v] + e.cost) {\n                d[e.to] = d[v] + e.cost;\n                q.push(pii(d[e.to], e.to));\n            }\n        }\n    }\n}\n\nsigned main() {\n    scanf("%d %d %d", &N, &M, &C);\n    ll sum = 0;\n    for (int i = 0; i < M; ++i) {\n        int A, B, D; \n        scanf("%d %d %d", &A, &B, &D), A--, B--;\n        G[A][i] = edge(B, D);\n        G[B][i] = edge(A, D);\n        sum += D;\n    }\n    dijkstra(0);\n    found[0] = true;\n    ll mi = inf;\n    for (auto itr = m.begin(); itr != m.end(); ++itr) {\n        ll X = itr->first;\n        vector<int> vs = itr->second;\n        for (int v : vs) found[v] = true;\n        for (int v : vs) {\n            for (const auto& e : G[v]) {\n                if (!found[e.to]) continue;\n                if (used[v][e.to]) continue;\n                used[v][e.to] = used[e.to][v] = true;\n                sum -= e.cost;\n            }\n        }\n        mi = min(mi, sum + C * X);\n    }\n    printf("%lld\\n", mi);\n}')"
2025-01-26 18:26:57,584	[INFO]	Step: 37
2025-01-26 18:26:57,584	[INFO]	Stop Steps: 50
2025-01-26 18:26:57,794	[INFO]	3-8     COMPILE_CODE_ERROR    None (--) [1 edit(s)]  
2025-01-26 18:26:57,794	[DEBUG]	patch(3-8)="LineLLMMutation(('source.cpp', 25), '#include <cstdio>\n#include <queue>\n#include <unordered_map>\n#include <algorithm>\n\nusing namespace std;\n\ntypedef long long ll;\ntypedef pair<int, int> pii;\n\nconst ll inf = 3e18;\nconst int max_n = 100000;\n\nstruct edge {\n    int to, cost;\n    edge(int to, int cost) : to(to), cost(cost) {}\n};\n\nint N, M, C;\nll d[max_n];\nedge G[max_n][max_n]; // Assuming max_n edges per node for simplicity\nint edge_count[max_n] = {0}; // To keep track of number of edges for each node\nbool found[max_n];\nunordered_map<int, bool> used[max_n];\n\nvoid dijkstra(int s) {\n    priority_queue<pii, vector<pii>, greater<pii>> q;\n    fill(d, d + N, inf);\n    d[s] = 0;\n    q.push(pii(0, s));\n    while (q.size()) {\n        pii p = q.top(); q.pop();\n        int v = p.scd;\n        if (d[v] < p.fst) continue;\n        for (int i = 0; i < edge_count[v]; ++i) {\n            edge e = G[v][i];\n            if (d[e.to] > d[v] + e.cost) {\n                d[e.to] = d[v] + e.cost;\n                q.push(pii(d[e.to], e.to));\n            }\n        }\n    }\n}\n\nsigned main() {\n    scanf("%d %d %d", &N, &M, &C);\n    ll sum = 0;\n    for (int i = 0; i < M; ++i) {\n        int A, B, D; \n        scanf("%d %d %d", &A, &B, &D), A--, B--;\n        G[A][edge_count[A]++] = edge(B, D);\n        G[B][edge_count[B]++] = edge(A, D);\n        sum += D;\n    }\n    dijkstra(0);\n    found[0] = true;\n    ll mi = inf;\n    for (auto itr = m.begin(); itr != m.end(); ++itr) {\n        ll X = itr->first;\n        vector<int> vs = itr->second;\n        for (int v : vs) found[v] = true;\n        for (int v : vs) {\n            for (int j = 0; j < edge_count[v]; ++j) {\n                edge e = G[v][j];\n                if (!found[e.to]) continue;\n                if (used[v][e.to]) continue;\n                used[v][e.to] = used[e.to][v] = true;\n                sum -= e.cost;\n            }\n        }\n        mi = min(mi, sum + C * X);\n    }\n    printf("%lld\\n", mi);\n}')"
2025-01-26 18:26:57,794	[INFO]	Step: 38
2025-01-26 18:26:57,794	[INFO]	Stop Steps: 50
2025-01-26 18:26:58,005	[INFO]	3-9     COMPILE_CODE_ERROR    None (--) [1 edit(s)]  
2025-01-26 18:26:58,005	[DEBUG]	patch(3-9)="LineLLMMutation(('source.cpp', 26), '#include <cstdio>\n#include <vector>\n#include <unordered_map>\n#include <algorithm>\n\nusing namespace std;\n\ntypedef long long ll;\ntypedef pair<int, int> pii;\n\nconst ll inf = 3e18;\n\nstruct edge {\n    int to, cost;\n    edge(int to, int cost) : to(to), cost(cost) {}\n};\n\nint N, M, C;\nll d[100000];\nvector<edge> G[100000];\nbool found[100000];\nunordered_map<int, bool> used[100000];\n\nvoid dijkstra(int s) {\n    vector<pii> q;\n    fill(d, d + N, inf);\n    d[s] = 0;\n    q.push_back(pii(0, s));\n    while (!q.empty()) {\n        sort(q.begin(), q.end());\n        pii p = q.front(); q.erase(q.begin());\n        int v = p.scd;\n        if (d[v] < p.fst) continue;\n        for (const auto& e : G[v]) {\n            if (d[e.to] > d[v] + e.cost) {\n                d[e.to] = d[v] + e.cost;\n                q.push_back(pii(d[e.to], e.to));\n            }\n        }\n    }\n}\n\nsigned main() {\n    scanf("%d %d %d", &N, &M, &C);\n    ll sum = 0;\n    for (int i = 0; i < M; ++i) {\n        int A, B, D; \n        scanf("%d %d %d", &A, &B, &D), A--, B--;\n        G[A].push_back(edge(B, D));\n        G[B].push_back(edge(A, D));\n        sum += D;\n    }\n    dijkstra(0);\n    found[0] = true;\n    ll mi = inf;\n    for (auto itr = m.begin(); itr != m.end(); ++itr) {\n        ll X = itr->first;\n        vector<int> vs = itr->second;\n        for (int v : vs) found[v] = true;\n        for (int v : vs) {\n            for (const auto& e : G[v]) {\n                if (!found[e.to]) continue;\n                if (used[v][e.to]) continue;\n                used[v][e.to] = used[e.to][v] = true;\n                sum -= e.cost;\n            }\n        }\n        mi = min(mi, sum + C * X);\n    }\n    printf("%lld\\n", mi);\n}')"
2025-01-26 18:26:58,005	[INFO]	Step: 39
2025-01-26 18:26:58,005	[INFO]	Stop Steps: 50
2025-01-26 18:26:58,213	[INFO]	3-10    COMPILE_CODE_ERROR    None (--) [1 edit(s)]  
2025-01-26 18:26:58,214	[DEBUG]	patch(3-10)="LineLLMMutation(('source.cpp', 27), '#include <cstdio>\n#include <vector>\n#include <unordered_map>\n#include <algorithm>\n\nusing namespace std;\n\ntypedef long long ll;\ntypedef pair<int, int> pii;\n\nconst ll inf = 3e18;\nconst int max_n = 100000;\n\nstruct edge {\n    int to, cost;\n    edge(int to, int cost) : to(to), cost(cost) {}\n};\n\nint N, M, C;\nll d[max_n];\nvector<edge> G[max_n];\nbool found[max_n];\nunordered_map<int, bool> used[max_n];\n\nvoid dijkstra(int s) {\n    vector<pii> q;\n    fill(d, d + N, inf);\n    d[s] = 0;\n    q.push_back(pii(0, s));\n    while (!q.empty()) {\n        sort(q.begin(), q.end());\n        pii p = q.front(); q.erase(q.begin());\n        int v = p.scd;\n        if (d[v] < p.fst) continue;\n        for (const auto& e : G[v]) {\n            if (d[e.to] > d[v] + e.cost) {\n                d[e.to] = d[v] + e.cost;\n                q.push_back(pii(d[e.to], e.to));\n            }\n        }\n    }\n}\n\nsigned main() {\n    scanf("%d %d %d", &N, &M, &C);\n    ll sum = 0;\n    for (int i = 0; i < M; ++i) {\n        int A, B, D; \n        scanf("%d %d %d", &A, &B, &D), A--, B--;\n        G[A].reserve(max_n); // Preallocate space\n        G[B].reserve(max_n); // Preallocate space\n        G[A].push_back(edge(B, D));\n        G[B].push_back(edge(A, D));\n        sum += D;\n    }\n    dijkstra(0);\n    found[0] = true;\n    ll mi = inf;\n    for (auto itr = m.begin(); itr != m.end(); ++itr) {\n        ll X = itr->first;\n        vector<int> vs = itr->second;\n        for (int v : vs) found[v] = true;\n        for (int v : vs) {\n            for (const auto& e : G[v]) {\n                if (!found[e.to]) continue;\n                if (used[v][e.to]) continue;\n                used[v][e.to] = used[e.to][v] = true;\n                sum -= e.cost;\n            }\n        }\n        mi = min(mi, sum + C * X);\n    }\n    printf("%lld\\n", mi);\n}')"
2025-01-26 18:26:58,214	[INFO]	Step: 40
2025-01-26 18:26:58,214	[INFO]	Stop Steps: 50
2025-01-26 18:27:00,158	[DEBUG]	EXEC>  SUCCESS 12537351.625
2025-01-26 18:27:00,158	[INFO]	REF     SUCCESS               12537351.62 (--) [0 edit(s)]  
2025-01-26 18:27:00,158	[INFO]	Best patch step: None
2025-01-26 18:28:17,346	[INFO]	Step: 40
2025-01-26 18:28:17,346	[INFO]	Stop Steps: 50
2025-01-26 18:28:17,518	[INFO]	4-1     TEST_CODE_ERROR       None (--) [1 edit(s)]  
2025-01-26 18:28:17,518	[DEBUG]	patch(4-1)="LineLLMCrossover(('source.cpp', 12), '#include <cstdio>\n#include <algorithm>\nusing namespace std;\n\nint main() {\n    char str[200005];\n    scanf("%s", str);\n    int a = -1, ans = 0;\n    for (int i = 0; str[i]; i++) {\n        if (str[i] == \'A\' && a == -1) {\n            a = i;\n        } else if (str[i] == \'Z\') {\n            if (a != -1) {\n                ans = max(ans, i - a);\n            }\n        }\n    }\n    printf("%d\\n", ans + 1);\n    return 0;\n}')"
2025-01-26 18:28:17,518	[INFO]	Step: 41
2025-01-26 18:28:17,518	[INFO]	Stop Steps: 50
2025-01-26 18:28:17,687	[INFO]	4-2     TEST_CODE_ERROR       None (--) [1 edit(s)]  
2025-01-26 18:28:17,687	[DEBUG]	patch(4-2)="LineLLMCrossover(('source.cpp', 13), '#include <cstdio>\n#include <algorithm>\nusing namespace std;\n\nconst int maxn = 200005;\nchar str[maxn];\n\nint main() {\n    scanf("%s", str);\n    int a = -1, ans = 0;\n    for (int i = 0; str[i]; i++) {\n        if (str[i] == \'A\' && a == -1) {\n            a = i;\n        } else if (str[i] == \'Z\') {\n            if (a != -1) {\n                ans = max(ans, i - a);\n            }\n        }\n    }\n    printf("%d\\n", ans + 1);\n    return 0;\n}')"
2025-01-26 18:28:17,687	[INFO]	Step: 42
2025-01-26 18:28:17,687	[INFO]	Stop Steps: 50
2025-01-26 18:28:17,855	[INFO]	4-3     TEST_CODE_ERROR       None (--) [1 edit(s)]  
2025-01-26 18:28:17,855	[DEBUG]	patch(4-3)="LineLLMCrossover(('source.cpp', 14), '#include <cstdio>\n#include <algorithm>\nusing namespace std;\n\ntypedef long long li;\nconst int maxn = 1e5;\nint n, a[maxn], b[maxn];\n\nint main(void) {\n    scanf("%d", &n);\n    for (int i = 0; i < n; ++i) {\n        scanf("%d%d", &a[i], &b[i]);\n    }\n    li ans = 0;\n    for (int i = n - 1; i >= 0; --i) {\n        li cur = a[i] + ans;\n        li tar = (cur + b[i] - 1) / b[i] * b[i];\n        ans += tar - cur;\n    }\n    printf("%lld\\n", ans);\n    return 0;\n}')"
2025-01-26 18:28:17,855	[INFO]	Step: 43
2025-01-26 18:28:17,855	[INFO]	Stop Steps: 50
2025-01-26 18:28:18,023	[INFO]	4-4     TEST_CODE_ERROR       None (--) [1 edit(s)]  
2025-01-26 18:28:18,023	[DEBUG]	patch(4-4)="LineLLMCrossover(('source.cpp', 15), '#include <cstdio>\n#include <algorithm>\nusing namespace std;\n\nconst int maxn = 200005;\nchar str[maxn];\n\nint main() {\n    scanf("%s", str);\n    int a = -1, maxDistance = 0;\n    for (int i = 0; str[i]; i++) {\n        if (str[i] == \'A\' && a == -1) {\n            a = i;\n        } else if (str[i] == \'Z\') {\n            if (a != -1) {\n                maxDistance = max(maxDistance, i - a);\n            }\n        }\n    }\n    printf("%d\\n", maxDistance + 1);\n    return 0;\n}')"
2025-01-26 18:28:18,023	[INFO]	Step: 44
2025-01-26 18:28:18,023	[INFO]	Stop Steps: 50
2025-01-26 18:28:18,195	[INFO]	4-5     COMPILE_CODE_ERROR    None (--) [1 edit(s)]  
2025-01-26 18:28:18,195	[DEBUG]	patch(4-5)="LineLLMMutation(('source.cpp', 28), '#include <cstdio>\n#include <vector>\n#include <algorithm>\n#include <queue>\n\nusing namespace std;\n\ntypedef long long ll;\ntypedef pair<int, int> pii;\n\n#define fst first\n#define scd second\n#define PB push_back\n#define rep(i,x) for(int i=0;i<(x);++i)\n\nconst ll inf = 3e18;\n\nstruct edge {\n    int to, cost;\n    edge(int to, int cost) : to(to), cost(cost) {}\n};\n\nint N, M, C;\nll d[100000];\nvector<edge> G[100000];\nbool found[100000];\nmap<int, bool> used[100000];\n\nvoid dijkstra(int s) {\n    priority_queue<pii, vector<pii>, greater<pii> > q;\n    fill(d, d + N, inf);\n    d[s] = 0;\n    q.push(pii(0, s));\n    while (q.size()) {\n        pii p = q.top(); q.pop();\n        int v = p.scd;\n        if (d[v] < p.fst) continue;\n        rep(i, G[v].size()) {\n            edge e = G[v][i];\n            if (d[e.to] > d[v] + e.cost) {\n                d[e.to] = d[v] + e.cost;\n                q.push(pii(d[e.to], e.to));\n            }\n        }\n    }\n}\n\nsigned main() {\n    scanf("%d %d %d", &N, &M, &C);\n    ll sum = 0;\n    rep(i, M) {\n        int A, B, D; scanf("%d %d %d", &A, &B, &D), A--, B--;\n        G[A].PB(edge(B, D));\n        G[B].PB(edge(A, D));\n        sum += D;\n    }\n    dijkstra(0);\n    found[0] = true;\n    ll mi = inf;\n    map<ll, vector<int> > m;\n    m[0] = vector<int>();\n    for (auto itr = m.begin(); itr != m.end(); ++itr) {\n        ll X = itr->fst;\n        vector<int> vs = itr->scd;\n        rep(i, vs.size()) found[vs[i]] = true;\n        rep(i, vs.size()) {\n            int v = vs[i];\n            rep(j, G[v].size()) {\n                edge e = G[v][j];\n                if (!found[e.to]) continue;\n                if (used[v][e.to]) continue;\n                used[v][e.to] = used[e.to][v] = true;\n                sum -= e.cost;\n            }\n        }\n        mi = min(mi, sum + C * X);\n    }\n    printf("%lld\\n", mi);\n}')"
2025-01-26 18:28:18,195	[INFO]	Step: 45
2025-01-26 18:28:18,195	[INFO]	Stop Steps: 50
2025-01-26 18:28:21,944	[INFO]	4-6     TEST_CODE_ERROR       None (--) [1 edit(s)]  
2025-01-26 18:28:21,944	[DEBUG]	patch(4-6)="LineLLMMutation(('source.cpp', 29), '#include <cstdio>\n#include <vector>\n#include <algorithm>\n#include <queue>\n\nusing namespace std;\n\ntypedef long long ll;\ntypedef pair<int, int> pii;\n\n#define fst first\n#define scd second\n#define PB push_back\n#define rep(i,x) for(int i=0;i<(x);++i)\n\nconst ll inf = 3e18;\n\nstruct edge {\n    int to, cost;\n    edge(int to, int cost) : to(to), cost(cost) {}\n};\n\nint N, M, C;\nll d[100000];\nvector<edge> G[100000];\nbool found[100000];\nvector<vector<bool>> used(100000, vector<bool>(100000, false));\n\nvoid dijkstra(int s) {\n    priority_queue<pii, vector<pii>, greater<pii> > q;\n    fill(d, d + N, inf);\n    d[s] = 0;\n    q.push(pii(0, s));\n    while (q.size()) {\n        pii p = q.top(); q.pop();\n        int v = p.scd;\n        if (d[v] < p.fst) continue;\n        rep(i, G[v].size()) {\n            edge e = G[v][i];\n            if (d[e.to] > d[v] + e.cost) {\n                d[e.to] = d[v] + e.cost;\n                q.push(pii(d[e.to], e.to));\n            }\n        }\n    }\n}\n\nsigned main() {\n    scanf("%d %d %d", &N, &M, &C);\n    ll sum = 0;\n    rep(i, M) {\n        int A, B, D; scanf("%d %d %d", &A, &B, &D), A--, B--;\n        G[A].PB(edge(B, D));\n        G[B].PB(edge(A, D));\n        sum += D;\n    }\n    dijkstra(0);\n    found[0] = true;\n    ll mi = inf;\n    vector<vector<int>> m(inf + 1);\n    m[0] = vector<int>();\n    for (ll X = 0; X <= inf; X++) {\n        vector<int> vs = m[X];\n        rep(i, vs.size()) found[vs[i]] = true;\n        rep(i, vs.size()) {\n            int v = vs[i];\n            rep(j, G[v].size()) {\n                edge e = G[v][j];\n                if (!found[e.to]) continue;\n                if (used[v][e.to]) continue;\n                used[v][e.to] = used[e.to][v] = true;\n                sum -= e.cost;\n            }\n        }\n        mi = min(mi, sum + C * X);\n    }\n    printf("%lld\\n", mi);\n}')"
2025-01-26 18:28:21,944	[INFO]	Step: 46
2025-01-26 18:28:21,944	[INFO]	Stop Steps: 50
2025-01-26 18:28:22,287	[INFO]	4-7     COMPILE_CODE_ERROR    None (--) [1 edit(s)]  
2025-01-26 18:28:22,287	[DEBUG]	patch(4-7)="LineLLMMutation(('source.cpp', 30), '#include <cstdio>\n#include <vector>\n#include <algorithm>\n#include <deque>\n\nusing namespace std;\n\ntypedef long long ll;\ntypedef pair<int, int> pii;\n\n#define fst first\n#define scd second\n#define PB push_back\n#define rep(i,x) for(int i=0;i<(x);++i)\n\nconst ll inf = 3e18;\n\nstruct edge {\n    int to, cost;\n    edge(int to, int cost) : to(to), cost(cost) {}\n};\n\nint N, M, C;\nll d[100000];\nvector<edge> G[100000];\nbool found[100000];\nbool used[100000][100000];\n\nvoid dijkstra(int s) {\n    deque<pii> q;\n    fill(d, d + N, inf);\n    d[s] = 0;\n    q.push_back(pii(0, s));\n    while (!q.empty()) {\n        pii p = q.front(); q.pop_front();\n        int v = p.scd;\n        if (d[v] < p.fst) continue;\n        rep(i, G[v].size()) {\n            edge e = G[v][i];\n            if (d[e.to] > d[v] + e.cost) {\n                d[e.to] = d[v] + e.cost;\n                q.push_back(pii(d[e.to], e.to));\n            }\n        }\n    }\n}\n\nsigned main() {\n    scanf("%d %d %d", &N, &M, &C);\n    ll sum = 0;\n    rep(i, M) {\n        int A, B, D; scanf("%d %d %d", &A, &B, &D), A--, B--;\n        G[A].PB(edge(B, D));\n        G[B].PB(edge(A, D));\n        sum += D;\n    }\n    dijkstra(0);\n    found[0] = true;\n    ll mi = inf;\n    vector<vector<int>> m(inf + 1);\n    m[0] = vector<int>();\n    for (ll X = 0; X <= inf; X++) {\n        vector<int> vs = m[X];\n        rep(i, vs.size()) found[vs[i]] = true;\n        rep(i, vs.size()) {\n            int v = vs[i];\n            rep(j, G[v].size()) {\n                edge e = G[v][j];\n                if (!found[e.to]) continue;\n                if (used[v][e.to]) continue;\n                used[v][e.to] = used[e.to][v] = true;\n                sum -= e.cost;\n            }\n        }\n        mi = min(mi, sum + C * X);\n    }\n    printf("%lld\\n", mi);\n}')"
2025-01-26 18:28:22,287	[INFO]	Step: 47
2025-01-26 18:28:22,287	[INFO]	Stop Steps: 50
2025-01-26 18:28:22,456	[INFO]	4-8     COMPILE_CODE_ERROR    None (--) [1 edit(s)]  
2025-01-26 18:28:22,456	[DEBUG]	patch(4-8)="LineLLMMutation(('source.cpp', 31), '#include <cstdio>\n#include <vector>\n#include <algorithm>\n#include <queue>\n\nusing namespace std;\n\ntypedef long long ll;\ntypedef pair<int, int> pii;\n\n#define fst first\n#define scd second\n#define PB push_back\n#define rep(i,x) for(int i=0;i<(x);++i)\n\nconst ll inf = 3e18;\nconst int max_edges = 100000;\n\nstruct edge {\n    int to, cost;\n    edge(int to, int cost) : to(to), cost(cost) {}\n};\n\nint N, M, C;\nll d[100000];\nedge G[100000][max_edges];\nint edge_count[100000] = {0};\nbool found[100000];\nbool used[100000][100000];\n\nvoid dijkstra(int s) {\n    priority_queue<pii, vector<pii>, greater<pii> > q;\n    fill(d, d + N, inf);\n    d[s] = 0;\n    q.push(pii(0, s));\n    while (q.size()) {\n        pii p = q.top(); q.pop();\n        int v = p.scd;\n        if (d[v] < p.fst) continue;\n        for (int i = 0; i < edge_count[v]; i++) {\n            edge e = G[v][i];\n            if (d[e.to] > d[v] + e.cost) {\n                d[e.to] = d[v] + e.cost;\n                q.push(pii(d[e.to], e.to));\n            }\n        }\n    }\n}\n\nsigned main() {\n    scanf("%d %d %d", &N, &M, &C);\n    ll sum = 0;\n    rep(i, M) {\n        int A, B, D; scanf("%d %d %d", &A, &B, &D), A--, B--;\n        G[A][edge_count[A]++] = edge(B, D);\n        G[B][edge_count[B]++] = edge(A, D);\n        sum += D;\n    }\n    dijkstra(0);\n    found[0] = true;\n    ll mi = inf;\n    vector<vector<int>> m(inf + 1);\n    m[0] = vector<int>();\n    for (ll X = 0; X <= inf; X++) {\n        vector<int> vs = m[X];\n        rep(i, vs.size()) found[vs[i]] = true;\n        rep(i, vs.size()) {\n            int v = vs[i];\n            rep(j, edge_count[v]) {\n                edge e = G[v][j];\n                if (!found[e.to]) continue;\n                if (used[v][e.to]) continue;\n                used[v][e.to] = used[e.to][v] = true;\n                sum -= e.cost;\n            }\n        }\n        mi = min(mi, sum + C * X);\n    }\n    printf("%lld\\n", mi);\n}')"
2025-01-26 18:28:22,456	[INFO]	Step: 48
2025-01-26 18:28:22,456	[INFO]	Stop Steps: 50
2025-01-26 18:28:22,794	[INFO]	4-9     COMPILE_CODE_ERROR    None (--) [1 edit(s)]  
2025-01-26 18:28:22,794	[DEBUG]	patch(4-9)="LineLLMMutation(('source.cpp', 32), '#include <cstdio>\n#include <vector>\n#include <algorithm>\n#include <queue>\n\nusing namespace std;\n\ntypedef long long ll;\ntypedef pair<int, int> pii;\n\n#define fst first\n#define scd second\n#define PB push_back\n#define rep(i,x) for(int i=0;i<(x);++i)\n\nconst ll inf = 3e18;\nconst int maxn = 100000;\n\nstruct edge {\n    int to, cost;\n    edge(int to, int cost) : to(to), cost(cost) {}\n};\n\nint N, M, C;\nll d[maxn];\nvector<edge> G[maxn];\nbool found[maxn] = {false};\nbool used[maxn][maxn] = {false};\n\nvoid dijkstra(int s) {\n    priority_queue<pii, vector<pii>, greater<pii> > q;\n    fill(d, d + N, inf);\n    d[s] = 0;\n    q.push(pii(0, s));\n    while (q.size()) {\n        pii p = q.top(); q.pop();\n        int v = p.scd;\n        if (d[v] < p.fst) continue;\n        rep(i, G[v].size()) {\n            edge e = G[v][i];\n            if (d[e.to] > d[v] + e.cost) {\n                d[e.to] = d[v] + e.cost;\n                q.push(pii(d[e.to], e.to));\n            }\n        }\n    }\n}\n\nsigned main() {\n    scanf("%d %d %d", &N, &M, &C);\n    ll sum = 0;\n    rep(i, M) {\n        int A, B, D; scanf("%d %d %d", &A, &B, &D), A--, B--;\n        G[A].PB(edge(B, D));\n        G[B].PB(edge(A, D));\n        sum += D;\n    }\n    dijkstra(0);\n    found[0] = true;\n    ll mi = inf;\n    vector<vector<int>> m(inf + 1);\n    m[0] = vector<int>();\n    for (ll X = 0; X <= inf; X++) {\n        vector<int> vs = m[X];\n        for (int v : vs) {\n            found[v] = true;\n            rep(j, G[v].size()) {\n                edge e = G[v][j];\n                if (found[e.to]) continue;\n                if (used[v][e.to]) continue;\n                used[v][e.to] = used[e.to][v] = true;\n                sum -= e.cost;\n            }\n        }\n        mi = min(mi, sum + C * X);\n    }\n    printf("%lld\\n", mi);\n}')"
2025-01-26 18:28:22,794	[INFO]	Step: 49
2025-01-26 18:28:22,794	[INFO]	Stop Steps: 50
2025-01-26 18:28:23,130	[INFO]	4-10    COMPILE_CODE_ERROR    None (--) [1 edit(s)]  
2025-01-26 18:28:23,130	[DEBUG]	patch(4-10)="LineLLMMutation(('source.cpp', 33), '#include <cstdio>\n#include <vector>\n#include <algorithm>\n#include <queue>\n\nusing namespace std;\n\ntypedef long long ll;\ntypedef pair<int, int> pii;\n\n#define fst first\n#define scd second\n#define PB push_back\n#define rep(i,x) for(int i=0;i<(x);++i)\n\nconst ll inf = 3e18;\n\nstruct edge {\n    int to, cost;\n    edge(int to, int cost) : to(to), cost(cost) {}\n};\n\nint N, M, C;\nll d[100000];\nvector<edge> G[100000];\nbool found[100000];\nbool used[100000][100000];\n\nvoid dijkstra(int s) {\n    priority_queue<pii, vector<pii>, greater<pii> > q;\n    fill(d, d + N, inf);\n    d[s] = 0;\n    q.push(pii(0, s));\n    while (q.size()) {\n        pii p = q.top(); q.pop();\n        int v = p.scd;\n        if (d[v] < p.fst) continue;\n        rep(i, G[v].size()) {\n            edge e = G[v][i];\n            if (d[e.to] > d[v] + e.cost) {\n                d[e.to] = d[v] + e.cost;\n                q.push(pii(d[e.to], e.to));\n            }\n        }\n    }\n}\n\nsigned main() {\n    scanf("%d %d %d", &N, &M, &C);\n    ll sum = 0;\n    rep(i, M) {\n        int A, B, D; scanf("%d %d %d", &A, &B, &D), A--, B--;\n        G[A].PB(edge(B, D));\n        G[B].PB(edge(A, D));\n        sum += D;\n    }\n    dijkstra(0);\n    found[0] = true;\n    ll mi = inf;\n    vector<vector<int>> m(inf + 1);\n    m[0] = vector<int>();\n    for (long long X = 0; X <= inf; X++) {\n        vector<int> vs = m[static_cast<int>(X)];\n        rep(i, vs.size()) found[vs[i]] = true;\n        rep(i, vs.size()) {\n            int v = vs[i];\n            rep(j, G[v].size()) {\n                edge e = G[v][j];\n                if (!found[e.to]) continue;\n                if (used[v][e.to]) continue;\n                used[v][e.to] = used[e.to][v] = true;\n                sum -= e.cost;\n            }\n        }\n        mi = min(mi, sum + C * X);\n    }\n    printf("%lld\\n", mi);\n}')"
2025-01-26 18:28:23,130	[INFO]	Step: 50
2025-01-26 18:28:23,130	[INFO]	Stop Steps: 50
2025-01-26 18:28:23,130	[INFO]	(Abstract Algorithm) Stopping Condition: step budget
2025-01-26 18:28:23,130	[INFO]	~~~~ END ~~~~
2025-01-26 18:28:23,130	[INFO]	Best patch step: None
2025-01-26 18:28:23,130	[INFO]	
2025-01-26 18:28:23,130	[INFO]	==== REPORT ====
2025-01-26 18:28:23,130	[INFO]	Termination: step budget
2025-01-26 18:28:23,130	[INFO]	Log file: /home/ubuntu/eoc/magpie2/_magpie_logs/0206_1737915662.log
