2025-01-26 20:58:20,150	[DEBUG]	==== CONFIG ====
[magpie]
import = 
seed = 3685933376486926
log_dir = _magpie_logs
work_dir = _magpie_work
local_original_copy = True
local_original_name = __original__
output_encoding = ascii
edit_retries = 10
default_timeout = 30
default_lengthout = 10000.0
diff_method = unified
trust_local_filesystem = True

[magpie.log]
color_output = True
format_info = {counter:<7} {status:<20} {best}{fitness} ({ratio}) [{size}] {cached} {log}
format_debug = patch({counter})="{patch}"{diffifbest}
format_fitness = {:.2f}
format_ratio = {:.2%%}
format_patchif = 
	 --> {patch}
format_diffif = 
	{diff}

[software]
path = dataset/magpie_dataset/train/0215
target_files = 
	source.cpp
software = BasicSoftware
model_rules = 
	*.params : ParamFileConfigModel
	*.xml : SrcmlModel
	* : LineModel
model_config = 
	*.params : [paramconfig]
	*.xml : [srcml]
init_cmd = 
init_timeout = 60
init_lengthout = -1
setup_cmd = bash setup.sh
setup_timeout = 
setup_lengthout = 
compile_cmd = bash compile.sh
compile_timeout = 
compile_lengthout = 
test_cmd = bash test.sh
test_timeout = 
test_lengthout = 
run_cmd = bash run.sh
run_timeout = 3
run_lengthout = 
batch_timeout = 
batch_lengthout = 
batch_bin_fitness_strategy = aggregate
batch_fitness_strategy = sum
fitness = time

[srcml]
rename = 
	stmt: break continue decl_stmt do expr_stmt for goto if return switch while
	number: literal_number
focus = block stmt operator_comp operator_arith number
internodes = block
process_pseudo_blocks = True
process_literals = True
process_operators = True

[paramconfig]
timing = test run
cli_prefix = --
cli_glue = =
cli_boolean = show
cli_boolean_prefix_true = 
cli_boolean_prefix_false = no-
cli_none = hide
silent_prefix = @
silent_suffix = $

[search]
protocol = BasicProtocol
algorithm = GeneticProgrammingLLM
possible_edits = 
	LineLLMMutation
	LineLLMCrossover
	LineDeletion
	LineInsertion
	LineReplacement
llm_prob = 1.0
warmup = 5
warmup_strategy = last
max_steps = 50
max_time = 20000
target_fitness = 
cache_maxsize = 100
cache_keep = 0.2
batch_instances = 
batch_shuffle = True
batch_bin_shuffle = False
batch_sample_size = 1

[search.ls]
delete_prob = 0.5
max_neighbours = 
when_trapped = continue
accept_fail = False
tabu_length = 10

[search.gp]
pop_size = 10
delete_prob = 0.0
offspring_elitism = 0.2
offspring_crossover = 0.4
offspring_mutation = 0.4
uniform_rate = 0.5
batch_reset = True
llm_type = baseline

[search.minify]
do_cleanup = True
do_rebuild = True
do_simplify = True
round_robin_limit = 3


2025-01-26 20:58:20,151	[DEBUG]	
2025-01-26 20:58:20,151	[INFO]	==== SEARCH: GeneticProgrammingLLM ====
2025-01-26 20:58:20,151	[INFO]	~~~~ WARMUP ~~~~
2025-01-26 20:58:20,937	[DEBUG]	EXEC>  SUCCESS 2404224.9375
2025-01-26 20:58:20,938	[INFO]	WARM    SUCCESS               2404224.94 (--) [0 edit(s)]  
2025-01-26 20:58:21,463	[DEBUG]	EXEC>  SUCCESS 2377709.375
2025-01-26 20:58:21,463	[INFO]	WARM    SUCCESS               2377709.38 (--) [0 edit(s)]  
2025-01-26 20:58:21,990	[DEBUG]	EXEC>  SUCCESS 2382689.5
2025-01-26 20:58:21,991	[INFO]	WARM    SUCCESS               2382689.50 (--) [0 edit(s)]  
2025-01-26 20:58:22,518	[DEBUG]	EXEC>  SUCCESS 2361274.0
2025-01-26 20:58:22,518	[INFO]	WARM    SUCCESS               2361274.00 (--) [0 edit(s)]  
2025-01-26 20:58:23,055	[DEBUG]	EXEC>  SUCCESS 2417534.5625
2025-01-26 20:58:23,055	[INFO]	WARM    SUCCESS               2417534.56 (--) [0 edit(s)]  
2025-01-26 20:58:23,055	[INFO]	REF     SUCCESS               2417534.56 (--) [0 edit(s)]  
2025-01-26 20:58:23,055	[INFO]	
2025-01-26 20:58:23,055	[INFO]	~~~~ START ~~~~
2025-01-26 20:59:37,489	[DEBUG]	EXEC>  SUCCESS 980642.8125
2025-01-26 20:59:37,489	[INFO]	0-1     SUCCESS              *980642.81 (40.56%) [1 edit(s)]  
2025-01-26 20:59:37,489	[DEBUG]	patch(0-1)="LineLLMMutation(('source.cpp', 0), '#include <cstdio>\n#include <algorithm>\nusing namespace std;\n\nint n, key, cnt, ans;\nint t[1000001];\n\nint main() {\n    while (scanf("%d", &n), n) {\n        for (int i = 0; i < n; i++) scanf("%d", &t[i]);\n        t[n] = ans = -1;\n        sort(t, t + n);\n        key = t[0];\n        cnt = 1;\n\n        for (int i = 1; i <= n; i++) {\n            if (key == t[i]) cnt++;\n            else {\n                if (cnt > n / 2) ans = key;\n                key = t[i];\n                cnt = 1;\n            }\n        }\n\n        if (ans == -1) printf("NO COLOR\\n");\n        else printf("%d\\n", ans);\n    }\n    return 0;\n}')"

2025-01-26 20:59:38,859	[DEBUG]	EXEC>  SUCCESS 991355.0625
2025-01-26 20:59:38,860	[INFO]	0-2     SUCCESS               991355.06 (41.01%) [1 edit(s)]  
2025-01-26 20:59:38,860	[DEBUG]	patch(0-2)="LineLLMMutation(('source.cpp', 1), '#include <cstdio>\n#include <algorithm>\nusing namespace std;\n\nint n, ans;\nint t[1000001];\n\nint main() {\n    while (scanf("%d", &n), n) {\n        for (int i = 0; i < n; i++) scanf("%d", &t[i]);\n        t[n] = ans = -1;\n        sort(t, t + n);\n\n        int cnt = 1;\n        int key = t[0];\n\n        for (int i = 1; i <= n; i++) {\n            if (key == t[i]) cnt++;\n            else {\n                if (cnt > n / 2) {\n                    ans = key;\n                    break;\n                }\n                key = t[i];\n                cnt = 1;\n            }\n        }\n\n        if (ans == -1) printf("NO COLOR\\n");\n        else printf("%d\\n", ans);\n    }\n    return 0;\n}')"
2025-01-26 20:59:40,242	[DEBUG]	EXEC>  SUCCESS 974345.9375
2025-01-26 20:59:40,242	[INFO]	0-3     SUCCESS              *974345.94 (40.30%) [1 edit(s)]  
2025-01-26 20:59:40,243	[DEBUG]	patch(0-3)="LineLLMMutation(('source.cpp', 2), '#include <cstdio>\n#include <algorithm>\nusing namespace std;\n\nconst int MAX_SIZE = 1000001;\nint n, key, cnt, ans;\nint t[MAX_SIZE];\n\nint main() {\n    while (scanf("%d", &n), n) {\n        for (int i = 0; i < n; i++) scanf("%d", &t[i]);\n        t[n] = ans = -1;\n        sort(t, t + n);\n        key = t[0];\n        cnt = 1;\n\n        for (int i = 1; i <= n; i++) {\n            if (key == t[i]) cnt++;\n            else {\n                if (cnt > n / 2) ans = key;\n                key = t[i];\n                cnt = 1;\n            }\n        }\n\n        if (ans == -1) printf("NO COLOR\\n");\n        else printf("%d\\n", ans);\n    }\n    return 0;\n}')"

2025-01-26 20:59:41,460	[INFO]	0-4     TEST_CODE_ERROR       None (--) [1 edit(s)]  
2025-01-26 20:59:41,460	[DEBUG]	patch(0-4)="LineLLMMutation(('source.cpp', 3), '#include <cstdio>\n#include <algorithm>\nusing namespace std;\n\nint n, key, cnt;\nint t[1000001];\n\nint main() {\n    while (scanf("%d", &n), n) {\n        for (int i = 0; i < n; i++) scanf("%d", &t[i]);\n        sort(t, t + n);\n        key = t[0];\n        cnt = 1;\n        int ans = -1;\n\n        for (int i = 1; i <= n; i++) {\n            if (key == t[i]) cnt++;\n            else {\n                if (cnt > n / 2) ans = key;\n                key = t[i];\n                cnt = 1;\n            }\n        }\n\n        if (ans == -1) printf("NO COLOR\\n");\n        else printf("%d\\n", ans);\n    }\n    return 0;\n}')"
2025-01-26 20:59:42,977	[DEBUG]	EXEC>  SUCCESS 978853.8125
2025-01-26 20:59:42,977	[INFO]	0-5     SUCCESS               978853.81 (40.49%) [1 edit(s)]  
2025-01-26 20:59:42,977	[DEBUG]	patch(0-5)="LineLLMMutation(('source.cpp', 4), '#include <cstdio>\n#include <algorithm>\nusing namespace std;\n\nint n, cnt, ans;\nint t[1000001];\n\nint main() {\n    while (scanf("%d", &n), n) {\n        for (int i = 0; i < n; i++) scanf("%d", &t[i]);\n        ans = -1; \n        sort(t, t + n);\n        \n        for (int i = 0; i < n; i++) {\n            cnt = count(t, t + n, t[i]);\n            if (cnt > n / 2) {\n                ans = t[i];\n                break;\n            }\n        }\n\n        if (ans == -1) printf("NO COLOR\\n");\n        else printf("%d\\n", ans);\n    }\n    return 0;\n}')"
2025-01-26 20:59:44,196	[INFO]	0-6     TEST_CODE_ERROR       None (--) [1 edit(s)]  
2025-01-26 20:59:44,196	[DEBUG]	patch(0-6)="LineLLMMutation(('source.cpp', 5), '#include <cstdio>\n#include <algorithm>\nusing namespace std;\n\nint n, key, cnt, ans;\nint t[1000001];\n\nint main() {\n    while (scanf("%d", &n), n) {\n        for (int i = 0; i < n; i++) scanf("%d", &t[i]);\n        sort(t, t + n);\n        key = t[0];\n        cnt = 1;\n        ans = -1;\n\n        for (int i = 1; i <= n; i++) {\n            if (key == t[i]) cnt++;\n            else {\n                if (cnt > n / 2) ans = key;\n                key = t[i];\n                cnt = 1;\n            }\n        }\n\n        printf(ans == -1 ? "NO COLOR\\n" : "%d\\n", ans);\n    }\n    return 0;\n}')"
2025-01-26 20:59:45,636	[DEBUG]	EXEC>  SUCCESS 2428202.125
2025-01-26 20:59:45,636	[INFO]	0-7     SUCCESS               2428202.12 (100.44%) [1 edit(s)]  
2025-01-26 20:59:45,636	[DEBUG]	patch(0-7)="LineLLMMutation(('source.cpp', 6), '#include <cstdio>\n#include <unordered_map>\nusing namespace std;\n\nint n, ans;\nint t[1000001];\n\nint main() {\n    while (scanf("%d", &n), n) {\n        unordered_map<int, int> count_map;\n        for (int i = 0; i < n; i++) {\n            scanf("%d", &t[i]);\n            count_map[t[i]]++;\n        }\n        ans = -1;\n\n        for (auto& entry : count_map) {\n            if (entry.second > n / 2) {\n                ans = entry.first;\n                break;\n            }\n        }\n\n        if (ans == -1) printf("NO COLOR\\n");\n        else printf("%d\\n", ans);\n    }\n    return 0;\n}')"
2025-01-26 20:59:46,951	[INFO]	0-8     TEST_CODE_ERROR       None (--) [1 edit(s)]  
2025-01-26 20:59:46,951	[DEBUG]	patch(0-8)="LineLLMMutation(('source.cpp', 7), '#include <cstdio>\n#include <vector>\n#include <algorithm>\nusing namespace std;\n\nint n, ans;\nvector<int> t;\n\nint main() {\n    while (scanf("%d", &n), n) {\n        t.resize(n);\n        for (int i = 0; i < n; i++) scanf("%d", &t[i]);\n        sort(t.begin(), t.end());\n        ans = -1;\n\n        for (int i = 0, cnt = 1; i < n; i++) {\n            if (i > 0 && t[i] == t[i - 1]) cnt++;\n            else {\n                if (cnt > n / 2) ans = t[i - 1];\n                cnt = 1;\n            }\n        }\n\n        printf(ans == -1 ? "NO COLOR\\n" : "%d\\n", ans);\n    }\n    return 0;\n}')"
2025-01-26 20:59:48,391	[INFO]	0-9     TEST_CODE_ERROR       None (--) [1 edit(s)]  
2025-01-26 20:59:48,391	[DEBUG]	patch(0-9)="LineLLMMutation(('source.cpp', 8), '#include <cstdio>\n#include <vector>\n#include <algorithm>\nusing namespace std;\n\nint n, ans;\nvector<int> t;\n\nint main() {\n    while (scanf("%d", &n), n) {\n        t.resize(n);\n        for (int i = 0; i < n; i++) scanf("%d", &t[i]);\n        stable_sort(t.begin(), t.end());\n        ans = -1;\n\n        for (int i = 0, cnt = 1; i < n; i++) {\n            if (i > 0 && t[i] == t[i - 1]) cnt++;\n            else {\n                if (cnt > n / 2) ans = t[i - 1];\n                cnt = 1;\n            }\n        }\n\n        printf(ans == -1 ? "NO COLOR\\n" : "%d\\n", ans);\n    }\n    return 0;\n}')"
2025-01-26 20:59:49,946	[DEBUG]	EXEC>  SUCCESS 2395238.9375
2025-01-26 20:59:49,946	[INFO]	0-10    SUCCESS               2395238.94 (99.08%) [1 edit(s)]  
2025-01-26 20:59:49,946	[DEBUG]	patch(0-10)="LineLLMMutation(('source.cpp', 9), '#include <cstdio>\n#include <vector>\n#include <algorithm>\nusing namespace std;\n\nint n, ans;\nvector<int> t;\n\nint main() {\n    while (scanf("%d", &n), n) {\n        t.resize(n);\n        for (int i = 0; i < n; i++) scanf("%d", &t[i]);\n        ans = -1;\n\n        for (auto &val : t) {\n            int cnt = count_if(t.begin(), t.end(), [&](int x) { return x == val; });\n            if (cnt > n / 2) {\n                ans = val;\n                break;\n            }\n        }\n\n        printf(ans == -1 ? "NO COLOR\\n" : "%d\\n", ans);\n    }\n    return 0;\n}')"
2025-01-26 20:59:50,947	[INFO]	Step: 10
2025-01-26 20:59:50,947	[INFO]	Stop Steps: 50
2025-01-26 20:59:52,484	[DEBUG]	EXEC>  SUCCESS 2378772.375
2025-01-26 20:59:52,484	[INFO]	REF     SUCCESS               2378772.38 (--) [0 edit(s)]  
2025-01-26 20:59:52,484	[INFO]	Best patch: 2
2025-01-26 20:59:52,847	[DEBUG]	EXEC>  SUCCESS 971834.5625
2025-01-26 20:59:52,848	[INFO]	BEST    SUCCESS              *971834.56 (40.85%) [0 edit(s)]  
2025-01-26 20:59:52,848	[INFO]	Best patch step: 2
2025-01-26 21:00:45,648	[INFO]	Step: 10
2025-01-26 21:00:45,648	[INFO]	Stop Steps: 50
2025-01-26 21:00:46,133	[DEBUG]	EXEC>  SUCCESS 969919.75
2025-01-26 21:00:46,133	[INFO]	1-1     SUCCESS              *969919.75 (40.77%) [1 edit(s)]  
2025-01-26 21:00:46,134	[DEBUG]	patch(1-1)="LineLLMMutation(('source.cpp', 2), '#include <cstdio>\n#include <algorithm>\nusing namespace std;\n\nconst int MAX_SIZE = 1000001;\nint n, key, cnt, ans;\nint t[MAX_SIZE];\n\nint main() {\n    while (scanf("%d", &n), n) {\n        for (int i = 0; i < n; i++) scanf("%d", &t[i]);\n        t[n] = ans = -1;\n        sort(t, t + n);\n        key = t[0];\n        cnt = 1;\n\n        for (int i = 1; i <= n; i++) {\n            if (key == t[i]) cnt++;\n            else {\n                if (cnt > n / 2) ans = key;\n                key = t[i];\n                cnt = 1;\n            }\n        }\n\n        if (ans == -1) printf("NO COLOR\\n");\n        else printf("%d\\n", ans);\n    }\n    return 0;\n}')"

2025-01-26 21:00:46,134	[INFO]	Step: 11
2025-01-26 21:00:46,134	[INFO]	Stop Steps: 50
2025-01-26 21:00:46,515	[DEBUG]	EXEC>  SUCCESS 988533.5
2025-01-26 21:00:46,515	[INFO]	1-2     SUCCESS               988533.50 (41.56%) [1 edit(s)]  
2025-01-26 21:00:46,515	[DEBUG]	patch(1-2)="LineLLMMutation(('source.cpp', 4), '#include <cstdio>\n#include <algorithm>\nusing namespace std;\n\nint n, cnt, ans;\nint t[1000001];\n\nint main() {\n    while (scanf("%d", &n), n) {\n        for (int i = 0; i < n; i++) scanf("%d", &t[i]);\n        ans = -1; \n        sort(t, t + n);\n        \n        for (int i = 0; i < n; i++) {\n            cnt = count(t, t + n, t[i]);\n            if (cnt > n / 2) {\n                ans = t[i];\n                break;\n            }\n        }\n\n        if (ans == -1) printf("NO COLOR\\n");\n        else printf("%d\\n", ans);\n    }\n    return 0;\n}')"
2025-01-26 21:00:46,515	[INFO]	Step: 12
2025-01-26 21:00:46,515	[INFO]	Stop Steps: 50
2025-01-26 21:00:46,884	[DEBUG]	EXEC>  SUCCESS 978342.4375
2025-01-26 21:00:46,884	[INFO]	1-3     SUCCESS               978342.44 (41.13%) [1 edit(s)]  
2025-01-26 21:00:46,884	[DEBUG]	patch(1-3)="LineLLMCrossover(('source.cpp', 0), '#include <cstdio>\n#include <algorithm>\nusing namespace std;\n\nint n, cnt, ans;\nint t[1000001];\n\nint main() {\n    while (scanf("%d", &n), n) {\n        for (int i = 0; i < n; i++) scanf("%d", &t[i]);\n        ans = -1; \n        sort(t, t + n);\n        \n        for (int i = 0; i < n; i++) {\n            cnt = count(t, t + n, t[i]);\n            if (cnt > n / 2) {\n                ans = t[i];\n                break;\n            }\n        }\n\n        if (ans == -1) printf("NO COLOR\\n");\n        else printf("%d\\n", ans);\n    }\n    return 0;\n}')"
2025-01-26 21:00:46,885	[INFO]	Step: 13
2025-01-26 21:00:46,885	[INFO]	Stop Steps: 50
2025-01-26 21:00:47,101	[INFO]	1-4     TEST_CODE_ERROR       None (--) [1 edit(s)]  
2025-01-26 21:00:47,101	[DEBUG]	patch(1-4)="LineLLMCrossover(('source.cpp', 1), '#include <cstdio>\n#include <algorithm>\nusing namespace std;\n\nint n, key, cnt, ans;\nint t[1000001];\n\nint main() {\n    while (scanf("%d", &n), n) {\n        for (int i = 0; i < n; i++) scanf("%d", &t[i]);\n        sort(t, t + n);\n        key = t[0];\n        cnt = 1;\n        ans = -1;\n\n        for (int i = 1; i <= n; i++) {\n            if (key == t[i]) cnt++;\n            else {\n                if (cnt > n / 2) {\n                    ans = key;\n                    break;\n                }\n                key = t[i];\n                cnt = 1;\n            }\n        }\n\n        if (ans == -1) printf("NO COLOR\\n");\n        else printf("%d\\n", ans);\n    }\n    return 0;\n}')"
2025-01-26 21:00:47,101	[INFO]	Step: 14
2025-01-26 21:00:47,101	[INFO]	Stop Steps: 50
2025-01-26 21:00:47,488	[DEBUG]	EXEC>  SUCCESS 996526.875
2025-01-26 21:00:47,488	[INFO]	1-5     SUCCESS               996526.88 (41.89%) [1 edit(s)]  
2025-01-26 21:00:47,488	[DEBUG]	patch(1-5)="LineLLMCrossover(('source.cpp', 2), '#include <cstdio>\n#include <algorithm>\nusing namespace std;\n\nint n, ans;\nint t[1000001];\n\nint main() {\n    while (scanf("%d", &n), n) {\n        for (int i = 0; i < n; i++) scanf("%d", &t[i]);\n        sort(t, t + n);\n        ans = -1; \n\n        for (int i = 0; i < n; i++) {\n            int cnt = count(t, t + n, t[i]);\n            if (cnt > n / 2) {\n                ans = t[i];\n                break;\n            }\n        }\n\n        if (ans == -1) printf("NO COLOR\\n");\n        else printf("%d\\n", ans);\n    }\n    return 0;\n}')"
2025-01-26 21:00:47,488	[INFO]	Step: 15
2025-01-26 21:00:47,488	[INFO]	Stop Steps: 50
2025-01-26 21:00:47,701	[INFO]	1-6     TEST_CODE_ERROR       None (--) [1 edit(s)]  
2025-01-26 21:00:47,701	[DEBUG]	patch(1-6)="LineLLMCrossover(('source.cpp', 3), '#include <cstdio>\n#include <algorithm>\nusing namespace std;\n\nint n, key, cnt, ans;\nint t[1000001];\n\nint main() {\n    while (scanf("%d", &n), n) {\n        for (int i = 0; i < n; i++) scanf("%d", &t[i]);\n        sort(t, t + n);\n        ans = -1; \n        cnt = 1;\n        key = t[0];\n\n        for (int i = 1; i <= n; i++) {\n            if (key == t[i]) cnt++;\n            else {\n                if (cnt > n / 2) {\n                    ans = key;\n                    break;\n                }\n                key = t[i];\n                cnt = 1;\n            }\n        }\n\n        if (ans == -1) printf("NO COLOR\\n");\n        else printf("%d\\n", ans);\n    }\n    return 0;\n}')"
2025-01-26 21:00:47,701	[INFO]	Step: 16
2025-01-26 21:00:47,701	[INFO]	Stop Steps: 50
2025-01-26 21:00:48,064	[DEBUG]	EXEC>  SUCCESS 987729.75
2025-01-26 21:00:48,065	[INFO]	1-7     SUCCESS               987729.75 (41.52%) [2 edit(s)]  
2025-01-26 21:00:48,065	[DEBUG]	patch(1-7)="LineLLMMutation(('source.cpp', 2), '#include <cstdio>\n#include <algorithm>\nusing namespace std;\n\nconst int MAX_SIZE = 1000001;\nint n, key, cnt, ans;\nint t[MAX_SIZE];\n\nint main() {\n    while (scanf("%d", &n), n) {\n        for (int i = 0; i < n; i++) scanf("%d", &t[i]);\n        t[n] = ans = -1;\n        sort(t, t + n);\n        key = t[0];\n        cnt = 1;\n\n        for (int i = 1; i <= n; i++) {\n            if (key == t[i]) cnt++;\n            else {\n                if (cnt > n / 2) ans = key;\n                key = t[i];\n                cnt = 1;\n            }\n        }\n\n        if (ans == -1) printf("NO COLOR\\n");\n        else printf("%d\\n", ans);\n    }\n    return 0;\n}') | LineLLMMutation(('source.cpp', 10), '#include <cstdio>\n#include <algorithm>\nusing namespace std;\n\nconst int MAX_SIZE = 1000001;\nint n, key, cnt, ans;\nint t[MAX_SIZE];\n\nint main() {\n    while (scanf("%d", &n), n) {\n        // Using a better input method with a single read operation\n        for (int i = 0; i < n; i++) {\n            scanf("%d", &t[i]);\n        }\n\n        // Sort using std::unique to remove duplicates and calculate the mode\n        sort(t, t + n);\n        key = t[0];\n        cnt = 1;\n        ans = -1;\n\n        for (int i = 1; i < n; i++) {\n            if (key == t[i]) {\n                cnt++;\n            } else {\n                if (cnt > n / 2) {\n                    ans = key;\n                    break; // Exit early if majority found\n                }\n                key = t[i];\n                cnt = 1;\n            }\n        }\n\n        // Final check for last counted key\n        if (cnt > n / 2) ans = key;\n\n        if (ans == -1) printf("NO COLOR\\n");\n        else printf("%d\\n", ans);\n    }\n    return 0;\n}')"
2025-01-26 21:00:48,065	[INFO]	Step: 17
2025-01-26 21:00:48,065	[INFO]	Stop Steps: 50
2025-01-26 21:00:48,496	[DEBUG]	EXEC>  SUCCESS 2422960.5
2025-01-26 21:00:48,496	[INFO]	1-8     SUCCESS               2422960.50 (101.86%) [2 edit(s)]  
2025-01-26 21:00:48,497	[DEBUG]	patch(1-8)="LineLLMMutation(('source.cpp', 4), '#include <cstdio>\n#include <algorithm>\nusing namespace std;\n\nint n, cnt, ans;\nint t[1000001];\n\nint main() {\n    while (scanf("%d", &n), n) {\n        for (int i = 0; i < n; i++) scanf("%d", &t[i]);\n        ans = -1; \n        sort(t, t + n);\n        \n        for (int i = 0; i < n; i++) {\n            cnt = count(t, t + n, t[i]);\n            if (cnt > n / 2) {\n                ans = t[i];\n                break;\n            }\n        }\n\n        if (ans == -1) printf("NO COLOR\\n");\n        else printf("%d\\n", ans);\n    }\n    return 0;\n}') | LineLLMMutation(('source.cpp', 11), '#include <cstdio>\n#include <unordered_map>\nusing namespace std;\n\nint n, ans;\nint t[1000001];\n\nint main() {\n    while (scanf("%d", &n), n) {\n        unordered_map<int, int> freq;\n        ans = -1;\n        for (int i = 0; i < n; i++) {\n            scanf("%d", &t[i]);\n            freq[t[i]]++;\n            if (freq[t[i]] > n / 2) {\n                ans = t[i];\n                break;\n            }\n        }\n\n        if (ans == -1) printf("NO COLOR\\n");\n        else printf("%d\\n", ans);\n    }\n    return 0;\n}')"
2025-01-26 21:00:48,497	[INFO]	Step: 18
2025-01-26 21:00:48,497	[INFO]	Stop Steps: 50
2025-01-26 21:00:48,936	[DEBUG]	EXEC>  SUCCESS 2400466.0625
2025-01-26 21:00:48,937	[INFO]	1-9     SUCCESS               2400466.06 (100.91%) [2 edit(s)]  
2025-01-26 21:00:48,937	[DEBUG]	patch(1-9)="LineLLMMutation(('source.cpp', 0), '#include <cstdio>\n#include <algorithm>\nusing namespace std;\n\nint n, key, cnt, ans;\nint t[1000001];\n\nint main() {\n    while (scanf("%d", &n), n) {\n        for (int i = 0; i < n; i++) scanf("%d", &t[i]);\n        t[n] = ans = -1;\n        sort(t, t + n);\n        key = t[0];\n        cnt = 1;\n\n        for (int i = 1; i <= n; i++) {\n            if (key == t[i]) cnt++;\n            else {\n                if (cnt > n / 2) ans = key;\n                key = t[i];\n                cnt = 1;\n            }\n        }\n\n        if (ans == -1) printf("NO COLOR\\n");\n        else printf("%d\\n", ans);\n    }\n    return 0;\n}') | LineLLMMutation(('source.cpp', 12), '#include <cstdio>\n#include <unordered_map>\nusing namespace std;\n\nint n, ans;\n\nint main() {\n    while (scanf("%d", &n), n) {\n        unordered_map<int, int> freq;\n        int key, max_count = 0;\n        \n        for (int i = 0; i < n; i++) {\n            scanf("%d", &key);\n            freq[key]++;\n            if (freq[key] > max_count) {\n                max_count = freq[key];\n                ans = key;\n            }\n        }\n\n        if (max_count > n / 2) printf("%d\\n", ans);\n        else printf("NO COLOR\\n");\n    }\n    return 0;\n}')"
2025-01-26 21:00:48,937	[INFO]	Step: 19
2025-01-26 21:00:48,937	[INFO]	Stop Steps: 50
2025-01-26 21:00:49,389	[DEBUG]	EXEC>  SUCCESS 2418044.3125
2025-01-26 21:00:49,389	[INFO]	1-10    SUCCESS               2418044.31 (101.65%) [2 edit(s)]  
2025-01-26 21:00:49,390	[DEBUG]	patch(1-10)="LineLLMMutation(('source.cpp', 1), '#include <cstdio>\n#include <algorithm>\nusing namespace std;\n\nint n, ans;\nint t[1000001];\n\nint main() {\n    while (scanf("%d", &n), n) {\n        for (int i = 0; i < n; i++) scanf("%d", &t[i]);\n        t[n] = ans = -1;\n        sort(t, t + n);\n\n        int cnt = 1;\n        int key = t[0];\n\n        for (int i = 1; i <= n; i++) {\n            if (key == t[i]) cnt++;\n            else {\n                if (cnt > n / 2) {\n                    ans = key;\n                    break;\n                }\n                key = t[i];\n                cnt = 1;\n            }\n        }\n\n        if (ans == -1) printf("NO COLOR\\n");\n        else printf("%d\\n", ans);\n    }\n    return 0;\n}') | LineLLMMutation(('source.cpp', 13), '#include <cstdio>\n#include <algorithm>\n#include <unordered_map>\nusing namespace std;\n\nint n;\nint t[1000001];\n\nint main() {\n    while (scanf("%d", &n), n) {\n        for (int i = 0; i < n; i++) scanf("%d", &t[i]);\n        \n        unordered_map<int, int> frequency;\n        int max_count = 0;\n        int ans = -1;\n\n        for (int i = 0; i < n; i++) {\n            frequency[t[i]]++;\n            if (frequency[t[i]] > max_count) {\n                max_count = frequency[t[i]];\n                ans = t[i];\n            }\n        }\n\n        if (max_count <= n / 2) {\n            printf("NO COLOR\\n");\n        } else {\n            printf("%d\\n", ans);\n        }\n    }\n    return 0;\n}')"
2025-01-26 21:00:49,390	[INFO]	Step: 20
2025-01-26 21:00:49,390	[INFO]	Stop Steps: 50
2025-01-26 21:00:49,921	[DEBUG]	EXEC>  SUCCESS 2393198.0625
2025-01-26 21:00:49,921	[INFO]	1-1     SUCCESS               2393198.06 (100.61%) [1 edit(s)]  
2025-01-26 21:00:49,921	[DEBUG]	patch(1-1)="LineLLMMutation(('source.cpp', 14), '#include <iostream>\n#include <algorithm>\nusing namespace std;\n\nint n, key, cnt, ans;\nint t[1000001];\n\nint main() {\n    while (cin >> n && n) {\n        for (int i = 0; i < n; i++) cin >> t[i];\n        t[n] = ans = -1;\n        sort(t, t + n);\n        key = t[0];\n        cnt = 1;\n\n        for (int i = 1; i <= n; i++) {\n            if (key == t[i]) cnt++;\n            else {\n                if (cnt > n / 2) ans = key;\n                key = t[i];\n                cnt = 1;\n            }\n        }\n\n        if (ans == -1) cout << "NO COLOR" << endl;\n        else cout << ans << endl;\n    }\n    return 0;\n}')"
2025-01-26 21:00:49,922	[INFO]	Step: 21
2025-01-26 21:00:49,922	[INFO]	Stop Steps: 50
2025-01-26 21:00:51,473	[DEBUG]	EXEC>  SUCCESS 2391605.5
2025-01-26 21:00:51,473	[INFO]	REF     SUCCESS               2391605.50 (--) [0 edit(s)]  
2025-01-26 21:00:51,473	[INFO]	Best patch: 2
2025-01-26 21:00:51,837	[DEBUG]	EXEC>  SUCCESS 974066.375
2025-01-26 21:00:51,838	[INFO]	BEST    SUCCESS              *974066.38 (40.73%) [0 edit(s)]  
2025-01-26 21:00:51,838	[INFO]	Best patch step: 10
2025-01-26 21:01:58,672	[INFO]	Step: 21
2025-01-26 21:01:58,672	[INFO]	Stop Steps: 50
2025-01-26 21:01:59,165	[DEBUG]	EXEC>  SUCCESS 1011132.1875
2025-01-26 21:01:59,165	[INFO]	2-2     SUCCESS              +1011132.19 (42.28%) [1 edit(s)]  
2025-01-26 21:01:59,165	[DEBUG]	patch(2-2)="LineLLMMutation(('source.cpp', 2), '#include <cstdio>\n#include <algorithm>\nusing namespace std;\n\nconst int MAX_SIZE = 1000001;\nint n, key, cnt, ans;\nint t[MAX_SIZE];\n\nint main() {\n    while (scanf("%d", &n), n) {\n        for (int i = 0; i < n; i++) scanf("%d", &t[i]);\n        t[n] = ans = -1;\n        sort(t, t + n);\n        key = t[0];\n        cnt = 1;\n\n        for (int i = 1; i <= n; i++) {\n            if (key == t[i]) cnt++;\n            else {\n                if (cnt > n / 2) ans = key;\n                key = t[i];\n                cnt = 1;\n            }\n        }\n\n        if (ans == -1) printf("NO COLOR\\n");\n        else printf("%d\\n", ans);\n    }\n    return 0;\n}')"
2025-01-26 21:01:59,165	[INFO]	Step: 22
2025-01-26 21:01:59,165	[INFO]	Stop Steps: 50
2025-01-26 21:01:59,534	[DEBUG]	EXEC>  SUCCESS 974757.375
2025-01-26 21:01:59,535	[INFO]	2-3     SUCCESS              +974757.38 (40.76%) [1 edit(s)]  
2025-01-26 21:01:59,535	[DEBUG]	patch(2-3)="LineLLMCrossover(('source.cpp', 0), '#include <cstdio>\n#include <algorithm>\nusing namespace std;\n\nint n, cnt, ans;\nint t[1000001];\n\nint main() {\n    while (scanf("%d", &n), n) {\n        for (int i = 0; i < n; i++) scanf("%d", &t[i]);\n        ans = -1; \n        sort(t, t + n);\n        \n        for (int i = 0; i < n; i++) {\n            cnt = count(t, t + n, t[i]);\n            if (cnt > n / 2) {\n                ans = t[i];\n                break;\n            }\n        }\n\n        if (ans == -1) printf("NO COLOR\\n");\n        else printf("%d\\n", ans);\n    }\n    return 0;\n}')"
2025-01-26 21:01:59,535	[INFO]	Step: 23
2025-01-26 21:01:59,535	[INFO]	Stop Steps: 50
2025-01-26 21:01:59,901	[DEBUG]	EXEC>  SUCCESS 986181.25
2025-01-26 21:01:59,901	[INFO]	2-4     SUCCESS               986181.25 (41.24%) [1 edit(s)]  
2025-01-26 21:01:59,901	[DEBUG]	patch(2-4)="LineLLMCrossover(('source.cpp', 4), '#include <cstdio>\n#include <algorithm>\nusing namespace std;\n\nconst int MAX_SIZE = 1000001;\nint n, key, cnt, ans;\nint t[MAX_SIZE];\n\nint main() {\n    while (scanf("%d", &n), n) {\n        for (int i = 0; i < n; i++) {\n            scanf("%d", &t[i]);\n        }\n\n        sort(t, t + n);\n        key = t[0];\n        cnt = 1;\n        ans = -1;\n\n        for (int i = 1; i < n; i++) {\n            if (key == t[i]) {\n                cnt++;\n            } else {\n                if (cnt > n / 2) {\n                    ans = key;\n                    break; // Exit early if majority found\n                }\n                key = t[i];\n                cnt = 1;\n            }\n        }\n\n        // Final check for last counted key\n        if (cnt > n / 2) ans = key;\n\n        if (ans == -1) printf("NO COLOR\\n");\n        else printf("%d\\n", ans);\n    }\n    return 0;\n}')"
2025-01-26 21:01:59,901	[INFO]	Step: 24
2025-01-26 21:01:59,901	[INFO]	Stop Steps: 50
2025-01-26 21:02:00,282	[DEBUG]	EXEC>  SUCCESS 1015518.0625
2025-01-26 21:02:00,283	[INFO]	2-5     SUCCESS               1015518.06 (42.46%) [1 edit(s)]  
2025-01-26 21:02:00,283	[DEBUG]	patch(2-5)="LineLLMCrossover(('source.cpp', 5), '#include <cstdio>\n#include <algorithm>\nusing namespace std;\n\nconst int MAX_SIZE = 1000001;\nint n, cnt, ans;\nint t[MAX_SIZE];\n\nint main() {\n    while (scanf("%d", &n), n) {\n        for (int i = 0; i < n; i++) {\n            scanf("%d", &t[i]);\n        }\n        ans = -1; \n        sort(t, t + n);\n        \n        for (int i = 0; i < n; i++) {\n            cnt = count(t, t + n, t[i]);\n            if (cnt > n / 2) {\n                ans = t[i];\n                break; // Early exit if majority found\n            }\n        }\n\n        if (ans == -1) printf("NO COLOR\\n");\n        else printf("%d\\n", ans);\n    }\n    return 0;\n}')"
2025-01-26 21:02:00,283	[INFO]	Step: 25
2025-01-26 21:02:00,283	[INFO]	Stop Steps: 50
2025-01-26 21:02:00,655	[DEBUG]	EXEC>  SUCCESS 991060.375
2025-01-26 21:02:00,655	[INFO]	2-6     SUCCESS               991060.38 (41.44%) [1 edit(s)]  
2025-01-26 21:02:00,655	[DEBUG]	patch(2-6)="LineLLMCrossover(('source.cpp', 6), '#include <cstdio>\n#include <algorithm>\nusing namespace std;\n\nint n, cnt, ans;\nint t[1000001];\n\nint main() {\n    while (scanf("%d", &n), n) {\n        for (int i = 0; i < n; i++) {\n            scanf("%d", &t[i]);\n        }\n        ans = -1; \n        sort(t, t + n);\n        \n        for (int i = 0; i < n; i++) {\n            cnt = count(t, t + n, t[i]);\n            if (cnt > n / 2) {\n                ans = t[i];\n                break; // Early exit if majority found\n            }\n        }\n\n        if (ans == -1) printf("NO COLOR\\n");\n        else printf("%d\\n", ans);\n    }\n    return 0;\n}')"
2025-01-26 21:02:00,655	[INFO]	Step: 26
2025-01-26 21:02:00,655	[INFO]	Stop Steps: 50
2025-01-26 21:02:01,019	[DEBUG]	EXEC>  SUCCESS 986330.4375
2025-01-26 21:02:01,019	[INFO]	2-7     SUCCESS               986330.44 (41.24%) [1 edit(s)]  
2025-01-26 21:02:01,019	[DEBUG]	patch(2-7)="LineLLMCrossover(('source.cpp', 7), '#include <cstdio>\n#include <algorithm>\nusing namespace std;\n\nconst int MAX_SIZE = 1000001;\nint n, key, cnt, ans;\nint t[MAX_SIZE];\n\nint main() {\n    while (scanf("%d", &n), n) {\n        for (int i = 0; i < n; i++) {\n            scanf("%d", &t[i]);\n        }\n        sort(t, t + n);\n        key = t[0];\n        cnt = 1;\n        ans = -1;\n\n        for (int i = 1; i < n; i++) {\n            if (key == t[i]) {\n                cnt++;\n            } else {\n                if (cnt > n / 2) {\n                    ans = key;\n                    break; // Exit early if majority found\n                }\n                key = t[i];\n                cnt = 1;\n            }\n        }\n\n        // Final check for last counted key\n        if (cnt > n / 2) ans = key;\n\n        if (ans == -1) printf("NO COLOR\\n");\n        else printf("%d\\n", ans);\n    }\n    return 0;\n}')"
2025-01-26 21:02:01,019	[INFO]	Step: 27
2025-01-26 21:02:01,019	[INFO]	Stop Steps: 50
2025-01-26 21:02:01,492	[DEBUG]	EXEC>  SUCCESS 2417267.4375
2025-01-26 21:02:01,492	[INFO]	2-8     SUCCESS               2417267.44 (101.07%) [2 edit(s)]  
2025-01-26 21:02:01,492	[DEBUG]	patch(2-8)="LineLLMMutation(('source.cpp', 2), '#include <cstdio>\n#include <algorithm>\nusing namespace std;\n\nconst int MAX_SIZE = 1000001;\nint n, key, cnt, ans;\nint t[MAX_SIZE];\n\nint main() {\n    while (scanf("%d", &n), n) {\n        for (int i = 0; i < n; i++) scanf("%d", &t[i]);\n        t[n] = ans = -1;\n        sort(t, t + n);\n        key = t[0];\n        cnt = 1;\n\n        for (int i = 1; i <= n; i++) {\n            if (key == t[i]) cnt++;\n            else {\n                if (cnt > n / 2) ans = key;\n                key = t[i];\n                cnt = 1;\n            }\n        }\n\n        if (ans == -1) printf("NO COLOR\\n");\n        else printf("%d\\n", ans);\n    }\n    return 0;\n}') | LineLLMMutation(('source.cpp', 15), '#include <cstdio>\n#include <algorithm>\n#include <unordered_map>\nusing namespace std;\n\nconst int MAX_SIZE = 1000001;\nint n, ans;\n\nint main() {\n    while (scanf("%d", &n), n) {\n        unordered_map<int, int> freq_map;\n        int max_count = 0;\n        int candidate = -1;\n\n        for (int i = 0; i < n; i++) {\n            int value;\n            scanf("%d", &value);\n            freq_map[value]++;\n            if (freq_map[value] > max_count) {\n                max_count = freq_map[value];\n                candidate = value;\n            }\n        }\n\n        if (max_count > n / 2) \n            printf("%d\\n", candidate);\n        else \n            printf("NO COLOR\\n");\n    }\n    return 0;\n}')"
2025-01-26 21:02:01,492	[INFO]	Step: 28
2025-01-26 21:02:01,492	[INFO]	Stop Steps: 50
2025-01-26 21:02:01,975	[DEBUG]	EXEC>  SUCCESS 7715442.25
2025-01-26 21:02:01,975	[INFO]	2-9     SUCCESS               7715442.25 (322.61%) [2 edit(s)]  
2025-01-26 21:02:01,975	[DEBUG]	patch(2-9)="LineLLMCrossover(('source.cpp', 0), '#include <cstdio>\n#include <algorithm>\nusing namespace std;\n\nint n, cnt, ans;\nint t[1000001];\n\nint main() {\n    while (scanf("%d", &n), n) {\n        for (int i = 0; i < n; i++) scanf("%d", &t[i]);\n        ans = -1; \n        sort(t, t + n);\n        \n        for (int i = 0; i < n; i++) {\n            cnt = count(t, t + n, t[i]);\n            if (cnt > n / 2) {\n                ans = t[i];\n                break;\n            }\n        }\n\n        if (ans == -1) printf("NO COLOR\\n");\n        else printf("%d\\n", ans);\n    }\n    return 0;\n}') | LineLLMMutation(('source.cpp', 16), '#include <cstdio>\n#include <algorithm>\n#include <unordered_map>\nusing namespace std;\n\nint n, ans;\n\nint main() {\n    while (scanf("%d", &n), n) {\n        int t[1000001];\n        unordered_map<int, int> countMap;\n\n        for (int i = 0; i < n; i++) {\n            scanf("%d", &t[i]);\n            countMap[t[i]]++; // Count occurrences using hash map\n        }\n\n        ans = -1;\n        for (const auto& pair : countMap) {\n            if (pair.second > n / 2) {\n                ans = pair.first; // Find the majority element\n                break;\n            }\n        }\n\n        if (ans == -1) printf("NO COLOR\\n");\n        else printf("%d\\n", ans);\n    }\n    return 0;\n}')"
2025-01-26 21:02:01,975	[INFO]	Step: 29
2025-01-26 21:02:01,975	[INFO]	Stop Steps: 50
2025-01-26 21:02:02,346	[DEBUG]	EXEC>  SUCCESS 991830.8125
2025-01-26 21:02:02,346	[INFO]	2-10    SUCCESS               991830.81 (41.47%) [3 edit(s)]  
2025-01-26 21:02:02,346	[DEBUG]	patch(2-10)="LineLLMMutation(('source.cpp', 2), '#include <cstdio>\n#include <algorithm>\nusing namespace std;\n\nconst int MAX_SIZE = 1000001;\nint n, key, cnt, ans;\nint t[MAX_SIZE];\n\nint main() {\n    while (scanf("%d", &n), n) {\n        for (int i = 0; i < n; i++) scanf("%d", &t[i]);\n        t[n] = ans = -1;\n        sort(t, t + n);\n        key = t[0];\n        cnt = 1;\n\n        for (int i = 1; i <= n; i++) {\n            if (key == t[i]) cnt++;\n            else {\n                if (cnt > n / 2) ans = key;\n                key = t[i];\n                cnt = 1;\n            }\n        }\n\n        if (ans == -1) printf("NO COLOR\\n");\n        else printf("%d\\n", ans);\n    }\n    return 0;\n}') | LineLLMMutation(('source.cpp', 10), '#include <cstdio>\n#include <algorithm>\nusing namespace std;\n\nconst int MAX_SIZE = 1000001;\nint n, key, cnt, ans;\nint t[MAX_SIZE];\n\nint main() {\n    while (scanf("%d", &n), n) {\n        // Using a better input method with a single read operation\n        for (int i = 0; i < n; i++) {\n            scanf("%d", &t[i]);\n        }\n\n        // Sort using std::unique to remove duplicates and calculate the mode\n        sort(t, t + n);\n        key = t[0];\n        cnt = 1;\n        ans = -1;\n\n        for (int i = 1; i < n; i++) {\n            if (key == t[i]) {\n                cnt++;\n            } else {\n                if (cnt > n / 2) {\n                    ans = key;\n                    break; // Exit early if majority found\n                }\n                key = t[i];\n                cnt = 1;\n            }\n        }\n\n        // Final check for last counted key\n        if (cnt > n / 2) ans = key;\n\n        if (ans == -1) printf("NO COLOR\\n");\n        else printf("%d\\n", ans);\n    }\n    return 0;\n}') | LineLLMMutation(('source.cpp', 17), '#include <cstdio>\n#include <algorithm>\nusing namespace std;\n\nconst int MAX_SIZE = 1000001;\nint n, key, cnt, ans;\nint t[MAX_SIZE];\n\nint main() {\n    while (scanf("%d", &n), n) {\n        // Using a better input method with a single read operation\n        // Changed from multiple scanf calls to a single bulk read using getchar\n        for (int i = 0; i < n; i++) {\n            scanf("%d", &t[i]);\n        }\n\n        // Sort using std::unique to remove duplicates and calculate the mode\n        sort(t, t + n);\n        key = t[0];\n        cnt = 1;\n        ans = -1;\n\n        for (int i = 1; i < n; i++) {\n            if (key == t[i]) {\n                cnt++;\n            } else {\n                if (cnt > n / 2) {\n                    ans = key;\n                    break; // Exit early if majority found\n                }\n                key = t[i];\n                cnt = 1;\n            }\n        }\n\n        // Final check for last counted key\n        if (cnt > n / 2) ans = key;\n\n        if (ans == -1) printf("NO COLOR\\n");\n        else printf("%d\\n", ans);\n    }\n    return 0;\n}')"
2025-01-26 21:02:02,346	[INFO]	Step: 30
2025-01-26 21:02:02,346	[INFO]	Stop Steps: 50
2025-01-26 21:02:02,719	[DEBUG]	EXEC>  SUCCESS 8327809.1875
2025-01-26 21:02:02,719	[INFO]	2-1     SUCCESS               8327809.19 (348.21%) [2 edit(s)]  
2025-01-26 21:02:02,719	[DEBUG]	patch(2-1)="LineLLMMutation(('source.cpp', 4), '#include <cstdio>\n#include <algorithm>\nusing namespace std;\n\nint n, cnt, ans;\nint t[1000001];\n\nint main() {\n    while (scanf("%d", &n), n) {\n        for (int i = 0; i < n; i++) scanf("%d", &t[i]);\n        ans = -1; \n        sort(t, t + n);\n        \n        for (int i = 0; i < n; i++) {\n            cnt = count(t, t + n, t[i]);\n            if (cnt > n / 2) {\n                ans = t[i];\n                break;\n            }\n        }\n\n        if (ans == -1) printf("NO COLOR\\n");\n        else printf("%d\\n", ans);\n    }\n    return 0;\n}') | LineLLMMutation(('source.cpp', 18), '#include <cstdio>\n#include <algorithm>\nusing namespace std;\n\nint n, ans;\nint t[1000001];\nint freq[1000001]; // Frequency array\n\nint main() {\n    while (scanf("%d", &n), n) {\n        fill(freq, freq + 1000001, 0); // Initialize frequency array\n        for (int i = 0; i < n; i++) {\n            scanf("%d", &t[i]);\n            freq[t[i]]++; // Count occurrences\n        }\n\n        ans = -1; \n        for (int i = 0; i < 1000001; i++) {\n            if (freq[i] > n / 2) { // Check if count exceeds half\n                ans = i;\n                break;\n            }\n        }\n\n        if (ans == -1) printf("NO COLOR\\n");\n        else printf("%d\\n", ans);\n    }\n    return 0;\n}')"
2025-01-26 21:02:02,719	[INFO]	Step: 31
2025-01-26 21:02:02,719	[INFO]	Stop Steps: 50
2025-01-26 21:02:03,083	[DEBUG]	EXEC>  SUCCESS 983088.0625
2025-01-26 21:02:03,084	[INFO]	2-2     SUCCESS               983088.06 (41.11%) [1 edit(s)]  
2025-01-26 21:02:03,084	[DEBUG]	patch(2-2)="LineLLMMutation(('source.cpp', 19), '#include <cstdio>\n#include <algorithm>\n\nusing namespace std;\n\nint n, key, cnt, ans;\nint t[1000001];\n\nint main() {\n    while (scanf("%d", &n), n) {\n        for (int i = 0; i < n; i++) scanf("%d", &t[i]);\n\n        t[n] = ans = -1;\n        sort(t, t + n);\n\n        key = t[0];\n        cnt = 1;\n\n        for (int i = 1; i <= n; i++) {\n            if (key == t[i]) cnt++;\n            else {\n                if (cnt > n / 2) ans = key;\n                key = t[i];\n                cnt = 1;\n            }\n        }\n\n        if (ans == -1) printf("NO COLOR\\n");\n        else printf("%d\\n", ans);\n    }\n\n    return 0;\n}')"
2025-01-26 21:02:03,084	[INFO]	Step: 32
2025-01-26 21:02:03,084	[INFO]	Stop Steps: 50
2025-01-26 21:02:04,632	[DEBUG]	EXEC>  SUCCESS 2393704.75
2025-01-26 21:02:04,632	[INFO]	REF     SUCCESS               2393704.75 (--) [0 edit(s)]  
2025-01-26 21:02:04,632	[INFO]	Best patch: 2
2025-01-26 21:02:04,997	[DEBUG]	EXEC>  SUCCESS 988004.625
2025-01-26 21:02:04,997	[INFO]	BEST    SUCCESS              *988004.62 (41.28%) [0 edit(s)]  
2025-01-26 21:02:04,997	[INFO]	Best patch step: 10
2025-01-26 21:02:58,507	[INFO]	Step: 32
2025-01-26 21:02:58,507	[INFO]	Stop Steps: 50
2025-01-26 21:02:59,002	[DEBUG]	EXEC>  SUCCESS 1007803.75
2025-01-26 21:02:59,002	[INFO]	3-3     SUCCESS              +1007803.75 (42.10%) [1 edit(s)]  
2025-01-26 21:02:59,002	[DEBUG]	patch(3-3)="LineLLMCrossover(('source.cpp', 0), '#include <cstdio>\n#include <algorithm>\nusing namespace std;\n\nint n, cnt, ans;\nint t[1000001];\n\nint main() {\n    while (scanf("%d", &n), n) {\n        for (int i = 0; i < n; i++) scanf("%d", &t[i]);\n        ans = -1; \n        sort(t, t + n);\n        \n        for (int i = 0; i < n; i++) {\n            cnt = count(t, t + n, t[i]);\n            if (cnt > n / 2) {\n                ans = t[i];\n                break;\n            }\n        }\n\n        if (ans == -1) printf("NO COLOR\\n");\n        else printf("%d\\n", ans);\n    }\n    return 0;\n}')"
2025-01-26 21:02:59,002	[INFO]	Step: 33
2025-01-26 21:02:59,003	[INFO]	Stop Steps: 50
2025-01-26 21:02:59,368	[DEBUG]	EXEC>  SUCCESS 972489.125
2025-01-26 21:02:59,368	[INFO]	3-4     SUCCESS              *972489.12 (40.63%) [1 edit(s)]  
2025-01-26 21:02:59,369	[DEBUG]	patch(3-4)="LineLLMMutation(('source.cpp', 19), '#include <cstdio>\n#include <algorithm>\n\nusing namespace std;\n\nint n, key, cnt, ans;\nint t[1000001];\n\nint main() {\n    while (scanf("%d", &n), n) {\n        for (int i = 0; i < n; i++) scanf("%d", &t[i]);\n\n        t[n] = ans = -1;\n        sort(t, t + n);\n\n        key = t[0];\n        cnt = 1;\n\n        for (int i = 1; i <= n; i++) {\n            if (key == t[i]) cnt++;\n            else {\n                if (cnt > n / 2) ans = key;\n                key = t[i];\n                cnt = 1;\n            }\n        }\n\n        if (ans == -1) printf("NO COLOR\\n");\n        else printf("%d\\n", ans);\n    }\n\n    return 0;\n}')"

2025-01-26 21:02:59,369	[INFO]	Step: 34
2025-01-26 21:02:59,369	[INFO]	Stop Steps: 50
2025-01-26 21:02:59,736	[DEBUG]	EXEC>  SUCCESS 975385.5625
2025-01-26 21:02:59,737	[INFO]	3-5     SUCCESS               975385.56 (40.75%) [1 edit(s)]  
2025-01-26 21:02:59,737	[DEBUG]	patch(3-5)="LineLLMCrossover(('source.cpp', 8), '#include <cstdio>\n#include <algorithm>\nusing namespace std;\n\nconst int MAX_SIZE = 1000001;\nint n, key, cnt, ans;\nint t[MAX_SIZE];\n\nint main() {\n    while (scanf("%d", &n), n) {\n        for (int i = 0; i < n; i++) {\n            scanf("%d", &t[i]);\n        }\n        sort(t, t + n);\n        key = t[0];\n        cnt = 1;\n        ans = -1;\n\n        for (int i = 1; i < n; i++) {\n            if (key == t[i]) {\n                cnt++;\n            } else {\n                if (cnt > n / 2) {\n                    ans = key;\n                    break; // Exit early if majority found\n                }\n                key = t[i];\n                cnt = 1;\n            }\n        }\n\n        // Final check for last counted key\n        if (cnt > n / 2) ans = key;\n\n        if (ans == -1) printf("NO COLOR\\n");\n        else printf("%d\\n", ans);\n    }\n    return 0;\n}')"
2025-01-26 21:02:59,737	[INFO]	Step: 35
2025-01-26 21:02:59,737	[INFO]	Stop Steps: 50
2025-01-26 21:03:00,121	[DEBUG]	EXEC>  SUCCESS 983265.1875
2025-01-26 21:03:00,122	[INFO]	3-6     SUCCESS               983265.19 (41.08%) [1 edit(s)]  
2025-01-26 21:03:00,122	[DEBUG]	patch(3-6)="LineLLMCrossover(('source.cpp', 9), '#include <cstdio>\n#include <algorithm>\nusing namespace std;\n\nconst int MAX_SIZE = 1000001;\nint n, key, cnt, ans;\nint t[MAX_SIZE];\n\nint main() {\n    while (scanf("%d", &n), n) {\n        for (int i = 0; i < n; i++) {\n            scanf("%d", &t[i]);\n        }\n\n        sort(t, t + n);\n        key = t[0];\n        cnt = 1;\n        ans = -1;\n\n        for (int i = 1; i <= n; i++) {\n            if (key == t[i]) {\n                cnt++;\n            } else {\n                if (cnt > n / 2) {\n                    ans = key;\n                    break; // Exit early if majority found\n                }\n                if (i < n) {\n                    key = t[i];\n                }\n                cnt = 1;\n            }\n        }\n\n        // Final check for last counted key\n        if (cnt > n / 2) ans = key;\n\n        if (ans == -1) printf("NO COLOR\\n");\n        else printf("%d\\n", ans);\n    }\n\n    return 0;\n}')"
2025-01-26 21:03:00,122	[INFO]	Step: 36
2025-01-26 21:03:00,122	[INFO]	Stop Steps: 50
2025-01-26 21:03:00,487	[DEBUG]	EXEC>  SUCCESS 986911.1875
2025-01-26 21:03:00,487	[INFO]	3-7     SUCCESS               986911.19 (41.23%) [1 edit(s)]  
2025-01-26 21:03:00,487	[DEBUG]	patch(3-7)="LineLLMCrossover(('source.cpp', 10), '#include <cstdio>\n#include <algorithm>\nusing namespace std;\n\nconst int MAX_SIZE = 1000001;\nint n, key, cnt, ans;\nint t[MAX_SIZE];\n\nint main() {\n    while (scanf("%d", &n), n) {\n        for (int i = 0; i < n; i++) {\n            scanf("%d", &t[i]);\n        }\n\n        sort(t, t + n);\n        key = t[0];\n        cnt = 1;\n        ans = -1;\n\n        for (int i = 1; i < n; i++) {\n            if (key == t[i]) {\n                cnt++;\n            } else {\n                if (cnt > n / 2) {\n                    ans = key;\n                    break; // Exit early if majority found\n                }\n                key = t[i];\n                cnt = 1;\n            }\n        }\n\n        // Final check for last counted key\n        if (cnt > n / 2) ans = key;\n\n        if (ans == -1) printf("NO COLOR\\n");\n        else printf("%d\\n", ans);\n    }\n    return 0;\n}')"
2025-01-26 21:03:00,487	[INFO]	Step: 37
2025-01-26 21:03:00,487	[INFO]	Stop Steps: 50
2025-01-26 21:03:00,857	[DEBUG]	EXEC>  SUCCESS 992543.3125
2025-01-26 21:03:00,857	[INFO]	3-8     SUCCESS               992543.31 (41.46%) [1 edit(s)]  
2025-01-26 21:03:00,857	[DEBUG]	patch(3-8)="LineLLMCrossover(('source.cpp', 11), '#include <cstdio>\n#include <algorithm>\nusing namespace std;\n\nconst int MAX_SIZE = 1000001;\nint n, key, cnt, ans;\nint t[MAX_SIZE];\n\nint main() {\n    while (scanf("%d", &n), n) {\n        for (int i = 0; i < n; i++) {\n            scanf("%d", &t[i]);\n        }\n\n        sort(t, t + n);\n        key = t[0];\n        cnt = 1;\n        ans = -1;\n\n        for (int i = 1; i < n; i++) {\n            if (key == t[i]) {\n                cnt++;\n            } else {\n                if (cnt > n / 2) {\n                    ans = key;\n                    break; // Exit early if majority found\n                }\n                key = t[i];\n                cnt = 1;\n            }\n        }\n\n        // Final check for last counted key\n        if (cnt > n / 2) ans = key;\n\n        if (ans == -1) printf("NO COLOR\\n");\n        else printf("%d\\n", ans);\n    }\n    return 0;\n}')"
2025-01-26 21:03:00,857	[INFO]	Step: 38
2025-01-26 21:03:00,857	[INFO]	Stop Steps: 50
2025-01-26 21:03:01,323	[DEBUG]	EXEC>  SUCCESS 2395243.875
2025-01-26 21:03:01,324	[INFO]	3-9     SUCCESS               2395243.88 (100.06%) [2 edit(s)]  
2025-01-26 21:03:01,324	[DEBUG]	patch(3-9)="LineLLMCrossover(('source.cpp', 0), '#include <cstdio>\n#include <algorithm>\nusing namespace std;\n\nint n, cnt, ans;\nint t[1000001];\n\nint main() {\n    while (scanf("%d", &n), n) {\n        for (int i = 0; i < n; i++) scanf("%d", &t[i]);\n        ans = -1; \n        sort(t, t + n);\n        \n        for (int i = 0; i < n; i++) {\n            cnt = count(t, t + n, t[i]);\n            if (cnt > n / 2) {\n                ans = t[i];\n                break;\n            }\n        }\n\n        if (ans == -1) printf("NO COLOR\\n");\n        else printf("%d\\n", ans);\n    }\n    return 0;\n}') | LineLLMMutation(('source.cpp', 20), '#include <cstdio>\n#include <algorithm>\n#include <unordered_map>\nusing namespace std;\n\nint n, ans;\n\nint main() {\n    while (scanf("%d", &n), n) {\n        unordered_map<int, int> countMap;\n        int maxCount = 0;\n        ans = -1;\n\n        for (int i = 0; i < n; i++) {\n            int color;\n            scanf("%d", &color);\n            countMap[color]++;\n            if (countMap[color] > maxCount) {\n                maxCount = countMap[color];\n                ans = color;\n            }\n        }\n\n        if (maxCount > n / 2) {\n            printf("%d\\n", ans);\n        } else {\n            printf("NO COLOR\\n");\n        }\n    }\n    return 0;\n}')"
2025-01-26 21:03:01,324	[INFO]	Step: 39
2025-01-26 21:03:01,324	[INFO]	Stop Steps: 50
2025-01-26 21:03:01,788	[DEBUG]	EXEC>  SUCCESS 2442217.125
2025-01-26 21:03:01,789	[INFO]	3-10    SUCCESS               2442217.12 (102.03%) [2 edit(s)]  
2025-01-26 21:03:01,789	[DEBUG]	patch(3-10)="LineLLMMutation(('source.cpp', 19), '#include <cstdio>\n#include <algorithm>\n\nusing namespace std;\n\nint n, key, cnt, ans;\nint t[1000001];\n\nint main() {\n    while (scanf("%d", &n), n) {\n        for (int i = 0; i < n; i++) scanf("%d", &t[i]);\n\n        t[n] = ans = -1;\n        sort(t, t + n);\n\n        key = t[0];\n        cnt = 1;\n\n        for (int i = 1; i <= n; i++) {\n            if (key == t[i]) cnt++;\n            else {\n                if (cnt > n / 2) ans = key;\n                key = t[i];\n                cnt = 1;\n            }\n        }\n\n        if (ans == -1) printf("NO COLOR\\n");\n        else printf("%d\\n", ans);\n    }\n\n    return 0;\n}') | LineLLMMutation(('source.cpp', 21), '#include <cstdio>\n#include <algorithm>\n#include <unordered_map>\n\nusing namespace std;\n\nint n, ans;\n\nint main() {\n    while (scanf("%d", &n), n) {\n        unordered_map<int, int> countMap;\n        int maxCount = 0;\n\n        for (int i = 0; i < n; i++) {\n            int color;\n            scanf("%d", &color);\n            countMap[color]++;\n            maxCount = max(maxCount, countMap[color]);\n        }\n\n        ans = -1;\n        for (const auto& pair : countMap) {\n            if (pair.second > n / 2) {\n                ans = pair.first;\n                break;\n            }\n        }\n\n        if (ans == -1) \n            printf("NO COLOR\\n");\n        else \n            printf("%d\\n", ans);\n    }\n\n    return 0;\n}')"
2025-01-26 21:03:01,789	[INFO]	Step: 40
2025-01-26 21:03:01,789	[INFO]	Stop Steps: 50
2025-01-26 21:03:02,236	[DEBUG]	EXEC>  SUCCESS 2389868.9375
2025-01-26 21:03:02,236	[INFO]	3-1     SUCCESS               2389868.94 (99.84%) [2 edit(s)]  
2025-01-26 21:03:02,236	[DEBUG]	patch(3-1)="LineLLMCrossover(('source.cpp', 4), '#include <cstdio>\n#include <algorithm>\nusing namespace std;\n\nconst int MAX_SIZE = 1000001;\nint n, key, cnt, ans;\nint t[MAX_SIZE];\n\nint main() {\n    while (scanf("%d", &n), n) {\n        for (int i = 0; i < n; i++) {\n            scanf("%d", &t[i]);\n        }\n\n        sort(t, t + n);\n        key = t[0];\n        cnt = 1;\n        ans = -1;\n\n        for (int i = 1; i < n; i++) {\n            if (key == t[i]) {\n                cnt++;\n            } else {\n                if (cnt > n / 2) {\n                    ans = key;\n                    break; // Exit early if majority found\n                }\n                key = t[i];\n                cnt = 1;\n            }\n        }\n\n        // Final check for last counted key\n        if (cnt > n / 2) ans = key;\n\n        if (ans == -1) printf("NO COLOR\\n");\n        else printf("%d\\n", ans);\n    }\n    return 0;\n}') | LineLLMMutation(('source.cpp', 22), '#include <cstdio>\n#include <unordered_map>\nusing namespace std;\n\nconst int MAX_SIZE = 1000001;\nint n, ans;\n\nint main() {\n    while (scanf("%d", &n), n) {\n        unordered_map<int, int> colorCount;\n        int majorityThreshold = n / 2;\n        ans = -1;\n\n        for (int i = 0; i < n; i++) {\n            int color;\n            scanf("%d", &color);\n            colorCount[color]++;\n            if (colorCount[color] > majorityThreshold) {\n                ans = color;\n                break; // Exit early if majority found\n            }\n        }\n\n        if (ans == -1) printf("NO COLOR\\n");\n        else printf("%d\\n", ans);\n    }\n    return 0;\n}')"
2025-01-26 21:03:02,236	[INFO]	Step: 41
2025-01-26 21:03:02,236	[INFO]	Stop Steps: 50
2025-01-26 21:03:02,673	[DEBUG]	EXEC>  SUCCESS 2390009.8125
2025-01-26 21:03:02,673	[INFO]	3-2     SUCCESS               2390009.81 (99.85%) [2 edit(s)]  
2025-01-26 21:03:02,673	[DEBUG]	patch(3-2)="LineLLMCrossover(('source.cpp', 7), '#include <cstdio>\n#include <algorithm>\nusing namespace std;\n\nconst int MAX_SIZE = 1000001;\nint n, key, cnt, ans;\nint t[MAX_SIZE];\n\nint main() {\n    while (scanf("%d", &n), n) {\n        for (int i = 0; i < n; i++) {\n            scanf("%d", &t[i]);\n        }\n        sort(t, t + n);\n        key = t[0];\n        cnt = 1;\n        ans = -1;\n\n        for (int i = 1; i < n; i++) {\n            if (key == t[i]) {\n                cnt++;\n            } else {\n                if (cnt > n / 2) {\n                    ans = key;\n                    break; // Exit early if majority found\n                }\n                key = t[i];\n                cnt = 1;\n            }\n        }\n\n        // Final check for last counted key\n        if (cnt > n / 2) ans = key;\n\n        if (ans == -1) printf("NO COLOR\\n");\n        else printf("%d\\n", ans);\n    }\n    return 0;\n}') | LineLLMMutation(('source.cpp', 23), '#include <cstdio>\n#include <unordered_map>\nusing namespace std;\n\nconst int MAX_SIZE = 1000001;\nint n, ans;\n\nint main() {\n    while (scanf("%d", &n), n) {\n        unordered_map<int, int> frequency;\n        int majorityCount = n / 2;\n\n        for (int i = 0; i < n; i++) {\n            int color;\n            scanf("%d", &color);\n            frequency[color]++;\n            // Check if the current color has reached majority\n            if (frequency[color] > majorityCount) {\n                ans = color;\n                break; // Exit early if majority found\n            }\n        }\n\n        // If no majority found, set ans to -1\n        if (frequency[ans] <= majorityCount) ans = -1;\n\n        if (ans == -1) printf("NO COLOR\\n");\n        else printf("%d\\n", ans);\n    }\n    return 0;\n}')"
2025-01-26 21:03:02,673	[INFO]	Step: 42
2025-01-26 21:03:02,673	[INFO]	Stop Steps: 50
2025-01-26 21:03:03,228	[DEBUG]	EXEC>  SUCCESS 2379549.1875
2025-01-26 21:03:03,228	[INFO]	3-3     SUCCESS               2379549.19 (99.41%) [1 edit(s)]  
2025-01-26 21:03:03,228	[DEBUG]	patch(3-3)="LineLLMMutation(('source.cpp', 24), '#include <iostream>\n#include <unordered_map>\nusing namespace std;\n\nint main() {\n    int n;\n    while (cin >> n && n) {\n        unordered_map<int, int> frequency;\n        int color, maxCount = 0, ans = -1;\n\n        for (int i = 0; i < n; i++) {\n            cin >> color;\n            frequency[color]++;\n            if (frequency[color] > maxCount) {\n                maxCount = frequency[color];\n                ans = color;\n            }\n        }\n\n        if (maxCount > n / 2) {\n            cout << ans << endl;\n        } else {\n            cout << "NO COLOR" << endl;\n        }\n    }\n    return 0;\n}')"
2025-01-26 21:03:03,228	[INFO]	Step: 43
2025-01-26 21:03:03,228	[INFO]	Stop Steps: 50
2025-01-26 21:03:04,768	[DEBUG]	EXEC>  SUCCESS 2430690.5625
2025-01-26 21:03:04,768	[INFO]	REF     SUCCESS               2430690.56 (--) [0 edit(s)]  
2025-01-26 21:03:04,768	[INFO]	Best patch: 19
2025-01-26 21:03:05,139	[DEBUG]	EXEC>  SUCCESS 1002808.9375
2025-01-26 21:03:05,139	[INFO]	BEST    SUCCESS              *1002808.94 (41.26%) [0 edit(s)]  
2025-01-26 21:03:05,139	[INFO]	Best patch step: 33
2025-01-26 21:04:07,787	[INFO]	Step: 43
2025-01-26 21:04:07,788	[INFO]	Stop Steps: 50
2025-01-26 21:04:08,377	[DEBUG]	EXEC>  SUCCESS 988644.375
2025-01-26 21:04:08,378	[INFO]	4-4     SUCCESS              *988644.38 (40.67%) [1 edit(s)]  
2025-01-26 21:04:08,378	[DEBUG]	patch(4-4)="LineLLMMutation(('source.cpp', 19), '#include <cstdio>\n#include <algorithm>\n\nusing namespace std;\n\nint n, key, cnt, ans;\nint t[1000001];\n\nint main() {\n    while (scanf("%d", &n), n) {\n        for (int i = 0; i < n; i++) scanf("%d", &t[i]);\n\n        t[n] = ans = -1;\n        sort(t, t + n);\n\n        key = t[0];\n        cnt = 1;\n\n        for (int i = 1; i <= n; i++) {\n            if (key == t[i]) cnt++;\n            else {\n                if (cnt > n / 2) ans = key;\n                key = t[i];\n                cnt = 1;\n            }\n        }\n\n        if (ans == -1) printf("NO COLOR\\n");\n        else printf("%d\\n", ans);\n    }\n\n    return 0;\n}')"

2025-01-26 21:04:08,378	[INFO]	Step: 44
2025-01-26 21:04:08,378	[INFO]	Stop Steps: 50
2025-01-26 21:04:08,743	[DEBUG]	EXEC>  SUCCESS 995703.4375
2025-01-26 21:04:08,743	[INFO]	4-5     SUCCESS               995703.44 (40.96%) [1 edit(s)]  
2025-01-26 21:04:08,743	[DEBUG]	patch(4-5)="LineLLMCrossover(('source.cpp', 8), '#include <cstdio>\n#include <algorithm>\nusing namespace std;\n\nconst int MAX_SIZE = 1000001;\nint n, key, cnt, ans;\nint t[MAX_SIZE];\n\nint main() {\n    while (scanf("%d", &n), n) {\n        for (int i = 0; i < n; i++) {\n            scanf("%d", &t[i]);\n        }\n        sort(t, t + n);\n        key = t[0];\n        cnt = 1;\n        ans = -1;\n\n        for (int i = 1; i < n; i++) {\n            if (key == t[i]) {\n                cnt++;\n            } else {\n                if (cnt > n / 2) {\n                    ans = key;\n                    break; // Exit early if majority found\n                }\n                key = t[i];\n                cnt = 1;\n            }\n        }\n\n        // Final check for last counted key\n        if (cnt > n / 2) ans = key;\n\n        if (ans == -1) printf("NO COLOR\\n");\n        else printf("%d\\n", ans);\n    }\n    return 0;\n}')"
2025-01-26 21:04:08,743	[INFO]	Step: 45
2025-01-26 21:04:08,743	[INFO]	Stop Steps: 50
2025-01-26 21:04:09,105	[DEBUG]	EXEC>  SUCCESS 984166.4375
2025-01-26 21:04:09,105	[INFO]	4-6     SUCCESS              *984166.44 (40.49%) [1 edit(s)]  
2025-01-26 21:04:09,106	[DEBUG]	patch(4-6)="LineLLMCrossover(('source.cpp', 12), '#include <cstdio>\n#include <algorithm>\nusing namespace std;\n\nconst int MAX_SIZE = 1000001;\nint n, key, cnt, ans;\nint t[MAX_SIZE];\n\nint main() {\n    while (scanf("%d", &n), n) {\n        for (int i = 0; i < n; i++) {\n            scanf("%d", &t[i]);\n        }\n\n        sort(t, t + n);\n        key = t[0];\n        cnt = 1;\n        ans = -1;\n\n        for (int i = 1; i < n; i++) {\n            if (key == t[i]) {\n                cnt++;\n            } else {\n                if (cnt > n / 2) {\n                    ans = key;\n                    break; // Exit early if majority found\n                }\n                key = t[i];\n                cnt = 1;\n            }\n        }\n\n        // Final check for last counted key\n        if (cnt > n / 2) ans = key;\n\n        if (ans == -1) printf("NO COLOR\\n");\n        else printf("%d\\n", ans);\n    }\n    return 0;\n}')"

2025-01-26 21:04:09,106	[INFO]	Step: 46
2025-01-26 21:04:09,106	[INFO]	Stop Steps: 50
2025-01-26 21:04:09,476	[DEBUG]	EXEC>  SUCCESS 989106.875
2025-01-26 21:04:09,476	[INFO]	4-7     SUCCESS               989106.88 (40.69%) [1 edit(s)]  
2025-01-26 21:04:09,476	[DEBUG]	patch(4-7)="LineLLMCrossover(('source.cpp', 13), '#include <cstdio>\n#include <algorithm>\nusing namespace std;\n\nconst int MAX_SIZE = 1000001;\nint n, key, cnt, ans;\nint t[MAX_SIZE];\n\nint main() {\n    while (scanf("%d", &n), n) {\n        for (int i = 0; i < n; i++) {\n            scanf("%d", &t[i]);\n        }\n\n        sort(t, t + n);\n        key = t[0];\n        cnt = 1;\n        ans = -1;\n\n        for (int i = 1; i <= n; i++) {\n            if (i < n && key == t[i]) {\n                cnt++;\n            } else {\n                if (cnt > n / 2) {\n                    ans = key;\n                    break; // Exit early if majority found\n                }\n                if (i < n) {\n                    key = t[i];\n                }\n                cnt = 1;\n            }\n        }\n\n        // Final check for last counted key\n        if (cnt > n / 2) ans = key;\n\n        if (ans == -1) printf("NO COLOR\\n");\n        else printf("%d\\n", ans);\n    }\n    return 0;\n}')"
2025-01-26 21:04:09,476	[INFO]	Step: 47
2025-01-26 21:04:09,476	[INFO]	Stop Steps: 50
2025-01-26 21:04:09,842	[DEBUG]	EXEC>  SUCCESS 985480.3125
2025-01-26 21:04:09,842	[INFO]	4-8     SUCCESS               985480.31 (40.54%) [1 edit(s)]  
2025-01-26 21:04:09,842	[DEBUG]	patch(4-8)="LineLLMCrossover(('source.cpp', 14), '#include <cstdio>\n#include <algorithm>\nusing namespace std;\n\nconst int MAX_SIZE = 1000001;\nint n, key, cnt, ans;\nint t[MAX_SIZE];\n\nint main() {\n    while (scanf("%d", &n), n) {\n        for (int i = 0; i < n; i++) {\n            scanf("%d", &t[i]);\n        }\n\n        sort(t, t + n);\n        key = t[0];\n        cnt = 1;\n        ans = -1;\n\n        for (int i = 1; i < n; i++) {\n            if (key == t[i]) {\n                cnt++;\n            } else {\n                if (cnt > n / 2) {\n                    ans = key;\n                    break; // Exit early if majority found\n                }\n                key = t[i];\n                cnt = 1;\n            }\n        }\n\n        // Final check for last counted key\n        if (cnt > n / 2) ans = key;\n\n        if (ans == -1) printf("NO COLOR\\n");\n        else printf("%d\\n", ans);\n    }\n    return 0;\n}')"
2025-01-26 21:04:09,842	[INFO]	Step: 48
2025-01-26 21:04:09,842	[INFO]	Stop Steps: 50
2025-01-26 21:04:10,207	[DEBUG]	EXEC>  SUCCESS 984761.625
2025-01-26 21:04:10,207	[INFO]	4-9     SUCCESS               984761.62 (40.51%) [1 edit(s)]  
2025-01-26 21:04:10,207	[DEBUG]	patch(4-9)="LineLLMCrossover(('source.cpp', 15), '#include <cstdio>\n#include <algorithm>\nusing namespace std;\n\nconst int MAX_SIZE = 1000001;\nint n, key, cnt, ans;\nint t[MAX_SIZE];\n\nint main() {\n    while (scanf("%d", &n), n) {\n        for (int i = 0; i < n; i++) {\n            scanf("%d", &t[i]);\n        }\n\n        t[n] = -1; // Adding a sentinel value for safety\n        sort(t, t + n);\n        key = t[0];\n        cnt = 1;\n        ans = -1;\n\n        for (int i = 1; i <= n; i++) {\n            if (key == t[i]) {\n                cnt++;\n            } else {\n                if (cnt > n / 2) {\n                    ans = key; \n                    break; // Exit early if majority found\n                }\n                key = t[i];\n                cnt = 1;\n            }\n        }\n\n        // Final check for last counted key\n        if (cnt > n / 2) ans = key;\n\n        if (ans == -1) printf("NO COLOR\\n");\n        else printf("%d\\n", ans);\n    }\n    return 0;\n}')"
2025-01-26 21:04:10,207	[INFO]	Step: 49
2025-01-26 21:04:10,207	[INFO]	Stop Steps: 50
2025-01-26 21:04:10,650	[DEBUG]	EXEC>  SUCCESS 2398785.875
2025-01-26 21:04:10,651	[INFO]	4-10    SUCCESS               2398785.88 (98.69%) [2 edit(s)]  
2025-01-26 21:04:10,651	[DEBUG]	patch(4-10)="LineLLMMutation(('source.cpp', 19), '#include <cstdio>\n#include <algorithm>\n\nusing namespace std;\n\nint n, key, cnt, ans;\nint t[1000001];\n\nint main() {\n    while (scanf("%d", &n), n) {\n        for (int i = 0; i < n; i++) scanf("%d", &t[i]);\n\n        t[n] = ans = -1;\n        sort(t, t + n);\n\n        key = t[0];\n        cnt = 1;\n\n        for (int i = 1; i <= n; i++) {\n            if (key == t[i]) cnt++;\n            else {\n                if (cnt > n / 2) ans = key;\n                key = t[i];\n                cnt = 1;\n            }\n        }\n\n        if (ans == -1) printf("NO COLOR\\n");\n        else printf("%d\\n", ans);\n    }\n\n    return 0;\n}') | LineLLMMutation(('source.cpp', 25), '#include <cstdio>\n#include <unordered_map>\n\nusing namespace std;\n\nint n, ans;\n\nint main() {\n    while (scanf("%d", &n), n) {\n        unordered_map<int, int> frequency;\n        int max_count = 0;\n\n        for (int i = 0; i < n; i++) {\n            int color;\n            scanf("%d", &color);\n            frequency[color]++;\n            if (frequency[color] > max_count) {\n                max_count = frequency[color];\n                ans = color;\n            }\n        }\n\n        if (max_count > n / 2) \n            printf("%d\\n", ans);\n        else \n            printf("NO COLOR\\n");\n    }\n\n    return 0;\n}')"
2025-01-26 21:04:10,651	[INFO]	Step: 50
2025-01-26 21:04:10,651	[INFO]	Stop Steps: 50
2025-01-26 21:04:10,651	[INFO]	(Abstract Algorithm) Stopping Condition: step budget
2025-01-26 21:04:10,651	[INFO]	Step: 50
2025-01-26 21:04:10,651	[INFO]	Stop Steps: 50
2025-01-26 21:04:12,107	[INFO]	~~~~ END ~~~~
2025-01-26 21:04:12,107	[INFO]	Best patch step: 45
2025-01-26 21:04:12,108	[INFO]	
2025-01-26 21:04:12,108	[INFO]	==== REPORT ====
2025-01-26 21:04:12,108	[INFO]	Termination: step budget
2025-01-26 21:04:12,108	[INFO]	Log file: /home/ubuntu/eoc/magpie2/_magpie_logs/0215_1737925100.log
2025-01-26 21:04:12,108	[INFO]	Patch file: _magpie_logs/0215_1737925100.patch
2025-01-26 21:04:12,108	[INFO]	Diff file: _magpie_logs/0215_1737925100.diff
2025-01-26 21:04:12,108	[INFO]	Reference fitness: 2430690.56
2025-01-26 21:04:12,108	[INFO]	Best fitness: 984166.44
2025-01-26 21:04:12,108	[INFO]	
2025-01-26 21:04:12,108	[INFO]	==== BEST PATCH ====
LineLLMCrossover(('source.cpp', 12), '#include <cstdio>\n#include <algorithm>\nusing namespace std;\n\nconst int MAX_SIZE = 1000001;\nint n, key, cnt, ans;\nint t[MAX_SIZE];\n\nint main() {\n    while (scanf("%d", &n), n) {\n        for (int i = 0; i < n; i++) {\n            scanf("%d", &t[i]);\n        }\n\n        sort(t, t + n);\n        key = t[0];\n        cnt = 1;\n        ans = -1;\n\n        for (int i = 1; i < n; i++) {\n            if (key == t[i]) {\n                cnt++;\n            } else {\n                if (cnt > n / 2) {\n                    ans = key;\n                    break; // Exit early if majority found\n                }\n                key = t[i];\n                cnt = 1;\n            }\n        }\n\n        // Final check for last counted key\n        if (cnt > n / 2) ans = key;\n\n        if (ans == -1) printf("NO COLOR\\n");\n        else printf("%d\\n", ans);\n    }\n    return 0;\n}')
2025-01-26 21:04:12,109	[INFO]	
2025-01-26 21:04:12,109	[INFO]	==== DIFF ====

