2025-01-26 21:31:57,891	[DEBUG]	==== CONFIG ====
[magpie]
import = 
seed = 8662622223996813
log_dir = _magpie_logs
work_dir = _magpie_work
local_original_copy = True
local_original_name = __original__
output_encoding = ascii
edit_retries = 10
default_timeout = 30
default_lengthout = 10000.0
diff_method = unified
trust_local_filesystem = True

[magpie.log]
color_output = True
format_info = {counter:<7} {status:<20} {best}{fitness} ({ratio}) [{size}] {cached} {log}
format_debug = patch({counter})="{patch}"{diffifbest}
format_fitness = {:.2f}
format_ratio = {:.2%%}
format_patchif = 
	 --> {patch}
format_diffif = 
	{diff}

[software]
path = dataset/magpie_dataset/train/0220
target_files = 
	source.cpp
software = BasicSoftware
model_rules = 
	*.params : ParamFileConfigModel
	*.xml : SrcmlModel
	* : LineModel
model_config = 
	*.params : [paramconfig]
	*.xml : [srcml]
init_cmd = 
init_timeout = 60
init_lengthout = -1
setup_cmd = bash setup.sh
setup_timeout = 
setup_lengthout = 
compile_cmd = bash compile.sh
compile_timeout = 
compile_lengthout = 
test_cmd = bash test.sh
test_timeout = 
test_lengthout = 
run_cmd = bash run.sh
run_timeout = 3
run_lengthout = 
batch_timeout = 
batch_lengthout = 
batch_bin_fitness_strategy = aggregate
batch_fitness_strategy = sum
fitness = time

[srcml]
rename = 
	stmt: break continue decl_stmt do expr_stmt for goto if return switch while
	number: literal_number
focus = block stmt operator_comp operator_arith number
internodes = block
process_pseudo_blocks = True
process_literals = True
process_operators = True

[paramconfig]
timing = test run
cli_prefix = --
cli_glue = =
cli_boolean = show
cli_boolean_prefix_true = 
cli_boolean_prefix_false = no-
cli_none = hide
silent_prefix = @
silent_suffix = $

[search]
protocol = BasicProtocol
algorithm = GeneticProgrammingLLM
possible_edits = 
	LineLLMMutation
	LineLLMCrossover
	LineDeletion
	LineInsertion
	LineReplacement
llm_prob = 1.0
warmup = 5
warmup_strategy = last
max_steps = 50
max_time = 20000
target_fitness = 
cache_maxsize = 100
cache_keep = 0.2
batch_instances = 
batch_shuffle = True
batch_bin_shuffle = False
batch_sample_size = 1

[search.ls]
delete_prob = 0.5
max_neighbours = 
when_trapped = continue
accept_fail = False
tabu_length = 10

[search.gp]
pop_size = 10
delete_prob = 0.0
offspring_elitism = 0.2
offspring_crossover = 0.4
offspring_mutation = 0.4
uniform_rate = 0.5
batch_reset = True
llm_type = baseline

[search.minify]
do_cleanup = True
do_rebuild = True
do_simplify = True
round_robin_limit = 3


2025-01-26 21:31:57,891	[DEBUG]	
2025-01-26 21:31:57,891	[INFO]	==== SEARCH: GeneticProgrammingLLM ====
2025-01-26 21:31:57,891	[INFO]	~~~~ WARMUP ~~~~
2025-01-26 21:31:58,962	[DEBUG]	EXEC>  SUCCESS 2378852.9375
2025-01-26 21:31:58,962	[INFO]	WARM    SUCCESS               2378852.94 (--) [0 edit(s)]  
2025-01-26 21:31:59,438	[DEBUG]	EXEC>  SUCCESS 2384281.5625
2025-01-26 21:31:59,438	[INFO]	WARM    SUCCESS               2384281.56 (--) [0 edit(s)]  
2025-01-26 21:31:59,922	[DEBUG]	EXEC>  SUCCESS 2471104.5
2025-01-26 21:31:59,922	[INFO]	WARM    SUCCESS               2471104.50 (--) [0 edit(s)]  
2025-01-26 21:32:00,409	[DEBUG]	EXEC>  SUCCESS 2369714.3125
2025-01-26 21:32:00,410	[INFO]	WARM    SUCCESS               2369714.31 (--) [0 edit(s)]  
2025-01-26 21:32:00,887	[DEBUG]	EXEC>  SUCCESS 2361611.1875
2025-01-26 21:32:00,887	[INFO]	WARM    SUCCESS               2361611.19 (--) [0 edit(s)]  
2025-01-26 21:32:00,888	[INFO]	REF     SUCCESS               2361611.19 (--) [0 edit(s)]  
2025-01-26 21:32:00,888	[INFO]	
2025-01-26 21:32:00,888	[INFO]	~~~~ START ~~~~
2025-01-26 21:32:39,468	[DEBUG]	EXEC>  SUCCESS 2372445.625
2025-01-26 21:32:39,468	[INFO]	0-1     SUCCESS              +2372445.62 (100.46%) [1 edit(s)]  
2025-01-26 21:32:39,468	[DEBUG]	patch(0-1)="LineLLMMutation(('source.cpp', 0), '#include<iostream>\nusing namespace std;\n\nint main() {\n    int N, K, i, j, *S, a;\n\n    while (a = 1, cin >> N >> K, N || K) {\n        int S[100]; // Using stack allocation instead of dynamic memory\n        for (i = K; i--;) cin >> S[i];\n\n        for (i = N; i--;) {\n            int B;\n            for (j = K; j--;) {\n                cin >> B;\n                S[j] -= B;\n                if (S[j] < 0) a = 0;\n            }\n        }\n        cout << (a ? "Yes" : "No") << endl;\n    }\n}')"
2025-01-26 21:33:10,870	[INFO]	0-2     TEST_TIMEOUT          None (--) [1 edit(s)]  
2025-01-26 21:33:10,870	[DEBUG]	patch(0-2)="LineLLMMutation(('source.cpp', 1), '#include<iostream>\n#include<vector>\n#include<sstream>\nusing namespace std;\n\nint main() {\n    int N, K, a;\n    string line;\n\n    while (a = 1, getline(cin, line), istringstream(line) >> N >> K, N || K) {\n        vector<int> S(K);\n        for (int &s : S) cin >> s;\n\n        for (int i = N; i--;) {\n            int B;\n            for (int j = K; j--;) {\n                cin >> B;\n                S[j] -= B;\n                if (S[j] < 0) a = 0;\n            }\n        }\n        cout << (a ? "Yes" : "No") << endl;\n    }\n}')"
2025-01-26 21:33:12,519	[DEBUG]	EXEC>  SUCCESS 2395481.5
2025-01-26 21:33:12,519	[INFO]	0-3     SUCCESS               2395481.50 (101.43%) [1 edit(s)]  
2025-01-26 21:33:12,519	[DEBUG]	patch(0-3)="LineLLMMutation(('source.cpp', 2), '#include<iostream>\n#include<vector>\nusing namespace std;\n\nint main() {\n    int N, K, a;\n\n    while (a = 1, cin >> N >> K, N || K) {\n        vector<int> S(K);\n        for (int i = 0; i < K; ++i) cin >> S[i];\n\n        for (int i = N; i--;) {\n            int B;\n            for (int j = 0; j < K; ++j) {\n                cin >> B;\n                S[j] -= B;\n                if (S[j] < 0) a = 0;\n            }\n        }\n        cout << (a ? "Yes" : "No") << endl;\n    }\n}')"
2025-01-26 21:33:43,886	[INFO]	0-4     TEST_TIMEOUT          None (--) [1 edit(s)]  
2025-01-26 21:33:43,886	[DEBUG]	patch(0-4)="LineLLMMutation(('source.cpp', 3), '#include<iostream>\n#include<vector>\nusing namespace std;\n\nint main() {\n    int N, K;\n\n    while (cin >> N >> K, N || K) {\n        int a = 1;\n        vector<int> S(K);\n        for (int &s : S) cin >> s;\n\n        for (int i = 0; i < N; ++i) {\n            int B;\n            for (int j = 0; j < K; ++j) {\n                cin >> B;\n                S[j] -= B;\n                if (S[j] < 0) {\n                    a = 0;\n                    break; // Early exit if condition met\n                }\n            }\n            if (!a) break; // Early exit for outer loop\n        }\n        cout << (a ? "Yes" : "No") << endl;\n    }\n}')"
2025-01-26 21:33:45,669	[DEBUG]	EXEC>  SUCCESS 2630566.75
2025-01-26 21:33:45,669	[INFO]	0-5     SUCCESS               2630566.75 (111.39%) [1 edit(s)]  
2025-01-26 21:33:45,670	[DEBUG]	patch(0-5)="LineLLMMutation(('source.cpp', 4), '#include<iostream>\n#include<vector>\nusing namespace std;\n\nint main() {\n    int N, K;\n\n    while (cin >> N >> K, N || K) {\n        vector<int> S(K);\n        for (int i = 0; i < K; ++i) cin >> S[i];\n\n        int a = 1;\n        for (int i = 0; i < N * K; ++i) {\n            int B;\n            cin >> B;\n            S[i % K] -= B;\n            if (S[i % K] < 0) {\n                a = 0;\n            }\n        }\n        cout << (a ? "Yes" : "No") << endl;\n    }\n}')"
2025-01-26 21:34:17,009	[INFO]	0-6     TEST_TIMEOUT          None (--) [1 edit(s)]  
2025-01-26 21:34:17,009	[DEBUG]	patch(0-6)="LineLLMMutation(('source.cpp', 5), '#include<iostream>\n#include<array>\nusing namespace std;\n\nint main() {\n    int N, K;\n\n    while (cin >> N >> K, N || K) {\n        array<int, 100> S; // Fixed size array\n        for (int i = 0; i < K; ++i) cin >> S[i];\n\n        int a = 1;\n        for (int i = 0; i < N; ++i) {\n            int B;\n            for (int j = 0; j < K; ++j) {\n                cin >> B;\n                S[j] -= B;\n                if (S[j] < 0) {\n                    a = 0;\n                    break;\n                }\n            }\n            if (!a) break;\n        }\n        cout << (a ? "Yes" : "No") << endl;\n    }\n}')"
2025-01-26 21:34:48,492	[INFO]	0-7     TEST_TIMEOUT          None (--) [1 edit(s)]  
2025-01-26 21:34:48,493	[DEBUG]	patch(0-7)="LineLLMMutation(('source.cpp', 6), '#include<iostream>\n#include<cstdio>\n#include<vector>\nusing namespace std;\n\nint main() {\n    int N, K;\n\n    while (scanf("%d %d", &N, &K), N || K) {\n        vector<int> S(K);\n        for (int i = 0; i < K; ++i) scanf("%d", &S[i]);\n\n        int a = 1;\n        for (int i = 0; i < N; ++i) {\n            int B;\n            for (int j = 0; j < K; ++j) {\n                scanf("%d", &B);\n                S[j] -= B;\n                if (S[j] < 0) {\n                    a = 0;\n                    break;\n                }\n            }\n            if (!a) break;\n        }\n        printf("%s\\n", a ? "Yes" : "No");\n    }\n}')"
2025-01-26 21:34:49,809	[INFO]	0-8     COMPILE_CODE_ERROR    None (--) [1 edit(s)]  
2025-01-26 21:34:49,809	[DEBUG]	patch(0-8)="LineLLMMutation(('source.cpp', 7), '#include<iostream>\n#include<vector>\nusing namespace std;\n\nint main() {\n    int N, K;\n\n    while (cin >> N >> K, N || K) {\n        vector<int> S(K);\n        for (int &s : S) cin >> s;\n\n        for (int i = 0, a = 1; i < N; ++i) {\n            int B;\n            for (int j = 0; j < K; ++j) {\n                cin >> B;\n                S[j] -= B;\n                if (S[j] < 0) {\n                    a = 0;\n                    break;\n                }\n            }\n            if (!a) {\n                cout << "No" << endl;\n                break;\n            }\n        }\n        if (a) cout << "Yes" << endl;\n    }\n}')"
2025-01-26 21:34:51,165	[INFO]	0-9     TEST_CODE_ERROR       None (--) [1 edit(s)]  
2025-01-26 21:34:51,165	[DEBUG]	patch(0-9)="LineLLMMutation(('source.cpp', 8), '#include<iostream>\n#include<vector>\nusing namespace std;\n\nbool checkS(const vector<int>& S) {\n    for (const auto& val : S) if (val < 0) return false;\n    return true;\n}\n\nint main() {\n    int N, K;\n\n    while (cin >> N >> K, N || K) {\n        vector<int> S(K);\n        for (int &s : S) cin >> s;\n\n        for (int i = 0; i < N; ++i) {\n            int B;\n            for (int j = 0; j < K; ++j) {\n                cin >> B;\n                S[j] -= B;\n            }\n            if (!checkS(S)) {\n                cout << "No" << endl;\n                break;\n            }\n        }\n        cout << "Yes" << endl;\n    }\n}')"
2025-01-26 21:34:52,403	[INFO]	0-10    COMPILE_CODE_ERROR    None (--) [1 edit(s)]  
2025-01-26 21:34:52,403	[DEBUG]	patch(0-10)="LineLLMMutation(('source.cpp', 9), '#include<iostream>\n#include<vector>\nusing namespace std;\n\nint main() {\n    int N, K;\n\n    while (cin >> N >> K, N || K) {\n        vector<int> S(K);\n        for (int &s : S) cin >> s;\n\n        vector<bool> neg(K, false);\n        int a = 1;\n        for (int i = 0; i < N; ++i) {\n            int B;\n            for (int j = 0; j < K; ++j) {\n                cin >> B;\n                S[j] -= B;\n                if (S[j] < 0) neg[j] = true;\n            }\n            if (any_of(neg.begin(), neg.end(), [](bool v) { return v; })) {\n                a = 0;\n                break;\n            }\n        }\n        cout << (a ? "Yes" : "No") << endl;\n    }\n}')"
2025-01-26 21:34:53,404	[INFO]	Step: 10
2025-01-26 21:34:53,404	[INFO]	Stop Steps: 50
2025-01-26 21:34:55,165	[DEBUG]	EXEC>  SUCCESS 2550727.3125
2025-01-26 21:34:55,165	[INFO]	REF     SUCCESS               2550727.31 (--) [0 edit(s)]  
2025-01-26 21:34:55,165	[INFO]	Best patch step: None
2025-01-26 21:35:23,361	[INFO]	Step: 10
2025-01-26 21:35:23,361	[INFO]	Stop Steps: 50
2025-01-26 21:35:23,978	[DEBUG]	EXEC>  SUCCESS 2475003.125
2025-01-26 21:35:23,979	[INFO]	1-1     SUCCESS              *2475003.12 (97.03%) [1 edit(s)]  
2025-01-26 21:35:23,979	[DEBUG]	patch(1-1)="LineLLMMutation(('source.cpp', 0), '#include<iostream>\nusing namespace std;\n\nint main() {\n    int N, K, i, j, *S, a;\n\n    while (a = 1, cin >> N >> K, N || K) {\n        int S[100]; // Using stack allocation instead of dynamic memory\n        for (i = K; i--;) cin >> S[i];\n\n        for (i = N; i--;) {\n            int B;\n            for (j = K; j--;) {\n                cin >> B;\n                S[j] -= B;\n                if (S[j] < 0) a = 0;\n            }\n        }\n        cout << (a ? "Yes" : "No") << endl;\n    }\n}')"

2025-01-26 21:35:23,979	[INFO]	Step: 11
2025-01-26 21:35:23,979	[INFO]	Stop Steps: 50
2025-01-26 21:35:24,496	[DEBUG]	EXEC>  SUCCESS 2457652.875
2025-01-26 21:35:24,496	[INFO]	1-2     SUCCESS              *2457652.88 (96.35%) [1 edit(s)]  
2025-01-26 21:35:24,496	[DEBUG]	patch(1-2)="LineLLMMutation(('source.cpp', 2), '#include<iostream>\n#include<vector>\nusing namespace std;\n\nint main() {\n    int N, K, a;\n\n    while (a = 1, cin >> N >> K, N || K) {\n        vector<int> S(K);\n        for (int i = 0; i < K; ++i) cin >> S[i];\n\n        for (int i = N; i--;) {\n            int B;\n            for (int j = 0; j < K; ++j) {\n                cin >> B;\n                S[j] -= B;\n                if (S[j] < 0) a = 0;\n            }\n        }\n        cout << (a ? "Yes" : "No") << endl;\n    }\n}')"

2025-01-26 21:35:24,496	[INFO]	Step: 12
2025-01-26 21:35:24,496	[INFO]	Stop Steps: 50
2025-01-26 21:35:25,023	[DEBUG]	EXEC>  SUCCESS 2514721.625
2025-01-26 21:35:25,023	[INFO]	1-3     SUCCESS               2514721.62 (98.59%) [1 edit(s)]  
2025-01-26 21:35:25,024	[DEBUG]	patch(1-3)="LineLLMCrossover(('source.cpp', 0), '#include<iostream>\n#include<vector>\nusing namespace std;\n\nint main() {\n    int N, K, a;\n\n    while (a = 1, cin >> N >> K, N || K) {\n        vector<int> S(K); // Use vector for dynamic size\n        for (int i = 0; i < K; ++i) cin >> S[i];\n\n        for (int i = 0; i < N; ++i) {\n            int B;\n            for (int j = 0; j < K; ++j) {\n                cin >> B;\n                S[j] -= B;\n                if (S[j] < 0) a = 0;\n            }\n        }\n        cout << (a ? "Yes" : "No") << endl;\n    }\n}')"
2025-01-26 21:35:25,024	[INFO]	Step: 13
2025-01-26 21:35:25,024	[INFO]	Stop Steps: 50
2025-01-26 21:35:25,502	[DEBUG]	EXEC>  SUCCESS 2439812.0
2025-01-26 21:35:25,503	[INFO]	1-4     SUCCESS              *2439812.00 (95.65%) [1 edit(s)]  
2025-01-26 21:35:25,503	[DEBUG]	patch(1-4)="LineLLMCrossover(('source.cpp', 1), '#include<iostream>\nusing namespace std;\n\nint main() {\n    int N, K;\n\n    while (cin >> N >> K, N || K) {\n        int S[100]; // Stack allocation for fixed size\n        for (int i = 0; i < K; ++i) cin >> S[i];\n\n        int a = 1;\n        for (int i = 0; i < N * K; ++i) {\n            int B;\n            cin >> B;\n            S[i % K] -= B;\n            if (S[i % K] < 0) {\n                a = 0;\n            }\n        }\n        cout << (a ? "Yes" : "No") << endl;\n    }\n}')"

2025-01-26 21:35:25,503	[INFO]	Step: 14
2025-01-26 21:35:25,503	[INFO]	Stop Steps: 50
2025-01-26 21:35:26,020	[DEBUG]	EXEC>  SUCCESS 2427492.75
2025-01-26 21:35:26,020	[INFO]	1-5     SUCCESS              *2427492.75 (95.17%) [1 edit(s)]  
2025-01-26 21:35:26,020	[DEBUG]	patch(1-5)="LineLLMCrossover(('source.cpp', 2), '#include<iostream>\n#include<vector>\nusing namespace std;\n\nint main() {\n    int N, K;\n\n    while (cin >> N >> K, N || K) {\n        vector<int> S(K);\n        for (int i = 0; i < K; ++i) cin >> S[i];\n\n        int a = 1;\n        for (int i = 0; i < N; ++i) {\n            int B;\n            for (int j = 0; j < K; ++j) {\n                cin >> B;\n                if (j < S.size()) { // Ensure within bounds\n                    S[j] -= B;\n                    if (S[j] < 0) a = 0;\n                }\n            }\n        }\n        cout << (a ? "Yes" : "No") << endl;\n    }\n}')"

2025-01-26 21:35:26,020	[INFO]	Step: 15
2025-01-26 21:35:26,020	[INFO]	Stop Steps: 50
2025-01-26 21:35:26,530	[DEBUG]	EXEC>  SUCCESS 2437870.75
2025-01-26 21:35:26,530	[INFO]	1-6     SUCCESS               2437870.75 (95.58%) [1 edit(s)]  
2025-01-26 21:35:26,531	[DEBUG]	patch(1-6)="LineLLMCrossover(('source.cpp', 3), '#include<iostream>\n#include<vector>\nusing namespace std;\n\nint main() {\n    int N, K;\n\n    while (cin >> N >> K, N || K) {\n        vector<int> S(K); // Dynamic size allocation\n        for (int i = 0; i < K; ++i) cin >> S[i];\n\n        int a = 1;\n        for (int i = 0; i < N * K; ++i) {\n            int B;\n            cin >> B;\n            S[i % K] -= B;\n            if (S[i % K] < 0) a = 0;\n        }\n        cout << (a ? "Yes" : "No") << endl;\n    }\n}')"
2025-01-26 21:35:26,531	[INFO]	Step: 16
2025-01-26 21:35:26,531	[INFO]	Stop Steps: 50
2025-01-26 21:35:56,865	[INFO]	1-7     TEST_TIMEOUT          None (--) [2 edit(s)]  
2025-01-26 21:35:56,865	[DEBUG]	patch(1-7)="LineLLMMutation(('source.cpp', 0), '#include<iostream>\nusing namespace std;\n\nint main() {\n    int N, K, i, j, *S, a;\n\n    while (a = 1, cin >> N >> K, N || K) {\n        int S[100]; // Using stack allocation instead of dynamic memory\n        for (i = K; i--;) cin >> S[i];\n\n        for (i = N; i--;) {\n            int B;\n            for (j = K; j--;) {\n                cin >> B;\n                S[j] -= B;\n                if (S[j] < 0) a = 0;\n            }\n        }\n        cout << (a ? "Yes" : "No") << endl;\n    }\n}') | LineLLMMutation(('source.cpp', 10), '#include<iostream>\nusing namespace std;\n\nint main() {\n    int N, K, i, j, *S, a;\n\n    while (a = 1, cin >> N >> K, N || K) {\n        int S[100]; // Using stack allocation instead of dynamic memory\n        for (i = K; i--;) cin >> S[i];\n\n        for (i = N; i--;) {\n            int B;\n            bool negativeFound = false; // New flag to track if a negative is found\n            for (j = K; j--;) {\n                cin >> B;\n                S[j] -= B;\n                if (S[j] < 0) {\n                    a = 0;\n                    negativeFound = true; // Set flag if negative is found\n                    break; // Break out of the loop as we found a negative\n                }\n            }\n            if (negativeFound) break; // Break outer loop if negative found\n        }\n        cout << (a ? "Yes" : "No") << endl;\n    }\n}')"
2025-01-26 21:35:56,865	[INFO]	Step: 17
2025-01-26 21:35:56,866	[INFO]	Stop Steps: 50
2025-01-26 21:36:27,250	[INFO]	1-8     TEST_TIMEOUT          None (--) [2 edit(s)]  
2025-01-26 21:36:27,250	[DEBUG]	patch(1-8)="LineLLMMutation(('source.cpp', 2), '#include<iostream>\n#include<vector>\nusing namespace std;\n\nint main() {\n    int N, K, a;\n\n    while (a = 1, cin >> N >> K, N || K) {\n        vector<int> S(K);\n        for (int i = 0; i < K; ++i) cin >> S[i];\n\n        for (int i = N; i--;) {\n            int B;\n            for (int j = 0; j < K; ++j) {\n                cin >> B;\n                S[j] -= B;\n                if (S[j] < 0) a = 0;\n            }\n        }\n        cout << (a ? "Yes" : "No") << endl;\n    }\n}') | LineLLMMutation(('source.cpp', 11), '#include<iostream>\n#include<vector>\nusing namespace std;\n\nint main() {\n    int N, K;\n\n    while (cin >> N >> K, N || K) {\n        vector<int> S(K);\n        for (int i = 0; i < K; ++i) cin >> S[i];\n\n        // Instead of reading input in inner loop, we can read all of them at once\n        for (int i = 0; i < N; ++i) {\n            int B[K]; // Use an array instead of reading into vector to save allocation time\n            for (int j = 0; j < K; ++j) {\n                cin >> B[j];\n                S[j] -= B[j];\n                if (S[j] < 0) break; // Exit early if any S[j] becomes negative\n            }\n        }\n        // Check if all elements are non-negative\n        bool a = true;\n        for (int j = 0; j < K; ++j) {\n            if (S[j] < 0) {\n                a = false;\n                break;\n            }\n        }\n        cout << (a ? "Yes" : "No") << endl;\n    }\n}')"
2025-01-26 21:36:27,250	[INFO]	Step: 18
2025-01-26 21:36:27,250	[INFO]	Stop Steps: 50
2025-01-26 21:36:57,585	[INFO]	1-9     TEST_TIMEOUT          None (--) [2 edit(s)]  
2025-01-26 21:36:57,586	[DEBUG]	patch(1-9)="LineLLMMutation(('source.cpp', 4), '#include<iostream>\n#include<vector>\nusing namespace std;\n\nint main() {\n    int N, K;\n\n    while (cin >> N >> K, N || K) {\n        vector<int> S(K);\n        for (int i = 0; i < K; ++i) cin >> S[i];\n\n        int a = 1;\n        for (int i = 0; i < N * K; ++i) {\n            int B;\n            cin >> B;\n            S[i % K] -= B;\n            if (S[i % K] < 0) {\n                a = 0;\n            }\n        }\n        cout << (a ? "Yes" : "No") << endl;\n    }\n}') | LineLLMMutation(('source.cpp', 12), '#include <iostream>\n#include <cstdio>\nusing namespace std;\n\nint main() {\n    int N, K;\n\n    while (scanf("%d %d", &N, &K), N || K) {\n        int S[100]; // Assuming K is less than or equal to 100 for stack allocation\n        for (int i = 0; i < K; ++i) {\n            scanf("%d", &S[i]);\n        }\n\n        int a = 1;\n        for (int i = 0; i < N * K; ++i) {\n            int B;\n            scanf("%d", &B);\n            S[i % K] -= B;\n            if (S[i % K] < 0) {\n                a = 0;\n                break; // Exit early if negative found\n            }\n        }\n        printf("%s\\n", (a ? "Yes" : "No"));\n    }\n}')"
2025-01-26 21:36:57,586	[INFO]	Step: 19
2025-01-26 21:36:57,586	[INFO]	Stop Steps: 50
2025-01-26 21:36:58,261	[DEBUG]	EXEC>  SUCCESS 2854033.625
2025-01-26 21:36:58,261	[INFO]	1-10    SUCCESS               2854033.62 (111.89%) [1 edit(s)]  
2025-01-26 21:36:58,261	[DEBUG]	patch(1-10)="LineLLMMutation(('source.cpp', 13), '#include <iostream>\n\nusing namespace std;\n\nint main() {\n    int N, K, i, j, S[100005], a;\n\n    while(a = 1, cin >> N >> K, N || K) {\n        for(i = 0; i < K; i++) cin >> S[i];\n\n        for(i = 0; i < N; i++) {\n            int B;\n            for(j = 0; j < K; j++) {\n                cin >> B;\n                S[j] -= B;\n                if (S[j] < 0) a = 0;\n            }\n        }\n\n        cout << (a ? "Yes" : "No") << endl;\n    }\n}')"
2025-01-26 21:36:58,261	[INFO]	Step: 20
2025-01-26 21:36:58,261	[INFO]	Stop Steps: 50
2025-01-26 21:36:59,748	[DEBUG]	EXEC>  SUCCESS 2442958.25
2025-01-26 21:36:59,749	[INFO]	REF     SUCCESS               2442958.25 (--) [0 edit(s)]  
2025-01-26 21:36:59,749	[INFO]	Best patch: 2
2025-01-26 21:37:00,252	[DEBUG]	EXEC>  SUCCESS 2442357.25
2025-01-26 21:37:00,253	[INFO]	BEST    SUCCESS              *2442357.25 (99.98%) [0 edit(s)]  
2025-01-26 21:37:00,253	[INFO]	Best patch step: 14
2025-01-26 21:37:44,275	[INFO]	Step: 20
2025-01-26 21:37:44,275	[INFO]	Stop Steps: 50
2025-01-26 21:37:44,977	[DEBUG]	EXEC>  SUCCESS 2388055.75
2025-01-26 21:37:44,977	[INFO]	2-1     SUCCESS              *2388055.75 (97.75%) [1 edit(s)]  
2025-01-26 21:37:44,977	[DEBUG]	patch(2-1)="LineLLMCrossover(('source.cpp', 2), '#include<iostream>\n#include<vector>\nusing namespace std;\n\nint main() {\n    int N, K;\n\n    while (cin >> N >> K, N || K) {\n        vector<int> S(K);\n        for (int i = 0; i < K; ++i) cin >> S[i];\n\n        int a = 1;\n        for (int i = 0; i < N; ++i) {\n            int B;\n            for (int j = 0; j < K; ++j) {\n                cin >> B;\n                if (j < S.size()) { // Ensure within bounds\n                    S[j] -= B;\n                    if (S[j] < 0) a = 0;\n                }\n            }\n        }\n        cout << (a ? "Yes" : "No") << endl;\n    }\n}')"

2025-01-26 21:37:44,978	[INFO]	Step: 21
2025-01-26 21:37:44,978	[INFO]	Stop Steps: 50
2025-01-26 21:37:45,483	[DEBUG]	EXEC>  SUCCESS 2402246.125
2025-01-26 21:37:45,483	[INFO]	2-2     SUCCESS               2402246.12 (98.33%) [1 edit(s)]  
2025-01-26 21:37:45,483	[DEBUG]	patch(2-2)="LineLLMCrossover(('source.cpp', 3), '#include<iostream>\n#include<vector>\nusing namespace std;\n\nint main() {\n    int N, K;\n\n    while (cin >> N >> K, N || K) {\n        vector<int> S(K); // Dynamic size allocation\n        for (int i = 0; i < K; ++i) cin >> S[i];\n\n        int a = 1;\n        for (int i = 0; i < N * K; ++i) {\n            int B;\n            cin >> B;\n            S[i % K] -= B;\n            if (S[i % K] < 0) a = 0;\n        }\n        cout << (a ? "Yes" : "No") << endl;\n    }\n}')"
2025-01-26 21:37:45,484	[INFO]	Step: 22
2025-01-26 21:37:45,484	[INFO]	Stop Steps: 50
2025-01-26 21:38:15,828	[INFO]	2-3     TEST_TIMEOUT          None (--) [1 edit(s)]  
2025-01-26 21:38:15,828	[DEBUG]	patch(2-3)="LineLLMCrossover(('source.cpp', 4), '#include<iostream>\n#include<vector>\nusing namespace std;\n\nint main() {\n    int N, K;\n\n    while (cin >> N >> K, N || K) {\n        int S[100]; // Stack allocation for a fixed size\n        for (int i = 0; i < K; ++i) cin >> S[i];\n\n        int a = 1;\n        for (int i = 0; i < N * K; ++i) {\n            int B;\n            cin >> B;\n            S[i % K] -= B;\n            if (S[i % K] < 0) {\n                a = 0;\n                break; // Exit early if condition is met\n            }\n        }\n        cout << (a ? "Yes" : "No") << endl;\n    }\n}')"
2025-01-26 21:38:15,828	[INFO]	Step: 23
2025-01-26 21:38:15,828	[INFO]	Stop Steps: 50
2025-01-26 21:38:46,206	[INFO]	2-4     TEST_TIMEOUT          None (--) [1 edit(s)]  
2025-01-26 21:38:46,206	[DEBUG]	patch(2-4)="LineLLMCrossover(('source.cpp', 5), '#include<iostream>\n#include<vector>\nusing namespace std;\n\nint main() {\n    int N, K;\n\n    while (cin >> N >> K, N || K) {\n        vector<int> S(K);\n        for (int i = 0; i < K; ++i) cin >> S[i];\n\n        int a = 1;\n        for (int i = N; i--;) { // Reverse loop for efficiency\n            int B;\n            for (int j = 0; j < K; ++j) {\n                cin >> B;\n                S[j] -= B;\n                if (S[j] < 0) {\n                    a = 0;\n                    break; // Exit early if condition is met\n                }\n            }\n        }\n        cout << (a ? "Yes" : "No") << endl;\n    }\n}')"
2025-01-26 21:38:46,206	[INFO]	Step: 24
2025-01-26 21:38:46,207	[INFO]	Stop Steps: 50
2025-01-26 21:39:16,585	[INFO]	2-5     TEST_TIMEOUT          None (--) [1 edit(s)]  
2025-01-26 21:39:16,585	[DEBUG]	patch(2-5)="LineLLMCrossover(('source.cpp', 6), '#include<iostream>\n#include<vector>\nusing namespace std;\n\nint main() {\n    int N, K;\n\n    while (cin >> N >> K, N || K) {\n        vector<int> S(K); // Dynamic size allocation for flexibility\n        for (int i = 0; i < K; ++i) cin >> S[i];\n\n        int result = 1; // Changed variable name for clarity\n        for (int i = 0; i < N * K; ++i) {\n            int B;\n            cin >> B;\n            S[i % K] -= B;\n            if (S[i % K] < 0) {\n                result = 0;\n                break; // Exit early if condition is met\n            }\n        }\n        cout << (result ? "Yes" : "No") << endl;\n    }\n}')"
2025-01-26 21:39:16,585	[INFO]	Step: 25
2025-01-26 21:39:16,585	[INFO]	Stop Steps: 50
2025-01-26 21:39:46,967	[INFO]	2-6     TEST_TIMEOUT          None (--) [1 edit(s)]  
2025-01-26 21:39:46,967	[DEBUG]	patch(2-6)="LineLLMCrossover(('source.cpp', 7), '#include<iostream>\n#include<vector>\nusing namespace std;\n\nint main() {\n    int N, K;\n\n    while (cin >> N >> K, N || K) {\n        vector<int> S(K);\n        for (int i = 0; i < K; ++i) cin >> S[i];\n\n        int isValid = 1; // Clarity in variable naming\n        for (int i = 0; i < N; ++i) {\n            for (int j = 0; j < K; ++j) {\n                int B;\n                cin >> B;\n                if (j < S.size()) { // Ensure within bounds\n                    S[j] -= B;\n                    if (S[j] < 0) {\n                        isValid = 0;\n                        break; // Exit early if condition is met\n                    }\n                }\n            }\n        }\n        cout << (isValid ? "Yes" : "No") << endl;\n    }\n}')"
2025-01-26 21:39:46,967	[INFO]	Step: 26
2025-01-26 21:39:46,967	[INFO]	Stop Steps: 50
2025-01-26 21:39:47,609	[DEBUG]	EXEC>  SUCCESS 2381731.0
2025-01-26 21:39:47,609	[INFO]	2-7     SUCCESS              *2381731.00 (97.49%) [2 edit(s)]  
2025-01-26 21:39:47,609	[DEBUG]	patch(2-7)="LineLLMCrossover(('source.cpp', 2), '#include<iostream>\n#include<vector>\nusing namespace std;\n\nint main() {\n    int N, K;\n\n    while (cin >> N >> K, N || K) {\n        vector<int> S(K);\n        for (int i = 0; i < K; ++i) cin >> S[i];\n\n        int a = 1;\n        for (int i = 0; i < N; ++i) {\n            int B;\n            for (int j = 0; j < K; ++j) {\n                cin >> B;\n                if (j < S.size()) { // Ensure within bounds\n                    S[j] -= B;\n                    if (S[j] < 0) a = 0;\n                }\n            }\n        }\n        cout << (a ? "Yes" : "No") << endl;\n    }\n}') | LineLLMMutation(('source.cpp', 14), '#include<iostream>\n#include<vector>\nusing namespace std;\n\nint main() {\n    int N, K;\n\n    while (cin >> N >> K, N || K) {\n        vector<int> S(K);\n        for (int i = 0; i < K; ++i) cin >> S[i];\n\n        int a = 1;\n        for (int i = 0; i < N; ++i) {\n            int B[K]; // Declare B as an array to read all inputs at once\n            for (int j = 0; j < K; ++j) {\n                cin >> B[j];\n            }\n            for (int j = 0; j < K; ++j) {\n                if (j < S.size()) { // Ensure within bounds\n                    S[j] -= B[j];\n                    if (S[j] < 0) a = 0;\n                }\n            }\n        }\n        cout << (a ? "Yes" : "No") << endl;\n    }\n}')"

2025-01-26 21:39:47,609	[INFO]	Step: 27
2025-01-26 21:39:47,609	[INFO]	Stop Steps: 50
2025-01-26 21:39:48,089	[DEBUG]	EXEC>  SUCCESS 2481673.625
2025-01-26 21:39:48,089	[INFO]	2-8     SUCCESS               2481673.62 (101.58%) [2 edit(s)]  
2025-01-26 21:39:48,089	[DEBUG]	patch(2-8)="LineLLMCrossover(('source.cpp', 3), '#include<iostream>\n#include<vector>\nusing namespace std;\n\nint main() {\n    int N, K;\n\n    while (cin >> N >> K, N || K) {\n        vector<int> S(K); // Dynamic size allocation\n        for (int i = 0; i < K; ++i) cin >> S[i];\n\n        int a = 1;\n        for (int i = 0; i < N * K; ++i) {\n            int B;\n            cin >> B;\n            S[i % K] -= B;\n            if (S[i % K] < 0) a = 0;\n        }\n        cout << (a ? "Yes" : "No") << endl;\n    }\n}') | LineLLMMutation(('source.cpp', 15), '#include<iostream>\n#include<array>\nusing namespace std;\n\nconst int MAX_K = 100; // Assuming a maximum size for K\nint main() {\n    int N, K;\n\n    while (cin >> N >> K, N || K) {\n        array<int, MAX_K> S; // Using a fixed-size array for performance\n        for (int i = 0; i < K; ++i) cin >> S[i];\n\n        int a = 1;\n        for (int i = 0; i < N * K; ++i) {\n            int B;\n            cin >> B;\n            S[i % K] -= B;\n            if (S[i % K] < 0) a = 0;\n        }\n        cout << (a ? "Yes" : "No") << endl;\n    }\n}')"
2025-01-26 21:39:48,089	[INFO]	Step: 28
2025-01-26 21:39:48,089	[INFO]	Stop Steps: 50
2025-01-26 21:40:18,451	[INFO]	2-9     TEST_TIMEOUT          None (--) [2 edit(s)]  
2025-01-26 21:40:18,451	[DEBUG]	patch(2-9)="LineLLMCrossover(('source.cpp', 1), '#include<iostream>\nusing namespace std;\n\nint main() {\n    int N, K;\n\n    while (cin >> N >> K, N || K) {\n        int S[100]; // Stack allocation for fixed size\n        for (int i = 0; i < K; ++i) cin >> S[i];\n\n        int a = 1;\n        for (int i = 0; i < N * K; ++i) {\n            int B;\n            cin >> B;\n            S[i % K] -= B;\n            if (S[i % K] < 0) {\n                a = 0;\n            }\n        }\n        cout << (a ? "Yes" : "No") << endl;\n    }\n}') | LineLLMMutation(('source.cpp', 16), '#include <iostream>\n#include <vector>\nusing namespace std;\n\nint main() {\n    int N, K;\n\n    while (cin >> N >> K, N || K) {\n        vector<int> S(K); // Using vector for dynamic allocation\n        for (int i = 0; i < K; ++i) cin >> S[i];\n\n        bool valid = true; // Renaming variable for clarity\n        for (int i = 0; i < N * K; ++i) {\n            int B;\n            cin >> B;\n            S[i % K] -= B;\n            if (S[i % K] < 0) {\n                valid = false; // Updating the flag when condition fails\n                break; // Exit early if condition fails\n            }\n        }\n        cout << (valid ? "Yes" : "No") << endl;\n    }\n}')"
2025-01-26 21:40:18,451	[INFO]	Step: 29
2025-01-26 21:40:18,451	[INFO]	Stop Steps: 50
2025-01-26 21:40:19,094	[DEBUG]	EXEC>  SUCCESS 2408428.0
2025-01-26 21:40:19,094	[INFO]	2-10    SUCCESS               2408428.00 (98.59%) [2 edit(s)]  
2025-01-26 21:40:19,094	[DEBUG]	patch(2-10)="LineLLMMutation(('source.cpp', 2), '#include<iostream>\n#include<vector>\nusing namespace std;\n\nint main() {\n    int N, K, a;\n\n    while (a = 1, cin >> N >> K, N || K) {\n        vector<int> S(K);\n        for (int i = 0; i < K; ++i) cin >> S[i];\n\n        for (int i = N; i--;) {\n            int B;\n            for (int j = 0; j < K; ++j) {\n                cin >> B;\n                S[j] -= B;\n                if (S[j] < 0) a = 0;\n            }\n        }\n        cout << (a ? "Yes" : "No") << endl;\n    }\n}') | LineLLMMutation(('source.cpp', 17), '#include<iostream>\n#include<vector>\nusing namespace std;\n\nint main() {\n    int N, K;\n\n    while (cin >> N >> K, N || K) {\n        vector<int> S(K);\n        for (int i = 0; i < K; ++i) cin >> S[i];\n\n        bool valid = true; // Replace variable \'a\' with a boolean flag\n        for (int i = N; i-- && valid;) {\n            int B;\n            for (int j = 0; j < K; ++j) {\n                cin >> B;\n                S[j] -= B;\n                if (S[j] < 0) valid = false; // Set valid to false if any S[j] is negative\n            }\n        }\n        cout << (valid ? "Yes" : "No") << endl; // Output based on valid flag\n    }\n}')"
2025-01-26 21:40:19,094	[INFO]	Step: 30
2025-01-26 21:40:19,094	[INFO]	Stop Steps: 50
2025-01-26 21:40:19,585	[DEBUG]	EXEC>  SUCCESS 2473541.8125
2025-01-26 21:40:19,585	[INFO]	2-1     SUCCESS               2473541.81 (101.25%) [1 edit(s)]  
2025-01-26 21:40:19,585	[DEBUG]	patch(2-1)="LineLLMMutation(('source.cpp', 18), '#include<iostream>\n\nusing namespace std;\n\nint main(){\n\n\tint N,K,i,j,*S,B,a;\n\n\twhile(a=1,cin>>N>>K,N||K){\n\n\t\tS=new int[K];\n\n\t\tfor(i=K;i--;)cin>>S[i];\n\n\t\tfor(i=N;i--;)for(j=K;j--;)cin>>B,S[j]-=B,S[j]<0?a=0:0;\n\n\t\tcout<<(a?"Yes":"No")<<endl;\n\n\t}\n\n}')"
2025-01-26 21:40:19,585	[INFO]	Step: 31
2025-01-26 21:40:19,585	[INFO]	Stop Steps: 50
2025-01-26 21:40:21,067	[DEBUG]	EXEC>  SUCCESS 2377683.1875
2025-01-26 21:40:21,068	[INFO]	REF     SUCCESS               2377683.19 (--) [0 edit(s)]  
2025-01-26 21:40:21,068	[INFO]	Best patch: 2_14
2025-01-26 21:40:21,573	[DEBUG]	EXEC>  SUCCESS 2463320.3125
2025-01-26 21:40:21,574	[INFO]	BEST    SUCCESS               2463320.31 (103.60%) [0 edit(s)]  
2025-01-26 21:40:21,574	[INFO]	Best patch step: 26
2025-01-26 21:41:06,990	[INFO]	Step: 31
2025-01-26 21:41:06,990	[INFO]	Stop Steps: 50
2025-01-26 21:41:07,623	[DEBUG]	EXEC>  SUCCESS 2380751.3125
2025-01-26 21:41:07,623	[INFO]	3-2     SUCCESS              +2380751.31 (100.13%) [2 edit(s)]  
2025-01-26 21:41:07,623	[DEBUG]	patch(3-2)="LineLLMCrossover(('source.cpp', 2), '#include<iostream>\n#include<vector>\nusing namespace std;\n\nint main() {\n    int N, K;\n\n    while (cin >> N >> K, N || K) {\n        vector<int> S(K);\n        for (int i = 0; i < K; ++i) cin >> S[i];\n\n        int a = 1;\n        for (int i = 0; i < N; ++i) {\n            int B;\n            for (int j = 0; j < K; ++j) {\n                cin >> B;\n                if (j < S.size()) { // Ensure within bounds\n                    S[j] -= B;\n                    if (S[j] < 0) a = 0;\n                }\n            }\n        }\n        cout << (a ? "Yes" : "No") << endl;\n    }\n}') | LineLLMMutation(('source.cpp', 14), '#include<iostream>\n#include<vector>\nusing namespace std;\n\nint main() {\n    int N, K;\n\n    while (cin >> N >> K, N || K) {\n        vector<int> S(K);\n        for (int i = 0; i < K; ++i) cin >> S[i];\n\n        int a = 1;\n        for (int i = 0; i < N; ++i) {\n            int B[K]; // Declare B as an array to read all inputs at once\n            for (int j = 0; j < K; ++j) {\n                cin >> B[j];\n            }\n            for (int j = 0; j < K; ++j) {\n                if (j < S.size()) { // Ensure within bounds\n                    S[j] -= B[j];\n                    if (S[j] < 0) a = 0;\n                }\n            }\n        }\n        cout << (a ? "Yes" : "No") << endl;\n    }\n}')"
2025-01-26 21:41:07,623	[INFO]	Step: 32
2025-01-26 21:41:07,623	[INFO]	Stop Steps: 50
2025-01-26 21:41:08,135	[DEBUG]	EXEC>  SUCCESS 2398435.9375
2025-01-26 21:41:08,135	[INFO]	3-3     SUCCESS               2398435.94 (100.87%) [1 edit(s)]  
2025-01-26 21:41:08,135	[DEBUG]	patch(3-3)="LineLLMCrossover(('source.cpp', 2), '#include<iostream>\n#include<vector>\nusing namespace std;\n\nint main() {\n    int N, K;\n\n    while (cin >> N >> K, N || K) {\n        vector<int> S(K);\n        for (int i = 0; i < K; ++i) cin >> S[i];\n\n        int a = 1;\n        for (int i = 0; i < N; ++i) {\n            int B;\n            for (int j = 0; j < K; ++j) {\n                cin >> B;\n                if (j < S.size()) { // Ensure within bounds\n                    S[j] -= B;\n                    if (S[j] < 0) a = 0;\n                }\n            }\n        }\n        cout << (a ? "Yes" : "No") << endl;\n    }\n}')"
2025-01-26 21:41:08,135	[INFO]	Step: 33
2025-01-26 21:41:08,135	[INFO]	Stop Steps: 50
2025-01-26 21:41:08,647	[DEBUG]	EXEC>  SUCCESS 2485761.3125
2025-01-26 21:41:08,647	[INFO]	3-4     SUCCESS               2485761.31 (104.55%) [1 edit(s)]  
2025-01-26 21:41:08,647	[DEBUG]	patch(3-4)="LineLLMCrossover(('source.cpp', 8), '#include<iostream>\n#include<vector>\nusing namespace std;\n\nint main() {\n    int N, K;\n\n    while (cin >> N >> K, N || K) {\n        vector<int> S(K);\n        for (int i = 0; i < K; ++i) cin >> S[i];\n\n        int a = 1;\n        for (int i = 0; i < N * K; ++i) {\n            int B;\n            cin >> B;\n            S[i % K] -= B;\n            if (S[i % K] < 0) a = 0;\n        }\n        cout << (a ? "Yes" : "No") << endl;\n    }\n}')"
2025-01-26 21:41:08,647	[INFO]	Step: 34
2025-01-26 21:41:08,647	[INFO]	Stop Steps: 50
2025-01-26 21:41:09,150	[DEBUG]	EXEC>  SUCCESS 2410931.75
2025-01-26 21:41:09,151	[INFO]	3-5     SUCCESS               2410931.75 (101.40%) [1 edit(s)]  
2025-01-26 21:41:09,151	[DEBUG]	patch(3-5)="LineLLMCrossover(('source.cpp', 9), '#include<iostream>\n#include<vector>\nusing namespace std;\n\nint main() {\n    int N, K;\n\n    while (cin >> N >> K, N || K) {\n        vector<int> S(K);\n        for (int i = 0; i < K; ++i) cin >> S[i];\n\n        bool valid = true;\n        for (int i = 0; i < N && valid; ++i) {\n            int B;\n            for (int j = 0; j < K; ++j) {\n                cin >> B;\n                S[j] -= B;\n                if (S[j] < 0) valid = false;\n            }\n        }\n        cout << (valid ? "Yes" : "No") << endl;\n    }\n}')"
2025-01-26 21:41:09,151	[INFO]	Step: 35
2025-01-26 21:41:09,151	[INFO]	Stop Steps: 50
2025-01-26 21:41:39,510	[INFO]	3-6     TEST_TIMEOUT          None (--) [1 edit(s)]  
2025-01-26 21:41:39,510	[DEBUG]	patch(3-6)="LineLLMCrossover(('source.cpp', 10), '#include<iostream>\n#include<vector>\nusing namespace std;\n\nint main() {\n    int N, K;\n\n    while (cin >> N >> K, N || K) {\n        vector<int> S(K);\n        for (int i = 0; i < K; ++i) cin >> S[i];\n\n        bool valid = true;\n        for (int i = 0; i < N && valid; ++i) {\n            for (int j = 0; j < K; ++j) {\n                int B;\n                cin >> B;\n                S[j] -= B;\n                if (S[j] < 0) {\n                    valid = false;\n                    break; // Exit early if any S[j] is negative\n                }\n            }\n        }\n        cout << (valid ? "Yes" : "No") << endl;\n    }\n}')"
2025-01-26 21:41:39,510	[INFO]	Step: 36
2025-01-26 21:41:39,511	[INFO]	Stop Steps: 50
2025-01-26 21:41:40,147	[DEBUG]	EXEC>  SUCCESS 2412490.4375
2025-01-26 21:41:40,147	[INFO]	3-7     SUCCESS               2412490.44 (101.46%) [1 edit(s)]  
2025-01-26 21:41:40,147	[DEBUG]	patch(3-7)="LineLLMCrossover(('source.cpp', 11), '#include<iostream>\n#include<vector>\nusing namespace std;\n\nint main() {\n    int N, K;\n\n    while (cin >> N >> K, N || K) {\n        vector<int> S(K);\n        for (int i = 0; i < K; ++i) cin >> S[i];\n\n        bool valid = true;\n        for (int i = 0; i < N && valid; ++i) {\n            int B;\n            for (int j = 0; j < K; ++j) {\n                cin >> B;\n                if (j < S.size()) { // Ensure within bounds\n                    S[j] -= B;\n                    if (S[j] < 0) valid = false;\n                }\n            }\n        }\n        cout << (valid ? "Yes" : "No") << endl;\n    }\n}')"
2025-01-26 21:41:40,147	[INFO]	Step: 37
2025-01-26 21:41:40,147	[INFO]	Stop Steps: 50
2025-01-26 21:41:40,666	[DEBUG]	EXEC>  SUCCESS 2434779.5
2025-01-26 21:41:40,666	[INFO]	3-8     SUCCESS               2434779.50 (102.40%) [3 edit(s)]  
2025-01-26 21:41:40,666	[DEBUG]	patch(3-8)="LineLLMCrossover(('source.cpp', 2), '#include<iostream>\n#include<vector>\nusing namespace std;\n\nint main() {\n    int N, K;\n\n    while (cin >> N >> K, N || K) {\n        vector<int> S(K);\n        for (int i = 0; i < K; ++i) cin >> S[i];\n\n        int a = 1;\n        for (int i = 0; i < N; ++i) {\n            int B;\n            for (int j = 0; j < K; ++j) {\n                cin >> B;\n                if (j < S.size()) { // Ensure within bounds\n                    S[j] -= B;\n                    if (S[j] < 0) a = 0;\n                }\n            }\n        }\n        cout << (a ? "Yes" : "No") << endl;\n    }\n}') | LineLLMMutation(('source.cpp', 14), '#include<iostream>\n#include<vector>\nusing namespace std;\n\nint main() {\n    int N, K;\n\n    while (cin >> N >> K, N || K) {\n        vector<int> S(K);\n        for (int i = 0; i < K; ++i) cin >> S[i];\n\n        int a = 1;\n        for (int i = 0; i < N; ++i) {\n            int B[K]; // Declare B as an array to read all inputs at once\n            for (int j = 0; j < K; ++j) {\n                cin >> B[j];\n            }\n            for (int j = 0; j < K; ++j) {\n                if (j < S.size()) { // Ensure within bounds\n                    S[j] -= B[j];\n                    if (S[j] < 0) a = 0;\n                }\n            }\n        }\n        cout << (a ? "Yes" : "No") << endl;\n    }\n}') | LineLLMMutation(('source.cpp', 19), '#include<iostream>\n#include<vector>\nusing namespace std;\n\nint main() {\n    int N, K;\n\n    while (cin >> N >> K, N || K) {\n        vector<int> S(K);\n        for (int i = 0; i < K; ++i) cin >> S[i];\n\n        int a = 1;\n        for (int i = 0; i < N; ++i) {\n            vector<int> B(K); // Use vector for dynamic sizing\n            for (int j = 0; j < K; ++j) {\n                cin >> B[j];\n            }\n            for (int j = 0; j < K; ++j) {\n                if (j < S.size()) { // Ensure within bounds\n                    S[j] -= B[j];\n                    if (S[j] < 0) a = 0;\n                }\n            }\n        }\n        cout << (a ? "Yes" : "No") << endl;\n    }\n}')"
2025-01-26 21:41:40,666	[INFO]	Step: 38
2025-01-26 21:41:40,666	[INFO]	Stop Steps: 50
2025-01-26 21:42:11,029	[INFO]	3-9     TEST_TIMEOUT          None (--) [2 edit(s)]  
2025-01-26 21:42:11,029	[DEBUG]	patch(3-9)="LineLLMCrossover(('source.cpp', 2), '#include<iostream>\n#include<vector>\nusing namespace std;\n\nint main() {\n    int N, K;\n\n    while (cin >> N >> K, N || K) {\n        vector<int> S(K);\n        for (int i = 0; i < K; ++i) cin >> S[i];\n\n        int a = 1;\n        for (int i = 0; i < N; ++i) {\n            int B;\n            for (int j = 0; j < K; ++j) {\n                cin >> B;\n                if (j < S.size()) { // Ensure within bounds\n                    S[j] -= B;\n                    if (S[j] < 0) a = 0;\n                }\n            }\n        }\n        cout << (a ? "Yes" : "No") << endl;\n    }\n}') | LineLLMMutation(('source.cpp', 20), '#include <iostream>\n#include <vector>\nusing namespace std;\n\nint main() {\n    int N, K;\n\n    while (cin >> N >> K, N || K) {\n        vector<int> S(K);\n        for (int i = 0; i < K; ++i) cin >> S[i];\n\n        int a = 1;\n        for (int i = 0; i < N; ++i) {\n            int B;\n            for (int j = 0; j < K; ++j) {\n                cin >> B;\n                if (j < K) { // Directly use K instead of S.size() for optimization\n                    S[j] -= B;\n                    if (S[j] < 0) {\n                        a = 0;\n                        break; // Break early if a condition is violated\n                    }\n                }\n            }\n            if (!a) break; // Break outer loop if already determined invalid\n        }\n        cout << (a ? "Yes" : "No") << endl;\n    }\n}')"
2025-01-26 21:42:11,029	[INFO]	Step: 39
2025-01-26 21:42:11,029	[INFO]	Stop Steps: 50
2025-01-26 21:42:11,635	[DEBUG]	EXEC>  SUCCESS 2364767.5625
2025-01-26 21:42:11,635	[INFO]	3-10    SUCCESS              *2364767.56 (99.46%) [2 edit(s)]  
2025-01-26 21:42:11,636	[DEBUG]	patch(3-10)="LineLLMCrossover(('source.cpp', 3), '#include<iostream>\n#include<vector>\nusing namespace std;\n\nint main() {\n    int N, K;\n\n    while (cin >> N >> K, N || K) {\n        vector<int> S(K); // Dynamic size allocation\n        for (int i = 0; i < K; ++i) cin >> S[i];\n\n        int a = 1;\n        for (int i = 0; i < N * K; ++i) {\n            int B;\n            cin >> B;\n            S[i % K] -= B;\n            if (S[i % K] < 0) a = 0;\n        }\n        cout << (a ? "Yes" : "No") << endl;\n    }\n}') | LineLLMMutation(('source.cpp', 21), '#include<iostream>\nusing namespace std;\n\nint main() {\n    int N, K;\n\n    while (cin >> N >> K, N || K) {\n        int S[100]; // Fixed-size array assuming K will not exceed 100\n        for (int i = 0; i < K; ++i) cin >> S[i];\n\n        int a = 1;\n        for (int i = 0; i < N * K; ++i) {\n            int B;\n            cin >> B;\n            S[i % K] -= B;\n            if (S[i % K] < 0) a = 0;\n        }\n        cout << (a ? "Yes" : "No") << endl;\n    }\n}')"

2025-01-26 21:42:11,636	[INFO]	Step: 40
2025-01-26 21:42:11,636	[INFO]	Stop Steps: 50
2025-01-26 21:42:42,000	[INFO]	3-1     TEST_TIMEOUT          None (--) [3 edit(s)]  
2025-01-26 21:42:42,000	[DEBUG]	patch(3-1)="LineLLMMutation(('source.cpp', 2), '#include<iostream>\n#include<vector>\nusing namespace std;\n\nint main() {\n    int N, K, a;\n\n    while (a = 1, cin >> N >> K, N || K) {\n        vector<int> S(K);\n        for (int i = 0; i < K; ++i) cin >> S[i];\n\n        for (int i = N; i--;) {\n            int B;\n            for (int j = 0; j < K; ++j) {\n                cin >> B;\n                S[j] -= B;\n                if (S[j] < 0) a = 0;\n            }\n        }\n        cout << (a ? "Yes" : "No") << endl;\n    }\n}') | LineLLMMutation(('source.cpp', 17), '#include<iostream>\n#include<vector>\nusing namespace std;\n\nint main() {\n    int N, K;\n\n    while (cin >> N >> K, N || K) {\n        vector<int> S(K);\n        for (int i = 0; i < K; ++i) cin >> S[i];\n\n        bool valid = true; // Replace variable \'a\' with a boolean flag\n        for (int i = N; i-- && valid;) {\n            int B;\n            for (int j = 0; j < K; ++j) {\n                cin >> B;\n                S[j] -= B;\n                if (S[j] < 0) valid = false; // Set valid to false if any S[j] is negative\n            }\n        }\n        cout << (valid ? "Yes" : "No") << endl; // Output based on valid flag\n    }\n}') | LineLLMMutation(('source.cpp', 22), '#include <iostream>\n#include <vector>\nusing namespace std;\n\nint main() {\n    int N, K;\n\n    while (cin >> N >> K, N || K) {\n        vector<int> S(K);\n        for (int i = 0; i < K; ++i) cin >> S[i];\n\n        bool valid = true; // Replace variable \'a\' with a boolean flag\n        for (int i = N; i-- && valid;) {\n            int B[K]; // Use a fixed-size array for faster access\n            for (int j = 0; j < K; ++j) {\n                cin >> B[j];\n                S[j] -= B[j];\n                if (S[j] < 0) {\n                    valid = false; // Set valid to false if any S[j] is negative\n                    break; // Break early if we find an invalid case\n                }\n            }\n        }\n        cout << (valid ? "Yes" : "No") << endl; // Output based on valid flag\n    }\n}')"
2025-01-26 21:42:42,000	[INFO]	Step: 41
2025-01-26 21:42:42,000	[INFO]	Stop Steps: 50
2025-01-26 21:42:42,609	[DEBUG]	EXEC>  SUCCESS 2404456.5
2025-01-26 21:42:42,610	[INFO]	3-2     SUCCESS               2404456.50 (101.13%) [1 edit(s)]  
2025-01-26 21:42:42,610	[DEBUG]	patch(3-2)="LineLLMMutation(('source.cpp', 23), '#include<iostream>\nusing namespace std;\n\nint main() {\n    int N, K, i, j, S[1000], a; // Assuming K will not exceed 1000 for fixed array\n    while (a = 1, cin >> N >> K, N || K) {\n        for (i = 0; i < K; i++) cin >> S[i]; // Changed loop to initialize S\n\n        for (i = N; i--;) {\n            for (j = K; j--;) {\n                int B;\n                cin >> B;\n                S[j] -= B;\n                if (S[j] < 0) a = 0; // Simplified condition\n            }\n        }\n        cout << (a ? "Yes" : "No") << endl;\n    }\n}')"
2025-01-26 21:42:42,610	[INFO]	Step: 42
2025-01-26 21:42:42,610	[INFO]	Stop Steps: 50
2025-01-26 21:42:44,099	[DEBUG]	EXEC>  SUCCESS 2399648.9375
2025-01-26 21:42:44,099	[INFO]	REF     SUCCESS               2399648.94 (--) [0 edit(s)]  
2025-01-26 21:42:44,100	[INFO]	Best patch: 3_21
2025-01-26 21:42:44,572	[DEBUG]	EXEC>  SUCCESS 2421716.625
2025-01-26 21:42:44,572	[INFO]	BEST    SUCCESS               2421716.62 (100.92%) [0 edit(s)]  
2025-01-26 21:42:44,572	[INFO]	Best patch step: 39
2025-01-26 21:43:22,821	[INFO]	Step: 42
2025-01-26 21:43:22,821	[INFO]	Stop Steps: 50
2025-01-26 21:43:23,425	[DEBUG]	EXEC>  SUCCESS 2367756.5625
2025-01-26 21:43:23,425	[INFO]	4-3     SUCCESS              *2367756.56 (98.67%) [2 edit(s)]  
2025-01-26 21:43:23,425	[DEBUG]	patch(4-3)="LineLLMCrossover(('source.cpp', 3), '#include<iostream>\n#include<vector>\nusing namespace std;\n\nint main() {\n    int N, K;\n\n    while (cin >> N >> K, N || K) {\n        vector<int> S(K); // Dynamic size allocation\n        for (int i = 0; i < K; ++i) cin >> S[i];\n\n        int a = 1;\n        for (int i = 0; i < N * K; ++i) {\n            int B;\n            cin >> B;\n            S[i % K] -= B;\n            if (S[i % K] < 0) a = 0;\n        }\n        cout << (a ? "Yes" : "No") << endl;\n    }\n}') | LineLLMMutation(('source.cpp', 21), '#include<iostream>\nusing namespace std;\n\nint main() {\n    int N, K;\n\n    while (cin >> N >> K, N || K) {\n        int S[100]; // Fixed-size array assuming K will not exceed 100\n        for (int i = 0; i < K; ++i) cin >> S[i];\n\n        int a = 1;\n        for (int i = 0; i < N * K; ++i) {\n            int B;\n            cin >> B;\n            S[i % K] -= B;\n            if (S[i % K] < 0) a = 0;\n        }\n        cout << (a ? "Yes" : "No") << endl;\n    }\n}')"

2025-01-26 21:43:23,425	[INFO]	Step: 43
2025-01-26 21:43:23,425	[INFO]	Stop Steps: 50
2025-01-26 21:43:23,934	[DEBUG]	EXEC>  SUCCESS 2385468.0
2025-01-26 21:43:23,934	[INFO]	4-4     SUCCESS               2385468.00 (99.41%) [2 edit(s)]  
2025-01-26 21:43:23,934	[DEBUG]	patch(4-4)="LineLLMCrossover(('source.cpp', 2), '#include<iostream>\n#include<vector>\nusing namespace std;\n\nint main() {\n    int N, K;\n\n    while (cin >> N >> K, N || K) {\n        vector<int> S(K);\n        for (int i = 0; i < K; ++i) cin >> S[i];\n\n        int a = 1;\n        for (int i = 0; i < N; ++i) {\n            int B;\n            for (int j = 0; j < K; ++j) {\n                cin >> B;\n                if (j < S.size()) { // Ensure within bounds\n                    S[j] -= B;\n                    if (S[j] < 0) a = 0;\n                }\n            }\n        }\n        cout << (a ? "Yes" : "No") << endl;\n    }\n}') | LineLLMMutation(('source.cpp', 14), '#include<iostream>\n#include<vector>\nusing namespace std;\n\nint main() {\n    int N, K;\n\n    while (cin >> N >> K, N || K) {\n        vector<int> S(K);\n        for (int i = 0; i < K; ++i) cin >> S[i];\n\n        int a = 1;\n        for (int i = 0; i < N; ++i) {\n            int B[K]; // Declare B as an array to read all inputs at once\n            for (int j = 0; j < K; ++j) {\n                cin >> B[j];\n            }\n            for (int j = 0; j < K; ++j) {\n                if (j < S.size()) { // Ensure within bounds\n                    S[j] -= B[j];\n                    if (S[j] < 0) a = 0;\n                }\n            }\n        }\n        cout << (a ? "Yes" : "No") << endl;\n    }\n}')"
2025-01-26 21:43:23,934	[INFO]	Step: 44
2025-01-26 21:43:23,934	[INFO]	Stop Steps: 50
2025-01-26 21:43:24,443	[DEBUG]	EXEC>  SUCCESS 2435781.0
2025-01-26 21:43:24,443	[INFO]	4-5     SUCCESS               2435781.00 (101.51%) [1 edit(s)]  
2025-01-26 21:43:24,444	[DEBUG]	patch(4-5)="LineLLMCrossover(('source.cpp', 12), '#include <iostream>\n#include <vector>\nusing namespace std;\n\nint main() {\n    int N, K;\n    \n    while (cin >> N >> K, N || K) {\n        vector<int> S(K);\n        for (int i = 0; i < K; ++i) cin >> S[i];\n\n        int a = 1;\n        for (int i = N; i--;) {\n            int B[K]; // Declare B as an array to read all inputs at once\n            for (int j = 0; j < K; ++j) {\n                cin >> B[j];\n                S[j] -= B[j];\n                if (S[j] < 0) a = 0; // Check condition immediately\n            }\n        }\n        cout << (a ? "Yes" : "No") << endl;\n    }\n}')"
2025-01-26 21:43:24,444	[INFO]	Step: 45
2025-01-26 21:43:24,444	[INFO]	Stop Steps: 50
2025-01-26 21:43:24,932	[DEBUG]	EXEC>  SUCCESS 2390434.875
2025-01-26 21:43:24,933	[INFO]	4-6     SUCCESS               2390434.88 (99.62%) [1 edit(s)]  
2025-01-26 21:43:24,933	[DEBUG]	patch(4-6)="LineLLMCrossover(('source.cpp', 13), '#include <iostream>\n#include <vector>\nusing namespace std;\n\nint main() {\n    int N, K;\n\n    while (cin >> N >> K, N || K) {\n        int S[100]; // Fixed-size array\n        for (int i = 0; i < K; ++i) cin >> S[i];\n\n        int a = 1;\n        for (int i = 0; i < N; ++i) {\n            int B[100]; // Declare B as an array to read all inputs at once\n            for (int j = 0; j < K; ++j) {\n                cin >> B[j];\n                S[j] -= B[j];\n                if (S[j] < 0) a = 0; // Check condition immediately\n            }\n        }\n        cout << (a ? "Yes" : "No") << endl;\n    }\n}')"
2025-01-26 21:43:24,933	[INFO]	Step: 46
2025-01-26 21:43:24,933	[INFO]	Stop Steps: 50
2025-01-26 21:43:25,442	[DEBUG]	EXEC>  SUCCESS 2449817.0625
2025-01-26 21:43:25,442	[INFO]	4-7     SUCCESS               2449817.06 (102.09%) [1 edit(s)]  
2025-01-26 21:43:25,442	[DEBUG]	patch(4-7)="LineLLMCrossover(('source.cpp', 14), '#include <iostream>\n#include <vector>\nusing namespace std;\n\nint main() {\n    int N, K;\n\n    while (cin >> N >> K, N || K) {\n        vector<int> S(K);\n        for (int i = 0; i < K; ++i) cin >> S[i];\n\n        int a = 1;\n        for (int i = N; i--;) {\n            int B[100]; // Fixed-size array\n            for (int j = 0; j < K; ++j) {\n                cin >> B[j];\n                S[j] -= B[j];\n                if (S[j] < 0) a = 0; // Check condition immediately\n            }\n        }\n        cout << (a ? "Yes" : "No") << endl;\n    }\n}')"
2025-01-26 21:43:25,442	[INFO]	Step: 47
2025-01-26 21:43:25,442	[INFO]	Stop Steps: 50
2025-01-26 21:43:25,949	[DEBUG]	EXEC>  SUCCESS 2396535.875
2025-01-26 21:43:25,950	[INFO]	4-8     SUCCESS               2396535.88 (99.87%) [1 edit(s)]  
2025-01-26 21:43:25,950	[DEBUG]	patch(4-8)="LineLLMCrossover(('source.cpp', 15), '#include <iostream>\n#include <vector>\nusing namespace std;\n\nint main() {\n    int N, K;\n\n    while (cin >> N >> K, N || K) {\n        vector<int> S(K);\n        for (int i = 0; i < K; ++i) cin >> S[i];\n\n        int a = 1;\n        for (int i = 0; i < N; ++i) {\n            int B[100]; // Fixed-size array\n            for (int j = 0; j < K; ++j) {\n                cin >> B[j];\n                S[j] -= B[j];\n                if (S[j] < 0) a = 0; // Check condition immediately\n            }\n        }\n        cout << (a ? "Yes" : "No") << endl;\n    }\n}')"
2025-01-26 21:43:25,950	[INFO]	Step: 48
2025-01-26 21:43:25,950	[INFO]	Stop Steps: 50
2025-01-26 21:43:56,312	[INFO]	4-9     TEST_TIMEOUT          None (--) [3 edit(s)]  
2025-01-26 21:43:56,312	[DEBUG]	patch(4-9)="LineLLMCrossover(('source.cpp', 3), '#include<iostream>\n#include<vector>\nusing namespace std;\n\nint main() {\n    int N, K;\n\n    while (cin >> N >> K, N || K) {\n        vector<int> S(K); // Dynamic size allocation\n        for (int i = 0; i < K; ++i) cin >> S[i];\n\n        int a = 1;\n        for (int i = 0; i < N * K; ++i) {\n            int B;\n            cin >> B;\n            S[i % K] -= B;\n            if (S[i % K] < 0) a = 0;\n        }\n        cout << (a ? "Yes" : "No") << endl;\n    }\n}') | LineLLMMutation(('source.cpp', 21), '#include<iostream>\nusing namespace std;\n\nint main() {\n    int N, K;\n\n    while (cin >> N >> K, N || K) {\n        int S[100]; // Fixed-size array assuming K will not exceed 100\n        for (int i = 0; i < K; ++i) cin >> S[i];\n\n        int a = 1;\n        for (int i = 0; i < N * K; ++i) {\n            int B;\n            cin >> B;\n            S[i % K] -= B;\n            if (S[i % K] < 0) a = 0;\n        }\n        cout << (a ? "Yes" : "No") << endl;\n    }\n}') | LineLLMMutation(('source.cpp', 24), '#include <iostream>\n#include <vector>\nusing namespace std;\n\nint main() {\n    int N, K;\n\n    while (cin >> N >> K, N || K) {\n        vector<int> S(K); // Use a dynamic array (vector) instead of a fixed-size array\n        for (int i = 0; i < K; ++i) cin >> S[i];\n\n        bool a = true; // Change the type of a to bool for clarity\n        for (int i = 0; i < N * K; ++i) {\n            int B;\n            cin >> B;\n            S[i % K] -= B;\n            if (S[i % K] < 0) {\n                a = false; // Set to false if any value goes below zero\n                break; // Break early if condition is met\n            }\n        }\n        cout << (a ? "Yes" : "No") << endl;\n    }\n}')"
2025-01-26 21:43:56,312	[INFO]	Step: 49
2025-01-26 21:43:56,312	[INFO]	Stop Steps: 50
2025-01-26 21:43:56,971	[DEBUG]	EXEC>  SUCCESS 2418723.8125
2025-01-26 21:43:56,971	[INFO]	4-10    SUCCESS               2418723.81 (100.79%) [3 edit(s)]  
2025-01-26 21:43:56,971	[DEBUG]	patch(4-10)="LineLLMCrossover(('source.cpp', 2), '#include<iostream>\n#include<vector>\nusing namespace std;\n\nint main() {\n    int N, K;\n\n    while (cin >> N >> K, N || K) {\n        vector<int> S(K);\n        for (int i = 0; i < K; ++i) cin >> S[i];\n\n        int a = 1;\n        for (int i = 0; i < N; ++i) {\n            int B;\n            for (int j = 0; j < K; ++j) {\n                cin >> B;\n                if (j < S.size()) { // Ensure within bounds\n                    S[j] -= B;\n                    if (S[j] < 0) a = 0;\n                }\n            }\n        }\n        cout << (a ? "Yes" : "No") << endl;\n    }\n}') | LineLLMMutation(('source.cpp', 14), '#include<iostream>\n#include<vector>\nusing namespace std;\n\nint main() {\n    int N, K;\n\n    while (cin >> N >> K, N || K) {\n        vector<int> S(K);\n        for (int i = 0; i < K; ++i) cin >> S[i];\n\n        int a = 1;\n        for (int i = 0; i < N; ++i) {\n            int B[K]; // Declare B as an array to read all inputs at once\n            for (int j = 0; j < K; ++j) {\n                cin >> B[j];\n            }\n            for (int j = 0; j < K; ++j) {\n                if (j < S.size()) { // Ensure within bounds\n                    S[j] -= B[j];\n                    if (S[j] < 0) a = 0;\n                }\n            }\n        }\n        cout << (a ? "Yes" : "No") << endl;\n    }\n}') | LineLLMMutation(('source.cpp', 25), '#include<iostream>\n#include<vector>\nusing namespace std;\n\nint main() {\n    int N, K;\n\n    while (cin >> N >> K, N || K) {\n        vector<int> S(K);\n        for (int i = 0; i < K; ++i) cin >> S[i];\n\n        int a = 1;\n        for (int i = 0; i < N; ++i) {\n            int B[K]; // Declare B as an array to read all inputs at once\n            for (int j = 0; j < K; ++j) {\n                cin >> B[j];\n                if (j < S.size()) { // Ensure within bounds\n                    S[j] -= B[j];\n                    if (S[j] < 0) a = 0;\n                }\n            }\n        }\n        cout << (a ? "Yes" : "No") << endl;\n    }\n}')"
2025-01-26 21:43:56,971	[INFO]	Step: 50
2025-01-26 21:43:56,971	[INFO]	Stop Steps: 50
2025-01-26 21:43:56,971	[INFO]	(Abstract Algorithm) Stopping Condition: step budget
2025-01-26 21:43:56,971	[INFO]	Step: 50
2025-01-26 21:43:56,971	[INFO]	Stop Steps: 50
2025-01-26 21:43:57,851	[INFO]	~~~~ END ~~~~
2025-01-26 21:43:57,851	[INFO]	Best patch step: 42
2025-01-26 21:43:57,851	[INFO]	
2025-01-26 21:43:57,851	[INFO]	==== REPORT ====
2025-01-26 21:43:57,851	[INFO]	Termination: step budget
2025-01-26 21:43:57,851	[INFO]	Log file: /home/ubuntu/eoc/magpie2/_magpie_logs/0220_1737927117.log
2025-01-26 21:43:57,851	[INFO]	Patch file: _magpie_logs/0220_1737927117.patch
2025-01-26 21:43:57,851	[INFO]	Diff file: _magpie_logs/0220_1737927117.diff
2025-01-26 21:43:57,851	[INFO]	Reference fitness: 2399648.94
2025-01-26 21:43:57,851	[INFO]	Best fitness: 2367756.56
2025-01-26 21:43:57,851	[INFO]	
2025-01-26 21:43:57,852	[INFO]	==== BEST PATCH ====
LineLLMCrossover(('source.cpp', 3), '#include<iostream>\n#include<vector>\nusing namespace std;\n\nint main() {\n    int N, K;\n\n    while (cin >> N >> K, N || K) {\n        vector<int> S(K); // Dynamic size allocation\n        for (int i = 0; i < K; ++i) cin >> S[i];\n\n        int a = 1;\n        for (int i = 0; i < N * K; ++i) {\n            int B;\n            cin >> B;\n            S[i % K] -= B;\n            if (S[i % K] < 0) a = 0;\n        }\n        cout << (a ? "Yes" : "No") << endl;\n    }\n}') + LineLLMMutation(('source.cpp', 21), '#include<iostream>\nusing namespace std;\n\nint main() {\n    int N, K;\n\n    while (cin >> N >> K, N || K) {\n        int S[100]; // Fixed-size array assuming K will not exceed 100\n        for (int i = 0; i < K; ++i) cin >> S[i];\n\n        int a = 1;\n        for (int i = 0; i < N * K; ++i) {\n            int B;\n            cin >> B;\n            S[i % K] -= B;\n            if (S[i % K] < 0) a = 0;\n        }\n        cout << (a ? "Yes" : "No") << endl;\n    }\n}')
2025-01-26 21:43:57,852	[INFO]	
2025-01-26 21:43:57,852	[INFO]	==== DIFF ====

