2025-01-26 21:52:39,163	[DEBUG]	==== CONFIG ====
[magpie]
import = 
seed = 7317927171475485
log_dir = _magpie_logs
work_dir = _magpie_work
local_original_copy = True
local_original_name = __original__
output_encoding = ascii
edit_retries = 10
default_timeout = 30
default_lengthout = 10000.0
diff_method = unified
trust_local_filesystem = True

[magpie.log]
color_output = True
format_info = {counter:<7} {status:<20} {best}{fitness} ({ratio}) [{size}] {cached} {log}
format_debug = patch({counter})="{patch}"{diffifbest}
format_fitness = {:.2f}
format_ratio = {:.2%%}
format_patchif = 
	 --> {patch}
format_diffif = 
	{diff}

[software]
path = dataset/magpie_dataset/train/0223
target_files = 
	source.cpp
software = BasicSoftware
model_rules = 
	*.params : ParamFileConfigModel
	*.xml : SrcmlModel
	* : LineModel
model_config = 
	*.params : [paramconfig]
	*.xml : [srcml]
init_cmd = 
init_timeout = 60
init_lengthout = -1
setup_cmd = bash setup.sh
setup_timeout = 
setup_lengthout = 
compile_cmd = bash compile.sh
compile_timeout = 
compile_lengthout = 
test_cmd = bash test.sh
test_timeout = 
test_lengthout = 
run_cmd = bash run.sh
run_timeout = 3
run_lengthout = 
batch_timeout = 
batch_lengthout = 
batch_bin_fitness_strategy = aggregate
batch_fitness_strategy = sum
fitness = time

[srcml]
rename = 
	stmt: break continue decl_stmt do expr_stmt for goto if return switch while
	number: literal_number
focus = block stmt operator_comp operator_arith number
internodes = block
process_pseudo_blocks = True
process_literals = True
process_operators = True

[paramconfig]
timing = test run
cli_prefix = --
cli_glue = =
cli_boolean = show
cli_boolean_prefix_true = 
cli_boolean_prefix_false = no-
cli_none = hide
silent_prefix = @
silent_suffix = $

[search]
protocol = BasicProtocol
algorithm = GeneticProgrammingLLM
possible_edits = 
	LineLLMMutation
	LineLLMCrossover
	LineDeletion
	LineInsertion
	LineReplacement
llm_prob = 1.0
warmup = 5
warmup_strategy = last
max_steps = 50
max_time = 20000
target_fitness = 
cache_maxsize = 100
cache_keep = 0.2
batch_instances = 
batch_shuffle = True
batch_bin_shuffle = False
batch_sample_size = 1

[search.ls]
delete_prob = 0.5
max_neighbours = 
when_trapped = continue
accept_fail = False
tabu_length = 10

[search.gp]
pop_size = 10
delete_prob = 0.0
offspring_elitism = 0.2
offspring_crossover = 0.4
offspring_mutation = 0.4
uniform_rate = 0.5
batch_reset = True
llm_type = baseline

[search.minify]
do_cleanup = True
do_rebuild = True
do_simplify = True
round_robin_limit = 3


2025-01-26 21:52:39,164	[DEBUG]	
2025-01-26 21:52:39,164	[INFO]	==== SEARCH: GeneticProgrammingLLM ====
2025-01-26 21:52:39,164	[INFO]	~~~~ WARMUP ~~~~
2025-01-26 21:52:40,225	[DEBUG]	EXEC>  SUCCESS 2930146.0625
2025-01-26 21:52:40,226	[INFO]	WARM    SUCCESS               2930146.06 (--) [0 edit(s)]  
2025-01-26 21:52:40,705	[DEBUG]	EXEC>  SUCCESS 3035871.625
2025-01-26 21:52:40,706	[INFO]	WARM    SUCCESS               3035871.62 (--) [0 edit(s)]  
2025-01-26 21:52:41,190	[DEBUG]	EXEC>  SUCCESS 2935752.0625
2025-01-26 21:52:41,191	[INFO]	WARM    SUCCESS               2935752.06 (--) [0 edit(s)]  
2025-01-26 21:52:41,668	[DEBUG]	EXEC>  SUCCESS 3001396.9375
2025-01-26 21:52:41,668	[INFO]	WARM    SUCCESS               3001396.94 (--) [0 edit(s)]  
2025-01-26 21:52:42,151	[DEBUG]	EXEC>  SUCCESS 3000548.75
2025-01-26 21:52:42,152	[INFO]	WARM    SUCCESS               3000548.75 (--) [0 edit(s)]  
2025-01-26 21:52:42,152	[INFO]	REF     SUCCESS               3000548.75 (--) [0 edit(s)]  
2025-01-26 21:52:42,152	[INFO]	
2025-01-26 21:52:42,152	[INFO]	~~~~ START ~~~~
2025-01-26 21:53:14,652	[DEBUG]	EXEC>  SUCCESS 2955758.1875
2025-01-26 21:53:14,653	[INFO]	0-1     SUCCESS              *2955758.19 (98.51%) [1 edit(s)]  
2025-01-26 21:53:14,653	[DEBUG]	patch(0-1)="LineLLMMutation(('source.cpp', 0), '#include<iostream>\n#include<cstdio>\n#define N 100000\nusing namespace std;\n\nint main() {\n    int K, c[N], i, ans = 0;\n\n    while (true) {\n        ans = 0;\n\n        for (i = 0; i < N; i++) {\n            c[i] = 0;\n        }\n\n        cin >> K;\n\n        if (K == 0) break;\n\n        for (i = 0; i < (K * (K - 1)) / 2; i++) {\n            cin >> c[i];\n        }\n\n        for (i = 0; i < (K * (K - 1)) / 2; i++) {\n            ans += c[i];\n        }\n\n        ans = ans / (K - 1);\n        cout << ans << endl;\n    }\n}')"

2025-01-26 21:53:16,135	[DEBUG]	EXEC>  SUCCESS 3049835.8125
2025-01-26 21:53:16,136	[INFO]	0-2     SUCCESS               3049835.81 (101.64%) [1 edit(s)]  
2025-01-26 21:53:16,136	[DEBUG]	patch(0-2)="LineLLMMutation(('source.cpp', 1), '#include<iostream>\n#include<cstdio>\n#define N 100000\nusing namespace std;\n\nint main() {\n    int K, c[N], i, ans = 0;\n\n    while (true) {\n        ans = 0;\n\n        for (i = 0; i < N; i++) {\n            c[i] = 0;\n        }\n\n        scanf("%d", &K);\n        if (K == 0) break;\n\n        for (i = 0; i < (K * (K - 1)) / 2; i++) {\n            scanf("%d", &c[i]);\n        }\n\n        for (i = 0; i < (K * (K - 1)) / 2; i++) {\n            ans += c[i];\n        }\n\n        ans = ans / (K - 1);\n        printf("%d\\n", ans);\n    }\n}')"
2025-01-26 21:53:17,754	[DEBUG]	EXEC>  SUCCESS 2949850.9375
2025-01-26 21:53:17,755	[INFO]	0-3     SUCCESS              *2949850.94 (98.31%) [1 edit(s)]  
2025-01-26 21:53:17,755	[DEBUG]	patch(0-3)="LineLLMMutation(('source.cpp', 2), '#include<iostream>\n#include<cstdio>\n#include<algorithm>\n#define N 100000\nusing namespace std;\n\nint main() {\n    int K, c[N], i, ans = 0;\n\n    while (true) {\n        ans = 0;\n        fill(c, c + N, 0); // Using std::fill for initialization\n\n        cin >> K;\n        if (K == 0) break;\n\n        for (i = 0; i < (K * (K - 1)) / 2; i++) {\n            cin >> c[i];\n        }\n\n        for (i = 0; i < (K * (K - 1)) / 2; i++) {\n            ans += c[i];\n        }\n\n        ans = ans / (K - 1);\n        cout << ans << endl;\n    }\n}')"

2025-01-26 21:53:19,412	[DEBUG]	EXEC>  SUCCESS 4080600.0625
2025-01-26 21:53:19,412	[INFO]	0-4     SUCCESS               4080600.06 (136.00%) [1 edit(s)]  
2025-01-26 21:53:19,413	[DEBUG]	patch(0-4)="LineLLMMutation(('source.cpp', 3), '#include<iostream>\n#include<cstdio>\n#include<algorithm>\n#define N 100000\nusing namespace std;\n\nint main() {\n    int K, c[N], i, ans = 0;\n\n    while (true) {\n        ans = 0;\n        fill(c, c + N, 0);\n\n        scanf("%d", &K);\n        if (K == 0) break;\n\n        int totalNumbers = (K * (K - 1)) / 2;\n        for (i = 0; i < totalNumbers; i++) {\n            scanf("%d", &c[i]);\n            ans += c[i]; // Summing while reading\n        }\n\n        ans = ans / (K - 1);\n        printf("%d\\n", ans);\n    }\n}')"
2025-01-26 21:53:20,916	[DEBUG]	EXEC>  SUCCESS 2424427.75
2025-01-26 21:53:20,916	[INFO]	0-5     SUCCESS              *2424427.75 (80.80%) [1 edit(s)]  
2025-01-26 21:53:20,916	[DEBUG]	patch(0-5)="LineLLMMutation(('source.cpp', 4), '#include<iostream>\n#include<cstdio>\n#include<vector>\nusing namespace std;\n\nint main() {\n    int K, ans = 0;\n\n    while (true) {\n        ans = 0;\n        cin >> K;\n        if (K == 0) break;\n\n        vector<int> c((K * (K - 1)) / 2, 0); // Dynamic allocation\n        for (int i = 0; i < c.size(); i++) {\n            cin >> c[i];\n            ans += c[i];\n        }\n\n        ans = ans / (K - 1);\n        cout << ans << endl;\n    }\n}')"

2025-01-26 21:53:22,424	[DEBUG]	EXEC>  SUCCESS 2385193.5
2025-01-26 21:53:22,424	[INFO]	0-6     SUCCESS              *2385193.50 (79.49%) [1 edit(s)]  
2025-01-26 21:53:22,424	[DEBUG]	patch(0-6)="LineLLMMutation(('source.cpp', 5), '#include<iostream>\n#include<cstdio>\n#include<vector>\nusing namespace std;\n\nint main() {\n    int K, ans = 0;\n\n    while (true) {\n        ans = 0;\n        cin >> K;\n        if (K == 0) break;\n\n        vector<int> c((K * (K - 1)) / 2, 0);\n        for (int i = 0; i < c.size(); i++) {\n            cin >> c[i];\n            ans += c[i];\n        }\n\n        ans /= (K - 1); // More concise division\n        cout << ans << endl;\n    }\n}')"

2025-01-26 21:53:23,933	[DEBUG]	EXEC>  SUCCESS 2439642.1875
2025-01-26 21:53:23,933	[INFO]	0-7     SUCCESS               2439642.19 (81.31%) [1 edit(s)]  
2025-01-26 21:53:23,933	[DEBUG]	patch(0-7)="LineLLMMutation(('source.cpp', 6), '#include<iostream>\n#include<cstdio>\n#include<vector>\nusing namespace std;\n\nint main() {\n    int K, ans = 0;\n\n    while (true) {\n        ans = 0;\n        cin >> K;\n        if (K == 0) break;\n\n        int totalNumbers = (K * (K - 1)) / 2;\n        vector<int> c(totalNumbers, 0);\n        for (int i = 0; i < totalNumbers; i++) {\n            cin >> c[i];\n            ans += c[i];\n        }\n\n        ans /= (K - 1);\n        cout << ans << endl;\n    }\n}')"
2025-01-26 21:53:25,451	[DEBUG]	EXEC>  SUCCESS 2386821.9375
2025-01-26 21:53:25,451	[INFO]	0-8     SUCCESS               2386821.94 (79.55%) [1 edit(s)]  
2025-01-26 21:53:25,451	[DEBUG]	patch(0-8)="LineLLMMutation(('source.cpp', 7), '#include<iostream>\n#include<cstdio>\n#include<vector>\n#include<cstdint>\nusing namespace std;\n\nint main() {\n    int K;\n    int64_t ans = 0; // Use int64_t for larger sums\n\n    while (true) {\n        ans = 0;\n        cin >> K;\n        if (K == 0) break;\n\n        int totalNumbers = (K * (K - 1)) / 2;\n        vector<int> c(totalNumbers, 0);\n        for (int i = 0; i < totalNumbers; i++) {\n            cin >> c[i];\n            ans += c[i];\n        }\n\n        ans /= (K - 1);\n        cout << ans << endl;\n    }\n}')"
2025-01-26 21:53:26,961	[DEBUG]	EXEC>  SUCCESS 2447606.625
2025-01-26 21:53:26,961	[INFO]	0-9     SUCCESS               2447606.62 (81.57%) [1 edit(s)]  
2025-01-26 21:53:26,961	[DEBUG]	patch(0-9)="LineLLMMutation(('source.cpp', 8), '#include<iostream>\n#include<cstdio>\n#include<vector>\n#include<cstdint>\nusing namespace std;\n\nint main() {\n    int K;\n    int64_t ans;\n\n    while (true) {\n        ans = 0;\n        cin >> K;\n        if (K == 0) break;\n\n        int totalNumbers = (K * (K - 1)) / 2;\n        vector<int> c(totalNumbers, 0);\n        for (int i = 0; i < totalNumbers; i++) {\n            cin >> c[i];\n            ans += c[i];\n        }\n\n        ans /= (K - 1);\n        cout << ans << endl;\n    }\n}')"
2025-01-26 21:53:28,469	[DEBUG]	EXEC>  SUCCESS 2477151.1875
2025-01-26 21:53:28,469	[INFO]	0-10    SUCCESS               2477151.19 (82.56%) [1 edit(s)]  
2025-01-26 21:53:28,469	[DEBUG]	patch(0-10)="LineLLMMutation(('source.cpp', 9), '#include<iostream>\n#include<cstdio>\n#include<vector>\n#include<cstdint>\nusing namespace std;\n\nint calculateAverage(int K) {\n    int64_t ans = 0;\n    int totalNumbers = (K * (K - 1)) / 2;\n    vector<int> c(totalNumbers, 0);\n    for (int i = 0; i < totalNumbers; i++) {\n        cin >> c[i];\n        ans += c[i];\n    }\n    return ans / (K - 1);\n}\n\nint main() {\n    int K;\n\n    while (true) {\n        cin >> K;\n        if (K == 0) break;\n        cout << calculateAverage(K) << endl;\n    }\n}')"
2025-01-26 21:53:29,470	[INFO]	Step: 10
2025-01-26 21:53:29,470	[INFO]	Stop Steps: 50
2025-01-26 21:53:31,176	[DEBUG]	EXEC>  SUCCESS 4106379.875
2025-01-26 21:53:31,176	[INFO]	REF     SUCCESS               4106379.88 (--) [0 edit(s)]  
2025-01-26 21:53:31,176	[INFO]	Best patch: 5
2025-01-26 21:53:31,780	[DEBUG]	EXEC>  SUCCESS 2460778.8125
2025-01-26 21:53:31,780	[INFO]	BEST    SUCCESS              *2460778.81 (59.93%) [0 edit(s)]  
2025-01-26 21:53:31,780	[INFO]	Best patch step: 5
2025-01-26 21:54:04,578	[INFO]	Step: 10
2025-01-26 21:54:04,578	[INFO]	Stop Steps: 50
2025-01-26 21:54:05,207	[DEBUG]	EXEC>  SUCCESS 2390849.625
2025-01-26 21:54:05,207	[INFO]	1-1     SUCCESS              *2390849.62 (58.22%) [1 edit(s)]  
2025-01-26 21:54:05,207	[DEBUG]	patch(1-1)="LineLLMMutation(('source.cpp', 5), '#include<iostream>\n#include<cstdio>\n#include<vector>\nusing namespace std;\n\nint main() {\n    int K, ans = 0;\n\n    while (true) {\n        ans = 0;\n        cin >> K;\n        if (K == 0) break;\n\n        vector<int> c((K * (K - 1)) / 2, 0);\n        for (int i = 0; i < c.size(); i++) {\n            cin >> c[i];\n            ans += c[i];\n        }\n\n        ans /= (K - 1); // More concise division\n        cout << ans << endl;\n    }\n}')"

2025-01-26 21:54:05,208	[INFO]	Step: 11
2025-01-26 21:54:05,208	[INFO]	Stop Steps: 50
2025-01-26 21:54:05,701	[DEBUG]	EXEC>  SUCCESS 2354548.9375
2025-01-26 21:54:05,702	[INFO]	1-2     SUCCESS              *2354548.94 (57.34%) [1 edit(s)]  
2025-01-26 21:54:05,702	[DEBUG]	patch(1-2)="LineLLMMutation(('source.cpp', 7), '#include<iostream>\n#include<cstdio>\n#include<vector>\n#include<cstdint>\nusing namespace std;\n\nint main() {\n    int K;\n    int64_t ans = 0; // Use int64_t for larger sums\n\n    while (true) {\n        ans = 0;\n        cin >> K;\n        if (K == 0) break;\n\n        int totalNumbers = (K * (K - 1)) / 2;\n        vector<int> c(totalNumbers, 0);\n        for (int i = 0; i < totalNumbers; i++) {\n            cin >> c[i];\n            ans += c[i];\n        }\n\n        ans /= (K - 1);\n        cout << ans << endl;\n    }\n}')"

2025-01-26 21:54:05,702	[INFO]	Step: 12
2025-01-26 21:54:05,702	[INFO]	Stop Steps: 50
2025-01-26 21:54:06,202	[DEBUG]	EXEC>  SUCCESS 2442361.3125
2025-01-26 21:54:06,202	[INFO]	1-3     SUCCESS               2442361.31 (59.48%) [1 edit(s)]  
2025-01-26 21:54:06,202	[DEBUG]	patch(1-3)="LineLLMCrossover(('source.cpp', 0), '#include<iostream>\n#include<cstdio>\n#include<vector>\n#include<cstdint>\nusing namespace std;\n\nint main() {\n    int K;\n    int64_t ans = 0; // Use int64_t for larger sums\n\n    while (true) {\n        ans = 0;\n        cin >> K;\n        if (K == 0) break;\n\n        int totalNumbers = (K * (K - 1)) / 2; // Dynamic allocation\n        vector<int> c(totalNumbers, 0);\n        for (int i = 0; i < totalNumbers; i++) {\n            cin >> c[i];\n            ans += c[i];\n        }\n\n        ans /= (K - 1); // More concise division\n        cout << ans << endl;\n    }\n}')"
2025-01-26 21:54:06,202	[INFO]	Step: 13
2025-01-26 21:54:06,202	[INFO]	Stop Steps: 50
2025-01-26 21:54:06,696	[DEBUG]	EXEC>  SUCCESS 2442446.3125
2025-01-26 21:54:06,696	[INFO]	1-4     SUCCESS               2442446.31 (59.48%) [1 edit(s)]  
2025-01-26 21:54:06,696	[DEBUG]	patch(1-4)="LineLLMCrossover(('source.cpp', 1), '#include<iostream>\n#include<cstdio>\n#include<vector>\n#include<cstdint>\nusing namespace std;\n\nint main() {\n    int K;\n    int64_t ans = 0;\n\n    while (true) {\n        ans = 0;\n        cin >> K;\n        if (K == 0) break;\n\n        vector<int> c((K * (K - 1)) / 2, 0); // Dynamic allocation\n        for (int i = 0; i < c.size(); i++) {\n            cin >> c[i];\n            ans += c[i];\n        }\n\n        ans /= (K - 1); // More concise division\n        cout << ans << endl;\n    }\n}')"
2025-01-26 21:54:06,696	[INFO]	Step: 14
2025-01-26 21:54:06,696	[INFO]	Stop Steps: 50
2025-01-26 21:54:07,197	[DEBUG]	EXEC>  SUCCESS 2417804.3125
2025-01-26 21:54:07,197	[INFO]	1-5     SUCCESS               2417804.31 (58.88%) [1 edit(s)]  
2025-01-26 21:54:07,197	[DEBUG]	patch(1-5)="LineLLMCrossover(('source.cpp', 2), '#include<iostream>\n#include<cstdio>\n#include<vector>\nusing namespace std;\n\nint main() {\n    int K, ans = 0;\n\n    while (true) {\n        ans = 0;\n        cin >> K;\n        if (K == 0) break;\n\n        vector<int> c((K * (K - 1)) / 2, 0); // Utilize dynamic allocation\n        for (int i = 0; i < c.size(); i++) {\n            cin >> c[i];\n            ans += c[i];\n        }\n\n        ans /= (K - 1); // More concise division\n        cout << ans << endl;\n    }\n}')"
2025-01-26 21:54:07,197	[INFO]	Step: 15
2025-01-26 21:54:07,197	[INFO]	Stop Steps: 50
2025-01-26 21:54:07,694	[DEBUG]	EXEC>  SUCCESS 2388446.75
2025-01-26 21:54:07,694	[INFO]	1-6     SUCCESS               2388446.75 (58.16%) [1 edit(s)]  
2025-01-26 21:54:07,694	[DEBUG]	patch(1-6)="LineLLMCrossover(('source.cpp', 3), '#include<iostream>\n#include<cstdio>\n#include<vector>\n#include<cstdint>\nusing namespace std;\n\nint main() {\n    int K;\n    int64_t ans = 0; // Use int64_t for larger sums\n\n    while (true) {\n        ans = 0;\n        cin >> K;\n        if (K == 0) break;\n\n        int totalNumbers = (K * (K - 1)) / 2; // Dynamic allocation\n        vector<int> c(totalNumbers, 0);\n        for (int i = 0; i < totalNumbers; i++) {\n            cin >> c[i];\n            ans += c[i];\n        }\n\n        ans /= (K - 1); // Maintain division logic\n        cout << ans << endl;\n    }\n}')"
2025-01-26 21:54:07,695	[INFO]	Step: 16
2025-01-26 21:54:07,695	[INFO]	Stop Steps: 50
2025-01-26 21:54:08,030	[INFO]	1-7     TEST_CODE_ERROR       None (--) [2 edit(s)]  
2025-01-26 21:54:08,030	[DEBUG]	patch(1-7)="LineLLMMutation(('source.cpp', 5), '#include<iostream>\n#include<cstdio>\n#include<vector>\nusing namespace std;\n\nint main() {\n    int K, ans = 0;\n\n    while (true) {\n        ans = 0;\n        cin >> K;\n        if (K == 0) break;\n\n        vector<int> c((K * (K - 1)) / 2, 0);\n        for (int i = 0; i < c.size(); i++) {\n            cin >> c[i];\n            ans += c[i];\n        }\n\n        ans /= (K - 1); // More concise division\n        cout << ans << endl;\n    }\n}') | LineLLMMutation(('source.cpp', 10), '#include<iostream>\n#include<cstdio>\n#include<vector>\nusing namespace std;\n\nint main() {\n    int K, ans = 0;\n\n    while (true) {\n        cin >> K;\n        if (K == 0) break;\n\n        vector<int> c(K * (K - 1) / 2); // Initialize vector with size directly\n        for (int &value : c) { // Use reference for more efficiency\n            cin >> value;\n            ans += value;\n        }\n\n        ans /= (K - 1); // More concise division\n        cout << ans << endl;\n    }\n}')"
2025-01-26 21:54:08,030	[INFO]	Step: 17
2025-01-26 21:54:08,030	[INFO]	Stop Steps: 50
2025-01-26 21:54:08,427	[DEBUG]	EXEC>  SUCCESS 2413672.3125
2025-01-26 21:54:08,427	[INFO]	1-8     SUCCESS               2413672.31 (58.78%) [2 edit(s)]  
2025-01-26 21:54:08,427	[DEBUG]	patch(1-8)="LineLLMMutation(('source.cpp', 7), '#include<iostream>\n#include<cstdio>\n#include<vector>\n#include<cstdint>\nusing namespace std;\n\nint main() {\n    int K;\n    int64_t ans = 0; // Use int64_t for larger sums\n\n    while (true) {\n        ans = 0;\n        cin >> K;\n        if (K == 0) break;\n\n        int totalNumbers = (K * (K - 1)) / 2;\n        vector<int> c(totalNumbers, 0);\n        for (int i = 0; i < totalNumbers; i++) {\n            cin >> c[i];\n            ans += c[i];\n        }\n\n        ans /= (K - 1);\n        cout << ans << endl;\n    }\n}') | LineLLMMutation(('source.cpp', 11), '#include <cstdio>\n#include <vector>\n#include <cstdint>\nusing namespace std;\n\nint main() {\n    int K;\n    int64_t ans = 0; // Use int64_t for larger sums\n\n    while (true) {\n        ans = 0;\n        scanf("%d", &K);\n        if (K == 0) break;\n\n        int totalNumbers = (K * (K - 1)) / 2;\n        vector<int> c(totalNumbers);\n        for (int i = 0; i < totalNumbers; i++) {\n            scanf("%d", &c[i]); // Use scanf for faster input\n            ans += c[i];\n        }\n\n        ans /= (K - 1);\n        printf("%lld\\n", ans); // Use printf for faster output\n    }\n}')"
2025-01-26 21:54:08,427	[INFO]	Step: 18
2025-01-26 21:54:08,427	[INFO]	Stop Steps: 50
2025-01-26 21:54:08,903	[DEBUG]	EXEC>  SUCCESS 2502512.375
2025-01-26 21:54:08,903	[INFO]	1-9     SUCCESS               2502512.38 (60.94%) [2 edit(s)]  
2025-01-26 21:54:08,903	[DEBUG]	patch(1-9)="LineLLMMutation(('source.cpp', 4), '#include<iostream>\n#include<cstdio>\n#include<vector>\nusing namespace std;\n\nint main() {\n    int K, ans = 0;\n\n    while (true) {\n        ans = 0;\n        cin >> K;\n        if (K == 0) break;\n\n        vector<int> c((K * (K - 1)) / 2, 0); // Dynamic allocation\n        for (int i = 0; i < c.size(); i++) {\n            cin >> c[i];\n            ans += c[i];\n        }\n\n        ans = ans / (K - 1);\n        cout << ans << endl;\n    }\n}') | LineLLMMutation(('source.cpp', 12), '#include<iostream>\n#include<cstdio>\nusing namespace std;\n\nint main() {\n    int K, ans = 0;\n\n    while (true) {\n        ans = 0;\n        cin >> K;\n        if (K == 0) break;\n\n        int c[4950] = {0}; // Fixed size array for maximum K (K * (K - 1) / 2 for K = 100)\n        for (int i = 0; i < (K * (K - 1)) / 2; i++) {\n            cin >> c[i];\n            ans += c[i];\n        }\n\n        ans = ans / (K - 1);\n        cout << ans << endl;\n    }\n}')"
2025-01-26 21:54:08,903	[INFO]	Step: 19
2025-01-26 21:54:08,903	[INFO]	Stop Steps: 50
2025-01-26 21:54:09,375	[DEBUG]	EXEC>  SUCCESS 2368123.5
2025-01-26 21:54:09,375	[INFO]	1-10    SUCCESS               2368123.50 (57.67%) [2 edit(s)]  
2025-01-26 21:54:09,375	[DEBUG]	patch(1-10)="LineLLMMutation(('source.cpp', 6), '#include<iostream>\n#include<cstdio>\n#include<vector>\nusing namespace std;\n\nint main() {\n    int K, ans = 0;\n\n    while (true) {\n        ans = 0;\n        cin >> K;\n        if (K == 0) break;\n\n        int totalNumbers = (K * (K - 1)) / 2;\n        vector<int> c(totalNumbers, 0);\n        for (int i = 0; i < totalNumbers; i++) {\n            cin >> c[i];\n            ans += c[i];\n        }\n\n        ans /= (K - 1);\n        cout << ans << endl;\n    }\n}') | LineLLMMutation(('source.cpp', 13), '#include<iostream>\n#include<cstdio>\nusing namespace std;\n\nint main() {\n    int K, ans = 0;\n\n    while (true) {\n        ans = 0;\n        cin >> K;\n        if (K == 0) break;\n\n        int totalNumbers = (K * (K - 1)) / 2;\n        for (int i = 0; i < totalNumbers; i++) {\n            int num;\n            cin >> num;\n            ans += num;\n        }\n\n        ans /= (K - 1);\n        cout << ans << endl;\n    }\n}')"
2025-01-26 21:54:09,375	[INFO]	Step: 20
2025-01-26 21:54:09,375	[INFO]	Stop Steps: 50
2025-01-26 21:54:09,851	[DEBUG]	EXEC>  SUCCESS 2971017.4375
2025-01-26 21:54:09,851	[INFO]	1-1     SUCCESS               2971017.44 (72.35%) [1 edit(s)]  
2025-01-26 21:54:09,852	[DEBUG]	patch(1-1)="LineLLMMutation(('source.cpp', 14), '#include<iostream>\n#include<cstdio>\n#define N 100000\n\nusing namespace std;\n\nint main(){\n  int K,c[N],i,ans=0;\n\n  while(1){\n    ans=0;\n    for(i=0;i<N;i++){\n      c[i]=0;\n    }\n\n    cin >> K;\n    if(K==0)break;\n\n    for(i=0;i<(K*(K-1))/2;i++){\n      cin >> c[i];\n    }\n\n    for(i=0;i<=(K*(K-1))/2;i++){\n      ans+=c[i];\n    }\n\n    ans=ans/(K-1);\n    cout << ans << endl;\n  }\n}')"
2025-01-26 21:54:09,852	[INFO]	Step: 21
2025-01-26 21:54:09,852	[INFO]	Stop Steps: 50
2025-01-26 21:54:11,344	[DEBUG]	EXEC>  SUCCESS 3005719.375
2025-01-26 21:54:11,345	[INFO]	REF     SUCCESS               3005719.38 (--) [0 edit(s)]  
2025-01-26 21:54:11,345	[INFO]	Best patch: 7
2025-01-26 21:54:11,840	[DEBUG]	EXEC>  SUCCESS 2374184.75
2025-01-26 21:54:11,840	[INFO]	BEST    SUCCESS              *2374184.75 (78.99%) [0 edit(s)]  
2025-01-26 21:54:11,840	[INFO]	Best patch step: 11
2025-01-26 21:54:40,951	[INFO]	Step: 21
2025-01-26 21:54:40,951	[INFO]	Stop Steps: 50
2025-01-26 21:54:41,573	[DEBUG]	EXEC>  SUCCESS 2408188.3125
2025-01-26 21:54:41,573	[INFO]	2-2     SUCCESS              +2408188.31 (80.12%) [1 edit(s)]  
2025-01-26 21:54:41,573	[DEBUG]	patch(2-2)="LineLLMMutation(('source.cpp', 7), '#include<iostream>\n#include<cstdio>\n#include<vector>\n#include<cstdint>\nusing namespace std;\n\nint main() {\n    int K;\n    int64_t ans = 0; // Use int64_t for larger sums\n\n    while (true) {\n        ans = 0;\n        cin >> K;\n        if (K == 0) break;\n\n        int totalNumbers = (K * (K - 1)) / 2;\n        vector<int> c(totalNumbers, 0);\n        for (int i = 0; i < totalNumbers; i++) {\n            cin >> c[i];\n            ans += c[i];\n        }\n\n        ans /= (K - 1);\n        cout << ans << endl;\n    }\n}')"
2025-01-26 21:54:41,574	[INFO]	Step: 22
2025-01-26 21:54:41,574	[INFO]	Stop Steps: 50
2025-01-26 21:54:42,048	[DEBUG]	EXEC>  SUCCESS 2399577.4375
2025-01-26 21:54:42,048	[INFO]	2-3     SUCCESS              +2399577.44 (79.83%) [2 edit(s)]  
2025-01-26 21:54:42,048	[DEBUG]	patch(2-3)="LineLLMMutation(('source.cpp', 6), '#include<iostream>\n#include<cstdio>\n#include<vector>\nusing namespace std;\n\nint main() {\n    int K, ans = 0;\n\n    while (true) {\n        ans = 0;\n        cin >> K;\n        if (K == 0) break;\n\n        int totalNumbers = (K * (K - 1)) / 2;\n        vector<int> c(totalNumbers, 0);\n        for (int i = 0; i < totalNumbers; i++) {\n            cin >> c[i];\n            ans += c[i];\n        }\n\n        ans /= (K - 1);\n        cout << ans << endl;\n    }\n}') | LineLLMMutation(('source.cpp', 13), '#include<iostream>\n#include<cstdio>\nusing namespace std;\n\nint main() {\n    int K, ans = 0;\n\n    while (true) {\n        ans = 0;\n        cin >> K;\n        if (K == 0) break;\n\n        int totalNumbers = (K * (K - 1)) / 2;\n        for (int i = 0; i < totalNumbers; i++) {\n            int num;\n            cin >> num;\n            ans += num;\n        }\n\n        ans /= (K - 1);\n        cout << ans << endl;\n    }\n}')"
2025-01-26 21:54:42,048	[INFO]	Step: 23
2025-01-26 21:54:42,048	[INFO]	Stop Steps: 50
2025-01-26 21:54:42,557	[DEBUG]	EXEC>  SUCCESS 2453050.75
2025-01-26 21:54:42,557	[INFO]	2-4     SUCCESS               2453050.75 (81.61%) [1 edit(s)]  
2025-01-26 21:54:42,557	[DEBUG]	patch(2-4)="LineLLMCrossover(('source.cpp', 4), '#include<iostream>\n#include<cstdio>\n#include<vector>\nusing namespace std;\n\nint main() {\n    int K;\n    int64_t ans = 0; // Use int64_t for larger sums\n\n    while (true) {\n        ans = 0;\n        cin >> K;\n        if (K == 0) break;\n\n        vector<int> c((K * (K - 1)) / 2); // Using dynamic allocation from Parent 1\n        for (int i = 0; i < c.size(); i++) { // Simplified loop from Parent 2\n            cin >> c[i];\n            ans += c[i];\n        }\n\n        ans /= (K - 1);\n        cout << ans << endl;\n    }\n}')"
2025-01-26 21:54:42,557	[INFO]	Step: 24
2025-01-26 21:54:42,557	[INFO]	Stop Steps: 50
2025-01-26 21:54:43,057	[DEBUG]	EXEC>  SUCCESS 2409006.9375
2025-01-26 21:54:43,057	[INFO]	2-5     SUCCESS               2409006.94 (80.15%) [1 edit(s)]  
2025-01-26 21:54:43,057	[DEBUG]	patch(2-5)="LineLLMCrossover(('source.cpp', 5), '#include<iostream>\n#include<cstdio>\n#include<vector>\nusing namespace std;\n\nint main() {\n    int K;\n    int64_t ans = 0; // Use int64_t for larger sums\n\n    while (true) {\n        ans = 0;\n        cin >> K;\n        if (K == 0) break;\n\n        vector<int> c((K * (K - 1)) / 2); // Dynamic allocation\n        for (int i = 0; i < c.size(); i++) { // Concise loop from Parent 4\n            cin >> c[i];\n            ans += c[i];\n        }\n\n        ans /= (K - 1);\n        cout << ans << endl;\n    }\n}')"
2025-01-26 21:54:43,057	[INFO]	Step: 25
2025-01-26 21:54:43,057	[INFO]	Stop Steps: 50
2025-01-26 21:54:43,566	[DEBUG]	EXEC>  SUCCESS 2422187.1875
2025-01-26 21:54:43,567	[INFO]	2-6     SUCCESS               2422187.19 (80.59%) [1 edit(s)]  
2025-01-26 21:54:43,567	[DEBUG]	patch(2-6)="LineLLMCrossover(('source.cpp', 6), '#include<iostream>\n#include<cstdio>\n#include<vector>\nusing namespace std;\n\nint main() {\n    int K;\n    int64_t ans = 0; // Use int64_t for larger sums\n\n    while (true) {\n        ans = 0;\n        cin >> K;\n        if (K == 0) break;\n\n        vector<int> c((K * (K - 1)) / 2); // Use dynamic allocation\n        for (int i = 0; i < c.size(); i++) { // Input handling from Parent 2\n            int num;\n            cin >> num;\n            c[i] = num; // Store directly into vector\n            ans += c[i];\n        }\n\n        ans /= (K - 1);\n        cout << ans << endl;\n    }\n}')"
2025-01-26 21:54:43,567	[INFO]	Step: 26
2025-01-26 21:54:43,567	[INFO]	Stop Steps: 50
2025-01-26 21:54:44,066	[DEBUG]	EXEC>  SUCCESS 2465343.125
2025-01-26 21:54:44,066	[INFO]	2-7     SUCCESS               2465343.12 (82.02%) [1 edit(s)]  
2025-01-26 21:54:44,067	[DEBUG]	patch(2-7)="LineLLMCrossover(('source.cpp', 7), '#include<iostream>\n#include<cstdio>\n#include<vector>\nusing namespace std;\n\nint main() {\n    int K;\n    int64_t ans = 0; // Use int64_t for larger sums\n\n    while (true) {\n        ans = 0;\n        cin >> K;\n        if (K == 0) break;\n\n        vector<int> c((K * (K - 1)) / 2, 0); // Efficient vector initialization from Parent 4\n        for (int i = 0; i < c.size(); i++) { // Input handling from Parent 2\n            cin >> c[i];\n            ans += c[i];\n        }\n\n        ans /= (K - 1);\n        cout << ans << endl;\n    }\n}')"
2025-01-26 21:54:44,067	[INFO]	Step: 27
2025-01-26 21:54:44,067	[INFO]	Stop Steps: 50
2025-01-26 21:54:44,454	[DEBUG]	EXEC>  SUCCESS 2418339.375
2025-01-26 21:54:44,454	[INFO]	2-8     SUCCESS               2418339.38 (80.46%) [2 edit(s)]  
2025-01-26 21:54:44,454	[DEBUG]	patch(2-8)="LineLLMMutation(('source.cpp', 7), '#include<iostream>\n#include<cstdio>\n#include<vector>\n#include<cstdint>\nusing namespace std;\n\nint main() {\n    int K;\n    int64_t ans = 0; // Use int64_t for larger sums\n\n    while (true) {\n        ans = 0;\n        cin >> K;\n        if (K == 0) break;\n\n        int totalNumbers = (K * (K - 1)) / 2;\n        vector<int> c(totalNumbers, 0);\n        for (int i = 0; i < totalNumbers; i++) {\n            cin >> c[i];\n            ans += c[i];\n        }\n\n        ans /= (K - 1);\n        cout << ans << endl;\n    }\n}') | LineLLMMutation(('source.cpp', 15), '#include <cstdio>\n#include <vector>\n#include <cstdint>\nusing namespace std;\n\nint main() {\n    int K;\n    int64_t ans = 0; // Use int64_t for larger sums\n\n    while (true) {\n        ans = 0;\n        scanf("%d", &K);\n        if (K == 0) break;\n\n        int totalNumbers = (K * (K - 1)) / 2;\n        vector<int> c(totalNumbers);\n        for (int i = 0; i < totalNumbers; i++) {\n            scanf("%d", &c[i]);\n            ans += c[i];\n        }\n\n        // Calculate average in a single step\n        ans /= (K - 1);\n        printf("%lld\\n", ans);\n    }\n}')"
2025-01-26 21:54:44,454	[INFO]	Step: 28
2025-01-26 21:54:44,454	[INFO]	Stop Steps: 50
2025-01-26 21:54:44,763	[INFO]	2-9     TEST_CODE_ERROR       None (--) [3 edit(s)]  
2025-01-26 21:54:44,763	[DEBUG]	patch(2-9)="LineLLMMutation(('source.cpp', 6), '#include<iostream>\n#include<cstdio>\n#include<vector>\nusing namespace std;\n\nint main() {\n    int K, ans = 0;\n\n    while (true) {\n        ans = 0;\n        cin >> K;\n        if (K == 0) break;\n\n        int totalNumbers = (K * (K - 1)) / 2;\n        vector<int> c(totalNumbers, 0);\n        for (int i = 0; i < totalNumbers; i++) {\n            cin >> c[i];\n            ans += c[i];\n        }\n\n        ans /= (K - 1);\n        cout << ans << endl;\n    }\n}') | LineLLMMutation(('source.cpp', 13), '#include<iostream>\n#include<cstdio>\nusing namespace std;\n\nint main() {\n    int K, ans = 0;\n\n    while (true) {\n        ans = 0;\n        cin >> K;\n        if (K == 0) break;\n\n        int totalNumbers = (K * (K - 1)) / 2;\n        for (int i = 0; i < totalNumbers; i++) {\n            int num;\n            cin >> num;\n            ans += num;\n        }\n\n        ans /= (K - 1);\n        cout << ans << endl;\n    }\n}') | LineLLMMutation(('source.cpp', 16), '#include <iostream>\n#include <cstdio>\nusing namespace std;\n\nint main() {\n    int K, ans;\n\n    while (cin >> K && K != 0) {\n        ans = 0;\n        int num;\n        for (int i = 0; i < K - 1; i++) {\n            cin >> num;\n            ans += num;\n        }\n        ans /= (K - 1);\n        cout << ans << endl;\n    }\n}')"
2025-01-26 21:54:44,764	[INFO]	Step: 29
2025-01-26 21:54:44,764	[INFO]	Stop Steps: 50
2025-01-26 21:54:45,260	[DEBUG]	EXEC>  SUCCESS 5316682.25
2025-01-26 21:54:45,260	[INFO]	2-10    SUCCESS               5316682.25 (176.89%) [2 edit(s)]  
2025-01-26 21:54:45,260	[DEBUG]	patch(2-10)="LineLLMCrossover(('source.cpp', 3), '#include<iostream>\n#include<cstdio>\n#include<vector>\n#include<cstdint>\nusing namespace std;\n\nint main() {\n    int K;\n    int64_t ans = 0; // Use int64_t for larger sums\n\n    while (true) {\n        ans = 0;\n        cin >> K;\n        if (K == 0) break;\n\n        int totalNumbers = (K * (K - 1)) / 2; // Dynamic allocation\n        vector<int> c(totalNumbers, 0);\n        for (int i = 0; i < totalNumbers; i++) {\n            cin >> c[i];\n            ans += c[i];\n        }\n\n        ans /= (K - 1); // Maintain division logic\n        cout << ans << endl;\n    }\n}') | LineLLMMutation(('source.cpp', 17), '#include<iostream>\n#include<cstdio>\n#include<cstdint>\nusing namespace std;\n\nconst int MAX_K = 1000; // Assuming a reasonable upper bound for K\nint main() {\n    int K;\n    int64_t ans = 0; // Use int64_t for larger sums\n\n    while (true) {\n        ans = 0;\n        cin >> K;\n        if (K == 0) break;\n\n        int totalNumbers = (K * (K - 1)) / 2; // Total numbers to read\n        int c[MAX_K * (MAX_K - 1) / 2] = {0}; // Static allocation with a fixed size\n        for (int i = 0; i < totalNumbers; i++) {\n            cin >> c[i];\n            ans += c[i];\n        }\n\n        ans /= (K - 1); // Maintain division logic\n        cout << ans << endl;\n    }\n}')"
2025-01-26 21:54:45,260	[INFO]	Step: 30
2025-01-26 21:54:45,260	[INFO]	Stop Steps: 50
2025-01-26 21:54:45,610	[INFO]	2-1     TEST_CODE_ERROR       None (--) [2 edit(s)]  
2025-01-26 21:54:45,610	[DEBUG]	patch(2-1)="LineLLMMutation(('source.cpp', 5), '#include<iostream>\n#include<cstdio>\n#include<vector>\nusing namespace std;\n\nint main() {\n    int K, ans = 0;\n\n    while (true) {\n        ans = 0;\n        cin >> K;\n        if (K == 0) break;\n\n        vector<int> c((K * (K - 1)) / 2, 0);\n        for (int i = 0; i < c.size(); i++) {\n            cin >> c[i];\n            ans += c[i];\n        }\n\n        ans /= (K - 1); // More concise division\n        cout << ans << endl;\n    }\n}') | LineLLMMutation(('source.cpp', 18), '#include <iostream>\n#include <cstdio>\n#include <vector>\nusing namespace std;\n\nint main() {\n    int K, ans = 0;\n\n    while (true) {\n        cin >> K;\n        if (K == 0) break;\n\n        vector<int> c(K * (K - 1) / 2);\n        for (int& val : c) { // Use reference to minimize unnecessary copying\n            cin >> val;\n            ans += val; // Accumulate while reading input\n        }\n\n        ans /= (K - 1); // More concise division\n        cout << ans << endl;\n    }\n}')"
2025-01-26 21:54:45,610	[INFO]	Step: 31
2025-01-26 21:54:45,610	[INFO]	Stop Steps: 50
2025-01-26 21:54:46,092	[DEBUG]	EXEC>  SUCCESS 3008287.625
2025-01-26 21:54:46,092	[INFO]	2-2     SUCCESS               3008287.62 (100.09%) [1 edit(s)]  
2025-01-26 21:54:46,092	[DEBUG]	patch(2-2)="LineLLMMutation(('source.cpp', 19), '#include<iostream>\n\n#include<cstdio>\n\n#define N 100000\n\nusing namespace std;\n\nint main(){\n  int K,c[N],i,ans=0;\n\n  while(1){\n    ans=0;\n    for(i=0;i<N;i++){\n      c[i]=0;\n    }\n\n    cin >> K;\n\n    if(K==0)break;\n\n    for(i=0;i<(K*(K-1))/2;i++){\n      cin >> c[i];\n    }\n\n    for(i=0;i<=(K*(K-1))/2;i++){\n      ans+=c[i];\n    }\n\n    ans=ans/(K-1);\n    cout << ans << endl;\n  }\n}')"
2025-01-26 21:54:46,092	[INFO]	Step: 32
2025-01-26 21:54:46,092	[INFO]	Stop Steps: 50
2025-01-26 21:54:47,579	[DEBUG]	EXEC>  SUCCESS 3009883.8125
2025-01-26 21:54:47,579	[INFO]	REF     SUCCESS               3009883.81 (--) [0 edit(s)]  
2025-01-26 21:54:47,579	[INFO]	Best patch: 7
2025-01-26 21:54:48,076	[DEBUG]	EXEC>  SUCCESS 2367138.5625
2025-01-26 21:54:48,077	[INFO]	BEST    SUCCESS              *2367138.56 (78.65%) [0 edit(s)]  
2025-01-26 21:54:48,077	[INFO]	Best patch step: 11
2025-01-26 21:55:17,398	[INFO]	Step: 32
2025-01-26 21:55:17,399	[INFO]	Stop Steps: 50
2025-01-26 21:55:17,989	[DEBUG]	EXEC>  SUCCESS 2364303.5625
2025-01-26 21:55:17,990	[INFO]	3-3     SUCCESS              *2364303.56 (78.55%) [2 edit(s)]  
2025-01-26 21:55:17,990	[DEBUG]	patch(3-3)="LineLLMMutation(('source.cpp', 6), '#include<iostream>\n#include<cstdio>\n#include<vector>\nusing namespace std;\n\nint main() {\n    int K, ans = 0;\n\n    while (true) {\n        ans = 0;\n        cin >> K;\n        if (K == 0) break;\n\n        int totalNumbers = (K * (K - 1)) / 2;\n        vector<int> c(totalNumbers, 0);\n        for (int i = 0; i < totalNumbers; i++) {\n            cin >> c[i];\n            ans += c[i];\n        }\n\n        ans /= (K - 1);\n        cout << ans << endl;\n    }\n}') | LineLLMMutation(('source.cpp', 13), '#include<iostream>\n#include<cstdio>\nusing namespace std;\n\nint main() {\n    int K, ans = 0;\n\n    while (true) {\n        ans = 0;\n        cin >> K;\n        if (K == 0) break;\n\n        int totalNumbers = (K * (K - 1)) / 2;\n        for (int i = 0; i < totalNumbers; i++) {\n            int num;\n            cin >> num;\n            ans += num;\n        }\n\n        ans /= (K - 1);\n        cout << ans << endl;\n    }\n}')"

2025-01-26 21:55:17,990	[INFO]	Step: 33
2025-01-26 21:55:17,990	[INFO]	Stop Steps: 50
2025-01-26 21:55:18,488	[DEBUG]	EXEC>  SUCCESS 2385521.0
2025-01-26 21:55:18,489	[INFO]	3-4     SUCCESS               2385521.00 (79.26%) [1 edit(s)]  
2025-01-26 21:55:18,489	[DEBUG]	patch(3-4)="LineLLMMutation(('source.cpp', 7), '#include<iostream>\n#include<cstdio>\n#include<vector>\n#include<cstdint>\nusing namespace std;\n\nint main() {\n    int K;\n    int64_t ans = 0; // Use int64_t for larger sums\n\n    while (true) {\n        ans = 0;\n        cin >> K;\n        if (K == 0) break;\n\n        int totalNumbers = (K * (K - 1)) / 2;\n        vector<int> c(totalNumbers, 0);\n        for (int i = 0; i < totalNumbers; i++) {\n            cin >> c[i];\n            ans += c[i];\n        }\n\n        ans /= (K - 1);\n        cout << ans << endl;\n    }\n}')"
2025-01-26 21:55:18,489	[INFO]	Step: 34
2025-01-26 21:55:18,489	[INFO]	Stop Steps: 50
2025-01-26 21:55:18,882	[DEBUG]	EXEC>  SUCCESS 2408866.4375
2025-01-26 21:55:18,882	[INFO]	3-5     SUCCESS               2408866.44 (80.03%) [1 edit(s)]  
2025-01-26 21:55:18,882	[DEBUG]	patch(3-5)="LineLLMCrossover(('source.cpp', 8), '#include <cstdio>\n#include <vector>\n#include <cstdint>\nusing namespace std;\n\nint main() {\n    int K;\n    int64_t ans = 0; // Use int64_t for larger sums\n\n    while (true) {\n        ans = 0;\n        scanf("%d", &K);\n        if (K == 0) break;\n\n        vector<int> c((K * (K - 1)) / 2); // Dynamic allocation\n        for (int i = 0; i < c.size(); i++) {\n            scanf("%d", &c[i]);\n            ans += c[i];\n        }\n\n        ans /= (K - 1);\n        printf("%lld\\n", ans);\n    }\n}')"
2025-01-26 21:55:18,882	[INFO]	Step: 35
2025-01-26 21:55:18,882	[INFO]	Stop Steps: 50
2025-01-26 21:55:19,268	[DEBUG]	EXEC>  SUCCESS 2399962.0625
2025-01-26 21:55:19,268	[INFO]	3-6     SUCCESS               2399962.06 (79.74%) [1 edit(s)]  
2025-01-26 21:55:19,268	[DEBUG]	patch(3-6)="LineLLMCrossover(('source.cpp', 9), '#include <cstdio>\n#include <vector>\n#include <cstdint>\nusing namespace std;\n\nint main() {\n    int K;\n    int64_t ans = 0; // Use int64_t for larger sums\n\n    while (true) {\n        ans = 0;\n        scanf("%d", &K);\n        if (K == 0) break;\n\n        int totalNumbers = (K * (K - 1)) / 2;\n        vector<int> c(totalNumbers);\n        for (int i = 0; i < totalNumbers; i++) {\n            scanf("%d", &c[i]);\n            ans += c[i];\n        }\n\n        ans /= (K - 1);\n        printf("%lld\\n", ans);\n    }\n}')"
2025-01-26 21:55:19,268	[INFO]	Step: 36
2025-01-26 21:55:19,268	[INFO]	Stop Steps: 50
2025-01-26 21:55:19,775	[DEBUG]	EXEC>  SUCCESS 2430039.375
2025-01-26 21:55:19,775	[INFO]	3-7     SUCCESS               2430039.38 (80.74%) [1 edit(s)]  
2025-01-26 21:55:19,775	[DEBUG]	patch(3-7)="LineLLMCrossover(('source.cpp', 10), '#include <iostream>\n#include <cstdio>\n#include <vector>\n#include <cstdint>\nusing namespace std;\n\nint main() {\n    int K;\n    int64_t ans = 0; // Use int64_t for larger sums\n\n    while (true) {\n        ans = 0;\n        cin >> K;\n        if (K == 0) break;\n\n        vector<int> c((K * (K - 1)) / 2); // Dynamic allocation\n        for (int i = 0; i < c.size(); i++) {\n            cin >> c[i];\n            ans += c[i];\n        }\n\n        ans /= (K - 1);\n        cout << ans << endl;\n    }\n}')"
2025-01-26 21:55:19,775	[INFO]	Step: 37
2025-01-26 21:55:19,775	[INFO]	Stop Steps: 50
2025-01-26 21:55:20,170	[DEBUG]	EXEC>  SUCCESS 2442890.25
2025-01-26 21:55:20,171	[INFO]	3-8     SUCCESS               2442890.25 (81.16%) [1 edit(s)]  
2025-01-26 21:55:20,171	[DEBUG]	patch(3-8)="LineLLMCrossover(('source.cpp', 11), '#include <cstdio>\n#include <vector>\n#include <cstdint>\nusing namespace std;\n\nint main() {\n    int K;\n    int64_t ans = 0; // Use int64_t for larger sums\n\n    while (true) {\n        ans = 0;\n        scanf("%d", &K);\n        if (K == 0) break;\n\n        int totalNumbers = (K * (K - 1)) / 2;\n        vector<int> c(totalNumbers);\n        for (int i = 0; i < totalNumbers; i++) {\n            scanf("%d", &c[i]);\n            ans += c[i];\n        }\n\n        ans /= (K - 1);\n        printf("%lld\\n", ans);\n    }\n}')"
2025-01-26 21:55:20,171	[INFO]	Step: 38
2025-01-26 21:55:20,171	[INFO]	Stop Steps: 50
2025-01-26 21:55:20,449	[DEBUG]	EXEC>  SUCCESS 941687.25
2025-01-26 21:55:20,449	[INFO]	3-9     SUCCESS              *941687.25 (31.29%) [3 edit(s)]  
2025-01-26 21:55:20,450	[DEBUG]	patch(3-9)="LineLLMMutation(('source.cpp', 6), '#include<iostream>\n#include<cstdio>\n#include<vector>\nusing namespace std;\n\nint main() {\n    int K, ans = 0;\n\n    while (true) {\n        ans = 0;\n        cin >> K;\n        if (K == 0) break;\n\n        int totalNumbers = (K * (K - 1)) / 2;\n        vector<int> c(totalNumbers, 0);\n        for (int i = 0; i < totalNumbers; i++) {\n            cin >> c[i];\n            ans += c[i];\n        }\n\n        ans /= (K - 1);\n        cout << ans << endl;\n    }\n}') | LineLLMMutation(('source.cpp', 13), '#include<iostream>\n#include<cstdio>\nusing namespace std;\n\nint main() {\n    int K, ans = 0;\n\n    while (true) {\n        ans = 0;\n        cin >> K;\n        if (K == 0) break;\n\n        int totalNumbers = (K * (K - 1)) / 2;\n        for (int i = 0; i < totalNumbers; i++) {\n            int num;\n            cin >> num;\n            ans += num;\n        }\n\n        ans /= (K - 1);\n        cout << ans << endl;\n    }\n}') | LineLLMMutation(('source.cpp', 20), '#include <cstdio>\nusing namespace std;\n\nint main() {\n    int K;\n    while (scanf("%d", &K), K) {\n        long long ans = 0;  // Use long long to prevent overflow\n        int totalNumbers = (K * (K - 1)) / 2;\n        for (int i = 0; i < totalNumbers; i++) {\n            int num;\n            scanf("%d", &num);  // Use scanf for faster input\n            ans += num;\n        }\n        printf("%lld\\n", ans / (K - 1));  // Perform division at the end\n    }\n}')"

2025-01-26 21:55:20,450	[INFO]	Step: 39
2025-01-26 21:55:20,450	[INFO]	Stop Steps: 50
2025-01-26 21:55:20,836	[DEBUG]	EXEC>  SUCCESS 2408397.4375
2025-01-26 21:55:20,836	[INFO]	3-10    SUCCESS               2408397.44 (80.02%) [2 edit(s)]  
2025-01-26 21:55:20,836	[DEBUG]	patch(3-10)="LineLLMMutation(('source.cpp', 7), '#include<iostream>\n#include<cstdio>\n#include<vector>\n#include<cstdint>\nusing namespace std;\n\nint main() {\n    int K;\n    int64_t ans = 0; // Use int64_t for larger sums\n\n    while (true) {\n        ans = 0;\n        cin >> K;\n        if (K == 0) break;\n\n        int totalNumbers = (K * (K - 1)) / 2;\n        vector<int> c(totalNumbers, 0);\n        for (int i = 0; i < totalNumbers; i++) {\n            cin >> c[i];\n            ans += c[i];\n        }\n\n        ans /= (K - 1);\n        cout << ans << endl;\n    }\n}') | LineLLMMutation(('source.cpp', 21), '#include <cstdio>\n#include <vector>\n#include <cstdint>\nusing namespace std;\n\nint main() {\n    int K;\n    int64_t ans = 0; // Use int64_t for larger sums\n\n    while (true) {\n        ans = 0;\n        scanf("%d", &K);\n        if (K == 0) break;\n\n        int totalNumbers = (K * (K - 1)) / 2;\n        vector<int> c(totalNumbers);\n        \n        // Use a single loop for input and summation\n        for (int i = 0; i < totalNumbers; i++) {\n            scanf("%d", &c[i]);\n            ans += c[i];\n        }\n\n        ans /= (K - 1);\n        printf("%lld\\n", ans); // Use printf for faster output\n    }\n}')"
2025-01-26 21:55:20,836	[INFO]	Step: 40
2025-01-26 21:55:20,836	[INFO]	Stop Steps: 50
2025-01-26 21:55:21,311	[DEBUG]	EXEC>  SUCCESS 2419039.6875
2025-01-26 21:55:21,311	[INFO]	3-1     SUCCESS               2419039.69 (80.37%) [2 edit(s)]  
2025-01-26 21:55:21,311	[DEBUG]	patch(3-1)="LineLLMCrossover(('source.cpp', 5), '#include<iostream>\n#include<cstdio>\n#include<vector>\nusing namespace std;\n\nint main() {\n    int K;\n    int64_t ans = 0; // Use int64_t for larger sums\n\n    while (true) {\n        ans = 0;\n        cin >> K;\n        if (K == 0) break;\n\n        vector<int> c((K * (K - 1)) / 2); // Dynamic allocation\n        for (int i = 0; i < c.size(); i++) { // Concise loop from Parent 4\n            cin >> c[i];\n            ans += c[i];\n        }\n\n        ans /= (K - 1);\n        cout << ans << endl;\n    }\n}') | LineLLMMutation(('source.cpp', 22), '#include <iostream>\n#include <cstdio>\nusing namespace std;\n\nint main() {\n    int K;\n    int64_t ans = 0; // Use int64_t for larger sums\n\n    while (true) {\n        ans = 0;\n        cin >> K;\n        if (K == 0) break;\n\n        int c[4950]; // Pre-allocate memory for maximum size of vector\n        for (int i = 0; i < (K * (K - 1)) / 2; i++) { // Calculate size directly\n            cin >> c[i];\n            ans += c[i];\n        }\n\n        ans /= (K - 1);\n        cout << ans << endl;\n    }\n}')"
2025-01-26 21:55:21,311	[INFO]	Step: 41
2025-01-26 21:55:21,312	[INFO]	Stop Steps: 50
2025-01-26 21:55:21,590	[DEBUG]	EXEC>  SUCCESS 988394.0625
2025-01-26 21:55:21,590	[INFO]	3-2     SUCCESS               988394.06 (32.84%) [3 edit(s)]  
2025-01-26 21:55:21,590	[DEBUG]	patch(3-2)="LineLLMMutation(('source.cpp', 7), '#include<iostream>\n#include<cstdio>\n#include<vector>\n#include<cstdint>\nusing namespace std;\n\nint main() {\n    int K;\n    int64_t ans = 0; // Use int64_t for larger sums\n\n    while (true) {\n        ans = 0;\n        cin >> K;\n        if (K == 0) break;\n\n        int totalNumbers = (K * (K - 1)) / 2;\n        vector<int> c(totalNumbers, 0);\n        for (int i = 0; i < totalNumbers; i++) {\n            cin >> c[i];\n            ans += c[i];\n        }\n\n        ans /= (K - 1);\n        cout << ans << endl;\n    }\n}') | LineLLMMutation(('source.cpp', 15), '#include <cstdio>\n#include <vector>\n#include <cstdint>\nusing namespace std;\n\nint main() {\n    int K;\n    int64_t ans = 0; // Use int64_t for larger sums\n\n    while (true) {\n        ans = 0;\n        scanf("%d", &K);\n        if (K == 0) break;\n\n        int totalNumbers = (K * (K - 1)) / 2;\n        vector<int> c(totalNumbers);\n        for (int i = 0; i < totalNumbers; i++) {\n            scanf("%d", &c[i]);\n            ans += c[i];\n        }\n\n        // Calculate average in a single step\n        ans /= (K - 1);\n        printf("%lld\\n", ans);\n    }\n}') | LineLLMMutation(('source.cpp', 23), '#include <cstdio>\n#include <cstdint>\nusing namespace std;\n\nconst int MAX_NUMBERS = 4950; // Maximum combination of pairs for K <= 100\n\nint main() {\n    int K;\n    int64_t ans = 0; // Use int64_t for larger sums\n\n    while (true) {\n        ans = 0;\n        scanf("%d", &K);\n        if (K == 0) break;\n\n        int totalNumbers = (K * (K - 1)) / 2;\n        int c[MAX_NUMBERS]; // Use fixed-size array\n        for (int i = 0; i < totalNumbers; i++) {\n            scanf("%d", &c[i]);\n            ans += c[i];\n        }\n\n        // Calculate average in a single step\n        ans /= (K - 1);\n        printf("%lld\\n", ans);\n    }\n}')"
2025-01-26 21:55:21,590	[INFO]	Step: 42
2025-01-26 21:55:21,590	[INFO]	Stop Steps: 50
2025-01-26 21:55:22,069	[DEBUG]	EXEC>  SUCCESS 2931643.0
2025-01-26 21:55:22,070	[INFO]	3-3     SUCCESS               2931643.00 (97.40%) [1 edit(s)]  
2025-01-26 21:55:22,070	[DEBUG]	patch(3-3)="LineLLMMutation(('source.cpp', 24), '#include<iostream>\n#include<cstdio>\n#define N 100000\n\nusing namespace std;\n\nint main(){\n    int K,c[N],i,ans=0;\n\n    while(1){\n        ans=0;\n        for(i=0;i<N;i++){\n            c[i]=0;\n        }\n\n        cin >> K;\n        if(K==0) break;\n\n        for(i=0;i<(K*(K-1))/2;i++){\n            cin >> c[i];\n        }\n\n        for(i=0;i<=(K*(K-1))/2;i++){\n            ans+=c[i];\n        }\n\n        ans=ans/(K-1);\n        cout << ans << endl;\n    }\n}')"
2025-01-26 21:55:22,070	[INFO]	Step: 43
2025-01-26 21:55:22,070	[INFO]	Stop Steps: 50
2025-01-26 21:55:23,556	[DEBUG]	EXEC>  SUCCESS 3005149.25
2025-01-26 21:55:23,556	[INFO]	REF     SUCCESS               3005149.25 (--) [0 edit(s)]  
2025-01-26 21:55:23,557	[INFO]	Best patch: 6_13_20
2025-01-26 21:55:23,833	[DEBUG]	EXEC>  SUCCESS 968941.625
2025-01-26 21:55:23,833	[INFO]	BEST    SUCCESS              *968941.62 (32.24%) [0 edit(s)]  
2025-01-26 21:55:23,833	[INFO]	Best patch step: 38
2025-01-26 21:56:17,689	[INFO]	Step: 43
2025-01-26 21:56:17,689	[INFO]	Stop Steps: 50
2025-01-26 21:56:18,109	[DEBUG]	EXEC>  SUCCESS 956355.4375
2025-01-26 21:56:18,109	[INFO]	4-4     SUCCESS              *956355.44 (31.82%) [3 edit(s)]  
2025-01-26 21:56:18,110	[DEBUG]	patch(4-4)="LineLLMMutation(('source.cpp', 6), '#include<iostream>\n#include<cstdio>\n#include<vector>\nusing namespace std;\n\nint main() {\n    int K, ans = 0;\n\n    while (true) {\n        ans = 0;\n        cin >> K;\n        if (K == 0) break;\n\n        int totalNumbers = (K * (K - 1)) / 2;\n        vector<int> c(totalNumbers, 0);\n        for (int i = 0; i < totalNumbers; i++) {\n            cin >> c[i];\n            ans += c[i];\n        }\n\n        ans /= (K - 1);\n        cout << ans << endl;\n    }\n}') | LineLLMMutation(('source.cpp', 13), '#include<iostream>\n#include<cstdio>\nusing namespace std;\n\nint main() {\n    int K, ans = 0;\n\n    while (true) {\n        ans = 0;\n        cin >> K;\n        if (K == 0) break;\n\n        int totalNumbers = (K * (K - 1)) / 2;\n        for (int i = 0; i < totalNumbers; i++) {\n            int num;\n            cin >> num;\n            ans += num;\n        }\n\n        ans /= (K - 1);\n        cout << ans << endl;\n    }\n}') | LineLLMMutation(('source.cpp', 20), '#include <cstdio>\nusing namespace std;\n\nint main() {\n    int K;\n    while (scanf("%d", &K), K) {\n        long long ans = 0;  // Use long long to prevent overflow\n        int totalNumbers = (K * (K - 1)) / 2;\n        for (int i = 0; i < totalNumbers; i++) {\n            int num;\n            scanf("%d", &num);  // Use scanf for faster input\n            ans += num;\n        }\n        printf("%lld\\n", ans / (K - 1));  // Perform division at the end\n    }\n}')"

2025-01-26 21:56:18,110	[INFO]	Step: 44
2025-01-26 21:56:18,110	[INFO]	Stop Steps: 50
2025-01-26 21:56:18,404	[DEBUG]	EXEC>  SUCCESS 995578.5
2025-01-26 21:56:18,404	[INFO]	4-5     SUCCESS               995578.50 (33.13%) [3 edit(s)]  
2025-01-26 21:56:18,404	[DEBUG]	patch(4-5)="LineLLMMutation(('source.cpp', 7), '#include<iostream>\n#include<cstdio>\n#include<vector>\n#include<cstdint>\nusing namespace std;\n\nint main() {\n    int K;\n    int64_t ans = 0; // Use int64_t for larger sums\n\n    while (true) {\n        ans = 0;\n        cin >> K;\n        if (K == 0) break;\n\n        int totalNumbers = (K * (K - 1)) / 2;\n        vector<int> c(totalNumbers, 0);\n        for (int i = 0; i < totalNumbers; i++) {\n            cin >> c[i];\n            ans += c[i];\n        }\n\n        ans /= (K - 1);\n        cout << ans << endl;\n    }\n}') | LineLLMMutation(('source.cpp', 15), '#include <cstdio>\n#include <vector>\n#include <cstdint>\nusing namespace std;\n\nint main() {\n    int K;\n    int64_t ans = 0; // Use int64_t for larger sums\n\n    while (true) {\n        ans = 0;\n        scanf("%d", &K);\n        if (K == 0) break;\n\n        int totalNumbers = (K * (K - 1)) / 2;\n        vector<int> c(totalNumbers);\n        for (int i = 0; i < totalNumbers; i++) {\n            scanf("%d", &c[i]);\n            ans += c[i];\n        }\n\n        // Calculate average in a single step\n        ans /= (K - 1);\n        printf("%lld\\n", ans);\n    }\n}') | LineLLMMutation(('source.cpp', 23), '#include <cstdio>\n#include <cstdint>\nusing namespace std;\n\nconst int MAX_NUMBERS = 4950; // Maximum combination of pairs for K <= 100\n\nint main() {\n    int K;\n    int64_t ans = 0; // Use int64_t for larger sums\n\n    while (true) {\n        ans = 0;\n        scanf("%d", &K);\n        if (K == 0) break;\n\n        int totalNumbers = (K * (K - 1)) / 2;\n        int c[MAX_NUMBERS]; // Use fixed-size array\n        for (int i = 0; i < totalNumbers; i++) {\n            scanf("%d", &c[i]);\n            ans += c[i];\n        }\n\n        // Calculate average in a single step\n        ans /= (K - 1);\n        printf("%lld\\n", ans);\n    }\n}')"
2025-01-26 21:56:18,404	[INFO]	Step: 45
2025-01-26 21:56:18,404	[INFO]	Stop Steps: 50
2025-01-26 21:56:18,693	[DEBUG]	EXEC>  SUCCESS 981501.0625
2025-01-26 21:56:18,693	[INFO]	4-6     SUCCESS               981501.06 (32.66%) [1 edit(s)]  
2025-01-26 21:56:18,693	[DEBUG]	patch(4-6)="LineLLMCrossover(('source.cpp', 12), '#include <cstdio>\n#include <cstdint>\nusing namespace std;\n\nconst int MAX_NUMBERS = 4950; // Maximum combination of pairs for K <= 100\n\nint main() {\n    int K;\n    int64_t ans = 0; // Use int64_t for larger sums\n    int totalNumbers;\n\n    while (scanf("%d", &K), K) {\n        totalNumbers = (K * (K - 1)) / 2;\n        int c[MAX_NUMBERS]; // Use fixed-size array\n        for (int i = 0; i < totalNumbers; i++) {\n            scanf("%d", &c[i]);\n            ans += c[i];\n        }\n\n        // Calculate average in a single step\n        ans /= (K - 1);\n        printf("%lld\\n", ans);\n        ans = 0; // Reset ans for the next iteration\n    }\n}')"
2025-01-26 21:56:18,693	[INFO]	Step: 46
2025-01-26 21:56:18,693	[INFO]	Stop Steps: 50
2025-01-26 21:56:19,213	[DEBUG]	EXEC>  SUCCESS 2485020.5
2025-01-26 21:56:19,213	[INFO]	4-7     SUCCESS               2485020.50 (82.69%) [1 edit(s)]  
2025-01-26 21:56:19,213	[DEBUG]	patch(4-7)="LineLLMCrossover(('source.cpp', 13), '#include <iostream>\n#include <cstdio>\n#include <vector>\n#include <cstdint>\nusing namespace std;\n\nint main() {\n    int K;\n    int64_t ans = 0; // Use int64_t for larger sums\n\n    while (true) {\n        ans = 0;\n        cin >> K;\n        if (K == 0) break;\n\n        int totalNumbers = (K * (K - 1)) / 2;\n        vector<int> c(totalNumbers); // Use vector for dynamic size\n        for (int i = 0; i < totalNumbers; i++) {\n            cin >> c[i];\n            ans += c[i];\n        }\n\n        ans /= (K - 1);\n        cout << ans << endl;\n    }\n}')"
2025-01-26 21:56:19,213	[INFO]	Step: 47
2025-01-26 21:56:19,213	[INFO]	Stop Steps: 50
2025-01-26 21:56:19,521	[DEBUG]	EXEC>  SUCCESS 976762.75
2025-01-26 21:56:19,521	[INFO]	4-8     SUCCESS               976762.75 (32.50%) [1 edit(s)]  
2025-01-26 21:56:19,521	[DEBUG]	patch(4-8)="LineLLMCrossover(('source.cpp', 14), '#include <cstdio>\n#include <cstdint>\nusing namespace std;\n\nconst int MAX_NUMBERS = 4950; // Maximum combination of pairs for K <= 100\n\nint main() {\n    int K;\n    int64_t ans = 0; // Use int64_t for larger sums\n\n    while (true) {\n        ans = 0;\n        scanf("%d", &K);\n        if (K == 0) break;\n\n        int totalNumbers = (K * (K - 1)) / 2;\n        for (int i = 0; i < totalNumbers; i++) {\n            int num;\n            scanf("%d", &num);\n            ans += num;\n        }\n\n        ans /= (K - 1);\n        printf("%lld\\n", ans);\n    }\n}')"
2025-01-26 21:56:19,521	[INFO]	Step: 48
2025-01-26 21:56:19,521	[INFO]	Stop Steps: 50
2025-01-26 21:56:20,034	[DEBUG]	EXEC>  SUCCESS 2444289.5
2025-01-26 21:56:20,035	[INFO]	4-9     SUCCESS               2444289.50 (81.34%) [1 edit(s)]  
2025-01-26 21:56:20,035	[DEBUG]	patch(4-9)="LineLLMCrossover(('source.cpp', 15), '#include <iostream>\n#include <cstdio>\n#include <cstdint>\n#include <vector>\nusing namespace std;\n\nint main() {\n    int K;\n    int64_t ans = 0; // Use int64_t for larger sums\n\n    while (true) {\n        ans = 0;\n        cin >> K;\n        if (K == 0) break;\n\n        int totalNumbers = (K * (K - 1)) / 2;\n        vector<int> c(totalNumbers); // Use vector for dynamic size\n        for (int i = 0; i < totalNumbers; i++) {\n            cin >> c[i];\n            ans += c[i];\n        }\n\n        ans /= (K - 1);\n        cout << ans << endl;\n    }\n}')"
2025-01-26 21:56:20,035	[INFO]	Step: 49
2025-01-26 21:56:20,035	[INFO]	Stop Steps: 50
2025-01-26 21:56:20,455	[DEBUG]	EXEC>  SUCCESS 2447292.25
2025-01-26 21:56:20,455	[INFO]	4-10    SUCCESS               2447292.25 (81.44%) [4 edit(s)]  
2025-01-26 21:56:20,455	[DEBUG]	patch(4-10)="LineLLMMutation(('source.cpp', 6), '#include<iostream>\n#include<cstdio>\n#include<vector>\nusing namespace std;\n\nint main() {\n    int K, ans = 0;\n\n    while (true) {\n        ans = 0;\n        cin >> K;\n        if (K == 0) break;\n\n        int totalNumbers = (K * (K - 1)) / 2;\n        vector<int> c(totalNumbers, 0);\n        for (int i = 0; i < totalNumbers; i++) {\n            cin >> c[i];\n            ans += c[i];\n        }\n\n        ans /= (K - 1);\n        cout << ans << endl;\n    }\n}') | LineLLMMutation(('source.cpp', 13), '#include<iostream>\n#include<cstdio>\nusing namespace std;\n\nint main() {\n    int K, ans = 0;\n\n    while (true) {\n        ans = 0;\n        cin >> K;\n        if (K == 0) break;\n\n        int totalNumbers = (K * (K - 1)) / 2;\n        for (int i = 0; i < totalNumbers; i++) {\n            int num;\n            cin >> num;\n            ans += num;\n        }\n\n        ans /= (K - 1);\n        cout << ans << endl;\n    }\n}') | LineLLMMutation(('source.cpp', 20), '#include <cstdio>\nusing namespace std;\n\nint main() {\n    int K;\n    while (scanf("%d", &K), K) {\n        long long ans = 0;  // Use long long to prevent overflow\n        int totalNumbers = (K * (K - 1)) / 2;\n        for (int i = 0; i < totalNumbers; i++) {\n            int num;\n            scanf("%d", &num);  // Use scanf for faster input\n            ans += num;\n        }\n        printf("%lld\\n", ans / (K - 1));  // Perform division at the end\n    }\n}') | LineLLMMutation(('source.cpp', 25), '#include <cstdio>\n#include <vector>\nusing namespace std;\n\nint main() {\n    int K;\n    while (scanf("%d", &K), K) {\n        long long ans = 0;  // Use long long to prevent overflow\n        int totalNumbers = (K * (K - 1)) / 2;\n        vector<int> numbers(totalNumbers);\n        // Read all numbers at once\n        for (int i = 0; i < totalNumbers; i++) {\n            scanf("%d", &numbers[i]);\n        }\n        // Accumulate the total in a single pass\n        for (int i = 0; i < totalNumbers; i++) {\n            ans += numbers[i];\n        }\n        printf("%lld\\n", ans / (K - 1));  // Perform division at the end\n    }\n}')"
2025-01-26 21:56:20,455	[INFO]	Step: 50
2025-01-26 21:56:20,455	[INFO]	Stop Steps: 50
2025-01-26 21:56:20,455	[INFO]	(Abstract Algorithm) Stopping Condition: step budget
2025-01-26 21:56:20,455	[INFO]	Step: 50
2025-01-26 21:56:20,455	[INFO]	Stop Steps: 50
2025-01-26 21:56:22,091	[INFO]	~~~~ END ~~~~
2025-01-26 21:56:22,091	[INFO]	Best patch step: 43
2025-01-26 21:56:22,092	[INFO]	
2025-01-26 21:56:22,092	[INFO]	==== REPORT ====
2025-01-26 21:56:22,092	[INFO]	Termination: step budget
2025-01-26 21:56:22,092	[INFO]	Log file: /home/ubuntu/eoc/magpie2/_magpie_logs/0223_1737928359.log
2025-01-26 21:56:22,092	[INFO]	Patch file: _magpie_logs/0223_1737928359.patch
2025-01-26 21:56:22,092	[INFO]	Diff file: _magpie_logs/0223_1737928359.diff
2025-01-26 21:56:22,092	[INFO]	Reference fitness: 3005149.25
2025-01-26 21:56:22,092	[INFO]	Best fitness: 956355.44
2025-01-26 21:56:22,092	[INFO]	
2025-01-26 21:56:22,092	[INFO]	==== BEST PATCH ====
LineLLMMutation(('source.cpp', 6), '#include<iostream>\n#include<cstdio>\n#include<vector>\nusing namespace std;\n\nint main() {\n    int K, ans = 0;\n\n    while (true) {\n        ans = 0;\n        cin >> K;\n        if (K == 0) break;\n\n        int totalNumbers = (K * (K - 1)) / 2;\n        vector<int> c(totalNumbers, 0);\n        for (int i = 0; i < totalNumbers; i++) {\n            cin >> c[i];\n            ans += c[i];\n        }\n\n        ans /= (K - 1);\n        cout << ans << endl;\n    }\n}') + LineLLMMutation(('source.cpp', 13), '#include<iostream>\n#include<cstdio>\nusing namespace std;\n\nint main() {\n    int K, ans = 0;\n\n    while (true) {\n        ans = 0;\n        cin >> K;\n        if (K == 0) break;\n\n        int totalNumbers = (K * (K - 1)) / 2;\n        for (int i = 0; i < totalNumbers; i++) {\n            int num;\n            cin >> num;\n            ans += num;\n        }\n\n        ans /= (K - 1);\n        cout << ans << endl;\n    }\n}') + LineLLMMutation(('source.cpp', 20), '#include <cstdio>\nusing namespace std;\n\nint main() {\n    int K;\n    while (scanf("%d", &K), K) {\n        long long ans = 0;  // Use long long to prevent overflow\n        int totalNumbers = (K * (K - 1)) / 2;\n        for (int i = 0; i < totalNumbers; i++) {\n            int num;\n            scanf("%d", &num);  // Use scanf for faster input\n            ans += num;\n        }\n        printf("%lld\\n", ans / (K - 1));  // Perform division at the end\n    }\n}')
2025-01-26 21:56:22,093	[INFO]	
2025-01-26 21:56:22,093	[INFO]	==== DIFF ====

