2025-01-26 23:01:49,208	[DEBUG]	==== CONFIG ====
[magpie]
import = 
seed = 7813030337742510
log_dir = _magpie_logs
work_dir = _magpie_work
local_original_copy = True
local_original_name = __original__
output_encoding = ascii
edit_retries = 10
default_timeout = 30
default_lengthout = 10000.0
diff_method = unified
trust_local_filesystem = True

[magpie.log]
color_output = True
format_info = {counter:<7} {status:<20} {best}{fitness} ({ratio}) [{size}] {cached} {log}
format_debug = patch({counter})="{patch}"{diffifbest}
format_fitness = {:.2f}
format_ratio = {:.2%%}
format_patchif = 
	 --> {patch}
format_diffif = 
	{diff}

[software]
path = dataset/magpie_dataset/train/0235
target_files = 
	source.cpp
software = BasicSoftware
model_rules = 
	*.params : ParamFileConfigModel
	*.xml : SrcmlModel
	* : LineModel
model_config = 
	*.params : [paramconfig]
	*.xml : [srcml]
init_cmd = 
init_timeout = 60
init_lengthout = -1
setup_cmd = bash setup.sh
setup_timeout = 
setup_lengthout = 
compile_cmd = bash compile.sh
compile_timeout = 
compile_lengthout = 
test_cmd = bash test.sh
test_timeout = 
test_lengthout = 
run_cmd = bash run.sh
run_timeout = 3
run_lengthout = 
batch_timeout = 
batch_lengthout = 
batch_bin_fitness_strategy = aggregate
batch_fitness_strategy = sum
fitness = time

[srcml]
rename = 
	stmt: break continue decl_stmt do expr_stmt for goto if return switch while
	number: literal_number
focus = block stmt operator_comp operator_arith number
internodes = block
process_pseudo_blocks = True
process_literals = True
process_operators = True

[paramconfig]
timing = test run
cli_prefix = --
cli_glue = =
cli_boolean = show
cli_boolean_prefix_true = 
cli_boolean_prefix_false = no-
cli_none = hide
silent_prefix = @
silent_suffix = $

[search]
protocol = BasicProtocol
algorithm = GeneticProgrammingLLM
possible_edits = 
	LineLLMMutation
	LineLLMCrossover
	LineDeletion
	LineInsertion
	LineReplacement
llm_prob = 1.0
warmup = 5
warmup_strategy = last
max_steps = 50
max_time = 20000
target_fitness = 
cache_maxsize = 100
cache_keep = 0.2
batch_instances = 
batch_shuffle = True
batch_bin_shuffle = False
batch_sample_size = 1

[search.ls]
delete_prob = 0.5
max_neighbours = 
when_trapped = continue
accept_fail = False
tabu_length = 10

[search.gp]
pop_size = 10
delete_prob = 0.0
offspring_elitism = 0.2
offspring_crossover = 0.4
offspring_mutation = 0.4
uniform_rate = 0.5
batch_reset = True
llm_type = baseline

[search.minify]
do_cleanup = True
do_rebuild = True
do_simplify = True
round_robin_limit = 3


2025-01-26 23:01:49,208	[DEBUG]	
2025-01-26 23:01:49,208	[INFO]	==== SEARCH: GeneticProgrammingLLM ====
2025-01-26 23:01:49,208	[INFO]	~~~~ WARMUP ~~~~
2025-01-26 23:01:50,391	[DEBUG]	EXEC>  SUCCESS 7234201.3125
2025-01-26 23:01:50,392	[INFO]	WARM    SUCCESS               7234201.31 (--) [0 edit(s)]  
2025-01-26 23:01:51,183	[DEBUG]	EXEC>  SUCCESS 7467416.75
2025-01-26 23:01:51,184	[INFO]	WARM    SUCCESS               7467416.75 (--) [0 edit(s)]  
2025-01-26 23:01:51,979	[DEBUG]	EXEC>  SUCCESS 7258864.6875
2025-01-26 23:01:51,979	[INFO]	WARM    SUCCESS               7258864.69 (--) [0 edit(s)]  
2025-01-26 23:01:52,775	[DEBUG]	EXEC>  SUCCESS 7608588.5
2025-01-26 23:01:52,775	[INFO]	WARM    SUCCESS               7608588.50 (--) [0 edit(s)]  
2025-01-26 23:01:53,573	[DEBUG]	EXEC>  SUCCESS 7121887.625
2025-01-26 23:01:53,574	[INFO]	WARM    SUCCESS               7121887.62 (--) [0 edit(s)]  
2025-01-26 23:01:53,574	[INFO]	REF     SUCCESS               7121887.62 (--) [0 edit(s)]  
2025-01-26 23:01:53,575	[INFO]	
2025-01-26 23:01:53,575	[INFO]	~~~~ START ~~~~
2025-01-26 23:02:14,529	[INFO]	0-1     TEST_CODE_ERROR       None (--) [1 edit(s)]  
2025-01-26 23:02:14,529	[DEBUG]	patch(0-1)="LineLLMMutation(('source.cpp', 0), '#include <iostream>\n#include <cstdio>\n#include <cmath>\n#include <vector>\n#include <algorithm>\n#include <cassert>\n#include <climits>\n\n#define REP(i,s,n) for(int i=s;i<n;i++)\n#define rep(i,n) REP(i,0,n)\n#define IINF (INT_MAX)\n#define MAX 40000\n#define EPS (1e-6)\n\nusing namespace std;\n\nclass Point {\npublic:\n    double x, y;\n    Point(double x = -IINF, double y = -IINF) : x(x), y(y) {}\n    // Other operators remain unchanged...\n};\n\nint main() {\n    int n, m, w, h, s;\n    while (scanf("%d %d %d %d %d", &n, &m, &w, &h, &s) == 5 && (n | m | w | h | s)) {\n        // Other code remains unchanged...\n    }\n    return 0;\n}')"
2025-01-26 23:02:15,801	[INFO]	0-2     COMPILE_CODE_ERROR    None (--) [1 edit(s)]  
2025-01-26 23:02:15,801	[DEBUG]	patch(0-2)="LineLLMMutation(('source.cpp', 1), '#include <iostream>\n#include <cmath>\n#include <cstdio>\n#include <cassert>\n#include <climits>\n\n#define MAX_POINTS 40000\n#define EPS (1e-6)\n\nusing namespace std;\n\nclass Point {\npublic:\n    double x, y;\n    Point(double x = -IINF, double y = -IINF) : x(x), y(y) {}\n    // Other operators remain unchanged...\n};\n\nPoint ps[MAX_POINTS];\n\nint main() {\n    int n, m, w, h, s;\n    while (cin >> n >> m >> w >> h >> s) {\n        // Other code remains unchanged...\n    }\n    return 0;\n}')"
2025-01-26 23:02:17,165	[INFO]	0-3     TEST_CODE_ERROR       None (--) [1 edit(s)]  
2025-01-26 23:02:17,165	[DEBUG]	patch(0-3)="LineLLMMutation(('source.cpp', 2), '#include <iostream>\n#include <cmath>\n#include <cstdio>\n#include <cassert>\n#include <climits>\n\n#define MAX 40000\n\nusing namespace std;\n\nstruct LineSegment {\n    double l, r;\n};\n\nLineSegment segments[MAX];\n\nint main() {\n    int n, m, w, h, s;\n    while (cin >> n >> m >> w >> h >> s) {\n        for (int i = 0; i < m; ++i) {\n            cin >> segments[i].l >> segments[i].r;\n        }\n        // Other code remains unchanged...\n    }\n    return 0;\n}')"
2025-01-26 23:02:18,223	[INFO]	0-4     COMPILE_CODE_ERROR    None (--) [1 edit(s)]  
2025-01-26 23:02:18,224	[DEBUG]	patch(0-4)="LineLLMMutation(('source.cpp', 3), 'double getArea(vector<Point> vec) {\n    double sum = 0;\n    int sz = vec.size();\n    for (int i = 0; i < sz; ++i) {\n        sum += cross(vec[i], vec[(i + 1) % sz]);\n    }\n    return fabs(sum) / 2.0;\n}')"
2025-01-26 23:02:19,280	[INFO]	0-5     COMPILE_CODE_ERROR    None (--) [1 edit(s)]  
2025-01-26 23:02:19,280	[DEBUG]	patch(0-5)="LineLLMMutation(('source.cpp', 4), 'Point points[MAX + MAX]; // Combined array for points and polygon vertices\n\nint main() {\n    int n, m, w, h, s;\n    while (cin >> n >> m >> w >> h >> s) {\n        for (int i = 0; i < m; ++i) {\n            // Input into points array...\n        }\n        for (int i = 0; i < n; ++i) {\n            // Input into points array...\n        }\n        // Other code remains unchanged...\n    }\n    return 0;\n}')"
2025-01-26 23:02:20,339	[INFO]	0-6     COMPILE_CODE_ERROR    None (--) [1 edit(s)]  
2025-01-26 23:02:20,339	[DEBUG]	patch(0-6)="LineLLMMutation(('source.cpp', 5), 'inline double dot(Point a, Point b) { return a.x * b.x + a.y * b.y; }\ninline double cross(Point a, Point b) { return a.x * b.y - a.y * b.x; }\ninline double norm(Point a) { return a.x * a.x + a.y * a.y; }')"
2025-01-26 23:02:21,421	[INFO]	0-7     COMPILE_CODE_ERROR    None (--) [1 edit(s)]  
2025-01-26 23:02:21,421	[DEBUG]	patch(0-7)="LineLLMMutation(('source.cpp', 6), '#include <array>\n\nstd::array<double, MAX> l, r, area, total;\n\nint main() {\n    // Code remains unchanged...\n}')"
2025-01-26 23:02:22,475	[INFO]	0-8     COMPILE_CODE_ERROR    None (--) [1 edit(s)]  
2025-01-26 23:02:22,476	[DEBUG]	patch(0-8)="LineLLMMutation(('source.cpp', 7), 'const double PI = 3.14159265358979323846;\n\ndouble angle(Point a, Point b, Point c) {\n    double ux = b.x - a.x, uy = b.y - a.y;\n    double vx = c.x - a.x, vy = c.y - a.y;\n    return acos((ux * vx + uy * vy) / sqrt((ux * ux + uy * uy) * (vx * vx + vy * vy)));\n}')"
2025-01-26 23:02:23,531	[INFO]	0-9     COMPILE_CODE_ERROR    None (--) [1 edit(s)]  
2025-01-26 23:02:23,531	[DEBUG]	patch(0-9)="LineLLMMutation(('source.cpp', 8), 'int findPolygon(Point p) {\n    int L = 0, R = m - 1, M;\n    while (L < R) {\n        M = (L + R) / 2;\n        if (inPolygon(poly[M], p)) return M;\n        else if (check(M, p)) R = M;\n        else L = M + 1;\n    }\n    return L;\n}')"
2025-01-26 23:02:24,589	[INFO]	0-10    COMPILE_CODE_ERROR    None (--) [1 edit(s)]  
2025-01-26 23:02:24,589	[DEBUG]	patch(0-10)="LineLLMMutation(('source.cpp', 9), '#include <omp.h>\n\nint main() {\n    // Initialization code...\n    #pragma omp parallel for\n    for (int i = 0; i < n; ++i) {\n        // Process each point...\n    }\n    return 0;\n}')"
2025-01-26 23:02:25,590	[INFO]	Step: 10
2025-01-26 23:02:25,590	[INFO]	Stop Steps: 50
2025-01-26 23:02:27,506	[DEBUG]	EXEC>  SUCCESS 7420009.625
2025-01-26 23:02:27,507	[INFO]	REF     SUCCESS               7420009.62 (--) [0 edit(s)]  
2025-01-26 23:02:27,507	[INFO]	Best patch step: None
2025-01-26 23:03:00,154	[INFO]	Step: 10
2025-01-26 23:03:00,154	[INFO]	Stop Steps: 50
2025-01-26 23:03:00,325	[INFO]	1-1     TEST_CODE_ERROR       None (--) [1 edit(s)]  
2025-01-26 23:03:00,325	[DEBUG]	patch(1-1)="LineLLMCrossover(('source.cpp', 0), '#include <cstdio>\n#include <algorithm>\nusing namespace std;\n\nchar str[200005]; // Increased size for large inputs\nint main() {\n    scanf("%s", str); // Using scanf for faster input\n    int ans = 0, a = -1; // Initialize variables\n    for (int i = 0; str[i]; i++) {\n        if (str[i] == \'Z\') {\n            if (a != -1)\n                ans = max(ans, i - a); // Calculate distance between A and Z\n        } else if (str[i] == \'A\' && a == -1) {\n            a = i; // Record position of A\n        }\n    }\n    printf("%d\\n", ans + 1); // Output the result\n    return 0;\n}')"
2025-01-26 23:03:00,325	[INFO]	Step: 11
2025-01-26 23:03:00,325	[INFO]	Stop Steps: 50
2025-01-26 23:03:00,497	[INFO]	1-2     TEST_CODE_ERROR       None (--) [1 edit(s)]  
2025-01-26 23:03:00,497	[DEBUG]	patch(1-2)="LineLLMCrossover(('source.cpp', 1), '#include <cstdio>\n#include <cstring>\n#include <algorithm>\nusing namespace std;\n\ntypedef long long ll; // Use long long for larger integer values\nconst int maxn = 1e5; // Define maximum size for arrays\nint n, a[maxn], b[maxn]; // Declare arrays\n\nint main(void) {\n    scanf("%d", &n); // Read number of elements\n    for (int i = 0; i < n; ++i) {\n        scanf("%d%d", a + i, b + i); // Efficiently read pairs of integers\n    }\n    ll ans = 0; // Use long long for results\n    for (int i = n - 1; i >= 0; --i) {\n        ll cur = a[i] + ans; // Calculate current value\n        ll tar = (cur + b[i] - 1) / b[i] * b[i]; // Compute target value\n        ans += tar - cur; // Update answer\n    }\n    printf("%lld\\n", ans); // Output final result\n    return 0;\n}')"
2025-01-26 23:03:00,497	[INFO]	Step: 12
2025-01-26 23:03:00,497	[INFO]	Stop Steps: 50
2025-01-26 23:03:00,662	[INFO]	1-3     TEST_CODE_ERROR       None (--) [1 edit(s)]  
2025-01-26 23:03:00,662	[DEBUG]	patch(1-3)="LineLLMCrossover(('source.cpp', 2), '#include <cstdio>\n#include <algorithm>\nusing namespace std;\n\nconst int maxn = 200005; // Set maximum size for potential large inputs\nchar str[maxn]; // Declare character array\n\nint main() {\n    scanf("%s", str); // Use scanf for faster string input\n    int ans = 0, a = -1; // Initialize answer and position of A\n    for (int i = 0; str[i]; i++) {\n        if (str[i] == \'A\' && a == -1) {\n            a = i; // Record position of first A\n        }\n        if (str[i] == \'Z\' && a != -1) {\n            ans = max(ans, i - a); // Update max distance to Z\n        }\n    }\n    printf("%d\\n", ans + 1); // Output the result\n    return 0;\n}')"
2025-01-26 23:03:00,662	[INFO]	Step: 13
2025-01-26 23:03:00,663	[INFO]	Stop Steps: 50
2025-01-26 23:03:00,826	[INFO]	1-4     TEST_CODE_ERROR       None (--) [1 edit(s)]  
2025-01-26 23:03:00,826	[DEBUG]	patch(1-4)="LineLLMCrossover(('source.cpp', 3), '#include <cstdio>\n#include <algorithm>\nusing namespace std;\n\ntypedef long long ll; // Use long long for large sums\nconst int maxn = 1e5; // Define maximum size for arrays\nint n, a[maxn], b[maxn]; // Declare arrays\n\nint main(void) {\n    scanf("%d", &n); // Read number of elements\n    for (int i = 0; i < n; ++i) {\n        scanf("%d%d", a + i, b + i); // Efficiently read pairs\n    }\n    ll ans = 0; // Initialize answer\n    for (int i = n - 1; i >= 0; --i) {\n        ll cur = a[i] + ans; // Current value calculation\n        ll tar = (cur + b[i] - 1) / b[i] * b[i]; // Target value calculation\n        ans += tar - cur; // Update answer\n    }\n    printf("%lld\\n", ans); // Output final result\n    return 0;\n}')"
2025-01-26 23:03:00,826	[INFO]	Step: 14
2025-01-26 23:03:00,826	[INFO]	Stop Steps: 50
2025-01-26 23:03:01,122	[INFO]	1-5     COMPILE_CODE_ERROR    None (--) [1 edit(s)]  
2025-01-26 23:03:01,122	[DEBUG]	patch(1-5)="LineLLMMutation(('source.cpp', 10), '#include<iostream>\n#include<cmath>\n#include<vector>\n#include<algorithm>\n#include<cstdio>\n#include<cassert>\n#include<climits>\n\n#define REP(i,s,n) for(int i=s;i<n;i++)\n#define rep(i,n) REP(i,0,n)\n#define IINF (INT_MAX)\n#define MAX 40000\n#define EPS (1e-6)\n#define COUNTER_CLOCKWISE 1\n#define CLOCKWISE -1\n#define ONLINE_BACK 2\n#define ONLINE_FRONT -2\n#define ON_SEGMENT 0\n#define equals(a,b) (fabs((a)-(b)) < EPS)\n\nusing namespace std;\n\nint n, m, w, h, s;\ndouble S, l[MAX], r[MAX];\nPoint ps[MAX];\nPolygon poly[MAX];\nint almond[MAX], talmond[MAX];\ndouble area[MAX], total[MAX];\n\nint main() {\n    while(scanf("%d %d %d %d %d", &n, &m, &w, &h, &s), n | m | w | h | s) {\n        S = s;\n        // ... rest of the code remains the same\n    }\n    return 0;\n}')"
2025-01-26 23:03:01,123	[INFO]	Step: 15
2025-01-26 23:03:01,123	[INFO]	Stop Steps: 50
2025-01-26 23:03:01,190	[INFO]	1-6     COMPILE_CODE_ERROR    None (--) [1 edit(s)]  
2025-01-26 23:03:01,190	[DEBUG]	patch(1-6)="LineLLMMutation(('source.cpp', 11), '// ... previous includes and definitions remain the same\n\nint main() {\n    while(scanf("%d %d %d %d %d", &n, &m, &w, &h, &s), n | m | w | h | s) {\n        S = s;\n        Point p1 = Point(0, 0);\n        Point p2 = Point((double)w, 0);\n        // Initialize arrays in a single loop\n        rep(i, MAX) {\n            l[i] = r[i] = area[i] = total[i] = almond[i] = talmond[i] = 0;\n        }\n        // ... rest of the code remains the same\n    }\n    return 0;\n}')"
2025-01-26 23:03:01,190	[INFO]	Step: 16
2025-01-26 23:03:01,190	[INFO]	Stop Steps: 50
2025-01-26 23:03:01,503	[INFO]	1-7     COMPILE_CODE_ERROR    None (--) [1 edit(s)]  
2025-01-26 23:03:01,503	[DEBUG]	patch(1-7)="LineLLMMutation(('source.cpp', 12), '#include<iostream>\n#include<cmath>\n#include<vector>\n#include<algorithm>\n#include<cstdio>\n#include<cassert>\n#include<climits>\n\n#define IINF (INT_MAX)\n#define EPS (1e-6)\n#define COUNTER_CLOCKWISE 1\n#define CLOCKWISE -1\n#define ONLINE_BACK 2\n#define ONLINE_FRONT -2\n#define ON_SEGMENT 0\n#define equals(a,b) (fabs((a)-(b)) < EPS)\n\nusing namespace std;\n\nint n, m, w, h, s;\ndouble S;\nvector<double> l, r, area, total;\nvector<Point> ps;\nvector<Polygon> poly;\nvector<int> almond, talmond;\n\nint main() {\n    while (scanf("%d %d %d %d %d", &n, &m, &w, &h, &s), n | m | w | h | s) {\n        S = s;\n        l.resize(m);\n        r.resize(m);\n        area.resize(m);\n        total.resize(m);\n        ps.resize(n);\n        poly.resize(m);\n        almond.resize(m);\n        talmond.resize(m);\n        // ... rest of the code remains the same\n    }\n    return 0;\n}')"
2025-01-26 23:03:01,503	[INFO]	Step: 17
2025-01-26 23:03:01,503	[INFO]	Stop Steps: 50
2025-01-26 23:03:01,564	[INFO]	1-8     COMPILE_CODE_ERROR    None (--) [1 edit(s)]  
2025-01-26 23:03:01,565	[DEBUG]	patch(1-8)="LineLLMMutation(('source.cpp', 13), '// ... previous includes and definitions remain the same\n\ndouble getArea(const Polygon& vec) {\n    double sum = 0;\n    for (int i = 0; i < vec.size(); i++)\n        sum += cross(vec[i], vec[(i + 1) % vec.size()]);\n    return fabs(sum) / 2.0;\n}\n\nint main() {\n    // ... previous code remains the same\n    rep(i, m) {\n        // Removed function call overhead\n        double sum = 0;\n        for (int j = 0; j < poly[i].size(); j++)\n            sum += cross(poly[i][j], poly[i][(j + 1) % poly[i].size()]);\n        area[i] = fabs(sum) / 2.0;\n        // ... rest of the code remains the same\n    }\n    return 0;\n}')"
2025-01-26 23:03:01,565	[INFO]	Step: 18
2025-01-26 23:03:01,565	[INFO]	Stop Steps: 50
2025-01-26 23:03:01,620	[INFO]	1-9     COMPILE_CODE_ERROR    None (--) [1 edit(s)]  
2025-01-26 23:03:01,620	[DEBUG]	patch(1-9)="LineLLMMutation(('source.cpp', 14), '// ... previous includes and definitions remain the same\n\nbool isConvex(const Polygon& p) {\n    int sz = (int)p.size();\n    if (sz < 3) return false;\n\n    bool isLeft = ccwtest(p[0], p[1], p[2]);\n    for (int i = 1; i < sz; i++) {\n        if (ccwtest(p[i], p[(i + 1) % sz], p[(i + 2) % sz]) != isLeft)\n            return false;\n    }\n    return true;\n}\n\nint main() {\n    // ... previous code remains the same\n}')"
2025-01-26 23:03:01,620	[INFO]	Step: 19
2025-01-26 23:03:01,620	[INFO]	Stop Steps: 50
2025-01-26 23:03:01,674	[INFO]	1-10    COMPILE_CODE_ERROR    None (--) [1 edit(s)]  
2025-01-26 23:03:01,674	[DEBUG]	patch(1-10)="LineLLMMutation(('source.cpp', 15), '// ... previous includes and definitions remain the same\n\ndouble angle(Point a, Point b, Point c) {\n    double ux = b.x - a.x, uy = b.y - a.y;\n    double vx = c.x - a.x, vy = c.y - a.y;\n    double dot_product = ux * vx + uy * vy;\n    double norm_u = sqrt(ux * ux + uy * uy);\n    double norm_v = sqrt(vx * vx + vy * vy);\n    return acos(dot_product / (norm_u * norm_v));\n}\n\nint main() {\n    // ... previous code remains the same\n}')"
2025-01-26 23:03:01,674	[INFO]	Step: 20
2025-01-26 23:03:01,674	[INFO]	Stop Steps: 50
2025-01-26 23:03:03,614	[DEBUG]	EXEC>  SUCCESS 7237343.3125
2025-01-26 23:03:03,615	[INFO]	REF     SUCCESS               7237343.31 (--) [0 edit(s)]  
2025-01-26 23:03:03,615	[INFO]	Best patch step: None
2025-01-26 23:03:56,912	[INFO]	Step: 20
2025-01-26 23:03:56,913	[INFO]	Stop Steps: 50
2025-01-26 23:03:57,080	[INFO]	2-1     TEST_CODE_ERROR       None (--) [1 edit(s)]  
2025-01-26 23:03:57,080	[DEBUG]	patch(2-1)="LineLLMCrossover(('source.cpp', 4), '#include <cstdio>\n#include <cstring>\n#include <algorithm>\nusing namespace std;\n\nconst int maxn = 1e5;\nint n;\nint a[maxn], b[maxn];\n\nint main() {\n    scanf("%d", &n);\n    for (int i = 0; i < n; ++i) {\n        scanf("%d%d", &a[i], &b[i]);\n    }\n    // Additional logic can be added here to utilize a and b\n    return 0;\n}')"
2025-01-26 23:03:57,080	[INFO]	Step: 21
2025-01-26 23:03:57,080	[INFO]	Stop Steps: 50
2025-01-26 23:03:57,242	[INFO]	2-2     TEST_CODE_ERROR       None (--) [1 edit(s)]  
2025-01-26 23:03:57,242	[DEBUG]	patch(2-2)="LineLLMCrossover(('source.cpp', 5), '#include <cstdio>\n#include <algorithm>\nusing namespace std;\n\nchar str[200005];\n\nint main() {\n    scanf("%s", str);\n    int maxDist = -1;\n    int lastA = -1;\n    for (int i = 0; str[i]; ++i) {\n        if (str[i] == \'A\' && lastA == -1) {\n            lastA = i;\n        } else if (str[i] == \'Z\' && lastA != -1) {\n            maxDist = max(maxDist, i - lastA);\n        }\n    }\n    printf("%d\\n", maxDist + 1);\n    return 0;\n}')"
2025-01-26 23:03:57,242	[INFO]	Step: 22
2025-01-26 23:03:57,242	[INFO]	Stop Steps: 50
2025-01-26 23:03:57,402	[INFO]	2-3     TEST_CODE_ERROR       None (--) [1 edit(s)]  
2025-01-26 23:03:57,402	[DEBUG]	patch(2-3)="LineLLMCrossover(('source.cpp', 6), '#include <cstdio>\n#include <algorithm>\nusing namespace std;\n\nconst int maxn = 1e5;\nint n, a[maxn], b[maxn];\n\nint main() {\n    scanf("%d", &n);\n    for (int i = 0; i < n; i++) {\n        scanf("%d%d", a + i, b + i);\n    }\n    // Further processing can be implemented here\n    return 0;\n}')"
2025-01-26 23:03:57,402	[INFO]	Step: 23
2025-01-26 23:03:57,402	[INFO]	Stop Steps: 50
2025-01-26 23:03:57,569	[INFO]	2-4     TEST_CODE_ERROR       None (--) [1 edit(s)]  
2025-01-26 23:03:57,569	[DEBUG]	patch(2-4)="LineLLMCrossover(('source.cpp', 7), '#include <cstdio>\n#include <cstring>\n#include <algorithm>\nusing namespace std;\n\nchar str[200005];\n\nint main() {\n    scanf("%s", str);\n    int maxDistance = 0, lastA = -1;\n    for (int i = 0; str[i]; ++i) {\n        if (str[i] == \'A\' && lastA == -1) {\n            lastA = i;\n        } else if (str[i] == \'Z\' && lastA != -1) {\n            maxDistance = max(maxDistance, i - lastA);\n        }\n    }\n    printf("%d\\n", maxDistance + 1);\n    return 0;\n}')"
2025-01-26 23:03:57,569	[INFO]	Step: 24
2025-01-26 23:03:57,569	[INFO]	Stop Steps: 50
2025-01-26 23:03:57,867	[INFO]	2-5     COMPILE_CODE_ERROR    None (--) [1 edit(s)]  
2025-01-26 23:03:57,867	[DEBUG]	patch(2-5)="LineLLMMutation(('source.cpp', 16), '#include <iostream>\n#include <cmath>\n#include <vector>\n#include <algorithm>\n#include <cstdio>\n#include <cassert>\n#include <climits>\n\n#define REP(i,s,n) for(int i=s;i<n;i++)\n#define rep(i,n) REP(i,0,n)\n#define IINF (INT_MAX)\n#define MAX 40000\n#define EPS (1e-6)\n#define COUNTER_CLOCKWISE 1\n#define CLOCKWISE -1\n#define ONLINE_BACK 2\n#define ONLINE_FRONT -2\n#define ON_SEGMENT 0\n#define equals(a,b) (fabs((a)-(b)) < EPS)\n\nusing namespace std;\n\n// Library - template - begin\nclass Point {\n  public:\n  double x, y;\n  Point(double x = -IINF, double y = -IINF) : x(x), y(y) {}\n  Point operator + (Point p) { return Point(x + p.x, y + p.y); }\n  Point operator - (Point p) { return Point(x - p.x, y - p.y); }\n  Point operator * (double a) { return Point(a * x, a * y); }\n  Point operator / (double a) { return Point(x / a, y / a); }\n  Point operator * (Point a) { return Point(x * a.x - y * a.y, x * a.y + y * a.x); }\n  bool operator < (const Point& p) const { return !equals(y, p.y) ? y < p.y : x < p.x; }\n  bool operator == (const Point& p) const { return fabs(x - p.x) < EPS && fabs(y - p.y) < EPS; }\n};\n\nstruct Segment {\n  Point p1, p2;\n  Segment(Point p1 = Point(), Point p2 = Point()) : p1(p1), p2(p2) {}\n  bool operator == (const Segment& p) const { return p.p1 == p1 && p.p2 == p2; }\n};\n\ntypedef Point Vector;\ntypedef Segment Line;\ntypedef vector<Point> Polygon;\n\ndouble dot(Point a, Point b) { return a.x * b.x + a.y * b.y; }\ndouble cross(Point a, Point b) { return a.x * b.y - a.y * b.x; }\ndouble norm(Point a) { return a.x * a.x + a.y * a.y; }\ndouble abs(Point a) { return sqrt(norm(a)); }\nPoint rotate(Point a, double rad) { return Point(cos(rad) * a.x - sin(rad) * a.y, sin(rad) * a.x + cos(rad) * a.y); }\ndouble toRad(double agl) { return agl * M_PI / 180.0; }\n// Library - template - end\n\nint n, m, w, h, s;\ndouble S, l[MAX], r[MAX];\nPoint ps[MAX];\nPolygon poly[MAX];\nint almond[MAX], talmond[MAX];\ndouble area[MAX], total[MAX];\n\nint main() {\n  while (cin >> n >> m >> w >> h >> s, n | m | w | h | s) {\n    S = s;\n    double debug = 0;\n    rep(i, m) {\n      cin >> l[i] >> r[i];\n      // ... (rest of the code remains the same) ...\n    }\n    // Replace the cout with printf\n    printf("%d\\n", ans);\n  }\n  return 0;\n}')"
2025-01-26 23:03:57,867	[INFO]	Step: 25
2025-01-26 23:03:57,867	[INFO]	Stop Steps: 50
2025-01-26 23:03:57,932	[INFO]	2-6     COMPILE_CODE_ERROR    None (--) [1 edit(s)]  
2025-01-26 23:03:57,933	[DEBUG]	patch(2-6)="LineLLMMutation(('source.cpp', 17), '// ... (previous includes and class definitions remain the same) ...\n\ndouble getArea(vector<Point> vec) {\n  double sum = 0;\n  for (int i = 0; i < vec.size(); i++) {\n    sum += cross(vec[i], vec[(i + 1) % vec.size()]);\n  }\n  return fabs(sum) / 2.0;\n}\n\n// Optimization: Precompute inverse for area calculations\ndouble inv2 = 1.0 / 2.0;\n\ndouble getAreaOptimized(vector<Point> vec) {\n  double sum = 0;\n  for (int i = 0; i < vec.size(); i++) {\n    sum += cross(vec[i], vec[(i + 1) % vec.size()]);\n  }\n  return fabs(sum) * inv2; // Use precomputed inverse\n}\n\n// ... (rest of the code remains the same) ...')"
2025-01-26 23:03:57,933	[INFO]	Step: 26
2025-01-26 23:03:57,933	[INFO]	Stop Steps: 50
2025-01-26 23:03:58,160	[INFO]	2-7     COMPILE_CODE_ERROR    None (--) [1 edit(s)]  
2025-01-26 23:03:58,160	[DEBUG]	patch(2-7)="LineLLMMutation(('source.cpp', 18), '#include <iostream>\n#include <vector>\n\n// ... (other includes remain the same) ...\n\nusing namespace std;\n\nint main() {\n  // Use vector instead of static array\n  vector<Point> ps;\n  vector<double> l, r, area, total;\n  ps.resize(MAX);\n  l.resize(MAX);\n  r.resize(MAX);\n  area.resize(MAX);\n  total.resize(MAX);\n  \n  while (cin >> n >> m >> w >> h >> s, n | m | w | h | s) {\n    // ... (rest of the code remains the same) ...\n  }\n  return 0;\n}')"
2025-01-26 23:03:58,160	[INFO]	Step: 27
2025-01-26 23:03:58,160	[INFO]	Stop Steps: 50
2025-01-26 23:03:58,218	[INFO]	2-8     COMPILE_CODE_ERROR    None (--) [1 edit(s)]  
2025-01-26 23:03:58,218	[DEBUG]	patch(2-8)="LineLLMMutation(('source.cpp', 19), 'inline double dot(Point a, Point b) { return a.x * b.x + a.y * b.y; }\ninline double cross(Point a, Point b) { return a.x * b.y - a.y * b.x; }\ninline double norm(Point a) { return a.x * a.x + a.y * a.y; }\ninline double abs(Point a) { return sqrt(norm(a)); }\n\n// ... (rest of the code remains the same) ...')"
2025-01-26 23:03:58,218	[INFO]	Step: 28
2025-01-26 23:03:58,218	[INFO]	Stop Steps: 50
2025-01-26 23:03:58,278	[INFO]	2-9     COMPILE_CODE_ERROR    None (--) [1 edit(s)]  
2025-01-26 23:03:58,278	[DEBUG]	patch(2-9)="LineLLMMutation(('source.cpp', 20), '#include <cstdio>\n\n// ... (other includes remain the same) ...\n\nint main() {\n  while (scanf("%d %d %d %d %d", &n, &m, &w, &h, &s), n | m | w | h | s) {\n    // Use scanf for input\n    // ... (rest of the code remains the same) ...\n  }\n  return 0;\n}')"
2025-01-26 23:03:58,278	[INFO]	Step: 29
2025-01-26 23:03:58,278	[INFO]	Stop Steps: 50
2025-01-26 23:03:58,333	[INFO]	2-10    COMPILE_CODE_ERROR    None (--) [1 edit(s)]  
2025-01-26 23:03:58,333	[DEBUG]	patch(2-10)="LineLLMMutation(('source.cpp', 21), '// ... (previous includes and class definitions remain the same) ...\n\nint main() {\n  while (cin >> n >> m >> w >> h >> s, n | m | w | h | s) {\n    // Remove unnecessary assertions\n    // ... (rest of the code remains the same) ...\n  }\n  return 0;\n}')"
2025-01-26 23:03:58,333	[INFO]	Step: 30
2025-01-26 23:03:58,333	[INFO]	Stop Steps: 50
2025-01-26 23:04:00,241	[DEBUG]	EXEC>  SUCCESS 7179290.8125
2025-01-26 23:04:00,241	[INFO]	REF     SUCCESS               7179290.81 (--) [0 edit(s)]  
2025-01-26 23:04:00,241	[INFO]	Best patch step: None
2025-01-26 23:04:31,239	[INFO]	Step: 30
2025-01-26 23:04:31,239	[INFO]	Stop Steps: 50
2025-01-26 23:04:31,410	[INFO]	3-1     TEST_CODE_ERROR       None (--) [1 edit(s)]  
2025-01-26 23:04:31,411	[DEBUG]	patch(3-1)="LineLLMCrossover(('source.cpp', 8), '#include <cstdio>\n#include <cstring>\n#include <algorithm>\nusing namespace std;\n\nconst int maxn = 100000;\nint n, a[maxn], b[maxn];\n\nint main() {\n    scanf("%d", &n);\n    for (int i = 0; i < n; ++i) {\n        scanf("%d%d", a + i, b + i);\n    }\n    long long ans = 0;\n    for (int i = n - 1; i >= 0; --i) {\n        long long cur = a[i] + ans;\n        long long tar = (cur + b[i] - 1) / b[i] * b[i];\n        ans += tar - cur;\n    }\n    printf("%lld\\n", ans);\n    return 0;\n}')"
2025-01-26 23:04:31,411	[INFO]	Step: 31
2025-01-26 23:04:31,411	[INFO]	Stop Steps: 50
2025-01-26 23:04:31,577	[INFO]	3-2     TEST_CODE_ERROR       None (--) [1 edit(s)]  
2025-01-26 23:04:31,577	[DEBUG]	patch(3-2)="LineLLMCrossover(('source.cpp', 9), '#include <cstdio>\n#include <algorithm>\nusing namespace std;\n\nchar str[200005];\n\nint main() {\n    scanf("%s", str);\n    int ans = 0, a = -1;\n    for (int i = 0; str[i]; i++) {\n        if (str[i] == \'Z\') {\n            if (a != -1)\n                ans = max(ans, i - a);\n        } else if (str[i] == \'A\' && a == -1) {\n            a = i;\n        }\n    }\n    printf("%d\\n", ans + 1);\n    return 0;\n}')"
2025-01-26 23:04:31,577	[INFO]	Step: 32
2025-01-26 23:04:31,577	[INFO]	Stop Steps: 50
2025-01-26 23:04:31,744	[INFO]	3-3     TEST_CODE_ERROR       None (--) [1 edit(s)]  
2025-01-26 23:04:31,744	[DEBUG]	patch(3-3)="LineLLMCrossover(('source.cpp', 10), '#include <cstdio>\n#include <cstring>\n#include <algorithm>\nusing namespace std;\n\ntypedef long long li;\nconst int maxn = 1e5;\nint n, a[maxn], b[maxn];\n\nint main(void) {\n    scanf("%d", &n);\n    for (int i = 0; i < n; ++i) {\n        scanf("%d%d", a + i, b + i);\n    }\n    li ans = 0;\n    for (int i = n - 1; i >= 0; --i) {\n        li cur = a[i] + ans;\n        li tar = (cur + b[i] - 1) / b[i] * b[i];\n        ans += tar - cur;\n    }\n    printf("%lld\\n", ans);\n    return 0;\n}')"
2025-01-26 23:04:31,744	[INFO]	Step: 33
2025-01-26 23:04:31,744	[INFO]	Stop Steps: 50
2025-01-26 23:04:31,909	[INFO]	3-4     TEST_CODE_ERROR       None (--) [1 edit(s)]  
2025-01-26 23:04:31,909	[DEBUG]	patch(3-4)="LineLLMCrossover(('source.cpp', 11), '#include <cstdio>\n#include <algorithm>\nusing namespace std;\n\nchar str[200005];\n\nint main() {\n    scanf("%s", str);\n    int maxDist = 0, posA = -1;\n    for (int i = 0; str[i]; i++) {\n        if (str[i] == \'Z\') {\n            if (posA != -1)\n                maxDist = max(maxDist, i - posA);\n        } else if (str[i] == \'A\' && posA == -1) {\n            posA = i;\n        }\n    }\n    printf("%d\\n", maxDist + 1);\n    return 0;\n}')"
2025-01-26 23:04:31,909	[INFO]	Step: 34
2025-01-26 23:04:31,909	[INFO]	Stop Steps: 50
2025-01-26 23:04:32,135	[INFO]	3-5     COMPILE_CODE_ERROR    None (--) [1 edit(s)]  
2025-01-26 23:04:32,135	[DEBUG]	patch(3-5)="LineLLMMutation(('source.cpp', 22), '#include <cstdio>\n#include <cmath>\n#include <vector>\n#include <algorithm>\n#include <cassert>\n#include <climits>\n\n#define REP(i,s,n) for(int i=s;i<n;i++)\n#define rep(i,n) REP(i,0,n)\n#define IINF (INT_MAX)\n#define MAX 40000\n#define EPS (1e-6)\n#define COUNTER_CLOCKWISE 1\n#define CLOCKWISE -1\n#define ONLINE_BACK 2\n#define ONLINE_FRONT -2\n#define ON_SEGMENT 0\n#define equals(a,b) (fabs((a)-(b)) < EPS)\n\nusing namespace std;\n\n// ... (rest of the code remains unchanged)')"
2025-01-26 23:04:32,135	[INFO]	Step: 35
2025-01-26 23:04:32,135	[INFO]	Stop Steps: 50
2025-01-26 23:04:32,555	[INFO]	3-6     TEST_CODE_ERROR       None (--) [1 edit(s)]  
2025-01-26 23:04:32,556	[DEBUG]	patch(3-6)="LineLLMMutation(('source.cpp', 23), '#include <iostream>\n#include <cmath>\n#include <vector>\n#include <algorithm>\n#include <cassert>\n#include <climits>\n\n#define REP(i,s,n) for(int i=s;i<n;i++)\n#define rep(i,n) REP(i,0,n)\n#define IINF (INT_MAX)\n#define MAX 40000\n#define EPS (1e-6)\n#define COUNTER_CLOCKWISE 1\n#define CLOCKWISE -1\n#define ONLINE_BACK 2\n#define ONLINE_FRONT -2\n#define ON_SEGMENT 0\n#define equals(a,b) (fabs((a)-(b)) < EPS)\n\nusing namespace std;\n\n// Library - template - begin\n\nclass Point {\npublic:\n    double x, y;\n\n    Point(double x = -IINF, double y = -IINF) : x(x), y(y) {}\n    // ... (rest of the Point class remains unchanged)\n};\n\nstruct Segment {\n    Point p1, p2;\n    Segment(Point p1 = Point(), Point p2 = Point()) : p1(p1), p2(p2) {}\n    // ... (rest of the Segment struct remains unchanged)\n};\n\ntypedef vector<Point> Polygon;\n\nint n, m, w, h, s;\nPolygon poly[MAX];\n\nint main() {\n    // Reserve space for polygons to avoid reallocations\n    for (int i = 0; i < MAX; ++i) {\n        poly[i].reserve(4); // Assuming max 4 points per polygon\n    }\n    // ... (rest of the code remains unchanged)\n}')"
2025-01-26 23:04:32,556	[INFO]	Step: 36
2025-01-26 23:04:32,556	[INFO]	Stop Steps: 50
2025-01-26 23:04:32,906	[INFO]	3-7     COMPILE_CODE_ERROR    None (--) [1 edit(s)]  
2025-01-26 23:04:32,906	[DEBUG]	patch(3-7)="LineLLMMutation(('source.cpp', 24), '#include <iostream>\n#include <cmath>\n#include <vector>\n#include <algorithm>\n#include <cassert>\n#include <climits>\n\n#define REP(i,s,n) for(int i=s;i<n;i++)\n#define rep(i,n) REP(i,0,n)\n#define IINF (INT_MAX)\n#define MAX 40000\n#define EPS (1e-6)\n#define COUNTER_CLOCKWISE 1\n#define CLOCKWISE -1\n#define ONLINE_BACK 2\n#define ONLINE_FRONT -2\n#define ON_SEGMENT 0\n#define equals(a,b) (fabs((a)-(b)) < EPS)\n\nusing namespace std;\n\nclass Point {\npublic:\n    float x, y; // Changed double to float for faster calculations\n\n    Point(float x = -IINF, float y = -IINF) : x(x), y(y) {}\n    // ... (rest of the Point class remains unchanged)\n};\n\n// ... (rest of the code remains unchanged)')"
2025-01-26 23:04:32,906	[INFO]	Step: 37
2025-01-26 23:04:32,906	[INFO]	Stop Steps: 50
2025-01-26 23:04:33,283	[INFO]	3-8     TEST_CODE_ERROR       None (--) [1 edit(s)]  
2025-01-26 23:04:33,283	[DEBUG]	patch(3-8)="LineLLMMutation(('source.cpp', 25), '#include <iostream>\n#include <cmath>\n#include <algorithm>\n#include <cassert>\n#include <climits>\n\n#define REP(i,s,n) for(int i=s;i<n;i++)\n#define rep(i,n) REP(i,0,n)\n#define IINF (INT_MAX)\n#define MAX 40000\n#define EPS (1e-6)\n#define COUNTER_CLOCKWISE 1\n#define CLOCKWISE -1\n#define ONLINE_BACK 2\n#define ONLINE_FRONT -2\n#define ON_SEGMENT 0\n#define equals(a,b) (fabs((a)-(b)) < EPS)\n\nusing namespace std;\n\nclass Point {\npublic:\n    double x, y;\n\n    Point(double x = -IINF, double y = -IINF) : x(x), y(y) {}\n    // ... (rest of the Point class remains unchanged)\n};\n\nPoint ps[MAX]; // Fixed-size array instead of vector\nint main() {\n    // ... (rest of the code remains unchanged)\n}')"
2025-01-26 23:04:33,283	[INFO]	Step: 38
2025-01-26 23:04:33,283	[INFO]	Stop Steps: 50
2025-01-26 23:04:33,579	[INFO]	3-9     COMPILE_CODE_ERROR    None (--) [1 edit(s)]  
2025-01-26 23:04:33,579	[DEBUG]	patch(3-9)="LineLLMMutation(('source.cpp', 26), '#include <iostream>\n#include <cmath>\n#include <vector>\n#include <algorithm>\n#include <cassert>\n#include <climits>\n\n#define REP(i,s,n) for(int i=s;i<n;i++)\n#define rep(i,n) REP(i,0,n)\n#define IINF (INT_MAX)\n#define MAX 40000\n#define EPS (1e-6)\n#define COUNTER_CLOCKWISE 1\n#define CLOCKWISE -1\n#define ONLINE_BACK 2\n#define ONLINE_FRONT -2\n#define ON_SEGMENT 0\n#define equals(a,b) (fabs((a)-(b)) < EPS)\n\nusing namespace std;\n\ndouble getAreaAndCheckInPolygon(const Polygon& poly, Point p) {\n    double sum = 0;\n    bool inside = false;\n\n    for(int i = 0; i < poly.size(); i++) {\n        sum += cross(poly[i], poly[(i + 1) % poly.size()]);\n        if (onSegment(poly[i], poly[(i + 1) % poly.size()], p)) {\n            inside = true; // Point is on the segment\n        }\n    }\n\n    return {fabs(sum) / 2.0, inside};\n}\n\n// ... (rest of the code remains unchanged)')"
2025-01-26 23:04:33,579	[INFO]	Step: 39
2025-01-26 23:04:33,579	[INFO]	Stop Steps: 50
2025-01-26 23:04:33,863	[INFO]	3-10    COMPILE_CODE_ERROR    None (--) [1 edit(s)]  
2025-01-26 23:04:33,863	[DEBUG]	patch(3-10)="LineLLMMutation(('source.cpp', 27), '#include <iostream>\n#include <cmath>\n#include <array>\n#include <algorithm>\n#include <cassert>\n#include <climits>\n\n#define REP(i,s,n) for(int i=s;i<n;i++)\n#define rep(i,n) REP(i,0,n)\n#define IINF (INT_MAX)\n#define MAX 40000\n#define EPS (1e-6)\n#define COUNTER_CLOCKWISE 1\n#define CLOCKWISE -1\n#define ONLINE_BACK 2\n#define ONLINE_FRONT -2\n#define ON_SEGMENT 0\n#define equals(a,b) (fabs((a)-(b)) < EPS)\n\nusing namespace std;\n\narray<Point, MAX> ps; // Using std::array for safety and performance\nint main() {\n    // ... (rest of the code remains unchanged)\n}')"
2025-01-26 23:04:33,863	[INFO]	Step: 40
2025-01-26 23:04:33,863	[INFO]	Stop Steps: 50
2025-01-26 23:04:35,780	[DEBUG]	EXEC>  SUCCESS 7332528.8125
2025-01-26 23:04:35,780	[INFO]	REF     SUCCESS               7332528.81 (--) [0 edit(s)]  
2025-01-26 23:04:35,780	[INFO]	Best patch step: None
2025-01-26 23:05:28,275	[INFO]	~~~~ END ~~~~
2025-01-26 23:05:28,275	[INFO]	Best patch step: None
