2025-01-26 23:11:00,122	[DEBUG]	==== CONFIG ====
[magpie]
import = 
seed = 275674003814445
log_dir = _magpie_logs
work_dir = _magpie_work
local_original_copy = True
local_original_name = __original__
output_encoding = ascii
edit_retries = 10
default_timeout = 30
default_lengthout = 10000.0
diff_method = unified
trust_local_filesystem = True

[magpie.log]
color_output = True
format_info = {counter:<7} {status:<20} {best}{fitness} ({ratio}) [{size}] {cached} {log}
format_debug = patch({counter})="{patch}"{diffifbest}
format_fitness = {:.2f}
format_ratio = {:.2%%}
format_patchif = 
	 --> {patch}
format_diffif = 
	{diff}

[software]
path = dataset/magpie_dataset/train/0238
target_files = 
	source.cpp
software = BasicSoftware
model_rules = 
	*.params : ParamFileConfigModel
	*.xml : SrcmlModel
	* : LineModel
model_config = 
	*.params : [paramconfig]
	*.xml : [srcml]
init_cmd = 
init_timeout = 60
init_lengthout = -1
setup_cmd = bash setup.sh
setup_timeout = 
setup_lengthout = 
compile_cmd = bash compile.sh
compile_timeout = 
compile_lengthout = 
test_cmd = bash test.sh
test_timeout = 
test_lengthout = 
run_cmd = bash run.sh
run_timeout = 3
run_lengthout = 
batch_timeout = 
batch_lengthout = 
batch_bin_fitness_strategy = aggregate
batch_fitness_strategy = sum
fitness = time

[srcml]
rename = 
	stmt: break continue decl_stmt do expr_stmt for goto if return switch while
	number: literal_number
focus = block stmt operator_comp operator_arith number
internodes = block
process_pseudo_blocks = True
process_literals = True
process_operators = True

[paramconfig]
timing = test run
cli_prefix = --
cli_glue = =
cli_boolean = show
cli_boolean_prefix_true = 
cli_boolean_prefix_false = no-
cli_none = hide
silent_prefix = @
silent_suffix = $

[search]
protocol = BasicProtocol
algorithm = GeneticProgrammingLLM
possible_edits = 
	LineLLMMutation
	LineLLMCrossover
	LineDeletion
	LineInsertion
	LineReplacement
llm_prob = 1.0
warmup = 5
warmup_strategy = last
max_steps = 50
max_time = 20000
target_fitness = 
cache_maxsize = 100
cache_keep = 0.2
batch_instances = 
batch_shuffle = True
batch_bin_shuffle = False
batch_sample_size = 1

[search.ls]
delete_prob = 0.5
max_neighbours = 
when_trapped = continue
accept_fail = False
tabu_length = 10

[search.gp]
pop_size = 10
delete_prob = 0.0
offspring_elitism = 0.2
offspring_crossover = 0.4
offspring_mutation = 0.4
uniform_rate = 0.5
batch_reset = True
llm_type = baseline

[search.minify]
do_cleanup = True
do_rebuild = True
do_simplify = True
round_robin_limit = 3


2025-01-26 23:11:00,123	[DEBUG]	
2025-01-26 23:11:00,123	[INFO]	==== SEARCH: GeneticProgrammingLLM ====
2025-01-26 23:11:00,123	[INFO]	~~~~ WARMUP ~~~~
2025-01-26 23:11:00,983	[DEBUG]	EXEC>  SUCCESS 3321440.5625
2025-01-26 23:11:00,983	[INFO]	WARM    SUCCESS               3321440.56 (--) [0 edit(s)]  
2025-01-26 23:11:01,475	[DEBUG]	EXEC>  SUCCESS 3308752.125
2025-01-26 23:11:01,475	[INFO]	WARM    SUCCESS               3308752.12 (--) [0 edit(s)]  
2025-01-26 23:11:01,961	[DEBUG]	EXEC>  SUCCESS 3309935.0625
2025-01-26 23:11:01,962	[INFO]	WARM    SUCCESS               3309935.06 (--) [0 edit(s)]  
2025-01-26 23:11:02,451	[DEBUG]	EXEC>  SUCCESS 3292511.125
2025-01-26 23:11:02,451	[INFO]	WARM    SUCCESS               3292511.12 (--) [0 edit(s)]  
2025-01-26 23:11:02,933	[DEBUG]	EXEC>  SUCCESS 3236390.125
2025-01-26 23:11:02,933	[INFO]	WARM    SUCCESS               3236390.12 (--) [0 edit(s)]  
2025-01-26 23:11:02,933	[INFO]	REF     SUCCESS               3236390.12 (--) [0 edit(s)]  
2025-01-26 23:11:02,934	[INFO]	
2025-01-26 23:11:02,934	[INFO]	~~~~ START ~~~~
2025-01-26 23:12:22,998	[INFO]	0-1     COMPILE_CODE_ERROR    None (--) [1 edit(s)]  
2025-01-26 23:12:22,998	[DEBUG]	patch(0-1)="LineLLMMutation(('source.cpp', 0), '#include <cstdio>\n\nusing namespace std;\n\nint main() {\n    int r, c, q, a[50000], b[50000], o[50000];\n    int nr, nc;\n    bool row[50000], col[50000];\n    long long int ans;\n\n    while (1) {\n        scanf("%d %d %d", &r, &c, &q);\n        if (!r && !c && !q) break;\n\n        fill(row, row + r, false);\n        fill(col, col + c, false);\n\n        ans = nr = nc = 0;\n        for (int i = 0; i < q; i++) {\n            scanf("%d %d %d", &a[i], &b[i], &o[i]);\n        }\n\n        for (int i = q - 1; i >= 0; i--) {\n            if (a[i]) {\n                if (!col[b[i]]) {\n                    if (o[i]) ans += r - nr;\n                    col[b[i]] = true;\n                    nc++;\n                }\n            } else {\n                if (!row[b[i]]) {\n                    if (o[i]) ans += c - nc;\n                    row[b[i]] = true;\n                    nr++;\n                }\n            }\n        }\n        printf("%lld\\n", ans);\n    }\n}')"
2025-01-26 23:12:24,233	[INFO]	0-2     COMPILE_CODE_ERROR    None (--) [1 edit(s)]  
2025-01-26 23:12:24,234	[DEBUG]	patch(0-2)="LineLLMMutation(('source.cpp', 1), '#include <iostream>\n#include <vector>\n\nusing namespace std;\n\nint main() {\n    int r, c, q;\n    long long int ans;\n    \n    while (1) {\n        cin >> r >> c >> q;\n        if (!r && !c && !q) break;\n\n        vector<bool> row(r, false), col(c, false);\n        vector<int> a(q), b(q), o(q);\n        ans = 0;\n\n        for (int i = 0; i < q; i++) {\n            cin >> a[i] >> b[i] >> o[i];\n        }\n\n        for (int i = q - 1; i >= 0; i--) {\n            if (a[i]) {\n                if (!col[b[i]]) {\n                    if (o[i]) ans += r - count(row.begin(), row.end(), true);\n                    col[b[i]] = true;\n                }\n            } else {\n                if (!row[b[i]]) {\n                    if (o[i]) ans += c - count(col.begin(), col.end(), true);\n                    row[b[i]] = true;\n                }\n            }\n        }\n        cout << ans << endl;\n    }\n}')"
2025-01-26 23:12:25,589	[INFO]	0-3     TEST_CODE_ERROR       None (--) [1 edit(s)]  
2025-01-26 23:12:25,589	[DEBUG]	patch(0-3)="LineLLMMutation(('source.cpp', 2), '#include <iostream>\n#include <vector>\n\nusing namespace std;\n\nint main() {\n    int r, c, q;\n    \n    while (1) {\n        cin >> r >> c >> q;\n        if (!r && !c && !q) break;\n\n        vector<bool> row(r, false), col(c, false);\n        long long int ans = 0;\n        int nr = 0, nc = 0;\n\n        for (int i = 0; i < q; i++) {\n            int a, b, o;\n            cin >> a >> b >> o;\n            if (a) {\n                if (!col[b]) {\n                    if (o) ans += r - nr;\n                    col[b] = true;\n                    nc++;\n                }\n            } else {\n                if (!row[b]) {\n                    if (o) ans += c - nc;\n                    row[b] = true;\n                    nr++;\n                }\n            }\n        }\n        cout << ans << endl;\n    }\n}')"
2025-01-26 23:12:26,822	[INFO]	0-4     COMPILE_CODE_ERROR    None (--) [1 edit(s)]  
2025-01-26 23:12:26,822	[DEBUG]	patch(0-4)="LineLLMMutation(('source.cpp', 3), '#include <iostream>\n#include <vector>\n\nusing namespace std;\n\nint main() {\n    int r, c, q;\n    \n    while (1) {\n        cin >> r >> c >> q;\n        if (!r && !c && !q) break;\n\n        vector<bool> row(r), col(c);\n        long long int ans = 0;\n\n        for (int i = 0; i < q; i++) {\n            int a, b, o;\n            cin >> a >> b >> o;\n            if (a) {\n                if (!col[b]) {\n                    if (o) ans += r - count(row.begin(), row.end(), true);\n                    col[b] = true;\n                }\n            } else {\n                if (!row[b]) {\n                    if (o) ans += c - count(col.begin(), col.end(), true);\n                    row[b] = true;\n                }\n            }\n        }\n        cout << ans << endl;\n    }\n}')"
2025-01-26 23:12:28,037	[INFO]	0-5     COMPILE_CODE_ERROR    None (--) [1 edit(s)]  
2025-01-26 23:12:28,037	[DEBUG]	patch(0-5)="LineLLMMutation(('source.cpp', 4), '#include <iostream>\n#include <array>\n\nusing namespace std;\n\nconst int MAX_SIZE = 50000;\n\nint main() {\n    int r, c, q;\n    \n    while (1) {\n        cin >> r >> c >> q;\n        if (!r && !c && !q) break;\n\n        array<bool, MAX_SIZE> row = {false}, col = {false};\n        long long int ans = 0;\n\n        for (int i = 0; i < q; i++) {\n            int a, b, o;\n            cin >> a >> b >> o;\n            if (a) {\n                if (!col[b]) {\n                    if (o) ans += r - count(row.begin(), row.end(), true);\n                    col[b] = true;\n                }\n            } else {\n                if (!row[b]) {\n                    if (o) ans += c - count(col.begin(), col.end(), true);\n                    row[b] = true;\n                }\n            }\n        }\n        cout << ans << endl;\n    }\n}')"
2025-01-26 23:12:29,445	[INFO]	0-6     TEST_CODE_ERROR       None (--) [1 edit(s)]  
2025-01-26 23:12:29,445	[DEBUG]	patch(0-6)="LineLLMMutation(('source.cpp', 5), '#include <iostream>\n#include <unordered_set>\n\nusing namespace std;\n\nint main() {\n    int r, c, q;\n\n    while (1) {\n        cin >> r >> c >> q;\n        if (!r && !c && !q) break;\n\n        unordered_set<int> row, col;\n        long long int ans = 0;\n\n        for (int i = 0; i < q; i++) {\n            int a, b, o;\n            cin >> a >> b >> o;\n            if (a) {\n                if (col.find(b) == col.end()) {\n                    if (o) ans += r - row.size();\n                    col.insert(b);\n                }\n            } else {\n                if (row.find(b) == row.end()) {\n                    if (o) ans += c - col.size();\n                    row.insert(b);\n                }\n            }\n        }\n        cout << ans << endl;\n    }\n}')"
2025-01-26 23:12:30,856	[INFO]	0-7     TEST_CODE_ERROR       None (--) [1 edit(s)]  
2025-01-26 23:12:30,856	[DEBUG]	patch(0-7)="LineLLMMutation(('source.cpp', 6), '#include <iostream>\n#include <unordered_set>\n\nusing namespace std;\n\nint main() {\n    int r, c, q;\n\n    while (1) {\n        cin >> r >> c >> q;\n        if (!r && !c && !q) break;\n\n        unordered_set<int> row, col;\n        long long int ans = 0;\n\n        for (int i = 0; i < q; i++) {\n            int a, b, o;\n            cin >> a >> b >> o;\n            if (a ? (col.find(b) == col.end()) : (row.find(b) == row.end())) {\n                if (o) ans += (a ? r : c) - (a ? row.size() : col.size());\n                (a ? col : row).insert(b);\n            }\n        }\n        cout << ans << endl;\n    }\n}')"
2025-01-26 23:12:32,271	[INFO]	0-8     TEST_CODE_ERROR       None (--) [1 edit(s)]  
2025-01-26 23:12:32,271	[DEBUG]	patch(0-8)="LineLLMMutation(('source.cpp', 7), '#include <iostream>\n#include <unordered_set>\n\nusing namespace std;\n\nint main() {\n    int r, c, q;\n\n    while (1) {\n        cin >> r >> c >> q;\n        if (!r && !c && !q) break;\n\n        unordered_set<int> row, col;\n        long long int ans = 0;\n\n        for (int i = 0; i < q; i++) {\n            int a, b, o;\n            cin >> a >> b >> o;\n            if (a ? (col.find(b) == col.end()) : (row.find(b) == row.end())) {\n                if (o) ans += (a ? r : c) - (a ? row.size() : col.size());\n                (a ? col : row).insert(b);\n            }\n        }\n        cout << ans << endl;\n    }\n}')"
2025-01-26 23:12:33,681	[INFO]	0-9     TEST_CODE_ERROR       None (--) [1 edit(s)]  
2025-01-26 23:12:33,681	[DEBUG]	patch(0-9)="LineLLMMutation(('source.cpp', 8), '#include <iostream>\n#include <unordered_set>\n\nusing namespace std;\n\nint main() {\n    int r, c, q;\n\n    while (1) {\n        cin >> r >> c >> q;\n        if (!r && !c && !q) break;\n\n        unordered_set<int> row, col;\n        long long int ans = 0;\n\n        for (int i = 0; i < q; i++) {\n            int a, b, o;\n            cin >> a >> b >> o;\n            auto& target_set = a ? col : row;\n            int target_size = a ? row.size() : col.size();\n            if (target_set.find(b) == target_set.end()) {\n                if (o) ans += (a ? r : c) - target_size;\n                target_set.insert(b);\n            }\n        }\n        cout << ans << endl;\n    }\n}')"
2025-01-26 23:12:35,091	[INFO]	0-10    TEST_CODE_ERROR       None (--) [1 edit(s)]  
2025-01-26 23:12:35,091	[DEBUG]	patch(0-10)="LineLLMMutation(('source.cpp', 9), '#include <iostream>\n#include <unordered_set>\n\nusing namespace std;\n\nint main() {\n    ios::sync_with_stdio(false);\n    int r, c, q;\n\n    while (1) {\n        cin >> r >> c >> q;\n        if (!r && !c && !q) break;\n\n        unordered_set<int> row, col;\n        long long int ans = 0;\n\n        for (int i = 0; i < q; i++) {\n            int a, b, o;\n            cin >> a >> b >> o;\n            auto& target_set = a ? col : row;\n            int target_size = a ? row.size() : col.size();\n            if (target_set.find(b) == target_set.end()) {\n                if (o) ans += (a ? r : c) - target_size;\n                target_set.insert(b);\n            }\n        }\n        cout << ans << endl;\n    }\n}')"
2025-01-26 23:12:36,091	[INFO]	Step: 10
2025-01-26 23:12:36,091	[INFO]	Stop Steps: 50
2025-01-26 23:12:37,697	[DEBUG]	EXEC>  SUCCESS 3260713.5
2025-01-26 23:12:37,697	[INFO]	REF     SUCCESS               3260713.50 (--) [0 edit(s)]  
2025-01-26 23:12:37,697	[INFO]	Best patch step: None
2025-01-26 23:13:42,919	[INFO]	Step: 10
2025-01-26 23:13:42,919	[INFO]	Stop Steps: 50
2025-01-26 23:13:43,089	[INFO]	1-1     TEST_CODE_ERROR       None (--) [1 edit(s)]  
2025-01-26 23:13:43,089	[DEBUG]	patch(1-1)="LineLLMCrossover(('source.cpp', 0), '#include <cstdio>\n#include <algorithm>\nusing namespace std;\n\nchar str[200005];\n\nint main() {\n    scanf("%s", str);\n    int ans = 0, a = -1;\n    for (int i = 0; str[i]; i++) {\n        if (str[i] == \'Z\') {\n            if (a != -1)\n                ans = max(ans, i - a);\n        } else if (str[i] == \'A\' && a == -1) {\n            a = i;\n        }\n    }\n    printf("%d\\n", ans + 1);\n    return 0;\n}')"
2025-01-26 23:13:43,090	[INFO]	Step: 11
2025-01-26 23:13:43,090	[INFO]	Stop Steps: 50
2025-01-26 23:13:45,447	[INFO]	1-2     TEST_CODE_ERROR       None (--) [1 edit(s)]  
2025-01-26 23:13:45,447	[DEBUG]	patch(1-2)="LineLLMCrossover(('source.cpp', 1), '#include <cstdio>\n#include <algorithm>\nusing namespace std;\n\ntypedef long long ll;\nconst int maxn = 200005;\nint n;\nll a[maxn], b[maxn];\n\nint main(void) {\n    scanf("%d", &n);\n    for (int i = 0; i < n; ++i) {\n        scanf("%lld%lld", &a[i], &b[i]);\n    }\n    ll ans = 0;\n    for (int i = n - 1; i >= 0; --i) {\n        ll cur = a[i] + ans;\n        ll tar = (cur + b[i] - 1) / b[i] * b[i];\n        ans += tar - cur;\n    }\n    printf("%lld\\n", ans);\n    return 0;\n}')"
2025-01-26 23:13:45,447	[INFO]	Step: 12
2025-01-26 23:13:45,447	[INFO]	Stop Steps: 50
2025-01-26 23:13:45,612	[INFO]	1-3     TEST_CODE_ERROR       None (--) [1 edit(s)]  
2025-01-26 23:13:45,613	[DEBUG]	patch(1-3)="LineLLMCrossover(('source.cpp', 2), '#include <cstdio>\n#include <algorithm>\nusing namespace std;\n\nchar str[200005];\n\nint main() {\n    scanf("%s", str);\n    int max_distance = 0, last_a = -1;\n    for (int i = 0; str[i]; i++) {\n        if (str[i] == \'A\' && last_a == -1) {\n            last_a = i;\n        } else if (str[i] == \'Z\' && last_a != -1) {\n            max_distance = max(max_distance, i - last_a);\n        }\n    }\n    printf("%d\\n", max_distance + 1);\n    return 0;\n}')"
2025-01-26 23:13:45,613	[INFO]	Step: 13
2025-01-26 23:13:45,613	[INFO]	Stop Steps: 50
2025-01-26 23:13:45,776	[INFO]	1-4     TEST_CODE_ERROR       None (--) [1 edit(s)]  
2025-01-26 23:13:45,777	[DEBUG]	patch(1-4)="LineLLMCrossover(('source.cpp', 3), '#include <cstdio>\n#include <algorithm>\nusing namespace std;\n\nconst int maxn = 100000;\nchar str[maxn];\n\nint main(void) {\n    scanf("%s", str);\n    int n = 0;\n    while (str[n]) n++; // Count the length of the string\n    int ans = 0, a = -1;\n    for (int i = 0; i < n; i++) {\n        if (str[i] == \'A\' && a == -1) {\n            a = i;\n        } else if (str[i] == \'Z\' && a != -1) {\n            ans = max(ans, i - a);\n        }\n    }\n    printf("%d\\n", ans + 1);\n    return 0;\n}')"
2025-01-26 23:13:45,777	[INFO]	Step: 14
2025-01-26 23:13:45,777	[INFO]	Stop Steps: 50
2025-01-26 23:13:46,182	[DEBUG]	EXEC>  SUCCESS 1818969.625
2025-01-26 23:13:46,183	[INFO]	1-5     SUCCESS              *1818969.62 (55.78%) [1 edit(s)]  
2025-01-26 23:13:46,183	[DEBUG]	patch(1-5)="LineLLMMutation(('source.cpp', 10), '#include <cstdio>\n\nusing namespace std;\n\nint main() {\n    int r, c, q, a[50000], b[50000], o[50000];\n    int nr, nc;\n    bool row[50000], col[50000];\n    long long int ans;\n\n    while (1) {\n        scanf("%d %d %d", &r, &c, &q);\n        if (!r && !c && !q) break;\n\n        for (int i = 0; i < r; i++) row[i] = false;\n        for (int i = 0; i < c; i++) col[i] = false;\n\n        ans = nr = nc = 0;\n        for (int i = 0; i < q; i++) scanf("%d %d %d", &a[i], &b[i], &o[i]);\n\n        for (int i = q - 1; i >= 0; i--) {\n            if (a[i]) {\n                if (!col[b[i]]) {\n                    if (o[i]) ans += r - nr;\n                    col[b[i]] = true;\n                    nc++;\n                }\n            } else {\n                if (!row[b[i]]) {\n                    if (o[i]) ans += c - nc;\n                    row[b[i]] = true;\n                    nr++;\n                }\n            }\n        }\n        printf("%lld\\n", ans);\n    }\n}')"

2025-01-26 23:13:46,183	[INFO]	Step: 15
2025-01-26 23:13:46,183	[INFO]	Stop Steps: 50
2025-01-26 23:13:46,497	[INFO]	1-6     TEST_CODE_ERROR       None (--) [1 edit(s)]  
2025-01-26 23:13:46,497	[DEBUG]	patch(1-6)="LineLLMMutation(('source.cpp', 11), '#include <iostream>\n\nusing namespace std;\n\nint main() {\n    int r, c, q, a[50000], b[50000], o[50000];\n    int nr, nc;\n    bool row[50000] = {false}, col[50000] = {false};  // Initialize arrays with false\n    long long int ans;\n\n    while (1) {\n        cin >> r >> c >> q;\n        if (!r && !c && !q) break;\n\n        ans = nr = nc = 0;\n\n        for (int i = 0; i < q; i++) cin >> a[i] >> b[i] >> o[i];\n\n        for (int i = q - 1; i >= 0; i--) {\n            if (a[i]) {\n                if (!col[b[i]]) {\n                    if (o[i]) ans += r - nr;\n                    col[b[i]] = true;\n                    nc++;\n                }\n            } else {\n                if (!row[b[i]]) {\n                    if (o[i]) ans += c - nc;\n                    row[b[i]] = true;\n                    nr++;\n                }\n            }\n        }\n        cout << ans << endl;\n    }\n}')"
2025-01-26 23:13:46,497	[INFO]	Step: 16
2025-01-26 23:13:46,498	[INFO]	Stop Steps: 50
2025-01-26 23:13:47,031	[DEBUG]	EXEC>  SUCCESS 2403610.5625
2025-01-26 23:13:47,032	[INFO]	1-7     SUCCESS               2403610.56 (73.71%) [1 edit(s)]  
2025-01-26 23:13:47,032	[DEBUG]	patch(1-7)="LineLLMMutation(('source.cpp', 12), '#include <iostream>\n#include <vector>\n\nusing namespace std;\n\nint main() {\n    int r, c, q;\n    long long int ans;\n\n    while (1) {\n        cin >> r >> c >> q;\n        if (!r && !c && !q) break;\n\n        vector<int> a(q), b(q), o(q);\n        vector<bool> row(r, false), col(c, false);\n        int nr = 0, nc = 0;\n        ans = 0;\n\n        for (int i = 0; i < q; i++) cin >> a[i] >> b[i] >> o[i];\n\n        for (int i = q - 1; i >= 0; i--) {\n            if (a[i]) {\n                if (!col[b[i]]) {\n                    if (o[i]) ans += r - nr;\n                    col[b[i]] = true;\n                    nc++;\n                }\n            } else {\n                if (!row[b[i]]) {\n                    if (o[i]) ans += c - nc;\n                    row[b[i]] = true;\n                    nr++;\n                }\n            }\n        }\n        cout << ans << endl;\n    }\n}')"
2025-01-26 23:13:47,032	[INFO]	Step: 17
2025-01-26 23:13:47,032	[INFO]	Stop Steps: 50
2025-01-26 23:13:47,343	[INFO]	1-8     TEST_CODE_ERROR       None (--) [1 edit(s)]  
2025-01-26 23:13:47,343	[DEBUG]	patch(1-8)="LineLLMMutation(('source.cpp', 13), '#include <iostream>\n\nusing namespace std;\n\nint main() {\n    int r, c, q;\n    long long int ans;\n\n    while (1) {\n        cin >> r >> c >> q;\n        if (!r && !c && !q) break;\n\n        int nr = 0, nc = 0;\n        ans = 0;\n        bool row[50000] = {false}, col[50000] = {false};\n\n        for (int i = 0; i < q; i++) {\n            int a, b, o;\n            cin >> a >> b >> o;\n            if (a) {\n                if (!col[b]) {\n                    if (o) ans += r - nr;\n                    col[b] = true;\n                    nc++;\n                }\n            } else {\n                if (!row[b]) {\n                    if (o) ans += c - nc;\n                    row[b] = true;\n                    nr++;\n                }\n            }\n        }\n        cout << ans << endl;\n    }\n}')"
2025-01-26 23:13:47,343	[INFO]	Step: 18
2025-01-26 23:13:47,343	[INFO]	Stop Steps: 50
2025-01-26 23:13:47,655	[INFO]	1-9     TEST_CODE_ERROR       None (--) [1 edit(s)]  
2025-01-26 23:13:47,655	[DEBUG]	patch(1-9)="LineLLMMutation(('source.cpp', 14), '#include <iostream>\n\nusing namespace std;\n\nint main() {\n    short r, c, q;\n    long long int ans;\n\n    while (1) {\n        cin >> r >> c >> q;\n        if (!r && !c && !q) break;\n\n        short nr = 0, nc = 0;\n        ans = 0;\n        bool row[50000] = {false}, col[50000] = {false};\n\n        for (short i = 0; i < q; i++) {\n            short a, b, o;\n            cin >> a >> b >> o;\n            if (a) {\n                if (!col[b]) {\n                    if (o) ans += r - nr;\n                    col[b] = true;\n                    nc++;\n                }\n            } else {\n                if (!row[b]) {\n                    if (o) ans += c - nc;\n                    row[b] = true;\n                    nr++;\n                }\n            }\n        }\n        cout << ans << endl;\n    }\n}')"
2025-01-26 23:13:47,655	[INFO]	Step: 19
2025-01-26 23:13:47,655	[INFO]	Stop Steps: 50
2025-01-26 23:13:47,965	[INFO]	1-10    TEST_CODE_ERROR       None (--) [1 edit(s)]  
2025-01-26 23:13:47,965	[DEBUG]	patch(1-10)="LineLLMMutation(('source.cpp', 15), '#include <iostream>\n\nusing namespace std;\n\nint main() {\n    int r, c, q;\n    long long int ans;\n\n    while (1) {\n        cin >> r >> c >> q;\n        if (!r && !c && !q) break;\n\n        int nr = 0, nc = 0;\n        ans = 0;\n        bool row[50000] = {false}, col[50000] = {false};\n\n        for (int i = 0; i < q; i++) {\n            int a, b, o;\n            cin >> a >> b >> o;\n            if (a) {\n                if (!col[b]) {\n                    if (o) ans += r - nr;\n                    col[b] = true;\n                    nc++;\n                }\n            } else {\n                if (!row[b]) {\n                    if (o) ans += c - nc;\n                    row[b] = true;\n                    nr++;\n                }\n            }\n            // Early exit if conditions are met\n            if (nr == r || nc == c) break;\n        }\n        cout << ans << endl;\n    }\n}')"
2025-01-26 23:13:47,965	[INFO]	Step: 20
2025-01-26 23:13:47,965	[INFO]	Stop Steps: 50
2025-01-26 23:13:49,456	[DEBUG]	EXEC>  SUCCESS 3332947.125
2025-01-26 23:13:49,457	[INFO]	REF     SUCCESS               3332947.12 (--) [0 edit(s)]  
2025-01-26 23:13:49,457	[INFO]	Best patch: 10
2025-01-26 23:13:49,745	[DEBUG]	EXEC>  SUCCESS 1844183.5625
2025-01-26 23:13:49,745	[INFO]	BEST    SUCCESS              *1844183.56 (55.33%) [0 edit(s)]  
2025-01-26 23:13:49,745	[INFO]	Best patch step: 14
2025-01-26 23:14:27,234	[INFO]	Step: 20
2025-01-26 23:14:27,234	[INFO]	Stop Steps: 50
2025-01-26 23:14:27,642	[DEBUG]	EXEC>  SUCCESS 1853612.5
2025-01-26 23:14:27,643	[INFO]	2-1     SUCCESS              +1853612.50 (55.61%) [1 edit(s)]  
2025-01-26 23:14:27,643	[DEBUG]	patch(2-1)="LineLLMMutation(('source.cpp', 10), '#include <cstdio>\n\nusing namespace std;\n\nint main() {\n    int r, c, q, a[50000], b[50000], o[50000];\n    int nr, nc;\n    bool row[50000], col[50000];\n    long long int ans;\n\n    while (1) {\n        scanf("%d %d %d", &r, &c, &q);\n        if (!r && !c && !q) break;\n\n        for (int i = 0; i < r; i++) row[i] = false;\n        for (int i = 0; i < c; i++) col[i] = false;\n\n        ans = nr = nc = 0;\n        for (int i = 0; i < q; i++) scanf("%d %d %d", &a[i], &b[i], &o[i]);\n\n        for (int i = q - 1; i >= 0; i--) {\n            if (a[i]) {\n                if (!col[b[i]]) {\n                    if (o[i]) ans += r - nr;\n                    col[b[i]] = true;\n                    nc++;\n                }\n            } else {\n                if (!row[b[i]]) {\n                    if (o[i]) ans += c - nc;\n                    row[b[i]] = true;\n                    nr++;\n                }\n            }\n        }\n        printf("%lld\\n", ans);\n    }\n}')"
2025-01-26 23:14:27,643	[INFO]	Step: 21
2025-01-26 23:14:27,643	[INFO]	Stop Steps: 50
2025-01-26 23:14:28,178	[DEBUG]	EXEC>  SUCCESS 2407693.9375
2025-01-26 23:14:28,179	[INFO]	2-2     SUCCESS               2407693.94 (72.24%) [1 edit(s)]  
2025-01-26 23:14:28,179	[DEBUG]	patch(2-2)="LineLLMMutation(('source.cpp', 12), '#include <iostream>\n#include <vector>\n\nusing namespace std;\n\nint main() {\n    int r, c, q;\n    long long int ans;\n\n    while (1) {\n        cin >> r >> c >> q;\n        if (!r && !c && !q) break;\n\n        vector<int> a(q), b(q), o(q);\n        vector<bool> row(r, false), col(c, false);\n        int nr = 0, nc = 0;\n        ans = 0;\n\n        for (int i = 0; i < q; i++) cin >> a[i] >> b[i] >> o[i];\n\n        for (int i = q - 1; i >= 0; i--) {\n            if (a[i]) {\n                if (!col[b[i]]) {\n                    if (o[i]) ans += r - nr;\n                    col[b[i]] = true;\n                    nc++;\n                }\n            } else {\n                if (!row[b[i]]) {\n                    if (o[i]) ans += c - nc;\n                    row[b[i]] = true;\n                    nr++;\n                }\n            }\n        }\n        cout << ans << endl;\n    }\n}')"
2025-01-26 23:14:28,179	[INFO]	Step: 22
2025-01-26 23:14:28,179	[INFO]	Stop Steps: 50
2025-01-26 23:14:28,609	[DEBUG]	EXEC>  SUCCESS 2402192.125
2025-01-26 23:14:28,609	[INFO]	2-3     SUCCESS               2402192.12 (72.07%) [1 edit(s)]  
2025-01-26 23:14:28,609	[DEBUG]	patch(2-3)="LineLLMCrossover(('source.cpp', 4), '#include <cstdio>\n#include <vector>\n\nusing namespace std;\n\nint main() {\n    int r, c, q;\n    long long int ans;\n\n    while (1) {\n        scanf("%d %d %d", &r, &c, &q);\n        if (!r && !c && !q) break;\n\n        vector<int> a(q), b(q), o(q);\n        vector<bool> row(r, false), col(c, false);\n        int nr = 0, nc = 0;\n        ans = 0;\n\n        for (int i = 0; i < q; i++) scanf("%d %d %d", &a[i], &b[i], &o[i]);\n\n        for (int i = q - 1; i >= 0; i--) {\n            if (a[i]) {\n                if (!col[b[i]]) {\n                    if (o[i]) ans += r - nr;\n                    col[b[i]] = true;\n                    nc++;\n                }\n            } else {\n                if (!row[b[i]]) {\n                    if (o[i]) ans += c - nc;\n                    row[b[i]] = true;\n                    nr++;\n                }\n            }\n        }\n        printf("%lld\\n", ans);\n    }\n}')"
2025-01-26 23:14:28,609	[INFO]	Step: 23
2025-01-26 23:14:28,609	[INFO]	Stop Steps: 50
2025-01-26 23:14:29,153	[DEBUG]	EXEC>  SUCCESS 2449045.8125
2025-01-26 23:14:29,153	[INFO]	2-4     SUCCESS               2449045.81 (73.48%) [1 edit(s)]  
2025-01-26 23:14:29,153	[DEBUG]	patch(2-4)="LineLLMCrossover(('source.cpp', 5), '#include <iostream>\n#include <vector>\n\nusing namespace std;\n\nint main() {\n    int r, c, q;\n    long long int ans;\n\n    while (true) {\n        cin >> r >> c >> q;\n        if (!r && !c && !q) break;\n\n        vector<int> a(q), b(q), o(q);\n        vector<bool> row(r, false), col(c, false);\n        int nr = 0, nc = 0;\n        ans = 0;\n\n        for (int i = 0; i < q; i++) cin >> a[i] >> b[i] >> o[i];\n\n        for (int i = q - 1; i >= 0; i--) {\n            if (a[i]) {\n                if (!col[b[i]]) {\n                    if (o[i]) ans += r - nr;\n                    col[b[i]] = true;\n                    nc++;\n                }\n            } else {\n                if (!row[b[i]]) {\n                    if (o[i]) ans += c - nc;\n                    row[b[i]] = true;\n                    nr++;\n                }\n            }\n        }\n        cout << ans << endl;\n    }\n}')"
2025-01-26 23:14:29,153	[INFO]	Step: 24
2025-01-26 23:14:29,153	[INFO]	Stop Steps: 50
2025-01-26 23:14:29,586	[DEBUG]	EXEC>  SUCCESS 2391708.3125
2025-01-26 23:14:29,586	[INFO]	2-5     SUCCESS               2391708.31 (71.76%) [1 edit(s)]  
2025-01-26 23:14:29,586	[DEBUG]	patch(2-5)="LineLLMCrossover(('source.cpp', 6), '#include <cstdio>\n#include <vector>\n\nusing namespace std;\n\nint main() {\n    int r, c, q;\n    long long int ans;\n\n    while (1) {\n        scanf("%d %d %d", &r, &c, &q);\n        if (!r && !c && !q) break;\n\n        vector<int> a(q), b(q), o(q);\n        vector<bool> row(r, false), col(c, false);\n        int nr = 0, nc = 0;\n        ans = 0;\n\n        for (int i = 0; i < q; i++) {\n            scanf("%d %d %d", &a[i], &b[i], &o[i]);\n        }\n\n        for (int i = q - 1; i >= 0; i--) {\n            if (a[i]) {\n                if (!col[b[i]]) {\n                    if (o[i]) ans += r - nr;\n                    col[b[i]] = true;\n                    nc++;\n                }\n            } else {\n                if (!row[b[i]]) {\n                    if (o[i]) ans += c - nc;\n                    row[b[i]] = true;\n                    nr++;\n                }\n            }\n        }\n        printf("%lld\\n", ans);\n    }\n}')"
2025-01-26 23:14:29,586	[INFO]	Step: 25
2025-01-26 23:14:29,586	[INFO]	Stop Steps: 50
2025-01-26 23:14:30,126	[DEBUG]	EXEC>  SUCCESS 2469467.5
2025-01-26 23:14:30,126	[INFO]	2-6     SUCCESS               2469467.50 (74.09%) [1 edit(s)]  
2025-01-26 23:14:30,126	[DEBUG]	patch(2-6)="LineLLMCrossover(('source.cpp', 7), '#include <iostream>\n#include <vector>\n\nusing namespace std;\n\nint main() {\n    int r, c, q;\n    long long int ans;\n\n    while (true) {\n        cin >> r >> c >> q;\n        if (!r && !c && !q) break;\n\n        vector<int> a(q), b(q), o(q);\n        vector<bool> row(r, false), col(c, false);\n        int nr = 0, nc = 0;\n        ans = 0;\n\n        for (int i = 0; i < q; i++) {\n            cin >> a[i] >> b[i] >> o[i];\n        }\n\n        for (int i = q - 1; i >= 0; i--) {\n            if (a[i]) {\n                if (!col[b[i]]) {\n                    if (o[i]) ans += r - nr;\n                    col[b[i]] = true;\n                    nc++;\n                }\n            } else {\n                if (!row[b[i]]) {\n                    if (o[i]) ans += c - nc;\n                    row[b[i]] = true;\n                    nr++;\n                }\n            }\n        }\n        cout << ans << endl;\n    }\n}')"
2025-01-26 23:14:30,126	[INFO]	Step: 26
2025-01-26 23:14:30,126	[INFO]	Stop Steps: 50
2025-01-26 23:14:30,412	[DEBUG]	EXEC>  SUCCESS 1826781.125
2025-01-26 23:14:30,412	[INFO]	2-7     SUCCESS              *1826781.12 (54.81%) [2 edit(s)]  
2025-01-26 23:14:30,412	[DEBUG]	patch(2-7)="LineLLMMutation(('source.cpp', 10), '#include <cstdio>\n\nusing namespace std;\n\nint main() {\n    int r, c, q, a[50000], b[50000], o[50000];\n    int nr, nc;\n    bool row[50000], col[50000];\n    long long int ans;\n\n    while (1) {\n        scanf("%d %d %d", &r, &c, &q);\n        if (!r && !c && !q) break;\n\n        for (int i = 0; i < r; i++) row[i] = false;\n        for (int i = 0; i < c; i++) col[i] = false;\n\n        ans = nr = nc = 0;\n        for (int i = 0; i < q; i++) scanf("%d %d %d", &a[i], &b[i], &o[i]);\n\n        for (int i = q - 1; i >= 0; i--) {\n            if (a[i]) {\n                if (!col[b[i]]) {\n                    if (o[i]) ans += r - nr;\n                    col[b[i]] = true;\n                    nc++;\n                }\n            } else {\n                if (!row[b[i]]) {\n                    if (o[i]) ans += c - nc;\n                    row[b[i]] = true;\n                    nr++;\n                }\n            }\n        }\n        printf("%lld\\n", ans);\n    }\n}') | LineLLMMutation(('source.cpp', 16), '#include <cstdio>\n\nusing namespace std;\n\nint main() {\n    int r, c, q, a[50000], b[50000], o[50000];\n    int nr, nc;\n    long long int ans;\n\n    while (1) {\n        scanf("%d %d %d", &r, &c, &q);\n        if (!r && !c && !q) break;\n\n        bool row[50000] = { false };\n        bool col[50000] = { false };\n\n        ans = nr = nc = 0;\n        for (int i = 0; i < q; i++) scanf("%d %d %d", &a[i], &b[i], &o[i]);\n\n        for (int i = q - 1; i >= 0; i--) {\n            if (a[i] && !col[b[i]]) {\n                col[b[i]] = true;\n                ans += o[i] ? r - nr : 0; // Only update ans if o[i] is true\n                nc++;\n            } else if (!a[i] && !row[b[i]]) {\n                row[b[i]] = true;\n                ans += o[i] ? c - nc : 0; // Only update ans if o[i] is true\n                nr++;\n            }\n        }\n        printf("%lld\\n", ans);\n    }\n}')"

2025-01-26 23:14:30,412	[INFO]	Step: 27
2025-01-26 23:14:30,412	[INFO]	Stop Steps: 50
2025-01-26 23:14:30,935	[DEBUG]	EXEC>  SUCCESS 2422309.125
2025-01-26 23:14:30,935	[INFO]	2-8     SUCCESS               2422309.12 (72.68%) [2 edit(s)]  
2025-01-26 23:14:30,935	[DEBUG]	patch(2-8)="LineLLMMutation(('source.cpp', 12), '#include <iostream>\n#include <vector>\n\nusing namespace std;\n\nint main() {\n    int r, c, q;\n    long long int ans;\n\n    while (1) {\n        cin >> r >> c >> q;\n        if (!r && !c && !q) break;\n\n        vector<int> a(q), b(q), o(q);\n        vector<bool> row(r, false), col(c, false);\n        int nr = 0, nc = 0;\n        ans = 0;\n\n        for (int i = 0; i < q; i++) cin >> a[i] >> b[i] >> o[i];\n\n        for (int i = q - 1; i >= 0; i--) {\n            if (a[i]) {\n                if (!col[b[i]]) {\n                    if (o[i]) ans += r - nr;\n                    col[b[i]] = true;\n                    nc++;\n                }\n            } else {\n                if (!row[b[i]]) {\n                    if (o[i]) ans += c - nc;\n                    row[b[i]] = true;\n                    nr++;\n                }\n            }\n        }\n        cout << ans << endl;\n    }\n}') | LineLLMMutation(('source.cpp', 17), '#include <iostream>\n#include <vector>\n#include <cstring>\n\nusing namespace std;\n\nint main() {\n    int r, c, q;\n    long long int ans;\n\n    while (1) {\n        cin >> r >> c >> q;\n        if (!r && !c && !q) break;\n\n        vector<int> a(q), b(q), o(q);\n        bool row[1000] = {false};  // assuming max rows\n        bool col[1000] = {false};  // assuming max cols\n        int nr = 0, nc = 0;\n        ans = 0;\n\n        for (int i = 0; i < q; i++) cin >> a[i] >> b[i] >> o[i];\n\n        for (int i = q - 1; i >= 0; i--) {\n            if (a[i]) {\n                if (!col[b[i]]) {\n                    if (o[i]) ans += r - nr;\n                    col[b[i]] = true;\n                    nc++;\n                }\n            } else {\n                if (!row[b[i]]) {\n                    if (o[i]) ans += c - nc;\n                    row[b[i]] = true;\n                    nr++;\n                }\n            }\n        }\n        cout << ans << endl;\n    }\n}')"
2025-01-26 23:14:30,935	[INFO]	Step: 28
2025-01-26 23:14:30,935	[INFO]	Stop Steps: 50
2025-01-26 23:14:31,225	[DEBUG]	EXEC>  SUCCESS 1858755.25
2025-01-26 23:14:31,225	[INFO]	2-9     SUCCESS               1858755.25 (55.77%) [1 edit(s)]  
2025-01-26 23:14:31,226	[DEBUG]	patch(2-9)="LineLLMMutation(('source.cpp', 18), '#include <cstdio>\n#include <cstring>\nusing namespace std;\n\nint main() {\n    int r, c, q, a[50000], b[50000], o[50000];\n    int nr, nc;\n    bool row[50000], col[50000];\n    long long int ans;\n\n    while (1) {\n        scanf("%d %d %d", &r, &c, &q);\n\n        if (!r && !c && !q) break;\n\n        memset(row, false, sizeof(row));\n        memset(col, false, sizeof(col));\n\n        ans = nr = nc = 0;\n\n        for (int i = 0; i < q; i++) {\n            scanf("%d %d %d", &a[i], &b[i], &o[i]);\n        }\n\n        for (int i = q - 1; i >= 0; i--) {\n            if (a[i]) {\n                if (!col[b[i]]) {\n                    if (o[i]) ans += r - nr;\n                    col[b[i]] = true;\n                    nc++;\n                }\n            } else {\n                if (!row[b[i]]) {\n                    if (o[i]) ans += c - nc;\n                    row[b[i]] = true;\n                    nr++;\n                }\n            }\n        }\n\n        printf("%lld\\n", ans);\n    }\n}')"
2025-01-26 23:14:31,226	[INFO]	Step: 29
2025-01-26 23:14:31,226	[INFO]	Stop Steps: 50
2025-01-26 23:14:31,514	[DEBUG]	EXEC>  SUCCESS 1838401.5
2025-01-26 23:14:31,514	[INFO]	2-10    SUCCESS               1838401.50 (55.16%) [1 edit(s)]  
2025-01-26 23:14:31,514	[DEBUG]	patch(2-10)="LineLLMMutation(('source.cpp', 19), '#include <cstdio>\n#include <cstring>\nusing namespace std;\n\nint main() {\n    int r, c, q, a[50000], b[50000], o[50000];\n    long long int ans;\n\n    while (true) {\n        scanf("%d %d %d", &r, &c, &q);\n        if (!r && !c && !q) break;\n\n        bool row[50000] = {false};\n        bool col[50000] = {false};\n        ans = 0;\n        int nr = 0, nc = 0;\n\n        for (int i = 0; i < q; i++) {\n            scanf("%d %d %d", &a[i], &b[i], &o[i]);\n        }\n\n        for (int i = q - 1; i >= 0; i--) {\n            if (a[i]) {\n                if (!col[b[i]]) {\n                    if (o[i]) ans += r - nr;\n                    col[b[i]] = true;\n                    nc++;\n                }\n            } else {\n                if (!row[b[i]]) {\n                    if (o[i]) ans += c - nc;\n                    row[b[i]] = true;\n                    nr++;\n                }\n            }\n        }\n\n        printf("%lld\\n", ans);\n    }\n}')"
2025-01-26 23:14:31,514	[INFO]	Step: 30
2025-01-26 23:14:31,514	[INFO]	Stop Steps: 50
2025-01-26 23:14:33,005	[DEBUG]	EXEC>  SUCCESS 3262110.375
2025-01-26 23:14:33,005	[INFO]	REF     SUCCESS               3262110.38 (--) [0 edit(s)]  
2025-01-26 23:14:33,005	[INFO]	Best patch: 10_16
2025-01-26 23:14:33,292	[DEBUG]	EXEC>  SUCCESS 1833466.5625
2025-01-26 23:14:33,292	[INFO]	BEST    SUCCESS              *1833466.56 (56.20%) [0 edit(s)]  
2025-01-26 23:14:33,292	[INFO]	Best patch step: 26
2025-01-26 23:15:34,754	[INFO]	Step: 30
2025-01-26 23:15:34,754	[INFO]	Stop Steps: 50
2025-01-26 23:15:35,164	[DEBUG]	EXEC>  SUCCESS 1853110.75
2025-01-26 23:15:35,164	[INFO]	3-1     SUCCESS              +1853110.75 (56.81%) [2 edit(s)]  
2025-01-26 23:15:35,164	[DEBUG]	patch(3-1)="LineLLMMutation(('source.cpp', 10), '#include <cstdio>\n\nusing namespace std;\n\nint main() {\n    int r, c, q, a[50000], b[50000], o[50000];\n    int nr, nc;\n    bool row[50000], col[50000];\n    long long int ans;\n\n    while (1) {\n        scanf("%d %d %d", &r, &c, &q);\n        if (!r && !c && !q) break;\n\n        for (int i = 0; i < r; i++) row[i] = false;\n        for (int i = 0; i < c; i++) col[i] = false;\n\n        ans = nr = nc = 0;\n        for (int i = 0; i < q; i++) scanf("%d %d %d", &a[i], &b[i], &o[i]);\n\n        for (int i = q - 1; i >= 0; i--) {\n            if (a[i]) {\n                if (!col[b[i]]) {\n                    if (o[i]) ans += r - nr;\n                    col[b[i]] = true;\n                    nc++;\n                }\n            } else {\n                if (!row[b[i]]) {\n                    if (o[i]) ans += c - nc;\n                    row[b[i]] = true;\n                    nr++;\n                }\n            }\n        }\n        printf("%lld\\n", ans);\n    }\n}') | LineLLMMutation(('source.cpp', 16), '#include <cstdio>\n\nusing namespace std;\n\nint main() {\n    int r, c, q, a[50000], b[50000], o[50000];\n    int nr, nc;\n    long long int ans;\n\n    while (1) {\n        scanf("%d %d %d", &r, &c, &q);\n        if (!r && !c && !q) break;\n\n        bool row[50000] = { false };\n        bool col[50000] = { false };\n\n        ans = nr = nc = 0;\n        for (int i = 0; i < q; i++) scanf("%d %d %d", &a[i], &b[i], &o[i]);\n\n        for (int i = q - 1; i >= 0; i--) {\n            if (a[i] && !col[b[i]]) {\n                col[b[i]] = true;\n                ans += o[i] ? r - nr : 0; // Only update ans if o[i] is true\n                nc++;\n            } else if (!a[i] && !row[b[i]]) {\n                row[b[i]] = true;\n                ans += o[i] ? c - nc : 0; // Only update ans if o[i] is true\n                nr++;\n            }\n        }\n        printf("%lld\\n", ans);\n    }\n}')"
2025-01-26 23:15:35,164	[INFO]	Step: 31
2025-01-26 23:15:35,164	[INFO]	Stop Steps: 50
2025-01-26 23:15:35,454	[DEBUG]	EXEC>  SUCCESS 1856311.9375
2025-01-26 23:15:35,454	[INFO]	3-2     SUCCESS               1856311.94 (56.91%) [1 edit(s)]  
2025-01-26 23:15:35,454	[DEBUG]	patch(3-2)="LineLLMMutation(('source.cpp', 19), '#include <cstdio>\n#include <cstring>\nusing namespace std;\n\nint main() {\n    int r, c, q, a[50000], b[50000], o[50000];\n    long long int ans;\n\n    while (true) {\n        scanf("%d %d %d", &r, &c, &q);\n        if (!r && !c && !q) break;\n\n        bool row[50000] = {false};\n        bool col[50000] = {false};\n        ans = 0;\n        int nr = 0, nc = 0;\n\n        for (int i = 0; i < q; i++) {\n            scanf("%d %d %d", &a[i], &b[i], &o[i]);\n        }\n\n        for (int i = q - 1; i >= 0; i--) {\n            if (a[i]) {\n                if (!col[b[i]]) {\n                    if (o[i]) ans += r - nr;\n                    col[b[i]] = true;\n                    nc++;\n                }\n            } else {\n                if (!row[b[i]]) {\n                    if (o[i]) ans += c - nc;\n                    row[b[i]] = true;\n                    nr++;\n                }\n            }\n        }\n\n        printf("%lld\\n", ans);\n    }\n}')"
2025-01-26 23:15:35,454	[INFO]	Step: 32
2025-01-26 23:15:35,454	[INFO]	Stop Steps: 50
2025-01-26 23:15:35,744	[DEBUG]	EXEC>  SUCCESS 1847033.375
2025-01-26 23:15:35,744	[INFO]	3-3     SUCCESS              +1847033.38 (56.62%) [1 edit(s)]  
2025-01-26 23:15:35,744	[DEBUG]	patch(3-3)="LineLLMCrossover(('source.cpp', 8), '#include <cstdio>\n#include <cstring>\nusing namespace std;\n\nint main() {\n    int r, c, q, a[50000], b[50000], o[50000];\n    int nr, nc;\n    bool row[50000], col[50000];\n    long long int ans;\n\n    while (1) {\n        scanf("%d %d %d", &r, &c, &q);\n        if (!r && !c && !q) break;\n\n        memset(row, false, sizeof(row));\n        memset(col, false, sizeof(col));\n\n        ans = nr = nc = 0;\n        for (int i = 0; i < q; i++) {\n            scanf("%d %d %d", &a[i], &b[i], &o[i]);\n        }\n\n        for (int i = q - 1; i >= 0; i--) {\n            if (a[i] && !col[b[i]]) {\n                col[b[i]] = true;\n                ans += o[i] ? r - nr : 0;\n                nc++;\n            } else if (!a[i] && !row[b[i]]) {\n                row[b[i]] = true;\n                ans += o[i] ? c - nc : 0;\n                nr++;\n            }\n        }\n        printf("%lld\\n", ans);\n    }\n}')"
2025-01-26 23:15:35,744	[INFO]	Step: 33
2025-01-26 23:15:35,744	[INFO]	Stop Steps: 50
2025-01-26 23:15:36,043	[DEBUG]	EXEC>  SUCCESS 1855887.875
2025-01-26 23:15:36,043	[INFO]	3-4     SUCCESS               1855887.88 (56.89%) [1 edit(s)]  
2025-01-26 23:15:36,043	[DEBUG]	patch(3-4)="LineLLMCrossover(('source.cpp', 9), '#include <cstdio>\n#include <cstring>\nusing namespace std;\n\nint main() {\n    int r, c, q, a[50000], b[50000], o[50000];\n    long long int ans;\n\n    while (true) {\n        scanf("%d %d %d", &r, &c, &q);\n        if (!r && !c && !q) break;\n\n        bool row[50000] = {false};\n        bool col[50000] = {false};\n        ans = 0;\n        int nr = 0, nc = 0;\n\n        for (int i = 0; i < q; i++) {\n            scanf("%d %d %d", &a[i], &b[i], &o[i]);\n        }\n\n        for (int i = q - 1; i >= 0; i--) {\n            if (a[i]) {\n                if (!col[b[i]]) {\n                    if (o[i]) ans += r - nr;\n                    col[b[i]] = true;\n                    nc++;\n                }\n            } else {\n                if (!row[b[i]]) {\n                    if (o[i]) ans += c - nc;\n                    row[b[i]] = true;\n                    nr++;\n                }\n            }\n        }\n        printf("%lld\\n", ans);\n    }\n}')"
2025-01-26 23:15:36,043	[INFO]	Step: 34
2025-01-26 23:15:36,043	[INFO]	Stop Steps: 50
2025-01-26 23:15:36,177	[INFO]	3-5     TEST_CODE_ERROR       None (--) [1 edit(s)]  
2025-01-26 23:15:36,177	[DEBUG]	patch(3-5)="LineLLMCrossover(('source.cpp', 10), '#include <cstdio>\n#include <cstring>\nusing namespace std;\n\nint main() {\n    int r, c, q, a[50000], b[50000], o[50000];\n    long long ans;\n    bool row[50000] = {false}, col[50000] = {false};\n    int nr = 0, nc = 0;\n\n    while (true) {\n        scanf("%d %d %d", &r, &c, &q);\n        if (!r && !c && !q) break;\n\n        memset(row, false, sizeof(row));\n        memset(col, false, sizeof(col));\n        ans = 0;\n\n        for (int i = 0; i < q; i++) scanf("%d %d %d", &a[i], &b[i], &o[i]);\n\n        for (int i = q - 1; i >= 0; i--) {\n            if (a[i]) {\n                if (!col[b[i]]) {\n                    if (o[i]) ans += r - nr;\n                    col[b[i]] = true;\n                    nc++;\n                }\n            } else {\n                if (!row[b[i]]) {\n                    if (o[i]) ans += c - nc;\n                    row[b[i]] = true;\n                    nr++;\n                }\n            }\n        }\n        printf("%lld\\n", ans);\n    }\n}')"
2025-01-26 23:15:36,177	[INFO]	Step: 35
2025-01-26 23:15:36,177	[INFO]	Stop Steps: 50
2025-01-26 23:15:36,466	[DEBUG]	EXEC>  SUCCESS 1872399.25
2025-01-26 23:15:36,467	[INFO]	3-6     SUCCESS               1872399.25 (57.40%) [1 edit(s)]  
2025-01-26 23:15:36,467	[DEBUG]	patch(3-6)="LineLLMCrossover(('source.cpp', 11), '#include <cstdio>\n#include <cstring>\nusing namespace std;\n\nint main() {\n    int r, c, q, a[50000], b[50000], o[50000];\n    long long int ans;\n\n    while (1) {\n        scanf("%d %d %d", &r, &c, &q);\n        if (!r && !c && !q) break;\n\n        bool row[50000] = {false}, col[50000] = {false};\n        ans = 0;\n        int nr = 0, nc = 0;\n\n        for (int i = 0; i < q; i++) {\n            scanf("%d %d %d", &a[i], &b[i], &o[i]);\n        }\n\n        for (int i = q - 1; i >= 0; i--) {\n            if (a[i]) {\n                if (!col[b[i]]) {\n                    if (o[i]) ans += r - nr;\n                    col[b[i]] = true;\n                    nc++;\n                }\n            } else {\n                if (!row[b[i]]) {\n                    if (o[i]) ans += c - nc;\n                    row[b[i]] = true;\n                    nr++;\n                }\n            }\n        }\n        printf("%lld\\n", ans);\n    }\n}')"
2025-01-26 23:15:36,467	[INFO]	Step: 36
2025-01-26 23:15:36,467	[INFO]	Stop Steps: 50
2025-01-26 23:15:36,750	[DEBUG]	EXEC>  SUCCESS 1891025.5625
2025-01-26 23:15:36,751	[INFO]	3-7     SUCCESS               1891025.56 (57.97%) [3 edit(s)]  
2025-01-26 23:15:36,751	[DEBUG]	patch(3-7)="LineLLMMutation(('source.cpp', 10), '#include <cstdio>\n\nusing namespace std;\n\nint main() {\n    int r, c, q, a[50000], b[50000], o[50000];\n    int nr, nc;\n    bool row[50000], col[50000];\n    long long int ans;\n\n    while (1) {\n        scanf("%d %d %d", &r, &c, &q);\n        if (!r && !c && !q) break;\n\n        for (int i = 0; i < r; i++) row[i] = false;\n        for (int i = 0; i < c; i++) col[i] = false;\n\n        ans = nr = nc = 0;\n        for (int i = 0; i < q; i++) scanf("%d %d %d", &a[i], &b[i], &o[i]);\n\n        for (int i = q - 1; i >= 0; i--) {\n            if (a[i]) {\n                if (!col[b[i]]) {\n                    if (o[i]) ans += r - nr;\n                    col[b[i]] = true;\n                    nc++;\n                }\n            } else {\n                if (!row[b[i]]) {\n                    if (o[i]) ans += c - nc;\n                    row[b[i]] = true;\n                    nr++;\n                }\n            }\n        }\n        printf("%lld\\n", ans);\n    }\n}') | LineLLMMutation(('source.cpp', 16), '#include <cstdio>\n\nusing namespace std;\n\nint main() {\n    int r, c, q, a[50000], b[50000], o[50000];\n    int nr, nc;\n    long long int ans;\n\n    while (1) {\n        scanf("%d %d %d", &r, &c, &q);\n        if (!r && !c && !q) break;\n\n        bool row[50000] = { false };\n        bool col[50000] = { false };\n\n        ans = nr = nc = 0;\n        for (int i = 0; i < q; i++) scanf("%d %d %d", &a[i], &b[i], &o[i]);\n\n        for (int i = q - 1; i >= 0; i--) {\n            if (a[i] && !col[b[i]]) {\n                col[b[i]] = true;\n                ans += o[i] ? r - nr : 0; // Only update ans if o[i] is true\n                nc++;\n            } else if (!a[i] && !row[b[i]]) {\n                row[b[i]] = true;\n                ans += o[i] ? c - nc : 0; // Only update ans if o[i] is true\n                nr++;\n            }\n        }\n        printf("%lld\\n", ans);\n    }\n}') | LineLLMMutation(('source.cpp', 20), '#include <cstdio>\n\nusing namespace std;\n\nint main() {\n    int r, c, q, a[50000], b[50000], o[50000];\n    long long int ans;\n\n    while (1) {\n        scanf("%d %d %d", &r, &c, &q);\n        if (!r && !c && !q) break;\n\n        bool row[50000] = { false }, col[50000] = { false };\n        ans = 0;\n        int nr = 0, nc = 0;\n\n        for (int i = 0; i < q; i++) {\n            scanf("%d %d %d", &a[i], &b[i], &o[i]);\n        }\n\n        for (int i = q - 1; i >= 0; i--) {\n            if (a[i] && !col[b[i]]) {\n                col[b[i]] = true;\n                ans += o[i] ? r - nr : 0;\n                nc++;\n            } else if (!a[i] && !row[b[i]]) {\n                row[b[i]] = true;\n                ans += o[i] ? c - nc : 0;\n                nr++;\n            }\n        }\n        printf("%lld\\n", ans);\n    }\n}')"
2025-01-26 23:15:36,751	[INFO]	Step: 37
2025-01-26 23:15:36,751	[INFO]	Stop Steps: 50
2025-01-26 23:15:37,224	[DEBUG]	EXEC>  SUCCESS 3213881.125
2025-01-26 23:15:37,224	[INFO]	3-8     SUCCESS               3213881.12 (98.52%) [2 edit(s)]  
2025-01-26 23:15:37,224	[DEBUG]	patch(3-8)="LineLLMMutation(('source.cpp', 19), '#include <cstdio>\n#include <cstring>\nusing namespace std;\n\nint main() {\n    int r, c, q, a[50000], b[50000], o[50000];\n    long long int ans;\n\n    while (true) {\n        scanf("%d %d %d", &r, &c, &q);\n        if (!r && !c && !q) break;\n\n        bool row[50000] = {false};\n        bool col[50000] = {false};\n        ans = 0;\n        int nr = 0, nc = 0;\n\n        for (int i = 0; i < q; i++) {\n            scanf("%d %d %d", &a[i], &b[i], &o[i]);\n        }\n\n        for (int i = q - 1; i >= 0; i--) {\n            if (a[i]) {\n                if (!col[b[i]]) {\n                    if (o[i]) ans += r - nr;\n                    col[b[i]] = true;\n                    nc++;\n                }\n            } else {\n                if (!row[b[i]]) {\n                    if (o[i]) ans += c - nc;\n                    row[b[i]] = true;\n                    nr++;\n                }\n            }\n        }\n\n        printf("%lld\\n", ans);\n    }\n}') | LineLLMMutation(('source.cpp', 21), '#include <cstdio>\n#include <cstring>\n#include <unordered_set>\nusing namespace std;\n\nint main() {\n    int r, c, q, a[50000], b[50000], o[50000];\n    long long int ans;\n\n    while (true) {\n        scanf("%d %d %d", &r, &c, &q);\n        if (!r && !c && !q) break;\n\n        unordered_set<int> row, col;  // Using unordered_set for faster lookups\n        ans = 0;\n\n        for (int i = 0; i < q; i++) {\n            scanf("%d %d %d", &a[i], &b[i], &o[i]);\n        }\n\n        int nr = 0, nc = 0; // Track number of filled rows and columns\n\n        for (int i = q - 1; i >= 0; i--) {\n            if (a[i]) { // Column operation\n                if (col.find(b[i]) == col.end()) { // If column b[i] is not filled\n                    if (o[i]) ans += r - nr; // Update answer if it\'s an operation\n                    col.insert(b[i]); // Mark column as filled\n                    nc++;\n                }\n            } else { // Row operation\n                if (row.find(b[i]) == row.end()) { // If row b[i] is not filled\n                    if (o[i]) ans += c - nc; // Update answer if it\'s an operation\n                    row.insert(b[i]); // Mark row as filled\n                    nr++;\n                }\n            }\n        }\n\n        printf("%lld\\n", ans);\n    }\n}')"
2025-01-26 23:15:37,224	[INFO]	Step: 38
2025-01-26 23:15:37,224	[INFO]	Stop Steps: 50
2025-01-26 23:15:37,353	[INFO]	3-9     TEST_CODE_ERROR       None (--) [2 edit(s)]  
2025-01-26 23:15:37,353	[DEBUG]	patch(3-9)="LineLLMMutation(('source.cpp', 10), '#include <cstdio>\n\nusing namespace std;\n\nint main() {\n    int r, c, q, a[50000], b[50000], o[50000];\n    int nr, nc;\n    bool row[50000], col[50000];\n    long long int ans;\n\n    while (1) {\n        scanf("%d %d %d", &r, &c, &q);\n        if (!r && !c && !q) break;\n\n        for (int i = 0; i < r; i++) row[i] = false;\n        for (int i = 0; i < c; i++) col[i] = false;\n\n        ans = nr = nc = 0;\n        for (int i = 0; i < q; i++) scanf("%d %d %d", &a[i], &b[i], &o[i]);\n\n        for (int i = q - 1; i >= 0; i--) {\n            if (a[i]) {\n                if (!col[b[i]]) {\n                    if (o[i]) ans += r - nr;\n                    col[b[i]] = true;\n                    nc++;\n                }\n            } else {\n                if (!row[b[i]]) {\n                    if (o[i]) ans += c - nc;\n                    row[b[i]] = true;\n                    nr++;\n                }\n            }\n        }\n        printf("%lld\\n", ans);\n    }\n}') | LineLLMMutation(('source.cpp', 22), '#include <cstdio>\nusing namespace std;\n\nint main() {\n    int r, c, q, a[50000], b[50000], o[50000];\n    int nr = 0, nc = 0;\n    long long int ans;\n\n    while (1) {\n        scanf("%d %d %d", &r, &c, &q);\n        if (!r && !c && !q) break;\n\n        ans = 0;\n        int filledRows = 0, filledCols = 0;\n        for (int i = 0; i < q; i++) scanf("%d %d %d", &a[i], &b[i], &o[i]);\n\n        for (int i = q - 1; i >= 0; i--) {\n            if (a[i]) {\n                if (o[i]) ans += r - filledRows;\n                filledCols++;\n            } else {\n                if (o[i]) ans += c - filledCols;\n                filledRows++;\n            }\n        }\n        printf("%lld\\n", ans);\n    }\n}')"
2025-01-26 23:15:37,353	[INFO]	Step: 39
2025-01-26 23:15:37,353	[INFO]	Stop Steps: 50
2025-01-26 23:15:37,482	[INFO]	3-10    COMPILE_CODE_ERROR    None (--) [2 edit(s)]  
2025-01-26 23:15:37,482	[DEBUG]	patch(3-10)="LineLLMMutation(('source.cpp', 18), '#include <cstdio>\n#include <cstring>\nusing namespace std;\n\nint main() {\n    int r, c, q, a[50000], b[50000], o[50000];\n    int nr, nc;\n    bool row[50000], col[50000];\n    long long int ans;\n\n    while (1) {\n        scanf("%d %d %d", &r, &c, &q);\n\n        if (!r && !c && !q) break;\n\n        memset(row, false, sizeof(row));\n        memset(col, false, sizeof(col));\n\n        ans = nr = nc = 0;\n\n        for (int i = 0; i < q; i++) {\n            scanf("%d %d %d", &a[i], &b[i], &o[i]);\n        }\n\n        for (int i = q - 1; i >= 0; i--) {\n            if (a[i]) {\n                if (!col[b[i]]) {\n                    if (o[i]) ans += r - nr;\n                    col[b[i]] = true;\n                    nc++;\n                }\n            } else {\n                if (!row[b[i]]) {\n                    if (o[i]) ans += c - nc;\n                    row[b[i]] = true;\n                    nr++;\n                }\n            }\n        }\n\n        printf("%lld\\n", ans);\n    }\n}') | LineLLMMutation(('source.cpp', 23), '#include <cstdio>\n#include <cstring>\n#include <vector>\nusing namespace std;\n\nint main() {\n    int r, c, q, o;\n    vector<int> a, b;\n    bool row[50000] = {false}, col[50000] = {false};\n    long long int ans;\n\n    while (true) {\n        scanf("%d %d %d", &r, &c, &q);\n\n        if (!r && !c && !q) break;\n\n        ans = 0;\n        a.resize(q);\n        b.resize(q);\n\n        for (int i = 0; i < q; i++) {\n            scanf("%d %d %d", &a[i], &b[i], &o);\n            if (a[i]) {\n                if (!col[b[i]]) {\n                    ans += r - count(col, col + c, true);\n                    col[b[i]] = true;\n                }\n            } else {\n                if (!row[b[i]]) {\n                    ans += c - count(row, row + r, true);\n                    row[b[i]] = true;\n                }\n            }\n        }\n\n        printf("%lld\\n", ans);\n    }\n}')"
2025-01-26 23:15:37,482	[INFO]	Step: 40
2025-01-26 23:15:37,482	[INFO]	Stop Steps: 50
2025-01-26 23:15:37,772	[DEBUG]	EXEC>  SUCCESS 1806507.1875
2025-01-26 23:15:37,772	[INFO]	3-1     SUCCESS              *1806507.19 (55.38%) [1 edit(s)]  
2025-01-26 23:15:37,772	[DEBUG]	patch(3-1)="LineLLMMutation(('source.cpp', 24), '#include <cstdio>\n\nusing namespace std;\n\nint main() {\n    int r, c, q, a[50000], b[50000], o[50000];\n    int nr, nc;\n    bool row[50000], col[50000];\n    long long int ans;\n\n    while (1) {\n        scanf("%d %d %d", &r, &c, &q);\n        if (!r && !c && !q) break;\n\n        for (int i = 0; i < r; i++) row[i] = false;\n        for (int i = 0; i < c; i++) col[i] = false;\n\n        ans = nr = nc = 0;\n        for (int i = 0; i < q; i++) scanf("%d %d %d", &a[i], &b[i], &o[i]);\n\n        for (int i = q - 1; i >= 0; i--) {\n            if (a[i]) {\n                if (!col[b[i]]) {\n                    if (o[i]) ans += r - nr;\n                    col[b[i]] = true;\n                    nc++;\n                }\n            } else {\n                if (!row[b[i]]) {\n                    if (o[i]) ans += c - nc;\n                    row[b[i]] = true;\n                    nr++;\n                }\n            }\n        }\n\n        printf("%lld\\n", ans);\n    }\n}')"

2025-01-26 23:15:37,772	[INFO]	Step: 41
2025-01-26 23:15:37,772	[INFO]	Stop Steps: 50
2025-01-26 23:15:38,092	[INFO]	3-2     TEST_CODE_ERROR       None (--) [1 edit(s)]  
2025-01-26 23:15:38,092	[DEBUG]	patch(3-2)="LineLLMMutation(('source.cpp', 25), '#include <iostream>\n\nusing namespace std;\n\nint main() {\n    int r, c, q;\n    bool row[50000] = {false}, col[50000] = {false}; // Initialize arrays to false\n    long long int ans;\n\n    while (1) {\n        cin >> r >> c >> q;\n        if (!r && !c && !q) break;\n\n        int a[q], b[q], o[q]; // Declare arrays based on q\n        ans = 0;\n\n        for (int i = 0; i < q; i++) cin >> a[i] >> b[i] >> o[i];\n\n        for (int i = q - 1; i >= 0; i--) {\n            if (a[i]) {\n                if (!col[b[i]]) {\n                    if (o[i]) ans += r;\n                    col[b[i]] = true;\n                }\n            } else {\n                if (!row[b[i]]) {\n                    if (o[i]) ans += c;\n                    row[b[i]] = true;\n                }\n            }\n        }\n\n        cout << ans << endl;\n    }\n}')"
2025-01-26 23:15:38,093	[INFO]	Step: 42
2025-01-26 23:15:38,093	[INFO]	Stop Steps: 50
2025-01-26 23:15:38,408	[INFO]	3-3     TEST_CODE_ERROR       None (--) [1 edit(s)]  
2025-01-26 23:15:38,408	[DEBUG]	patch(3-3)="LineLLMMutation(('source.cpp', 26), '#include <iostream>\n\nusing namespace std;\n\nint main() {\n    int rows, cols, queries;\n    long long int result = 0;\n\n    while (true) {\n        cin >> rows >> cols >> queries;\n        if (!rows && !cols && !queries) break;\n\n        bool rowChecked[50000] = {false}, colChecked[50000] = {false};\n        int a[50000], b[50000], o[50000], checkedRows = 0, checkedCols = 0;\n\n        for (int i = 0; i < queries; i++) {\n            cin >> a[i] >> b[i] >> o[i];\n        }\n\n        for (int i = queries - 1; i >= 0; i--) {\n            if (a[i]) {\n                if (!colChecked[b[i]]) {\n                    if (o[i]) result += rows - checkedRows;\n                    colChecked[b[i]] = true;\n                    checkedCols++;\n                }\n            } else {\n                if (!rowChecked[b[i]]) {\n                    if (o[i]) result += cols - checkedCols;\n                    rowChecked[b[i]] = true;\n                    checkedRows++;\n                }\n            }\n        }\n\n        cout << result << endl;\n    }\n}')"
2025-01-26 23:15:38,408	[INFO]	Step: 43
2025-01-26 23:15:38,408	[INFO]	Stop Steps: 50
2025-01-26 23:15:39,900	[DEBUG]	EXEC>  SUCCESS 3298026.5
2025-01-26 23:15:39,900	[INFO]	REF     SUCCESS               3298026.50 (--) [0 edit(s)]  
2025-01-26 23:15:39,900	[INFO]	Best patch: 24
2025-01-26 23:15:40,186	[DEBUG]	EXEC>  SUCCESS 1829885.0625
2025-01-26 23:15:40,186	[INFO]	BEST    SUCCESS              *1829885.06 (55.48%) [0 edit(s)]  
2025-01-26 23:15:40,187	[INFO]	Best patch step: 40
2025-01-26 23:16:32,855	[INFO]	Step: 43
2025-01-26 23:16:32,855	[INFO]	Stop Steps: 50
2025-01-26 23:16:33,262	[DEBUG]	EXEC>  SUCCESS 1808369.75
2025-01-26 23:16:33,262	[INFO]	4-4     SUCCESS              *1808369.75 (54.83%) [1 edit(s)]  
2025-01-26 23:16:33,262	[DEBUG]	patch(4-4)="LineLLMMutation(('source.cpp', 24), '#include <cstdio>\n\nusing namespace std;\n\nint main() {\n    int r, c, q, a[50000], b[50000], o[50000];\n    int nr, nc;\n    bool row[50000], col[50000];\n    long long int ans;\n\n    while (1) {\n        scanf("%d %d %d", &r, &c, &q);\n        if (!r && !c && !q) break;\n\n        for (int i = 0; i < r; i++) row[i] = false;\n        for (int i = 0; i < c; i++) col[i] = false;\n\n        ans = nr = nc = 0;\n        for (int i = 0; i < q; i++) scanf("%d %d %d", &a[i], &b[i], &o[i]);\n\n        for (int i = q - 1; i >= 0; i--) {\n            if (a[i]) {\n                if (!col[b[i]]) {\n                    if (o[i]) ans += r - nr;\n                    col[b[i]] = true;\n                    nc++;\n                }\n            } else {\n                if (!row[b[i]]) {\n                    if (o[i]) ans += c - nc;\n                    row[b[i]] = true;\n                    nr++;\n                }\n            }\n        }\n\n        printf("%lld\\n", ans);\n    }\n}')"

2025-01-26 23:16:33,262	[INFO]	Step: 44
2025-01-26 23:16:33,262	[INFO]	Stop Steps: 50
2025-01-26 23:16:33,549	[DEBUG]	EXEC>  SUCCESS 1870496.875
2025-01-26 23:16:33,549	[INFO]	4-5     SUCCESS               1870496.88 (56.72%) [1 edit(s)]  
2025-01-26 23:16:33,549	[DEBUG]	patch(4-5)="LineLLMCrossover(('source.cpp', 8), '#include <cstdio>\n#include <cstring>\nusing namespace std;\n\nint main() {\n    int r, c, q, a[50000], b[50000], o[50000];\n    int nr, nc;\n    bool row[50000], col[50000];\n    long long int ans;\n\n    while (1) {\n        scanf("%d %d %d", &r, &c, &q);\n        if (!r && !c && !q) break;\n\n        memset(row, false, sizeof(row));\n        memset(col, false, sizeof(col));\n\n        ans = nr = nc = 0;\n        for (int i = 0; i < q; i++) {\n            scanf("%d %d %d", &a[i], &b[i], &o[i]);\n        }\n\n        for (int i = q - 1; i >= 0; i--) {\n            if (a[i] && !col[b[i]]) {\n                col[b[i]] = true;\n                ans += o[i] ? r - nr : 0;\n                nc++;\n            } else if (!a[i] && !row[b[i]]) {\n                row[b[i]] = true;\n                ans += o[i] ? c - nc : 0;\n                nr++;\n            }\n        }\n        printf("%lld\\n", ans);\n    }\n}')"
2025-01-26 23:16:33,549	[INFO]	Step: 45
2025-01-26 23:16:33,549	[INFO]	Stop Steps: 50
2025-01-26 23:16:33,837	[DEBUG]	EXEC>  SUCCESS 1868720.8125
2025-01-26 23:16:33,837	[INFO]	4-6     SUCCESS               1868720.81 (56.66%) [1 edit(s)]  
2025-01-26 23:16:33,838	[DEBUG]	patch(4-6)="LineLLMCrossover(('source.cpp', 12), '#include <cstdio>\n#include <cstring>\nusing namespace std;\n\nint main() {\n    int r, c, q, a[50000], b[50000], o[50000];\n    long long int ans;\n\n    while (true) {\n        scanf("%d %d %d", &r, &c, &q);\n        if (!r && !c && !q) break;\n\n        bool row[50000] = {false};\n        bool col[50000] = {false};\n        ans = 0;\n        int nr = 0, nc = 0;\n\n        for (int i = 0; i < q; i++) {\n            scanf("%d %d %d", &a[i], &b[i], &o[i]);\n        }\n\n        for (int i = q - 1; i >= 0; i--) {\n            if (a[i] && !col[b[i]]) {\n                col[b[i]] = true;\n                ans += o[i] ? r - nr : 0;\n                nc++;\n            } else if (!a[i] && !row[b[i]]) {\n                row[b[i]] = true;\n                ans += o[i] ? c - nc : 0;\n                nr++;\n            }\n        }\n        printf("%lld\\n", ans);\n    }\n}')"
2025-01-26 23:16:33,838	[INFO]	Step: 46
2025-01-26 23:16:33,838	[INFO]	Stop Steps: 50
2025-01-26 23:16:34,125	[DEBUG]	EXEC>  SUCCESS 1883424.0
2025-01-26 23:16:34,125	[INFO]	4-7     SUCCESS               1883424.00 (57.11%) [1 edit(s)]  
2025-01-26 23:16:34,125	[DEBUG]	patch(4-7)="LineLLMCrossover(('source.cpp', 13), '#include <cstdio>\n#include <cstring>\nusing namespace std;\n\nint main() {\n    int r, c, q, a[50000], b[50000], o[50000];\n    long long int ans;\n\n    while (true) {\n        scanf("%d %d %d", &r, &c, &q);\n        if (!r && !c && !q) break;\n\n        bool row[50000] = {false};\n        bool col[50000] = {false};\n        ans = 0;\n        int nr = 0, nc = 0;\n\n        for (int i = 0; i < q; i++) {\n            scanf("%d %d %d", &a[i], &b[i], &o[i]);\n        }\n\n        for (int i = q - 1; i >= 0; i--) {\n            if (a[i]) {\n                if (!col[b[i]]) {\n                    ans += o[i] ? r - nr : 0;\n                    col[b[i]] = true;\n                    nc++;\n                }\n            } else {\n                if (!row[b[i]]) {\n                    ans += o[i] ? c - nc : 0;\n                    row[b[i]] = true;\n                    nr++;\n                }\n            }\n        }\n        printf("%lld\\n", ans);\n    }\n}')"
2025-01-26 23:16:34,125	[INFO]	Step: 47
2025-01-26 23:16:34,125	[INFO]	Stop Steps: 50
2025-01-26 23:16:34,414	[DEBUG]	EXEC>  SUCCESS 1857549.3125
2025-01-26 23:16:34,415	[INFO]	4-8     SUCCESS               1857549.31 (56.32%) [1 edit(s)]  
2025-01-26 23:16:34,415	[DEBUG]	patch(4-8)="LineLLMCrossover(('source.cpp', 14), '#include <cstdio>\n#include <cstring>\nusing namespace std;\n\nint main() {\n    int r, c, q, a[50000], b[50000], o[50000];\n    long long int ans;\n\n    while (true) {\n        scanf("%d %d %d", &r, &c, &q);\n        if (!r && !c && !q) break;\n\n        bool row[50000] = {false};\n        bool col[50000] = {false};\n        ans = 0;\n        int nr = 0, nc = 0;\n\n        for (int i = 0; i < q; i++) {\n            scanf("%d %d %d", &a[i], &b[i], &o[i]);\n        }\n\n        for (int i = q - 1; i >= 0; i--) {\n            if (a[i] && !col[b[i]]) {\n                col[b[i]] = true;\n                ans += o[i] ? r - nr : 0;\n                nc++;\n            } else if (!a[i] && !row[b[i]]) {\n                row[b[i]] = true;\n                ans += o[i] ? c - nc : 0;\n                nr++;\n            }\n        }\n        printf("%lld\\n", ans);\n    }\n}')"
2025-01-26 23:16:34,415	[INFO]	Step: 48
2025-01-26 23:16:34,415	[INFO]	Stop Steps: 50
2025-01-26 23:16:34,701	[DEBUG]	EXEC>  SUCCESS 1882744.25
2025-01-26 23:16:34,701	[INFO]	4-9     SUCCESS               1882744.25 (57.09%) [1 edit(s)]  
2025-01-26 23:16:34,701	[DEBUG]	patch(4-9)="LineLLMCrossover(('source.cpp', 15), '#include <cstdio>\n#include <cstring>\nusing namespace std;\n\nint main() {\n    int r, c, q, a[50000], b[50000], o[50000];\n    long long int ans;\n\n    while (true) {\n        scanf("%d %d %d", &r, &c, &q);\n        if (!r && !c && !q) break;\n\n        bool row[50000] = {false};\n        bool col[50000] = {false};\n        ans = 0;\n        int nr = 0, nc = 0;\n\n        for (int i = 0; i < q; i++) {\n            scanf("%d %d %d", &a[i], &b[i], &o[i]);\n        }\n\n        for (int i = q - 1; i >= 0; i--) {\n            if (a[i] && !col[b[i]]) {\n                col[b[i]] = true;\n                ans += o[i] ? r - nr : 0;\n                nc++;\n            } else if (!a[i] && !row[b[i]]) {\n                row[b[i]] = true;\n                ans += o[i] ? c - nc : 0;\n                nr++;\n            }\n        }\n        printf("%lld\\n", ans);\n    }\n}')"
2025-01-26 23:16:34,701	[INFO]	Step: 49
2025-01-26 23:16:34,701	[INFO]	Stop Steps: 50
2025-01-26 23:16:35,108	[DEBUG]	EXEC>  SUCCESS 3185927.375
2025-01-26 23:16:35,108	[INFO]	4-10    SUCCESS               3185927.38 (96.60%) [2 edit(s)]  
2025-01-26 23:16:35,108	[DEBUG]	patch(4-10)="LineLLMMutation(('source.cpp', 24), '#include <cstdio>\n\nusing namespace std;\n\nint main() {\n    int r, c, q, a[50000], b[50000], o[50000];\n    int nr, nc;\n    bool row[50000], col[50000];\n    long long int ans;\n\n    while (1) {\n        scanf("%d %d %d", &r, &c, &q);\n        if (!r && !c && !q) break;\n\n        for (int i = 0; i < r; i++) row[i] = false;\n        for (int i = 0; i < c; i++) col[i] = false;\n\n        ans = nr = nc = 0;\n        for (int i = 0; i < q; i++) scanf("%d %d %d", &a[i], &b[i], &o[i]);\n\n        for (int i = q - 1; i >= 0; i--) {\n            if (a[i]) {\n                if (!col[b[i]]) {\n                    if (o[i]) ans += r - nr;\n                    col[b[i]] = true;\n                    nc++;\n                }\n            } else {\n                if (!row[b[i]]) {\n                    if (o[i]) ans += c - nc;\n                    row[b[i]] = true;\n                    nr++;\n                }\n            }\n        }\n\n        printf("%lld\\n", ans);\n    }\n}') | LineLLMMutation(('source.cpp', 27), '#include <cstdio>\n#include <vector>\n\nusing namespace std;\n\nint main() {\n    int r, c, q, a[50000], b[50000], o[50000];\n    long long int ans;\n\n    while (1) {\n        scanf("%d %d %d", &r, &c, &q);\n        if (!r && !c && !q) break;\n\n        vector<bool> row(r, false);\n        vector<bool> col(c, false);\n\n        ans = 0;\n        for (int i = 0; i < q; i++) scanf("%d %d %d", &a[i], &b[i], &o[i]);\n\n        int nr = 0, nc = 0;\n        for (int i = q - 1; i >= 0; i--) {\n            if (a[i]) {\n                if (!col[b[i]]) {\n                    if (o[i]) ans += r - nr;\n                    col[b[i]] = true;\n                    nc++;\n                }\n            } else {\n                if (!row[b[i]]) {\n                    if (o[i]) ans += c - nc;\n                    row[b[i]] = true;\n                    nr++;\n                }\n            }\n        }\n\n        printf("%lld\\n", ans);\n    }\n}')"
2025-01-26 23:16:35,108	[INFO]	Step: 50
2025-01-26 23:16:35,108	[INFO]	Stop Steps: 50
2025-01-26 23:16:35,108	[INFO]	(Abstract Algorithm) Stopping Condition: step budget
2025-01-26 23:16:35,108	[INFO]	Step: 50
2025-01-26 23:16:35,108	[INFO]	Stop Steps: 50
2025-01-26 23:16:36,342	[INFO]	~~~~ END ~~~~
2025-01-26 23:16:36,342	[INFO]	Best patch step: 43
2025-01-26 23:16:36,342	[INFO]	
2025-01-26 23:16:36,342	[INFO]	==== REPORT ====
2025-01-26 23:16:36,342	[INFO]	Termination: step budget
2025-01-26 23:16:36,342	[INFO]	Log file: /home/ubuntu/eoc/magpie2/_magpie_logs/0238_1737933060.log
2025-01-26 23:16:36,342	[INFO]	Patch file: _magpie_logs/0238_1737933060.patch
2025-01-26 23:16:36,342	[INFO]	Diff file: _magpie_logs/0238_1737933060.diff
2025-01-26 23:16:36,343	[INFO]	Reference fitness: 3298026.50
2025-01-26 23:16:36,343	[INFO]	Best fitness: 1808369.75
2025-01-26 23:16:36,343	[INFO]	
2025-01-26 23:16:36,343	[INFO]	==== BEST PATCH ====
LineLLMMutation(('source.cpp', 24), '#include <cstdio>\n\nusing namespace std;\n\nint main() {\n    int r, c, q, a[50000], b[50000], o[50000];\n    int nr, nc;\n    bool row[50000], col[50000];\n    long long int ans;\n\n    while (1) {\n        scanf("%d %d %d", &r, &c, &q);\n        if (!r && !c && !q) break;\n\n        for (int i = 0; i < r; i++) row[i] = false;\n        for (int i = 0; i < c; i++) col[i] = false;\n\n        ans = nr = nc = 0;\n        for (int i = 0; i < q; i++) scanf("%d %d %d", &a[i], &b[i], &o[i]);\n\n        for (int i = q - 1; i >= 0; i--) {\n            if (a[i]) {\n                if (!col[b[i]]) {\n                    if (o[i]) ans += r - nr;\n                    col[b[i]] = true;\n                    nc++;\n                }\n            } else {\n                if (!row[b[i]]) {\n                    if (o[i]) ans += c - nc;\n                    row[b[i]] = true;\n                    nr++;\n                }\n            }\n        }\n\n        printf("%lld\\n", ans);\n    }\n}')
2025-01-26 23:16:36,343	[INFO]	
2025-01-26 23:16:36,343	[INFO]	==== DIFF ====

