2025-01-26 23:48:25,090	[DEBUG]	==== CONFIG ====
[magpie]
import = 
seed = 4475291590560957
log_dir = _magpie_logs
work_dir = _magpie_work
local_original_copy = True
local_original_name = __original__
output_encoding = ascii
edit_retries = 10
default_timeout = 30
default_lengthout = 10000.0
diff_method = unified
trust_local_filesystem = True

[magpie.log]
color_output = True
format_info = {counter:<7} {status:<20} {best}{fitness} ({ratio}) [{size}] {cached} {log}
format_debug = patch({counter})="{patch}"{diffifbest}
format_fitness = {:.2f}
format_ratio = {:.2%%}
format_patchif = 
	 --> {patch}
format_diffif = 
	{diff}

[software]
path = dataset/magpie_dataset/train/0245
target_files = 
	source.cpp
software = BasicSoftware
model_rules = 
	*.params : ParamFileConfigModel
	*.xml : SrcmlModel
	* : LineModel
model_config = 
	*.params : [paramconfig]
	*.xml : [srcml]
init_cmd = 
init_timeout = 60
init_lengthout = -1
setup_cmd = bash setup.sh
setup_timeout = 
setup_lengthout = 
compile_cmd = bash compile.sh
compile_timeout = 
compile_lengthout = 
test_cmd = bash test.sh
test_timeout = 
test_lengthout = 
run_cmd = bash run.sh
run_timeout = 3
run_lengthout = 
batch_timeout = 
batch_lengthout = 
batch_bin_fitness_strategy = aggregate
batch_fitness_strategy = sum
fitness = time

[srcml]
rename = 
	stmt: break continue decl_stmt do expr_stmt for goto if return switch while
	number: literal_number
focus = block stmt operator_comp operator_arith number
internodes = block
process_pseudo_blocks = True
process_literals = True
process_operators = True

[paramconfig]
timing = test run
cli_prefix = --
cli_glue = =
cli_boolean = show
cli_boolean_prefix_true = 
cli_boolean_prefix_false = no-
cli_none = hide
silent_prefix = @
silent_suffix = $

[search]
protocol = BasicProtocol
algorithm = GeneticProgrammingLLM
possible_edits = 
	LineLLMMutation
	LineLLMCrossover
	LineDeletion
	LineInsertion
	LineReplacement
llm_prob = 1.0
warmup = 5
warmup_strategy = last
max_steps = 50
max_time = 20000
target_fitness = 
cache_maxsize = 100
cache_keep = 0.2
batch_instances = 
batch_shuffle = True
batch_bin_shuffle = False
batch_sample_size = 1

[search.ls]
delete_prob = 0.5
max_neighbours = 
when_trapped = continue
accept_fail = False
tabu_length = 10

[search.gp]
pop_size = 10
delete_prob = 0.0
offspring_elitism = 0.2
offspring_crossover = 0.4
offspring_mutation = 0.4
uniform_rate = 0.5
batch_reset = True
llm_type = baseline

[search.minify]
do_cleanup = True
do_rebuild = True
do_simplify = True
round_robin_limit = 3


2025-01-26 23:48:25,090	[DEBUG]	
2025-01-26 23:48:25,090	[INFO]	==== SEARCH: GeneticProgrammingLLM ====
2025-01-26 23:48:25,091	[INFO]	~~~~ WARMUP ~~~~
2025-01-26 23:48:26,161	[DEBUG]	EXEC>  SUCCESS 3117229.0625
2025-01-26 23:48:26,162	[INFO]	WARM    SUCCESS               3117229.06 (--) [0 edit(s)]  
2025-01-26 23:48:27,102	[DEBUG]	EXEC>  SUCCESS 3303797.625
2025-01-26 23:48:27,102	[INFO]	WARM    SUCCESS               3303797.62 (--) [0 edit(s)]  
2025-01-26 23:48:28,109	[DEBUG]	EXEC>  SUCCESS 3373069.1875
2025-01-26 23:48:28,109	[INFO]	WARM    SUCCESS               3373069.19 (--) [0 edit(s)]  
2025-01-26 23:48:28,961	[DEBUG]	EXEC>  SUCCESS 3285653.125
2025-01-26 23:48:28,961	[INFO]	WARM    SUCCESS               3285653.12 (--) [0 edit(s)]  
2025-01-26 23:48:29,526	[DEBUG]	EXEC>  SUCCESS 2396972.0625
2025-01-26 23:48:29,527	[INFO]	WARM    SUCCESS               2396972.06 (--) [0 edit(s)]  
2025-01-26 23:48:29,527	[INFO]	REF     SUCCESS               2396972.06 (--) [0 edit(s)]  
2025-01-26 23:48:29,527	[INFO]	
2025-01-26 23:48:29,527	[INFO]	~~~~ START ~~~~
2025-01-26 23:49:02,965	[DEBUG]	EXEC>  SUCCESS 1008759.6875
2025-01-26 23:49:02,965	[INFO]	0-1     SUCCESS              *1008759.69 (42.08%) [1 edit(s)]  
2025-01-26 23:49:02,965	[DEBUG]	patch(0-1)="LineLLMMutation(('source.cpp', 0), '#include <cstdio>\nusing namespace std;\n\nint main() {\n    int n, s;\n    while (scanf("%d %d", &n, &s) == 2 && n) {\n        int r[101] = {0};\n        for (int i = 0; i < n; i++) {\n            int tmp;\n            scanf("%d", &tmp);\n            r[tmp]++;\n        }\n\n        int ans = 0;\n        for (int i = 0; i < 101; i++) {\n            if (i + i > s && r[i]) ans += (r[i] * (r[i] - 1)) / 2;\n            for (int j = i + 1; j < 101; j++) {\n                if (i + j > s && r[i] && r[j]) ans += r[i] * r[j];\n            }\n        }\n        printf("%d\\n", ans);\n    }\n    return 0;\n}')"

2025-01-26 23:49:04,099	[INFO]	0-2     TEST_CODE_ERROR       None (--) [1 edit(s)]  
2025-01-26 23:49:04,099	[DEBUG]	patch(0-2)="LineLLMMutation(('source.cpp', 1), '#include <cstdio>\nusing namespace std;\n\nint main() {\n    int n, s;\n    while (scanf("%d %d", &n, &s) == 2 && n) {\n        int r[101] = {0};\n        for (int i = 0; i < n; i++) {\n            int tmp;\n            scanf("%d", &tmp);\n            r[tmp]++;\n        }\n\n        int ans = 0;\n        for (int i = 1; i <= s; i++) {\n            if (i > 100) break;\n            if (r[i] > 1) ans += (r[i] * (r[i] - 1)) / 2;\n            for (int j = i + 1; j <= s; j++) {\n                if (j > 100) break;\n                if (i + j > s) ans += r[i] * r[j];\n            }\n        }\n        printf("%d\\n", ans);\n    }\n    return 0;\n}')"
2025-01-26 23:49:05,395	[DEBUG]	EXEC>  SUCCESS 952382.75
2025-01-26 23:49:05,395	[INFO]	0-3     SUCCESS              *952382.75 (39.73%) [1 edit(s)]  
2025-01-26 23:49:05,395	[DEBUG]	patch(0-3)="LineLLMMutation(('source.cpp', 2), '#include <cstdio>\nusing namespace std;\n\nint main() {\n    int n, s;\n    while (scanf("%d %d", &n, &s) == 2 && n) {\n        int r[101] = {0};\n        for (int i = 0; i < n; i++) {\n            int tmp;\n            scanf("%d", &tmp);\n            r[tmp]++;\n        }\n\n        int ans = 0;\n        for (int i = 0; i <= 100; i++) {\n            if (i + i > s) ans += (r[i] * (r[i] - 1)) / 2;\n            for (int j = i + 1; j <= 100; j++) {\n                if (i + j > s) ans += r[i] * r[j];\n            }\n        }\n        printf("%d\\n", ans);\n    }\n    return 0;\n}')"

2025-01-26 23:49:06,743	[DEBUG]	EXEC>  SUCCESS 997328.75
2025-01-26 23:49:06,744	[INFO]	0-4     SUCCESS               997328.75 (41.61%) [1 edit(s)]  
2025-01-26 23:49:06,744	[DEBUG]	patch(0-4)="LineLLMMutation(('source.cpp', 3), '#include <cstdio>\nusing namespace std;\n\nint main() {\n    int n, s;\n    while (scanf("%d %d", &n, &s) == 2 && n) {\n        int r[101] = {0};\n        for (int i = 0; i < n; i++) {\n            int tmp;\n            scanf("%d", &tmp);\n            r[tmp]++;\n        }\n\n        int ans = 0;\n        for (int i = 0; i <= 100; i++) {\n            if (i + i > s) ans += (r[i] * (r[i] - 1)) / 2;\n        }\n        for (int i = 0; i <= 100; i++) {\n            for (int j = i + 1; j <= 100; j++) {\n                if (i + j > s) ans += r[i] * r[j];\n            }\n        }\n        printf("%d\\n", ans);\n    }\n    return 0;\n}')"
2025-01-26 23:49:08,146	[DEBUG]	EXEC>  SUCCESS 1024949.6875
2025-01-26 23:49:08,146	[INFO]	0-5     SUCCESS               1024949.69 (42.76%) [1 edit(s)]  
2025-01-26 23:49:08,146	[DEBUG]	patch(0-5)="LineLLMMutation(('source.cpp', 4), '#include <cstdio>\nusing namespace std;\n\nint main() {\n    int n, s;\n    while (scanf("%d %d", &n, &s) == 2 && n) {\n        int r[101] = {0};\n        int ans = 0;\n\n        for (int i = 0; i < n; i++) {\n            int tmp;\n            scanf("%d", &tmp);\n            r[tmp]++;\n        }\n\n        for (int i = 0; i <= 100; i++) {\n            if (i + i > s) ans += (r[i] * (r[i] - 1)) / 2;\n            for (int j = i + 1; j <= 100; j++) {\n                if (i + j > s) ans += r[i] * r[j];\n            }\n        }\n        printf("%d\\n", ans);\n    }\n    return 0;\n}')"
2025-01-26 23:49:09,286	[INFO]	0-6     TEST_CODE_ERROR       None (--) [1 edit(s)]  
2025-01-26 23:49:09,286	[DEBUG]	patch(0-6)="LineLLMMutation(('source.cpp', 5), '#include <cstdio>\nusing namespace std;\n\nint main() {\n    int n, s;\n    while (scanf("%d %d", &n, &s) == 2 && n) {\n        int r[101] = {0};\n        for (int i = 0; i < n; i++) {\n            int tmp;\n            scanf("%d", &tmp);\n            r[tmp]++;\n        }\n\n        int ans = 0;\n        for (int i = 0; i <= 100; i++) {\n            if (i + i > s) ans += (r[i] * (r[i] - 1)) / 2;\n            for (int j = i + 1; j <= 100 && (i + j > s); j++) {\n                ans += r[i] * r[j];\n            }\n        }\n        printf("%d\\n", ans);\n    }\n    return 0;\n}')"
2025-01-26 23:49:10,696	[DEBUG]	EXEC>  SUCCESS 992737.625
2025-01-26 23:49:10,697	[INFO]	0-7     SUCCESS               992737.62 (41.42%) [1 edit(s)]  
2025-01-26 23:49:10,697	[DEBUG]	patch(0-7)="LineLLMMutation(('source.cpp', 6), '#include <cstdio>\nusing namespace std;\n\nint main() {\n    int n, s;\n    while (scanf("%d %d", &n, &s) == 2 && n) {\n        int r[101] = {0};\n        for (int i = 0; i < n; i++) {\n            int tmp;\n            scanf("%d", &tmp);\n            r[tmp]++;\n        }\n\n        int ans = 0;\n        for (int i = 0; i <= 100; i++) {\n            if (i + i > s) ans += (r[i] * (r[i] - 1)) / 2;\n            for (int j = i + 1; j <= 100; j++) {\n                if (i + j > s) ans += r[i] * r[j];\n            }\n        }\n        printf("%d\\n", ans);\n    }\n    return 0;\n}')"
2025-01-26 23:49:12,114	[DEBUG]	EXEC>  SUCCESS 1213544.0
2025-01-26 23:49:12,115	[INFO]	0-8     SUCCESS               1213544.00 (50.63%) [1 edit(s)]  
2025-01-26 23:49:12,115	[DEBUG]	patch(0-8)="LineLLMMutation(('source.cpp', 7), '#include <cstdio>\nusing namespace std;\n\nint main() {\n    int n, s;\n    while (scanf("%d %d", &n, &s) == 2 && n) {\n        int r[101] = {0};\n        for (int i = 0; i < n; i++) {\n            int tmp;\n            scanf("%d", &tmp);\n            r[tmp]++;\n        }\n\n        int ans = 0;\n        for (int i = 0; i <= 100; i++) {\n            if (i + i > s) ans += (r[i] * (r[i] - 1)) / 2;\n        }\n        for (int i = 0; i <= 100; i++) {\n            for (int j = i + 1; j <= 100; j++) {\n                if (i + j > s) ans += r[i] * r[j];\n            }\n        }\n        printf("%d\\n", ans);\n    }\n    return 0;\n}')"
2025-01-26 23:49:13,408	[DEBUG]	EXEC>  SUCCESS 981342.375
2025-01-26 23:49:13,408	[INFO]	0-9     SUCCESS               981342.38 (40.94%) [1 edit(s)]  
2025-01-26 23:49:13,408	[DEBUG]	patch(0-9)="LineLLMMutation(('source.cpp', 8), '#include <cstdio>\nusing namespace std;\n\nint main() {\n    int n, s;\n    while (scanf("%d %d", &n, &s) == 2 && n) {\n        int r[101] = {0};\n        for (int i = 0; i < n; i++) {\n            int tmp;\n            scanf("%d", &tmp);\n            r[tmp]++;\n        }\n\n        int ans = 0;\n        for (int i = 0; i <= 100; i++) {\n            if (i + i > s) ans += (r[i] * (r[i] - 1)) / 2;\n            for (int j = i + 1; j <= 100; j++) {\n                if (i + j > s) ans += r[i] * r[j];\n            }\n        }\n        printf("%d\\n", ans);\n    }\n    return 0;\n}')"
2025-01-26 23:49:14,804	[DEBUG]	EXEC>  SUCCESS 2436463.1875
2025-01-26 23:49:14,805	[INFO]	0-10    SUCCESS               2436463.19 (101.65%) [1 edit(s)]  
2025-01-26 23:49:14,805	[DEBUG]	patch(0-10)="LineLLMMutation(('source.cpp', 9), '#include <cstdio>\n#include <vector>\nusing namespace std;\n\nint main() {\n    int n, s;\n    while (scanf("%d %d", &n, &s) == 2 && n) {\n        vector<int> r(101, 0);\n        for (int i = 0; i < n; i++) {\n            int tmp;\n            scanf("%d", &tmp);\n            r[tmp]++;\n        }\n\n        int ans = 0;\n        for (int i = 0; i <= 100; i++) {\n            if (i + i > s) ans += (r[i] * (r[i] - 1)) / 2;\n            for (int j = i + 1; j <= 100; j++) {\n                if (i + j > s) ans += r[i] * r[j];\n            }\n        }\n        printf("%d\\n", ans);\n    }\n    return 0;\n}')"
2025-01-26 23:49:15,805	[INFO]	Step: 10
2025-01-26 23:49:15,805	[INFO]	Stop Steps: 50
2025-01-26 23:49:17,359	[DEBUG]	EXEC>  SUCCESS 3090476.3125
2025-01-26 23:49:17,359	[INFO]	REF     SUCCESS               3090476.31 (--) [0 edit(s)]  
2025-01-26 23:49:17,359	[INFO]	Best patch: 2
2025-01-26 23:49:17,797	[DEBUG]	EXEC>  SUCCESS 1338894.875
2025-01-26 23:49:17,797	[INFO]	BEST    SUCCESS              *1338894.88 (43.32%) [0 edit(s)]  
2025-01-26 23:49:17,797	[INFO]	Best patch step: 2
2025-01-26 23:49:54,395	[INFO]	Step: 10
2025-01-26 23:49:54,395	[INFO]	Stop Steps: 50
2025-01-26 23:49:54,822	[DEBUG]	EXEC>  SUCCESS 969459.0
2025-01-26 23:49:54,822	[INFO]	1-1     SUCCESS              *969459.00 (31.37%) [1 edit(s)]  
2025-01-26 23:49:54,822	[DEBUG]	patch(1-1)="LineLLMMutation(('source.cpp', 2), '#include <cstdio>\nusing namespace std;\n\nint main() {\n    int n, s;\n    while (scanf("%d %d", &n, &s) == 2 && n) {\n        int r[101] = {0};\n        for (int i = 0; i < n; i++) {\n            int tmp;\n            scanf("%d", &tmp);\n            r[tmp]++;\n        }\n\n        int ans = 0;\n        for (int i = 0; i <= 100; i++) {\n            if (i + i > s) ans += (r[i] * (r[i] - 1)) / 2;\n            for (int j = i + 1; j <= 100; j++) {\n                if (i + j > s) ans += r[i] * r[j];\n            }\n        }\n        printf("%d\\n", ans);\n    }\n    return 0;\n}')"

2025-01-26 23:49:54,822	[INFO]	Step: 11
2025-01-26 23:49:54,822	[INFO]	Stop Steps: 50
2025-01-26 23:49:55,107	[DEBUG]	EXEC>  SUCCESS 1006847.125
2025-01-26 23:49:55,108	[INFO]	1-2     SUCCESS               1006847.12 (32.58%) [1 edit(s)]  
2025-01-26 23:49:55,108	[DEBUG]	patch(1-2)="LineLLMMutation(('source.cpp', 8), '#include <cstdio>\nusing namespace std;\n\nint main() {\n    int n, s;\n    while (scanf("%d %d", &n, &s) == 2 && n) {\n        int r[101] = {0};\n        for (int i = 0; i < n; i++) {\n            int tmp;\n            scanf("%d", &tmp);\n            r[tmp]++;\n        }\n\n        int ans = 0;\n        for (int i = 0; i <= 100; i++) {\n            if (i + i > s) ans += (r[i] * (r[i] - 1)) / 2;\n            for (int j = i + 1; j <= 100; j++) {\n                if (i + j > s) ans += r[i] * r[j];\n            }\n        }\n        printf("%d\\n", ans);\n    }\n    return 0;\n}')"
2025-01-26 23:49:55,108	[INFO]	Step: 12
2025-01-26 23:49:55,108	[INFO]	Stop Steps: 50
2025-01-26 23:49:55,392	[DEBUG]	EXEC>  SUCCESS 952457.75
2025-01-26 23:49:55,392	[INFO]	1-3     SUCCESS              *952457.75 (30.82%) [1 edit(s)]  
2025-01-26 23:49:55,392	[DEBUG]	patch(1-3)="LineLLMCrossover(('source.cpp', 0), '#include <cstdio>\nusing namespace std;\n\nint main() {\n    int n, s;\n    while (scanf("%d %d", &n, &s) == 2 && n) {\n        int r[101] = {0};\n        for (int i = 0; i < n; i++) {\n            int tmp;\n            scanf("%d", &tmp);\n            r[tmp]++;\n        }\n\n        int ans = 0;\n        for (int i = 0; i <= 100; i++) {\n            if (i + i > s) ans += (r[i] * (r[i] - 1)) / 2; // counting pairs of the same number\n        }\n        for (int i = 0; i <= 100; i++) {\n            for (int j = i + 1; j <= 100; j++) {\n                if (i + j > s) ans += r[i] * r[j]; // counting pairs of different numbers\n            }\n        }\n        printf("%d\\n", ans);\n    }\n    return 0;\n}')"

2025-01-26 23:49:55,392	[INFO]	Step: 13
2025-01-26 23:49:55,392	[INFO]	Stop Steps: 50
2025-01-26 23:49:55,675	[DEBUG]	EXEC>  SUCCESS 995827.5
2025-01-26 23:49:55,675	[INFO]	1-4     SUCCESS               995827.50 (32.22%) [1 edit(s)]  
2025-01-26 23:49:55,675	[DEBUG]	patch(1-4)="LineLLMCrossover(('source.cpp', 1), '#include <cstdio>\nusing namespace std;\n\nint main() {\n    int n, s;\n    while (scanf("%d %d", &n, &s) == 2 && n) {\n        int r[101] = {0};\n        for (int i = 0; i < n; i++) {\n            int tmp;\n            scanf("%d", &tmp);\n            r[tmp]++;\n        }\n\n        int ans = 0;\n        for (int i = 0; i <= 100; i++) {\n            if (i + i > s) ans += (r[i] * (r[i] - 1)) / 2;\n            for (int j = i + 1; j <= 100; j++) {\n                if (i + j > s) ans += r[i] * r[j];\n            }\n        }\n        printf("%d\\n", ans);\n    }\n    return 0;\n}')"
2025-01-26 23:49:55,675	[INFO]	Step: 14
2025-01-26 23:49:55,675	[INFO]	Stop Steps: 50
2025-01-26 23:49:55,978	[DEBUG]	EXEC>  SUCCESS 1021048.75
2025-01-26 23:49:55,978	[INFO]	1-5     SUCCESS               1021048.75 (33.04%) [1 edit(s)]  
2025-01-26 23:49:55,978	[DEBUG]	patch(1-5)="LineLLMCrossover(('source.cpp', 2), '#include <cstdio>\nusing namespace std;\n\nint main() {\n    int n, s;\n    while (scanf("%d %d", &n, &s) == 2 && n) {\n        int r[101] = {0};\n        for (int i = 0; i < n; i++) {\n            int tmp;\n            scanf("%d", &tmp);\n            r[tmp]++;\n        }\n\n        int ans = 0;\n        // Counting pairs of the same number\n        for (int i = 0; i <= 100; i++) {\n            if (i + i > s) ans += (r[i] * (r[i] - 1)) / 2;\n        }\n        // Counting pairs of different numbers\n        for (int i = 0; i <= 100; i++) {\n            for (int j = i + 1; j <= 100; j++) {\n                if (i + j > s) ans += r[i] * r[j];\n            }\n        }\n        printf("%d\\n", ans);\n    }\n    return 0;\n}')"
2025-01-26 23:49:55,979	[INFO]	Step: 15
2025-01-26 23:49:55,979	[INFO]	Stop Steps: 50
2025-01-26 23:49:56,264	[DEBUG]	EXEC>  SUCCESS 966931.125
2025-01-26 23:49:56,265	[INFO]	1-6     SUCCESS               966931.12 (31.29%) [1 edit(s)]  
2025-01-26 23:49:56,265	[DEBUG]	patch(1-6)="LineLLMCrossover(('source.cpp', 3), '#include <cstdio>\nusing namespace std;\n\nint main() {\n    int n, s;\n    while (scanf("%d %d", &n, &s) == 2 && n) {\n        int r[101] = {0};\n        for (int i = 0; i < n; i++) {\n            int tmp;\n            scanf("%d", &tmp);\n            r[tmp]++;\n        }\n\n        int ans = 0;\n        // Counting pairs of the same number\n        for (int i = 0; i <= 100; i++) {\n            if (i + i > s) ans += (r[i] * (r[i] - 1)) / 2;\n        }\n        // Counting pairs of different numbers\n        for (int i = 0; i <= 100; i++) {\n            for (int j = i + 1; j <= 100; j++) {\n                if (i + j > s) ans += r[i] * r[j];\n            }\n        }\n        printf("%d\\n", ans);\n    }\n    return 0;\n}')"
2025-01-26 23:49:56,265	[INFO]	Step: 16
2025-01-26 23:49:56,265	[INFO]	Stop Steps: 50
2025-01-26 23:49:56,397	[INFO]	1-7     TEST_CODE_ERROR       None (--) [2 edit(s)]  
2025-01-26 23:49:56,397	[DEBUG]	patch(1-7)="LineLLMMutation(('source.cpp', 2), '#include <cstdio>\nusing namespace std;\n\nint main() {\n    int n, s;\n    while (scanf("%d %d", &n, &s) == 2 && n) {\n        int r[101] = {0};\n        for (int i = 0; i < n; i++) {\n            int tmp;\n            scanf("%d", &tmp);\n            r[tmp]++;\n        }\n\n        int ans = 0;\n        for (int i = 0; i <= 100; i++) {\n            if (i + i > s) ans += (r[i] * (r[i] - 1)) / 2;\n            for (int j = i + 1; j <= 100; j++) {\n                if (i + j > s) ans += r[i] * r[j];\n            }\n        }\n        printf("%d\\n", ans);\n    }\n    return 0;\n}') | LineLLMMutation(('source.cpp', 10), '#include <cstdio>\nusing namespace std;\n\nint main() {\n    int n, s;\n    while (scanf("%d %d", &n, &s) == 2 && n) {\n        int r[101] = {0};\n        for (int i = 0; i < n; i++) {\n            int tmp;\n            scanf("%d", &tmp);\n            r[tmp]++;\n        }\n\n        int ans = 0;\n        for (int i = 0; i <= 100; i++) {\n            if (i + i > s) {\n                ans += (r[i] * (r[i] - 1)) / 2; // Count pairs from the same number\n            }\n            for (int j = i + 1; j <= 100 && i + j > s; j++) {\n                ans += r[i] * r[j]; // Count pairs from different numbers\n            }\n        }\n        printf("%d\\n", ans);\n    }\n    return 0;\n}')"
2025-01-26 23:49:56,397	[INFO]	Step: 17
2025-01-26 23:49:56,397	[INFO]	Stop Steps: 50
2025-01-26 23:49:56,528	[INFO]	1-8     TEST_CODE_ERROR       None (--) [2 edit(s)]  
2025-01-26 23:49:56,528	[DEBUG]	patch(1-8)="LineLLMMutation(('source.cpp', 8), '#include <cstdio>\nusing namespace std;\n\nint main() {\n    int n, s;\n    while (scanf("%d %d", &n, &s) == 2 && n) {\n        int r[101] = {0};\n        for (int i = 0; i < n; i++) {\n            int tmp;\n            scanf("%d", &tmp);\n            r[tmp]++;\n        }\n\n        int ans = 0;\n        for (int i = 0; i <= 100; i++) {\n            if (i + i > s) ans += (r[i] * (r[i] - 1)) / 2;\n            for (int j = i + 1; j <= 100; j++) {\n                if (i + j > s) ans += r[i] * r[j];\n            }\n        }\n        printf("%d\\n", ans);\n    }\n    return 0;\n}') | LineLLMMutation(('source.cpp', 11), '#include <cstdio>\nusing namespace std;\n\nint main() {\n    int n, s;\n    while (scanf("%d %d", &n, &s) == 2 && n) {\n        int r[101] = {0};\n        for (int i = 0; i < n; i++) {\n            int tmp;\n            scanf("%d", &tmp);\n            r[tmp]++;\n        }\n\n        int ans = 0;\n        for (int i = 0; i <= 100; i++) {\n            if (i + i > s) ans += (r[i] * (r[i] - 1)) / 2;\n            for (int j = i + 1; j <= 100; j++) {\n                if (i + j > s) {\n                    ans += r[i] * r[j];\n                } else {\n                    break; // Break early if the condition is not met\n                }\n            }\n        }\n        printf("%d\\n", ans);\n    }\n    return 0;\n}')"
2025-01-26 23:49:56,528	[INFO]	Step: 18
2025-01-26 23:49:56,528	[INFO]	Stop Steps: 50
2025-01-26 23:49:56,704	[INFO]	1-9     TEST_CODE_ERROR       None (--) [2 edit(s)]  
2025-01-26 23:49:56,704	[DEBUG]	patch(1-9)="LineLLMMutation(('source.cpp', 6), '#include <cstdio>\nusing namespace std;\n\nint main() {\n    int n, s;\n    while (scanf("%d %d", &n, &s) == 2 && n) {\n        int r[101] = {0};\n        for (int i = 0; i < n; i++) {\n            int tmp;\n            scanf("%d", &tmp);\n            r[tmp]++;\n        }\n\n        int ans = 0;\n        for (int i = 0; i <= 100; i++) {\n            if (i + i > s) ans += (r[i] * (r[i] - 1)) / 2;\n            for (int j = i + 1; j <= 100; j++) {\n                if (i + j > s) ans += r[i] * r[j];\n            }\n        }\n        printf("%d\\n", ans);\n    }\n    return 0;\n}') | LineLLMMutation(('source.cpp', 12), '#include <cstdio>\n#include <algorithm>\nusing namespace std;\n\nint main() {\n    int n, s;\n    while (scanf("%d %d", &n, &s) == 2 && n) {\n        int r[101] = {0};\n        for (int i = 0; i < n; i++) {\n            int tmp;\n            scanf("%d", &tmp);\n            r[tmp]++;\n        }\n\n        int ans = 0;\n        for (int i = 0; i <= 100; i++) {\n            if (i + i > s) \n                ans += (r[i] * (r[i] - 1)) / 2;  // Count pairs (i, i)\n        }\n\n        // Only check pairs (i, j) where i < j\n        for (int i = 0; i <= 100; i++) {\n            if (r[i] > 0) {\n                for (int j = s - i + 1; j <= 100; j++) { // Start from j that will not exceed s\n                    if (j > 100) break; // No need to check beyond 100\n                    ans += r[i] * r[j]; // Count pairs (i, j)\n                }\n            }\n        }\n        printf("%d\\n", ans);\n    }\n    return 0;\n}')"
2025-01-26 23:49:56,705	[INFO]	Step: 19
2025-01-26 23:49:56,705	[INFO]	Stop Steps: 50
2025-01-26 23:49:57,013	[DEBUG]	EXEC>  SUCCESS 986524.1875
2025-01-26 23:49:57,014	[INFO]	1-10    SUCCESS               986524.19 (31.92%) [2 edit(s)]  
2025-01-26 23:49:57,014	[DEBUG]	patch(1-10)="LineLLMMutation(('source.cpp', 3), '#include <cstdio>\nusing namespace std;\n\nint main() {\n    int n, s;\n    while (scanf("%d %d", &n, &s) == 2 && n) {\n        int r[101] = {0};\n        for (int i = 0; i < n; i++) {\n            int tmp;\n            scanf("%d", &tmp);\n            r[tmp]++;\n        }\n\n        int ans = 0;\n        for (int i = 0; i <= 100; i++) {\n            if (i + i > s) ans += (r[i] * (r[i] - 1)) / 2;\n        }\n        for (int i = 0; i <= 100; i++) {\n            for (int j = i + 1; j <= 100; j++) {\n                if (i + j > s) ans += r[i] * r[j];\n            }\n        }\n        printf("%d\\n", ans);\n    }\n    return 0;\n}') | LineLLMMutation(('source.cpp', 13), '#include <cstdio>\nusing namespace std;\n\nint main() {\n    int n, s;\n    while (scanf("%d %d", &n, &s) == 2 && n) {\n        int r[101] = {0};\n        for (int i = 0; i < n; i++) {\n            int tmp;\n            scanf("%d", &tmp);\n            r[tmp]++;\n        }\n\n        int ans = 0;\n        // Count pairs of the same element\n        for (int i = 0; i <= 100; i++) {\n            if (i + i > s) ans += (r[i] * (r[i] - 1)) / 2;\n        }\n\n        // Count pairs of different elements\n        for (int i = 0; i <= 100; i++) {\n            if (r[i] == 0) continue; // Skip if no elements of this kind\n            for (int j = i + 1; j <= 100; j++) {\n                if (r[j] > 0 && (i + j > s)) {\n                    ans += r[i] * r[j];\n                }\n            }\n        }\n        printf("%d\\n", ans);\n    }\n    return 0;\n}')"
2025-01-26 23:49:57,014	[INFO]	Step: 20
2025-01-26 23:49:57,014	[INFO]	Stop Steps: 50
2025-01-26 23:49:57,926	[DEBUG]	EXEC>  SUCCESS 3354758.3125
2025-01-26 23:49:57,927	[INFO]	1-1     SUCCESS               3354758.31 (108.55%) [1 edit(s)]  
2025-01-26 23:49:57,927	[DEBUG]	patch(1-1)="LineLLMMutation(('source.cpp', 14), '#include<iostream>\n\nusing namespace std;\n\nmain(){\n\n  int n,s;\n\n  while(cin>>n>>s && n){\n\n    int r[101]={0};\n\n    for(int i=0;i<n;i++){\n\n      int tmp;cin>>tmp;r[tmp]++;\n\n    }\n\n    int ans = 0;\n\n    for(int i=0;i<101;i++){\n\n      if (i+i > s && r[i])ans += (r[i]*(r[i]-1))/2;\n\n      for(int j=i+1;j<101;j++){\n\n\tif (i+j > s && r[i] && r[j])ans += r[i]*r[j];\n\n      }\n\n    }\n\n    cout << ans << endl;\n\n  }\n\n}')"
2025-01-26 23:49:57,927	[INFO]	Step: 21
2025-01-26 23:49:57,928	[INFO]	Stop Steps: 50
2025-01-26 23:49:59,560	[DEBUG]	EXEC>  SUCCESS 2375140.5625
2025-01-26 23:49:59,560	[INFO]	REF     SUCCESS               2375140.56 (--) [0 edit(s)]  
2025-01-26 23:49:59,560	[INFO]	Best patch: 0
2025-01-26 23:49:59,844	[DEBUG]	EXEC>  SUCCESS 970443.4375
2025-01-26 23:49:59,844	[INFO]	BEST    SUCCESS              *970443.44 (40.86%) [0 edit(s)]  
2025-01-26 23:49:59,844	[INFO]	Best patch step: 12
2025-01-26 23:50:35,924	[INFO]	Step: 21
2025-01-26 23:50:35,924	[INFO]	Stop Steps: 50
2025-01-26 23:50:36,956	[DEBUG]	EXEC>  SUCCESS 1349814.125
2025-01-26 23:50:36,956	[INFO]	2-2     SUCCESS              +1349814.12 (56.83%) [1 edit(s)]  
2025-01-26 23:50:36,957	[DEBUG]	patch(2-2)="LineLLMCrossover(('source.cpp', 0), '#include <cstdio>\nusing namespace std;\n\nint main() {\n    int n, s;\n    while (scanf("%d %d", &n, &s) == 2 && n) {\n        int r[101] = {0};\n        for (int i = 0; i < n; i++) {\n            int tmp;\n            scanf("%d", &tmp);\n            r[tmp]++;\n        }\n\n        int ans = 0;\n        for (int i = 0; i <= 100; i++) {\n            if (i + i > s) ans += (r[i] * (r[i] - 1)) / 2; // counting pairs of the same number\n        }\n        for (int i = 0; i <= 100; i++) {\n            for (int j = i + 1; j <= 100; j++) {\n                if (i + j > s) ans += r[i] * r[j]; // counting pairs of different numbers\n            }\n        }\n        printf("%d\\n", ans);\n    }\n    return 0;\n}')"
2025-01-26 23:50:36,957	[INFO]	Step: 22
2025-01-26 23:50:36,957	[INFO]	Stop Steps: 50
2025-01-26 23:50:37,618	[DEBUG]	EXEC>  SUCCESS 1341003.75
2025-01-26 23:50:37,620	[INFO]	2-3     SUCCESS              +1341003.75 (56.46%) [1 edit(s)]  
2025-01-26 23:50:37,620	[DEBUG]	patch(2-3)="LineLLMCrossover(('source.cpp', 3), '#include <cstdio>\nusing namespace std;\n\nint main() {\n    int n, s;\n    while (scanf("%d %d", &n, &s) == 2 && n) {\n        int r[101] = {0};\n        for (int i = 0; i < n; i++) {\n            int tmp;\n            scanf("%d", &tmp);\n            r[tmp]++;\n        }\n\n        int ans = 0;\n        // Counting pairs of the same number\n        for (int i = 0; i <= 100; i++) {\n            if (i + i > s) ans += (r[i] * (r[i] - 1)) / 2;\n        }\n        // Counting pairs of different numbers\n        for (int i = 0; i <= 100; i++) {\n            for (int j = i + 1; j <= 100; j++) {\n                if (i + j > s) ans += r[i] * r[j];\n            }\n        }\n        printf("%d\\n", ans);\n    }\n    return 0;\n}')"
2025-01-26 23:50:37,620	[INFO]	Step: 23
2025-01-26 23:50:37,621	[INFO]	Stop Steps: 50
2025-01-26 23:50:38,593	[DEBUG]	EXEC>  SUCCESS 1347880.625
2025-01-26 23:50:38,593	[INFO]	2-4     SUCCESS               1347880.62 (56.75%) [1 edit(s)]  
2025-01-26 23:50:38,593	[DEBUG]	patch(2-4)="LineLLMCrossover(('source.cpp', 4), '#include <cstdio>\nusing namespace std;\n\nint main() {\n    int n, s;\n    while (scanf("%d %d", &n, &s) == 2 && n) {\n        int r[101] = {0};\n        for (int i = 0; i < n; i++) {\n            int tmp;\n            scanf("%d", &tmp);\n            r[tmp]++;\n        }\n\n        int ans = 0;\n        // Counting pairs of the same number\n        for (int i = 0; i <= 100; i++) {\n            if (i + i > s) ans += (r[i] * (r[i] - 1)) / 2;\n        }\n        // Counting pairs of different numbers\n        for (int i = 0; i <= 100; i++) {\n            for (int j = i + 1; j <= 100; j++) {\n                if (i + j > s) ans += r[i] * r[j];\n            }\n        }\n        printf("%d\\n", ans);\n    }\n    return 0;\n}')"
2025-01-26 23:50:38,593	[INFO]	Step: 24
2025-01-26 23:50:38,594	[INFO]	Stop Steps: 50
2025-01-26 23:50:38,941	[DEBUG]	EXEC>  SUCCESS 966612.875
2025-01-26 23:50:38,941	[INFO]	2-5     SUCCESS              *966612.88 (40.70%) [1 edit(s)]  
2025-01-26 23:50:38,941	[DEBUG]	patch(2-5)="LineLLMCrossover(('source.cpp', 5), '#include <cstdio>\nusing namespace std;\n\nint main() {\n    int n, s;\n    while (scanf("%d %d", &n, &s) == 2 && n) {\n        int r[101] = {0};\n        for (int i = 0; i < n; i++) {\n            int tmp;\n            scanf("%d", &tmp);\n            r[tmp]++;\n        }\n\n        int ans = 0;\n\n        // Count pairs of the same element\n        for (int i = 0; i <= 100; i++) {\n            if (i + i > s) ans += (r[i] * (r[i] - 1)) / 2; // same pairs\n            for (int j = i + 1; j <= 100; j++) {\n                if (i + j > s) ans += r[i] * r[j]; // different pairs\n            }\n        }\n        printf("%d\\n", ans);\n    }\n    return 0;\n}')"

2025-01-26 23:50:38,941	[INFO]	Step: 25
2025-01-26 23:50:38,941	[INFO]	Stop Steps: 50
2025-01-26 23:50:39,273	[DEBUG]	EXEC>  SUCCESS 956199.8125
2025-01-26 23:50:39,274	[INFO]	2-6     SUCCESS              *956199.81 (40.26%) [1 edit(s)]  
2025-01-26 23:50:39,274	[DEBUG]	patch(2-6)="LineLLMCrossover(('source.cpp', 6), '#include <cstdio>\nusing namespace std;\n\nint main() {\n    int n, s;\n    while (scanf("%d %d", &n, &s) == 2 && n) {\n        int r[101] = {0};\n        for (int i = 0; i < n; i++) {\n            int tmp;\n            scanf("%d", &tmp);\n            r[tmp]++;\n        }\n\n        int ans = 0;\n        // Count pairs of different elements\n        for (int i = 0; i <= 100; i++) {\n            if (r[i] == 0) continue; // Skip if no elements of this kind\n            for (int j = i + 1; j <= 100; j++) {\n                if (r[j] > 0 && (i + j > s)) {\n                    ans += r[i] * r[j];\n                }\n            }\n        }\n        // Count pairs of the same element\n        for (int i = 0; i <= 100; i++) {\n            if (i + i > s) ans += (r[i] * (r[i] - 1)) / 2;\n        }\n        printf("%d\\n", ans);\n    }\n    return 0;\n}')"

2025-01-26 23:50:39,274	[INFO]	Step: 26
2025-01-26 23:50:39,274	[INFO]	Stop Steps: 50
2025-01-26 23:50:39,573	[DEBUG]	EXEC>  SUCCESS 986442.625
2025-01-26 23:50:39,573	[INFO]	2-7     SUCCESS               986442.62 (41.53%) [1 edit(s)]  
2025-01-26 23:50:39,573	[DEBUG]	patch(2-7)="LineLLMCrossover(('source.cpp', 7), '#include <cstdio>\nusing namespace std;\n\nint main() {\n    int n, s;\n    while (scanf("%d %d", &n, &s) == 2 && n) {\n        int r[101] = {0};\n        for (int i = 0; i < n; i++) {\n            int tmp;\n            scanf("%d", &tmp);\n            r[tmp]++;\n        }\n\n        int ans = 0;\n        // Counting pairs of the same number\n        for (int i = 0; i <= 100; i++) {\n            if (i + i > s) ans += (r[i] * (r[i] - 1)) / 2; // same pairs\n        }\n        // Counting pairs of different numbers\n        for (int i = 0; i <= 100; i++) {\n            for (int j = i + 1; j <= 100; j++) {\n                if (r[i] > 0 && r[j] > 0 && (i + j > s)) {\n                    ans += r[i] * r[j]; // different pairs\n                }\n            }\n        }\n        printf("%d\\n", ans);\n    }\n    return 0;\n}')"
2025-01-26 23:50:39,573	[INFO]	Step: 27
2025-01-26 23:50:39,573	[INFO]	Stop Steps: 50
2025-01-26 23:50:39,867	[DEBUG]	EXEC>  SUCCESS 962294.9375
2025-01-26 23:50:39,867	[INFO]	2-8     SUCCESS               962294.94 (40.52%) [2 edit(s)]  
2025-01-26 23:50:39,867	[DEBUG]	patch(2-8)="LineLLMCrossover(('source.cpp', 0), '#include <cstdio>\nusing namespace std;\n\nint main() {\n    int n, s;\n    while (scanf("%d %d", &n, &s) == 2 && n) {\n        int r[101] = {0};\n        for (int i = 0; i < n; i++) {\n            int tmp;\n            scanf("%d", &tmp);\n            r[tmp]++;\n        }\n\n        int ans = 0;\n        for (int i = 0; i <= 100; i++) {\n            if (i + i > s) ans += (r[i] * (r[i] - 1)) / 2; // counting pairs of the same number\n        }\n        for (int i = 0; i <= 100; i++) {\n            for (int j = i + 1; j <= 100; j++) {\n                if (i + j > s) ans += r[i] * r[j]; // counting pairs of different numbers\n            }\n        }\n        printf("%d\\n", ans);\n    }\n    return 0;\n}') | LineLLMMutation(('source.cpp', 15), '#include <cstdio>\nusing namespace std;\n\nint main() {\n    int n, s;\n    while (scanf("%d %d", &n, &s) == 2 && n) {\n        int r[101] = {0};\n        for (int i = 0; i < n; i++) {\n            int tmp;\n            scanf("%d", &tmp);\n            r[tmp]++;\n        }\n\n        int ans = 0;\n        for (int i = 0; i <= 100; i++) {\n            if (i + i > s) ans += (r[i] * (r[i] - 1)) / 2; // counting pairs of the same number\n        }\n\n        // Optimize the pair counting with a single loop\n        for (int i = 0; i <= 100; i++) {\n            if (r[i] > 0) {\n                for (int j = i + 1; j <= 100; j++) {\n                    if (r[j] > 0 && i + j > s) {\n                        ans += r[i] * r[j]; // counting pairs of different numbers\n                    }\n                }\n            }\n        }\n        printf("%d\\n", ans);\n    }\n    return 0;\n}')"
2025-01-26 23:50:39,867	[INFO]	Step: 28
2025-01-26 23:50:39,867	[INFO]	Stop Steps: 50
2025-01-26 23:50:40,167	[DEBUG]	EXEC>  SUCCESS 953725.75
2025-01-26 23:50:40,167	[INFO]	2-9     SUCCESS              *953725.75 (40.15%) [2 edit(s)]  
2025-01-26 23:50:40,167	[DEBUG]	patch(2-9)="LineLLMCrossover(('source.cpp', 3), '#include <cstdio>\nusing namespace std;\n\nint main() {\n    int n, s;\n    while (scanf("%d %d", &n, &s) == 2 && n) {\n        int r[101] = {0};\n        for (int i = 0; i < n; i++) {\n            int tmp;\n            scanf("%d", &tmp);\n            r[tmp]++;\n        }\n\n        int ans = 0;\n        // Counting pairs of the same number\n        for (int i = 0; i <= 100; i++) {\n            if (i + i > s) ans += (r[i] * (r[i] - 1)) / 2;\n        }\n        // Counting pairs of different numbers\n        for (int i = 0; i <= 100; i++) {\n            for (int j = i + 1; j <= 100; j++) {\n                if (i + j > s) ans += r[i] * r[j];\n            }\n        }\n        printf("%d\\n", ans);\n    }\n    return 0;\n}') | LineLLMMutation(('source.cpp', 16), '#include <cstdio>\nusing namespace std;\n\nint main() {\n    int n, s;\n    while (scanf("%d %d", &n, &s) == 2 && n) {\n        int r[101] = {0};\n        for (int i = 0; i < n; i++) {\n            int tmp;\n            scanf("%d", &tmp);\n            r[tmp]++;\n        }\n\n        int ans = 0;\n        // Counting pairs of the same number\n        for (int i = 0; i <= 100; i++) {\n            if (i + i > s) ans += (r[i] * (r[i] - 1)) / 2;\n        }\n        // Counting pairs of different numbers\n        for (int i = 0; i <= 100; i++) {\n            if (r[i] > 0) {\n                for (int j = i + 1; j <= 100; j++) {\n                    if (r[j] > 0 && i + j > s) {\n                        ans += r[i] * r[j];\n                    }\n                }\n            }\n        }\n        printf("%d\\n", ans);\n    }\n    return 0;\n}')"

2025-01-26 23:50:40,167	[INFO]	Step: 29
2025-01-26 23:50:40,167	[INFO]	Stop Steps: 50
2025-01-26 23:50:40,453	[DEBUG]	EXEC>  SUCCESS 1009665.9375
2025-01-26 23:50:40,454	[INFO]	2-10    SUCCESS               1009665.94 (42.51%) [2 edit(s)]  
2025-01-26 23:50:40,454	[DEBUG]	patch(2-10)="LineLLMMutation(('source.cpp', 2), '#include <cstdio>\nusing namespace std;\n\nint main() {\n    int n, s;\n    while (scanf("%d %d", &n, &s) == 2 && n) {\n        int r[101] = {0};\n        for (int i = 0; i < n; i++) {\n            int tmp;\n            scanf("%d", &tmp);\n            r[tmp]++;\n        }\n\n        int ans = 0;\n        for (int i = 0; i <= 100; i++) {\n            if (i + i > s) ans += (r[i] * (r[i] - 1)) / 2;\n            for (int j = i + 1; j <= 100; j++) {\n                if (i + j > s) ans += r[i] * r[j];\n            }\n        }\n        printf("%d\\n", ans);\n    }\n    return 0;\n}') | LineLLMMutation(('source.cpp', 17), '#include <cstdio>\nusing namespace std;\n\nint main() {\n    int n, s;\n    while (scanf("%d %d", &n, &s) == 2 && n) {\n        int r[101] = {0};\n        for (int i = 0; i < n; i++) {\n            int tmp;\n            scanf("%d", &tmp);\n            r[tmp]++;\n        }\n\n        int ans = 0;\n        for (int i = 0; i <= 100; i++) {\n            if (i + i > s) ans += (r[i] * (r[i] - 1)) / 2;\n        }\n        for (int i = 1; i <= 100; i++) {\n            for (int j = 0; j < i; j++) {\n                if (i + j > s) ans += r[i] * r[j];\n            }\n        }\n        printf("%d\\n", ans);\n    }\n    return 0;\n}')"
2025-01-26 23:50:40,454	[INFO]	Step: 30
2025-01-26 23:50:40,454	[INFO]	Stop Steps: 50
2025-01-26 23:50:40,588	[INFO]	2-1     TEST_CODE_ERROR       None (--) [3 edit(s)]  
2025-01-26 23:50:40,588	[DEBUG]	patch(2-1)="LineLLMMutation(('source.cpp', 3), '#include <cstdio>\nusing namespace std;\n\nint main() {\n    int n, s;\n    while (scanf("%d %d", &n, &s) == 2 && n) {\n        int r[101] = {0};\n        for (int i = 0; i < n; i++) {\n            int tmp;\n            scanf("%d", &tmp);\n            r[tmp]++;\n        }\n\n        int ans = 0;\n        for (int i = 0; i <= 100; i++) {\n            if (i + i > s) ans += (r[i] * (r[i] - 1)) / 2;\n        }\n        for (int i = 0; i <= 100; i++) {\n            for (int j = i + 1; j <= 100; j++) {\n                if (i + j > s) ans += r[i] * r[j];\n            }\n        }\n        printf("%d\\n", ans);\n    }\n    return 0;\n}') | LineLLMMutation(('source.cpp', 13), '#include <cstdio>\nusing namespace std;\n\nint main() {\n    int n, s;\n    while (scanf("%d %d", &n, &s) == 2 && n) {\n        int r[101] = {0};\n        for (int i = 0; i < n; i++) {\n            int tmp;\n            scanf("%d", &tmp);\n            r[tmp]++;\n        }\n\n        int ans = 0;\n        // Count pairs of the same element\n        for (int i = 0; i <= 100; i++) {\n            if (i + i > s) ans += (r[i] * (r[i] - 1)) / 2;\n        }\n\n        // Count pairs of different elements\n        for (int i = 0; i <= 100; i++) {\n            if (r[i] == 0) continue; // Skip if no elements of this kind\n            for (int j = i + 1; j <= 100; j++) {\n                if (r[j] > 0 && (i + j > s)) {\n                    ans += r[i] * r[j];\n                }\n            }\n        }\n        printf("%d\\n", ans);\n    }\n    return 0;\n}') | LineLLMMutation(('source.cpp', 18), '#include <cstdio>\nusing namespace std;\n\nint main() {\n    int n, s;\n    while (scanf("%d %d", &n, &s) == 2 && n) {\n        int r[101] = {0};\n        for (int i = 0; i < n; i++) {\n            int tmp;\n            scanf("%d", &tmp);\n            r[tmp]++;\n        }\n\n        int ans = 0;\n        // Count pairs of the same element\n        for (int i = 0; i <= 100; i++) {\n            if (i + i > s) ans += (r[i] * (r[i] - 1)) / 2;\n        }\n\n        // Optimized counting pairs of different elements\n        for (int i = 0; i <= 100; i++) {\n            if (r[i] == 0) continue; // Skip if no elements of this kind\n            for (int j = i + 1; j <= 100 && (i + j <= s); j++) {\n                // Only count if the sum does not exceed s\n                if (r[j] > 0) {\n                    ans += r[i] * r[j];\n                }\n            }\n        }\n        printf("%d\\n", ans);\n    }\n    return 0;\n}')"
2025-01-26 23:50:40,589	[INFO]	Step: 31
2025-01-26 23:50:40,589	[INFO]	Stop Steps: 50
2025-01-26 23:50:41,066	[DEBUG]	EXEC>  SUCCESS 2445134.8125
2025-01-26 23:50:41,066	[INFO]	2-2     SUCCESS               2445134.81 (102.95%) [1 edit(s)]  
2025-01-26 23:50:41,066	[DEBUG]	patch(2-2)="LineLLMMutation(('source.cpp', 19), '#include<iostream>\nusing namespace std;\n\nmain(){\n  int n,s;\n  while(cin>>n>>s && n){\n    int r[101]={0};\n    for(int i=0;i<n;i++){\n      int tmp;cin>>tmp;r[tmp]++;\n    }\n    int ans = 0;\n    for(int i=0;i<101;i++){\n      if (i+i > s && r[i])ans += (r[i]*(r[i]-1))/2;\n      for(int j=i+1;j<101;j++){\n        if (i+j > s && r[i] && r[j])ans += r[i]*r[j];\n      }\n    }\n    cout << ans << endl;\n  }\n}')"
2025-01-26 23:50:41,066	[INFO]	Step: 32
2025-01-26 23:50:41,066	[INFO]	Stop Steps: 50
2025-01-26 23:50:42,555	[DEBUG]	EXEC>  SUCCESS 2393524.25
2025-01-26 23:50:42,555	[INFO]	REF     SUCCESS               2393524.25 (--) [0 edit(s)]  
2025-01-26 23:50:42,555	[INFO]	Best patch: 3_16
2025-01-26 23:50:42,845	[DEBUG]	EXEC>  SUCCESS 957897.6875
2025-01-26 23:50:42,845	[INFO]	BEST    SUCCESS              *957897.69 (40.02%) [0 edit(s)]  
2025-01-26 23:50:42,845	[INFO]	Best patch step: 28
2025-01-26 23:51:33,251	[INFO]	Step: 32
2025-01-26 23:51:33,251	[INFO]	Stop Steps: 50
2025-01-26 23:51:33,665	[DEBUG]	EXEC>  SUCCESS 948326.375
2025-01-26 23:51:33,665	[INFO]	3-3     SUCCESS              *948326.38 (39.62%) [2 edit(s)]  
2025-01-26 23:51:33,665	[DEBUG]	patch(3-3)="LineLLMCrossover(('source.cpp', 3), '#include <cstdio>\nusing namespace std;\n\nint main() {\n    int n, s;\n    while (scanf("%d %d", &n, &s) == 2 && n) {\n        int r[101] = {0};\n        for (int i = 0; i < n; i++) {\n            int tmp;\n            scanf("%d", &tmp);\n            r[tmp]++;\n        }\n\n        int ans = 0;\n        // Counting pairs of the same number\n        for (int i = 0; i <= 100; i++) {\n            if (i + i > s) ans += (r[i] * (r[i] - 1)) / 2;\n        }\n        // Counting pairs of different numbers\n        for (int i = 0; i <= 100; i++) {\n            for (int j = i + 1; j <= 100; j++) {\n                if (i + j > s) ans += r[i] * r[j];\n            }\n        }\n        printf("%d\\n", ans);\n    }\n    return 0;\n}') | LineLLMMutation(('source.cpp', 16), '#include <cstdio>\nusing namespace std;\n\nint main() {\n    int n, s;\n    while (scanf("%d %d", &n, &s) == 2 && n) {\n        int r[101] = {0};\n        for (int i = 0; i < n; i++) {\n            int tmp;\n            scanf("%d", &tmp);\n            r[tmp]++;\n        }\n\n        int ans = 0;\n        // Counting pairs of the same number\n        for (int i = 0; i <= 100; i++) {\n            if (i + i > s) ans += (r[i] * (r[i] - 1)) / 2;\n        }\n        // Counting pairs of different numbers\n        for (int i = 0; i <= 100; i++) {\n            if (r[i] > 0) {\n                for (int j = i + 1; j <= 100; j++) {\n                    if (r[j] > 0 && i + j > s) {\n                        ans += r[i] * r[j];\n                    }\n                }\n            }\n        }\n        printf("%d\\n", ans);\n    }\n    return 0;\n}')"

2025-01-26 23:51:33,665	[INFO]	Step: 33
2025-01-26 23:51:33,666	[INFO]	Stop Steps: 50
2025-01-26 23:51:33,953	[DEBUG]	EXEC>  SUCCESS 936987.4375
2025-01-26 23:51:33,953	[INFO]	3-4     SUCCESS              *936987.44 (39.15%) [1 edit(s)]  
2025-01-26 23:51:33,953	[DEBUG]	patch(3-4)="LineLLMCrossover(('source.cpp', 6), '#include <cstdio>\nusing namespace std;\n\nint main() {\n    int n, s;\n    while (scanf("%d %d", &n, &s) == 2 && n) {\n        int r[101] = {0};\n        for (int i = 0; i < n; i++) {\n            int tmp;\n            scanf("%d", &tmp);\n            r[tmp]++;\n        }\n\n        int ans = 0;\n        // Count pairs of different elements\n        for (int i = 0; i <= 100; i++) {\n            if (r[i] == 0) continue; // Skip if no elements of this kind\n            for (int j = i + 1; j <= 100; j++) {\n                if (r[j] > 0 && (i + j > s)) {\n                    ans += r[i] * r[j];\n                }\n            }\n        }\n        // Count pairs of the same element\n        for (int i = 0; i <= 100; i++) {\n            if (i + i > s) ans += (r[i] * (r[i] - 1)) / 2;\n        }\n        printf("%d\\n", ans);\n    }\n    return 0;\n}')"

2025-01-26 23:51:33,953	[INFO]	Step: 34
2025-01-26 23:51:33,953	[INFO]	Stop Steps: 50
2025-01-26 23:51:34,244	[DEBUG]	EXEC>  SUCCESS 967214.5625
2025-01-26 23:51:34,244	[INFO]	3-5     SUCCESS               967214.56 (40.41%) [1 edit(s)]  
2025-01-26 23:51:34,244	[DEBUG]	patch(3-5)="LineLLMCrossover(('source.cpp', 8), '#include <cstdio>\nusing namespace std;\n\nint main() {\n    int n, s;\n    while (scanf("%d %d", &n, &s) == 2 && n) {\n        int r[101] = {0};\n        for (int i = 0; i < n; i++) {\n            int tmp;\n            scanf("%d", &tmp);\n            r[tmp]++;\n        }\n\n        int ans = 0;\n        // Counting pairs of the same number\n        for (int i = 0; i <= 100; i++) {\n            if (i + i > s) ans += (r[i] * (r[i] - 1)) / 2;\n        }\n        // Count pairs of different elements\n        for (int i = 0; i <= 100; i++) {\n            if (r[i] > 0) {\n                for (int j = i + 1; j <= 100; j++) {\n                    if (r[j] > 0 && (i + j > s)) {\n                        ans += r[i] * r[j];\n                    }\n                }\n            }\n        }\n        printf("%d\\n", ans);\n    }\n    return 0;\n}')"
2025-01-26 23:51:34,244	[INFO]	Step: 35
2025-01-26 23:51:34,244	[INFO]	Stop Steps: 50
2025-01-26 23:51:34,540	[DEBUG]	EXEC>  SUCCESS 967536.875
2025-01-26 23:51:34,541	[INFO]	3-6     SUCCESS               967536.88 (40.42%) [1 edit(s)]  
2025-01-26 23:51:34,541	[DEBUG]	patch(3-6)="LineLLMCrossover(('source.cpp', 9), '#include <cstdio>\nusing namespace std;\n\nint main() {\n    int n, s;\n    while (scanf("%d %d", &n, &s) == 2 && n) {\n        int r[101] = {0};\n        for (int i = 0; i < n; i++) {\n            int tmp;\n            scanf("%d", &tmp);\n            r[tmp]++;\n        }\n\n        int ans = 0;\n        // Optimize the pair counting with a single loop\n        for (int i = 0; i <= 100; i++) {\n            if (i + i > s) ans += (r[i] * (r[i] - 1)) / 2; // counting pairs of the same number\n        }\n\n        for (int i = 0; i <= 100; i++) {\n            if (r[i] > 0) {\n                for (int j = i + 1; j <= 100; j++) {\n                    if (r[j] > 0 && i + j > s) {\n                        ans += r[i] * r[j]; // counting pairs of different numbers\n                    }\n                }\n            }\n        }\n        printf("%d\\n", ans);\n    }\n    return 0;\n}')"
2025-01-26 23:51:34,541	[INFO]	Step: 36
2025-01-26 23:51:34,541	[INFO]	Stop Steps: 50
2025-01-26 23:51:34,846	[DEBUG]	EXEC>  SUCCESS 1010181.375
2025-01-26 23:51:34,846	[INFO]	3-7     SUCCESS               1010181.38 (42.20%) [1 edit(s)]  
2025-01-26 23:51:34,847	[DEBUG]	patch(3-7)="LineLLMCrossover(('source.cpp', 10), '#include <cstdio>\nusing namespace std;\n\nint main() {\n    int n, s;\n    while (scanf("%d %d", &n, &s) == 2 && n) {\n        int r[101] = {0};\n        for (int i = 0; i < n; i++) {\n            int tmp;\n            scanf("%d", &tmp);\n            r[tmp]++;\n        }\n\n        int ans = 0;\n        // Counting pairs of different elements\n        for (int i = 0; i <= 100; i++) {\n            if (r[i] == 0) continue; // Skip if no elements of this kind\n            for (int j = i + 1; j <= 100; j++) {\n                if (r[j] > 0 && (i + j > s)) {\n                    ans += r[i] * r[j];\n                }\n            }\n        }\n        // Count pairs of the same element\n        for (int i = 0; i <= 100; i++) {\n            if (i + i > s) ans += (r[i] * (r[i] - 1)) / 2;\n        }\n        printf("%d\\n", ans);\n    }\n    return 0;\n}')"
2025-01-26 23:51:34,847	[INFO]	Step: 37
2025-01-26 23:51:34,847	[INFO]	Stop Steps: 50
2025-01-26 23:51:35,131	[DEBUG]	EXEC>  SUCCESS 970767.75
2025-01-26 23:51:35,131	[INFO]	3-8     SUCCESS               970767.75 (40.56%) [1 edit(s)]  
2025-01-26 23:51:35,131	[DEBUG]	patch(3-8)="LineLLMCrossover(('source.cpp', 11), '#include <cstdio>\nusing namespace std;\n\nint main() {\n    int n, s;\n    while (scanf("%d %d", &n, &s) == 2 && n) {\n        int r[101] = {0};\n        for (int i = 0; i < n; i++) {\n            int tmp;\n            scanf("%d", &tmp);\n            r[tmp]++;\n        }\n\n        int ans = 0;\n        // Count pairs of the same element\n        for (int i = 0; i <= 100; i++) {\n            if (i + i > s) ans += (r[i] * (r[i] - 1)) / 2; // same pairs\n        }\n        // Count pairs of different elements\n        for (int i = 0; i <= 100; i++) {\n            if (r[i] > 0) {\n                for (int j = i + 1; j <= 100; j++) {\n                    if (i + j > s) ans += r[i] * r[j]; // different pairs\n                }\n            }\n        }\n        printf("%d\\n", ans);\n    }\n    return 0;\n}')"
2025-01-26 23:51:35,131	[INFO]	Step: 38
2025-01-26 23:51:35,131	[INFO]	Stop Steps: 50
2025-01-26 23:51:35,423	[DEBUG]	EXEC>  SUCCESS 972229.125
2025-01-26 23:51:35,424	[INFO]	3-9     SUCCESS               972229.12 (40.62%) [3 edit(s)]  
2025-01-26 23:51:35,424	[DEBUG]	patch(3-9)="LineLLMCrossover(('source.cpp', 3), '#include <cstdio>\nusing namespace std;\n\nint main() {\n    int n, s;\n    while (scanf("%d %d", &n, &s) == 2 && n) {\n        int r[101] = {0};\n        for (int i = 0; i < n; i++) {\n            int tmp;\n            scanf("%d", &tmp);\n            r[tmp]++;\n        }\n\n        int ans = 0;\n        // Counting pairs of the same number\n        for (int i = 0; i <= 100; i++) {\n            if (i + i > s) ans += (r[i] * (r[i] - 1)) / 2;\n        }\n        // Counting pairs of different numbers\n        for (int i = 0; i <= 100; i++) {\n            for (int j = i + 1; j <= 100; j++) {\n                if (i + j > s) ans += r[i] * r[j];\n            }\n        }\n        printf("%d\\n", ans);\n    }\n    return 0;\n}') | LineLLMMutation(('source.cpp', 16), '#include <cstdio>\nusing namespace std;\n\nint main() {\n    int n, s;\n    while (scanf("%d %d", &n, &s) == 2 && n) {\n        int r[101] = {0};\n        for (int i = 0; i < n; i++) {\n            int tmp;\n            scanf("%d", &tmp);\n            r[tmp]++;\n        }\n\n        int ans = 0;\n        // Counting pairs of the same number\n        for (int i = 0; i <= 100; i++) {\n            if (i + i > s) ans += (r[i] * (r[i] - 1)) / 2;\n        }\n        // Counting pairs of different numbers\n        for (int i = 0; i <= 100; i++) {\n            if (r[i] > 0) {\n                for (int j = i + 1; j <= 100; j++) {\n                    if (r[j] > 0 && i + j > s) {\n                        ans += r[i] * r[j];\n                    }\n                }\n            }\n        }\n        printf("%d\\n", ans);\n    }\n    return 0;\n}') | LineLLMMutation(('source.cpp', 20), '#include <cstdio>\nusing namespace std;\n\nint main() {\n    int n, s;\n    while (scanf("%d %d", &n, &s) == 2 && n) {\n        int r[101] = {0};\n        for (int i = 0; i < n; i++) {\n            int tmp;\n            scanf("%d", &tmp);\n            r[tmp]++;\n        }\n\n        int ans = 0;\n        // Counting pairs of the same number\n        for (int i = 0; i <= 100; i++) {\n            if (i + i > s) ans += (r[i] * (r[i] - 1)) / 2;\n        }\n        // Counting pairs of different numbers optimized\n        for (int i = 0; i <= 100; i++) {\n            if (r[i] > 0) {\n                for (int j = s - i + 1; j <= 100; j++) {\n                    if (j > i && r[j] > 0) {\n                        ans += r[i] * r[j];\n                    }\n                }\n            }\n        }\n        printf("%d\\n", ans);\n    }\n    return 0;\n}')"
2025-01-26 23:51:35,424	[INFO]	Step: 39
2025-01-26 23:51:35,424	[INFO]	Stop Steps: 50
2025-01-26 23:51:35,575	[INFO]	3-10    TEST_CODE_ERROR       None (--) [2 edit(s)]  
2025-01-26 23:51:35,575	[DEBUG]	patch(3-10)="LineLLMCrossover(('source.cpp', 6), '#include <cstdio>\nusing namespace std;\n\nint main() {\n    int n, s;\n    while (scanf("%d %d", &n, &s) == 2 && n) {\n        int r[101] = {0};\n        for (int i = 0; i < n; i++) {\n            int tmp;\n            scanf("%d", &tmp);\n            r[tmp]++;\n        }\n\n        int ans = 0;\n        // Count pairs of different elements\n        for (int i = 0; i <= 100; i++) {\n            if (r[i] == 0) continue; // Skip if no elements of this kind\n            for (int j = i + 1; j <= 100; j++) {\n                if (r[j] > 0 && (i + j > s)) {\n                    ans += r[i] * r[j];\n                }\n            }\n        }\n        // Count pairs of the same element\n        for (int i = 0; i <= 100; i++) {\n            if (i + i > s) ans += (r[i] * (r[i] - 1)) / 2;\n        }\n        printf("%d\\n", ans);\n    }\n    return 0;\n}') | LineLLMMutation(('source.cpp', 21), '#include <cstdio>\nusing namespace std;\n\nint main() {\n    int n, s;\n    while (scanf("%d %d", &n, &s) == 2 && n) {\n        int r[101] = {0};\n        for (int i = 0; i < n; i++) {\n            int tmp;\n            scanf("%d", &tmp);\n            r[tmp]++;\n        }\n\n        int ans = 0;\n        // Count pairs of different elements\n        for (int i = 0; i <= 100; i++) {\n            if (r[i] == 0) continue; // Skip if no elements of this kind\n            for (int j = i + 1; j <= 100; j++) {\n                if (r[j] > 0 && (i + j > s)) {\n                    ans += r[i] * r[j];\n                }\n            }\n        }\n        \n        // Count pairs of the same element optimized\n        for (int i = 0; i <= 100; i++) {\n            if (i + i > s) {\n                ans += (r[i] * (r[i] - 1)) / 2;\n            }\n        }\n\n        // Instead of using nested loops, we can use a single loop\n        for (int i = 0; i <= 100; i++) {\n            for (int j = i + 1; j <= 100; j++) {\n                if (r[i] > 0 && r[j] > 0 && (i + j > s)) {\n                    ans += r[i] * r[j];\n                }\n            }\n        }\n        \n        printf("%d\\n", ans);\n    }\n    return 0;\n}')"
2025-01-26 23:51:35,575	[INFO]	Step: 40
2025-01-26 23:51:35,575	[INFO]	Stop Steps: 50
2025-01-26 23:51:35,705	[INFO]	3-1     TEST_CODE_ERROR       None (--) [3 edit(s)]  
2025-01-26 23:51:35,705	[DEBUG]	patch(3-1)="LineLLMCrossover(('source.cpp', 0), '#include <cstdio>\nusing namespace std;\n\nint main() {\n    int n, s;\n    while (scanf("%d %d", &n, &s) == 2 && n) {\n        int r[101] = {0};\n        for (int i = 0; i < n; i++) {\n            int tmp;\n            scanf("%d", &tmp);\n            r[tmp]++;\n        }\n\n        int ans = 0;\n        for (int i = 0; i <= 100; i++) {\n            if (i + i > s) ans += (r[i] * (r[i] - 1)) / 2; // counting pairs of the same number\n        }\n        for (int i = 0; i <= 100; i++) {\n            for (int j = i + 1; j <= 100; j++) {\n                if (i + j > s) ans += r[i] * r[j]; // counting pairs of different numbers\n            }\n        }\n        printf("%d\\n", ans);\n    }\n    return 0;\n}') | LineLLMMutation(('source.cpp', 15), '#include <cstdio>\nusing namespace std;\n\nint main() {\n    int n, s;\n    while (scanf("%d %d", &n, &s) == 2 && n) {\n        int r[101] = {0};\n        for (int i = 0; i < n; i++) {\n            int tmp;\n            scanf("%d", &tmp);\n            r[tmp]++;\n        }\n\n        int ans = 0;\n        for (int i = 0; i <= 100; i++) {\n            if (i + i > s) ans += (r[i] * (r[i] - 1)) / 2; // counting pairs of the same number\n        }\n\n        // Optimize the pair counting with a single loop\n        for (int i = 0; i <= 100; i++) {\n            if (r[i] > 0) {\n                for (int j = i + 1; j <= 100; j++) {\n                    if (r[j] > 0 && i + j > s) {\n                        ans += r[i] * r[j]; // counting pairs of different numbers\n                    }\n                }\n            }\n        }\n        printf("%d\\n", ans);\n    }\n    return 0;\n}') | LineLLMMutation(('source.cpp', 22), '#include <cstdio>\nusing namespace std;\n\nint main() {\n    int n, s;\n    while (scanf("%d %d", &n, &s) == 2 && n) {\n        int r[101] = {0};\n        for (int i = 0; i < n; i++) {\n            int tmp;\n            scanf("%d", &tmp);\n            r[tmp]++;\n        }\n\n        int ans = 0;\n        for (int i = 0; i <= 100; i++) {\n            if (i + i > s) ans += (r[i] * (r[i] - 1)) / 2; // counting pairs of the same number\n        }\n\n        // Optimize the pair counting with a single loop and two pointers\n        for (int i = 0, j = 100; i < j;) {\n            if (i + j > s) {\n                ans += r[i] * r[j]; // counting pairs of different numbers\n                j--; // move the right pointer leftward\n            } else {\n                i++; // move the left pointer rightward\n            }\n        }\n        printf("%d\\n", ans);\n    }\n    return 0;\n}')"
2025-01-26 23:51:35,705	[INFO]	Step: 41
2025-01-26 23:51:35,705	[INFO]	Stop Steps: 50
2025-01-26 23:51:35,990	[DEBUG]	EXEC>  SUCCESS 952600.4375
2025-01-26 23:51:35,991	[INFO]	3-2     SUCCESS               952600.44 (39.80%) [2 edit(s)]  
2025-01-26 23:51:35,991	[DEBUG]	patch(3-2)="LineLLMCrossover(('source.cpp', 5), '#include <cstdio>\nusing namespace std;\n\nint main() {\n    int n, s;\n    while (scanf("%d %d", &n, &s) == 2 && n) {\n        int r[101] = {0};\n        for (int i = 0; i < n; i++) {\n            int tmp;\n            scanf("%d", &tmp);\n            r[tmp]++;\n        }\n\n        int ans = 0;\n\n        // Count pairs of the same element\n        for (int i = 0; i <= 100; i++) {\n            if (i + i > s) ans += (r[i] * (r[i] - 1)) / 2; // same pairs\n            for (int j = i + 1; j <= 100; j++) {\n                if (i + j > s) ans += r[i] * r[j]; // different pairs\n            }\n        }\n        printf("%d\\n", ans);\n    }\n    return 0;\n}') | LineLLMMutation(('source.cpp', 23), '#include <cstdio>\nusing namespace std;\n\nint main() {\n    int n, s;\n    while (scanf("%d %d", &n, &s) == 2 && n) {\n        int r[101] = {0};\n        for (int i = 0; i < n; i++) {\n            int tmp;\n            scanf("%d", &tmp);\n            r[tmp]++;\n        }\n\n        int ans = 0;\n\n        // Count pairs of the same element and different elements in a single loop\n        for (int i = 0; i <= 100; i++) {\n            if (r[i] > 1) {\n                if (i + i > s) \n                    ans += (r[i] * (r[i] - 1)) / 2; // same pairs\n            }\n            for (int j = i + 1; j <= 100; j++) {\n                if (i + j > s) \n                    ans += r[i] * r[j]; // different pairs\n            }\n        }\n        printf("%d\\n", ans);\n    }\n    return 0;\n}')"
2025-01-26 23:51:35,991	[INFO]	Step: 42
2025-01-26 23:51:35,991	[INFO]	Stop Steps: 50
2025-01-26 23:51:36,476	[DEBUG]	EXEC>  SUCCESS 2464622.0
2025-01-26 23:51:36,476	[INFO]	3-3     SUCCESS               2464622.00 (102.97%) [1 edit(s)]  
2025-01-26 23:51:36,476	[DEBUG]	patch(3-3)="LineLLMMutation(('source.cpp', 24), '#include<iostream>\n\nusing namespace std;\n\nmain(){\n\n  int n,s;\n\n  while(cin>>n>>s && n){\n\n    int r[101]={0};\n\n    for(int i=0;i<n;i++){\n\n      int tmp;cin>>tmp;r[tmp]++;\n\n    }\n\n    int ans = 0;\n\n    for(int i=0;i<101;i++){\n\n      if (i+i > s && r[i])ans += (r[i]*(r[i]-1))/2;\n\n      for(int j=i+1;j<101;j++){\n\n\tif (i+j > s && r[i] && r[j])ans += r[i]*r[j];\n\n      }\n\n    }\n\n    cout << ans << endl;\n\n  }\n\n}')"
2025-01-26 23:51:36,476	[INFO]	Step: 43
2025-01-26 23:51:36,476	[INFO]	Stop Steps: 50
2025-01-26 23:51:37,964	[DEBUG]	EXEC>  SUCCESS 2376705.375
2025-01-26 23:51:37,964	[INFO]	REF     SUCCESS               2376705.38 (--) [0 edit(s)]  
2025-01-26 23:51:37,964	[INFO]	Best patch: 6
2025-01-26 23:51:38,262	[DEBUG]	EXEC>  SUCCESS 948270.125
2025-01-26 23:51:38,262	[INFO]	BEST    SUCCESS              *948270.12 (39.90%) [0 edit(s)]  
2025-01-26 23:51:38,262	[INFO]	Best patch step: 33
2025-01-26 23:52:21,831	[INFO]	Step: 43
2025-01-26 23:52:21,831	[INFO]	Stop Steps: 50
2025-01-26 23:52:22,252	[DEBUG]	EXEC>  SUCCESS 942686.375
2025-01-26 23:52:22,253	[INFO]	4-4     SUCCESS              *942686.38 (39.66%) [1 edit(s)]  
2025-01-26 23:52:22,253	[DEBUG]	patch(4-4)="LineLLMCrossover(('source.cpp', 6), '#include <cstdio>\nusing namespace std;\n\nint main() {\n    int n, s;\n    while (scanf("%d %d", &n, &s) == 2 && n) {\n        int r[101] = {0};\n        for (int i = 0; i < n; i++) {\n            int tmp;\n            scanf("%d", &tmp);\n            r[tmp]++;\n        }\n\n        int ans = 0;\n        // Count pairs of different elements\n        for (int i = 0; i <= 100; i++) {\n            if (r[i] == 0) continue; // Skip if no elements of this kind\n            for (int j = i + 1; j <= 100; j++) {\n                if (r[j] > 0 && (i + j > s)) {\n                    ans += r[i] * r[j];\n                }\n            }\n        }\n        // Count pairs of the same element\n        for (int i = 0; i <= 100; i++) {\n            if (i + i > s) ans += (r[i] * (r[i] - 1)) / 2;\n        }\n        printf("%d\\n", ans);\n    }\n    return 0;\n}')"

2025-01-26 23:52:22,253	[INFO]	Step: 44
2025-01-26 23:52:22,253	[INFO]	Stop Steps: 50
2025-01-26 23:52:22,545	[DEBUG]	EXEC>  SUCCESS 949499.125
2025-01-26 23:52:22,546	[INFO]	4-5     SUCCESS               949499.12 (39.95%) [2 edit(s)]  
2025-01-26 23:52:22,546	[DEBUG]	patch(4-5)="LineLLMCrossover(('source.cpp', 3), '#include <cstdio>\nusing namespace std;\n\nint main() {\n    int n, s;\n    while (scanf("%d %d", &n, &s) == 2 && n) {\n        int r[101] = {0};\n        for (int i = 0; i < n; i++) {\n            int tmp;\n            scanf("%d", &tmp);\n            r[tmp]++;\n        }\n\n        int ans = 0;\n        // Counting pairs of the same number\n        for (int i = 0; i <= 100; i++) {\n            if (i + i > s) ans += (r[i] * (r[i] - 1)) / 2;\n        }\n        // Counting pairs of different numbers\n        for (int i = 0; i <= 100; i++) {\n            for (int j = i + 1; j <= 100; j++) {\n                if (i + j > s) ans += r[i] * r[j];\n            }\n        }\n        printf("%d\\n", ans);\n    }\n    return 0;\n}') | LineLLMMutation(('source.cpp', 16), '#include <cstdio>\nusing namespace std;\n\nint main() {\n    int n, s;\n    while (scanf("%d %d", &n, &s) == 2 && n) {\n        int r[101] = {0};\n        for (int i = 0; i < n; i++) {\n            int tmp;\n            scanf("%d", &tmp);\n            r[tmp]++;\n        }\n\n        int ans = 0;\n        // Counting pairs of the same number\n        for (int i = 0; i <= 100; i++) {\n            if (i + i > s) ans += (r[i] * (r[i] - 1)) / 2;\n        }\n        // Counting pairs of different numbers\n        for (int i = 0; i <= 100; i++) {\n            if (r[i] > 0) {\n                for (int j = i + 1; j <= 100; j++) {\n                    if (r[j] > 0 && i + j > s) {\n                        ans += r[i] * r[j];\n                    }\n                }\n            }\n        }\n        printf("%d\\n", ans);\n    }\n    return 0;\n}')"
2025-01-26 23:52:22,546	[INFO]	Step: 45
2025-01-26 23:52:22,546	[INFO]	Stop Steps: 50
2025-01-26 23:52:22,829	[DEBUG]	EXEC>  SUCCESS 968248.9375
2025-01-26 23:52:22,829	[INFO]	4-6     SUCCESS               968248.94 (40.74%) [1 edit(s)]  
2025-01-26 23:52:22,829	[DEBUG]	patch(4-6)="LineLLMCrossover(('source.cpp', 12), '#include <cstdio>\nusing namespace std;\n\nint main() {\n    int n, s;\n    while (scanf("%d %d", &n, &s) == 2 && n) {\n        int r[101] = {0};\n        for (int i = 0; i < n; i++) {\n            int tmp;\n            scanf("%d", &tmp);\n            r[tmp]++;\n        }\n\n        int ans = 0;\n        // Count pairs of the same element and different elements in a single loop\n        for (int i = 0; i <= 100; i++) {\n            if (r[i] > 1 && i + i > s) \n                ans += (r[i] * (r[i] - 1)) / 2; // same pairs\n            for (int j = i + 1; j <= 100; j++) {\n                if (i + j > s) \n                    ans += r[i] * r[j]; // different pairs\n            }\n        }\n        printf("%d\\n", ans);\n    }\n    return 0;\n}')"
2025-01-26 23:52:22,829	[INFO]	Step: 46
2025-01-26 23:52:22,829	[INFO]	Stop Steps: 50
2025-01-26 23:52:23,122	[DEBUG]	EXEC>  SUCCESS 962713.875
2025-01-26 23:52:23,122	[INFO]	4-7     SUCCESS               962713.88 (40.51%) [1 edit(s)]  
2025-01-26 23:52:23,122	[DEBUG]	patch(4-7)="LineLLMCrossover(('source.cpp', 13), '#include <cstdio>\nusing namespace std;\n\nint main() {\n    int n, s;\n    while (scanf("%d %d", &n, &s) == 2 && n) {\n        int r[101] = {0};\n        for (int i = 0; i < n; i++) {\n            int tmp;\n            scanf("%d", &tmp);\n            r[tmp]++;\n        }\n\n        int ans = 0;\n        // Counting pairs of the same number\n        for (int i = 0; i <= 100; i++) {\n            if (i + i > s) ans += (r[i] * (r[i] - 1)) / 2; // same pairs\n        }\n        // Count pairs of different elements\n        for (int i = 0; i <= 100; i++) {\n            if (r[i] > 0) {\n                for (int j = i + 1; j <= 100; j++) {\n                    if (r[j] > 0 && (i + j > s)) {\n                        ans += r[i] * r[j];\n                    }\n                }\n            }\n        }\n        printf("%d\\n", ans);\n    }\n    return 0;\n}')"
2025-01-26 23:52:23,122	[INFO]	Step: 47
2025-01-26 23:52:23,122	[INFO]	Stop Steps: 50
2025-01-26 23:52:23,418	[DEBUG]	EXEC>  SUCCESS 999675.125
2025-01-26 23:52:23,418	[INFO]	4-8     SUCCESS               999675.12 (42.06%) [1 edit(s)]  
2025-01-26 23:52:23,418	[DEBUG]	patch(4-8)="LineLLMCrossover(('source.cpp', 14), '#include <cstdio>\nusing namespace std;\n\nint main() {\n    int n, s;\n    while (scanf("%d %d", &n, &s) == 2 && n) {\n        int r[101] = {0};\n        for (int i = 0; i < n; i++) {\n            int tmp;\n            scanf("%d", &tmp);\n            r[tmp]++;\n        }\n\n        int ans = 0;\n        // Count pairs of different elements and the same element\n        for (int i = 0; i <= 100; i++) {\n            if (r[i] > 1 && i + i > s) \n                ans += (r[i] * (r[i] - 1)) / 2; // same pairs\n            for (int j = i + 1; j <= 100; j++) {\n                if (i + j > s) \n                    ans += r[i] * r[j]; // different pairs\n            }\n        }\n        printf("%d\\n", ans);\n    }\n    return 0;\n}')"
2025-01-26 23:52:23,418	[INFO]	Step: 48
2025-01-26 23:52:23,418	[INFO]	Stop Steps: 50
2025-01-26 23:52:23,713	[DEBUG]	EXEC>  SUCCESS 948895.25
2025-01-26 23:52:23,714	[INFO]	4-9     SUCCESS               948895.25 (39.92%) [1 edit(s)]  
2025-01-26 23:52:23,714	[DEBUG]	patch(4-9)="LineLLMCrossover(('source.cpp', 15), '#include <cstdio>\nusing namespace std;\n\nint main() {\n    int n, s;\n    while (scanf("%d %d", &n, &s) == 2 && n) {\n        int r[101] = {0};\n        for (int i = 0; i < n; i++) {\n            int tmp;\n            scanf("%d", &tmp);\n            r[tmp]++;\n        }\n\n        int ans = 0;\n        // Counting pairs of the same number\n        for (int i = 0; i <= 100; i++) {\n            if (i + i > s) ans += (r[i] * (r[i] - 1)) / 2; // same pairs\n        }\n        // Count pairs of different elements\n        for (int i = 0; i <= 100; i++) {\n            if (r[i] > 0) {\n                for (int j = i + 1; j <= 100; j++) {\n                    if (r[j] > 0 && (i + j > s)) {\n                        ans += r[i] * r[j];\n                    }\n                }\n            }\n        }\n        printf("%d\\n", ans);\n    }\n    return 0;\n}')"
2025-01-26 23:52:23,714	[INFO]	Step: 49
2025-01-26 23:52:23,714	[INFO]	Stop Steps: 50
2025-01-26 23:52:24,020	[DEBUG]	EXEC>  SUCCESS 1009134.625
2025-01-26 23:52:24,020	[INFO]	4-10    SUCCESS               1009134.62 (42.46%) [2 edit(s)]  
2025-01-26 23:52:24,020	[DEBUG]	patch(4-10)="LineLLMCrossover(('source.cpp', 6), '#include <cstdio>\nusing namespace std;\n\nint main() {\n    int n, s;\n    while (scanf("%d %d", &n, &s) == 2 && n) {\n        int r[101] = {0};\n        for (int i = 0; i < n; i++) {\n            int tmp;\n            scanf("%d", &tmp);\n            r[tmp]++;\n        }\n\n        int ans = 0;\n        // Count pairs of different elements\n        for (int i = 0; i <= 100; i++) {\n            if (r[i] == 0) continue; // Skip if no elements of this kind\n            for (int j = i + 1; j <= 100; j++) {\n                if (r[j] > 0 && (i + j > s)) {\n                    ans += r[i] * r[j];\n                }\n            }\n        }\n        // Count pairs of the same element\n        for (int i = 0; i <= 100; i++) {\n            if (i + i > s) ans += (r[i] * (r[i] - 1)) / 2;\n        }\n        printf("%d\\n", ans);\n    }\n    return 0;\n}') | LineLLMMutation(('source.cpp', 25), '#include <cstdio>\nusing namespace std;\n\nint main() {\n    int n, s;\n    while (scanf("%d %d", &n, &s) == 2 && n) {\n        int r[101] = {0};\n        for (int i = 0; i < n; i++) {\n            int tmp;\n            scanf("%d", &tmp);\n            r[tmp]++;\n        }\n\n        int ans = 0;\n        // Count pairs of different elements in a single pass\n        for (int i = 0; i <= 100; i++) {\n            if (r[i] == 0) continue; // Skip if no elements of this kind\n            for (int j = i + 1; j <= 100; j++) {\n                if (r[j] > 0 && (i + j > s)) {\n                    ans += r[i] * r[j];\n                }\n            }\n        }\n        // Count pairs of the same element\n        for (int i = 0; i <= 100; i++) {\n            if (i + i > s) ans += (r[i] * (r[i] - 1)) / 2;\n        }\n        printf("%d\\n", ans);\n    }\n    return 0;\n}')"
2025-01-26 23:52:24,020	[INFO]	Step: 50
2025-01-26 23:52:24,020	[INFO]	Stop Steps: 50
2025-01-26 23:52:24,020	[INFO]	(Abstract Algorithm) Stopping Condition: step budget
2025-01-26 23:52:24,020	[INFO]	Step: 50
2025-01-26 23:52:24,020	[INFO]	Stop Steps: 50
2025-01-26 23:52:25,652	[INFO]	~~~~ END ~~~~
2025-01-26 23:52:25,653	[INFO]	Best patch step: 43
2025-01-26 23:52:25,653	[INFO]	
2025-01-26 23:52:25,653	[INFO]	==== REPORT ====
2025-01-26 23:52:25,653	[INFO]	Termination: step budget
2025-01-26 23:52:25,653	[INFO]	Log file: /home/ubuntu/eoc/magpie2/_magpie_logs/0245_1737935305.log
2025-01-26 23:52:25,653	[INFO]	Patch file: _magpie_logs/0245_1737935305.patch
2025-01-26 23:52:25,653	[INFO]	Diff file: _magpie_logs/0245_1737935305.diff
2025-01-26 23:52:25,653	[INFO]	Reference fitness: 2376705.38
2025-01-26 23:52:25,653	[INFO]	Best fitness: 942686.38
2025-01-26 23:52:25,653	[INFO]	
2025-01-26 23:52:25,654	[INFO]	==== BEST PATCH ====
LineLLMCrossover(('source.cpp', 6), '#include <cstdio>\nusing namespace std;\n\nint main() {\n    int n, s;\n    while (scanf("%d %d", &n, &s) == 2 && n) {\n        int r[101] = {0};\n        for (int i = 0; i < n; i++) {\n            int tmp;\n            scanf("%d", &tmp);\n            r[tmp]++;\n        }\n\n        int ans = 0;\n        // Count pairs of different elements\n        for (int i = 0; i <= 100; i++) {\n            if (r[i] == 0) continue; // Skip if no elements of this kind\n            for (int j = i + 1; j <= 100; j++) {\n                if (r[j] > 0 && (i + j > s)) {\n                    ans += r[i] * r[j];\n                }\n            }\n        }\n        // Count pairs of the same element\n        for (int i = 0; i <= 100; i++) {\n            if (i + i > s) ans += (r[i] * (r[i] - 1)) / 2;\n        }\n        printf("%d\\n", ans);\n    }\n    return 0;\n}')
2025-01-26 23:52:25,654	[INFO]	
2025-01-26 23:52:25,654	[INFO]	==== DIFF ====

